PASS test/scout/reconstruct/native/native-rules.spec.ts (9.865 s)
PASS test/scout/reconstruct/native/native-families.spec.ts
PASS test/scout/reconstruct/native/engine-handoff.spec.ts
[32m[Nest] 23302  - [39m09/25/2026, 5:18:50 AM [32m    LOG[39m [38;5;3m[ScoutReconstructService] [39m[32mscout.reconstruct completed {"intent_id":"intent-1","coach_id":"coach-a","staged":1,"reconstructed":1,"skipped":0,"failed":0}[39m
[32m[Nest] 23302  - [39m09/25/2026, 5:18:50 AM [32m    LOG[39m [38;5;3m[ScoutReconstructService] [39m[32mscout.reconstruct completed {"intent_id":"intent-1","coach_id":"coach-a","staged":1,"reconstructed":0,"skipped":1,"failed":0}[39m
[32m[Nest] 23302  - [39m09/25/2026, 5:18:50 AM [32m    LOG[39m [38;5;3m[ScoutReconstructService] [39m[32mscout.reconstruct completed {"intent_id":"intent-1","coach_id":"coach-a","staged":1,"reconstructed":1,"skipped":0,"failed":0}[39m
[32m[Nest] 23302  - [39m09/25/2026, 5:18:50 AM [32m    LOG[39m [38;5;3m[ScoutReconstructService] [39m[32mscout.reconstruct completed {"intent_id":"intent-1","coach_id":"coach-a","staged":1,"reconstructed":1,"skipped":0,"failed":0}[39m
[32m[Nest] 23302  - [39m09/25/2026, 5:18:50 AM [32m    LOG[39m [38;5;3m[ScoutReconstructService] [39m[32mscout.reconstruct completed {"intent_id":"intent-1","coach_id":"coach-a","staged":1,"reconstructed":1,"skipped":0,"failed":0}[39m
[32m[Nest] 23302  - [39m09/25/2026, 5:18:50 AM [32m    LOG[39m [38;5;3m[ScoutReconstructService] [39m[32mscout.reconstruct completed {"intent_id":"intent-1","coach_id":"coach-a","staged":1,"reconstructed":0,"skipped":1,"failed":0}[39m
[32m[Nest] 23302  - [39m09/25/2026, 5:18:50 AM [32m    LOG[39m [38;5;3m[ScoutReconstructService] [39m[32mscout.reconstruct completed {"intent_id":"intent-1","coach_id":"coach-a","staged":1,"reconstructed":1,"skipped":0,"failed":0}[39m
[32m[Nest] 23302  - [39m09/25/2026, 5:18:50 AM [32m    LOG[39m [38;5;3m[ScoutReconstructService] [39m[32mscout.reconstruct completed {"intent_id":"intent-1","coach_id":"coach-a","staged":2,"reconstructed":2,"skipped":0,"failed":0}[39m
[33m[Nest] 23302  - [39m09/25/2026, 5:18:50 AM [33m   WARN[39m [38;5;3m[ScoutReconstructService] [39m[33mscout.reconstruct completed with failures {"intent_id":"intent-1","coach_id":"coach-a","staged":1,"reconstructed":0,"skipped":0,"failed":1}[39m
FAIL test/scout/reconstruct/native/native-writers.spec.ts
  ● persistEvidence (workouts kept as evidence) › returns a failed verification as-is and writes nothing (plan gone or foreign)

    expect(received).toMatchObject(expected)

    - Expected  - 1
    + Received  + 1

      Object {
    -   "native_id": "workoutPlan-47",
    +   "native_id": "workoutPlanExercise-48",
        "outcome": "created",
      }

      485 |     if (!native.ok) throw new Error('setup');
      486 |     const created = { ...[...tx.provenance.values()][0] };
    > 487 |     expect(created).toMatchObject({ outcome: 'created', native_id: native.targetId });
          |                     ^
      488 |
      489 |     // Coach archived the plan → native_target_removed; no evidence row, provenance untouched.
      490 |     tx.plans.get(native.targetId)!.archived_at = new Date();

      at Object.<anonymous> (test/scout/reconstruct/native/native-writers.spec.ts:487:21)

Test Suites: 1 failed, 3 passed, 4 total
Tests:       1 failed, 43 passed, 44 total
Snapshots:   0 total
Time:        11.806 s
Ran all test suites within paths "test/scout/reconstruct/native/native-writers.spec.ts", "test/scout/reconstruct/native/native-rules.spec.ts", "test/scout/reconstruct/native/engine-handoff.spec.ts", "test/scout/reconstruct/native/native-families.spec.ts".
