== 2026-09-25T17:04:55Z preflight
pass | H4 deploy readiness | comment-deploy-readiness
pass | Migration Dry-Run | New migrations are reversible (or explicitly marked IRREVERSIBLE)
pass | H4 deploy readiness | test-deploy-readiness
pass | Dependency Audit | npm audit (high+critical, whole graph)
pass | pr-size-labeler | size-label
pass | Migration Dry-Run | Schema parity (deferred to BL-MIGRATION-REBASELINE)
pass | CI | build-and-test
pass | Migration Dry-Run | Forward migrations apply cleanly
pass | CI | rls-floor-guard
pass | CI | rls-live-tests
pass | CI | mwb-3-live-tests
skipping | H4 deploy readiness | deploy-readiness-gate
NONGREEN 0
remote integration/importer before: 93389265a846095b846fa8f1fb0dad782fb6ee9f
remote main before: c23b9d9f3fcc106b92c061ceb7d04d7ec53038d7
descendant: yes
tree 796f437f ok
== 2026-09-25T17:04:58Z gh pr ready 539
✓ Pull request BradleyGleavePortfolio/growth-project-backend#539 is marked as "ready for review"
ready rc=0
{"isDraft":false,"state":"OPEN"}
== 2026-09-25T17:05:00Z $ git push origin df713fd9217df524915348ef8a42c797f288dde1:refs/heads/integration/importer
To https://git-agent-proxy.perplexity.ai/BradleyGleavePortfolio/growth-project-backend.git
   93389265..df713fd9  df713fd9217df524915348ef8a42c797f288dde1 -> integration/importer
push rc=0
== 2026-09-25T17:05:01Z verify
df713fd9217df524915348ef8a42c797f288dde1	refs/heads/integration/importer
df713fd9217df524915348ef8a42c797f288dde1	refs/heads/land/s7-l-accepted
c23b9d9f3fcc106b92c061ceb7d04d7ec53038d7	refs/heads/main
api integration/importer=df713fd9217df524915348ef8a42c797f288dde1 tree=796f437fea80550a379b5f54dc485bc5dbba67e1 author=Bradley Gleave <bradley@bradleytgpcoaching.com> committer=Bradley Gleave <bradley@bradleytgpcoaching.com>
api main=c23b9d9f3fcc106b92c061ceb7d04d7ec53038d7
