BASE=93389265a846095b846fa8f1fb0dad782fb6ee9f
PARENT=87018a421f5be1064767d2cdd32e75ca935f7cdb (tree cec7d05a91876ec3f6badb1020bb97aacdb9331d)
HEAD=e0cee7e04bef88811310f6dde1fd921f45d103ad
TREE=b249efb66e22f4c13529f255f3510d4a81314a99
AUTHOR=Bradley Gleave <bradley@bradleytgpcoaching.com>
COMMITTER=Bradley Gleave <bradley@bradleytgpcoaching.com>
DATE=2026-09-25T16:37:31Z
SUBJECT=S8-C: pin the accepted generated client schema copy by SHA256 in the G2 bootstrap
PORCELAIN=0
BOOTSTRAP_BLOB=7c3fba471f991e3750eb56fd29e271101652196e BOOTSTRAP_MODE=100755
PRISMA_TREE_UNCHANGED_FROM_PARENT=yes
SRC_TREE_UNCHANGED_FROM_PARENT=yes
DOCS_CONTRACTS_UNCHANGED_FROM_PARENT=yes
EXPORTED_BY=execution/daceddc8 parent operator 2026-09-25T16:39:03Z
The bundle contains this ref:
e0cee7e04bef88811310f6dde1fd921f45d103ad refs/heads/exec64/s8c-replacement
The bundle requires this ref:
93389265a846095b846fa8f1fb0dad782fb6ee9f 
The bundle uses this hash algorithm: sha1
/home/user/workspace/tgp-private-evidence/execution/64e33dc7/s8c/checkpoints/v6/s8c-e0cee7e0.bundle is okay
8c75a9c38da397cd640c2c4e9e4b6475b7163173b6b0e13aeea2a714108514fb  CHANGED_PATHS_from_87018a42.txt
04c03f408313ec8e37cbdba11892962f2c2ad31752e03d01dc708e712aa4aa63  CHANGED_PATHS_from_base.txt
c0d85237e29594bfc30971ebcbdf049b16c200bf2c65b31a872beaadd6fa61df  HEAD.patch
48a22bf88524907386029ee536bef84c4ad869bc9fc52fb7361daee66cd8fc59  HEAD.txt
97c14d066883b3fa0b4bb46aa9fa585a261957541e580a253c79d2806998603f  s8c-e0cee7e0.bundle
