2026-09-25T04:27:23Z ACQUIRED pid=25779 fd9 inode=691716 lslocks=1
2026-09-25T04:27:23Z PREFIX_VERIFY rc=0 ok_lines=56 readlink=../lib/node_modules/prettier/bin/prettier.cjs launcher_sha=6e922134a3c76fd4de202959bb6aef50bde0c994148075003a15569b7197906e
2026-09-25T04:27:24Z NPX_PRETTIER_VERSION=3.9.9
2026-09-25T04:27:26Z PRETTIER_CHECK_1 rc=2 11 warn lines
2026-09-25T04:27:26Z PRETTIER_WRITE files: src/scout/lifecycle/lifecycle.service.ts src/scout/lifecycle/run.controller.ts src/scout/scout.dto.ts test/contracts/importer-contract.spec.ts test/rls-g2-s7l.spec.ts test/scout/lifecycle/arbiter.spec.ts test/scout/lifecycle/lifecycle.service.spec.ts test/scout/lifecycle/run.controller.spec.ts test/utils/g2-s7l-db.ts test/utils/g2-s7l-harness.ts test/utils/g2-s7l-worker.cjs 
2026-09-25T04:27:29Z PRETTIER_CHECK_2 rc=2
2026-09-25T04:27:29Z RELEASING stage=prettier rc=72 (fd9 closes at exit; lock file preserved)
2026-09-25T04:28:15Z RUN2 (run 1 stopped at stage prettier rc=72: wrong file filter, formatting of 11 ts/cjs files already written) ACQUIRED pid=26166 fd9 inode=691716 lslocks=1
2026-09-25T04:28:15Z PREFIX_EXISTS /home/user/workspace/execution/64e33dc7/recovery-reset/s7l/tools/prettier-3.9.9 (copied by run 1 at 04:27:23Z; re-verified below, not re-copied)
2026-09-25T04:28:15Z PREFIX_VERIFY rc=0 ok_lines=56 readlink=../lib/node_modules/prettier/bin/prettier.cjs launcher_sha=6e922134a3c76fd4de202959bb6aef50bde0c994148075003a15569b7197906e
2026-09-25T04:28:16Z NPX_PRETTIER_VERSION=3.9.9
2026-09-25T04:28:18Z PRETTIER_CHECK_3 rc=0 0 warn lines
2026-09-25T04:28:45Z CONTRACT_REGEN rc=0 before=36aa847771bd5a31967f5749f5ea04e8378dd68be724c7e1aff419edb7eccde6 after=fc42af0a8ec8f162dbc8e79dc05eeb09663d735b031314c316d98e834ed8d60e version=2.0.0-c1-s2.0 ingest409=["run_not_started","run_fenced"]
2026-09-25T04:29:26Z JEST_CONTRACT rc=0 Tests:       56 passed, 56 total
2026-09-25T04:29:29Z R75 rc=0
2026-09-25T04:29:31Z ESLINT rc=0
2026-09-25T04:29:31Z STAGED_TREE=f02205c60ad0bfeb24ce82d74b0025ee9a185df6
2026-09-25T04:30:18Z GIT_COMMIT rc=0
2026-09-25T04:30:19Z HEAD=839b54c53ccb252f95b4ec63df0b08595bbe7698 TREE=f02205c60ad0bfeb24ce82d74b0025ee9a185df6 author=Bradley Gleave <bradley@bradleytgpcoaching.com> / Bradley Gleave <bradley@bradleytgpcoaching.com> parent=93389265a846095b846fa8f1fb0dad782fb6ee9f
2026-09-25T04:30:19Z BUNDLE rc=0
2026-09-25T04:30:19Z DONE head=839b54c53ccb252f95b4ec63df0b08595bbe7698 tree=f02205c60ad0bfeb24ce82d74b0025ee9a185df6
2026-09-25T04:30:19Z RELEASING stage=done rc=0 (fd9 closes at exit; lock file preserved)
