  console.warn
    PG17_PROCESS {"name":"g2g_1","options":{"action":"pair-init","coach":"s11-coach-a","body":{},"host":"P1","role":"phone"},"result":{"pairing_code":"187924","expires_at":"2026-09-27T17:42:51.905Z","import_intent_id":"027f8550-3fb6-4332-976d-f8c656265a2d"},"queries":11,"pid":17177}

      181 |       }
      182 |       // Query shapes, outcomes, fixture identifiers and process IDs only; never parameters.
    > 183 |       console.warn(
          |               ^
      184 |         'PG17_PROCESS',
      185 |         JSON.stringify({
      186 |           name,

      at settleWorker (test/utils/g2-s11-pg-harness.ts:183:15)
      at ChildProcess.<anonymous> (test/utils/g2-s11-pg-harness.ts:202:7)

  console.warn
    PG17_PROCESS {"name":"g2g_2","options":{"action":"pair-redeem","coach":"unauthenticated","body":{"code":"187924"},"host":"P2","role":"ext"},"result":{"access_token":"synthetic-access-1","refresh_token":"synthetic-refresh-1","chosen_platform":"s11-label","import_intent_id":"027f8550-3fb6-4332-976d-f8c656265a2d"},"queries":10,"pid":17206}

      181 |       }
      182 |       // Query shapes, outcomes, fixture identifiers and process IDs only; never parameters.
    > 183 |       console.warn(
          |               ^
      184 |         'PG17_PROCESS',
      185 |         JSON.stringify({
      186 |           name,

      at settleWorker (test/utils/g2-s11-pg-harness.ts:183:15)
      at ChildProcess.<anonymous> (test/utils/g2-s11-pg-harness.ts:202:7)

  console.warn
    PG17_PROCESS {"name":"g2g_3","options":{"action":"pair-session","coach":"s11-coach-a","intent":"027f8550-3fb6-4332-976d-f8c656265a2d","host":"P2","role":"phone"},"result":{"status":"paired","import_intent_id":"027f8550-3fb6-4332-976d-f8c656265a2d","chosen_platform":"s11-label","readiness":{"run":"none","source_declared":false,"declared_platforms":null}},"queries":3,"pid":17235}

      181 |       }
      182 |       // Query shapes, outcomes, fixture identifiers and process IDs only; never parameters.
    > 183 |       console.warn(
          |               ^
      184 |         'PG17_PROCESS',
      185 |         JSON.stringify({
      186 |           name,

      at settleWorker (test/utils/g2-s11-pg-harness.ts:183:15)
      at ChildProcess.<anonymous> (test/utils/g2-s11-pg-harness.ts:202:7)

  console.warn
    PG17_PROCESS {"name":"g2g_4","options":{"action":"pair-current","coach":"s11-coach-a","body":{},"host":"P1","role":"phone"},"result":{"status":"paired","import_intent_id":"027f8550-3fb6-4332-976d-f8c656265a2d","chosen_platform":"s11-label","readiness":{"run":"none","source_declared":false,"declared_platforms":null}},"queries":3,"pid":17266}

      181 |       }
      182 |       // Query shapes, outcomes, fixture identifiers and process IDs only; never parameters.
    > 183 |       console.warn(
          |               ^
      184 |         'PG17_PROCESS',
      185 |         JSON.stringify({
      186 |           name,

      at settleWorker (test/utils/g2-s11-pg-harness.ts:183:15)
      at ChildProcess.<anonymous> (test/utils/g2-s11-pg-harness.ts:202:7)

  console.warn
    PG17_PROCESS {"name":"g2g_5","options":{"action":"pair-init","coach":"s11-coach-a","body":{},"host":"P1","role":"phone"},"result":{"pairing_code":"150452","expires_at":"2026-09-27T17:43:00.302Z","import_intent_id":"64d73557-af37-458f-a565-e0ed69bc8a07"},"queries":11,"pid":17301}

      181 |       }
      182 |       // Query shapes, outcomes, fixture identifiers and process IDs only; never parameters.
    > 183 |       console.warn(
          |               ^
      184 |         'PG17_PROCESS',
      185 |         JSON.stringify({
      186 |           name,

      at settleWorker (test/utils/g2-s11-pg-harness.ts:183:15)
      at ChildProcess.<anonymous> (test/utils/g2-s11-pg-harness.ts:202:7)

  console.warn
    PG17_PROCESS {"name":"g2g_6","options":{"action":"pair-redeem","coach":"unauthenticated","body":{"code":"150452"},"host":"P2","role":"ext"},"result":{"access_token":"synthetic-access-1","refresh_token":"synthetic-refresh-1","chosen_platform":"s11-label","import_intent_id":"64d73557-af37-458f-a565-e0ed69bc8a07"},"queries":10,"pid":17331}

      181 |       }
      182 |       // Query shapes, outcomes, fixture identifiers and process IDs only; never parameters.
    > 183 |       console.warn(
          |               ^
      184 |         'PG17_PROCESS',
      185 |         JSON.stringify({
      186 |           name,

      at settleWorker (test/utils/g2-s11-pg-harness.ts:183:15)
      at ChildProcess.<anonymous> (test/utils/g2-s11-pg-harness.ts:202:7)

  console.warn
    PG17_PROCESS {"name":"g2g_7","options":{"action":"start","coach":"s11-coach-a","intent":"64d73557-af37-458f-a565-e0ed69bc8a07","host":"P2","role":"phone"},"result":{"intent_id":"64d73557-af37-458f-a565-e0ed69bc8a07","mode":"server","phase":"discovering","execution_epoch":1,"accepted_start_at":"2026-09-27T17:41:04.438Z","deadline_at":"2026-09-27T17:46:04.438Z"},"queries":3,"pid":17360}

      181 |       }
      182 |       // Query shapes, outcomes, fixture identifiers and process IDs only; never parameters.
    > 183 |       console.warn(
          |               ^
      184 |         'PG17_PROCESS',
      185 |         JSON.stringify({
      186 |           name,

      at settleWorker (test/utils/g2-s11-pg-harness.ts:183:15)
      at ChildProcess.<anonymous> (test/utils/g2-s11-pg-harness.ts:202:7)

  console.warn
    PG17_PROCESS {"name":"g2g_8","options":{"action":"pair-session","coach":"s11-coach-a","intent":"64d73557-af37-458f-a565-e0ed69bc8a07","host":"P1","role":"phone"},"result":{"status":"paired","import_intent_id":"64d73557-af37-458f-a565-e0ed69bc8a07","chosen_platform":"s11-label","readiness":{"run":"open","source_declared":false,"declared_platforms":0}},"queries":4,"pid":17394}

      181 |       }
      182 |       // Query shapes, outcomes, fixture identifiers and process IDs only; never parameters.
    > 183 |       console.warn(
          |               ^
      184 |         'PG17_PROCESS',
      185 |         JSON.stringify({
      186 |           name,

      at settleWorker (test/utils/g2-s11-pg-harness.ts:183:15)
      at ChildProcess.<anonymous> (test/utils/g2-s11-pg-harness.ts:202:7)

  console.warn
    PG17_PROCESS {"name":"g2g_9","options":{"action":"pair-init","coach":"s11-coach-a","body":{},"host":"P1","role":"phone"},"result":{"pairing_code":"608793","expires_at":"2026-09-27T17:43:08.629Z","import_intent_id":"5a4f6e34-aab4-4fbc-8585-9786960f20e5"},"queries":11,"pid":17429}

      181 |       }
      182 |       // Query shapes, outcomes, fixture identifiers and process IDs only; never parameters.
    > 183 |       console.warn(
          |               ^
      184 |         'PG17_PROCESS',
      185 |         JSON.stringify({
      186 |           name,

      at settleWorker (test/utils/g2-s11-pg-harness.ts:183:15)
      at ChildProcess.<anonymous> (test/utils/g2-s11-pg-harness.ts:202:7)

  console.warn
    PG17_PROCESS {"name":"g2g_10","options":{"action":"pair-redeem","coach":"unauthenticated","body":{"code":"608793"},"host":"P2","role":"ext"},"result":{"access_token":"synthetic-access-1","refresh_token":"synthetic-refresh-1","chosen_platform":"s11-label","import_intent_id":"5a4f6e34-aab4-4fbc-8585-9786960f20e5"},"queries":10,"pid":17458}

      181 |       }
      182 |       // Query shapes, outcomes, fixture identifiers and process IDs only; never parameters.
    > 183 |       console.warn(
          |               ^
      184 |         'PG17_PROCESS',
      185 |         JSON.stringify({
      186 |           name,

      at settleWorker (test/utils/g2-s11-pg-harness.ts:183:15)
      at ChildProcess.<anonymous> (test/utils/g2-s11-pg-harness.ts:202:7)

  console.warn
    PG17_PROCESS {"name":"g2g_11","options":{"action":"start","coach":"s11-coach-a","intent":"5a4f6e34-aab4-4fbc-8585-9786960f20e5","host":"P1","role":"phone"},"result":{"intent_id":"5a4f6e34-aab4-4fbc-8585-9786960f20e5","mode":"server","phase":"discovering","execution_epoch":1,"accepted_start_at":"2026-09-27T17:41:12.808Z","deadline_at":"2026-09-27T17:46:12.808Z"},"queries":3,"pid":17487}

      181 |       }
      182 |       // Query shapes, outcomes, fixture identifiers and process IDs only; never parameters.
    > 183 |       console.warn(
          |               ^
      184 |         'PG17_PROCESS',
      185 |         JSON.stringify({
      186 |           name,

      at settleWorker (test/utils/g2-s11-pg-harness.ts:183:15)
      at ChildProcess.<anonymous> (test/utils/g2-s11-pg-harness.ts:202:7)

  console.warn
    PG17_PROCESS {"name":"g2g_12","options":{"action":"pair-session","coach":"s11-coach-a","intent":"5a4f6e34-aab4-4fbc-8585-9786960f20e5","host":"P1","role":"phone"},"result":{"status":"paired","import_intent_id":"5a4f6e34-aab4-4fbc-8585-9786960f20e5","chosen_platform":"s11-label","readiness":{"run":"open","source_declared":true,"declared_platforms":2}},"queries":4,"pid":17523}

      181 |       }
      182 |       // Query shapes, outcomes, fixture identifiers and process IDs only; never parameters.
    > 183 |       console.warn(
          |               ^
      184 |         'PG17_PROCESS',
      185 |         JSON.stringify({
      186 |           name,

      at settleWorker (test/utils/g2-s11-pg-harness.ts:183:15)
      at ChildProcess.<anonymous> (test/utils/g2-s11-pg-harness.ts:202:7)

  console.warn
    PG17_PROCESS {"name":"g2g_13","options":{"action":"pair-session","coach":"s11-coach-a","intent":"5a4f6e34-aab4-4fbc-8585-9786960f20e5","host":"P2","role":"phone"},"result":{"status":"paired","import_intent_id":"5a4f6e34-aab4-4fbc-8585-9786960f20e5","chosen_platform":"s11-label","readiness":{"run":"open","source_declared":true,"declared_platforms":2}},"queries":4,"pid":17554}

      181 |       }
      182 |       // Query shapes, outcomes, fixture identifiers and process IDs only; never parameters.
    > 183 |       console.warn(
          |               ^
      184 |         'PG17_PROCESS',
      185 |         JSON.stringify({
      186 |           name,

      at settleWorker (test/utils/g2-s11-pg-harness.ts:183:15)
      at ChildProcess.<anonymous> (test/utils/g2-s11-pg-harness.ts:202:7)

  console.warn
    PG17_PROCESS {"name":"g2g_14","options":{"action":"pair-init","coach":"s11-coach-a","body":{},"host":"P1","role":"phone"},"result":{"pairing_code":"636757","expires_at":"2026-09-27T17:43:21.201Z","import_intent_id":"0d129a0e-9124-4caa-8794-6696ce54467e"},"queries":11,"pid":17590}

      181 |       }
      182 |       // Query shapes, outcomes, fixture identifiers and process IDs only; never parameters.
    > 183 |       console.warn(
          |               ^
      184 |         'PG17_PROCESS',
      185 |         JSON.stringify({
      186 |           name,

      at settleWorker (test/utils/g2-s11-pg-harness.ts:183:15)
      at ChildProcess.<anonymous> (test/utils/g2-s11-pg-harness.ts:202:7)

  console.warn
    PG17_PROCESS {"name":"g2g_15","options":{"action":"pair-redeem","coach":"unauthenticated","body":{"code":"636757"},"host":"P2","role":"ext"},"result":{"access_token":"synthetic-access-1","refresh_token":"synthetic-refresh-1","chosen_platform":"s11-label","import_intent_id":"0d129a0e-9124-4caa-8794-6696ce54467e"},"queries":10,"pid":17620}

      181 |       }
      182 |       // Query shapes, outcomes, fixture identifiers and process IDs only; never parameters.
    > 183 |       console.warn(
          |               ^
      184 |         'PG17_PROCESS',
      185 |         JSON.stringify({
      186 |           name,

      at settleWorker (test/utils/g2-s11-pg-harness.ts:183:15)
      at ChildProcess.<anonymous> (test/utils/g2-s11-pg-harness.ts:202:7)

  console.warn
    PG17_PROCESS {"name":"g2g_16","options":{"action":"start","coach":"s11-coach-a","intent":"0d129a0e-9124-4caa-8794-6696ce54467e","host":"P2","role":"phone"},"result":{"intent_id":"0d129a0e-9124-4caa-8794-6696ce54467e","mode":"server","phase":"discovering","execution_epoch":1,"accepted_start_at":"2026-09-27T17:41:25.357Z","deadline_at":"2026-09-27T17:46:25.357Z"},"queries":3,"pid":17649}

      181 |       }
      182 |       // Query shapes, outcomes, fixture identifiers and process IDs only; never parameters.
    > 183 |       console.warn(
          |               ^
      184 |         'PG17_PROCESS',
      185 |         JSON.stringify({
      186 |           name,

      at settleWorker (test/utils/g2-s11-pg-harness.ts:183:15)
      at ChildProcess.<anonymous> (test/utils/g2-s11-pg-harness.ts:202:7)

  console.warn
    PG17_PROCESS {"name":"g2g_17","options":{"action":"pair-session","coach":"s11-coach-a","intent":"0d129a0e-9124-4caa-8794-6696ce54467e","host":"P1","role":"phone"},"result":{"status":"paired","import_intent_id":"0d129a0e-9124-4caa-8794-6696ce54467e","chosen_platform":"s11-label","readiness":{"run":"open","source_declared":false,"declared_platforms":0}},"queries":4,"pid":17685}

      181 |       }
      182 |       // Query shapes, outcomes, fixture identifiers and process IDs only; never parameters.
    > 183 |       console.warn(
          |               ^
      184 |         'PG17_PROCESS',
      185 |         JSON.stringify({
      186 |           name,

      at settleWorker (test/utils/g2-s11-pg-harness.ts:183:15)
      at ChildProcess.<anonymous> (test/utils/g2-s11-pg-harness.ts:202:7)

  console.warn
    PG17_PROCESS {"name":"g2g_18","options":{"action":"status","coach":"s11-coach-a","intent":"0d129a0e-9124-4caa-8794-6696ce54467e","host":"P2","role":"phone"},"result":{"intent_id":"0d129a0e-9124-4caa-8794-6696ce54467e","status":"timed_out","entity_counts":[],"started_at":"2026-09-27T17:41:25.358Z","completed_at":"2026-09-27T17:41:29.601Z","mode":"server","phase":"discovering","accepted_start_at":"2026-09-27T17:41:25.357Z","deadline_at":"2026-09-27T17:41:25.358Z","last_observed_at":null,"execution_epoch":2,"reason_code":"deadline_exceeded","claimed_status":null,"families":[]},"queries":25,"pid":17716}

      181 |       }
      182 |       // Query shapes, outcomes, fixture identifiers and process IDs only; never parameters.
    > 183 |       console.warn(
          |               ^
      184 |         'PG17_PROCESS',
      185 |         JSON.stringify({
      186 |           name,

      at settleWorker (test/utils/g2-s11-pg-harness.ts:183:15)
      at ChildProcess.<anonymous> (test/utils/g2-s11-pg-harness.ts:202:7)

  console.warn
    PG17_PROCESS {"name":"g2g_19","options":{"action":"pair-current","coach":"s11-coach-a","body":{},"host":"P1","role":"phone"},"result":{"status":"paired","import_intent_id":"0d129a0e-9124-4caa-8794-6696ce54467e","chosen_platform":"s11-label","readiness":{"run":"terminal","source_declared":false,"declared_platforms":0}},"queries":4,"pid":17748}

      181 |       }
      182 |       // Query shapes, outcomes, fixture identifiers and process IDs only; never parameters.
    > 183 |       console.warn(
          |               ^
      184 |         'PG17_PROCESS',
      185 |         JSON.stringify({
      186 |           name,

      at settleWorker (test/utils/g2-s11-pg-harness.ts:183:15)
      at ChildProcess.<anonymous> (test/utils/g2-s11-pg-harness.ts:202:7)

  console.warn
    PG17_PROCESS {"name":"g2g_20","options":{"action":"pair-init","coach":"s11-coach-a","body":{},"host":"P1","role":"phone"},"result":{"pairing_code":"653598","expires_at":"2026-09-27T17:43:33.822Z","import_intent_id":"eeeca00b-0aa0-4da2-b4ca-8740c450585b"},"queries":11,"pid":17781}

      181 |       }
      182 |       // Query shapes, outcomes, fixture identifiers and process IDs only; never parameters.
    > 183 |       console.warn(
          |               ^
      184 |         'PG17_PROCESS',
      185 |         JSON.stringify({
      186 |           name,

      at settleWorker (test/utils/g2-s11-pg-harness.ts:183:15)
      at ChildProcess.<anonymous> (test/utils/g2-s11-pg-harness.ts:202:7)

  console.warn
    PG17_PROCESS {"name":"g2g_21","options":{"action":"pair-redeem","coach":"unauthenticated","body":{"code":"653598"},"host":"P2","role":"ext"},"result":{"access_token":"synthetic-access-1","refresh_token":"synthetic-refresh-1","chosen_platform":"s11-label","import_intent_id":"eeeca00b-0aa0-4da2-b4ca-8740c450585b"},"queries":10,"pid":17810}

      181 |       }
      182 |       // Query shapes, outcomes, fixture identifiers and process IDs only; never parameters.
    > 183 |       console.warn(
          |               ^
      184 |         'PG17_PROCESS',
      185 |         JSON.stringify({
      186 |           name,

      at settleWorker (test/utils/g2-s11-pg-harness.ts:183:15)
      at ChildProcess.<anonymous> (test/utils/g2-s11-pg-harness.ts:202:7)

  console.warn
    PG17_PROCESS {"name":"g2g_22","options":{"action":"start","coach":"s11-coach-a","intent":"eeeca00b-0aa0-4da2-b4ca-8740c450585b","host":"P1","role":"phone"},"result":{"intent_id":"eeeca00b-0aa0-4da2-b4ca-8740c450585b","mode":"server","phase":"discovering","execution_epoch":1,"accepted_start_at":"2026-09-27T17:41:38.000Z","deadline_at":"2026-09-27T17:46:38.000Z"},"queries":3,"pid":17839}

      181 |       }
      182 |       // Query shapes, outcomes, fixture identifiers and process IDs only; never parameters.
    > 183 |       console.warn(
          |               ^
      184 |         'PG17_PROCESS',
      185 |         JSON.stringify({
      186 |           name,

      at settleWorker (test/utils/g2-s11-pg-harness.ts:183:15)
      at ChildProcess.<anonymous> (test/utils/g2-s11-pg-harness.ts:202:7)

  console.warn
    PG17_PROCESS {"name":"g2g_23","options":{"action":"cancel","coach":"s11-coach-a","intent":"eeeca00b-0aa0-4da2-b4ca-8740c450585b","host":"P2","role":"phone"},"result":{"intent_id":"eeeca00b-0aa0-4da2-b4ca-8740c450585b","status":"cancelled","execution_epoch":2},"queries":8,"pid":17870}

      181 |       }
      182 |       // Query shapes, outcomes, fixture identifiers and process IDs only; never parameters.
    > 183 |       console.warn(
          |               ^
      184 |         'PG17_PROCESS',
      185 |         JSON.stringify({
      186 |           name,

      at settleWorker (test/utils/g2-s11-pg-harness.ts:183:15)
      at ChildProcess.<anonymous> (test/utils/g2-s11-pg-harness.ts:202:7)

  console.warn
    PG17_PROCESS {"name":"g2g_24","options":{"action":"pair-session","coach":"s11-coach-a","intent":"eeeca00b-0aa0-4da2-b4ca-8740c450585b","host":"P1","role":"phone"},"result":{"status":"paired","import_intent_id":"eeeca00b-0aa0-4da2-b4ca-8740c450585b","chosen_platform":"s11-label","readiness":{"run":"terminal","source_declared":true,"declared_platforms":1}},"queries":4,"pid":17901}

      181 |       }
      182 |       // Query shapes, outcomes, fixture identifiers and process IDs only; never parameters.
    > 183 |       console.warn(
          |               ^
      184 |         'PG17_PROCESS',
      185 |         JSON.stringify({
      186 |           name,

      at settleWorker (test/utils/g2-s11-pg-harness.ts:183:15)
      at ChildProcess.<anonymous> (test/utils/g2-s11-pg-harness.ts:202:7)

  console.warn
    PG17_PROCESS {"name":"g2g_25","options":{"action":"pair-init","coach":"s11-coach-a","body":{},"host":"P1","role":"phone"},"result":{"pairing_code":"717900","expires_at":"2026-09-27T17:43:44.368Z","import_intent_id":"db9d3e17-1f1d-41dd-8b51-8916b3927b30"},"queries":11,"pid":17934}

      181 |       }
      182 |       // Query shapes, outcomes, fixture identifiers and process IDs only; never parameters.
    > 183 |       console.warn(
          |               ^
      184 |         'PG17_PROCESS',
      185 |         JSON.stringify({
      186 |           name,

      at settleWorker (test/utils/g2-s11-pg-harness.ts:183:15)
      at ChildProcess.<anonymous> (test/utils/g2-s11-pg-harness.ts:202:7)

  console.warn
    PG17_PROCESS {"name":"g2g_26","options":{"action":"pair-redeem","coach":"unauthenticated","body":{"code":"717900"},"host":"P2","role":"ext"},"result":{"access_token":"synthetic-access-1","refresh_token":"synthetic-refresh-1","chosen_platform":"s11-label","import_intent_id":"db9d3e17-1f1d-41dd-8b51-8916b3927b30"},"queries":10,"pid":17963}

      181 |       }
      182 |       // Query shapes, outcomes, fixture identifiers and process IDs only; never parameters.
    > 183 |       console.warn(
          |               ^
      184 |         'PG17_PROCESS',
      185 |         JSON.stringify({
      186 |           name,

      at settleWorker (test/utils/g2-s11-pg-harness.ts:183:15)
      at ChildProcess.<anonymous> (test/utils/g2-s11-pg-harness.ts:202:7)

  console.warn
    PG17_PROCESS {"name":"g2g_27","options":{"action":"start","coach":"s11-coach-a","intent":"db9d3e17-1f1d-41dd-8b51-8916b3927b30","host":"P1","role":"phone"},"result":{"intent_id":"db9d3e17-1f1d-41dd-8b51-8916b3927b30","mode":"server","phase":"discovering","execution_epoch":1,"accepted_start_at":"2026-09-27T17:41:48.591Z","deadline_at":"2026-09-27T17:46:48.591Z"},"queries":3,"pid":17992}

      181 |       }
      182 |       // Query shapes, outcomes, fixture identifiers and process IDs only; never parameters.
    > 183 |       console.warn(
          |               ^
      184 |         'PG17_PROCESS',
      185 |         JSON.stringify({
      186 |           name,

      at settleWorker (test/utils/g2-s11-pg-harness.ts:183:15)
      at ChildProcess.<anonymous> (test/utils/g2-s11-pg-harness.ts:202:7)

  console.warn
    PG17_PROCESS {"name":"g2g_28","options":{"action":"pair-init","coach":"s11-coach-b","body":{},"host":"P1","role":"phone"},"result":{"pairing_code":"335281","expires_at":"2026-09-27T17:43:50.587Z","import_intent_id":"365b3628-2448-4ba4-90fb-779018f1fc88"},"queries":11,"pid":18025}

      181 |       }
      182 |       // Query shapes, outcomes, fixture identifiers and process IDs only; never parameters.
    > 183 |       console.warn(
          |               ^
      184 |         'PG17_PROCESS',
      185 |         JSON.stringify({
      186 |           name,

      at settleWorker (test/utils/g2-s11-pg-harness.ts:183:15)
      at ChildProcess.<anonymous> (test/utils/g2-s11-pg-harness.ts:202:7)

  console.warn
    PG17_PROCESS {"name":"g2g_29","options":{"action":"pair-redeem","coach":"unauthenticated","body":{"code":"335281"},"host":"P2","role":"ext"},"result":{"access_token":"synthetic-access-1","refresh_token":"synthetic-refresh-1","chosen_platform":"s11-label","import_intent_id":"365b3628-2448-4ba4-90fb-779018f1fc88"},"queries":10,"pid":18054}

      181 |       }
      182 |       // Query shapes, outcomes, fixture identifiers and process IDs only; never parameters.
    > 183 |       console.warn(
          |               ^
      184 |         'PG17_PROCESS',
      185 |         JSON.stringify({
      186 |           name,

      at settleWorker (test/utils/g2-s11-pg-harness.ts:183:15)
      at ChildProcess.<anonymous> (test/utils/g2-s11-pg-harness.ts:202:7)

  console.warn
    PG17_PROCESS {"name":"g2g_30","options":{"action":"pair-session","coach":"s11-coach-b","intent":"db9d3e17-1f1d-41dd-8b51-8916b3927b30","host":"P2","role":"phone"},"failure":{"status":404,"message":"Pairing session not found. Create a new pairing code.","response":{"message":"Pairing session not found. Create a new pairing code.","error":"Not Found","statusCode":404}},"queries":1,"pid":18087}

      181 |       }
      182 |       // Query shapes, outcomes, fixture identifiers and process IDs only; never parameters.
    > 183 |       console.warn(
          |               ^
      184 |         'PG17_PROCESS',
      185 |         JSON.stringify({
      186 |           name,

      at settleWorker (test/utils/g2-s11-pg-harness.ts:183:15)
      at ChildProcess.<anonymous> (test/utils/g2-s11-pg-harness.ts:202:7)

  console.warn
    PG17_PROCESS {"name":"g2g_31","options":{"action":"pair-current","coach":"s11-coach-b","body":{},"host":"P1","role":"phone"},"result":{"status":"paired","import_intent_id":"365b3628-2448-4ba4-90fb-779018f1fc88","chosen_platform":"s11-label","readiness":{"run":"none","source_declared":false,"declared_platforms":null}},"queries":3,"pid":18117}

      181 |       }
      182 |       // Query shapes, outcomes, fixture identifiers and process IDs only; never parameters.
    > 183 |       console.warn(
          |               ^
      184 |         'PG17_PROCESS',
      185 |         JSON.stringify({
      186 |           name,

      at settleWorker (test/utils/g2-s11-pg-harness.ts:183:15)
      at ChildProcess.<anonymous> (test/utils/g2-s11-pg-harness.ts:202:7)

  console.warn
    PG17_PROCESS {"name":"g2g_32","options":{"action":"pair-session","coach":"s11-coach-a","intent":"db9d3e17-1f1d-41dd-8b51-8916b3927b30","host":"P2","role":"phone"},"result":{"status":"paired","import_intent_id":"db9d3e17-1f1d-41dd-8b51-8916b3927b30","chosen_platform":"s11-label","readiness":{"run":"open","source_declared":true,"declared_platforms":1}},"queries":4,"pid":18150}

      181 |       }
      182 |       // Query shapes, outcomes, fixture identifiers and process IDs only; never parameters.
    > 183 |       console.warn(
          |               ^
      184 |         'PG17_PROCESS',
      185 |         JSON.stringify({
      186 |           name,

      at settleWorker (test/utils/g2-s11-pg-harness.ts:183:15)
      at ChildProcess.<anonymous> (test/utils/g2-s11-pg-harness.ts:202:7)

PASS test/scout/s11/readiness.pg.spec.ts (78.909 s)
  S11-C readiness on the setup reads — two hosts over one disposable PG (J17)
    ✓ R1 paired, no Start: run none, not declared, platform count null (never 0) (8476 ms)
    ✓ R2 Start on P2, read on P1: open, not declared, 0 platforms; writes nothing (8393 ms)
    ✓ R3 declarations: distinct platform count only; no names, digests or challenge (12495 ms)
    ✓ R4 past deadline: the read never fences; status fences; then terminal (12664 ms)
    ✓ R5 cancel on P2: terminal on P1, declaration count kept, no terminal detail (10492 ms)
    ✓ R6 tenant: B gets 404 on A's setup and only its OWN readiness; A unchanged (16601 ms)

Test Suites: 1 passed, 1 total
Tests:       6 passed, 6 total
Snapshots:   0 total
Time:        79.15 s
Ran all test suites within paths "test/scout/s11/readiness.pg.spec.ts".
