2026-09-27 17:36:18.209 UTC [12647] LOG:  starting PostgreSQL 17.6 on x86_64-pc-linux-gnu, compiled by gcc (Ubuntu 7.5.0-3ubuntu1~18.04) 7.5.0, 64-bit
2026-09-27 17:36:18.210 UTC [12647] LOG:  listening on IPv4 address "127.0.0.1", port 55650
2026-09-27 17:36:18.210 UTC [12647] LOG:  listening on Unix socket "/home/user/workspace/execution/42d8c5b5/proof-scratch/s11-baseline-s11-11851/s/.s.PGSQL.55650"
2026-09-27 17:36:18.214 UTC [12650] LOG:  database system was shut down at 2026-09-27 17:36:11 UTC
2026-09-27 17:36:18.224 UTC [12647] LOG:  database system is ready to accept connections
2026-09-27 17:37:11.540 UTC [13449] ERROR:  permission denied for table ScoutRunDeclaration
2026-09-27 17:37:11.540 UTC [13449] STATEMENT:  SELECT count(*) FROM "ScoutRunDeclaration"
2026-09-27 17:37:11.555 UTC [13451] ERROR:  permission denied for table ScoutRunObservation
2026-09-27 17:37:11.555 UTC [13451] STATEMENT:  SELECT count(*) FROM "ScoutRunObservation"
2026-09-27 17:37:11.569 UTC [13453] ERROR:  permission denied for table ScoutRunSettledBasis
2026-09-27 17:37:11.569 UTC [13453] STATEMENT:  SELECT count(*) FROM "ScoutRunSettledBasis"
2026-09-27 17:37:11.638 UTC [13463] ERROR:  permission denied for table ScoutRunDeclaration
2026-09-27 17:37:11.638 UTC [13463] STATEMENT:  SELECT count(*) FROM "ScoutRunDeclaration"
2026-09-27 17:37:11.652 UTC [13465] ERROR:  permission denied for table ScoutRunObservation
2026-09-27 17:37:11.652 UTC [13465] STATEMENT:  SELECT count(*) FROM "ScoutRunObservation"
2026-09-27 17:37:11.666 UTC [13467] ERROR:  permission denied for table ScoutRunSettledBasis
2026-09-27 17:37:11.666 UTC [13467] STATEMENT:  SELECT count(*) FROM "ScoutRunSettledBasis"
2026-09-27 17:41:18.314 UTC [12648] LOG:  checkpoint starting: time
2026-09-27 17:42:50.503 UTC [18918] ERROR:  duplicate key value violates unique constraint "ScoutImportCompletion_coach_id_intent_id_key"
2026-09-27 17:42:50.503 UTC [18918] DETAIL:  Key (coach_id, intent_id)=(s11b-coach-a, cf002753-14fa-4f9e-9ee9-4251103f7fcf) already exists.
2026-09-27 17:42:50.503 UTC [18918] STATEMENT:  INSERT INTO "public"."ScoutImportCompletion" ("id","coach_id","intent_id","terminal_status","completed_at") VALUES ($1,$2,$3,$4,$5) RETURNING "public"."ScoutImportCompletion"."id", "public"."ScoutImportCompletion"."coach_id", "public"."ScoutImportCompletion"."intent_id", "public"."ScoutImportCompletion"."terminal_status", "public"."ScoutImportCompletion"."final_counts", "public"."ScoutImportCompletion"."error_summary", "public"."ScoutImportCompletion"."completed_at"
2026-09-27 17:43:35.022 UTC [19634] ERROR:  duplicate key value violates unique constraint "ScoutImportCompletion_coach_id_intent_id_key"
2026-09-27 17:43:35.022 UTC [19634] DETAIL:  Key (coach_id, intent_id)=(s11b-coach-a, f3e92a0b-117c-4096-932b-949b0634faef) already exists.
2026-09-27 17:43:35.022 UTC [19634] STATEMENT:  INSERT INTO "public"."ScoutImportCompletion" ("id","coach_id","intent_id","terminal_status","completed_at") VALUES ($1,$2,$3,$4,$5) RETURNING "public"."ScoutImportCompletion"."id", "public"."ScoutImportCompletion"."coach_id", "public"."ScoutImportCompletion"."intent_id", "public"."ScoutImportCompletion"."terminal_status", "public"."ScoutImportCompletion"."final_counts", "public"."ScoutImportCompletion"."error_summary", "public"."ScoutImportCompletion"."completed_at"
2026-09-27 17:44:11.946 UTC [20241] ERROR:  duplicate key value violates unique constraint "ScoutImportCompletion_coach_id_intent_id_key"
2026-09-27 17:44:11.946 UTC [20241] DETAIL:  Key (coach_id, intent_id)=(s11b-coach-a, 951a863c-2595-4f21-acf9-f08993c0f7ba) already exists.
2026-09-27 17:44:11.946 UTC [20241] STATEMENT:  INSERT INTO "public"."ScoutImportCompletion" ("id","coach_id","intent_id","terminal_status","completed_at") VALUES ($1,$2,$3,$4,$5) RETURNING "public"."ScoutImportCompletion"."id", "public"."ScoutImportCompletion"."coach_id", "public"."ScoutImportCompletion"."intent_id", "public"."ScoutImportCompletion"."terminal_status", "public"."ScoutImportCompletion"."final_counts", "public"."ScoutImportCompletion"."error_summary", "public"."ScoutImportCompletion"."completed_at"
2026-09-27 17:44:12.401 UTC [20251] ERROR:  duplicate key value violates unique constraint "ScoutImportCompletion_coach_id_intent_id_key"
2026-09-27 17:44:12.401 UTC [20251] DETAIL:  Key (coach_id, intent_id)=(s11b-coach-a, 951a863c-2595-4f21-acf9-f08993c0f7ba) already exists.
2026-09-27 17:44:12.401 UTC [20251] STATEMENT:  INSERT INTO "public"."ScoutImportCompletion" ("id","coach_id","intent_id","terminal_status","completed_at") VALUES ($1,$2,$3,$4,$5) RETURNING "public"."ScoutImportCompletion"."id", "public"."ScoutImportCompletion"."coach_id", "public"."ScoutImportCompletion"."intent_id", "public"."ScoutImportCompletion"."terminal_status", "public"."ScoutImportCompletion"."final_counts", "public"."ScoutImportCompletion"."error_summary", "public"."ScoutImportCompletion"."completed_at"
2026-09-27 17:44:12.510 UTC [20251] ERROR:  could not serialize access due to concurrent update
2026-09-27 17:44:12.510 UTC [20251] STATEMENT:  
	      SELECT execution_epoch, terminal_status, fenced_at, fence_reason, deadline_at,
	             accepted_start_at
	        FROM "ScoutImport"
	       WHERE coach_id = $1 AND intent_id = $2 AND mode = 'server'
	       FOR NO KEY UPDATE
2026-09-27 17:44:27.063 UTC [12648] LOG:  checkpoint complete: wrote 1886 buffers (11.5%); 0 WAL file(s) added, 0 removed, 1 recycled; write=188.739 s, sync=0.001 s, total=188.750 s; sync files=0, longest=0.000 s, average=0.000 s; distance=14425 kB, estimate=14425 kB; lsn=0/2315D08, redo lsn=0/22EF8B8
2026-09-27 17:44:48.342 UTC [20836] ERROR:  duplicate key value violates unique constraint "ScoutImportCompletion_coach_id_intent_id_key"
2026-09-27 17:44:48.342 UTC [20836] DETAIL:  Key (coach_id, intent_id)=(s11b-coach-a, 00f64271-b881-4cb6-9644-2d0dce2b3522) already exists.
2026-09-27 17:44:48.342 UTC [20836] STATEMENT:  INSERT INTO "public"."ScoutImportCompletion" ("id","coach_id","intent_id","terminal_status","completed_at") VALUES ($1,$2,$3,$4,$5) RETURNING "public"."ScoutImportCompletion"."id", "public"."ScoutImportCompletion"."coach_id", "public"."ScoutImportCompletion"."intent_id", "public"."ScoutImportCompletion"."terminal_status", "public"."ScoutImportCompletion"."final_counts", "public"."ScoutImportCompletion"."error_summary", "public"."ScoutImportCompletion"."completed_at"
2026-09-27 17:45:57.598 UTC [22027] ERROR:  duplicate key value violates unique constraint "ScoutImportCompletion_coach_id_intent_id_key"
2026-09-27 17:45:57.598 UTC [22027] DETAIL:  Key (coach_id, intent_id)=(s11b-coach-a, 3ec7080b-7aaf-4a70-898d-662fd445510e) already exists.
2026-09-27 17:45:57.598 UTC [22027] STATEMENT:  INSERT INTO "public"."ScoutImportCompletion" ("id","coach_id","intent_id","terminal_status","completed_at") VALUES ($1,$2,$3,$4,$5) RETURNING "public"."ScoutImportCompletion"."id", "public"."ScoutImportCompletion"."coach_id", "public"."ScoutImportCompletion"."intent_id", "public"."ScoutImportCompletion"."terminal_status", "public"."ScoutImportCompletion"."final_counts", "public"."ScoutImportCompletion"."error_summary", "public"."ScoutImportCompletion"."completed_at"
2026-09-27 17:46:18.163 UTC [12648] LOG:  checkpoint starting: time
2026-09-27 17:46:26.886 UTC [12648] LOG:  checkpoint complete: wrote 88 buffers (0.5%); 0 WAL file(s) added, 0 removed, 0 recycled; write=8.724 s, sync=0.001 s, total=8.724 s; sync files=0, longest=0.000 s, average=0.000 s; distance=246 kB, estimate=13007 kB; lsn=0/232FF38, redo lsn=0/232D2C8
2026-09-27 17:47:37.151 UTC [12647] LOG:  received fast shutdown request
2026-09-27 17:47:37.151 UTC [12647] LOG:  aborting any active transactions
2026-09-27 17:47:37.152 UTC [12647] LOG:  background worker "logical replication launcher" (PID 12653) exited with exit code 1
2026-09-27 17:47:37.153 UTC [12648] LOG:  shutting down
2026-09-27 17:47:37.153 UTC [12648] LOG:  checkpoint starting: shutdown immediate
2026-09-27 17:47:37.154 UTC [12648] LOG:  checkpoint complete: wrote 53 buffers (0.3%); 0 WAL file(s) added, 0 removed, 0 recycled; write=0.002 s, sync=0.001 s, total=0.002 s; sync files=0, longest=0.000 s, average=0.000 s; distance=56 kB, estimate=11712 kB; lsn=0/233B580, redo lsn=0/233B580
2026-09-27 17:47:37.159 UTC [12647] LOG:  database system is shut down
