true
true
true
✓ Pull request BradleyGleavePortfolio/tgp-importer-extension#30 is marked as "ready for review"
remote: Bypassed rule violations for refs/heads/main:        
remote: 
remote: - At least 1 approving review is required by reviewers with write access.        
remote: 
To https://git-agent-proxy.perplexity.ai/BradleyGleavePortfolio/tgp-importer-extension.git
   0111be6..8901d5f  8901d5f50eaadd6bad19e933c9e76b6539299669 -> main
remote: Bypassed rule violations for refs/heads/main:        
remote: 
remote: - Changes must be made through a pull request.        
remote: 
To https://git-agent-proxy.perplexity.ai/BradleyGleavePortfolio/tgp-importer-extension.git
   8901d5f..a889f4a  a889f4ade0e13d9f45aabd69c5878ff07e2038bf -> main
PROTECTION_RESTORED_EXACT 2026-09-25T21:07:33Z
{"baseRefName":"main","headRefOid":"8901d5f50eaadd6bad19e933c9e76b6539299669","isDraft":false,"mergeCommit":{"oid":"8901d5f50eaadd6bad19e933c9e76b6539299669"},"mergedAt":"2026-09-25T21:07:31Z","state":"MERGED","url":"https://github.com/BradleyGleavePortfolio/tgp-importer-extension/pull/27"}
{"baseRefName":"land/s4-r6","headRefOid":"a889f4ade0e13d9f45aabd69c5878ff07e2038bf","isDraft":false,"mergeCommit":null,"mergedAt":null,"state":"OPEN","url":"https://github.com/BradleyGleavePortfolio/tgp-importer-extension/pull/30"}
EXT_LAND_1_REMOTE_VERIFIED main=a889f4ade0e13d9f45aabd69c5878ff07e2038bf
