START 2026-09-26T04:10:35Z pid=13191 user=user lock=/home/user/workspace/execution/test-validation.lock(held nonblocking fd9, inode 692282) head_expect=2e9f6c054b86b749b58a9232c79153a872d9ec18 fixture_expect=ca1e563d9056169aacb60c8bf95d6a41d34ff0619eadc7a998972fe9d8dc1085
PRECONDITIONS_OK 2026-09-26T04:10:39Z server='postgres (PostgreSQL) 17.6' psql='psql (PostgreSQL) 18.6 (Ubuntu 18.6-0ubuntu0.26.04.1)' node=v20.20.1 jest=30.4.1 ts_node=v10.9.2 prisma=6.19.3
PREFLIGHT other_lane=clusters/s8-g:0a4130d81a77fe5f05f695b3ebef2255b398fb41b221fef806d5fc3245672b4a:491707a2d92a547acb578a054d7f4840edb4acacb2fa5e97dee695888db68440 (must be unchanged at end; never started)
PREFLIGHT other_lane=clusters/s9-b:f6a4ed201eaec30f02fd8dc3461dcc3449e56757614274ece2e8be62ec25b4fc:f96b1a0809e28d94737397bde2b1c267dc3b151bb91a9bf49a713f556cde615e (must be unchanged at end; never started)
PREFLIGHT other_lane=proof-s8g-diag1/clusters/s8-g:0a4130d81a77fe5f05f695b3ebef2255b398fb41b221fef806d5fc3245672b4a:a3d1b67a3d44c4d372a6d41e7996e1deda992b9cf4c8fc3d77bc8dbfd7fb04f2 (must be unchanged at end; never started)
PREFLIGHT_OK 2026-09-26T04:10:41Z lane=absent port55646=free postgres_procs=0 worktree_porcelain_sha=e3b0c44298fc1c149afbf4c8996fb92427ae41e4649b934ca495991b7852b855 lock_inode=692282
FIXTURE_INIT rc=0 2026-09-26T04:10:50Z
FIXTURE_START rc=0 2026-09-26T04:10:50Z
BOOTSTRAP rc=0 2026-09-26T04:10:54Z
IDENTITY_OK 2026-09-26T04:10:55Z data_directory=/home/user/workspace/execution/1910a060/runtime/clusters/s9-c/pg-data server_version_num=170006 cluster_name=s9c-disposable-pg17 applied_migrations=172
JEST_START 2026-09-26T04:10:55Z cmd='./node_modules/.bin/jest --config jest.rls.config.js test/rls-g2-s9c.spec.ts --runInBand --ci' candidate_head=2e9f6c054b86b749b58a9232c79153a872d9ec18
JEST_END rc=0 2026-09-26T04:12:20Z
Test Suites: 1 passed, 1 total
Tests:       10 passed, 10 total
Snapshots:   0 total
Time:        84.7 s
JEST_COUNT_OK tests=10
FIXTURE_STOP rc=0 2026-09-26T04:12:21Z
STOP_STATE_OK postgres_procs=0 port55646=free datadir_retained=/home/user/workspace/execution/1910a060/runtime/clusters/s9-c/pg-data
POST other_lanes_unchanged=[ clusters/s8-g:0a4130d81a77fe5f05f695b3ebef2255b398fb41b221fef806d5fc3245672b4a:491707a2d92a547acb578a054d7f4840edb4acacb2fa5e97dee695888db68440 clusters/s9-b:f6a4ed201eaec30f02fd8dc3461dcc3449e56757614274ece2e8be62ec25b4fc:f96b1a0809e28d94737397bde2b1c267dc3b151bb91a9bf49a713f556cde615e proof-s8g-diag1/clusters/s8-g:0a4130d81a77fe5f05f695b3ebef2255b398fb41b221fef806d5fc3245672b4a:a3d1b67a3d44c4d372a6d41e7996e1deda992b9cf4c8fc3d77bc8dbfd7fb04f2]
POST_OK 2026-09-26T04:12:21Z lock_still_held_fd9 inode=692282
END rc=0 stage=done 2026-09-26T04:12:21Z (lock fd9 held until this exit; receipts=/home/user/workspace/tgp-private-evidence/execution/d3a9f701/s9c/binding/v3/run/RECEIPTS.sha256)
PROOF_RC=0
