TS=20260921T232150Z HEAD=9f38ab033b08ae30ce2fc62d0150520239d6a5c8 negatives for test/utils/g2-pg17-old-root.sh (expected rc 4 or 2 each)
--- N1 archive extraction (not a repo)
/tmp/s5r3-oldroot-neg/archive exists but is not a Git checkout (an archive extraction cannot pass the identity gate); remove it
rc=4
--- N2 branch HEAD
old root HEAD must be detached, not a branch
rc=4
--- N3 dirty package.json
old root has uncommitted source/dependency changes
rc=4
--- N4 wrong commit (485c6797 detached)
old root is not 925780e0a1906593e5383c618311b6b17364b8dc
rc=4
--- N5 relative path
G2_PG17_OLD_ROOT must be absolute
rc=2
--- N6 inside candidate root
old root must live outside the candidate root /home/user/workspace/worktrees/s5-r3
rc=2
--- P1 preflight of the created fixture
old_root=/home/user/workspace/execution/s5-r3/old-root-925780e0 head=925780e0a1906593e5383c618311b6b17364b8dc detached=yes migrations=164 alternates=none
G2_PG17_OLD_ROOT_OK
rc=0
--- candidate status after negatives: 0 dirty paths; worktree refs: 7
