# S5 R3 runner rev3 connected-preflight controls via offline psql stub 20260921T233108Z (no real server; stub at /home/user/workspace/execution/s5-r3/stubs/psql-stub.sh)
## C1-ok-absent stage=preflight scenario=ok-absent
LOCK_HELD /home/user/workspace/execution/test-validation.lock stage=preflight pid=3298
PACKAGE_LOCK_BLOB=354de3dae19449970497da6e4d87f0a1225a8f43 NODE_MODULES_PACKAGE_LOCK_SHA256=absent
PREFLIGHT version=170006 cluster=s5-disposable-pg17 datadir=/home/user/pg17/clusters/s5 listen=127.0.0.1 addr=127.0.0.1 port=54325 user=s5_super super=t hosted_roles=0 dbs=[postgres s5_tgp template0 template1] target_exists=0 target_marker=<absent> target_sessions=0
PREFLIGHT_OK target_exists=0
PROOF_EXIT=0 STAGE=preflight TS=20260921T233108Z START=2026-09-21T23:31:08Z END=2026-09-21T23:31:08Z
rc=0 stub_calls=2 drop_executed=0
## C2-blank-cluster stage=reset scenario=blank-cluster
test-validation.lock busy; not queueing
PROOF_EXIT=75 STAGE=reset TS=20260921T233108Z START=2026-09-21T23:31:08Z END=2026-09-21T23:31:08Z LOCK_BUSY
rc=75 stub_calls=0 drop_executed=0
## C3-foreign-cluster stage=reset scenario=foreign-cluster
test-validation.lock busy; not queueing
PROOF_EXIT=75 STAGE=reset TS=20260921T233108Z START=2026-09-21T23:31:08Z END=2026-09-21T23:31:08Z LOCK_BUSY
rc=75 stub_calls=0 drop_executed=0
## C4-hosted-roles stage=reset scenario=hosted-roles
test-validation.lock busy; not queueing
PROOF_EXIT=75 STAGE=reset TS=20260921T233108Z START=2026-09-21T23:31:08Z END=2026-09-21T23:31:08Z LOCK_BUSY
rc=75 stub_calls=0 drop_executed=0
## C5-foreign-db stage=bootstrap scenario=foreign-db
REFUSED rc=2: node_modules missing in /home/user/workspace/worktrees/s5-r3 (run execution/s5-r3/npm-ci.sh under the canonical lock first)
PROOF_EXIT=2 STAGE=bootstrap TS=20260921T233108Z START=2026-09-21T23:31:08Z END=2026-09-21T23:31:08Z REFUSED
rc=2 stub_calls=0 drop_executed=0
## C6-wrong-version stage=preflight scenario=wrong-version
test-validation.lock busy; not queueing
PROOF_EXIT=75 STAGE=preflight TS=20260921T233108Z START=2026-09-21T23:31:08Z END=2026-09-21T23:31:08Z LOCK_BUSY
rc=75 stub_calls=0 drop_executed=0
## C7-wrong-datadir stage=preflight scenario=wrong-datadir
test-validation.lock busy; not queueing
PROOF_EXIT=75 STAGE=preflight TS=20260921T233108Z START=2026-09-21T23:31:08Z END=2026-09-21T23:31:08Z LOCK_BUSY
rc=75 stub_calls=0 drop_executed=0
## C8-not-loopback stage=preflight scenario=not-loopback
test-validation.lock busy; not queueing
PROOF_EXIT=75 STAGE=preflight TS=20260921T233108Z START=2026-09-21T23:31:08Z END=2026-09-21T23:31:08Z LOCK_BUSY
rc=75 stub_calls=0 drop_executed=0
## C9-wrong-port stage=preflight scenario=wrong-port
test-validation.lock busy; not queueing
PROOF_EXIT=75 STAGE=preflight TS=20260921T233108Z START=2026-09-21T23:31:08Z END=2026-09-21T23:31:08Z LOCK_BUSY
rc=75 stub_calls=0 drop_executed=0
## C10-not-super stage=preflight scenario=not-super
test-validation.lock busy; not queueing
PROOF_EXIT=75 STAGE=preflight TS=20260921T233108Z START=2026-09-21T23:31:08Z END=2026-09-21T23:31:08Z LOCK_BUSY
rc=75 stub_calls=0 drop_executed=0
## C11-exists-unmarked stage=reset scenario=exists-unmarked
test-validation.lock busy; not queueing
PROOF_EXIT=75 STAGE=reset TS=20260921T233109Z START=2026-09-21T23:31:09Z END=2026-09-21T23:31:09Z LOCK_BUSY
rc=75 stub_calls=0 drop_executed=0
## C12-exists-wrong-marker stage=reset scenario=exists-wrong-marker
test-validation.lock busy; not queueing
PROOF_EXIT=75 STAGE=reset TS=20260921T233109Z START=2026-09-21T23:31:09Z END=2026-09-21T23:31:09Z LOCK_BUSY
rc=75 stub_calls=0 drop_executed=0
## C13-exists-marked-busy stage=reset scenario=exists-marked-busy
test-validation.lock busy; not queueing
PROOF_EXIT=75 STAGE=reset TS=20260921T233109Z START=2026-09-21T23:31:09Z END=2026-09-21T23:31:09Z LOCK_BUSY
rc=75 stub_calls=0 drop_executed=0
## C14-exists-marked-idle stage=reset scenario=exists-marked-idle
test-validation.lock busy; not queueing
PROOF_EXIT=75 STAGE=reset TS=20260921T233109Z START=2026-09-21T23:31:09Z END=2026-09-21T23:31:09Z LOCK_BUSY
rc=75 stub_calls=0 drop_executed=0
## C15-reset-absent-noop stage=reset scenario=ok-absent
test-validation.lock busy; not queueing
PROOF_EXIT=75 STAGE=reset TS=20260921T233109Z START=2026-09-21T23:31:09Z END=2026-09-21T23:31:09Z LOCK_BUSY
rc=75 stub_calls=0 drop_executed=0
## C16-connect-fail stage=preflight scenario=connect-fail
test-validation.lock busy; not queueing
PROOF_EXIT=75 STAGE=preflight TS=20260921T233109Z START=2026-09-21T23:31:09Z END=2026-09-21T23:31:09Z LOCK_BUSY
rc=75 stub_calls=0 drop_executed=0
## C17 lock busy (held by another process) -> rc 75, no stub call
test-validation.lock busy; not queueing
PROOF_EXIT=75 STAGE=preflight TS=20260921T233109Z START=2026-09-21T23:31:09Z END=2026-09-21T23:31:09Z LOCK_BUSY
rc=75 stub_calls=0
## C18 password never appears in any log
no log contains the fixture password
## C19 lock log holder/release pairing (tail)
2026-09-21T23:31:08Z HOLDER=s5-r3 PURPOSE=g2-pg17-proof-preflight pid=3298
2026-09-21T23:31:08Z RELEASE=s5-r3 stage=preflight rc=0
