  console.warn
    PG17_PROCESS {"name":"g2g_1","options":{"action":"pair-init","coach":"s11-coach-a","body":{},"host":"P1","role":"phone"},"result":{"pairing_code":"571535","expires_at":"2026-09-29T15:45:40.498Z","import_intent_id":"781d765b-b0a4-4123-8a04-54c3494d3d04"},"queries":11,"pid":4708}

    [0m [90m 181 |[39m       }
     [90m 182 |[39m       [90m// Query shapes, outcomes, fixture identifiers and process IDs only; never parameters.[39m
    [31m[1m>[22m[39m[90m 183 |[39m       console[33m.[39mwarn(
     [90m     |[39m               [31m[1m^[22m[39m
     [90m 184 |[39m         [32m'PG17_PROCESS'[39m[33m,[39m
     [90m 185 |[39m         [33mJSON[39m[33m.[39mstringify({
     [90m 186 |[39m           name[33m,[39m[0m

      at settleWorker (test/utils/g2-s11-pg-harness.ts:183:15)
      at ChildProcess.<anonymous> (test/utils/g2-s11-pg-harness.ts:202:7)

  console.warn
    PG17_PROCESS {"name":"g2g_2","options":{"action":"pair-current","coach":"s11-coach-a","body":{},"host":"P1","role":"phone"},"result":{"status":"pending","import_intent_id":"781d765b-b0a4-4123-8a04-54c3494d3d04","chosen_platform":"s11-label","readiness":{"run":"none","source_declared":false,"declared_platforms":null}},"queries":3,"pid":4729}

    [0m [90m 181 |[39m       }
     [90m 182 |[39m       [90m// Query shapes, outcomes, fixture identifiers and process IDs only; never parameters.[39m
    [31m[1m>[22m[39m[90m 183 |[39m       console[33m.[39mwarn(
     [90m     |[39m               [31m[1m^[22m[39m
     [90m 184 |[39m         [32m'PG17_PROCESS'[39m[33m,[39m
     [90m 185 |[39m         [33mJSON[39m[33m.[39mstringify({
     [90m 186 |[39m           name[33m,[39m[0m

      at settleWorker (test/utils/g2-s11-pg-harness.ts:183:15)
      at ChildProcess.<anonymous> (test/utils/g2-s11-pg-harness.ts:202:7)

  console.warn
    PG17_PROCESS {"name":"g2g_3","options":{"action":"pair-redeem","coach":"unauthenticated","body":{"code":"571535"},"host":"P2","role":"ext"},"result":{"access_token":"synthetic-access-1","refresh_token":"synthetic-refresh-1","chosen_platform":"s11-label","import_intent_id":"781d765b-b0a4-4123-8a04-54c3494d3d04"},"queries":10,"pid":4749}

    [0m [90m 181 |[39m       }
     [90m 182 |[39m       [90m// Query shapes, outcomes, fixture identifiers and process IDs only; never parameters.[39m
    [31m[1m>[22m[39m[90m 183 |[39m       console[33m.[39mwarn(
     [90m     |[39m               [31m[1m^[22m[39m
     [90m 184 |[39m         [32m'PG17_PROCESS'[39m[33m,[39m
     [90m 185 |[39m         [33mJSON[39m[33m.[39mstringify({
     [90m 186 |[39m           name[33m,[39m[0m

      at settleWorker (test/utils/g2-s11-pg-harness.ts:183:15)
      at ChildProcess.<anonymous> (test/utils/g2-s11-pg-harness.ts:202:7)

  console.warn
    PG17_PROCESS {"name":"g2g_4","options":{"action":"pair-redeem","coach":"unauthenticated","body":{"code":"571535"},"host":"P1","role":"ext"},"failure":{"status":410,"message":"Pairing code already used.","response":{"code":"already_used","message":"Pairing code already used."}},"queries":1,"pid":4770}

    [0m [90m 181 |[39m       }
     [90m 182 |[39m       [90m// Query shapes, outcomes, fixture identifiers and process IDs only; never parameters.[39m
    [31m[1m>[22m[39m[90m 183 |[39m       console[33m.[39mwarn(
     [90m     |[39m               [31m[1m^[22m[39m
     [90m 184 |[39m         [32m'PG17_PROCESS'[39m[33m,[39m
     [90m 185 |[39m         [33mJSON[39m[33m.[39mstringify({
     [90m 186 |[39m           name[33m,[39m[0m

      at settleWorker (test/utils/g2-s11-pg-harness.ts:183:15)
      at ChildProcess.<anonymous> (test/utils/g2-s11-pg-harness.ts:202:7)

  console.warn
    PG17_PROCESS {"name":"g2g_5","options":{"action":"pair-current","coach":"s11-coach-a","body":{},"host":"P1","role":"phone"},"result":{"status":"paired","import_intent_id":"781d765b-b0a4-4123-8a04-54c3494d3d04","chosen_platform":"s11-label","readiness":{"run":"none","source_declared":false,"declared_platforms":null}},"queries":3,"pid":4789}

    [0m [90m 181 |[39m       }
     [90m 182 |[39m       [90m// Query shapes, outcomes, fixture identifiers and process IDs only; never parameters.[39m
    [31m[1m>[22m[39m[90m 183 |[39m       console[33m.[39mwarn(
     [90m     |[39m               [31m[1m^[22m[39m
     [90m 184 |[39m         [32m'PG17_PROCESS'[39m[33m,[39m
     [90m 185 |[39m         [33mJSON[39m[33m.[39mstringify({
     [90m 186 |[39m           name[33m,[39m[0m

      at settleWorker (test/utils/g2-s11-pg-harness.ts:183:15)
      at ChildProcess.<anonymous> (test/utils/g2-s11-pg-harness.ts:202:7)

  console.warn
    PG17_PROCESS {"name":"g2g_6","options":{"action":"pair-session","coach":"s11-coach-a","intent":"781d765b-b0a4-4123-8a04-54c3494d3d04","host":"P2","role":"phone"},"result":{"status":"paired","import_intent_id":"781d765b-b0a4-4123-8a04-54c3494d3d04","chosen_platform":"s11-label","readiness":{"run":"none","source_declared":false,"declared_platforms":null}},"queries":3,"pid":4808}

    [0m [90m 181 |[39m       }
     [90m 182 |[39m       [90m// Query shapes, outcomes, fixture identifiers and process IDs only; never parameters.[39m
    [31m[1m>[22m[39m[90m 183 |[39m       console[33m.[39mwarn(
     [90m     |[39m               [31m[1m^[22m[39m
     [90m 184 |[39m         [32m'PG17_PROCESS'[39m[33m,[39m
     [90m 185 |[39m         [33mJSON[39m[33m.[39mstringify({
     [90m 186 |[39m           name[33m,[39m[0m

      at settleWorker (test/utils/g2-s11-pg-harness.ts:183:15)
      at ChildProcess.<anonymous> (test/utils/g2-s11-pg-harness.ts:202:7)

  console.warn
    PG17_PROCESS {"name":"g2g_7","options":{"action":"start","coach":"s11-coach-a","intent":"781d765b-b0a4-4123-8a04-54c3494d3d04","host":"P2","role":"phone"},"result":{"intent_id":"781d765b-b0a4-4123-8a04-54c3494d3d04","mode":"server","phase":"discovering","execution_epoch":1,"accepted_start_at":"2026-09-29T15:43:52.774Z","deadline_at":"2026-09-29T15:48:52.774Z"},"queries":3,"pid":4832}

    [0m [90m 181 |[39m       }
     [90m 182 |[39m       [90m// Query shapes, outcomes, fixture identifiers and process IDs only; never parameters.[39m
    [31m[1m>[22m[39m[90m 183 |[39m       console[33m.[39mwarn(
     [90m     |[39m               [31m[1m^[22m[39m
     [90m 184 |[39m         [32m'PG17_PROCESS'[39m[33m,[39m
     [90m 185 |[39m         [33mJSON[39m[33m.[39mstringify({
     [90m 186 |[39m           name[33m,[39m[0m

      at settleWorker (test/utils/g2-s11-pg-harness.ts:183:15)
      at ChildProcess.<anonymous> (test/utils/g2-s11-pg-harness.ts:202:7)

  console.warn
    PG17_PROCESS {"name":"g2g_8","options":{"action":"start","coach":"s11-coach-a","intent":"781d765b-b0a4-4123-8a04-54c3494d3d04","host":"P1","role":"phone"},"result":{"intent_id":"781d765b-b0a4-4123-8a04-54c3494d3d04","mode":"server","phase":"discovering","execution_epoch":1,"accepted_start_at":"2026-09-29T15:43:52.774Z","deadline_at":"2026-09-29T15:48:52.774Z"},"queries":2,"pid":4856}

    [0m [90m 181 |[39m       }
     [90m 182 |[39m       [90m// Query shapes, outcomes, fixture identifiers and process IDs only; never parameters.[39m
    [31m[1m>[22m[39m[90m 183 |[39m       console[33m.[39mwarn(
     [90m     |[39m               [31m[1m^[22m[39m
     [90m 184 |[39m         [32m'PG17_PROCESS'[39m[33m,[39m
     [90m 185 |[39m         [33mJSON[39m[33m.[39mstringify({
     [90m 186 |[39m           name[33m,[39m[0m

      at settleWorker (test/utils/g2-s11-pg-harness.ts:183:15)
      at ChildProcess.<anonymous> (test/utils/g2-s11-pg-harness.ts:202:7)

  console.warn
    PG17_PROCESS {"name":"g2g_9","options":{"action":"pair-init","coach":"s11-coach-a","body":{},"host":"P1","role":"phone"},"result":{"pairing_code":"298264","expires_at":"2026-09-29T15:45:58.237Z","import_intent_id":"af05374f-3978-4973-b82f-2124216f4237"},"queries":11,"pid":4886}

    [0m [90m 181 |[39m       }
     [90m 182 |[39m       [90m// Query shapes, outcomes, fixture identifiers and process IDs only; never parameters.[39m
    [31m[1m>[22m[39m[90m 183 |[39m       console[33m.[39mwarn(
     [90m     |[39m               [31m[1m^[22m[39m
     [90m 184 |[39m         [32m'PG17_PROCESS'[39m[33m,[39m
     [90m 185 |[39m         [33mJSON[39m[33m.[39mstringify({
     [90m 186 |[39m           name[33m,[39m[0m

      at settleWorker (test/utils/g2-s11-pg-harness.ts:183:15)
      at ChildProcess.<anonymous> (test/utils/g2-s11-pg-harness.ts:202:7)

  console.warn
    PG17_PROCESS {"name":"g2g_10","options":{"action":"pair-redeem","coach":"unauthenticated","body":{"code":"298264"},"host":"P2","role":"ext"},"result":{"access_token":"synthetic-access-1","refresh_token":"synthetic-refresh-1","chosen_platform":"s11-label","import_intent_id":"af05374f-3978-4973-b82f-2124216f4237"},"queries":10,"pid":4905}

    [0m [90m 181 |[39m       }
     [90m 182 |[39m       [90m// Query shapes, outcomes, fixture identifiers and process IDs only; never parameters.[39m
    [31m[1m>[22m[39m[90m 183 |[39m       console[33m.[39mwarn(
     [90m     |[39m               [31m[1m^[22m[39m
     [90m 184 |[39m         [32m'PG17_PROCESS'[39m[33m,[39m
     [90m 185 |[39m         [33mJSON[39m[33m.[39mstringify({
     [90m 186 |[39m           name[33m,[39m[0m

      at settleWorker (test/utils/g2-s11-pg-harness.ts:183:15)
      at ChildProcess.<anonymous> (test/utils/g2-s11-pg-harness.ts:202:7)

  console.warn
    PG17_PROCESS {"name":"g2g_11","options":{"action":"start","coach":"s11-coach-a","intent":"af05374f-3978-4973-b82f-2124216f4237","host":"P2","role":"phone"},"result":{"intent_id":"af05374f-3978-4973-b82f-2124216f4237","mode":"server","phase":"discovering","execution_epoch":1,"accepted_start_at":"2026-09-29T15:44:02.358Z","deadline_at":"2026-09-29T15:49:02.358Z"},"queries":3,"pid":4924}

    [0m [90m 181 |[39m       }
     [90m 182 |[39m       [90m// Query shapes, outcomes, fixture identifiers and process IDs only; never parameters.[39m
    [31m[1m>[22m[39m[90m 183 |[39m       console[33m.[39mwarn(
     [90m     |[39m               [31m[1m^[22m[39m
     [90m 184 |[39m         [32m'PG17_PROCESS'[39m[33m,[39m
     [90m 185 |[39m         [33mJSON[39m[33m.[39mstringify({
     [90m 186 |[39m           name[33m,[39m[0m

      at settleWorker (test/utils/g2-s11-pg-harness.ts:183:15)
      at ChildProcess.<anonymous> (test/utils/g2-s11-pg-harness.ts:202:7)

  console.warn
    PG17_PROCESS {"name":"g2g_12","options":{"action":"ingest","coach":"s11-coach-a","intent":"af05374f-3978-4973-b82f-2124216f4237","body":{"entity_type":"people","entities":[{"sourceId":"p-1","payload":{"name":"Synthetic p-1"}},{"sourceId":"p-2","payload":{"name":"Synthetic p-2"}}]},"host":"P1","role":"ext"},"result":{"received":2,"deduped":0},"queries":8,"pid":4944}

    [0m [90m 181 |[39m       }
     [90m 182 |[39m       [90m// Query shapes, outcomes, fixture identifiers and process IDs only; never parameters.[39m
    [31m[1m>[22m[39m[90m 183 |[39m       console[33m.[39mwarn(
     [90m     |[39m               [31m[1m^[22m[39m
     [90m 184 |[39m         [32m'PG17_PROCESS'[39m[33m,[39m
     [90m 185 |[39m         [33mJSON[39m[33m.[39mstringify({
     [90m 186 |[39m           name[33m,[39m[0m

      at settleWorker (test/utils/g2-s11-pg-harness.ts:183:15)
      at ChildProcess.<anonymous> (test/utils/g2-s11-pg-harness.ts:202:7)

  console.warn
    PG17_PROCESS {"name":"g2g_13","options":{"action":"ingest","coach":"s11-coach-a","intent":"af05374f-3978-4973-b82f-2124216f4237","body":{"entity_type":"blocks","entities":[{"sourceId":"blk-1","payload":{"title":"Base Block","weeks":4,"days":3,"notes":"synthetic"}}]},"host":"P2","role":"ext"},"result":{"received":1,"deduped":0},"queries":8,"pid":4964}

    [0m [90m 181 |[39m       }
     [90m 182 |[39m       [90m// Query shapes, outcomes, fixture identifiers and process IDs only; never parameters.[39m
    [31m[1m>[22m[39m[90m 183 |[39m       console[33m.[39mwarn(
     [90m     |[39m               [31m[1m^[22m[39m
     [90m 184 |[39m         [32m'PG17_PROCESS'[39m[33m,[39m
     [90m 185 |[39m         [33mJSON[39m[33m.[39mstringify({
     [90m 186 |[39m           name[33m,[39m[0m

      at settleWorker (test/utils/g2-s11-pg-harness.ts:183:15)
      at ChildProcess.<anonymous> (test/utils/g2-s11-pg-harness.ts:202:7)

  console.warn
    PG17_PROCESS {"name":"g2g_14","options":{"action":"ingest","coach":"s11-coach-a","intent":"af05374f-3978-4973-b82f-2124216f4237","body":{"entity_type":"routines","entities":[{"sourceId":"rt-1","payload":{"title":"Push Day","kind":"lift","minutes":45,"exercises":[{"id":"e1","exercise":"11111111-1111-4111-8111-111111111111","sets":3,"reps":8,"kg":100}]}}]},"host":"P1","role":"ext"},"result":{"received":1,"deduped":0},"queries":8,"pid":4985}

    [0m [90m 181 |[39m       }
     [90m 182 |[39m       [90m// Query shapes, outcomes, fixture identifiers and process IDs only; never parameters.[39m
    [31m[1m>[22m[39m[90m 183 |[39m       console[33m.[39mwarn(
     [90m     |[39m               [31m[1m^[22m[39m
     [90m 184 |[39m         [32m'PG17_PROCESS'[39m[33m,[39m
     [90m 185 |[39m         [33mJSON[39m[33m.[39mstringify({
     [90m 186 |[39m           name[33m,[39m[0m

      at settleWorker (test/utils/g2-s11-pg-harness.ts:183:15)
      at ChildProcess.<anonymous> (test/utils/g2-s11-pg-harness.ts:202:7)

  console.warn
    PG17_PROCESS {"name":"g2g_15","options":{"action":"ingest","coach":"s11-coach-a","intent":"af05374f-3978-4973-b82f-2124216f4237","body":{"entity_type":"log","entities":[{"sourceId":"h-1","payload":{"title":"note"}}]},"host":"P2","role":"ext"},"result":{"received":1,"deduped":0},"queries":8,"pid":5005}

    [0m [90m 181 |[39m       }
     [90m 182 |[39m       [90m// Query shapes, outcomes, fixture identifiers and process IDs only; never parameters.[39m
    [31m[1m>[22m[39m[90m 183 |[39m       console[33m.[39mwarn(
     [90m     |[39m               [31m[1m^[22m[39m
     [90m 184 |[39m         [32m'PG17_PROCESS'[39m[33m,[39m
     [90m 185 |[39m         [33mJSON[39m[33m.[39mstringify({
     [90m 186 |[39m           name[33m,[39m[0m

      at settleWorker (test/utils/g2-s11-pg-harness.ts:183:15)
      at ChildProcess.<anonymous> (test/utils/g2-s11-pg-harness.ts:202:7)

  console.warn
    PG17_PROCESS {"name":"g2g_16","options":{"action":"status","coach":"s11-coach-a","intent":"af05374f-3978-4973-b82f-2124216f4237","host":"P1","role":"phone"},"result":{"intent_id":"af05374f-3978-4973-b82f-2124216f4237","status":"running","entity_counts":[{"entity_type":"blocks","committed":1},{"entity_type":"log","committed":1},{"entity_type":"people","committed":2},{"entity_type":"routines","committed":1}],"started_at":"2026-09-29T15:44:04.438Z","completed_at":null,"mode":"server","phase":"transferring","accepted_start_at":"2026-09-29T15:44:02.358Z","deadline_at":"2026-09-29T15:49:02.358Z","last_observed_at":"2026-09-29T15:44:10.637Z","execution_epoch":1,"reason_code":null,"claimed_status":null,"families":[{"family":"blocks","observed_unique":null,"staged_unique":1,"created_native":null,"already_present_verified":null,"rejected":null,"unresolved":null,"ledger":{"reconstructed":0,"skipped":0,"failed":0}},{"family":"log","observed_unique":null,"staged_unique":1,"created_native":null,"already_present_verified":null,"rejected":null,"unresolved":null,"ledger":{"reconstructed":0,"skipped":0,"failed":0}},{"family":"people","observed_unique":null,"staged_unique":2,"created_native":null,"already_present_verified":null,"rejected":null,"unresolved":null,"ledger":{"reconstructed":0,"skipped":0,"failed":0}},{"family":"routines","observed_unique":null,"staged_unique":1,"created_native":null,"already_present_verified":null,"rejected":null,"unresolved":null,"ledger":{"reconstructed":0,"skipped":0,"failed":0}}]},"queries":8,"pid":5027}

    [0m [90m 181 |[39m       }
     [90m 182 |[39m       [90m// Query shapes, outcomes, fixture identifiers and process IDs only; never parameters.[39m
    [31m[1m>[22m[39m[90m 183 |[39m       console[33m.[39mwarn(
     [90m     |[39m               [31m[1m^[22m[39m
     [90m 184 |[39m         [32m'PG17_PROCESS'[39m[33m,[39m
     [90m 185 |[39m         [33mJSON[39m[33m.[39mstringify({
     [90m 186 |[39m           name[33m,[39m[0m

      at settleWorker (test/utils/g2-s11-pg-harness.ts:183:15)
      at ChildProcess.<anonymous> (test/utils/g2-s11-pg-harness.ts:202:7)

  console.warn
    PG17_PROCESS {"name":"g2g_17","options":{"action":"status","coach":"s11-coach-a","intent":"af05374f-3978-4973-b82f-2124216f4237","host":"P2","role":"phone"},"result":{"intent_id":"af05374f-3978-4973-b82f-2124216f4237","status":"running","entity_counts":[{"entity_type":"blocks","committed":1},{"entity_type":"log","committed":1},{"entity_type":"people","committed":2},{"entity_type":"routines","committed":1}],"started_at":"2026-09-29T15:44:04.438Z","completed_at":null,"mode":"server","phase":"transferring","accepted_start_at":"2026-09-29T15:44:02.358Z","deadline_at":"2026-09-29T15:49:02.358Z","last_observed_at":"2026-09-29T15:44:10.637Z","execution_epoch":1,"reason_code":null,"claimed_status":null,"families":[{"family":"blocks","observed_unique":null,"staged_unique":1,"created_native":null,"already_present_verified":null,"rejected":null,"unresolved":null,"ledger":{"reconstructed":0,"skipped":0,"failed":0}},{"family":"log","observed_unique":null,"staged_unique":1,"created_native":null,"already_present_verified":null,"rejected":null,"unresolved":null,"ledger":{"reconstructed":0,"skipped":0,"failed":0}},{"family":"people","observed_unique":null,"staged_unique":2,"created_native":null,"already_present_verified":null,"rejected":null,"unresolved":null,"ledger":{"reconstructed":0,"skipped":0,"failed":0}},{"family":"routines","observed_unique":null,"staged_unique":1,"created_native":null,"already_present_verified":null,"rejected":null,"unresolved":null,"ledger":{"reconstructed":0,"skipped":0,"failed":0}}]},"queries":8,"pid":5047}

    [0m [90m 181 |[39m       }
     [90m 182 |[39m       [90m// Query shapes, outcomes, fixture identifiers and process IDs only; never parameters.[39m
    [31m[1m>[22m[39m[90m 183 |[39m       console[33m.[39mwarn(
     [90m     |[39m               [31m[1m^[22m[39m
     [90m 184 |[39m         [32m'PG17_PROCESS'[39m[33m,[39m
     [90m 185 |[39m         [33mJSON[39m[33m.[39mstringify({
     [90m 186 |[39m           name[33m,[39m[0m

      at settleWorker (test/utils/g2-s11-pg-harness.ts:183:15)
      at ChildProcess.<anonymous> (test/utils/g2-s11-pg-harness.ts:202:7)

  console.warn
    PG17_PROCESS {"name":"g2g_18","options":{"action":"complete","coach":"s11-coach-a","intent":"af05374f-3978-4973-b82f-2124216f4237","body":{"terminal_status":"success"},"host":"P1","role":"ext"},"result":{"acknowledged":true,"intent_id":"af05374f-3978-4973-b82f-2124216f4237"},"queries":93,"pid":5068}

    [0m [90m 181 |[39m       }
     [90m 182 |[39m       [90m// Query shapes, outcomes, fixture identifiers and process IDs only; never parameters.[39m
    [31m[1m>[22m[39m[90m 183 |[39m       console[33m.[39mwarn(
     [90m     |[39m               [31m[1m^[22m[39m
     [90m 184 |[39m         [32m'PG17_PROCESS'[39m[33m,[39m
     [90m 185 |[39m         [33mJSON[39m[33m.[39mstringify({
     [90m 186 |[39m           name[33m,[39m[0m

      at settleWorker (test/utils/g2-s11-pg-harness.ts:183:15)
      at ChildProcess.<anonymous> (test/utils/g2-s11-pg-harness.ts:202:7)

  console.warn
    PG17_PROCESS {"name":"g2g_19","options":{"action":"complete","coach":"s11-coach-a","intent":"af05374f-3978-4973-b82f-2124216f4237","body":{"terminal_status":"success"},"host":"P2","role":"ext"},"result":{"acknowledged":true,"intent_id":"af05374f-3978-4973-b82f-2124216f4237"},"queries":8,"pid":5092}

    [0m [90m 181 |[39m       }
     [90m 182 |[39m       [90m// Query shapes, outcomes, fixture identifiers and process IDs only; never parameters.[39m
    [31m[1m>[22m[39m[90m 183 |[39m       console[33m.[39mwarn(
     [90m     |[39m               [31m[1m^[22m[39m
     [90m 184 |[39m         [32m'PG17_PROCESS'[39m[33m,[39m
     [90m 185 |[39m         [33mJSON[39m[33m.[39mstringify({
     [90m 186 |[39m           name[33m,[39m[0m

      at settleWorker (test/utils/g2-s11-pg-harness.ts:183:15)
      at ChildProcess.<anonymous> (test/utils/g2-s11-pg-harness.ts:202:7)

  console.warn
    PG17_PROCESS {"name":"g2g_20","options":{"action":"status","coach":"s11-coach-a","intent":"af05374f-3978-4973-b82f-2124216f4237","host":"P2","role":"phone"},"result":{"intent_id":"af05374f-3978-4973-b82f-2124216f4237","status":"partial","entity_counts":[{"entity_type":"blocks","committed":1},{"entity_type":"log","committed":1},{"entity_type":"people","committed":2},{"entity_type":"routines","committed":1}],"started_at":"2026-09-29T15:44:04.438Z","completed_at":"2026-09-29T15:44:16.895Z","mode":"server","phase":"reconciling","accepted_start_at":"2026-09-29T15:44:02.358Z","deadline_at":"2026-09-29T15:49:02.358Z","last_observed_at":"2026-09-29T15:44:16.890Z","execution_epoch":1,"reason_code":"unresolved_identities","claimed_status":"success","families":[{"family":"blocks","observed_unique":null,"staged_unique":1,"created_native":null,"already_present_verified":null,"rejected":0,"unresolved":0,"ledger":{"reconstructed":1,"skipped":0,"failed":0},"canonical_family":"programs","native_present_verified":1,"completeness_basis":"none","relationship_closure":"not_applicable","reasons":[],"qualifiers":[]},{"family":"log","observed_unique":null,"staged_unique":1,"created_native":null,"already_present_verified":null,"rejected":1,"unresolved":0,"ledger":{"reconstructed":0,"skipped":1,"failed":0},"canonical_family":"client_history","native_present_verified":0,"completeness_basis":"none","relationship_closure":"not_applicable","reasons":[{"code":"unsupported_platform:s11-proof","count":1}],"qualifiers":[]},{"family":"people","observed_unique":null,"staged_unique":2,"created_native":null,"already_present_verified":null,"rejected":2,"unresolved":0,"ledger":{"reconstructed":0,"skipped":2,"failed":0},"canonical_family":"clients","native_present_verified":0,"completeness_basis":"none","relationship_closure":"not_applicable","reasons":[{"code":"unsupported_platform:s11-proof","count":2}],"qualifiers":["roster_bridge_pending"]},{"family":"routines","observed_unique":null,"staged_unique":1,"created_native":null,"already_present_verified":null,"rejected":0,"unresolved":0,"ledger":{"reconstructed":1,"skipped":0,"failed":0},"canonical_family":"workouts","native_present_verified":1,"completeness_basis":"none","relationship_closure":"verified","reasons":[],"qualifiers":[]}]},"queries":9,"pid":5116}

    [0m [90m 181 |[39m       }
     [90m 182 |[39m       [90m// Query shapes, outcomes, fixture identifiers and process IDs only; never parameters.[39m
    [31m[1m>[22m[39m[90m 183 |[39m       console[33m.[39mwarn(
     [90m     |[39m               [31m[1m^[22m[39m
     [90m 184 |[39m         [32m'PG17_PROCESS'[39m[33m,[39m
     [90m 185 |[39m         [33mJSON[39m[33m.[39mstringify({
     [90m 186 |[39m           name[33m,[39m[0m

      at settleWorker (test/utils/g2-s11-pg-harness.ts:183:15)
      at ChildProcess.<anonymous> (test/utils/g2-s11-pg-harness.ts:202:7)

  console.warn
    PG17_PROCESS {"name":"g2g_21","options":{"action":"status","coach":"s11-coach-a","intent":"af05374f-3978-4973-b82f-2124216f4237","host":"P1","role":"phone"},"result":{"intent_id":"af05374f-3978-4973-b82f-2124216f4237","status":"partial","entity_counts":[{"entity_type":"blocks","committed":1},{"entity_type":"log","committed":1},{"entity_type":"people","committed":2},{"entity_type":"routines","committed":1}],"started_at":"2026-09-29T15:44:04.438Z","completed_at":"2026-09-29T15:44:16.895Z","mode":"server","phase":"reconciling","accepted_start_at":"2026-09-29T15:44:02.358Z","deadline_at":"2026-09-29T15:49:02.358Z","last_observed_at":"2026-09-29T15:44:16.890Z","execution_epoch":1,"reason_code":"unresolved_identities","claimed_status":"success","families":[{"family":"blocks","observed_unique":null,"staged_unique":1,"created_native":null,"already_present_verified":null,"rejected":0,"unresolved":0,"ledger":{"reconstructed":1,"skipped":0,"failed":0},"canonical_family":"programs","native_present_verified":1,"completeness_basis":"none","relationship_closure":"not_applicable","reasons":[],"qualifiers":[]},{"family":"log","observed_unique":null,"staged_unique":1,"created_native":null,"already_present_verified":null,"rejected":1,"unresolved":0,"ledger":{"reconstructed":0,"skipped":1,"failed":0},"canonical_family":"client_history","native_present_verified":0,"completeness_basis":"none","relationship_closure":"not_applicable","reasons":[{"code":"unsupported_platform:s11-proof","count":1}],"qualifiers":[]},{"family":"people","observed_unique":null,"staged_unique":2,"created_native":null,"already_present_verified":null,"rejected":2,"unresolved":0,"ledger":{"reconstructed":0,"skipped":2,"failed":0},"canonical_family":"clients","native_present_verified":0,"completeness_basis":"none","relationship_closure":"not_applicable","reasons":[{"code":"unsupported_platform:s11-proof","count":2}],"qualifiers":["roster_bridge_pending"]},{"family":"routines","observed_unique":null,"staged_unique":1,"created_native":null,"already_present_verified":null,"rejected":0,"unresolved":0,"ledger":{"reconstructed":1,"skipped":0,"failed":0},"canonical_family":"workouts","native_present_verified":1,"completeness_basis":"none","relationship_closure":"verified","reasons":[],"qualifiers":[]}]},"queries":9,"pid":5137}

    [0m [90m 181 |[39m       }
     [90m 182 |[39m       [90m// Query shapes, outcomes, fixture identifiers and process IDs only; never parameters.[39m
    [31m[1m>[22m[39m[90m 183 |[39m       console[33m.[39mwarn(
     [90m     |[39m               [31m[1m^[22m[39m
     [90m 184 |[39m         [32m'PG17_PROCESS'[39m[33m,[39m
     [90m 185 |[39m         [33mJSON[39m[33m.[39mstringify({
     [90m 186 |[39m           name[33m,[39m[0m

      at settleWorker (test/utils/g2-s11-pg-harness.ts:183:15)
      at ChildProcess.<anonymous> (test/utils/g2-s11-pg-harness.ts:202:7)

  console.warn
    PG17_PROCESS {"name":"g2g_22","options":{"action":"roster","coach":"s11-coach-a","intent":"af05374f-3978-4973-b82f-2124216f4237","host":"P1","role":"phone"},"result":{"intent_id":"af05374f-3978-4973-b82f-2124216f4237","accounting":{"staged":2,"reconstructed":0,"skipped":2,"failed":0,"unclassified":0},"persons":[],"page":{"limit":50,"next_cursor":null,"has_more":false},"roster_bridge_pending":true},"queries":9,"pid":5159}

    [0m [90m 181 |[39m       }
     [90m 182 |[39m       [90m// Query shapes, outcomes, fixture identifiers and process IDs only; never parameters.[39m
    [31m[1m>[22m[39m[90m 183 |[39m       console[33m.[39mwarn(
     [90m     |[39m               [31m[1m^[22m[39m
     [90m 184 |[39m         [32m'PG17_PROCESS'[39m[33m,[39m
     [90m 185 |[39m         [33mJSON[39m[33m.[39mstringify({
     [90m 186 |[39m           name[33m,[39m[0m

      at settleWorker (test/utils/g2-s11-pg-harness.ts:183:15)
      at ChildProcess.<anonymous> (test/utils/g2-s11-pg-harness.ts:202:7)

  console.warn
    PG17_PROCESS {"name":"g2g_23","options":{"action":"roster","coach":"s11-coach-a","intent":"af05374f-3978-4973-b82f-2124216f4237","host":"P2","role":"phone"},"result":{"intent_id":"af05374f-3978-4973-b82f-2124216f4237","accounting":{"staged":2,"reconstructed":0,"skipped":2,"failed":0,"unclassified":0},"persons":[],"page":{"limit":50,"next_cursor":null,"has_more":false},"roster_bridge_pending":true},"queries":9,"pid":5178}

    [0m [90m 181 |[39m       }
     [90m 182 |[39m       [90m// Query shapes, outcomes, fixture identifiers and process IDs only; never parameters.[39m
    [31m[1m>[22m[39m[90m 183 |[39m       console[33m.[39mwarn(
     [90m     |[39m               [31m[1m^[22m[39m
     [90m 184 |[39m         [32m'PG17_PROCESS'[39m[33m,[39m
     [90m 185 |[39m         [33mJSON[39m[33m.[39mstringify({
     [90m 186 |[39m           name[33m,[39m[0m

      at settleWorker (test/utils/g2-s11-pg-harness.ts:183:15)
      at ChildProcess.<anonymous> (test/utils/g2-s11-pg-harness.ts:202:7)

  console.warn
    PG17_PROCESS {"name":"g2g_24","options":{"action":"entities","coach":"s11-coach-a","intent":"af05374f-3978-4973-b82f-2124216f4237","body":{"family":"workouts"},"host":"P2","role":"phone"},"result":{"intent_id":"af05374f-3978-4973-b82f-2124216f4237","family":"workouts","entities":[{"id":"f3aee138-2241-4608-8e66-598c8d777693","target_kind":"workout_plan","native_id":"f3aee138-2241-4608-8e66-598c8d777693","source_platform":"s11-proof","entity_type":"workouts","source_id":"rt-1","client_source_id":null,"label":"Push Day","created_at":"2026-09-29T15:44:16.881Z","updated_at":"2026-09-29T15:44:16.881Z"}],"page_count":1,"next_cursor":null,"unclassified_staged":0},"queries":11,"pid":5197}

    [0m [90m 181 |[39m       }
     [90m 182 |[39m       [90m// Query shapes, outcomes, fixture identifiers and process IDs only; never parameters.[39m
    [31m[1m>[22m[39m[90m 183 |[39m       console[33m.[39mwarn(
     [90m     |[39m               [31m[1m^[22m[39m
     [90m 184 |[39m         [32m'PG17_PROCESS'[39m[33m,[39m
     [90m 185 |[39m         [33mJSON[39m[33m.[39mstringify({
     [90m 186 |[39m           name[33m,[39m[0m

      at settleWorker (test/utils/g2-s11-pg-harness.ts:183:15)
      at ChildProcess.<anonymous> (test/utils/g2-s11-pg-harness.ts:202:7)

  console.warn
    PG17_PROCESS {"name":"g2g_25","options":{"action":"entities","coach":"s11-coach-a","intent":"af05374f-3978-4973-b82f-2124216f4237","body":{"family":"workouts"},"host":"P1","role":"phone"},"result":{"intent_id":"af05374f-3978-4973-b82f-2124216f4237","family":"workouts","entities":[{"id":"f3aee138-2241-4608-8e66-598c8d777693","target_kind":"workout_plan","native_id":"f3aee138-2241-4608-8e66-598c8d777693","source_platform":"s11-proof","entity_type":"workouts","source_id":"rt-1","client_source_id":null,"label":"Push Day","created_at":"2026-09-29T15:44:16.881Z","updated_at":"2026-09-29T15:44:16.881Z"}],"page_count":1,"next_cursor":null,"unclassified_staged":0},"queries":11,"pid":5216}

    [0m [90m 181 |[39m       }
     [90m 182 |[39m       [90m// Query shapes, outcomes, fixture identifiers and process IDs only; never parameters.[39m
    [31m[1m>[22m[39m[90m 183 |[39m       console[33m.[39mwarn(
     [90m     |[39m               [31m[1m^[22m[39m
     [90m 184 |[39m         [32m'PG17_PROCESS'[39m[33m,[39m
     [90m 185 |[39m         [33mJSON[39m[33m.[39mstringify({
     [90m 186 |[39m           name[33m,[39m[0m

      at settleWorker (test/utils/g2-s11-pg-harness.ts:183:15)
      at ChildProcess.<anonymous> (test/utils/g2-s11-pg-harness.ts:202:7)

  console.warn
    PG17_PROCESS {"name":"g2g_26","options":{"action":"pair-init","coach":"s11-coach-a","body":{},"host":"P1","role":"phone"},"result":{"pairing_code":"254301","expires_at":"2026-09-29T15:46:33.474Z","import_intent_id":"785a2dc4-4570-4e3f-b905-555c2eff48cc"},"queries":11,"pid":5243}

    [0m [90m 181 |[39m       }
     [90m 182 |[39m       [90m// Query shapes, outcomes, fixture identifiers and process IDs only; never parameters.[39m
    [31m[1m>[22m[39m[90m 183 |[39m       console[33m.[39mwarn(
     [90m     |[39m               [31m[1m^[22m[39m
     [90m 184 |[39m         [32m'PG17_PROCESS'[39m[33m,[39m
     [90m 185 |[39m         [33mJSON[39m[33m.[39mstringify({
     [90m 186 |[39m           name[33m,[39m[0m

      at settleWorker (test/utils/g2-s11-pg-harness.ts:183:15)
      at ChildProcess.<anonymous> (test/utils/g2-s11-pg-harness.ts:202:7)

  console.warn
    PG17_PROCESS {"name":"g2g_27","options":{"action":"pair-redeem","coach":"unauthenticated","body":{"code":"254301"},"host":"P2","role":"ext"},"result":{"access_token":"synthetic-access-1","refresh_token":"synthetic-refresh-1","chosen_platform":"s11-label","import_intent_id":"785a2dc4-4570-4e3f-b905-555c2eff48cc"},"queries":10,"pid":5263}

    [0m [90m 181 |[39m       }
     [90m 182 |[39m       [90m// Query shapes, outcomes, fixture identifiers and process IDs only; never parameters.[39m
    [31m[1m>[22m[39m[90m 183 |[39m       console[33m.[39mwarn(
     [90m     |[39m               [31m[1m^[22m[39m
     [90m 184 |[39m         [32m'PG17_PROCESS'[39m[33m,[39m
     [90m 185 |[39m         [33mJSON[39m[33m.[39mstringify({
     [90m 186 |[39m           name[33m,[39m[0m

      at settleWorker (test/utils/g2-s11-pg-harness.ts:183:15)
      at ChildProcess.<anonymous> (test/utils/g2-s11-pg-harness.ts:202:7)

  console.warn
    PG17_PROCESS {"name":"g2g_28","options":{"action":"start","coach":"s11-coach-a","intent":"785a2dc4-4570-4e3f-b905-555c2eff48cc","host":"P2","role":"phone"},"result":{"intent_id":"785a2dc4-4570-4e3f-b905-555c2eff48cc","mode":"server","phase":"discovering","execution_epoch":1,"accepted_start_at":"2026-09-29T15:44:37.523Z","deadline_at":"2026-09-29T15:49:37.523Z"},"queries":3,"pid":5284}

    [0m [90m 181 |[39m       }
     [90m 182 |[39m       [90m// Query shapes, outcomes, fixture identifiers and process IDs only; never parameters.[39m
    [31m[1m>[22m[39m[90m 183 |[39m       console[33m.[39mwarn(
     [90m     |[39m               [31m[1m^[22m[39m
     [90m 184 |[39m         [32m'PG17_PROCESS'[39m[33m,[39m
     [90m 185 |[39m         [33mJSON[39m[33m.[39mstringify({
     [90m 186 |[39m           name[33m,[39m[0m

      at settleWorker (test/utils/g2-s11-pg-harness.ts:183:15)
      at ChildProcess.<anonymous> (test/utils/g2-s11-pg-harness.ts:202:7)

  console.warn
    PG17_PROCESS {"name":"g2g_29","options":{"action":"ingest","coach":"s11-coach-a","intent":"785a2dc4-4570-4e3f-b905-555c2eff48cc","body":{"entity_type":"people","entities":[{"sourceId":"p-1","payload":{"name":"Synthetic p-1"}}]},"host":"P1","role":"ext"},"result":{"received":1,"deduped":0},"queries":8,"pid":5303}

    [0m [90m 181 |[39m       }
     [90m 182 |[39m       [90m// Query shapes, outcomes, fixture identifiers and process IDs only; never parameters.[39m
    [31m[1m>[22m[39m[90m 183 |[39m       console[33m.[39mwarn(
     [90m     |[39m               [31m[1m^[22m[39m
     [90m 184 |[39m         [32m'PG17_PROCESS'[39m[33m,[39m
     [90m 185 |[39m         [33mJSON[39m[33m.[39mstringify({
     [90m 186 |[39m           name[33m,[39m[0m

      at settleWorker (test/utils/g2-s11-pg-harness.ts:183:15)
      at ChildProcess.<anonymous> (test/utils/g2-s11-pg-harness.ts:202:7)

  console.warn
    PG17_PROCESS {"name":"g2g_31","options":{"action":"status","coach":"s11-coach-a","intent":"785a2dc4-4570-4e3f-b905-555c2eff48cc","host":"P2","role":"phone"},"result":{"intent_id":"785a2dc4-4570-4e3f-b905-555c2eff48cc","status":"running","entity_counts":[{"entity_type":"people","committed":1}],"started_at":"2026-09-29T15:44:39.564Z","completed_at":null,"mode":"server","phase":"transferring","accepted_start_at":"2026-09-29T15:44:37.523Z","deadline_at":"2026-09-29T15:49:37.523Z","last_observed_at":"2026-09-29T15:44:41.599Z","execution_epoch":1,"reason_code":null,"claimed_status":null,"families":[{"family":"people","observed_unique":null,"staged_unique":1,"created_native":null,"already_present_verified":null,"rejected":null,"unresolved":null,"ledger":{"reconstructed":0,"skipped":0,"failed":0}}]},"queries":8,"pid":5347}

    [0m [90m 181 |[39m       }
     [90m 182 |[39m       [90m// Query shapes, outcomes, fixture identifiers and process IDs only; never parameters.[39m
    [31m[1m>[22m[39m[90m 183 |[39m       console[33m.[39mwarn(
     [90m     |[39m               [31m[1m^[22m[39m
     [90m 184 |[39m         [32m'PG17_PROCESS'[39m[33m,[39m
     [90m 185 |[39m         [33mJSON[39m[33m.[39mstringify({
     [90m 186 |[39m           name[33m,[39m[0m

      at settleWorker (test/utils/g2-s11-pg-harness.ts:183:15)
      at ChildProcess.<anonymous> (test/utils/g2-s11-pg-harness.ts:202:7)

  console.warn
    PG17_PROCESS {"name":"g2g_30","options":{"action":"progress","coach":"s11-coach-a","intent":"785a2dc4-4570-4e3f-b905-555c2eff48cc","body":{"flush":true,"progress":[{"entity_type":"people","count_committed":1,"total_estimated":7}]},"pause":"cached","host":"P1","role":"ext"},"result":{"recorded":true,"flushed":true},"queries":8,"pid":5323}

    [0m [90m 181 |[39m       }
     [90m 182 |[39m       [90m// Query shapes, outcomes, fixture identifiers and process IDs only; never parameters.[39m
    [31m[1m>[22m[39m[90m 183 |[39m       console[33m.[39mwarn(
     [90m     |[39m               [31m[1m^[22m[39m
     [90m 184 |[39m         [32m'PG17_PROCESS'[39m[33m,[39m
     [90m 185 |[39m         [33mJSON[39m[33m.[39mstringify({
     [90m 186 |[39m           name[33m,[39m[0m

      at settleWorker (test/utils/g2-s11-pg-harness.ts:183:15)
      at ChildProcess.<anonymous> (test/utils/g2-s11-pg-harness.ts:202:7)

  console.warn
    PG17_PROCESS {"name":"g2g_32","options":{"action":"status","coach":"s11-coach-a","intent":"785a2dc4-4570-4e3f-b905-555c2eff48cc","host":"P2","role":"phone"},"result":{"intent_id":"785a2dc4-4570-4e3f-b905-555c2eff48cc","status":"running","entity_counts":[{"entity_type":"people","committed":1}],"started_at":"2026-09-29T15:44:39.564Z","completed_at":null,"mode":"server","phase":"transferring","accepted_start_at":"2026-09-29T15:44:37.523Z","deadline_at":"2026-09-29T15:49:37.523Z","last_observed_at":"2026-09-29T15:44:41.599Z","execution_epoch":1,"reason_code":null,"claimed_status":null,"families":[{"family":"people","observed_unique":null,"staged_unique":1,"created_native":null,"already_present_verified":null,"rejected":null,"unresolved":null,"ledger":{"reconstructed":0,"skipped":0,"failed":0}}]},"queries":8,"pid":5371}

    [0m [90m 181 |[39m       }
     [90m 182 |[39m       [90m// Query shapes, outcomes, fixture identifiers and process IDs only; never parameters.[39m
    [31m[1m>[22m[39m[90m 183 |[39m       console[33m.[39mwarn(
     [90m     |[39m               [31m[1m^[22m[39m
     [90m 184 |[39m         [32m'PG17_PROCESS'[39m[33m,[39m
     [90m 185 |[39m         [33mJSON[39m[33m.[39mstringify({
     [90m 186 |[39m           name[33m,[39m[0m

      at settleWorker (test/utils/g2-s11-pg-harness.ts:183:15)
      at ChildProcess.<anonymous> (test/utils/g2-s11-pg-harness.ts:202:7)

  console.warn
    PG17_PROCESS {"name":"g2g_33","options":{"action":"pair-init","coach":"s11-coach-a","body":{},"host":"P1","role":"phone"},"result":{"pairing_code":"107291","expires_at":"2026-09-29T15:46:47.882Z","import_intent_id":"4d10e151-97da-47cf-b21d-a1942c0f2ad0"},"queries":11,"pid":5397}

    [0m [90m 181 |[39m       }
     [90m 182 |[39m       [90m// Query shapes, outcomes, fixture identifiers and process IDs only; never parameters.[39m
    [31m[1m>[22m[39m[90m 183 |[39m       console[33m.[39mwarn(
     [90m     |[39m               [31m[1m^[22m[39m
     [90m 184 |[39m         [32m'PG17_PROCESS'[39m[33m,[39m
     [90m 185 |[39m         [33mJSON[39m[33m.[39mstringify({
     [90m 186 |[39m           name[33m,[39m[0m

      at settleWorker (test/utils/g2-s11-pg-harness.ts:183:15)
      at ChildProcess.<anonymous> (test/utils/g2-s11-pg-harness.ts:202:7)

  console.warn
    PG17_PROCESS {"name":"g2g_34","options":{"action":"pair-redeem","coach":"unauthenticated","body":{"code":"107291"},"host":"P2","role":"ext"},"result":{"access_token":"synthetic-access-1","refresh_token":"synthetic-refresh-1","chosen_platform":"s11-label","import_intent_id":"4d10e151-97da-47cf-b21d-a1942c0f2ad0"},"queries":10,"pid":5416}

    [0m [90m 181 |[39m       }
     [90m 182 |[39m       [90m// Query shapes, outcomes, fixture identifiers and process IDs only; never parameters.[39m
    [31m[1m>[22m[39m[90m 183 |[39m       console[33m.[39mwarn(
     [90m     |[39m               [31m[1m^[22m[39m
     [90m 184 |[39m         [32m'PG17_PROCESS'[39m[33m,[39m
     [90m 185 |[39m         [33mJSON[39m[33m.[39mstringify({
     [90m 186 |[39m           name[33m,[39m[0m

      at settleWorker (test/utils/g2-s11-pg-harness.ts:183:15)
      at ChildProcess.<anonymous> (test/utils/g2-s11-pg-harness.ts:202:7)

  console.warn
    PG17_PROCESS {"name":"g2g_35","options":{"action":"start","coach":"s11-coach-a","intent":"4d10e151-97da-47cf-b21d-a1942c0f2ad0","host":"P2","role":"phone"},"result":{"intent_id":"4d10e151-97da-47cf-b21d-a1942c0f2ad0","mode":"server","phase":"discovering","execution_epoch":1,"accepted_start_at":"2026-09-29T15:44:51.964Z","deadline_at":"2026-09-29T15:49:51.964Z"},"queries":3,"pid":5436}

    [0m [90m 181 |[39m       }
     [90m 182 |[39m       [90m// Query shapes, outcomes, fixture identifiers and process IDs only; never parameters.[39m
    [31m[1m>[22m[39m[90m 183 |[39m       console[33m.[39mwarn(
     [90m     |[39m               [31m[1m^[22m[39m
     [90m 184 |[39m         [32m'PG17_PROCESS'[39m[33m,[39m
     [90m 185 |[39m         [33mJSON[39m[33m.[39mstringify({
     [90m 186 |[39m           name[33m,[39m[0m

      at settleWorker (test/utils/g2-s11-pg-harness.ts:183:15)
      at ChildProcess.<anonymous> (test/utils/g2-s11-pg-harness.ts:202:7)

  console.warn
    PG17_PROCESS {"name":"g2g_36","options":{"action":"ingest","coach":"s11-coach-a","intent":"4d10e151-97da-47cf-b21d-a1942c0f2ad0","body":{"entity_type":"people","entities":[{"sourceId":"p-1","payload":{"name":"Synthetic p-1"}}]},"host":"P1","role":"ext"},"result":{"received":1,"deduped":0},"queries":8,"pid":5456}

    [0m [90m 181 |[39m       }
     [90m 182 |[39m       [90m// Query shapes, outcomes, fixture identifiers and process IDs only; never parameters.[39m
    [31m[1m>[22m[39m[90m 183 |[39m       console[33m.[39mwarn(
     [90m     |[39m               [31m[1m^[22m[39m
     [90m 184 |[39m         [32m'PG17_PROCESS'[39m[33m,[39m
     [90m 185 |[39m         [33mJSON[39m[33m.[39mstringify({
     [90m 186 |[39m           name[33m,[39m[0m

      at settleWorker (test/utils/g2-s11-pg-harness.ts:183:15)
      at ChildProcess.<anonymous> (test/utils/g2-s11-pg-harness.ts:202:7)

  console.warn
    PG17_PROCESS {"name":"g2g_37","options":{"action":"ingest","coach":"s11-coach-a","intent":"4d10e151-97da-47cf-b21d-a1942c0f2ad0","body":{"entity_type":"people","entities":[{"sourceId":"p-2","payload":{"name":"Synthetic p-2"}}]},"host":"P2","role":"ext"},"result":{"received":1,"deduped":0},"queries":8,"pid":5477}

    [0m [90m 181 |[39m       }
     [90m 182 |[39m       [90m// Query shapes, outcomes, fixture identifiers and process IDs only; never parameters.[39m
    [31m[1m>[22m[39m[90m 183 |[39m       console[33m.[39mwarn(
     [90m     |[39m               [31m[1m^[22m[39m
     [90m 184 |[39m         [32m'PG17_PROCESS'[39m[33m,[39m
     [90m 185 |[39m         [33mJSON[39m[33m.[39mstringify({
     [90m 186 |[39m           name[33m,[39m[0m

      at settleWorker (test/utils/g2-s11-pg-harness.ts:183:15)
      at ChildProcess.<anonymous> (test/utils/g2-s11-pg-harness.ts:202:7)

  console.warn
    PG17_PROCESS {"name":"g2g_38","options":{"action":"status","coach":"s11-coach-a","intent":"4d10e151-97da-47cf-b21d-a1942c0f2ad0","host":"P2","role":"phone"},"result":{"intent_id":"4d10e151-97da-47cf-b21d-a1942c0f2ad0","status":"running","entity_counts":[{"entity_type":"people","committed":2}],"started_at":"2026-09-29T15:44:54.020Z","completed_at":null,"mode":"server","phase":"transferring","accepted_start_at":"2026-09-29T15:44:51.964Z","deadline_at":"2026-09-29T15:49:51.964Z","last_observed_at":"2026-09-29T15:44:56.066Z","execution_epoch":1,"reason_code":null,"claimed_status":null,"families":[{"family":"people","observed_unique":null,"staged_unique":2,"created_native":null,"already_present_verified":null,"rejected":null,"unresolved":null,"ledger":{"reconstructed":0,"skipped":0,"failed":0}}]},"queries":8,"pid":5497}

    [0m [90m 181 |[39m       }
     [90m 182 |[39m       [90m// Query shapes, outcomes, fixture identifiers and process IDs only; never parameters.[39m
    [31m[1m>[22m[39m[90m 183 |[39m       console[33m.[39mwarn(
     [90m     |[39m               [31m[1m^[22m[39m
     [90m 184 |[39m         [32m'PG17_PROCESS'[39m[33m,[39m
     [90m 185 |[39m         [33mJSON[39m[33m.[39mstringify({
     [90m 186 |[39m           name[33m,[39m[0m

      at settleWorker (test/utils/g2-s11-pg-harness.ts:183:15)
      at ChildProcess.<anonymous> (test/utils/g2-s11-pg-harness.ts:202:7)

  console.warn
    PG17_PROCESS {"name":"g2g_40","options":{"action":"status","coach":"s11-coach-a","intent":"4d10e151-97da-47cf-b21d-a1942c0f2ad0","host":"P2","role":"phone"},"result":{"intent_id":"4d10e151-97da-47cf-b21d-a1942c0f2ad0","status":"running","entity_counts":[{"entity_type":"people","committed":2}],"started_at":"2026-09-29T15:44:54.020Z","completed_at":null,"mode":"server","phase":"transferring","accepted_start_at":"2026-09-29T15:44:51.964Z","deadline_at":"2026-09-29T15:49:51.964Z","last_observed_at":"2026-09-29T15:45:00.188Z","execution_epoch":1,"reason_code":null,"claimed_status":null,"families":[{"family":"people","observed_unique":null,"staged_unique":2,"created_native":null,"already_present_verified":null,"rejected":null,"unresolved":null,"ledger":{"reconstructed":0,"skipped":0,"failed":0}}]},"queries":8,"pid":5541}

    [0m [90m 181 |[39m       }
     [90m 182 |[39m       [90m// Query shapes, outcomes, fixture identifiers and process IDs only; never parameters.[39m
    [31m[1m>[22m[39m[90m 183 |[39m       console[33m.[39mwarn(
     [90m     |[39m               [31m[1m^[22m[39m
     [90m 184 |[39m         [32m'PG17_PROCESS'[39m[33m,[39m
     [90m 185 |[39m         [33mJSON[39m[33m.[39mstringify({
     [90m 186 |[39m           name[33m,[39m[0m

      at settleWorker (test/utils/g2-s11-pg-harness.ts:183:15)
      at ChildProcess.<anonymous> (test/utils/g2-s11-pg-harness.ts:202:7)

  console.warn
    PG17_PROCESS {"name":"g2g_41","options":{"action":"pair-init","coach":"s11-coach-a","body":{},"host":"P1","role":"phone"},"result":{"pairing_code":"506568","expires_at":"2026-09-29T15:47:04.395Z","import_intent_id":"3e972b9c-0375-4528-a8d2-8a70046ae492"},"queries":11,"pid":5574}

    [0m [90m 181 |[39m       }
     [90m 182 |[39m       [90m// Query shapes, outcomes, fixture identifiers and process IDs only; never parameters.[39m
    [31m[1m>[22m[39m[90m 183 |[39m       console[33m.[39mwarn(
     [90m     |[39m               [31m[1m^[22m[39m
     [90m 184 |[39m         [32m'PG17_PROCESS'[39m[33m,[39m
     [90m 185 |[39m         [33mJSON[39m[33m.[39mstringify({
     [90m 186 |[39m           name[33m,[39m[0m

      at settleWorker (test/utils/g2-s11-pg-harness.ts:183:15)
      at ChildProcess.<anonymous> (test/utils/g2-s11-pg-harness.ts:202:7)

  console.warn
    PG17_PROCESS {"name":"g2g_42","options":{"action":"pair-redeem","coach":"unauthenticated","body":{"code":"506568"},"host":"P2","role":"ext"},"result":{"access_token":"synthetic-access-1","refresh_token":"synthetic-refresh-1","chosen_platform":"s11-label","import_intent_id":"3e972b9c-0375-4528-a8d2-8a70046ae492"},"queries":10,"pid":5593}

    [0m [90m 181 |[39m       }
     [90m 182 |[39m       [90m// Query shapes, outcomes, fixture identifiers and process IDs only; never parameters.[39m
    [31m[1m>[22m[39m[90m 183 |[39m       console[33m.[39mwarn(
     [90m     |[39m               [31m[1m^[22m[39m
     [90m 184 |[39m         [32m'PG17_PROCESS'[39m[33m,[39m
     [90m 185 |[39m         [33mJSON[39m[33m.[39mstringify({
     [90m 186 |[39m           name[33m,[39m[0m

      at settleWorker (test/utils/g2-s11-pg-harness.ts:183:15)
      at ChildProcess.<anonymous> (test/utils/g2-s11-pg-harness.ts:202:7)

  console.warn
    PG17_PROCESS {"name":"g2g_43","options":{"action":"start","coach":"s11-coach-a","intent":"3e972b9c-0375-4528-a8d2-8a70046ae492","host":"P2","role":"phone"},"result":{"intent_id":"3e972b9c-0375-4528-a8d2-8a70046ae492","mode":"server","phase":"discovering","execution_epoch":1,"accepted_start_at":"2026-09-29T15:45:08.487Z","deadline_at":"2026-09-29T15:50:08.487Z"},"queries":3,"pid":5613}

    [0m [90m 181 |[39m       }
     [90m 182 |[39m       [90m// Query shapes, outcomes, fixture identifiers and process IDs only; never parameters.[39m
    [31m[1m>[22m[39m[90m 183 |[39m       console[33m.[39mwarn(
     [90m     |[39m               [31m[1m^[22m[39m
     [90m 184 |[39m         [32m'PG17_PROCESS'[39m[33m,[39m
     [90m 185 |[39m         [33mJSON[39m[33m.[39mstringify({
     [90m 186 |[39m           name[33m,[39m[0m

      at settleWorker (test/utils/g2-s11-pg-harness.ts:183:15)
      at ChildProcess.<anonymous> (test/utils/g2-s11-pg-harness.ts:202:7)

  console.warn
    PG17_BLOCKED {"name":"g2g_45","rows":[{"type":"Lock","wait":"transactionid"}]}

    [0m [90m 213 |[39m [32m      FROM pg_stat_activity WHERE application_name=${quote(name)} AND wait_event_type='Lock'`[39m)[33m;[39m
     [90m 214 |[39m     [36mif[39m (rows[33m.[39mlength [33m>[39m [35m0[39m) {
    [31m[1m>[22m[39m[90m 215 |[39m       console[33m.[39mwarn([32m'PG17_BLOCKED'[39m[33m,[39m [33mJSON[39m[33m.[39mstringify({ name[33m,[39m rows }))[33m;[39m
     [90m     |[39m               [31m[1m^[22m[39m
     [90m 216 |[39m       [36mreturn[39m[33m;[39m
     [90m 217 |[39m     }
     [90m 218 |[39m     [36mawait[39m [36mnew[39m [33mPromise[39m((r) [33m=>[39m setTimeout(r[33m,[39m [35m25[39m))[33m;[39m[0m

      at Object.blocked (test/utils/g2-s11-pg-harness.ts:215:15)
      at Object.<anonymous> (test/scout/s11/journey-core.pg.spec.ts:400:5)

  console.warn
    PG17_PROCESS {"name":"g2g_44","options":{"action":"ingest","coach":"s11-coach-a","intent":"3e972b9c-0375-4528-a8d2-8a70046ae492","pause":"gated","txTimeout":30000,"host":"P1","role":"ext","body":{"entity_type":"people","entities":[{"sourceId":"p-1","payload":{"name":"Synthetic p-1"}},{"sourceId":"p-2","payload":{"name":"Synthetic p-2"}}]}},"result":{"received":2,"deduped":0},"queries":8,"pid":5632}

    [0m [90m 181 |[39m       }
     [90m 182 |[39m       [90m// Query shapes, outcomes, fixture identifiers and process IDs only; never parameters.[39m
    [31m[1m>[22m[39m[90m 183 |[39m       console[33m.[39mwarn(
     [90m     |[39m               [31m[1m^[22m[39m
     [90m 184 |[39m         [32m'PG17_PROCESS'[39m[33m,[39m
     [90m 185 |[39m         [33mJSON[39m[33m.[39mstringify({
     [90m 186 |[39m           name[33m,[39m[0m

      at settleWorker (test/utils/g2-s11-pg-harness.ts:183:15)
      at ChildProcess.<anonymous> (test/utils/g2-s11-pg-harness.ts:202:7)

  console.warn
    PG17_PROCESS {"name":"g2g_45","options":{"action":"cancel","coach":"s11-coach-a","intent":"3e972b9c-0375-4528-a8d2-8a70046ae492","host":"P2","role":"phone"},"result":{"intent_id":"3e972b9c-0375-4528-a8d2-8a70046ae492","status":"cancelled","execution_epoch":2},"queries":8,"pid":5652}

    [0m [90m 181 |[39m       }
     [90m 182 |[39m       [90m// Query shapes, outcomes, fixture identifiers and process IDs only; never parameters.[39m
    [31m[1m>[22m[39m[90m 183 |[39m       console[33m.[39mwarn(
     [90m     |[39m               [31m[1m^[22m[39m
     [90m 184 |[39m         [32m'PG17_PROCESS'[39m[33m,[39m
     [90m 185 |[39m         [33mJSON[39m[33m.[39mstringify({
     [90m 186 |[39m           name[33m,[39m[0m

      at settleWorker (test/utils/g2-s11-pg-harness.ts:183:15)
      at ChildProcess.<anonymous> (test/utils/g2-s11-pg-harness.ts:202:7)

  console.warn
    PG17_PROCESS {"name":"g2g_46","options":{"action":"pair-init","coach":"s11-coach-a","body":{},"host":"P2","role":"phone"},"result":{"pairing_code":"680305","expires_at":"2026-09-29T15:47:14.934Z","import_intent_id":"9fc0b191-ec2e-47b2-9850-fbc9bed6f6eb"},"queries":11,"pid":5767}

    [0m [90m 181 |[39m       }
     [90m 182 |[39m       [90m// Query shapes, outcomes, fixture identifiers and process IDs only; never parameters.[39m
    [31m[1m>[22m[39m[90m 183 |[39m       console[33m.[39mwarn(
     [90m     |[39m               [31m[1m^[22m[39m
     [90m 184 |[39m         [32m'PG17_PROCESS'[39m[33m,[39m
     [90m 185 |[39m         [33mJSON[39m[33m.[39mstringify({
     [90m 186 |[39m           name[33m,[39m[0m

      at settleWorker (test/utils/g2-s11-pg-harness.ts:183:15)
      at ChildProcess.<anonymous> (test/utils/g2-s11-pg-harness.ts:202:7)

  console.warn
    PG17_PROCESS {"name":"g2g_47","options":{"action":"pair-redeem","coach":"unauthenticated","body":{"code":"680305"},"host":"P1","role":"ext"},"result":{"access_token":"synthetic-access-1","refresh_token":"synthetic-refresh-1","chosen_platform":"s11-label","import_intent_id":"9fc0b191-ec2e-47b2-9850-fbc9bed6f6eb"},"queries":10,"pid":5787}

    [0m [90m 181 |[39m       }
     [90m 182 |[39m       [90m// Query shapes, outcomes, fixture identifiers and process IDs only; never parameters.[39m
    [31m[1m>[22m[39m[90m 183 |[39m       console[33m.[39mwarn(
     [90m     |[39m               [31m[1m^[22m[39m
     [90m 184 |[39m         [32m'PG17_PROCESS'[39m[33m,[39m
     [90m 185 |[39m         [33mJSON[39m[33m.[39mstringify({
     [90m 186 |[39m           name[33m,[39m[0m

      at settleWorker (test/utils/g2-s11-pg-harness.ts:183:15)
      at ChildProcess.<anonymous> (test/utils/g2-s11-pg-harness.ts:202:7)

  console.warn
    PG17_PROCESS {"name":"g2g_48","options":{"action":"start","coach":"s11-coach-a","intent":"9fc0b191-ec2e-47b2-9850-fbc9bed6f6eb","host":"P1","role":"phone"},"result":{"intent_id":"9fc0b191-ec2e-47b2-9850-fbc9bed6f6eb","mode":"server","phase":"discovering","execution_epoch":1,"accepted_start_at":"2026-09-29T15:45:19.029Z","deadline_at":"2026-09-29T15:50:19.029Z"},"queries":3,"pid":5806}

    [0m [90m 181 |[39m       }
     [90m 182 |[39m       [90m// Query shapes, outcomes, fixture identifiers and process IDs only; never parameters.[39m
    [31m[1m>[22m[39m[90m 183 |[39m       console[33m.[39mwarn(
     [90m     |[39m               [31m[1m^[22m[39m
     [90m 184 |[39m         [32m'PG17_PROCESS'[39m[33m,[39m
     [90m 185 |[39m         [33mJSON[39m[33m.[39mstringify({
     [90m 186 |[39m           name[33m,[39m[0m

      at settleWorker (test/utils/g2-s11-pg-harness.ts:183:15)
      at ChildProcess.<anonymous> (test/utils/g2-s11-pg-harness.ts:202:7)

  console.warn
    PG17_BLOCKED {"name":"g2g_50","rows":[{"type":"Lock","wait":"transactionid"}]}

    [0m [90m 213 |[39m [32m      FROM pg_stat_activity WHERE application_name=${quote(name)} AND wait_event_type='Lock'`[39m)[33m;[39m
     [90m 214 |[39m     [36mif[39m (rows[33m.[39mlength [33m>[39m [35m0[39m) {
    [31m[1m>[22m[39m[90m 215 |[39m       console[33m.[39mwarn([32m'PG17_BLOCKED'[39m[33m,[39m [33mJSON[39m[33m.[39mstringify({ name[33m,[39m rows }))[33m;[39m
     [90m     |[39m               [31m[1m^[22m[39m
     [90m 216 |[39m       [36mreturn[39m[33m;[39m
     [90m 217 |[39m     }
     [90m 218 |[39m     [36mawait[39m [36mnew[39m [33mPromise[39m((r) [33m=>[39m setTimeout(r[33m,[39m [35m25[39m))[33m;[39m[0m

      at Object.blocked (test/utils/g2-s11-pg-harness.ts:215:15)
      at Object.<anonymous> (test/scout/s11/journey-core.pg.spec.ts:447:5)

  console.warn
    PG17_PROCESS {"name":"g2g_49","options":{"action":"cancel","coach":"s11-coach-a","intent":"9fc0b191-ec2e-47b2-9850-fbc9bed6f6eb","pause":"locked","txTimeout":30000,"host":"P2","role":"phone"},"result":{"intent_id":"9fc0b191-ec2e-47b2-9850-fbc9bed6f6eb","status":"cancelled","execution_epoch":2},"queries":8,"pid":5825}

    [0m [90m 181 |[39m       }
     [90m 182 |[39m       [90m// Query shapes, outcomes, fixture identifiers and process IDs only; never parameters.[39m
    [31m[1m>[22m[39m[90m 183 |[39m       console[33m.[39mwarn(
     [90m     |[39m               [31m[1m^[22m[39m
     [90m 184 |[39m         [32m'PG17_PROCESS'[39m[33m,[39m
     [90m 185 |[39m         [33mJSON[39m[33m.[39mstringify({
     [90m 186 |[39m           name[33m,[39m[0m

      at settleWorker (test/utils/g2-s11-pg-harness.ts:183:15)
      at ChildProcess.<anonymous> (test/utils/g2-s11-pg-harness.ts:202:7)

  console.warn
    PG17_PROCESS {"name":"g2g_50","options":{"action":"ingest","coach":"s11-coach-a","intent":"9fc0b191-ec2e-47b2-9850-fbc9bed6f6eb","host":"P1","role":"ext","body":{"entity_type":"people","entities":[{"sourceId":"p-3","payload":{"name":"Synthetic p-3"}}]}},"failure":{"status":409,"message":"The run for this intent is fenced; no further writes are accepted.","response":{"code":"run_fenced","message":"The run for this intent is fenced; no further writes are accepted.","fence_reason":"cancelled"}},"queries":8,"pid":5844}

    [0m [90m 181 |[39m       }
     [90m 182 |[39m       [90m// Query shapes, outcomes, fixture identifiers and process IDs only; never parameters.[39m
    [31m[1m>[22m[39m[90m 183 |[39m       console[33m.[39mwarn(
     [90m     |[39m               [31m[1m^[22m[39m
     [90m 184 |[39m         [32m'PG17_PROCESS'[39m[33m,[39m
     [90m 185 |[39m         [33mJSON[39m[33m.[39mstringify({
     [90m 186 |[39m           name[33m,[39m[0m

      at settleWorker (test/utils/g2-s11-pg-harness.ts:183:15)
      at ChildProcess.<anonymous> (test/utils/g2-s11-pg-harness.ts:202:7)

  console.warn
    PG17_PROCESS {"name":"g2g_51","options":{"action":"cancel","coach":"s11-coach-a","intent":"9fc0b191-ec2e-47b2-9850-fbc9bed6f6eb","host":"P1","role":"phone"},"result":{"intent_id":"9fc0b191-ec2e-47b2-9850-fbc9bed6f6eb","status":"cancelled","execution_epoch":2},"queries":1,"pid":5951}

    [0m [90m 181 |[39m       }
     [90m 182 |[39m       [90m// Query shapes, outcomes, fixture identifiers and process IDs only; never parameters.[39m
    [31m[1m>[22m[39m[90m 183 |[39m       console[33m.[39mwarn(
     [90m     |[39m               [31m[1m^[22m[39m
     [90m 184 |[39m         [32m'PG17_PROCESS'[39m[33m,[39m
     [90m 185 |[39m         [33mJSON[39m[33m.[39mstringify({
     [90m 186 |[39m           name[33m,[39m[0m

      at settleWorker (test/utils/g2-s11-pg-harness.ts:183:15)
      at ChildProcess.<anonymous> (test/utils/g2-s11-pg-harness.ts:202:7)

  console.warn
    PG17_PROCESS {"name":"g2g_52","options":{"action":"pair-init","coach":"s11-coach-a","body":{},"host":"P1","role":"phone"},"result":{"pairing_code":"966884","expires_at":"2026-09-29T15:47:27.544Z","import_intent_id":"e69cf2a5-c91b-4e75-9e53-86180c117a0b"},"queries":11,"pid":5976}

    [0m [90m 181 |[39m       }
     [90m 182 |[39m       [90m// Query shapes, outcomes, fixture identifiers and process IDs only; never parameters.[39m
    [31m[1m>[22m[39m[90m 183 |[39m       console[33m.[39mwarn(
     [90m     |[39m               [31m[1m^[22m[39m
     [90m 184 |[39m         [32m'PG17_PROCESS'[39m[33m,[39m
     [90m 185 |[39m         [33mJSON[39m[33m.[39mstringify({
     [90m 186 |[39m           name[33m,[39m[0m

      at settleWorker (test/utils/g2-s11-pg-harness.ts:183:15)
      at ChildProcess.<anonymous> (test/utils/g2-s11-pg-harness.ts:202:7)

  console.warn
    PG17_PROCESS {"name":"g2g_53","options":{"action":"pair-redeem","coach":"unauthenticated","body":{"code":"966884"},"host":"P2","role":"ext"},"result":{"access_token":"synthetic-access-1","refresh_token":"synthetic-refresh-1","chosen_platform":"s11-label","import_intent_id":"e69cf2a5-c91b-4e75-9e53-86180c117a0b"},"queries":10,"pid":5996}

    [0m [90m 181 |[39m       }
     [90m 182 |[39m       [90m// Query shapes, outcomes, fixture identifiers and process IDs only; never parameters.[39m
    [31m[1m>[22m[39m[90m 183 |[39m       console[33m.[39mwarn(
     [90m     |[39m               [31m[1m^[22m[39m
     [90m 184 |[39m         [32m'PG17_PROCESS'[39m[33m,[39m
     [90m 185 |[39m         [33mJSON[39m[33m.[39mstringify({
     [90m 186 |[39m           name[33m,[39m[0m

      at settleWorker (test/utils/g2-s11-pg-harness.ts:183:15)
      at ChildProcess.<anonymous> (test/utils/g2-s11-pg-harness.ts:202:7)

  console.warn
    PG17_PROCESS {"name":"g2g_54","options":{"action":"start","coach":"s11-coach-a","intent":"e69cf2a5-c91b-4e75-9e53-86180c117a0b","deadlineMs":1,"host":"P1","role":"phone"},"result":{"intent_id":"e69cf2a5-c91b-4e75-9e53-86180c117a0b","mode":"server","phase":"discovering","execution_epoch":1,"accepted_start_at":"2026-09-29T15:45:31.638Z","deadline_at":"2026-09-29T15:45:31.639Z"},"queries":3,"pid":6015}

    [0m [90m 181 |[39m       }
     [90m 182 |[39m       [90m// Query shapes, outcomes, fixture identifiers and process IDs only; never parameters.[39m
    [31m[1m>[22m[39m[90m 183 |[39m       console[33m.[39mwarn(
     [90m     |[39m               [31m[1m^[22m[39m
     [90m 184 |[39m         [32m'PG17_PROCESS'[39m[33m,[39m
     [90m 185 |[39m         [33mJSON[39m[33m.[39mstringify({
     [90m 186 |[39m           name[33m,[39m[0m

      at settleWorker (test/utils/g2-s11-pg-harness.ts:183:15)
      at ChildProcess.<anonymous> (test/utils/g2-s11-pg-harness.ts:202:7)

  console.warn
    PG17_PROCESS {"name":"g2g_55","options":{"action":"status","coach":"s11-coach-a","intent":"e69cf2a5-c91b-4e75-9e53-86180c117a0b","host":"P1","role":"phone"},"result":{"intent_id":"e69cf2a5-c91b-4e75-9e53-86180c117a0b","status":"timed_out","entity_counts":[],"started_at":"2026-09-29T15:45:31.639Z","completed_at":"2026-09-29T15:45:34.477Z","mode":"server","phase":"discovering","accepted_start_at":"2026-09-29T15:45:31.638Z","deadline_at":"2026-09-29T15:45:31.639Z","last_observed_at":null,"execution_epoch":2,"reason_code":"deadline_exceeded","claimed_status":null,"families":[]},"queries":25,"pid":6037}

    [0m [90m 181 |[39m       }
     [90m 182 |[39m       [90m// Query shapes, outcomes, fixture identifiers and process IDs only; never parameters.[39m
    [31m[1m>[22m[39m[90m 183 |[39m       console[33m.[39mwarn(
     [90m     |[39m               [31m[1m^[22m[39m
     [90m 184 |[39m         [32m'PG17_PROCESS'[39m[33m,[39m
     [90m 185 |[39m         [33mJSON[39m[33m.[39mstringify({
     [90m 186 |[39m           name[33m,[39m[0m

      at settleWorker (test/utils/g2-s11-pg-harness.ts:183:15)
      at ChildProcess.<anonymous> (test/utils/g2-s11-pg-harness.ts:202:7)

  console.warn
    PG17_PROCESS {"name":"g2g_56","options":{"action":"status","coach":"s11-coach-a","intent":"e69cf2a5-c91b-4e75-9e53-86180c117a0b","host":"P2","role":"phone"},"result":{"intent_id":"e69cf2a5-c91b-4e75-9e53-86180c117a0b","status":"timed_out","entity_counts":[],"started_at":"2026-09-29T15:45:31.639Z","completed_at":"2026-09-29T15:45:34.477Z","mode":"server","phase":"discovering","accepted_start_at":"2026-09-29T15:45:31.638Z","deadline_at":"2026-09-29T15:45:31.639Z","last_observed_at":null,"execution_epoch":2,"reason_code":"deadline_exceeded","claimed_status":null,"families":[]},"queries":17,"pid":6043}

    [0m [90m 181 |[39m       }
     [90m 182 |[39m       [90m// Query shapes, outcomes, fixture identifiers and process IDs only; never parameters.[39m
    [31m[1m>[22m[39m[90m 183 |[39m       console[33m.[39mwarn(
     [90m     |[39m               [31m[1m^[22m[39m
     [90m 184 |[39m         [32m'PG17_PROCESS'[39m[33m,[39m
     [90m 185 |[39m         [33mJSON[39m[33m.[39mstringify({
     [90m 186 |[39m           name[33m,[39m[0m

      at settleWorker (test/utils/g2-s11-pg-harness.ts:183:15)
      at ChildProcess.<anonymous> (test/utils/g2-s11-pg-harness.ts:202:7)

  console.warn
    PG17_PROCESS {"name":"g2g_57","options":{"action":"status","coach":"s11-coach-a","intent":"e69cf2a5-c91b-4e75-9e53-86180c117a0b","host":"P2","role":"phone"},"result":{"intent_id":"e69cf2a5-c91b-4e75-9e53-86180c117a0b","status":"timed_out","entity_counts":[],"started_at":"2026-09-29T15:45:31.639Z","completed_at":"2026-09-29T15:45:34.477Z","mode":"server","phase":"discovering","accepted_start_at":"2026-09-29T15:45:31.638Z","deadline_at":"2026-09-29T15:45:31.639Z","last_observed_at":null,"execution_epoch":2,"reason_code":"deadline_exceeded","claimed_status":null,"families":[]},"queries":17,"pid":6081}

    [0m [90m 181 |[39m       }
     [90m 182 |[39m       [90m// Query shapes, outcomes, fixture identifiers and process IDs only; never parameters.[39m
    [31m[1m>[22m[39m[90m 183 |[39m       console[33m.[39mwarn(
     [90m     |[39m               [31m[1m^[22m[39m
     [90m 184 |[39m         [32m'PG17_PROCESS'[39m[33m,[39m
     [90m 185 |[39m         [33mJSON[39m[33m.[39mstringify({
     [90m 186 |[39m           name[33m,[39m[0m

      at settleWorker (test/utils/g2-s11-pg-harness.ts:183:15)
      at ChildProcess.<anonymous> (test/utils/g2-s11-pg-harness.ts:202:7)

  console.warn
    PG17_PROCESS {"name":"g2g_58","options":{"action":"pair-init","coach":"s11-coach-a","body":{},"host":"P1","role":"phone"},"result":{"pairing_code":"421749","expires_at":"2026-09-29T15:47:38.783Z","import_intent_id":"d5e6e209-a87c-43e2-a2b9-0f0e2fa65453"},"queries":11,"pid":6110}

    [0m [90m 181 |[39m       }
     [90m 182 |[39m       [90m// Query shapes, outcomes, fixture identifiers and process IDs only; never parameters.[39m
    [31m[1m>[22m[39m[90m 183 |[39m       console[33m.[39mwarn(
     [90m     |[39m               [31m[1m^[22m[39m
     [90m 184 |[39m         [32m'PG17_PROCESS'[39m[33m,[39m
     [90m 185 |[39m         [33mJSON[39m[33m.[39mstringify({
     [90m 186 |[39m           name[33m,[39m[0m

      at settleWorker (test/utils/g2-s11-pg-harness.ts:183:15)
      at ChildProcess.<anonymous> (test/utils/g2-s11-pg-harness.ts:202:7)

  console.warn
    PG17_PROCESS {"name":"g2g_59","options":{"action":"pair-redeem","coach":"unauthenticated","body":{"code":"421749"},"host":"P2","role":"ext"},"result":{"access_token":"synthetic-access-1","refresh_token":"synthetic-refresh-1","chosen_platform":"s11-label","import_intent_id":"d5e6e209-a87c-43e2-a2b9-0f0e2fa65453"},"queries":10,"pid":6129}

    [0m [90m 181 |[39m       }
     [90m 182 |[39m       [90m// Query shapes, outcomes, fixture identifiers and process IDs only; never parameters.[39m
    [31m[1m>[22m[39m[90m 183 |[39m       console[33m.[39mwarn(
     [90m     |[39m               [31m[1m^[22m[39m
     [90m 184 |[39m         [32m'PG17_PROCESS'[39m[33m,[39m
     [90m 185 |[39m         [33mJSON[39m[33m.[39mstringify({
     [90m 186 |[39m           name[33m,[39m[0m

      at settleWorker (test/utils/g2-s11-pg-harness.ts:183:15)
      at ChildProcess.<anonymous> (test/utils/g2-s11-pg-harness.ts:202:7)

  console.warn
    PG17_PROCESS {"name":"g2g_60","options":{"action":"start","coach":"s11-coach-a","intent":"d5e6e209-a87c-43e2-a2b9-0f0e2fa65453","host":"P2","role":"phone"},"result":{"intent_id":"d5e6e209-a87c-43e2-a2b9-0f0e2fa65453","mode":"server","phase":"discovering","execution_epoch":1,"accepted_start_at":"2026-09-29T15:45:42.915Z","deadline_at":"2026-09-29T15:50:42.915Z"},"queries":3,"pid":6148}

    [0m [90m 181 |[39m       }
     [90m 182 |[39m       [90m// Query shapes, outcomes, fixture identifiers and process IDs only; never parameters.[39m
    [31m[1m>[22m[39m[90m 183 |[39m       console[33m.[39mwarn(
     [90m     |[39m               [31m[1m^[22m[39m
     [90m 184 |[39m         [32m'PG17_PROCESS'[39m[33m,[39m
     [90m 185 |[39m         [33mJSON[39m[33m.[39mstringify({
     [90m 186 |[39m           name[33m,[39m[0m

      at settleWorker (test/utils/g2-s11-pg-harness.ts:183:15)
      at ChildProcess.<anonymous> (test/utils/g2-s11-pg-harness.ts:202:7)

  console.warn
    PG17_PROCESS {"name":"g2g_61","options":{"action":"ingest","coach":"s11-coach-a","intent":"d5e6e209-a87c-43e2-a2b9-0f0e2fa65453","body":{"entity_type":"people","entities":[{"sourceId":"p-1","payload":{"name":"Synthetic p-1"}}]},"host":"P1","role":"ext"},"result":{"received":1,"deduped":0},"queries":8,"pid":6169}

    [0m [90m 181 |[39m       }
     [90m 182 |[39m       [90m// Query shapes, outcomes, fixture identifiers and process IDs only; never parameters.[39m
    [31m[1m>[22m[39m[90m 183 |[39m       console[33m.[39mwarn(
     [90m     |[39m               [31m[1m^[22m[39m
     [90m 184 |[39m         [32m'PG17_PROCESS'[39m[33m,[39m
     [90m 185 |[39m         [33mJSON[39m[33m.[39mstringify({
     [90m 186 |[39m           name[33m,[39m[0m

      at settleWorker (test/utils/g2-s11-pg-harness.ts:183:15)
      at ChildProcess.<anonymous> (test/utils/g2-s11-pg-harness.ts:202:7)

  console.warn
    PG17_PROCESS {"name":"g2g_62","options":{"action":"progress","coach":"s11-coach-a","intent":"d5e6e209-a87c-43e2-a2b9-0f0e2fa65453","body":{"flush":true},"host":"P2","role":"ext"},"result":{"recorded":true,"flushed":true},"queries":8,"pid":6189}

    [0m [90m 181 |[39m       }
     [90m 182 |[39m       [90m// Query shapes, outcomes, fixture identifiers and process IDs only; never parameters.[39m
    [31m[1m>[22m[39m[90m 183 |[39m       console[33m.[39mwarn(
     [90m     |[39m               [31m[1m^[22m[39m
     [90m 184 |[39m         [32m'PG17_PROCESS'[39m[33m,[39m
     [90m 185 |[39m         [33mJSON[39m[33m.[39mstringify({
     [90m 186 |[39m           name[33m,[39m[0m

      at settleWorker (test/utils/g2-s11-pg-harness.ts:183:15)
      at ChildProcess.<anonymous> (test/utils/g2-s11-pg-harness.ts:202:7)

  console.warn
    PG17_PROCESS {"name":"g2g_63","options":{"action":"pair-init","coach":"s11-coach-b","body":{},"host":"P2","role":"phone"},"result":{"pairing_code":"098618","expires_at":"2026-09-29T15:47:49.086Z","import_intent_id":"18fdfa09-1f16-4f0c-9476-eec8bc5cfd7d"},"queries":11,"pid":6211}

    [0m [90m 181 |[39m       }
     [90m 182 |[39m       [90m// Query shapes, outcomes, fixture identifiers and process IDs only; never parameters.[39m
    [31m[1m>[22m[39m[90m 183 |[39m       console[33m.[39mwarn(
     [90m     |[39m               [31m[1m^[22m[39m
     [90m 184 |[39m         [32m'PG17_PROCESS'[39m[33m,[39m
     [90m 185 |[39m         [33mJSON[39m[33m.[39mstringify({
     [90m 186 |[39m           name[33m,[39m[0m

      at settleWorker (test/utils/g2-s11-pg-harness.ts:183:15)
      at ChildProcess.<anonymous> (test/utils/g2-s11-pg-harness.ts:202:7)

  console.warn
    PG17_PROCESS {"name":"g2g_64","options":{"action":"pair-redeem","coach":"unauthenticated","body":{"code":"098618"},"host":"P1","role":"ext"},"result":{"access_token":"synthetic-access-1","refresh_token":"synthetic-refresh-1","chosen_platform":"s11-label","import_intent_id":"18fdfa09-1f16-4f0c-9476-eec8bc5cfd7d"},"queries":10,"pid":6230}

    [0m [90m 181 |[39m       }
     [90m 182 |[39m       [90m// Query shapes, outcomes, fixture identifiers and process IDs only; never parameters.[39m
    [31m[1m>[22m[39m[90m 183 |[39m       console[33m.[39mwarn(
     [90m     |[39m               [31m[1m^[22m[39m
     [90m 184 |[39m         [32m'PG17_PROCESS'[39m[33m,[39m
     [90m 185 |[39m         [33mJSON[39m[33m.[39mstringify({
     [90m 186 |[39m           name[33m,[39m[0m

      at settleWorker (test/utils/g2-s11-pg-harness.ts:183:15)
      at ChildProcess.<anonymous> (test/utils/g2-s11-pg-harness.ts:202:7)

  console.warn
    PG17_PROCESS {"name":"g2g_65","options":{"action":"start","coach":"s11-coach-b","intent":"18fdfa09-1f16-4f0c-9476-eec8bc5cfd7d","host":"P1","role":"phone"},"result":{"intent_id":"18fdfa09-1f16-4f0c-9476-eec8bc5cfd7d","mode":"server","phase":"discovering","execution_epoch":1,"accepted_start_at":"2026-09-29T15:45:53.276Z","deadline_at":"2026-09-29T15:50:53.276Z"},"queries":3,"pid":6250}

    [0m [90m 181 |[39m       }
     [90m 182 |[39m       [90m// Query shapes, outcomes, fixture identifiers and process IDs only; never parameters.[39m
    [31m[1m>[22m[39m[90m 183 |[39m       console[33m.[39mwarn(
     [90m     |[39m               [31m[1m^[22m[39m
     [90m 184 |[39m         [32m'PG17_PROCESS'[39m[33m,[39m
     [90m 185 |[39m         [33mJSON[39m[33m.[39mstringify({
     [90m 186 |[39m           name[33m,[39m[0m

      at settleWorker (test/utils/g2-s11-pg-harness.ts:183:15)
      at ChildProcess.<anonymous> (test/utils/g2-s11-pg-harness.ts:202:7)

  console.warn
    PG17_PROCESS {"name":"g2g_66","options":{"action":"ingest","coach":"s11-coach-b","intent":"18fdfa09-1f16-4f0c-9476-eec8bc5cfd7d","body":{"entity_type":"people","entities":[{"sourceId":"q-1","payload":{"name":"Synthetic q-1"}}]},"host":"P2","role":"ext"},"result":{"received":1,"deduped":0},"queries":8,"pid":6273}

    [0m [90m 181 |[39m       }
     [90m 182 |[39m       [90m// Query shapes, outcomes, fixture identifiers and process IDs only; never parameters.[39m
    [31m[1m>[22m[39m[90m 183 |[39m       console[33m.[39mwarn(
     [90m     |[39m               [31m[1m^[22m[39m
     [90m 184 |[39m         [32m'PG17_PROCESS'[39m[33m,[39m
     [90m 185 |[39m         [33mJSON[39m[33m.[39mstringify({
     [90m 186 |[39m           name[33m,[39m[0m

      at settleWorker (test/utils/g2-s11-pg-harness.ts:183:15)
      at ChildProcess.<anonymous> (test/utils/g2-s11-pg-harness.ts:202:7)

  console.warn
    PG17_PROCESS {"name":"g2g_67","options":{"action":"status","coach":"s11-coach-b","intent":"d5e6e209-a87c-43e2-a2b9-0f0e2fa65453","host":"P1","role":"phone"},"failure":{"status":404,"message":"Not Found","response":{"message":"Not Found","statusCode":404}},"queries":6,"pid":6322}

    [0m [90m 181 |[39m       }
     [90m 182 |[39m       [90m// Query shapes, outcomes, fixture identifiers and process IDs only; never parameters.[39m
    [31m[1m>[22m[39m[90m 183 |[39m       console[33m.[39mwarn(
     [90m     |[39m               [31m[1m^[22m[39m
     [90m 184 |[39m         [32m'PG17_PROCESS'[39m[33m,[39m
     [90m 185 |[39m         [33mJSON[39m[33m.[39mstringify({
     [90m 186 |[39m           name[33m,[39m[0m

      at settleWorker (test/utils/g2-s11-pg-harness.ts:183:15)
      at ChildProcess.<anonymous> (test/utils/g2-s11-pg-harness.ts:202:7)

  console.warn
    PG17_PROCESS {"name":"g2g_68","options":{"action":"status","coach":"s11-coach-b","intent":"00000000-0000-4000-8000-000000000000","host":"P2","role":"phone"},"failure":{"status":404,"message":"Not Found","response":{"message":"Not Found","statusCode":404}},"queries":6,"pid":6342}

    [0m [90m 181 |[39m       }
     [90m 182 |[39m       [90m// Query shapes, outcomes, fixture identifiers and process IDs only; never parameters.[39m
    [31m[1m>[22m[39m[90m 183 |[39m       console[33m.[39mwarn(
     [90m     |[39m               [31m[1m^[22m[39m
     [90m 184 |[39m         [32m'PG17_PROCESS'[39m[33m,[39m
     [90m 185 |[39m         [33mJSON[39m[33m.[39mstringify({
     [90m 186 |[39m           name[33m,[39m[0m

      at settleWorker (test/utils/g2-s11-pg-harness.ts:183:15)
      at ChildProcess.<anonymous> (test/utils/g2-s11-pg-harness.ts:202:7)

  console.warn
    PG17_PROCESS {"name":"g2g_69","options":{"action":"start","coach":"s11-coach-b","intent":"d5e6e209-a87c-43e2-a2b9-0f0e2fa65453","host":"P2","role":"phone"},"failure":{"status":404,"message":"Not Found","response":{"message":"Not Found","statusCode":404}},"queries":1,"pid":6362}

    [0m [90m 181 |[39m       }
     [90m 182 |[39m       [90m// Query shapes, outcomes, fixture identifiers and process IDs only; never parameters.[39m
    [31m[1m>[22m[39m[90m 183 |[39m       console[33m.[39mwarn(
     [90m     |[39m               [31m[1m^[22m[39m
     [90m 184 |[39m         [32m'PG17_PROCESS'[39m[33m,[39m
     [90m 185 |[39m         [33mJSON[39m[33m.[39mstringify({
     [90m 186 |[39m           name[33m,[39m[0m

      at settleWorker (test/utils/g2-s11-pg-harness.ts:183:15)
      at ChildProcess.<anonymous> (test/utils/g2-s11-pg-harness.ts:202:7)

  console.warn
    PG17_PROCESS {"name":"g2g_70","options":{"action":"start","coach":"s11-coach-b","intent":"00000000-0000-4000-8000-000000000000","host":"P1","role":"phone"},"failure":{"status":404,"message":"Not Found","response":{"message":"Not Found","statusCode":404}},"queries":1,"pid":6381}

    [0m [90m 181 |[39m       }
     [90m 182 |[39m       [90m// Query shapes, outcomes, fixture identifiers and process IDs only; never parameters.[39m
    [31m[1m>[22m[39m[90m 183 |[39m       console[33m.[39mwarn(
     [90m     |[39m               [31m[1m^[22m[39m
     [90m 184 |[39m         [32m'PG17_PROCESS'[39m[33m,[39m
     [90m 185 |[39m         [33mJSON[39m[33m.[39mstringify({
     [90m 186 |[39m           name[33m,[39m[0m

      at settleWorker (test/utils/g2-s11-pg-harness.ts:183:15)
      at ChildProcess.<anonymous> (test/utils/g2-s11-pg-harness.ts:202:7)

  console.warn
    PG17_PROCESS {"name":"g2g_71","options":{"action":"cancel","coach":"s11-coach-b","intent":"d5e6e209-a87c-43e2-a2b9-0f0e2fa65453","host":"P1","role":"phone"},"failure":{"status":404,"message":"Not Found","response":{"message":"Not Found","statusCode":404}},"queries":1,"pid":6401}

    [0m [90m 181 |[39m       }
     [90m 182 |[39m       [90m// Query shapes, outcomes, fixture identifiers and process IDs only; never parameters.[39m
    [31m[1m>[22m[39m[90m 183 |[39m       console[33m.[39mwarn(
     [90m     |[39m               [31m[1m^[22m[39m
     [90m 184 |[39m         [32m'PG17_PROCESS'[39m[33m,[39m
     [90m 185 |[39m         [33mJSON[39m[33m.[39mstringify({
     [90m 186 |[39m           name[33m,[39m[0m

      at settleWorker (test/utils/g2-s11-pg-harness.ts:183:15)
      at ChildProcess.<anonymous> (test/utils/g2-s11-pg-harness.ts:202:7)

  console.warn
    PG17_PROCESS {"name":"g2g_72","options":{"action":"cancel","coach":"s11-coach-b","intent":"00000000-0000-4000-8000-000000000000","host":"P2","role":"phone"},"failure":{"status":404,"message":"Not Found","response":{"message":"Not Found","statusCode":404}},"queries":1,"pid":6425}

    [0m [90m 181 |[39m       }
     [90m 182 |[39m       [90m// Query shapes, outcomes, fixture identifiers and process IDs only; never parameters.[39m
    [31m[1m>[22m[39m[90m 183 |[39m       console[33m.[39mwarn(
     [90m     |[39m               [31m[1m^[22m[39m
     [90m 184 |[39m         [32m'PG17_PROCESS'[39m[33m,[39m
     [90m 185 |[39m         [33mJSON[39m[33m.[39mstringify({
     [90m 186 |[39m           name[33m,[39m[0m

      at settleWorker (test/utils/g2-s11-pg-harness.ts:183:15)
      at ChildProcess.<anonymous> (test/utils/g2-s11-pg-harness.ts:202:7)

  console.warn
    PG17_PROCESS {"name":"g2g_73","options":{"action":"pair-session","coach":"s11-coach-b","intent":"d5e6e209-a87c-43e2-a2b9-0f0e2fa65453","host":"P2","role":"phone"},"failure":{"status":404,"message":"Pairing session not found. Create a new pairing code.","response":{"message":"Pairing session not found. Create a new pairing code.","error":"Not Found","statusCode":404}},"queries":1,"pid":6446}

    [0m [90m 181 |[39m       }
     [90m 182 |[39m       [90m// Query shapes, outcomes, fixture identifiers and process IDs only; never parameters.[39m
    [31m[1m>[22m[39m[90m 183 |[39m       console[33m.[39mwarn(
     [90m     |[39m               [31m[1m^[22m[39m
     [90m 184 |[39m         [32m'PG17_PROCESS'[39m[33m,[39m
     [90m 185 |[39m         [33mJSON[39m[33m.[39mstringify({
     [90m 186 |[39m           name[33m,[39m[0m

      at settleWorker (test/utils/g2-s11-pg-harness.ts:183:15)
      at ChildProcess.<anonymous> (test/utils/g2-s11-pg-harness.ts:202:7)

  console.warn
    PG17_PROCESS {"name":"g2g_74","options":{"action":"pair-session","coach":"s11-coach-b","intent":"00000000-0000-4000-8000-000000000000","host":"P1","role":"phone"},"failure":{"status":404,"message":"Pairing session not found. Create a new pairing code.","response":{"message":"Pairing session not found. Create a new pairing code.","error":"Not Found","statusCode":404}},"queries":1,"pid":6479}

    [0m [90m 181 |[39m       }
     [90m 182 |[39m       [90m// Query shapes, outcomes, fixture identifiers and process IDs only; never parameters.[39m
    [31m[1m>[22m[39m[90m 183 |[39m       console[33m.[39mwarn(
     [90m     |[39m               [31m[1m^[22m[39m
     [90m 184 |[39m         [32m'PG17_PROCESS'[39m[33m,[39m
     [90m 185 |[39m         [33mJSON[39m[33m.[39mstringify({
     [90m 186 |[39m           name[33m,[39m[0m

      at settleWorker (test/utils/g2-s11-pg-harness.ts:183:15)
      at ChildProcess.<anonymous> (test/utils/g2-s11-pg-harness.ts:202:7)

  console.warn
    PG17_PROCESS {"name":"g2g_75","options":{"action":"roster","coach":"s11-coach-b","intent":"d5e6e209-a87c-43e2-a2b9-0f0e2fa65453","host":"P1","role":"phone"},"failure":{"status":404,"message":"Not Found","response":{"message":"Not Found","statusCode":404}},"queries":6,"pid":6498}

    [0m [90m 181 |[39m       }
     [90m 182 |[39m       [90m// Query shapes, outcomes, fixture identifiers and process IDs only; never parameters.[39m
    [31m[1m>[22m[39m[90m 183 |[39m       console[33m.[39mwarn(
     [90m     |[39m               [31m[1m^[22m[39m
     [90m 184 |[39m         [32m'PG17_PROCESS'[39m[33m,[39m
     [90m 185 |[39m         [33mJSON[39m[33m.[39mstringify({
     [90m 186 |[39m           name[33m,[39m[0m

      at settleWorker (test/utils/g2-s11-pg-harness.ts:183:15)
      at ChildProcess.<anonymous> (test/utils/g2-s11-pg-harness.ts:202:7)

  console.warn
    PG17_PROCESS {"name":"g2g_76","options":{"action":"roster","coach":"s11-coach-b","intent":"00000000-0000-4000-8000-000000000000","host":"P2","role":"phone"},"failure":{"status":404,"message":"Not Found","response":{"message":"Not Found","statusCode":404}},"queries":6,"pid":6518}

    [0m [90m 181 |[39m       }
     [90m 182 |[39m       [90m// Query shapes, outcomes, fixture identifiers and process IDs only; never parameters.[39m
    [31m[1m>[22m[39m[90m 183 |[39m       console[33m.[39mwarn(
     [90m     |[39m               [31m[1m^[22m[39m
     [90m 184 |[39m         [32m'PG17_PROCESS'[39m[33m,[39m
     [90m 185 |[39m         [33mJSON[39m[33m.[39mstringify({
     [90m 186 |[39m           name[33m,[39m[0m

      at settleWorker (test/utils/g2-s11-pg-harness.ts:183:15)
      at ChildProcess.<anonymous> (test/utils/g2-s11-pg-harness.ts:202:7)

  console.warn
    PG17_PROCESS {"name":"g2g_77","options":{"action":"entities","coach":"s11-coach-b","intent":"d5e6e209-a87c-43e2-a2b9-0f0e2fa65453","body":{"family":"workouts"},"host":"P2","role":"phone"},"failure":{"status":404,"message":"Not Found","response":{"message":"Not Found","statusCode":404}},"queries":6,"pid":6542}

    [0m [90m 181 |[39m       }
     [90m 182 |[39m       [90m// Query shapes, outcomes, fixture identifiers and process IDs only; never parameters.[39m
    [31m[1m>[22m[39m[90m 183 |[39m       console[33m.[39mwarn(
     [90m     |[39m               [31m[1m^[22m[39m
     [90m 184 |[39m         [32m'PG17_PROCESS'[39m[33m,[39m
     [90m 185 |[39m         [33mJSON[39m[33m.[39mstringify({
     [90m 186 |[39m           name[33m,[39m[0m

      at settleWorker (test/utils/g2-s11-pg-harness.ts:183:15)
      at ChildProcess.<anonymous> (test/utils/g2-s11-pg-harness.ts:202:7)

  console.warn
    PG17_PROCESS {"name":"g2g_78","options":{"action":"entities","coach":"s11-coach-b","intent":"00000000-0000-4000-8000-000000000000","body":{"family":"workouts"},"host":"P1","role":"phone"},"failure":{"status":404,"message":"Not Found","response":{"message":"Not Found","statusCode":404}},"queries":6,"pid":6561}

    [0m [90m 181 |[39m       }
     [90m 182 |[39m       [90m// Query shapes, outcomes, fixture identifiers and process IDs only; never parameters.[39m
    [31m[1m>[22m[39m[90m 183 |[39m       console[33m.[39mwarn(
     [90m     |[39m               [31m[1m^[22m[39m
     [90m 184 |[39m         [32m'PG17_PROCESS'[39m[33m,[39m
     [90m 185 |[39m         [33mJSON[39m[33m.[39mstringify({
     [90m 186 |[39m           name[33m,[39m[0m

      at settleWorker (test/utils/g2-s11-pg-harness.ts:183:15)
      at ChildProcess.<anonymous> (test/utils/g2-s11-pg-harness.ts:202:7)

  console.warn
    PG17_PROCESS {"name":"g2g_79","options":{"action":"progress","coach":"s11-coach-b","intent":"d5e6e209-a87c-43e2-a2b9-0f0e2fa65453","body":{"flush":true},"host":"P1","role":"ext"},"result":{"recorded":true,"flushed":true},"queries":3,"pid":6580}

    [0m [90m 181 |[39m       }
     [90m 182 |[39m       [90m// Query shapes, outcomes, fixture identifiers and process IDs only; never parameters.[39m
    [31m[1m>[22m[39m[90m 183 |[39m       console[33m.[39mwarn(
     [90m     |[39m               [31m[1m^[22m[39m
     [90m 184 |[39m         [32m'PG17_PROCESS'[39m[33m,[39m
     [90m 185 |[39m         [33mJSON[39m[33m.[39mstringify({
     [90m 186 |[39m           name[33m,[39m[0m

      at settleWorker (test/utils/g2-s11-pg-harness.ts:183:15)
      at ChildProcess.<anonymous> (test/utils/g2-s11-pg-harness.ts:202:7)

  console.warn
    PG17_PROCESS {"name":"g2g_80","options":{"action":"complete","coach":"s11-coach-b","intent":"18fdfa09-1f16-4f0c-9476-eec8bc5cfd7d","body":{"terminal_status":"success"},"host":"P2","role":"ext"},"result":{"acknowledged":true,"intent_id":"18fdfa09-1f16-4f0c-9476-eec8bc5cfd7d"},"queries":39,"pid":6602}

    [0m [90m 181 |[39m       }
     [90m 182 |[39m       [90m// Query shapes, outcomes, fixture identifiers and process IDs only; never parameters.[39m
    [31m[1m>[22m[39m[90m 183 |[39m       console[33m.[39mwarn(
     [90m     |[39m               [31m[1m^[22m[39m
     [90m 184 |[39m         [32m'PG17_PROCESS'[39m[33m,[39m
     [90m 185 |[39m         [33mJSON[39m[33m.[39mstringify({
     [90m 186 |[39m           name[33m,[39m[0m

      at settleWorker (test/utils/g2-s11-pg-harness.ts:183:15)
      at ChildProcess.<anonymous> (test/utils/g2-s11-pg-harness.ts:202:7)

  console.warn
    PG17_PROCESS {"name":"g2g_81","options":{"action":"status","coach":"s11-coach-b","intent":"d5e6e209-a87c-43e2-a2b9-0f0e2fa65453","host":"P2","role":"phone"},"result":{"intent_id":"d5e6e209-a87c-43e2-a2b9-0f0e2fa65453","status":"running","entity_counts":[],"started_at":"2026-09-29T15:46:22.616Z","completed_at":null,"mode":"legacy","phase":null,"accepted_start_at":null,"deadline_at":null,"last_observed_at":null,"execution_epoch":1,"reason_code":null,"claimed_status":null,"families":[]},"queries":6,"pid":6686}

    [0m [90m 181 |[39m       }
     [90m 182 |[39m       [90m// Query shapes, outcomes, fixture identifiers and process IDs only; never parameters.[39m
    [31m[1m>[22m[39m[90m 183 |[39m       console[33m.[39mwarn(
     [90m     |[39m               [31m[1m^[22m[39m
     [90m 184 |[39m         [32m'PG17_PROCESS'[39m[33m,[39m
     [90m 185 |[39m         [33mJSON[39m[33m.[39mstringify({
     [90m 186 |[39m           name[33m,[39m[0m

      at settleWorker (test/utils/g2-s11-pg-harness.ts:183:15)
      at ChildProcess.<anonymous> (test/utils/g2-s11-pg-harness.ts:202:7)

  console.warn
    PG17_PROCESS {"name":"g2g_82","options":{"action":"status","coach":"s11-coach-a","intent":"d5e6e209-a87c-43e2-a2b9-0f0e2fa65453","host":"P1","role":"phone"},"result":{"intent_id":"d5e6e209-a87c-43e2-a2b9-0f0e2fa65453","status":"running","entity_counts":[{"entity_type":"people","committed":1}],"started_at":"2026-09-29T15:45:44.991Z","completed_at":null,"mode":"server","phase":"transferring","accepted_start_at":"2026-09-29T15:45:42.915Z","deadline_at":"2026-09-29T15:50:42.915Z","last_observed_at":"2026-09-29T15:45:47.038Z","execution_epoch":1,"reason_code":null,"claimed_status":null,"families":[{"family":"people","observed_unique":null,"staged_unique":1,"created_native":null,"already_present_verified":null,"rejected":null,"unresolved":null,"ledger":{"reconstructed":0,"skipped":0,"failed":0}}]},"queries":8,"pid":6706}

    [0m [90m 181 |[39m       }
     [90m 182 |[39m       [90m// Query shapes, outcomes, fixture identifiers and process IDs only; never parameters.[39m
    [31m[1m>[22m[39m[90m 183 |[39m       console[33m.[39mwarn(
     [90m     |[39m               [31m[1m^[22m[39m
     [90m 184 |[39m         [32m'PG17_PROCESS'[39m[33m,[39m
     [90m 185 |[39m         [33mJSON[39m[33m.[39mstringify({
     [90m 186 |[39m           name[33m,[39m[0m

      at settleWorker (test/utils/g2-s11-pg-harness.ts:183:15)
      at ChildProcess.<anonymous> (test/utils/g2-s11-pg-harness.ts:202:7)

  console.warn
    PG17_PROCESS {"name":"g2g_83","options":{"action":"status","coach":"s11-coach-a","intent":"d5e6e209-a87c-43e2-a2b9-0f0e2fa65453","host":"P2","role":"phone"},"result":{"intent_id":"d5e6e209-a87c-43e2-a2b9-0f0e2fa65453","status":"running","entity_counts":[{"entity_type":"people","committed":1}],"started_at":"2026-09-29T15:45:44.991Z","completed_at":null,"mode":"server","phase":"transferring","accepted_start_at":"2026-09-29T15:45:42.915Z","deadline_at":"2026-09-29T15:50:42.915Z","last_observed_at":"2026-09-29T15:45:47.038Z","execution_epoch":1,"reason_code":null,"claimed_status":null,"families":[{"family":"people","observed_unique":null,"staged_unique":1,"created_native":null,"already_present_verified":null,"rejected":null,"unresolved":null,"ledger":{"reconstructed":0,"skipped":0,"failed":0}}]},"queries":8,"pid":6726}

    [0m [90m 181 |[39m       }
     [90m 182 |[39m       [90m// Query shapes, outcomes, fixture identifiers and process IDs only; never parameters.[39m
    [31m[1m>[22m[39m[90m 183 |[39m       console[33m.[39mwarn(
     [90m     |[39m               [31m[1m^[22m[39m
     [90m 184 |[39m         [32m'PG17_PROCESS'[39m[33m,[39m
     [90m 185 |[39m         [33mJSON[39m[33m.[39mstringify({
     [90m 186 |[39m           name[33m,[39m[0m

      at settleWorker (test/utils/g2-s11-pg-harness.ts:183:15)
      at ChildProcess.<anonymous> (test/utils/g2-s11-pg-harness.ts:202:7)

PASS test/scout/s11/journey-core.pg.spec.ts (182.601 s)
  S11-A1 journey core — two hosts over one disposable PG (J01-J08)
    ✓ J01: init on P1 (phone), redeem on P2 (ext), current on P1 is paired, Start on P2 creates one run; replayed Start on P1 is identical (16834 ms)
    ✓ J02 (+ steps 9-11): batches alternate P1/P2, claim on P1, one terminal write; P2 status equals P1 byte for byte; the native review reads agree across hosts (36175 ms)
    ✓ J03 (G2): a snapshot posted to P1 and read on P2 before P1 flushes — truth fields current, mirror absent (never zeroed); after the flush the mirror holds the posted counts (14374 ms)
    ✓ J04: P1 is killed with its snapshot pending — status on P2 still returns the truth fields; nothing becomes 0 or terminal (16534 ms)
    ✓ J05: cancel (phone) on P2 while ext ingests on P1 — batch-then-fence, or refused run_fenced; terminal cancelled once; no deadlock (23111 ms)
    ✓ J06: a short deadline elapses with no host touching the run; the first status read on either host fences timed_out once; the concurrent read on the other host sees the same terminal (11298 ms)
    ✓ J07: coach B interleaves on P1/P2 — cross-coach 404 operations are uniform, B's /progress is 204 with no foreign write; A's run and rows are exactly unchanged (54811 ms)
    ✓ J08: across J01-J07 no call reached a client-directed channel; at most one coach import.complete push per run, asserted on the call (316 ms)

Test Suites: 1 passed, 1 total
Tests:       8 passed, 8 total
Snapshots:   0 total
Time:        182.841 s
Ran all test suites within paths "test/scout/s11/journey-core.pg.spec.ts".
