2026-09-29 15:42:33.831 UTC [3859] LOG:  starting PostgreSQL 17.6 on x86_64-pc-linux-gnu, compiled by gcc (Ubuntu 7.5.0-3ubuntu1~18.04) 7.5.0, 64-bit
2026-09-29 15:42:33.831 UTC [3859] LOG:  listening on IPv4 address "127.0.0.1", port 55650
2026-09-29 15:42:33.831 UTC [3859] LOG:  listening on Unix socket "/home/runner/work/_temp/lane-s11-ALL-3694/s/.s.PGSQL.55650"
2026-09-29 15:42:33.833 UTC [3862] LOG:  database system was shut down at 2026-09-29 15:42:33 UTC
2026-09-29 15:42:33.835 UTC [3859] LOG:  database system is ready to accept connections
2026-09-29 15:43:13.381 UTC [4414] ERROR:  permission denied for table ScoutRunDeclaration
2026-09-29 15:43:13.381 UTC [4414] STATEMENT:  SELECT count(*) FROM "ScoutRunDeclaration"
2026-09-29 15:43:13.403 UTC [4416] ERROR:  permission denied for table ScoutRunObservation
2026-09-29 15:43:13.403 UTC [4416] STATEMENT:  SELECT count(*) FROM "ScoutRunObservation"
2026-09-29 15:43:13.425 UTC [4418] ERROR:  permission denied for table ScoutRunSettledBasis
2026-09-29 15:43:13.425 UTC [4418] STATEMENT:  SELECT count(*) FROM "ScoutRunSettledBasis"
2026-09-29 15:43:13.535 UTC [4428] ERROR:  permission denied for table ScoutRunDeclaration
2026-09-29 15:43:13.535 UTC [4428] STATEMENT:  SELECT count(*) FROM "ScoutRunDeclaration"
2026-09-29 15:43:13.556 UTC [4430] ERROR:  permission denied for table ScoutRunObservation
2026-09-29 15:43:13.556 UTC [4430] STATEMENT:  SELECT count(*) FROM "ScoutRunObservation"
2026-09-29 15:43:13.578 UTC [4432] ERROR:  permission denied for table ScoutRunSettledBasis
2026-09-29 15:43:13.578 UTC [4432] STATEMENT:  SELECT count(*) FROM "ScoutRunSettledBasis"
2026-09-29 15:47:33.860 UTC [3860] LOG:  checkpoint starting: time
2026-09-29 15:48:37.701 UTC [8036] ERROR:  duplicate key value violates unique constraint "ScoutImportCompletion_coach_id_intent_id_key"
2026-09-29 15:48:37.701 UTC [8036] DETAIL:  Key (coach_id, intent_id)=(s11b-coach-a, fcd97bad-54e5-4d09-a26d-dd8bd46467fe) already exists.
2026-09-29 15:48:37.701 UTC [8036] STATEMENT:  INSERT INTO "public"."ScoutImportCompletion" ("id","coach_id","intent_id","terminal_status","completed_at") VALUES ($1,$2,$3,$4,$5) RETURNING "public"."ScoutImportCompletion"."id", "public"."ScoutImportCompletion"."coach_id", "public"."ScoutImportCompletion"."intent_id", "public"."ScoutImportCompletion"."terminal_status", "public"."ScoutImportCompletion"."final_counts", "public"."ScoutImportCompletion"."error_summary", "public"."ScoutImportCompletion"."completed_at"
2026-09-29 15:49:20.479 UTC [8549] ERROR:  duplicate key value violates unique constraint "ScoutImportCompletion_coach_id_intent_id_key"
2026-09-29 15:49:20.479 UTC [8549] DETAIL:  Key (coach_id, intent_id)=(s11b-coach-a, caa8150c-ba6e-48ef-884a-ad3b838e2d07) already exists.
2026-09-29 15:49:20.479 UTC [8549] STATEMENT:  INSERT INTO "public"."ScoutImportCompletion" ("id","coach_id","intent_id","terminal_status","completed_at") VALUES ($1,$2,$3,$4,$5) RETURNING "public"."ScoutImportCompletion"."id", "public"."ScoutImportCompletion"."coach_id", "public"."ScoutImportCompletion"."intent_id", "public"."ScoutImportCompletion"."terminal_status", "public"."ScoutImportCompletion"."final_counts", "public"."ScoutImportCompletion"."error_summary", "public"."ScoutImportCompletion"."completed_at"
2026-09-29 15:49:56.722 UTC [8968] ERROR:  duplicate key value violates unique constraint "ScoutImportCompletion_coach_id_intent_id_key"
2026-09-29 15:49:56.722 UTC [8968] DETAIL:  Key (coach_id, intent_id)=(s11b-coach-a, c5b2030b-c75d-4a0a-aa2d-3bea0d1dc718) already exists.
2026-09-29 15:49:56.722 UTC [8968] STATEMENT:  INSERT INTO "public"."ScoutImportCompletion" ("id","coach_id","intent_id","terminal_status","completed_at") VALUES ($1,$2,$3,$4,$5) RETURNING "public"."ScoutImportCompletion"."id", "public"."ScoutImportCompletion"."coach_id", "public"."ScoutImportCompletion"."intent_id", "public"."ScoutImportCompletion"."terminal_status", "public"."ScoutImportCompletion"."final_counts", "public"."ScoutImportCompletion"."error_summary", "public"."ScoutImportCompletion"."completed_at"
2026-09-29 15:49:56.785 UTC [8972] ERROR:  duplicate key value violates unique constraint "ScoutImportCompletion_coach_id_intent_id_key"
2026-09-29 15:49:56.785 UTC [8972] DETAIL:  Key (coach_id, intent_id)=(s11b-coach-a, c5b2030b-c75d-4a0a-aa2d-3bea0d1dc718) already exists.
2026-09-29 15:49:56.785 UTC [8972] STATEMENT:  INSERT INTO "public"."ScoutImportCompletion" ("id","coach_id","intent_id","terminal_status","completed_at") VALUES ($1,$2,$3,$4,$5) RETURNING "public"."ScoutImportCompletion"."id", "public"."ScoutImportCompletion"."coach_id", "public"."ScoutImportCompletion"."intent_id", "public"."ScoutImportCompletion"."terminal_status", "public"."ScoutImportCompletion"."final_counts", "public"."ScoutImportCompletion"."error_summary", "public"."ScoutImportCompletion"."completed_at"
2026-09-29 15:49:56.915 UTC [8968] ERROR:  could not serialize access due to concurrent update
2026-09-29 15:49:56.915 UTC [8968] STATEMENT:  
	      SELECT execution_epoch, terminal_status, fenced_at, fence_reason, deadline_at,
	             accepted_start_at
	        FROM "ScoutImport"
	       WHERE coach_id = $1 AND intent_id = $2 AND mode = 'server'
	       FOR NO KEY UPDATE
2026-09-29 15:50:32.423 UTC [9386] ERROR:  duplicate key value violates unique constraint "ScoutImportCompletion_coach_id_intent_id_key"
2026-09-29 15:50:32.423 UTC [9386] DETAIL:  Key (coach_id, intent_id)=(s11b-coach-a, 2ee65718-c220-45ff-8413-5fa1063f7003) already exists.
2026-09-29 15:50:32.423 UTC [9386] STATEMENT:  INSERT INTO "public"."ScoutImportCompletion" ("id","coach_id","intent_id","terminal_status","completed_at") VALUES ($1,$2,$3,$4,$5) RETURNING "public"."ScoutImportCompletion"."id", "public"."ScoutImportCompletion"."coach_id", "public"."ScoutImportCompletion"."intent_id", "public"."ScoutImportCompletion"."terminal_status", "public"."ScoutImportCompletion"."final_counts", "public"."ScoutImportCompletion"."error_summary", "public"."ScoutImportCompletion"."completed_at"
2026-09-29 15:50:42.172 UTC [3860] LOG:  checkpoint complete: wrote 1885 buffers (11.5%); 0 WAL file(s) added, 0 removed, 1 recycled; write=188.310 s, sync=0.001 s, total=188.312 s; sync files=0, longest=0.000 s, average=0.000 s; distance=14431 kB, estimate=14431 kB; lsn=0/2321FB8, redo lsn=0/22F1430
2026-09-29 15:51:40.388 UTC [10199] ERROR:  duplicate key value violates unique constraint "ScoutImportCompletion_coach_id_intent_id_key"
2026-09-29 15:51:40.388 UTC [10199] DETAIL:  Key (coach_id, intent_id)=(s11b-coach-a, c0f5878c-ebd1-44f6-901d-e503bd63904c) already exists.
2026-09-29 15:51:40.388 UTC [10199] STATEMENT:  INSERT INTO "public"."ScoutImportCompletion" ("id","coach_id","intent_id","terminal_status","completed_at") VALUES ($1,$2,$3,$4,$5) RETURNING "public"."ScoutImportCompletion"."id", "public"."ScoutImportCompletion"."coach_id", "public"."ScoutImportCompletion"."intent_id", "public"."ScoutImportCompletion"."terminal_status", "public"."ScoutImportCompletion"."final_counts", "public"."ScoutImportCompletion"."error_summary", "public"."ScoutImportCompletion"."completed_at"
2026-09-29 15:52:33.272 UTC [3860] LOG:  checkpoint starting: time
2026-09-29 15:52:43.707 UTC [3860] LOG:  checkpoint complete: wrote 105 buffers (0.6%); 0 WAL file(s) added, 0 removed, 0 recycled; write=10.435 s, sync=0.001 s, total=10.436 s; sync files=0, longest=0.000 s, average=0.000 s; distance=289 kB, estimate=13017 kB; lsn=0/233DB18, redo lsn=0/23399A0
2026-09-29 15:53:47.512 UTC [11683] ERROR:  duplicate key value violates unique constraint "ScoutImportCompletion_coach_id_intent_id_key"
2026-09-29 15:53:47.512 UTC [11683] DETAIL:  Key (coach_id, intent_id)=(s11d-coach-clean, 565b0228-5676-40e5-9f7e-005183cd5e83) already exists.
2026-09-29 15:53:47.512 UTC [11683] STATEMENT:  INSERT INTO "public"."ScoutImportCompletion" ("id","coach_id","intent_id","terminal_status","completed_at") VALUES ($1,$2,$3,$4,$5) RETURNING "public"."ScoutImportCompletion"."id", "public"."ScoutImportCompletion"."coach_id", "public"."ScoutImportCompletion"."intent_id", "public"."ScoutImportCompletion"."terminal_status", "public"."ScoutImportCompletion"."final_counts", "public"."ScoutImportCompletion"."error_summary", "public"."ScoutImportCompletion"."completed_at"
2026-09-29 15:54:41.381 UTC [3859] LOG:  received fast shutdown request
2026-09-29 15:54:41.381 UTC [3859] LOG:  aborting any active transactions
2026-09-29 15:54:41.382 UTC [3859] LOG:  background worker "logical replication launcher" (PID 3865) exited with exit code 1
2026-09-29 15:54:41.383 UTC [3860] LOG:  shutting down
2026-09-29 15:54:41.383 UTC [3860] LOG:  checkpoint starting: shutdown immediate
2026-09-29 15:54:41.384 UTC [3860] LOG:  checkpoint complete: wrote 80 buffers (0.5%); 0 WAL file(s) added, 0 removed, 0 recycled; write=0.001 s, sync=0.001 s, total=0.002 s; sync files=0, longest=0.000 s, average=0.000 s; distance=89 kB, estimate=11724 kB; lsn=0/234FFA0, redo lsn=0/234FFA0
2026-09-29 15:54:41.393 UTC [3859] LOG:  database system is shut down
