2026-09-27 20:46:20.649 UTC [3762] LOG:  starting PostgreSQL 17.6 on x86_64-pc-linux-gnu, compiled by gcc (Ubuntu 7.5.0-3ubuntu1~18.04) 7.5.0, 64-bit
2026-09-27 20:46:20.649 UTC [3762] LOG:  listening on IPv4 address "127.0.0.1", port 55650
2026-09-27 20:46:20.649 UTC [3762] LOG:  listening on Unix socket "/home/runner/work/_temp/lane-s10b-rls-s10b-s10c-3600/s/.s.PGSQL.55650"
2026-09-27 20:46:20.651 UTC [3765] LOG:  database system was shut down at 2026-09-27 20:46:20 UTC
2026-09-27 20:46:20.653 UTC [3762] LOG:  database system is ready to accept connections
2026-09-27 20:48:03.282 UTC [5139] ERROR:  permission denied for table ScoutRunDeclaration
2026-09-27 20:48:03.282 UTC [5139] STATEMENT:  SELECT count(*) FROM "ScoutRunDeclaration"
2026-09-27 20:48:03.305 UTC [5141] ERROR:  permission denied for table ScoutRunDeclaration
2026-09-27 20:48:03.305 UTC [5141] STATEMENT:  SELECT count(*) FROM "ScoutRunDeclaration"
2026-09-27 20:48:03.327 UTC [5143] ERROR:  permission denied for table ScoutRunObservation
2026-09-27 20:48:03.327 UTC [5143] STATEMENT:  SELECT count(*) FROM "ScoutRunObservation"
2026-09-27 20:48:03.348 UTC [5145] ERROR:  permission denied for table ScoutRunObservation
2026-09-27 20:48:03.348 UTC [5145] STATEMENT:  SELECT count(*) FROM "ScoutRunObservation"
2026-09-27 20:48:03.370 UTC [5147] ERROR:  permission denied for table ScoutRunSettledBasis
2026-09-27 20:48:03.370 UTC [5147] STATEMENT:  SELECT count(*) FROM "ScoutRunSettledBasis"
2026-09-27 20:48:03.391 UTC [5149] ERROR:  permission denied for table ScoutRunSettledBasis
2026-09-27 20:48:03.391 UTC [5149] STATEMENT:  SELECT count(*) FROM "ScoutRunSettledBasis"
2026-09-27 20:48:03.413 UTC [5151] ERROR:  permission denied for table ScoutRunDeclaration
2026-09-27 20:48:03.413 UTC [5151] STATEMENT:  INSERT INTO "ScoutRunDeclaration" (coach_id,intent_id,source_platform,account_scope_id_digest,challenge,declared_at)
	    VALUES ('coach','93727928-b64e-4137-8ac9-dc2c5c218e36','synthetic-src-b',
	      encode(digest('synthetic-scope-1','sha256'),'hex'),decode(repeat('07',32),'hex'),
	      '2026-09-26 00:00:00')
2026-09-27 20:48:03.580 UTC [5165] ERROR:  insert or update on table "ScoutRunDeclaration" violates foreign key constraint "ScoutRunDeclaration_coach_id_intent_id_fkey"
2026-09-27 20:48:03.580 UTC [5165] DETAIL:  Key (coach_id, intent_id)=(other-coach, 52de91a5-a2cf-4a2f-8eeb-3860fb90d257) is not present in table "ScoutImport".
2026-09-27 20:48:03.580 UTC [5165] STATEMENT:  INSERT INTO "ScoutRunDeclaration" (coach_id,intent_id,source_platform,account_scope_id_digest,challenge,declared_at)
	    VALUES ('other-coach','52de91a5-a2cf-4a2f-8eeb-3860fb90d257','synthetic-src-a',
	      encode(digest('synthetic-scope-1','sha256'),'hex'),decode(repeat('07',32),'hex'),
	      '2026-09-26 00:00:00')
2026-09-27 20:48:03.603 UTC [5167] ERROR:  insert or update on table "ScoutRunObservation" violates foreign key constraint "ScoutRunObservation_coach_id_intent_id_fkey"
2026-09-27 20:48:03.603 UTC [5167] DETAIL:  Key (coach_id, intent_id)=(other-coach, 52de91a5-a2cf-4a2f-8eeb-3860fb90d257) is not present in table "ScoutImport".
2026-09-27 20:48:03.603 UTC [5167] STATEMENT:  INSERT INTO "ScoutRunObservation" (id,coach_id,intent_id,execution_epoch,source_platform,account_scope_id_digest,
	      family,basis_kind,evidence,evidence_digest,received_at)
	    VALUES (gen_random_uuid()::text,'other-coach','52de91a5-a2cf-4a2f-8eeb-3860fb90d257',1,'synthetic-src-a',
	      encode(digest('synthetic-scope-1','sha256'),'hex'),'clients','source_signed_enumeration',
	      '{"evidence_version":1}'::jsonb,encode(digest('synthetic-evidence','sha256'),'hex'),'2026-09-26 00:00:00')
2026-09-27 20:48:03.625 UTC [5169] ERROR:  insert or update on table "ScoutRunSettledBasis" violates foreign key constraint "ScoutRunSettledBasis_coach_id_intent_id_fkey"
2026-09-27 20:48:03.625 UTC [5169] DETAIL:  Key (coach_id, intent_id)=(other-coach, 52de91a5-a2cf-4a2f-8eeb-3860fb90d257) is not present in table "ScoutImport".
2026-09-27 20:48:03.625 UTC [5169] STATEMENT:  INSERT INTO "ScoutRunSettledBasis" (coach_id,intent_id,execution_epoch,report_version,report,observation_digests,settled_at)
	    VALUES ('other-coach','52de91a5-a2cf-4a2f-8eeb-3860fb90d257',1,1,'{}'::jsonb,ARRAY[encode(digest('synthetic-evidence','sha256'),'hex')],'2026-09-26 00:00:00')
2026-09-27 20:48:03.653 UTC [5171] ERROR:  insert or update on table "ScoutRunObservation" violates foreign key constraint "ScoutRunObservation_declaration_fkey"
2026-09-27 20:48:03.653 UTC [5171] DETAIL:  Key (coach_id, intent_id, source_platform, account_scope_id_digest)=(coach, 52de91a5-a2cf-4a2f-8eeb-3860fb90d257, synthetic-src-b, 92931c14ca0d532d778df624c261f6298f778663ccfc6ad704f774833c7491b3) is not present in table "ScoutRunDeclaration".
2026-09-27 20:48:03.653 UTC [5171] STATEMENT:  INSERT INTO "ScoutRunObservation" (id,coach_id,intent_id,execution_epoch,source_platform,account_scope_id_digest,
	      family,basis_kind,evidence,evidence_digest,received_at)
	    VALUES (gen_random_uuid()::text,'coach','52de91a5-a2cf-4a2f-8eeb-3860fb90d257',1,'synthetic-src-b',
	      encode(digest('synthetic-scope-1','sha256'),'hex'),'clients','source_signed_enumeration',
	      '{"evidence_version":1}'::jsonb,encode(digest('synthetic-evidence','sha256'),'hex'),'2026-09-26 00:00:00')
2026-09-27 20:48:03.771 UTC [5181] ERROR:  permission denied for table ScoutRunDeclaration
2026-09-27 20:48:03.771 UTC [5181] STATEMENT:  UPDATE "ScoutRunDeclaration" SET coach_id=coach_id
2026-09-27 20:48:03.793 UTC [5183] ERROR:  permission denied for table ScoutRunDeclaration
2026-09-27 20:48:03.793 UTC [5183] STATEMENT:  DELETE FROM "ScoutRunDeclaration"
2026-09-27 20:48:03.814 UTC [5185] ERROR:  G2-S10B insert-only: UPDATE on ScoutRunDeclaration refused
2026-09-27 20:48:03.814 UTC [5185] CONTEXT:  PL/pgSQL function public.scout_run_observation_insert_only() line 4 at RAISE
2026-09-27 20:48:03.814 UTC [5185] STATEMENT:  UPDATE "ScoutRunDeclaration" SET coach_id=coach_id
2026-09-27 20:48:03.836 UTC [5187] ERROR:  G2-S10B insert-only: DELETE on ScoutRunDeclaration refused
2026-09-27 20:48:03.836 UTC [5187] CONTEXT:  PL/pgSQL function public.scout_run_observation_insert_only() line 4 at RAISE
2026-09-27 20:48:03.836 UTC [5187] STATEMENT:  DELETE FROM "ScoutRunDeclaration"
2026-09-27 20:48:03.857 UTC [5189] ERROR:  cannot truncate a table referenced in a foreign key constraint
2026-09-27 20:48:03.857 UTC [5189] DETAIL:  Table "ScoutRunObservation" references "ScoutRunDeclaration".
2026-09-27 20:48:03.857 UTC [5189] HINT:  Truncate table "ScoutRunObservation" at the same time, or use TRUNCATE ... CASCADE.
2026-09-27 20:48:03.857 UTC [5189] STATEMENT:  TRUNCATE "ScoutRunDeclaration"
2026-09-27 20:48:03.900 UTC [5193] ERROR:  permission denied for table ScoutRunObservation
2026-09-27 20:48:03.900 UTC [5193] STATEMENT:  UPDATE "ScoutRunObservation" SET coach_id=coach_id
2026-09-27 20:48:03.921 UTC [5195] ERROR:  permission denied for table ScoutRunObservation
2026-09-27 20:48:03.921 UTC [5195] STATEMENT:  DELETE FROM "ScoutRunObservation"
2026-09-27 20:48:03.943 UTC [5197] ERROR:  G2-S10B insert-only: UPDATE on ScoutRunObservation refused
2026-09-27 20:48:03.943 UTC [5197] CONTEXT:  PL/pgSQL function public.scout_run_observation_insert_only() line 4 at RAISE
2026-09-27 20:48:03.943 UTC [5197] STATEMENT:  UPDATE "ScoutRunObservation" SET coach_id=coach_id
2026-09-27 20:48:03.965 UTC [5199] ERROR:  G2-S10B insert-only: DELETE on ScoutRunObservation refused
2026-09-27 20:48:03.965 UTC [5199] CONTEXT:  PL/pgSQL function public.scout_run_observation_insert_only() line 4 at RAISE
2026-09-27 20:48:03.965 UTC [5199] STATEMENT:  DELETE FROM "ScoutRunObservation"
2026-09-27 20:48:03.986 UTC [5201] ERROR:  G2-S10B insert-only: TRUNCATE on ScoutRunObservation refused
2026-09-27 20:48:03.986 UTC [5201] CONTEXT:  PL/pgSQL function public.scout_run_observation_insert_only() line 4 at RAISE
2026-09-27 20:48:03.986 UTC [5201] STATEMENT:  TRUNCATE "ScoutRunObservation"
2026-09-27 20:48:04.033 UTC [5205] ERROR:  permission denied for table ScoutRunSettledBasis
2026-09-27 20:48:04.033 UTC [5205] STATEMENT:  UPDATE "ScoutRunSettledBasis" SET coach_id=coach_id
2026-09-27 20:48:04.054 UTC [5207] ERROR:  permission denied for table ScoutRunSettledBasis
2026-09-27 20:48:04.054 UTC [5207] STATEMENT:  DELETE FROM "ScoutRunSettledBasis"
2026-09-27 20:48:04.076 UTC [5209] ERROR:  G2-S10B insert-only: UPDATE on ScoutRunSettledBasis refused
2026-09-27 20:48:04.076 UTC [5209] CONTEXT:  PL/pgSQL function public.scout_run_observation_insert_only() line 4 at RAISE
2026-09-27 20:48:04.076 UTC [5209] STATEMENT:  UPDATE "ScoutRunSettledBasis" SET coach_id=coach_id
2026-09-27 20:48:04.097 UTC [5211] ERROR:  G2-S10B insert-only: DELETE on ScoutRunSettledBasis refused
2026-09-27 20:48:04.097 UTC [5211] CONTEXT:  PL/pgSQL function public.scout_run_observation_insert_only() line 4 at RAISE
2026-09-27 20:48:04.097 UTC [5211] STATEMENT:  DELETE FROM "ScoutRunSettledBasis"
2026-09-27 20:48:04.119 UTC [5213] ERROR:  G2-S10B insert-only: TRUNCATE on ScoutRunSettledBasis refused
2026-09-27 20:48:04.119 UTC [5213] CONTEXT:  PL/pgSQL function public.scout_run_observation_insert_only() line 4 at RAISE
2026-09-27 20:48:04.119 UTC [5213] STATEMENT:  TRUNCATE "ScoutRunSettledBasis"
2026-09-27 20:48:04.258 UTC [5225] ERROR:  permission denied for table ScoutRunObservation
2026-09-27 20:48:04.258 UTC [5225] CONTEXT:  SQL statement "DELETE FROM public."ScoutRunObservation""
	PL/pgSQL function g2_s10b_probe_delete() line 2 at SQL statement
2026-09-27 20:48:04.258 UTC [5225] STATEMENT:  INSERT INTO public.g2_s10b_probe VALUES (1);
2026-09-27 20:48:04.646 UTC [5259] ERROR:  G2-S10B declaration challenge differs within one run
2026-09-27 20:48:04.646 UTC [5259] CONTEXT:  PL/pgSQL function public.scout_run_declaration_one_challenge() line 11 at RAISE
2026-09-27 20:48:04.646 UTC [5259] STATEMENT:  INSERT INTO "ScoutRunDeclaration" (coach_id,intent_id,source_platform,account_scope_id_digest,challenge,declared_at)
	    VALUES ('other-coach','c8f199d6-7bae-4808-a7b5-757b61eb08f3','synthetic-src-b',
	      encode(digest('synthetic-scope-1','sha256'),'hex'),decode(repeat('08',32),'hex'),
	      '2026-09-26 00:00:00')
2026-09-27 20:48:04.669 UTC [5261] ERROR:  G2-S10B declaration challenge differs within one run
2026-09-27 20:48:04.669 UTC [5261] CONTEXT:  PL/pgSQL function public.scout_run_declaration_one_challenge() line 11 at RAISE
2026-09-27 20:48:04.669 UTC [5261] STATEMENT:  INSERT INTO "ScoutRunDeclaration" (coach_id,intent_id,source_platform,account_scope_id_digest,challenge,declared_at)
	    VALUES ('other-coach','c8f199d6-7bae-4808-a7b5-757b61eb08f3','synthetic-src-b',
	      encode(digest('synthetic-scope-1','sha256'),'hex'),decode(repeat('07',32),'hex'),
	      '2026-09-26 00:00:01')
2026-09-27 20:48:04.827 UTC [5276] ERROR:  new row for relation "ScoutRunDeclaration" violates check constraint "ScoutRunDeclaration_scope_digest_check"
2026-09-27 20:48:04.827 UTC [5276] DETAIL:  Failing row contains (coach, 386daec9-dd79-46ab-9b26-ad6ae511cbdf, synthetic-src-a, raw-account-id, \x07070707070707070707070707070707070707070707070707070707070707..., 2026-09-26 00:00:00).
2026-09-27 20:48:04.827 UTC [5276] STATEMENT:  INSERT INTO "ScoutRunDeclaration" (coach_id,intent_id,source_platform,account_scope_id_digest,challenge,declared_at)
	    VALUES ('coach','386daec9-dd79-46ab-9b26-ad6ae511cbdf','synthetic-src-a',
	      'raw-account-id',decode(repeat('07',32),'hex'),
	      '2026-09-26 00:00:00')
2026-09-27 20:48:04.849 UTC [5278] ERROR:  new row for relation "ScoutRunDeclaration" violates check constraint "ScoutRunDeclaration_challenge_check"
2026-09-27 20:48:04.849 UTC [5278] DETAIL:  Failing row contains (coach, 386daec9-dd79-46ab-9b26-ad6ae511cbdf, synthetic-src-a, 92931c14ca0d532d778df624c261f6298f778663ccfc6ad704f774833c7491b3, \x00, 2026-09-26 00:00:00).
2026-09-27 20:48:04.849 UTC [5278] STATEMENT:  INSERT INTO "ScoutRunDeclaration" (coach_id,intent_id,source_platform,account_scope_id_digest,challenge,declared_at)
	    VALUES ('coach','386daec9-dd79-46ab-9b26-ad6ae511cbdf','synthetic-src-a',
	      encode(digest('synthetic-scope-1','sha256'),'hex'),decode('00','hex'),
	      '2026-09-26 00:00:00')
2026-09-27 20:48:04.898 UTC [5282] ERROR:  new row for relation "ScoutRunObservation" violates check constraint "ScoutRunObservation_family_check"
2026-09-27 20:48:04.898 UTC [5282] DETAIL:  Failing row contains (4e0a6f10-3c5c-4f08-a9f7-3f85c6dd92e8, coach, 386daec9-dd79-46ab-9b26-ad6ae511cbdf, 1, synthetic-src-a, 92931c14ca0d532d778df624c261f6298f778663ccfc6ad704f774833c7491b3, notes, source_signed_enumeration, {"evidence_version": 1}, 3c5763d016c26246a8b8906f3eacf399cb980b20b7efd076acc4435ffd307789, 2026-09-26 00:00:00).
2026-09-27 20:48:04.898 UTC [5282] STATEMENT:  INSERT INTO "ScoutRunObservation" (id,coach_id,intent_id,execution_epoch,source_platform,account_scope_id_digest,
	      family,basis_kind,evidence,evidence_digest,received_at)
	    VALUES (gen_random_uuid()::text,'coach','386daec9-dd79-46ab-9b26-ad6ae511cbdf',1,'synthetic-src-a',
	      encode(digest('synthetic-scope-1','sha256'),'hex'),'notes','source_signed_enumeration',
	      '{"evidence_version":1}'::jsonb,encode(digest('synthetic-evidence','sha256'),'hex'),'2026-09-26 00:00:00')
2026-09-27 20:48:04.919 UTC [5284] ERROR:  new row for relation "ScoutRunObservation" violates check constraint "ScoutRunObservation_epoch_check"
2026-09-27 20:48:04.919 UTC [5284] DETAIL:  Failing row contains (b9de658c-46ab-4c82-abee-3051dc61393b, coach, 386daec9-dd79-46ab-9b26-ad6ae511cbdf, 0, synthetic-src-a, 92931c14ca0d532d778df624c261f6298f778663ccfc6ad704f774833c7491b3, clients, source_signed_enumeration, {"evidence_version": 1}, 3c5763d016c26246a8b8906f3eacf399cb980b20b7efd076acc4435ffd307789, 2026-09-26 00:00:00).
2026-09-27 20:48:04.919 UTC [5284] STATEMENT:  INSERT INTO "ScoutRunObservation" (id,coach_id,intent_id,execution_epoch,source_platform,account_scope_id_digest,
	      family,basis_kind,evidence,evidence_digest,received_at)
	    VALUES (gen_random_uuid()::text,'coach','386daec9-dd79-46ab-9b26-ad6ae511cbdf',0,'synthetic-src-a',
	      encode(digest('synthetic-scope-1','sha256'),'hex'),'clients','source_signed_enumeration',
	      '{"evidence_version":1}'::jsonb,encode(digest('synthetic-evidence','sha256'),'hex'),'2026-09-26 00:00:00')
2026-09-27 20:48:04.941 UTC [5286] ERROR:  new row for relation "ScoutRunObservation" violates check constraint "ScoutRunObservation_evidence_digest_check"
2026-09-27 20:48:04.941 UTC [5286] DETAIL:  Failing row contains (501346c1-9390-420a-b247-32d22f8f007b, coach, 386daec9-dd79-46ab-9b26-ad6ae511cbdf, 1, synthetic-src-a, 92931c14ca0d532d778df624c261f6298f778663ccfc6ad704f774833c7491b3, clients, source_signed_enumeration, {"evidence_version": 1}, not-hex                                                         , 2026-09-26 00:00:00).
2026-09-27 20:48:04.941 UTC [5286] STATEMENT:  INSERT INTO "ScoutRunObservation" (id,coach_id,intent_id,execution_epoch,source_platform,account_scope_id_digest,
	      family,basis_kind,evidence,evidence_digest,received_at)
	    VALUES (gen_random_uuid()::text,'coach','386daec9-dd79-46ab-9b26-ad6ae511cbdf',1,'synthetic-src-a',
	      encode(digest('synthetic-scope-1','sha256'),'hex'),'clients','source_signed_enumeration',
	      '{"evidence_version":1}'::jsonb,'not-hex','2026-09-26 00:00:00')
2026-09-27 20:48:28.217 UTC [5843] ERROR:  Run declaration or observation state exists; retain schema and use compatible forward repair
2026-09-27 20:48:28.217 UTC [5843] CONTEXT:  PL/pgSQL function inline_code_block line 50 at RAISE
2026-09-27 20:48:28.217 UTC [5843] STATEMENT:  DO $$
	BEGIN
	  -- S10-B exactly as shipped. Presence is tested first (by name, no regclass cast) so a pre-S10-B
	  -- database or a rerun receives this fixed text, not a raw undefined-table error; the table
	  -- locks are taken only once the relations are known to exist.
	  IF (
	    SELECT count(*) FROM pg_catalog.pg_class t
	    WHERE t.oid IN (to_regclass('public."ScoutRunDeclaration"'), to_regclass('public."ScoutRunObservation"'),
	                    to_regclass('public."ScoutRunSettledBasis"'))
	      AND t.relkind = 'r' AND t.relrowsecurity AND t.relforcerowsecurity
	  ) <> 3 OR to_regprocedure('public.scout_run_observation_insert_only()') IS NULL
	    OR to_regprocedure('public.scout_run_declaration_one_challenge()') IS NULL THEN
	    RAISE EXCEPTION 'G2-S10B observation tables absent';
	  END IF;
	  LOCK TABLE public."ScoutRunObservation", public."ScoutRunDeclaration", public."ScoutRunSettledBasis"
	    IN ACCESS EXCLUSIVE MODE;
	  IF (
	    SELECT count(*) FROM pg_catalog.pg_constraint c
	    WHERE c.contype = 'f' AND c.convalidated
	      AND c.confrelid IN (to_regclass('public."ScoutImport"'), to_regclass('public."ScoutRunDeclaration"'))
	      AND c.conname IN ('ScoutRunDeclaration_coach_id_intent_id_fkey', 'ScoutRunObservation_coach_id_intent_id_fkey',
	                        'ScoutRunObservation_declaration_fkey', 'ScoutRunSettledBasis_coach_id_intent_id_fkey')
	  ) <> 4 OR NOT EXISTS (
	    SELECT 1 FROM pg_catalog.pg_index i
	    WHERE i.indexrelid = to_regclass('public."ScoutRunObservation_unit_key"')
	      AND i.indrelid = 'public."ScoutRunObservation"'::regclass
	      AND i.indisunique AND i.indisvalid AND i.indpred IS NULL
	      AND pg_get_indexdef(i.indexrelid) =
	        'CREATE UNIQUE INDEX "ScoutRunObservation_unit_key" ON public."ScoutRunObservation" USING btree (coach_id, intent_id, execution_epoch, source_platform, account_scope_id_digest, family)'
	  ) OR (
	    SELECT count(*) FROM pg_catalog.pg_trigger g
	    WHERE NOT g.tgisinternal
	      AND g.tgrelid IN ('public."ScoutRunDeclaration"'::regclass, 'public."ScoutRunObservation"'::regclass,
	                        'public."ScoutRunSettledBasis"'::regclass)
	      AND g.tgname IN ('ScoutRunDeclaration_one_challenge', 'ScoutRunDeclaration_insert_only',
	                       'ScoutRunDeclaration_no_truncate', 'ScoutRunObservation_insert_only',
	                       'ScoutRunObservation_no_truncate', 'ScoutRunSettledBasis_insert_only',
	                       'ScoutRunSettledBasis_no_truncate')
	  ) <> 7 OR (
	    SELECT count(*) FROM pg_catalog.pg_policy p
	    WHERE p.polrelid IN ('public."ScoutRunDeclaration"'::regclass, 'public."ScoutRunObservation"'::regclass,
	                         'public."ScoutRunSettledBasis"'::regclass)
	  ) <> 9 THEN
	    RAISE EXCEPTION 'G2-S10B observation tables absent';
	  END IF;
	  -- Refuse to erase recorded S10 facts. Fixed, identifier-free text; nothing is named.
	  IF EXISTS (SELECT 1 FROM public."ScoutRunDeclaration")
	    OR EXISTS (SELECT 1 FROM public."ScoutRunObservation")
	    OR EXISTS (SELECT 1 FROM public."ScoutRunSettledBasis") THEN
	    RAISE EXCEPTION 'Run declaration or observation state exists; retain schema and use compatible forward repair';
	  END IF;
	END $$;
2026-09-27 20:48:28.413 UTC [5859] ERROR:  G2-S10B observation tables absent
2026-09-27 20:48:28.413 UTC [5859] CONTEXT:  PL/pgSQL function inline_code_block line 13 at RAISE
2026-09-27 20:48:28.413 UTC [5859] STATEMENT:  DO $$
	BEGIN
	  -- S10-B exactly as shipped. Presence is tested first (by name, no regclass cast) so a pre-S10-B
	  -- database or a rerun receives this fixed text, not a raw undefined-table error; the table
	  -- locks are taken only once the relations are known to exist.
	  IF (
	    SELECT count(*) FROM pg_catalog.pg_class t
	    WHERE t.oid IN (to_regclass('public."ScoutRunDeclaration"'), to_regclass('public."ScoutRunObservation"'),
	                    to_regclass('public."ScoutRunSettledBasis"'))
	      AND t.relkind = 'r' AND t.relrowsecurity AND t.relforcerowsecurity
	  ) <> 3 OR to_regprocedure('public.scout_run_observation_insert_only()') IS NULL
	    OR to_regprocedure('public.scout_run_declaration_one_challenge()') IS NULL THEN
	    RAISE EXCEPTION 'G2-S10B observation tables absent';
	  END IF;
	  LOCK TABLE public."ScoutRunObservation", public."ScoutRunDeclaration", public."ScoutRunSettledBasis"
	    IN ACCESS EXCLUSIVE MODE;
	  IF (
	    SELECT count(*) FROM pg_catalog.pg_constraint c
	    WHERE c.contype = 'f' AND c.convalidated
	      AND c.confrelid IN (to_regclass('public."ScoutImport"'), to_regclass('public."ScoutRunDeclaration"'))
	      AND c.conname IN ('ScoutRunDeclaration_coach_id_intent_id_fkey', 'ScoutRunObservation_coach_id_intent_id_fkey',
	                        'ScoutRunObservation_declaration_fkey', 'ScoutRunSettledBasis_coach_id_intent_id_fkey')
	  ) <> 4 OR NOT EXISTS (
	    SELECT 1 FROM pg_catalog.pg_index i
	    WHERE i.indexrelid = to_regclass('public."ScoutRunObservation_unit_key"')
	      AND i.indrelid = 'public."ScoutRunObservation"'::regclass
	      AND i.indisunique AND i.indisvalid AND i.indpred IS NULL
	      AND pg_get_indexdef(i.indexrelid) =
	        'CREATE UNIQUE INDEX "ScoutRunObservation_unit_key" ON public."ScoutRunObservation" USING btree (coach_id, intent_id, execution_epoch, source_platform, account_scope_id_digest, family)'
	  ) OR (
	    SELECT count(*) FROM pg_catalog.pg_trigger g
	    WHERE NOT g.tgisinternal
	      AND g.tgrelid IN ('public."ScoutRunDeclaration"'::regclass, 'public."ScoutRunObservation"'::regclass,
	                        'public."ScoutRunSettledBasis"'::regclass)
	      AND g.tgname IN ('ScoutRunDeclaration_one_challenge', 'ScoutRunDeclaration_insert_only',
	                       'ScoutRunDeclaration_no_truncate', 'ScoutRunObservation_insert_only',
	                       'ScoutRunObservation_no_truncate', 'ScoutRunSettledBasis_insert_only',
	                       'ScoutRunSettledBasis_no_truncate')
	  ) <> 7 OR (
	    SELECT count(*) FROM pg_catalog.pg_policy p
	    WHERE p.polrelid IN ('public."ScoutRunDeclaration"'::regclass, 'public."ScoutRunObservation"'::regclass,
	                         'public."ScoutRunSettledBasis"'::regclass)
	  ) <> 9 THEN
	    RAISE EXCEPTION 'G2-S10B observation tables absent';
	  END IF;
	  -- Refuse to erase recorded S10 facts. Fixed, identifier-free text; nothing is named.
	  IF EXISTS (SELECT 1 FROM public."ScoutRunDeclaration")
	    OR EXISTS (SELECT 1 FROM public."ScoutRunObservation")
	    OR EXISTS (SELECT 1 FROM public."ScoutRunSettledBasis") THEN
	    RAISE EXCEPTION 'Run declaration or observation state exists; retain schema and use compatible forward repair';
	  END IF;
	END $$;
2026-09-27 20:48:28.539 UTC [5869] ERROR:  G2-S10B observation tables already present
2026-09-27 20:48:28.539 UTC [5869] CONTEXT:  PL/pgSQL function inline_code_block line 48 at RAISE
2026-09-27 20:48:28.539 UTC [5869] STATEMENT:  DO $$
	BEGIN
	  -- Accepted run identity: the (coach_id, intent_id) key on an RLS-forced table, exactly as shipped.
	  IF NOT EXISTS (
	    SELECT 1 FROM pg_catalog.pg_index i
	    JOIN pg_catalog.pg_class t ON t.oid = i.indrelid
	    WHERE i.indexrelid = to_regclass('public."ScoutImport_coach_id_intent_id_key"')
	      AND i.indrelid = to_regclass('public."ScoutImport"')
	      AND t.relkind = 'r' AND t.relrowsecurity AND t.relforcerowsecurity
	      AND i.indisunique AND i.indisvalid AND i.indisready AND i.indimmediate
	      AND i.indnkeyatts = i.indnatts AND i.indpred IS NULL AND i.indexprs IS NULL
	      AND pg_get_indexdef(i.indexrelid) =
	        'CREATE UNIQUE INDEX "ScoutImport_coach_id_intent_id_key" ON public."ScoutImport" USING btree (coach_id, intent_id)'
	  ) THEN
	    RAISE EXCEPTION 'G2-S10B unexpected run identity prerequisite';
	  END IF;
	  -- Run key columns exactly as shipped, and S7-L1's epoch (the observation binding) present.
	  IF NOT EXISTS (
	    SELECT 1 FROM pg_catalog.pg_attribute a
	    WHERE a.attrelid = 'public."ScoutImport"'::regclass AND a.attname = 'coach_id'
	      AND NOT a.attisdropped AND a.atttypid = 'text'::regtype AND a.attnotnull
	  ) OR NOT EXISTS (
	    SELECT 1 FROM pg_catalog.pg_attribute a
	    WHERE a.attrelid = 'public."ScoutImport"'::regclass AND a.attname = 'intent_id'
	      AND NOT a.attisdropped AND a.atttypid = 'text'::regtype AND a.attnotnull
	  ) OR NOT EXISTS (
	    SELECT 1 FROM pg_catalog.pg_attribute a
	    WHERE a.attrelid = 'public."ScoutImport"'::regclass AND a.attname = 'execution_epoch'
	      AND NOT a.attisdropped AND a.atttypid = 'int4'::regtype AND a.attnotnull
	  ) THEN
	    RAISE EXCEPTION 'G2-S10B unexpected run column prerequisite';
	  END IF;
	  -- Nothing this file creates may already exist under its name: refused, never dropped or adopted.
	  IF to_regclass('public."ScoutRunDeclaration"') IS NOT NULL
	    OR to_regclass('public."ScoutRunObservation"') IS NOT NULL
	    OR to_regclass('public."ScoutRunSettledBasis"') IS NOT NULL
	    OR to_regclass('public."ScoutRunDeclaration_pkey"') IS NOT NULL
	    OR to_regclass('public."ScoutRunObservation_pkey"') IS NOT NULL
	    OR to_regclass('public."ScoutRunObservation_unit_key"') IS NOT NULL
	    OR to_regclass('public."ScoutRunSettledBasis_pkey"') IS NOT NULL
	    OR to_regprocedure('public.scout_run_observation_insert_only()') IS NOT NULL
	    OR to_regprocedure('public.scout_run_declaration_one_challenge()') IS NOT NULL
	    OR EXISTS (
	      SELECT 1 FROM pg_catalog.pg_constraint
	      WHERE connamespace = 'public'::regnamespace
	        AND conname LIKE ANY (ARRAY['ScoutRunDeclaration\_%', 'ScoutRunObservation\_%', 'ScoutRunSettledBasis\_%'])
	    ) THEN
	    RAISE EXCEPTION 'G2-S10B observation tables already present';
	  END IF;
	END $$;
2026-09-27 20:49:09.896 UTC [6432] ERROR:  duplicate key value violates unique constraint "ScoutImportCompletion_coach_id_intent_id_key"
2026-09-27 20:49:09.896 UTC [6432] DETAIL:  Key (coach_id, intent_id)=(coach, ce294e14-30b7-42d6-923a-0ada663be6bc) already exists.
2026-09-27 20:49:09.896 UTC [6432] STATEMENT:  INSERT INTO "public"."ScoutImportCompletion" ("id","coach_id","intent_id","terminal_status","completed_at") VALUES ($1,$2,$3,$4,$5) RETURNING "public"."ScoutImportCompletion"."id", "public"."ScoutImportCompletion"."coach_id", "public"."ScoutImportCompletion"."intent_id", "public"."ScoutImportCompletion"."terminal_status", "public"."ScoutImportCompletion"."final_counts", "public"."ScoutImportCompletion"."error_summary", "public"."ScoutImportCompletion"."completed_at"
2026-09-27 20:49:38.608 UTC [3762] LOG:  received fast shutdown request
2026-09-27 20:49:38.608 UTC [3762] LOG:  aborting any active transactions
2026-09-27 20:49:38.610 UTC [3762] LOG:  background worker "logical replication launcher" (PID 3768) exited with exit code 1
2026-09-27 20:49:38.610 UTC [3763] LOG:  shutting down
2026-09-27 20:49:38.610 UTC [3763] LOG:  checkpoint starting: shutdown immediate
2026-09-27 20:49:38.622 UTC [3763] LOG:  checkpoint complete: wrote 1817 buffers (11.1%); 0 WAL file(s) added, 0 removed, 1 recycled; write=0.011 s, sync=0.001 s, total=0.012 s; sync files=0, longest=0.000 s, average=0.000 s; distance=14714 kB, estimate=14714 kB; lsn=0/2337F78, redo lsn=0/2337F78
2026-09-27 20:49:38.632 UTC [3762] LOG:  database system is shut down
