DIAG_A_BEGIN 2026-09-25T17:02:44Z pid=315 lock_inode=674373 lock_acquired=2026-09-25T17:02:44Z
PRECONDITIONS_OK 2026-09-25T17:02:44Z head=e0cee7e04bef88811310f6dde1fd921f45d103ad
DIAG_LANE_INIT_OK data=/home/user/workspace/execution/64e33dc7/recovery-reset/scratch/s8c-diag/pg-data port=55644 superuser=s8c_super cluster_name=s8c-disposable-pg17 socket=/home/user/workspace/execution/64e33dc7/recovery-reset/scratch/s8c-diag/run pg_version=17
DIAG_LANE_START_OK pid=390
LANE_UP 2026-09-25T17:02:48Z pid=390
BOOTSTRAP rc=0 2026-09-25T17:02:52Z
APPLIED_MIGRATIONS=171
CATALOG_ROWS all=2163 required_no_default=808 harness_tables=27
HARNESS_TABLES_REQUIRED_NO_DEFAULT:
  ExerciseCatalogItem	id	text
  ExerciseCatalogItem	slug	text
  ExerciseCatalogItem	name	text
  ExerciseCatalogItem	category	text
  ExerciseCatalogItem	primary_muscle	text
  ExerciseCatalogItem	updated_at	timestamp without time zone
  ScoutImport	id	text
  ScoutImport	coach_id	text
  ScoutImport	intent_id	text
  ScoutIngestEntity	id	text
  ScoutIngestEntity	coach_id	text
  ScoutIngestEntity	intent_id	text
  ScoutIngestEntity	entity_type	text
  ScoutIngestEntity	source_id	text
  ScoutIngestEntity	source_platform	text
  ScoutIngestEntity	payload	jsonb
  ScoutReconstructionLedger	id	text
  ScoutReconstructionLedger	coach_id	text
  ScoutReconstructionLedger	intent_id	text
  ScoutReconstructionLedger	entity_type	text
  ScoutReconstructionLedger	source_id	text
  ScoutReconstructionLedger	status	text
  ScoutReconstructionLedger	source_platform	text
  User	id	text
  User	supabase_id	text
  User	email	text
  User	name	text
DIAG_LANE_STOP_OK
LANE_STOP rc=0 2026-09-25T17:02:53Z
POST postgres_procs=0 port55644_listeners=0 postmaster_pid_present=no
DIAG_A_END rc=0 2026-09-25T17:02:53Z lock_released_at_exit
