LOCK acquired 2026-09-26T04:26:50Z
S10A_COMPOSED 14
PRISMA_GENERATE rc=0 client=2c819c8a8e2f donor_unchanged=yes
557
PRETTIER rc=0
REFLOWED src/scout/induction/observation.dto.ts
REFLOWED src/scout/induction/observation.service.ts
REFLOWED test/rls-g2-s10b.spec.ts
REFLOWED test/scout/induction/observation.controller.spec.ts
REFLOWED test/scout/induction/observation.service.spec.ts
REFLOWED test/utils/g2-s10b-fixtures.ts
REFLOWED test/utils/g2-s10b-harness.ts
REFLOWED test/utils/g2-s10b-worker.cjs
TSC rc=0 lines=0
ESLINT rc=0
R75_STAGED rc=0
INDEX_CLEAN
JEST rc=1
Test Suites: 1 failed, 6 passed, 7 total
Tests:       1 failed, 149 passed, 150 total
S10A_REMOVED status_lines=16
END 2026-09-26T04:28:25Z
