  console.warn
    PG17_PROCESS {"name":"g2g_1","options":{"action":"pair-init","coach":"s11-coach-a","body":{},"host":"P1","role":"phone"},"result":{"pairing_code":"058394","expires_at":"2026-09-27T19:52:38.085Z","import_intent_id":"49bbe793-d1ed-46b6-a893-4f302c51004e"},"queries":11,"pid":27494}

      181 |       }
      182 |       // Query shapes, outcomes, fixture identifiers and process IDs only; never parameters.
    > 183 |       console.warn(
          |               ^
      184 |         'PG17_PROCESS',
      185 |         JSON.stringify({
      186 |           name,

      at settleWorker (test/utils/g2-s11-pg-harness.ts:183:15)
      at ChildProcess.<anonymous> (test/utils/g2-s11-pg-harness.ts:202:7)

  console.warn
    PG17_PROCESS {"name":"g2g_2","options":{"action":"pair-redeem","coach":"unauthenticated","body":{"code":"058394"},"host":"P2","role":"ext"},"result":{"access_token":"synthetic-access-1","refresh_token":"synthetic-refresh-1","chosen_platform":"s11-label","import_intent_id":"49bbe793-d1ed-46b6-a893-4f302c51004e"},"queries":10,"pid":27524}

      181 |       }
      182 |       // Query shapes, outcomes, fixture identifiers and process IDs only; never parameters.
    > 183 |       console.warn(
          |               ^
      184 |         'PG17_PROCESS',
      185 |         JSON.stringify({
      186 |           name,

      at settleWorker (test/utils/g2-s11-pg-harness.ts:183:15)
      at ChildProcess.<anonymous> (test/utils/g2-s11-pg-harness.ts:202:7)

  console.warn
    PG17_PROCESS {"name":"g2g_3","options":{"action":"pair-session","coach":"s11-coach-a","intent":"49bbe793-d1ed-46b6-a893-4f302c51004e","host":"P2","role":"phone"},"result":{"status":"paired","import_intent_id":"49bbe793-d1ed-46b6-a893-4f302c51004e","chosen_platform":"s11-label","readiness":{"run":"none","source_declared":false,"declared_platforms":null}},"queries":3,"pid":27553}

      181 |       }
      182 |       // Query shapes, outcomes, fixture identifiers and process IDs only; never parameters.
    > 183 |       console.warn(
          |               ^
      184 |         'PG17_PROCESS',
      185 |         JSON.stringify({
      186 |           name,

      at settleWorker (test/utils/g2-s11-pg-harness.ts:183:15)
      at ChildProcess.<anonymous> (test/utils/g2-s11-pg-harness.ts:202:7)

  console.warn
    PG17_PROCESS {"name":"g2g_4","options":{"action":"pair-current","coach":"s11-coach-a","body":{},"host":"P1","role":"phone"},"result":{"status":"paired","import_intent_id":"49bbe793-d1ed-46b6-a893-4f302c51004e","chosen_platform":"s11-label","readiness":{"run":"none","source_declared":false,"declared_platforms":null}},"queries":3,"pid":27584}

      181 |       }
      182 |       // Query shapes, outcomes, fixture identifiers and process IDs only; never parameters.
    > 183 |       console.warn(
          |               ^
      184 |         'PG17_PROCESS',
      185 |         JSON.stringify({
      186 |           name,

      at settleWorker (test/utils/g2-s11-pg-harness.ts:183:15)
      at ChildProcess.<anonymous> (test/utils/g2-s11-pg-harness.ts:202:7)

  console.warn
    PG17_PROCESS {"name":"g2g_5","options":{"action":"pair-init","coach":"s11-coach-a","body":{},"host":"P1","role":"phone"},"result":{"pairing_code":"078789","expires_at":"2026-09-27T19:52:46.420Z","import_intent_id":"a38f3012-9d0d-45aa-b8cf-90ceb0cb5a81"},"queries":11,"pid":27619}

      181 |       }
      182 |       // Query shapes, outcomes, fixture identifiers and process IDs only; never parameters.
    > 183 |       console.warn(
          |               ^
      184 |         'PG17_PROCESS',
      185 |         JSON.stringify({
      186 |           name,

      at settleWorker (test/utils/g2-s11-pg-harness.ts:183:15)
      at ChildProcess.<anonymous> (test/utils/g2-s11-pg-harness.ts:202:7)

  console.warn
    PG17_PROCESS {"name":"g2g_6","options":{"action":"pair-redeem","coach":"unauthenticated","body":{"code":"078789"},"host":"P2","role":"ext"},"result":{"access_token":"synthetic-access-1","refresh_token":"synthetic-refresh-1","chosen_platform":"s11-label","import_intent_id":"a38f3012-9d0d-45aa-b8cf-90ceb0cb5a81"},"queries":10,"pid":27648}

      181 |       }
      182 |       // Query shapes, outcomes, fixture identifiers and process IDs only; never parameters.
    > 183 |       console.warn(
          |               ^
      184 |         'PG17_PROCESS',
      185 |         JSON.stringify({
      186 |           name,

      at settleWorker (test/utils/g2-s11-pg-harness.ts:183:15)
      at ChildProcess.<anonymous> (test/utils/g2-s11-pg-harness.ts:202:7)

  console.warn
    PG17_PROCESS {"name":"g2g_7","options":{"action":"start","coach":"s11-coach-a","intent":"a38f3012-9d0d-45aa-b8cf-90ceb0cb5a81","host":"P2","role":"phone"},"result":{"intent_id":"a38f3012-9d0d-45aa-b8cf-90ceb0cb5a81","mode":"server","phase":"discovering","execution_epoch":1,"accepted_start_at":"2026-09-27T19:50:50.603Z","deadline_at":"2026-09-27T19:55:50.603Z"},"queries":3,"pid":27677}

      181 |       }
      182 |       // Query shapes, outcomes, fixture identifiers and process IDs only; never parameters.
    > 183 |       console.warn(
          |               ^
      184 |         'PG17_PROCESS',
      185 |         JSON.stringify({
      186 |           name,

      at settleWorker (test/utils/g2-s11-pg-harness.ts:183:15)
      at ChildProcess.<anonymous> (test/utils/g2-s11-pg-harness.ts:202:7)

  console.warn
    PG17_PROCESS {"name":"g2g_8","options":{"action":"pair-session","coach":"s11-coach-a","intent":"a38f3012-9d0d-45aa-b8cf-90ceb0cb5a81","host":"P1","role":"phone"},"result":{"status":"paired","import_intent_id":"a38f3012-9d0d-45aa-b8cf-90ceb0cb5a81","chosen_platform":"s11-label","readiness":{"run":"open","source_declared":false,"declared_platforms":0}},"queries":4,"pid":27708}

      181 |       }
      182 |       // Query shapes, outcomes, fixture identifiers and process IDs only; never parameters.
    > 183 |       console.warn(
          |               ^
      184 |         'PG17_PROCESS',
      185 |         JSON.stringify({
      186 |           name,

      at settleWorker (test/utils/g2-s11-pg-harness.ts:183:15)
      at ChildProcess.<anonymous> (test/utils/g2-s11-pg-harness.ts:202:7)

  console.warn
    PG17_PROCESS {"name":"g2g_9","options":{"action":"pair-init","coach":"s11-coach-a","body":{},"host":"P1","role":"phone"},"result":{"pairing_code":"866805","expires_at":"2026-09-27T19:52:55.035Z","import_intent_id":"a1379506-790f-4e32-8d78-de7aadedbc64"},"queries":11,"pid":27761}

      181 |       }
      182 |       // Query shapes, outcomes, fixture identifiers and process IDs only; never parameters.
    > 183 |       console.warn(
          |               ^
      184 |         'PG17_PROCESS',
      185 |         JSON.stringify({
      186 |           name,

      at settleWorker (test/utils/g2-s11-pg-harness.ts:183:15)
      at ChildProcess.<anonymous> (test/utils/g2-s11-pg-harness.ts:202:7)

  console.warn
    PG17_PROCESS {"name":"g2g_10","options":{"action":"pair-redeem","coach":"unauthenticated","body":{"code":"866805"},"host":"P2","role":"ext"},"result":{"access_token":"synthetic-access-1","refresh_token":"synthetic-refresh-1","chosen_platform":"s11-label","import_intent_id":"a1379506-790f-4e32-8d78-de7aadedbc64"},"queries":10,"pid":27790}

      181 |       }
      182 |       // Query shapes, outcomes, fixture identifiers and process IDs only; never parameters.
    > 183 |       console.warn(
          |               ^
      184 |         'PG17_PROCESS',
      185 |         JSON.stringify({
      186 |           name,

      at settleWorker (test/utils/g2-s11-pg-harness.ts:183:15)
      at ChildProcess.<anonymous> (test/utils/g2-s11-pg-harness.ts:202:7)

  console.warn
    PG17_PROCESS {"name":"g2g_11","options":{"action":"start","coach":"s11-coach-a","intent":"a1379506-790f-4e32-8d78-de7aadedbc64","host":"P1","role":"phone"},"result":{"intent_id":"a1379506-790f-4e32-8d78-de7aadedbc64","mode":"server","phase":"discovering","execution_epoch":1,"accepted_start_at":"2026-09-27T19:50:59.403Z","deadline_at":"2026-09-27T19:55:59.403Z"},"queries":3,"pid":27820}

      181 |       }
      182 |       // Query shapes, outcomes, fixture identifiers and process IDs only; never parameters.
    > 183 |       console.warn(
          |               ^
      184 |         'PG17_PROCESS',
      185 |         JSON.stringify({
      186 |           name,

      at settleWorker (test/utils/g2-s11-pg-harness.ts:183:15)
      at ChildProcess.<anonymous> (test/utils/g2-s11-pg-harness.ts:202:7)

  console.warn
    PG17_PROCESS {"name":"g2g_12","options":{"action":"pair-session","coach":"s11-coach-a","intent":"a1379506-790f-4e32-8d78-de7aadedbc64","host":"P1","role":"phone"},"result":{"status":"paired","import_intent_id":"a1379506-790f-4e32-8d78-de7aadedbc64","chosen_platform":"s11-label","readiness":{"run":"open","source_declared":true,"declared_platforms":2}},"queries":4,"pid":27855}

      181 |       }
      182 |       // Query shapes, outcomes, fixture identifiers and process IDs only; never parameters.
    > 183 |       console.warn(
          |               ^
      184 |         'PG17_PROCESS',
      185 |         JSON.stringify({
      186 |           name,

      at settleWorker (test/utils/g2-s11-pg-harness.ts:183:15)
      at ChildProcess.<anonymous> (test/utils/g2-s11-pg-harness.ts:202:7)

  console.warn
    PG17_PROCESS {"name":"g2g_13","options":{"action":"pair-session","coach":"s11-coach-a","intent":"a1379506-790f-4e32-8d78-de7aadedbc64","host":"P2","role":"phone"},"result":{"status":"paired","import_intent_id":"a1379506-790f-4e32-8d78-de7aadedbc64","chosen_platform":"s11-label","readiness":{"run":"open","source_declared":true,"declared_platforms":2}},"queries":4,"pid":27884}

      181 |       }
      182 |       // Query shapes, outcomes, fixture identifiers and process IDs only; never parameters.
    > 183 |       console.warn(
          |               ^
      184 |         'PG17_PROCESS',
      185 |         JSON.stringify({
      186 |           name,

      at settleWorker (test/utils/g2-s11-pg-harness.ts:183:15)
      at ChildProcess.<anonymous> (test/utils/g2-s11-pg-harness.ts:202:7)

  console.warn
    PG17_PROCESS {"name":"g2g_14","options":{"action":"pair-init","coach":"s11-coach-a","body":{},"host":"P1","role":"phone"},"result":{"pairing_code":"094001","expires_at":"2026-09-27T19:53:07.948Z","import_intent_id":"b3a797ba-e2c6-4731-af42-b60034e72b55"},"queries":11,"pid":27927}

      181 |       }
      182 |       // Query shapes, outcomes, fixture identifiers and process IDs only; never parameters.
    > 183 |       console.warn(
          |               ^
      184 |         'PG17_PROCESS',
      185 |         JSON.stringify({
      186 |           name,

      at settleWorker (test/utils/g2-s11-pg-harness.ts:183:15)
      at ChildProcess.<anonymous> (test/utils/g2-s11-pg-harness.ts:202:7)

  console.warn
    PG17_PROCESS {"name":"g2g_15","options":{"action":"pair-redeem","coach":"unauthenticated","body":{"code":"094001"},"host":"P2","role":"ext"},"result":{"access_token":"synthetic-access-1","refresh_token":"synthetic-refresh-1","chosen_platform":"s11-label","import_intent_id":"b3a797ba-e2c6-4731-af42-b60034e72b55"},"queries":10,"pid":27956}

      181 |       }
      182 |       // Query shapes, outcomes, fixture identifiers and process IDs only; never parameters.
    > 183 |       console.warn(
          |               ^
      184 |         'PG17_PROCESS',
      185 |         JSON.stringify({
      186 |           name,

      at settleWorker (test/utils/g2-s11-pg-harness.ts:183:15)
      at ChildProcess.<anonymous> (test/utils/g2-s11-pg-harness.ts:202:7)

  console.warn
    PG17_PROCESS {"name":"g2g_16","options":{"action":"start","coach":"s11-coach-a","intent":"b3a797ba-e2c6-4731-af42-b60034e72b55","host":"P2","role":"phone"},"result":{"intent_id":"b3a797ba-e2c6-4731-af42-b60034e72b55","mode":"server","phase":"discovering","execution_epoch":1,"accepted_start_at":"2026-09-27T19:51:12.043Z","deadline_at":"2026-09-27T19:56:12.043Z"},"queries":3,"pid":27988}

      181 |       }
      182 |       // Query shapes, outcomes, fixture identifiers and process IDs only; never parameters.
    > 183 |       console.warn(
          |               ^
      184 |         'PG17_PROCESS',
      185 |         JSON.stringify({
      186 |           name,

      at settleWorker (test/utils/g2-s11-pg-harness.ts:183:15)
      at ChildProcess.<anonymous> (test/utils/g2-s11-pg-harness.ts:202:7)

  console.warn
    PG17_PROCESS {"name":"g2g_17","options":{"action":"pair-session","coach":"s11-coach-a","intent":"b3a797ba-e2c6-4731-af42-b60034e72b55","host":"P1","role":"phone"},"result":{"status":"paired","import_intent_id":"b3a797ba-e2c6-4731-af42-b60034e72b55","chosen_platform":"s11-label","readiness":{"run":"open","source_declared":false,"declared_platforms":0}},"queries":4,"pid":28020}

      181 |       }
      182 |       // Query shapes, outcomes, fixture identifiers and process IDs only; never parameters.
    > 183 |       console.warn(
          |               ^
      184 |         'PG17_PROCESS',
      185 |         JSON.stringify({
      186 |           name,

      at settleWorker (test/utils/g2-s11-pg-harness.ts:183:15)
      at ChildProcess.<anonymous> (test/utils/g2-s11-pg-harness.ts:202:7)

  console.warn
    PG17_PROCESS {"name":"g2g_18","options":{"action":"status","coach":"s11-coach-a","intent":"b3a797ba-e2c6-4731-af42-b60034e72b55","host":"P2","role":"phone"},"result":{"intent_id":"b3a797ba-e2c6-4731-af42-b60034e72b55","status":"timed_out","entity_counts":[],"started_at":"2026-09-27T19:51:12.044Z","completed_at":"2026-09-27T19:51:16.129Z","mode":"server","phase":"discovering","accepted_start_at":"2026-09-27T19:51:12.043Z","deadline_at":"2026-09-27T19:51:12.044Z","last_observed_at":null,"execution_epoch":2,"reason_code":"deadline_exceeded","claimed_status":null,"families":[]},"queries":25,"pid":28063}

      181 |       }
      182 |       // Query shapes, outcomes, fixture identifiers and process IDs only; never parameters.
    > 183 |       console.warn(
          |               ^
      184 |         'PG17_PROCESS',
      185 |         JSON.stringify({
      186 |           name,

      at settleWorker (test/utils/g2-s11-pg-harness.ts:183:15)
      at ChildProcess.<anonymous> (test/utils/g2-s11-pg-harness.ts:202:7)

  console.warn
    PG17_PROCESS {"name":"g2g_19","options":{"action":"pair-current","coach":"s11-coach-a","body":{},"host":"P1","role":"phone"},"result":{"status":"paired","import_intent_id":"b3a797ba-e2c6-4731-af42-b60034e72b55","chosen_platform":"s11-label","readiness":{"run":"terminal","source_declared":false,"declared_platforms":0}},"queries":4,"pid":28096}

      181 |       }
      182 |       // Query shapes, outcomes, fixture identifiers and process IDs only; never parameters.
    > 183 |       console.warn(
          |               ^
      184 |         'PG17_PROCESS',
      185 |         JSON.stringify({
      186 |           name,

      at settleWorker (test/utils/g2-s11-pg-harness.ts:183:15)
      at ChildProcess.<anonymous> (test/utils/g2-s11-pg-harness.ts:202:7)

  console.warn
    PG17_PROCESS {"name":"g2g_20","options":{"action":"pair-init","coach":"s11-coach-a","body":{},"host":"P1","role":"phone"},"result":{"pairing_code":"178394","expires_at":"2026-09-27T19:53:20.475Z","import_intent_id":"aff11ebf-a7cd-4470-85f4-ab180a2b5cd0"},"queries":11,"pid":28146}

      181 |       }
      182 |       // Query shapes, outcomes, fixture identifiers and process IDs only; never parameters.
    > 183 |       console.warn(
          |               ^
      184 |         'PG17_PROCESS',
      185 |         JSON.stringify({
      186 |           name,

      at settleWorker (test/utils/g2-s11-pg-harness.ts:183:15)
      at ChildProcess.<anonymous> (test/utils/g2-s11-pg-harness.ts:202:7)

  console.warn
    PG17_PROCESS {"name":"g2g_21","options":{"action":"pair-redeem","coach":"unauthenticated","body":{"code":"178394"},"host":"P2","role":"ext"},"result":{"access_token":"synthetic-access-1","refresh_token":"synthetic-refresh-1","chosen_platform":"s11-label","import_intent_id":"aff11ebf-a7cd-4470-85f4-ab180a2b5cd0"},"queries":10,"pid":28175}

      181 |       }
      182 |       // Query shapes, outcomes, fixture identifiers and process IDs only; never parameters.
    > 183 |       console.warn(
          |               ^
      184 |         'PG17_PROCESS',
      185 |         JSON.stringify({
      186 |           name,

      at settleWorker (test/utils/g2-s11-pg-harness.ts:183:15)
      at ChildProcess.<anonymous> (test/utils/g2-s11-pg-harness.ts:202:7)

  console.warn
    PG17_PROCESS {"name":"g2g_22","options":{"action":"start","coach":"s11-coach-a","intent":"aff11ebf-a7cd-4470-85f4-ab180a2b5cd0","host":"P1","role":"phone"},"result":{"intent_id":"aff11ebf-a7cd-4470-85f4-ab180a2b5cd0","mode":"server","phase":"discovering","execution_epoch":1,"accepted_start_at":"2026-09-27T19:51:24.638Z","deadline_at":"2026-09-27T19:56:24.638Z"},"queries":3,"pid":28204}

      181 |       }
      182 |       // Query shapes, outcomes, fixture identifiers and process IDs only; never parameters.
    > 183 |       console.warn(
          |               ^
      184 |         'PG17_PROCESS',
      185 |         JSON.stringify({
      186 |           name,

      at settleWorker (test/utils/g2-s11-pg-harness.ts:183:15)
      at ChildProcess.<anonymous> (test/utils/g2-s11-pg-harness.ts:202:7)

  console.warn
    PG17_PROCESS {"name":"g2g_23","options":{"action":"cancel","coach":"s11-coach-a","intent":"aff11ebf-a7cd-4470-85f4-ab180a2b5cd0","host":"P2","role":"phone"},"result":{"intent_id":"aff11ebf-a7cd-4470-85f4-ab180a2b5cd0","status":"cancelled","execution_epoch":2},"queries":8,"pid":28247}

      181 |       }
      182 |       // Query shapes, outcomes, fixture identifiers and process IDs only; never parameters.
    > 183 |       console.warn(
          |               ^
      184 |         'PG17_PROCESS',
      185 |         JSON.stringify({
      186 |           name,

      at settleWorker (test/utils/g2-s11-pg-harness.ts:183:15)
      at ChildProcess.<anonymous> (test/utils/g2-s11-pg-harness.ts:202:7)

  console.warn
    PG17_PROCESS {"name":"g2g_24","options":{"action":"pair-session","coach":"s11-coach-a","intent":"aff11ebf-a7cd-4470-85f4-ab180a2b5cd0","host":"P1","role":"phone"},"result":{"status":"paired","import_intent_id":"aff11ebf-a7cd-4470-85f4-ab180a2b5cd0","chosen_platform":"s11-label","readiness":{"run":"terminal","source_declared":true,"declared_platforms":1}},"queries":4,"pid":28276}

      181 |       }
      182 |       // Query shapes, outcomes, fixture identifiers and process IDs only; never parameters.
    > 183 |       console.warn(
          |               ^
      184 |         'PG17_PROCESS',
      185 |         JSON.stringify({
      186 |           name,

      at settleWorker (test/utils/g2-s11-pg-harness.ts:183:15)
      at ChildProcess.<anonymous> (test/utils/g2-s11-pg-harness.ts:202:7)

  console.warn
    PG17_PROCESS {"name":"g2g_25","options":{"action":"pair-init","coach":"s11-coach-a","body":{},"host":"P1","role":"phone"},"result":{"pairing_code":"615411","expires_at":"2026-09-27T19:53:30.983Z","import_intent_id":"24d6bc4b-e1ec-438f-bd9a-ffe3f87ca0db"},"queries":11,"pid":28309}

      181 |       }
      182 |       // Query shapes, outcomes, fixture identifiers and process IDs only; never parameters.
    > 183 |       console.warn(
          |               ^
      184 |         'PG17_PROCESS',
      185 |         JSON.stringify({
      186 |           name,

      at settleWorker (test/utils/g2-s11-pg-harness.ts:183:15)
      at ChildProcess.<anonymous> (test/utils/g2-s11-pg-harness.ts:202:7)

  console.warn
    PG17_PROCESS {"name":"g2g_26","options":{"action":"pair-redeem","coach":"unauthenticated","body":{"code":"615411"},"host":"P2","role":"ext"},"result":{"access_token":"synthetic-access-1","refresh_token":"synthetic-refresh-1","chosen_platform":"s11-label","import_intent_id":"24d6bc4b-e1ec-438f-bd9a-ffe3f87ca0db"},"queries":10,"pid":28338}

      181 |       }
      182 |       // Query shapes, outcomes, fixture identifiers and process IDs only; never parameters.
    > 183 |       console.warn(
          |               ^
      184 |         'PG17_PROCESS',
      185 |         JSON.stringify({
      186 |           name,

      at settleWorker (test/utils/g2-s11-pg-harness.ts:183:15)
      at ChildProcess.<anonymous> (test/utils/g2-s11-pg-harness.ts:202:7)

  console.warn
    PG17_PROCESS {"name":"g2g_27","options":{"action":"start","coach":"s11-coach-a","intent":"24d6bc4b-e1ec-438f-bd9a-ffe3f87ca0db","host":"P1","role":"phone"},"result":{"intent_id":"24d6bc4b-e1ec-438f-bd9a-ffe3f87ca0db","mode":"server","phase":"discovering","execution_epoch":1,"accepted_start_at":"2026-09-27T19:51:35.217Z","deadline_at":"2026-09-27T19:56:35.217Z"},"queries":3,"pid":28378}

      181 |       }
      182 |       // Query shapes, outcomes, fixture identifiers and process IDs only; never parameters.
    > 183 |       console.warn(
          |               ^
      184 |         'PG17_PROCESS',
      185 |         JSON.stringify({
      186 |           name,

      at settleWorker (test/utils/g2-s11-pg-harness.ts:183:15)
      at ChildProcess.<anonymous> (test/utils/g2-s11-pg-harness.ts:202:7)

  console.warn
    PG17_PROCESS {"name":"g2g_28","options":{"action":"pair-init","coach":"s11-coach-b","body":{},"host":"P1","role":"phone"},"result":{"pairing_code":"414500","expires_at":"2026-09-27T19:53:37.442Z","import_intent_id":"8f3a0e82-9f0d-4aad-8304-486cb6309907"},"queries":11,"pid":28411}

      181 |       }
      182 |       // Query shapes, outcomes, fixture identifiers and process IDs only; never parameters.
    > 183 |       console.warn(
          |               ^
      184 |         'PG17_PROCESS',
      185 |         JSON.stringify({
      186 |           name,

      at settleWorker (test/utils/g2-s11-pg-harness.ts:183:15)
      at ChildProcess.<anonymous> (test/utils/g2-s11-pg-harness.ts:202:7)

  console.warn
    PG17_PROCESS {"name":"g2g_29","options":{"action":"pair-redeem","coach":"unauthenticated","body":{"code":"414500"},"host":"P2","role":"ext"},"result":{"access_token":"synthetic-access-1","refresh_token":"synthetic-refresh-1","chosen_platform":"s11-label","import_intent_id":"8f3a0e82-9f0d-4aad-8304-486cb6309907"},"queries":10,"pid":28441}

      181 |       }
      182 |       // Query shapes, outcomes, fixture identifiers and process IDs only; never parameters.
    > 183 |       console.warn(
          |               ^
      184 |         'PG17_PROCESS',
      185 |         JSON.stringify({
      186 |           name,

      at settleWorker (test/utils/g2-s11-pg-harness.ts:183:15)
      at ChildProcess.<anonymous> (test/utils/g2-s11-pg-harness.ts:202:7)

  console.warn
    PG17_PROCESS {"name":"g2g_30","options":{"action":"pair-session","coach":"s11-coach-b","intent":"24d6bc4b-e1ec-438f-bd9a-ffe3f87ca0db","host":"P2","role":"phone"},"failure":{"status":404,"message":"Pairing session not found. Create a new pairing code.","response":{"message":"Pairing session not found. Create a new pairing code.","error":"Not Found","statusCode":404}},"queries":1,"pid":28483}

      181 |       }
      182 |       // Query shapes, outcomes, fixture identifiers and process IDs only; never parameters.
    > 183 |       console.warn(
          |               ^
      184 |         'PG17_PROCESS',
      185 |         JSON.stringify({
      186 |           name,

      at settleWorker (test/utils/g2-s11-pg-harness.ts:183:15)
      at ChildProcess.<anonymous> (test/utils/g2-s11-pg-harness.ts:202:7)

  console.warn
    PG17_PROCESS {"name":"g2g_31","options":{"action":"pair-current","coach":"s11-coach-b","body":{},"host":"P1","role":"phone"},"result":{"status":"paired","import_intent_id":"8f3a0e82-9f0d-4aad-8304-486cb6309907","chosen_platform":"s11-label","readiness":{"run":"none","source_declared":false,"declared_platforms":null}},"queries":3,"pid":28514}

      181 |       }
      182 |       // Query shapes, outcomes, fixture identifiers and process IDs only; never parameters.
    > 183 |       console.warn(
          |               ^
      184 |         'PG17_PROCESS',
      185 |         JSON.stringify({
      186 |           name,

      at settleWorker (test/utils/g2-s11-pg-harness.ts:183:15)
      at ChildProcess.<anonymous> (test/utils/g2-s11-pg-harness.ts:202:7)

  console.warn
    PG17_PROCESS {"name":"g2g_32","options":{"action":"pair-session","coach":"s11-coach-a","intent":"24d6bc4b-e1ec-438f-bd9a-ffe3f87ca0db","host":"P2","role":"phone"},"result":{"status":"paired","import_intent_id":"24d6bc4b-e1ec-438f-bd9a-ffe3f87ca0db","chosen_platform":"s11-label","readiness":{"run":"open","source_declared":true,"declared_platforms":1}},"queries":4,"pid":28558}

      181 |       }
      182 |       // Query shapes, outcomes, fixture identifiers and process IDs only; never parameters.
    > 183 |       console.warn(
          |               ^
      184 |         'PG17_PROCESS',
      185 |         JSON.stringify({
      186 |           name,

      at settleWorker (test/utils/g2-s11-pg-harness.ts:183:15)
      at ChildProcess.<anonymous> (test/utils/g2-s11-pg-harness.ts:202:7)

PASS test/scout/s11/readiness.pg.spec.ts (80.014 s)
  S11-C readiness on the setup reads — two hosts over one disposable PG (J17)
    ✓ R1 paired, no Start: run none, not declared, platform count null (never 0) (8475 ms)
    ✓ R2 Start on P2, read on P1: open, not declared, 0 platforms; writes nothing (8498 ms)
    ✓ R3 declarations: distinct platform count only; no names, digests or challenge (13017 ms)
    ✓ R4 past deadline: the read never fences; status fences; then terminal (12455 ms)
    ✓ R5 cancel on P2: terminal on P1, declaration count kept, no terminal detail (10510 ms)
    ✓ R6 tenant: B gets 404 on A's setup and only its OWN readiness; A unchanged (17007 ms)

Test Suites: 1 passed, 1 total
Tests:       6 passed, 6 total
Snapshots:   0 total
Time:        80.302 s
Ran all test suites within paths "test/scout/s11/readiness.pg.spec.ts".
