  console.warn
    PG17_PROCESS {"name":"g2g_1","options":{"action":"pair-init","coach":"s11-coach-a","body":{},"host":"P1","role":"phone"},"result":{"pairing_code":"380077","expires_at":"2026-09-27T19:49:21.230Z","import_intent_id":"6e5e6594-7cfc-4fc1-a9a7-bba0606d2e11"},"queries":11,"pid":24255}

      181 |       }
      182 |       // Query shapes, outcomes, fixture identifiers and process IDs only; never parameters.
    > 183 |       console.warn(
          |               ^
      184 |         'PG17_PROCESS',
      185 |         JSON.stringify({
      186 |           name,

      at settleWorker (test/utils/g2-s11-pg-harness.ts:183:15)
      at ChildProcess.<anonymous> (test/utils/g2-s11-pg-harness.ts:202:7)

  console.warn
    PG17_PROCESS {"name":"g2g_2","options":{"action":"pair-current","coach":"s11-coach-a","body":{},"host":"P1","role":"phone"},"result":{"status":"pending","import_intent_id":"6e5e6594-7cfc-4fc1-a9a7-bba0606d2e11","chosen_platform":"s11-label","readiness":{"run":"none","source_declared":false,"declared_platforms":null}},"queries":3,"pid":24286}

      181 |       }
      182 |       // Query shapes, outcomes, fixture identifiers and process IDs only; never parameters.
    > 183 |       console.warn(
          |               ^
      184 |         'PG17_PROCESS',
      185 |         JSON.stringify({
      186 |           name,

      at settleWorker (test/utils/g2-s11-pg-harness.ts:183:15)
      at ChildProcess.<anonymous> (test/utils/g2-s11-pg-harness.ts:202:7)

  console.warn
    PG17_PROCESS {"name":"g2g_3","options":{"action":"pair-redeem","coach":"unauthenticated","body":{"code":"380077"},"host":"P2","role":"ext"},"result":{"access_token":"synthetic-access-1","refresh_token":"synthetic-refresh-1","chosen_platform":"s11-label","import_intent_id":"6e5e6594-7cfc-4fc1-a9a7-bba0606d2e11"},"queries":10,"pid":24315}

      181 |       }
      182 |       // Query shapes, outcomes, fixture identifiers and process IDs only; never parameters.
    > 183 |       console.warn(
          |               ^
      184 |         'PG17_PROCESS',
      185 |         JSON.stringify({
      186 |           name,

      at settleWorker (test/utils/g2-s11-pg-harness.ts:183:15)
      at ChildProcess.<anonymous> (test/utils/g2-s11-pg-harness.ts:202:7)

  console.warn
    PG17_PROCESS {"name":"g2g_4","options":{"action":"pair-redeem","coach":"unauthenticated","body":{"code":"380077"},"host":"P1","role":"ext"},"failure":{"status":410,"message":"Pairing code already used.","response":{"code":"already_used","message":"Pairing code already used."}},"queries":1,"pid":24346}

      181 |       }
      182 |       // Query shapes, outcomes, fixture identifiers and process IDs only; never parameters.
    > 183 |       console.warn(
          |               ^
      184 |         'PG17_PROCESS',
      185 |         JSON.stringify({
      186 |           name,

      at settleWorker (test/utils/g2-s11-pg-harness.ts:183:15)
      at ChildProcess.<anonymous> (test/utils/g2-s11-pg-harness.ts:202:7)

  console.warn
    PG17_PROCESS {"name":"g2g_5","options":{"action":"pair-current","coach":"s11-coach-a","body":{},"host":"P1","role":"phone"},"result":{"status":"paired","import_intent_id":"6e5e6594-7cfc-4fc1-a9a7-bba0606d2e11","chosen_platform":"s11-label","readiness":{"run":"none","source_declared":false,"declared_platforms":null}},"queries":3,"pid":24389}

      181 |       }
      182 |       // Query shapes, outcomes, fixture identifiers and process IDs only; never parameters.
    > 183 |       console.warn(
          |               ^
      184 |         'PG17_PROCESS',
      185 |         JSON.stringify({
      186 |           name,

      at settleWorker (test/utils/g2-s11-pg-harness.ts:183:15)
      at ChildProcess.<anonymous> (test/utils/g2-s11-pg-harness.ts:202:7)

  console.warn
    PG17_PROCESS {"name":"g2g_6","options":{"action":"pair-session","coach":"s11-coach-a","intent":"6e5e6594-7cfc-4fc1-a9a7-bba0606d2e11","host":"P2","role":"phone"},"result":{"status":"paired","import_intent_id":"6e5e6594-7cfc-4fc1-a9a7-bba0606d2e11","chosen_platform":"s11-label","readiness":{"run":"none","source_declared":false,"declared_platforms":null}},"queries":3,"pid":24418}

      181 |       }
      182 |       // Query shapes, outcomes, fixture identifiers and process IDs only; never parameters.
    > 183 |       console.warn(
          |               ^
      184 |         'PG17_PROCESS',
      185 |         JSON.stringify({
      186 |           name,

      at settleWorker (test/utils/g2-s11-pg-harness.ts:183:15)
      at ChildProcess.<anonymous> (test/utils/g2-s11-pg-harness.ts:202:7)

  console.warn
    PG17_PROCESS {"name":"g2g_7","options":{"action":"start","coach":"s11-coach-a","intent":"6e5e6594-7cfc-4fc1-a9a7-bba0606d2e11","host":"P2","role":"phone"},"result":{"intent_id":"6e5e6594-7cfc-4fc1-a9a7-bba0606d2e11","mode":"server","phase":"discovering","execution_epoch":1,"accepted_start_at":"2026-09-27T19:47:36.525Z","deadline_at":"2026-09-27T19:52:36.525Z"},"queries":3,"pid":24451}

      181 |       }
      182 |       // Query shapes, outcomes, fixture identifiers and process IDs only; never parameters.
    > 183 |       console.warn(
          |               ^
      184 |         'PG17_PROCESS',
      185 |         JSON.stringify({
      186 |           name,

      at settleWorker (test/utils/g2-s11-pg-harness.ts:183:15)
      at ChildProcess.<anonymous> (test/utils/g2-s11-pg-harness.ts:202:7)

  console.warn
    PG17_PROCESS {"name":"g2g_8","options":{"action":"start","coach":"s11-coach-a","intent":"6e5e6594-7cfc-4fc1-a9a7-bba0606d2e11","host":"P1","role":"phone"},"result":{"intent_id":"6e5e6594-7cfc-4fc1-a9a7-bba0606d2e11","mode":"server","phase":"discovering","execution_epoch":1,"accepted_start_at":"2026-09-27T19:47:36.525Z","deadline_at":"2026-09-27T19:52:36.525Z"},"queries":2,"pid":24485}

      181 |       }
      182 |       // Query shapes, outcomes, fixture identifiers and process IDs only; never parameters.
    > 183 |       console.warn(
          |               ^
      184 |         'PG17_PROCESS',
      185 |         JSON.stringify({
      186 |           name,

      at settleWorker (test/utils/g2-s11-pg-harness.ts:183:15)
      at ChildProcess.<anonymous> (test/utils/g2-s11-pg-harness.ts:202:7)

  console.warn
    PG17_PROCESS {"name":"g2g_9","options":{"action":"pair-init","coach":"s11-coach-a","body":{},"host":"P1","role":"phone"},"result":{"pairing_code":"063703","expires_at":"2026-09-27T19:49:42.076Z","import_intent_id":"04380ec1-9e75-4b9d-ae8f-20420685ade0"},"queries":11,"pid":24524}

      181 |       }
      182 |       // Query shapes, outcomes, fixture identifiers and process IDs only; never parameters.
    > 183 |       console.warn(
          |               ^
      184 |         'PG17_PROCESS',
      185 |         JSON.stringify({
      186 |           name,

      at settleWorker (test/utils/g2-s11-pg-harness.ts:183:15)
      at ChildProcess.<anonymous> (test/utils/g2-s11-pg-harness.ts:202:7)

  console.warn
    PG17_PROCESS {"name":"g2g_10","options":{"action":"pair-redeem","coach":"unauthenticated","body":{"code":"063703"},"host":"P2","role":"ext"},"result":{"access_token":"synthetic-access-1","refresh_token":"synthetic-refresh-1","chosen_platform":"s11-label","import_intent_id":"04380ec1-9e75-4b9d-ae8f-20420685ade0"},"queries":10,"pid":24555}

      181 |       }
      182 |       // Query shapes, outcomes, fixture identifiers and process IDs only; never parameters.
    > 183 |       console.warn(
          |               ^
      184 |         'PG17_PROCESS',
      185 |         JSON.stringify({
      186 |           name,

      at settleWorker (test/utils/g2-s11-pg-harness.ts:183:15)
      at ChildProcess.<anonymous> (test/utils/g2-s11-pg-harness.ts:202:7)

  console.warn
    PG17_PROCESS {"name":"g2g_11","options":{"action":"start","coach":"s11-coach-a","intent":"04380ec1-9e75-4b9d-ae8f-20420685ade0","host":"P2","role":"phone"},"result":{"intent_id":"04380ec1-9e75-4b9d-ae8f-20420685ade0","mode":"server","phase":"discovering","execution_epoch":1,"accepted_start_at":"2026-09-27T19:47:46.863Z","deadline_at":"2026-09-27T19:52:46.863Z"},"queries":3,"pid":24598}

      181 |       }
      182 |       // Query shapes, outcomes, fixture identifiers and process IDs only; never parameters.
    > 183 |       console.warn(
          |               ^
      184 |         'PG17_PROCESS',
      185 |         JSON.stringify({
      186 |           name,

      at settleWorker (test/utils/g2-s11-pg-harness.ts:183:15)
      at ChildProcess.<anonymous> (test/utils/g2-s11-pg-harness.ts:202:7)

  console.warn
    PG17_PROCESS {"name":"g2g_12","options":{"action":"ingest","coach":"s11-coach-a","intent":"04380ec1-9e75-4b9d-ae8f-20420685ade0","body":{"entity_type":"people","entities":[{"sourceId":"p-1","payload":{"name":"Synthetic p-1"}},{"sourceId":"p-2","payload":{"name":"Synthetic p-2"}}]},"host":"P1","role":"ext"},"result":{"received":2,"deduped":0},"queries":8,"pid":24680}

      181 |       }
      182 |       // Query shapes, outcomes, fixture identifiers and process IDs only; never parameters.
    > 183 |       console.warn(
          |               ^
      184 |         'PG17_PROCESS',
      185 |         JSON.stringify({
      186 |           name,

      at settleWorker (test/utils/g2-s11-pg-harness.ts:183:15)
      at ChildProcess.<anonymous> (test/utils/g2-s11-pg-harness.ts:202:7)

  console.warn
    PG17_PROCESS {"name":"g2g_13","options":{"action":"ingest","coach":"s11-coach-a","intent":"04380ec1-9e75-4b9d-ae8f-20420685ade0","body":{"entity_type":"blocks","entities":[{"sourceId":"blk-1","payload":{"title":"Base Block","weeks":4,"days":3,"notes":"synthetic"}}]},"host":"P2","role":"ext"},"result":{"received":1,"deduped":0},"queries":8,"pid":24710}

      181 |       }
      182 |       // Query shapes, outcomes, fixture identifiers and process IDs only; never parameters.
    > 183 |       console.warn(
          |               ^
      184 |         'PG17_PROCESS',
      185 |         JSON.stringify({
      186 |           name,

      at settleWorker (test/utils/g2-s11-pg-harness.ts:183:15)
      at ChildProcess.<anonymous> (test/utils/g2-s11-pg-harness.ts:202:7)

  console.warn
    PG17_PROCESS {"name":"g2g_14","options":{"action":"ingest","coach":"s11-coach-a","intent":"04380ec1-9e75-4b9d-ae8f-20420685ade0","body":{"entity_type":"routines","entities":[{"sourceId":"rt-1","payload":{"title":"Push Day","kind":"lift","minutes":45,"exercises":[{"id":"e1","exercise":"11111111-1111-4111-8111-111111111111","sets":3,"reps":8,"kg":100}]}}]},"host":"P1","role":"ext"},"result":{"received":1,"deduped":0},"queries":8,"pid":24760}

      181 |       }
      182 |       // Query shapes, outcomes, fixture identifiers and process IDs only; never parameters.
    > 183 |       console.warn(
          |               ^
      184 |         'PG17_PROCESS',
      185 |         JSON.stringify({
      186 |           name,

      at settleWorker (test/utils/g2-s11-pg-harness.ts:183:15)
      at ChildProcess.<anonymous> (test/utils/g2-s11-pg-harness.ts:202:7)

  console.warn
    PG17_PROCESS {"name":"g2g_15","options":{"action":"ingest","coach":"s11-coach-a","intent":"04380ec1-9e75-4b9d-ae8f-20420685ade0","body":{"entity_type":"log","entities":[{"sourceId":"h-1","payload":{"title":"note"}}]},"host":"P2","role":"ext"},"result":{"received":1,"deduped":0},"queries":8,"pid":24816}

      181 |       }
      182 |       // Query shapes, outcomes, fixture identifiers and process IDs only; never parameters.
    > 183 |       console.warn(
          |               ^
      184 |         'PG17_PROCESS',
      185 |         JSON.stringify({
      186 |           name,

      at settleWorker (test/utils/g2-s11-pg-harness.ts:183:15)
      at ChildProcess.<anonymous> (test/utils/g2-s11-pg-harness.ts:202:7)

  console.warn
    PG17_PROCESS {"name":"g2g_16","options":{"action":"status","coach":"s11-coach-a","intent":"04380ec1-9e75-4b9d-ae8f-20420685ade0","host":"P1","role":"phone"},"result":{"intent_id":"04380ec1-9e75-4b9d-ae8f-20420685ade0","status":"running","entity_counts":[{"entity_type":"blocks","committed":1},{"entity_type":"log","committed":1},{"entity_type":"people","committed":2},{"entity_type":"routines","committed":1}],"started_at":"2026-09-27T19:47:49.010Z","completed_at":null,"mode":"server","phase":"transferring","accepted_start_at":"2026-09-27T19:47:46.863Z","deadline_at":"2026-09-27T19:52:46.863Z","last_observed_at":"2026-09-27T19:47:58.319Z","execution_epoch":1,"reason_code":null,"claimed_status":null,"families":[{"family":"blocks","observed_unique":null,"staged_unique":1,"created_native":null,"already_present_verified":null,"rejected":null,"unresolved":null,"ledger":{"reconstructed":0,"skipped":0,"failed":0}},{"family":"log","observed_unique":null,"staged_unique":1,"created_native":null,"already_present_verified":null,"rejected":null,"unresolved":null,"ledger":{"reconstructed":0,"skipped":0,"failed":0}},{"family":"people","observed_unique":null,"staged_unique":2,"created_native":null,"already_present_verified":null,"rejected":null,"unresolved":null,"ledger":{"reconstructed":0,"skipped":0,"failed":0}},{"family":"routines","observed_unique":null,"staged_unique":1,"created_native":null,"already_present_verified":null,"rejected":null,"unresolved":null,"ledger":{"reconstructed":0,"skipped":0,"failed":0}}]},"queries":8,"pid":24859}

      181 |       }
      182 |       // Query shapes, outcomes, fixture identifiers and process IDs only; never parameters.
    > 183 |       console.warn(
          |               ^
      184 |         'PG17_PROCESS',
      185 |         JSON.stringify({
      186 |           name,

      at settleWorker (test/utils/g2-s11-pg-harness.ts:183:15)
      at ChildProcess.<anonymous> (test/utils/g2-s11-pg-harness.ts:202:7)

  console.warn
    PG17_PROCESS {"name":"g2g_17","options":{"action":"status","coach":"s11-coach-a","intent":"04380ec1-9e75-4b9d-ae8f-20420685ade0","host":"P2","role":"phone"},"result":{"intent_id":"04380ec1-9e75-4b9d-ae8f-20420685ade0","status":"running","entity_counts":[{"entity_type":"blocks","committed":1},{"entity_type":"log","committed":1},{"entity_type":"people","committed":2},{"entity_type":"routines","committed":1}],"started_at":"2026-09-27T19:47:49.010Z","completed_at":null,"mode":"server","phase":"transferring","accepted_start_at":"2026-09-27T19:47:46.863Z","deadline_at":"2026-09-27T19:52:46.863Z","last_observed_at":"2026-09-27T19:47:58.319Z","execution_epoch":1,"reason_code":null,"claimed_status":null,"families":[{"family":"blocks","observed_unique":null,"staged_unique":1,"created_native":null,"already_present_verified":null,"rejected":null,"unresolved":null,"ledger":{"reconstructed":0,"skipped":0,"failed":0}},{"family":"log","observed_unique":null,"staged_unique":1,"created_native":null,"already_present_verified":null,"rejected":null,"unresolved":null,"ledger":{"reconstructed":0,"skipped":0,"failed":0}},{"family":"people","observed_unique":null,"staged_unique":2,"created_native":null,"already_present_verified":null,"rejected":null,"unresolved":null,"ledger":{"reconstructed":0,"skipped":0,"failed":0}},{"family":"routines","observed_unique":null,"staged_unique":1,"created_native":null,"already_present_verified":null,"rejected":null,"unresolved":null,"ledger":{"reconstructed":0,"skipped":0,"failed":0}}]},"queries":8,"pid":24889}

      181 |       }
      182 |       // Query shapes, outcomes, fixture identifiers and process IDs only; never parameters.
    > 183 |       console.warn(
          |               ^
      184 |         'PG17_PROCESS',
      185 |         JSON.stringify({
      186 |           name,

      at settleWorker (test/utils/g2-s11-pg-harness.ts:183:15)
      at ChildProcess.<anonymous> (test/utils/g2-s11-pg-harness.ts:202:7)

  console.warn
    PG17_PROCESS {"name":"g2g_18","options":{"action":"complete","coach":"s11-coach-a","intent":"04380ec1-9e75-4b9d-ae8f-20420685ade0","body":{"terminal_status":"success"},"host":"P1","role":"ext"},"result":{"acknowledged":true,"intent_id":"04380ec1-9e75-4b9d-ae8f-20420685ade0"},"queries":93,"pid":24919}

      181 |       }
      182 |       // Query shapes, outcomes, fixture identifiers and process IDs only; never parameters.
    > 183 |       console.warn(
          |               ^
      184 |         'PG17_PROCESS',
      185 |         JSON.stringify({
      186 |           name,

      at settleWorker (test/utils/g2-s11-pg-harness.ts:183:15)
      at ChildProcess.<anonymous> (test/utils/g2-s11-pg-harness.ts:202:7)

  console.warn
    PG17_PROCESS {"name":"g2g_19","options":{"action":"complete","coach":"s11-coach-a","intent":"04380ec1-9e75-4b9d-ae8f-20420685ade0","body":{"terminal_status":"success"},"host":"P2","role":"ext"},"result":{"acknowledged":true,"intent_id":"04380ec1-9e75-4b9d-ae8f-20420685ade0"},"queries":8,"pid":24965}

      181 |       }
      182 |       // Query shapes, outcomes, fixture identifiers and process IDs only; never parameters.
    > 183 |       console.warn(
          |               ^
      184 |         'PG17_PROCESS',
      185 |         JSON.stringify({
      186 |           name,

      at settleWorker (test/utils/g2-s11-pg-harness.ts:183:15)
      at ChildProcess.<anonymous> (test/utils/g2-s11-pg-harness.ts:202:7)

  console.warn
    PG17_PROCESS {"name":"g2g_20","options":{"action":"status","coach":"s11-coach-a","intent":"04380ec1-9e75-4b9d-ae8f-20420685ade0","host":"P2","role":"phone"},"result":{"intent_id":"04380ec1-9e75-4b9d-ae8f-20420685ade0","status":"partial","entity_counts":[{"entity_type":"blocks","committed":1},{"entity_type":"log","committed":1},{"entity_type":"people","committed":2},{"entity_type":"routines","committed":1}],"started_at":"2026-09-27T19:47:49.010Z","completed_at":"2026-09-27T19:48:05.008Z","mode":"server","phase":"reconciling","accepted_start_at":"2026-09-27T19:47:46.863Z","deadline_at":"2026-09-27T19:52:46.863Z","last_observed_at":"2026-09-27T19:48:05.003Z","execution_epoch":1,"reason_code":"unresolved_identities","claimed_status":"success","families":[{"family":"blocks","observed_unique":null,"staged_unique":1,"created_native":null,"already_present_verified":null,"rejected":0,"unresolved":0,"ledger":{"reconstructed":1,"skipped":0,"failed":0},"canonical_family":"programs","native_present_verified":1,"completeness_basis":"none","relationship_closure":"not_applicable","reasons":[],"qualifiers":[]},{"family":"log","observed_unique":null,"staged_unique":1,"created_native":null,"already_present_verified":null,"rejected":1,"unresolved":0,"ledger":{"reconstructed":0,"skipped":1,"failed":0},"canonical_family":"client_history","native_present_verified":0,"completeness_basis":"none","relationship_closure":"not_applicable","reasons":[{"code":"unsupported_platform:s11-proof","count":1}],"qualifiers":[]},{"family":"people","observed_unique":null,"staged_unique":2,"created_native":null,"already_present_verified":null,"rejected":2,"unresolved":0,"ledger":{"reconstructed":0,"skipped":2,"failed":0},"canonical_family":"clients","native_present_verified":0,"completeness_basis":"none","relationship_closure":"not_applicable","reasons":[{"code":"unsupported_platform:s11-proof","count":2}],"qualifiers":["roster_bridge_pending"]},{"family":"routines","observed_unique":null,"staged_unique":1,"created_native":null,"already_present_verified":null,"rejected":0,"unresolved":0,"ledger":{"reconstructed":1,"skipped":0,"failed":0},"canonical_family":"workouts","native_present_verified":1,"completeness_basis":"none","relationship_closure":"verified","reasons":[],"qualifiers":[]}]},"queries":9,"pid":24999}

      181 |       }
      182 |       // Query shapes, outcomes, fixture identifiers and process IDs only; never parameters.
    > 183 |       console.warn(
          |               ^
      184 |         'PG17_PROCESS',
      185 |         JSON.stringify({
      186 |           name,

      at settleWorker (test/utils/g2-s11-pg-harness.ts:183:15)
      at ChildProcess.<anonymous> (test/utils/g2-s11-pg-harness.ts:202:7)

  console.warn
    PG17_PROCESS {"name":"g2g_21","options":{"action":"status","coach":"s11-coach-a","intent":"04380ec1-9e75-4b9d-ae8f-20420685ade0","host":"P1","role":"phone"},"result":{"intent_id":"04380ec1-9e75-4b9d-ae8f-20420685ade0","status":"partial","entity_counts":[{"entity_type":"blocks","committed":1},{"entity_type":"log","committed":1},{"entity_type":"people","committed":2},{"entity_type":"routines","committed":1}],"started_at":"2026-09-27T19:47:49.010Z","completed_at":"2026-09-27T19:48:05.008Z","mode":"server","phase":"reconciling","accepted_start_at":"2026-09-27T19:47:46.863Z","deadline_at":"2026-09-27T19:52:46.863Z","last_observed_at":"2026-09-27T19:48:05.003Z","execution_epoch":1,"reason_code":"unresolved_identities","claimed_status":"success","families":[{"family":"blocks","observed_unique":null,"staged_unique":1,"created_native":null,"already_present_verified":null,"rejected":0,"unresolved":0,"ledger":{"reconstructed":1,"skipped":0,"failed":0},"canonical_family":"programs","native_present_verified":1,"completeness_basis":"none","relationship_closure":"not_applicable","reasons":[],"qualifiers":[]},{"family":"log","observed_unique":null,"staged_unique":1,"created_native":null,"already_present_verified":null,"rejected":1,"unresolved":0,"ledger":{"reconstructed":0,"skipped":1,"failed":0},"canonical_family":"client_history","native_present_verified":0,"completeness_basis":"none","relationship_closure":"not_applicable","reasons":[{"code":"unsupported_platform:s11-proof","count":1}],"qualifiers":[]},{"family":"people","observed_unique":null,"staged_unique":2,"created_native":null,"already_present_verified":null,"rejected":2,"unresolved":0,"ledger":{"reconstructed":0,"skipped":2,"failed":0},"canonical_family":"clients","native_present_verified":0,"completeness_basis":"none","relationship_closure":"not_applicable","reasons":[{"code":"unsupported_platform:s11-proof","count":2}],"qualifiers":["roster_bridge_pending"]},{"family":"routines","observed_unique":null,"staged_unique":1,"created_native":null,"already_present_verified":null,"rejected":0,"unresolved":0,"ledger":{"reconstructed":1,"skipped":0,"failed":0},"canonical_family":"workouts","native_present_verified":1,"completeness_basis":"none","relationship_closure":"verified","reasons":[],"qualifiers":[]}]},"queries":9,"pid":25029}

      181 |       }
      182 |       // Query shapes, outcomes, fixture identifiers and process IDs only; never parameters.
    > 183 |       console.warn(
          |               ^
      184 |         'PG17_PROCESS',
      185 |         JSON.stringify({
      186 |           name,

      at settleWorker (test/utils/g2-s11-pg-harness.ts:183:15)
      at ChildProcess.<anonymous> (test/utils/g2-s11-pg-harness.ts:202:7)

  console.warn
    PG17_PROCESS {"name":"g2g_22","options":{"action":"roster","coach":"s11-coach-a","intent":"04380ec1-9e75-4b9d-ae8f-20420685ade0","host":"P1","role":"phone"},"result":{"intent_id":"04380ec1-9e75-4b9d-ae8f-20420685ade0","accounting":{"staged":2,"reconstructed":0,"skipped":2,"failed":0,"unclassified":0},"persons":[],"page":{"limit":50,"next_cursor":null,"has_more":false},"roster_bridge_pending":true},"queries":9,"pid":25062}

      181 |       }
      182 |       // Query shapes, outcomes, fixture identifiers and process IDs only; never parameters.
    > 183 |       console.warn(
          |               ^
      184 |         'PG17_PROCESS',
      185 |         JSON.stringify({
      186 |           name,

      at settleWorker (test/utils/g2-s11-pg-harness.ts:183:15)
      at ChildProcess.<anonymous> (test/utils/g2-s11-pg-harness.ts:202:7)

  console.warn
    PG17_PROCESS {"name":"g2g_23","options":{"action":"roster","coach":"s11-coach-a","intent":"04380ec1-9e75-4b9d-ae8f-20420685ade0","host":"P2","role":"phone"},"result":{"intent_id":"04380ec1-9e75-4b9d-ae8f-20420685ade0","accounting":{"staged":2,"reconstructed":0,"skipped":2,"failed":0,"unclassified":0},"persons":[],"page":{"limit":50,"next_cursor":null,"has_more":false},"roster_bridge_pending":true},"queries":9,"pid":25102}

      181 |       }
      182 |       // Query shapes, outcomes, fixture identifiers and process IDs only; never parameters.
    > 183 |       console.warn(
          |               ^
      184 |         'PG17_PROCESS',
      185 |         JSON.stringify({
      186 |           name,

      at settleWorker (test/utils/g2-s11-pg-harness.ts:183:15)
      at ChildProcess.<anonymous> (test/utils/g2-s11-pg-harness.ts:202:7)

  console.warn
    PG17_PROCESS {"name":"g2g_24","options":{"action":"entities","coach":"s11-coach-a","intent":"04380ec1-9e75-4b9d-ae8f-20420685ade0","body":{"family":"workouts"},"host":"P2","role":"phone"},"result":{"intent_id":"04380ec1-9e75-4b9d-ae8f-20420685ade0","family":"workouts","entities":[{"id":"8e60544b-7a96-4a42-82ee-76fd0d72db0c","target_kind":"workout_plan","native_id":"8e60544b-7a96-4a42-82ee-76fd0d72db0c","source_platform":"s11-proof","entity_type":"workouts","source_id":"rt-1","client_source_id":null,"label":"Push Day","created_at":"2026-09-27T19:48:04.995Z","updated_at":"2026-09-27T19:48:04.995Z"}],"page_count":1,"next_cursor":null,"unclassified_staged":0},"queries":11,"pid":25131}

      181 |       }
      182 |       // Query shapes, outcomes, fixture identifiers and process IDs only; never parameters.
    > 183 |       console.warn(
          |               ^
      184 |         'PG17_PROCESS',
      185 |         JSON.stringify({
      186 |           name,

      at settleWorker (test/utils/g2-s11-pg-harness.ts:183:15)
      at ChildProcess.<anonymous> (test/utils/g2-s11-pg-harness.ts:202:7)

  console.warn
    PG17_PROCESS {"name":"g2g_25","options":{"action":"entities","coach":"s11-coach-a","intent":"04380ec1-9e75-4b9d-ae8f-20420685ade0","body":{"family":"workouts"},"host":"P1","role":"phone"},"result":{"intent_id":"04380ec1-9e75-4b9d-ae8f-20420685ade0","family":"workouts","entities":[{"id":"8e60544b-7a96-4a42-82ee-76fd0d72db0c","target_kind":"workout_plan","native_id":"8e60544b-7a96-4a42-82ee-76fd0d72db0c","source_platform":"s11-proof","entity_type":"workouts","source_id":"rt-1","client_source_id":null,"label":"Push Day","created_at":"2026-09-27T19:48:04.995Z","updated_at":"2026-09-27T19:48:04.995Z"}],"page_count":1,"next_cursor":null,"unclassified_staged":0},"queries":11,"pid":25161}

      181 |       }
      182 |       // Query shapes, outcomes, fixture identifiers and process IDs only; never parameters.
    > 183 |       console.warn(
          |               ^
      184 |         'PG17_PROCESS',
      185 |         JSON.stringify({
      186 |           name,

      at settleWorker (test/utils/g2-s11-pg-harness.ts:183:15)
      at ChildProcess.<anonymous> (test/utils/g2-s11-pg-harness.ts:202:7)

  console.warn
    PG17_PROCESS {"name":"g2g_26","options":{"action":"pair-init","coach":"s11-coach-a","body":{},"host":"P1","role":"phone"},"result":{"pairing_code":"633683","expires_at":"2026-09-27T19:50:22.451Z","import_intent_id":"aed3027b-2b74-4d1e-8bdd-9d8f1957cde6"},"queries":11,"pid":25198}

      181 |       }
      182 |       // Query shapes, outcomes, fixture identifiers and process IDs only; never parameters.
    > 183 |       console.warn(
          |               ^
      184 |         'PG17_PROCESS',
      185 |         JSON.stringify({
      186 |           name,

      at settleWorker (test/utils/g2-s11-pg-harness.ts:183:15)
      at ChildProcess.<anonymous> (test/utils/g2-s11-pg-harness.ts:202:7)

  console.warn
    PG17_PROCESS {"name":"g2g_27","options":{"action":"pair-redeem","coach":"unauthenticated","body":{"code":"633683"},"host":"P2","role":"ext"},"result":{"access_token":"synthetic-access-1","refresh_token":"synthetic-refresh-1","chosen_platform":"s11-label","import_intent_id":"aed3027b-2b74-4d1e-8bdd-9d8f1957cde6"},"queries":10,"pid":25227}

      181 |       }
      182 |       // Query shapes, outcomes, fixture identifiers and process IDs only; never parameters.
    > 183 |       console.warn(
          |               ^
      184 |         'PG17_PROCESS',
      185 |         JSON.stringify({
      186 |           name,

      at settleWorker (test/utils/g2-s11-pg-harness.ts:183:15)
      at ChildProcess.<anonymous> (test/utils/g2-s11-pg-harness.ts:202:7)

  console.warn
    PG17_PROCESS {"name":"g2g_28","options":{"action":"start","coach":"s11-coach-a","intent":"aed3027b-2b74-4d1e-8bdd-9d8f1957cde6","host":"P2","role":"phone"},"result":{"intent_id":"aed3027b-2b74-4d1e-8bdd-9d8f1957cde6","mode":"server","phase":"discovering","execution_epoch":1,"accepted_start_at":"2026-09-27T19:48:26.894Z","deadline_at":"2026-09-27T19:53:26.894Z"},"queries":3,"pid":25256}

      181 |       }
      182 |       // Query shapes, outcomes, fixture identifiers and process IDs only; never parameters.
    > 183 |       console.warn(
          |               ^
      184 |         'PG17_PROCESS',
      185 |         JSON.stringify({
      186 |           name,

      at settleWorker (test/utils/g2-s11-pg-harness.ts:183:15)
      at ChildProcess.<anonymous> (test/utils/g2-s11-pg-harness.ts:202:7)

  console.warn
    PG17_PROCESS {"name":"g2g_29","options":{"action":"ingest","coach":"s11-coach-a","intent":"aed3027b-2b74-4d1e-8bdd-9d8f1957cde6","body":{"entity_type":"people","entities":[{"sourceId":"p-1","payload":{"name":"Synthetic p-1"}}]},"host":"P1","role":"ext"},"result":{"received":1,"deduped":0},"queries":8,"pid":25285}

      181 |       }
      182 |       // Query shapes, outcomes, fixture identifiers and process IDs only; never parameters.
    > 183 |       console.warn(
          |               ^
      184 |         'PG17_PROCESS',
      185 |         JSON.stringify({
      186 |           name,

      at settleWorker (test/utils/g2-s11-pg-harness.ts:183:15)
      at ChildProcess.<anonymous> (test/utils/g2-s11-pg-harness.ts:202:7)

  console.warn
    PG17_PROCESS {"name":"g2g_31","options":{"action":"status","coach":"s11-coach-a","intent":"aed3027b-2b74-4d1e-8bdd-9d8f1957cde6","host":"P2","role":"phone"},"result":{"intent_id":"aed3027b-2b74-4d1e-8bdd-9d8f1957cde6","status":"running","entity_counts":[{"entity_type":"people","committed":1}],"started_at":"2026-09-27T19:48:29.042Z","completed_at":null,"mode":"server","phase":"transferring","accepted_start_at":"2026-09-27T19:48:26.894Z","deadline_at":"2026-09-27T19:53:26.894Z","last_observed_at":"2026-09-27T19:48:31.154Z","execution_epoch":1,"reason_code":null,"claimed_status":null,"families":[{"family":"people","observed_unique":null,"staged_unique":1,"created_native":null,"already_present_verified":null,"rejected":null,"unresolved":null,"ledger":{"reconstructed":0,"skipped":0,"failed":0}}]},"queries":8,"pid":25374}

      181 |       }
      182 |       // Query shapes, outcomes, fixture identifiers and process IDs only; never parameters.
    > 183 |       console.warn(
          |               ^
      184 |         'PG17_PROCESS',
      185 |         JSON.stringify({
      186 |           name,

      at settleWorker (test/utils/g2-s11-pg-harness.ts:183:15)
      at ChildProcess.<anonymous> (test/utils/g2-s11-pg-harness.ts:202:7)

  console.warn
    PG17_PROCESS {"name":"g2g_30","options":{"action":"progress","coach":"s11-coach-a","intent":"aed3027b-2b74-4d1e-8bdd-9d8f1957cde6","body":{"flush":true,"progress":[{"entity_type":"people","count_committed":1,"total_estimated":7}]},"pause":"cached","host":"P1","role":"ext"},"result":{"recorded":true,"flushed":true},"queries":8,"pid":25315}

      181 |       }
      182 |       // Query shapes, outcomes, fixture identifiers and process IDs only; never parameters.
    > 183 |       console.warn(
          |               ^
      184 |         'PG17_PROCESS',
      185 |         JSON.stringify({
      186 |           name,

      at settleWorker (test/utils/g2-s11-pg-harness.ts:183:15)
      at ChildProcess.<anonymous> (test/utils/g2-s11-pg-harness.ts:202:7)

  console.warn
    PG17_PROCESS {"name":"g2g_32","options":{"action":"status","coach":"s11-coach-a","intent":"aed3027b-2b74-4d1e-8bdd-9d8f1957cde6","host":"P2","role":"phone"},"result":{"intent_id":"aed3027b-2b74-4d1e-8bdd-9d8f1957cde6","status":"running","entity_counts":[{"entity_type":"people","committed":1}],"started_at":"2026-09-27T19:48:29.042Z","completed_at":null,"mode":"server","phase":"transferring","accepted_start_at":"2026-09-27T19:48:26.894Z","deadline_at":"2026-09-27T19:53:26.894Z","last_observed_at":"2026-09-27T19:48:31.154Z","execution_epoch":1,"reason_code":null,"claimed_status":null,"families":[{"family":"people","observed_unique":null,"staged_unique":1,"created_native":null,"already_present_verified":null,"rejected":null,"unresolved":null,"ledger":{"reconstructed":0,"skipped":0,"failed":0}}]},"queries":8,"pid":25408}

      181 |       }
      182 |       // Query shapes, outcomes, fixture identifiers and process IDs only; never parameters.
    > 183 |       console.warn(
          |               ^
      184 |         'PG17_PROCESS',
      185 |         JSON.stringify({
      186 |           name,

      at settleWorker (test/utils/g2-s11-pg-harness.ts:183:15)
      at ChildProcess.<anonymous> (test/utils/g2-s11-pg-harness.ts:202:7)

  console.warn
    PG17_PROCESS {"name":"g2g_33","options":{"action":"pair-init","coach":"s11-coach-a","body":{},"host":"P1","role":"phone"},"result":{"pairing_code":"454686","expires_at":"2026-09-27T19:50:38.163Z","import_intent_id":"e1540002-4d29-4139-964a-dbe5f1080037"},"queries":11,"pid":25445}

      181 |       }
      182 |       // Query shapes, outcomes, fixture identifiers and process IDs only; never parameters.
    > 183 |       console.warn(
          |               ^
      184 |         'PG17_PROCESS',
      185 |         JSON.stringify({
      186 |           name,

      at settleWorker (test/utils/g2-s11-pg-harness.ts:183:15)
      at ChildProcess.<anonymous> (test/utils/g2-s11-pg-harness.ts:202:7)

  console.warn
    PG17_PROCESS {"name":"g2g_34","options":{"action":"pair-redeem","coach":"unauthenticated","body":{"code":"454686"},"host":"P2","role":"ext"},"result":{"access_token":"synthetic-access-1","refresh_token":"synthetic-refresh-1","chosen_platform":"s11-label","import_intent_id":"e1540002-4d29-4139-964a-dbe5f1080037"},"queries":10,"pid":25474}

      181 |       }
      182 |       // Query shapes, outcomes, fixture identifiers and process IDs only; never parameters.
    > 183 |       console.warn(
          |               ^
      184 |         'PG17_PROCESS',
      185 |         JSON.stringify({
      186 |           name,

      at settleWorker (test/utils/g2-s11-pg-harness.ts:183:15)
      at ChildProcess.<anonymous> (test/utils/g2-s11-pg-harness.ts:202:7)

  console.warn
    PG17_PROCESS {"name":"g2g_35","options":{"action":"start","coach":"s11-coach-a","intent":"e1540002-4d29-4139-964a-dbe5f1080037","host":"P2","role":"phone"},"result":{"intent_id":"e1540002-4d29-4139-964a-dbe5f1080037","mode":"server","phase":"discovering","execution_epoch":1,"accepted_start_at":"2026-09-27T19:48:42.485Z","deadline_at":"2026-09-27T19:53:42.485Z"},"queries":3,"pid":25504}

      181 |       }
      182 |       // Query shapes, outcomes, fixture identifiers and process IDs only; never parameters.
    > 183 |       console.warn(
          |               ^
      184 |         'PG17_PROCESS',
      185 |         JSON.stringify({
      186 |           name,

      at settleWorker (test/utils/g2-s11-pg-harness.ts:183:15)
      at ChildProcess.<anonymous> (test/utils/g2-s11-pg-harness.ts:202:7)

  console.warn
    PG17_PROCESS {"name":"g2g_36","options":{"action":"ingest","coach":"s11-coach-a","intent":"e1540002-4d29-4139-964a-dbe5f1080037","body":{"entity_type":"people","entities":[{"sourceId":"p-1","payload":{"name":"Synthetic p-1"}}]},"host":"P1","role":"ext"},"result":{"received":1,"deduped":0},"queries":8,"pid":25533}

      181 |       }
      182 |       // Query shapes, outcomes, fixture identifiers and process IDs only; never parameters.
    > 183 |       console.warn(
          |               ^
      184 |         'PG17_PROCESS',
      185 |         JSON.stringify({
      186 |           name,

      at settleWorker (test/utils/g2-s11-pg-harness.ts:183:15)
      at ChildProcess.<anonymous> (test/utils/g2-s11-pg-harness.ts:202:7)

  console.warn
    PG17_PROCESS {"name":"g2g_37","options":{"action":"ingest","coach":"s11-coach-a","intent":"e1540002-4d29-4139-964a-dbe5f1080037","body":{"entity_type":"people","entities":[{"sourceId":"p-2","payload":{"name":"Synthetic p-2"}}]},"host":"P2","role":"ext"},"result":{"received":1,"deduped":0},"queries":8,"pid":25563}

      181 |       }
      182 |       // Query shapes, outcomes, fixture identifiers and process IDs only; never parameters.
    > 183 |       console.warn(
          |               ^
      184 |         'PG17_PROCESS',
      185 |         JSON.stringify({
      186 |           name,

      at settleWorker (test/utils/g2-s11-pg-harness.ts:183:15)
      at ChildProcess.<anonymous> (test/utils/g2-s11-pg-harness.ts:202:7)

  console.warn
    PG17_PROCESS {"name":"g2g_38","options":{"action":"status","coach":"s11-coach-a","intent":"e1540002-4d29-4139-964a-dbe5f1080037","host":"P2","role":"phone"},"result":{"intent_id":"e1540002-4d29-4139-964a-dbe5f1080037","status":"running","entity_counts":[{"entity_type":"people","committed":2}],"started_at":"2026-09-27T19:48:44.638Z","completed_at":null,"mode":"server","phase":"transferring","accepted_start_at":"2026-09-27T19:48:42.485Z","deadline_at":"2026-09-27T19:53:42.485Z","last_observed_at":"2026-09-27T19:48:46.773Z","execution_epoch":1,"reason_code":null,"claimed_status":null,"families":[{"family":"people","observed_unique":null,"staged_unique":2,"created_native":null,"already_present_verified":null,"rejected":null,"unresolved":null,"ledger":{"reconstructed":0,"skipped":0,"failed":0}}]},"queries":8,"pid":25603}

      181 |       }
      182 |       // Query shapes, outcomes, fixture identifiers and process IDs only; never parameters.
    > 183 |       console.warn(
          |               ^
      184 |         'PG17_PROCESS',
      185 |         JSON.stringify({
      186 |           name,

      at settleWorker (test/utils/g2-s11-pg-harness.ts:183:15)
      at ChildProcess.<anonymous> (test/utils/g2-s11-pg-harness.ts:202:7)

  console.warn
    PG17_PROCESS {"name":"g2g_40","options":{"action":"status","coach":"s11-coach-a","intent":"e1540002-4d29-4139-964a-dbe5f1080037","host":"P2","role":"phone"},"result":{"intent_id":"e1540002-4d29-4139-964a-dbe5f1080037","status":"running","entity_counts":[{"entity_type":"people","committed":2}],"started_at":"2026-09-27T19:48:44.638Z","completed_at":null,"mode":"server","phase":"transferring","accepted_start_at":"2026-09-27T19:48:42.485Z","deadline_at":"2026-09-27T19:53:42.485Z","last_observed_at":"2026-09-27T19:48:51.259Z","execution_epoch":1,"reason_code":null,"claimed_status":null,"families":[{"family":"people","observed_unique":null,"staged_unique":2,"created_native":null,"already_present_verified":null,"rejected":null,"unresolved":null,"ledger":{"reconstructed":0,"skipped":0,"failed":0}}]},"queries":8,"pid":25667}

      181 |       }
      182 |       // Query shapes, outcomes, fixture identifiers and process IDs only; never parameters.
    > 183 |       console.warn(
          |               ^
      184 |         'PG17_PROCESS',
      185 |         JSON.stringify({
      186 |           name,

      at settleWorker (test/utils/g2-s11-pg-harness.ts:183:15)
      at ChildProcess.<anonymous> (test/utils/g2-s11-pg-harness.ts:202:7)

  console.warn
    PG17_PROCESS {"name":"g2g_41","options":{"action":"pair-init","coach":"s11-coach-a","body":{},"host":"P1","role":"phone"},"result":{"pairing_code":"475683","expires_at":"2026-09-27T19:50:55.614Z","import_intent_id":"105ae67d-4b58-4494-9b0a-a4db515f50e5"},"queries":11,"pid":25707}

      181 |       }
      182 |       // Query shapes, outcomes, fixture identifiers and process IDs only; never parameters.
    > 183 |       console.warn(
          |               ^
      184 |         'PG17_PROCESS',
      185 |         JSON.stringify({
      186 |           name,

      at settleWorker (test/utils/g2-s11-pg-harness.ts:183:15)
      at ChildProcess.<anonymous> (test/utils/g2-s11-pg-harness.ts:202:7)

  console.warn
    PG17_PROCESS {"name":"g2g_42","options":{"action":"pair-redeem","coach":"unauthenticated","body":{"code":"475683"},"host":"P2","role":"ext"},"result":{"access_token":"synthetic-access-1","refresh_token":"synthetic-refresh-1","chosen_platform":"s11-label","import_intent_id":"105ae67d-4b58-4494-9b0a-a4db515f50e5"},"queries":10,"pid":25736}

      181 |       }
      182 |       // Query shapes, outcomes, fixture identifiers and process IDs only; never parameters.
    > 183 |       console.warn(
          |               ^
      184 |         'PG17_PROCESS',
      185 |         JSON.stringify({
      186 |           name,

      at settleWorker (test/utils/g2-s11-pg-harness.ts:183:15)
      at ChildProcess.<anonymous> (test/utils/g2-s11-pg-harness.ts:202:7)

  console.warn
    PG17_PROCESS {"name":"g2g_43","options":{"action":"start","coach":"s11-coach-a","intent":"105ae67d-4b58-4494-9b0a-a4db515f50e5","host":"P2","role":"phone"},"result":{"intent_id":"105ae67d-4b58-4494-9b0a-a4db515f50e5","mode":"server","phase":"discovering","execution_epoch":1,"accepted_start_at":"2026-09-27T19:49:00.131Z","deadline_at":"2026-09-27T19:54:00.131Z"},"queries":3,"pid":25766}

      181 |       }
      182 |       // Query shapes, outcomes, fixture identifiers and process IDs only; never parameters.
    > 183 |       console.warn(
          |               ^
      184 |         'PG17_PROCESS',
      185 |         JSON.stringify({
      186 |           name,

      at settleWorker (test/utils/g2-s11-pg-harness.ts:183:15)
      at ChildProcess.<anonymous> (test/utils/g2-s11-pg-harness.ts:202:7)

  console.warn
    PG17_BLOCKED {"name":"g2g_45","rows":[{"type":"Lock","wait":"transactionid"}]}

      213 |       FROM pg_stat_activity WHERE application_name=${quote(name)} AND wait_event_type='Lock'`);
      214 |     if (rows.length > 0) {
    > 215 |       console.warn('PG17_BLOCKED', JSON.stringify({ name, rows }));
          |               ^
      216 |       return;
      217 |     }
      218 |     await new Promise((r) => setTimeout(r, 25));

      at Object.blocked (test/utils/g2-s11-pg-harness.ts:215:15)
      at Object.<anonymous> (test/scout/s11/journey-core.pg.spec.ts:400:5)

  console.warn
    PG17_PROCESS {"name":"g2g_44","options":{"action":"ingest","coach":"s11-coach-a","intent":"105ae67d-4b58-4494-9b0a-a4db515f50e5","pause":"gated","txTimeout":30000,"host":"P1","role":"ext","body":{"entity_type":"people","entities":[{"sourceId":"p-1","payload":{"name":"Synthetic p-1"}},{"sourceId":"p-2","payload":{"name":"Synthetic p-2"}}]}},"result":{"received":2,"deduped":0},"queries":8,"pid":25795}

      181 |       }
      182 |       // Query shapes, outcomes, fixture identifiers and process IDs only; never parameters.
    > 183 |       console.warn(
          |               ^
      184 |         'PG17_PROCESS',
      185 |         JSON.stringify({
      186 |           name,

      at settleWorker (test/utils/g2-s11-pg-harness.ts:183:15)
      at ChildProcess.<anonymous> (test/utils/g2-s11-pg-harness.ts:202:7)

  console.warn
    PG17_PROCESS {"name":"g2g_45","options":{"action":"cancel","coach":"s11-coach-a","intent":"105ae67d-4b58-4494-9b0a-a4db515f50e5","host":"P2","role":"phone"},"result":{"intent_id":"105ae67d-4b58-4494-9b0a-a4db515f50e5","status":"cancelled","execution_epoch":2},"queries":8,"pid":25825}

      181 |       }
      182 |       // Query shapes, outcomes, fixture identifiers and process IDs only; never parameters.
    > 183 |       console.warn(
          |               ^
      184 |         'PG17_PROCESS',
      185 |         JSON.stringify({
      186 |           name,

      at settleWorker (test/utils/g2-s11-pg-harness.ts:183:15)
      at ChildProcess.<anonymous> (test/utils/g2-s11-pg-harness.ts:202:7)

  console.warn
    PG17_PROCESS {"name":"g2g_46","options":{"action":"pair-init","coach":"s11-coach-a","body":{},"host":"P2","role":"phone"},"result":{"pairing_code":"783754","expires_at":"2026-09-27T19:51:06.828Z","import_intent_id":"d3c0ac09-7111-420f-a932-7fb7fc2c102a"},"queries":11,"pid":25962}

      181 |       }
      182 |       // Query shapes, outcomes, fixture identifiers and process IDs only; never parameters.
    > 183 |       console.warn(
          |               ^
      184 |         'PG17_PROCESS',
      185 |         JSON.stringify({
      186 |           name,

      at settleWorker (test/utils/g2-s11-pg-harness.ts:183:15)
      at ChildProcess.<anonymous> (test/utils/g2-s11-pg-harness.ts:202:7)

  console.warn
    PG17_PROCESS {"name":"g2g_47","options":{"action":"pair-redeem","coach":"unauthenticated","body":{"code":"783754"},"host":"P1","role":"ext"},"result":{"access_token":"synthetic-access-1","refresh_token":"synthetic-refresh-1","chosen_platform":"s11-label","import_intent_id":"d3c0ac09-7111-420f-a932-7fb7fc2c102a"},"queries":10,"pid":25991}

      181 |       }
      182 |       // Query shapes, outcomes, fixture identifiers and process IDs only; never parameters.
    > 183 |       console.warn(
          |               ^
      184 |         'PG17_PROCESS',
      185 |         JSON.stringify({
      186 |           name,

      at settleWorker (test/utils/g2-s11-pg-harness.ts:183:15)
      at ChildProcess.<anonymous> (test/utils/g2-s11-pg-harness.ts:202:7)

  console.warn
    PG17_PROCESS {"name":"g2g_48","options":{"action":"start","coach":"s11-coach-a","intent":"d3c0ac09-7111-420f-a932-7fb7fc2c102a","host":"P1","role":"phone"},"result":{"intent_id":"d3c0ac09-7111-420f-a932-7fb7fc2c102a","mode":"server","phase":"discovering","execution_epoch":1,"accepted_start_at":"2026-09-27T19:49:11.070Z","deadline_at":"2026-09-27T19:54:11.070Z"},"queries":3,"pid":26020}

      181 |       }
      182 |       // Query shapes, outcomes, fixture identifiers and process IDs only; never parameters.
    > 183 |       console.warn(
          |               ^
      184 |         'PG17_PROCESS',
      185 |         JSON.stringify({
      186 |           name,

      at settleWorker (test/utils/g2-s11-pg-harness.ts:183:15)
      at ChildProcess.<anonymous> (test/utils/g2-s11-pg-harness.ts:202:7)

  console.warn
    PG17_BLOCKED {"name":"g2g_50","rows":[{"type":"Lock","wait":"transactionid"}]}

      213 |       FROM pg_stat_activity WHERE application_name=${quote(name)} AND wait_event_type='Lock'`);
      214 |     if (rows.length > 0) {
    > 215 |       console.warn('PG17_BLOCKED', JSON.stringify({ name, rows }));
          |               ^
      216 |       return;
      217 |     }
      218 |     await new Promise((r) => setTimeout(r, 25));

      at Object.blocked (test/utils/g2-s11-pg-harness.ts:215:15)
      at Object.<anonymous> (test/scout/s11/journey-core.pg.spec.ts:447:5)

  console.warn
    PG17_PROCESS {"name":"g2g_49","options":{"action":"cancel","coach":"s11-coach-a","intent":"d3c0ac09-7111-420f-a932-7fb7fc2c102a","pause":"locked","txTimeout":30000,"host":"P2","role":"phone"},"result":{"intent_id":"d3c0ac09-7111-420f-a932-7fb7fc2c102a","status":"cancelled","execution_epoch":2},"queries":8,"pid":26049}

      181 |       }
      182 |       // Query shapes, outcomes, fixture identifiers and process IDs only; never parameters.
    > 183 |       console.warn(
          |               ^
      184 |         'PG17_PROCESS',
      185 |         JSON.stringify({
      186 |           name,

      at settleWorker (test/utils/g2-s11-pg-harness.ts:183:15)
      at ChildProcess.<anonymous> (test/utils/g2-s11-pg-harness.ts:202:7)

  console.warn
    PG17_PROCESS {"name":"g2g_50","options":{"action":"ingest","coach":"s11-coach-a","intent":"d3c0ac09-7111-420f-a932-7fb7fc2c102a","host":"P1","role":"ext","body":{"entity_type":"people","entities":[{"sourceId":"p-3","payload":{"name":"Synthetic p-3"}}]}},"failure":{"status":409,"message":"The run for this intent is fenced; no further writes are accepted.","response":{"code":"run_fenced","message":"The run for this intent is fenced; no further writes are accepted.","fence_reason":"cancelled"}},"queries":8,"pid":26094}

      181 |       }
      182 |       // Query shapes, outcomes, fixture identifiers and process IDs only; never parameters.
    > 183 |       console.warn(
          |               ^
      184 |         'PG17_PROCESS',
      185 |         JSON.stringify({
      186 |           name,

      at settleWorker (test/utils/g2-s11-pg-harness.ts:183:15)
      at ChildProcess.<anonymous> (test/utils/g2-s11-pg-harness.ts:202:7)

  console.warn
    PG17_PROCESS {"name":"g2g_51","options":{"action":"cancel","coach":"s11-coach-a","intent":"d3c0ac09-7111-420f-a932-7fb7fc2c102a","host":"P1","role":"phone"},"result":{"intent_id":"d3c0ac09-7111-420f-a932-7fb7fc2c102a","status":"cancelled","execution_epoch":2},"queries":1,"pid":26216}

      181 |       }
      182 |       // Query shapes, outcomes, fixture identifiers and process IDs only; never parameters.
    > 183 |       console.warn(
          |               ^
      184 |         'PG17_PROCESS',
      185 |         JSON.stringify({
      186 |           name,

      at settleWorker (test/utils/g2-s11-pg-harness.ts:183:15)
      at ChildProcess.<anonymous> (test/utils/g2-s11-pg-harness.ts:202:7)

  console.warn
    PG17_PROCESS {"name":"g2g_52","options":{"action":"pair-init","coach":"s11-coach-a","body":{},"host":"P1","role":"phone"},"result":{"pairing_code":"436567","expires_at":"2026-09-27T19:51:19.675Z","import_intent_id":"0e81513e-0bf7-4f09-acfe-fd896e505f36"},"queries":11,"pid":26266}

      181 |       }
      182 |       // Query shapes, outcomes, fixture identifiers and process IDs only; never parameters.
    > 183 |       console.warn(
          |               ^
      184 |         'PG17_PROCESS',
      185 |         JSON.stringify({
      186 |           name,

      at settleWorker (test/utils/g2-s11-pg-harness.ts:183:15)
      at ChildProcess.<anonymous> (test/utils/g2-s11-pg-harness.ts:202:7)

  console.warn
    PG17_PROCESS {"name":"g2g_53","options":{"action":"pair-redeem","coach":"unauthenticated","body":{"code":"436567"},"host":"P2","role":"ext"},"result":{"access_token":"synthetic-access-1","refresh_token":"synthetic-refresh-1","chosen_platform":"s11-label","import_intent_id":"0e81513e-0bf7-4f09-acfe-fd896e505f36"},"queries":10,"pid":26295}

      181 |       }
      182 |       // Query shapes, outcomes, fixture identifiers and process IDs only; never parameters.
    > 183 |       console.warn(
          |               ^
      184 |         'PG17_PROCESS',
      185 |         JSON.stringify({
      186 |           name,

      at settleWorker (test/utils/g2-s11-pg-harness.ts:183:15)
      at ChildProcess.<anonymous> (test/utils/g2-s11-pg-harness.ts:202:7)

  console.warn
    PG17_PROCESS {"name":"g2g_54","options":{"action":"start","coach":"s11-coach-a","intent":"0e81513e-0bf7-4f09-acfe-fd896e505f36","deadlineMs":1,"host":"P1","role":"phone"},"result":{"intent_id":"0e81513e-0bf7-4f09-acfe-fd896e505f36","mode":"server","phase":"discovering","execution_epoch":1,"accepted_start_at":"2026-09-27T19:49:23.754Z","deadline_at":"2026-09-27T19:49:23.755Z"},"queries":3,"pid":26324}

      181 |       }
      182 |       // Query shapes, outcomes, fixture identifiers and process IDs only; never parameters.
    > 183 |       console.warn(
          |               ^
      184 |         'PG17_PROCESS',
      185 |         JSON.stringify({
      186 |           name,

      at settleWorker (test/utils/g2-s11-pg-harness.ts:183:15)
      at ChildProcess.<anonymous> (test/utils/g2-s11-pg-harness.ts:202:7)

  console.warn
    PG17_PROCESS {"name":"g2g_55","options":{"action":"status","coach":"s11-coach-a","intent":"0e81513e-0bf7-4f09-acfe-fd896e505f36","host":"P1","role":"phone"},"result":{"intent_id":"0e81513e-0bf7-4f09-acfe-fd896e505f36","status":"timed_out","entity_counts":[],"started_at":"2026-09-27T19:49:23.755Z","completed_at":"2026-09-27T19:49:27.112Z","mode":"server","phase":"discovering","accepted_start_at":"2026-09-27T19:49:23.754Z","deadline_at":"2026-09-27T19:49:23.755Z","last_observed_at":null,"execution_epoch":2,"reason_code":"deadline_exceeded","claimed_status":null,"families":[]},"queries":25,"pid":26355}

      181 |       }
      182 |       // Query shapes, outcomes, fixture identifiers and process IDs only; never parameters.
    > 183 |       console.warn(
          |               ^
      184 |         'PG17_PROCESS',
      185 |         JSON.stringify({
      186 |           name,

      at settleWorker (test/utils/g2-s11-pg-harness.ts:183:15)
      at ChildProcess.<anonymous> (test/utils/g2-s11-pg-harness.ts:202:7)

  console.warn
    PG17_PROCESS {"name":"g2g_56","options":{"action":"status","coach":"s11-coach-a","intent":"0e81513e-0bf7-4f09-acfe-fd896e505f36","host":"P2","role":"phone"},"result":{"intent_id":"0e81513e-0bf7-4f09-acfe-fd896e505f36","status":"timed_out","entity_counts":[],"started_at":"2026-09-27T19:49:23.755Z","completed_at":"2026-09-27T19:49:27.112Z","mode":"server","phase":"discovering","accepted_start_at":"2026-09-27T19:49:23.754Z","deadline_at":"2026-09-27T19:49:23.755Z","last_observed_at":null,"execution_epoch":2,"reason_code":"deadline_exceeded","claimed_status":null,"families":[]},"queries":17,"pid":26356}

      181 |       }
      182 |       // Query shapes, outcomes, fixture identifiers and process IDs only; never parameters.
    > 183 |       console.warn(
          |               ^
      184 |         'PG17_PROCESS',
      185 |         JSON.stringify({
      186 |           name,

      at settleWorker (test/utils/g2-s11-pg-harness.ts:183:15)
      at ChildProcess.<anonymous> (test/utils/g2-s11-pg-harness.ts:202:7)

  console.warn
    PG17_PROCESS {"name":"g2g_57","options":{"action":"status","coach":"s11-coach-a","intent":"0e81513e-0bf7-4f09-acfe-fd896e505f36","host":"P2","role":"phone"},"result":{"intent_id":"0e81513e-0bf7-4f09-acfe-fd896e505f36","status":"timed_out","entity_counts":[],"started_at":"2026-09-27T19:49:23.755Z","completed_at":"2026-09-27T19:49:27.112Z","mode":"server","phase":"discovering","accepted_start_at":"2026-09-27T19:49:23.754Z","deadline_at":"2026-09-27T19:49:23.755Z","last_observed_at":null,"execution_epoch":2,"reason_code":"deadline_exceeded","claimed_status":null,"families":[]},"queries":17,"pid":26417}

      181 |       }
      182 |       // Query shapes, outcomes, fixture identifiers and process IDs only; never parameters.
    > 183 |       console.warn(
          |               ^
      184 |         'PG17_PROCESS',
      185 |         JSON.stringify({
      186 |           name,

      at settleWorker (test/utils/g2-s11-pg-harness.ts:183:15)
      at ChildProcess.<anonymous> (test/utils/g2-s11-pg-harness.ts:202:7)

  console.warn
    PG17_PROCESS {"name":"g2g_58","options":{"action":"pair-init","coach":"s11-coach-a","body":{},"host":"P1","role":"phone"},"result":{"pairing_code":"698337","expires_at":"2026-09-27T19:51:31.610Z","import_intent_id":"5411801f-25ea-4554-8337-41ce9133e8c5"},"queries":11,"pid":26455}

      181 |       }
      182 |       // Query shapes, outcomes, fixture identifiers and process IDs only; never parameters.
    > 183 |       console.warn(
          |               ^
      184 |         'PG17_PROCESS',
      185 |         JSON.stringify({
      186 |           name,

      at settleWorker (test/utils/g2-s11-pg-harness.ts:183:15)
      at ChildProcess.<anonymous> (test/utils/g2-s11-pg-harness.ts:202:7)

  console.warn
    PG17_PROCESS {"name":"g2g_59","options":{"action":"pair-redeem","coach":"unauthenticated","body":{"code":"698337"},"host":"P2","role":"ext"},"result":{"access_token":"synthetic-access-1","refresh_token":"synthetic-refresh-1","chosen_platform":"s11-label","import_intent_id":"5411801f-25ea-4554-8337-41ce9133e8c5"},"queries":10,"pid":26484}

      181 |       }
      182 |       // Query shapes, outcomes, fixture identifiers and process IDs only; never parameters.
    > 183 |       console.warn(
          |               ^
      184 |         'PG17_PROCESS',
      185 |         JSON.stringify({
      186 |           name,

      at settleWorker (test/utils/g2-s11-pg-harness.ts:183:15)
      at ChildProcess.<anonymous> (test/utils/g2-s11-pg-harness.ts:202:7)

  console.warn
    PG17_PROCESS {"name":"g2g_60","options":{"action":"start","coach":"s11-coach-a","intent":"5411801f-25ea-4554-8337-41ce9133e8c5","host":"P2","role":"phone"},"result":{"intent_id":"5411801f-25ea-4554-8337-41ce9133e8c5","mode":"server","phase":"discovering","execution_epoch":1,"accepted_start_at":"2026-09-27T19:49:35.708Z","deadline_at":"2026-09-27T19:54:35.708Z"},"queries":3,"pid":26513}

      181 |       }
      182 |       // Query shapes, outcomes, fixture identifiers and process IDs only; never parameters.
    > 183 |       console.warn(
          |               ^
      184 |         'PG17_PROCESS',
      185 |         JSON.stringify({
      186 |           name,

      at settleWorker (test/utils/g2-s11-pg-harness.ts:183:15)
      at ChildProcess.<anonymous> (test/utils/g2-s11-pg-harness.ts:202:7)

  console.warn
    PG17_PROCESS {"name":"g2g_61","options":{"action":"ingest","coach":"s11-coach-a","intent":"5411801f-25ea-4554-8337-41ce9133e8c5","body":{"entity_type":"people","entities":[{"sourceId":"p-1","payload":{"name":"Synthetic p-1"}}]},"host":"P1","role":"ext"},"result":{"received":1,"deduped":0},"queries":8,"pid":26542}

      181 |       }
      182 |       // Query shapes, outcomes, fixture identifiers and process IDs only; never parameters.
    > 183 |       console.warn(
          |               ^
      184 |         'PG17_PROCESS',
      185 |         JSON.stringify({
      186 |           name,

      at settleWorker (test/utils/g2-s11-pg-harness.ts:183:15)
      at ChildProcess.<anonymous> (test/utils/g2-s11-pg-harness.ts:202:7)

  console.warn
    PG17_PROCESS {"name":"g2g_62","options":{"action":"progress","coach":"s11-coach-a","intent":"5411801f-25ea-4554-8337-41ce9133e8c5","body":{"flush":true},"host":"P2","role":"ext"},"result":{"recorded":true,"flushed":true},"queries":8,"pid":26573}

      181 |       }
      182 |       // Query shapes, outcomes, fixture identifiers and process IDs only; never parameters.
    > 183 |       console.warn(
          |               ^
      184 |         'PG17_PROCESS',
      185 |         JSON.stringify({
      186 |           name,

      at settleWorker (test/utils/g2-s11-pg-harness.ts:183:15)
      at ChildProcess.<anonymous> (test/utils/g2-s11-pg-harness.ts:202:7)

  console.warn
    PG17_PROCESS {"name":"g2g_63","options":{"action":"pair-init","coach":"s11-coach-b","body":{},"host":"P2","role":"phone"},"result":{"pairing_code":"235962","expires_at":"2026-09-27T19:51:41.936Z","import_intent_id":"aa83bb0e-3aa3-4cae-abbe-3a6e047b4270"},"queries":11,"pid":26605}

      181 |       }
      182 |       // Query shapes, outcomes, fixture identifiers and process IDs only; never parameters.
    > 183 |       console.warn(
          |               ^
      184 |         'PG17_PROCESS',
      185 |         JSON.stringify({
      186 |           name,

      at settleWorker (test/utils/g2-s11-pg-harness.ts:183:15)
      at ChildProcess.<anonymous> (test/utils/g2-s11-pg-harness.ts:202:7)

  console.warn
    PG17_PROCESS {"name":"g2g_64","options":{"action":"pair-redeem","coach":"unauthenticated","body":{"code":"235962"},"host":"P1","role":"ext"},"result":{"access_token":"synthetic-access-1","refresh_token":"synthetic-refresh-1","chosen_platform":"s11-label","import_intent_id":"aa83bb0e-3aa3-4cae-abbe-3a6e047b4270"},"queries":10,"pid":26636}

      181 |       }
      182 |       // Query shapes, outcomes, fixture identifiers and process IDs only; never parameters.
    > 183 |       console.warn(
          |               ^
      184 |         'PG17_PROCESS',
      185 |         JSON.stringify({
      186 |           name,

      at settleWorker (test/utils/g2-s11-pg-harness.ts:183:15)
      at ChildProcess.<anonymous> (test/utils/g2-s11-pg-harness.ts:202:7)

  console.warn
    PG17_PROCESS {"name":"g2g_65","options":{"action":"start","coach":"s11-coach-b","intent":"aa83bb0e-3aa3-4cae-abbe-3a6e047b4270","host":"P1","role":"phone"},"result":{"intent_id":"aa83bb0e-3aa3-4cae-abbe-3a6e047b4270","mode":"server","phase":"discovering","execution_epoch":1,"accepted_start_at":"2026-09-27T19:49:46.189Z","deadline_at":"2026-09-27T19:54:46.189Z"},"queries":3,"pid":26665}

      181 |       }
      182 |       // Query shapes, outcomes, fixture identifiers and process IDs only; never parameters.
    > 183 |       console.warn(
          |               ^
      184 |         'PG17_PROCESS',
      185 |         JSON.stringify({
      186 |           name,

      at settleWorker (test/utils/g2-s11-pg-harness.ts:183:15)
      at ChildProcess.<anonymous> (test/utils/g2-s11-pg-harness.ts:202:7)

  console.warn
    PG17_PROCESS {"name":"g2g_66","options":{"action":"ingest","coach":"s11-coach-b","intent":"aa83bb0e-3aa3-4cae-abbe-3a6e047b4270","body":{"entity_type":"people","entities":[{"sourceId":"q-1","payload":{"name":"Synthetic q-1"}}]},"host":"P2","role":"ext"},"result":{"received":1,"deduped":0},"queries":8,"pid":26715}

      181 |       }
      182 |       // Query shapes, outcomes, fixture identifiers and process IDs only; never parameters.
    > 183 |       console.warn(
          |               ^
      184 |         'PG17_PROCESS',
      185 |         JSON.stringify({
      186 |           name,

      at settleWorker (test/utils/g2-s11-pg-harness.ts:183:15)
      at ChildProcess.<anonymous> (test/utils/g2-s11-pg-harness.ts:202:7)

  console.warn
    PG17_PROCESS {"name":"g2g_67","options":{"action":"status","coach":"s11-coach-b","intent":"5411801f-25ea-4554-8337-41ce9133e8c5","host":"P1","role":"phone"},"failure":{"status":404,"message":"Not Found","response":{"message":"Not Found","statusCode":404}},"queries":6,"pid":26773}

      181 |       }
      182 |       // Query shapes, outcomes, fixture identifiers and process IDs only; never parameters.
    > 183 |       console.warn(
          |               ^
      184 |         'PG17_PROCESS',
      185 |         JSON.stringify({
      186 |           name,

      at settleWorker (test/utils/g2-s11-pg-harness.ts:183:15)
      at ChildProcess.<anonymous> (test/utils/g2-s11-pg-harness.ts:202:7)

  console.warn
    PG17_PROCESS {"name":"g2g_68","options":{"action":"status","coach":"s11-coach-b","intent":"00000000-0000-4000-8000-000000000000","host":"P2","role":"phone"},"failure":{"status":404,"message":"Not Found","response":{"message":"Not Found","statusCode":404}},"queries":6,"pid":26803}

      181 |       }
      182 |       // Query shapes, outcomes, fixture identifiers and process IDs only; never parameters.
    > 183 |       console.warn(
          |               ^
      184 |         'PG17_PROCESS',
      185 |         JSON.stringify({
      186 |           name,

      at settleWorker (test/utils/g2-s11-pg-harness.ts:183:15)
      at ChildProcess.<anonymous> (test/utils/g2-s11-pg-harness.ts:202:7)

  console.warn
    PG17_PROCESS {"name":"g2g_69","options":{"action":"start","coach":"s11-coach-b","intent":"5411801f-25ea-4554-8337-41ce9133e8c5","host":"P2","role":"phone"},"failure":{"status":404,"message":"Not Found","response":{"message":"Not Found","statusCode":404}},"queries":1,"pid":26833}

      181 |       }
      182 |       // Query shapes, outcomes, fixture identifiers and process IDs only; never parameters.
    > 183 |       console.warn(
          |               ^
      184 |         'PG17_PROCESS',
      185 |         JSON.stringify({
      186 |           name,

      at settleWorker (test/utils/g2-s11-pg-harness.ts:183:15)
      at ChildProcess.<anonymous> (test/utils/g2-s11-pg-harness.ts:202:7)

  console.warn
    PG17_PROCESS {"name":"g2g_70","options":{"action":"start","coach":"s11-coach-b","intent":"00000000-0000-4000-8000-000000000000","host":"P1","role":"phone"},"failure":{"status":404,"message":"Not Found","response":{"message":"Not Found","statusCode":404}},"queries":1,"pid":26862}

      181 |       }
      182 |       // Query shapes, outcomes, fixture identifiers and process IDs only; never parameters.
    > 183 |       console.warn(
          |               ^
      184 |         'PG17_PROCESS',
      185 |         JSON.stringify({
      186 |           name,

      at settleWorker (test/utils/g2-s11-pg-harness.ts:183:15)
      at ChildProcess.<anonymous> (test/utils/g2-s11-pg-harness.ts:202:7)

  console.warn
    PG17_PROCESS {"name":"g2g_71","options":{"action":"cancel","coach":"s11-coach-b","intent":"5411801f-25ea-4554-8337-41ce9133e8c5","host":"P1","role":"phone"},"failure":{"status":404,"message":"Not Found","response":{"message":"Not Found","statusCode":404}},"queries":1,"pid":26892}

      181 |       }
      182 |       // Query shapes, outcomes, fixture identifiers and process IDs only; never parameters.
    > 183 |       console.warn(
          |               ^
      184 |         'PG17_PROCESS',
      185 |         JSON.stringify({
      186 |           name,

      at settleWorker (test/utils/g2-s11-pg-harness.ts:183:15)
      at ChildProcess.<anonymous> (test/utils/g2-s11-pg-harness.ts:202:7)

  console.warn
    PG17_PROCESS {"name":"g2g_72","options":{"action":"cancel","coach":"s11-coach-b","intent":"00000000-0000-4000-8000-000000000000","host":"P2","role":"phone"},"failure":{"status":404,"message":"Not Found","response":{"message":"Not Found","statusCode":404}},"queries":1,"pid":26921}

      181 |       }
      182 |       // Query shapes, outcomes, fixture identifiers and process IDs only; never parameters.
    > 183 |       console.warn(
          |               ^
      184 |         'PG17_PROCESS',
      185 |         JSON.stringify({
      186 |           name,

      at settleWorker (test/utils/g2-s11-pg-harness.ts:183:15)
      at ChildProcess.<anonymous> (test/utils/g2-s11-pg-harness.ts:202:7)

  console.warn
    PG17_PROCESS {"name":"g2g_73","options":{"action":"pair-session","coach":"s11-coach-b","intent":"5411801f-25ea-4554-8337-41ce9133e8c5","host":"P2","role":"phone"},"failure":{"status":404,"message":"Pairing session not found. Create a new pairing code.","response":{"message":"Pairing session not found. Create a new pairing code.","error":"Not Found","statusCode":404}},"queries":1,"pid":26950}

      181 |       }
      182 |       // Query shapes, outcomes, fixture identifiers and process IDs only; never parameters.
    > 183 |       console.warn(
          |               ^
      184 |         'PG17_PROCESS',
      185 |         JSON.stringify({
      186 |           name,

      at settleWorker (test/utils/g2-s11-pg-harness.ts:183:15)
      at ChildProcess.<anonymous> (test/utils/g2-s11-pg-harness.ts:202:7)

  console.warn
    PG17_PROCESS {"name":"g2g_74","options":{"action":"pair-session","coach":"s11-coach-b","intent":"00000000-0000-4000-8000-000000000000","host":"P1","role":"phone"},"failure":{"status":404,"message":"Pairing session not found. Create a new pairing code.","response":{"message":"Pairing session not found. Create a new pairing code.","error":"Not Found","statusCode":404}},"queries":1,"pid":26979}

      181 |       }
      182 |       // Query shapes, outcomes, fixture identifiers and process IDs only; never parameters.
    > 183 |       console.warn(
          |               ^
      184 |         'PG17_PROCESS',
      185 |         JSON.stringify({
      186 |           name,

      at settleWorker (test/utils/g2-s11-pg-harness.ts:183:15)
      at ChildProcess.<anonymous> (test/utils/g2-s11-pg-harness.ts:202:7)

  console.warn
    PG17_PROCESS {"name":"g2g_75","options":{"action":"roster","coach":"s11-coach-b","intent":"5411801f-25ea-4554-8337-41ce9133e8c5","host":"P1","role":"phone"},"failure":{"status":404,"message":"Not Found","response":{"message":"Not Found","statusCode":404}},"queries":6,"pid":27008}

      181 |       }
      182 |       // Query shapes, outcomes, fixture identifiers and process IDs only; never parameters.
    > 183 |       console.warn(
          |               ^
      184 |         'PG17_PROCESS',
      185 |         JSON.stringify({
      186 |           name,

      at settleWorker (test/utils/g2-s11-pg-harness.ts:183:15)
      at ChildProcess.<anonymous> (test/utils/g2-s11-pg-harness.ts:202:7)

  console.warn
    PG17_PROCESS {"name":"g2g_76","options":{"action":"roster","coach":"s11-coach-b","intent":"00000000-0000-4000-8000-000000000000","host":"P2","role":"phone"},"failure":{"status":404,"message":"Not Found","response":{"message":"Not Found","statusCode":404}},"queries":6,"pid":27047}

      181 |       }
      182 |       // Query shapes, outcomes, fixture identifiers and process IDs only; never parameters.
    > 183 |       console.warn(
          |               ^
      184 |         'PG17_PROCESS',
      185 |         JSON.stringify({
      186 |           name,

      at settleWorker (test/utils/g2-s11-pg-harness.ts:183:15)
      at ChildProcess.<anonymous> (test/utils/g2-s11-pg-harness.ts:202:7)

  console.warn
    PG17_PROCESS {"name":"g2g_77","options":{"action":"entities","coach":"s11-coach-b","intent":"5411801f-25ea-4554-8337-41ce9133e8c5","body":{"family":"workouts"},"host":"P2","role":"phone"},"failure":{"status":404,"message":"Not Found","response":{"message":"Not Found","statusCode":404}},"queries":6,"pid":27076}

      181 |       }
      182 |       // Query shapes, outcomes, fixture identifiers and process IDs only; never parameters.
    > 183 |       console.warn(
          |               ^
      184 |         'PG17_PROCESS',
      185 |         JSON.stringify({
      186 |           name,

      at settleWorker (test/utils/g2-s11-pg-harness.ts:183:15)
      at ChildProcess.<anonymous> (test/utils/g2-s11-pg-harness.ts:202:7)

  console.warn
    PG17_PROCESS {"name":"g2g_78","options":{"action":"entities","coach":"s11-coach-b","intent":"00000000-0000-4000-8000-000000000000","body":{"family":"workouts"},"host":"P1","role":"phone"},"failure":{"status":404,"message":"Not Found","response":{"message":"Not Found","statusCode":404}},"queries":6,"pid":27106}

      181 |       }
      182 |       // Query shapes, outcomes, fixture identifiers and process IDs only; never parameters.
    > 183 |       console.warn(
          |               ^
      184 |         'PG17_PROCESS',
      185 |         JSON.stringify({
      186 |           name,

      at settleWorker (test/utils/g2-s11-pg-harness.ts:183:15)
      at ChildProcess.<anonymous> (test/utils/g2-s11-pg-harness.ts:202:7)

  console.warn
    PG17_PROCESS {"name":"g2g_79","options":{"action":"progress","coach":"s11-coach-b","intent":"5411801f-25ea-4554-8337-41ce9133e8c5","body":{"flush":true},"host":"P1","role":"ext"},"result":{"recorded":true,"flushed":true},"queries":3,"pid":27135}

      181 |       }
      182 |       // Query shapes, outcomes, fixture identifiers and process IDs only; never parameters.
    > 183 |       console.warn(
          |               ^
      184 |         'PG17_PROCESS',
      185 |         JSON.stringify({
      186 |           name,

      at settleWorker (test/utils/g2-s11-pg-harness.ts:183:15)
      at ChildProcess.<anonymous> (test/utils/g2-s11-pg-harness.ts:202:7)

  console.warn
    PG17_PROCESS {"name":"g2g_80","options":{"action":"complete","coach":"s11-coach-b","intent":"aa83bb0e-3aa3-4cae-abbe-3a6e047b4270","body":{"terminal_status":"success"},"host":"P2","role":"ext"},"result":{"acknowledged":true,"intent_id":"aa83bb0e-3aa3-4cae-abbe-3a6e047b4270"},"queries":39,"pid":27165}

      181 |       }
      182 |       // Query shapes, outcomes, fixture identifiers and process IDs only; never parameters.
    > 183 |       console.warn(
          |               ^
      184 |         'PG17_PROCESS',
      185 |         JSON.stringify({
      186 |           name,

      at settleWorker (test/utils/g2-s11-pg-harness.ts:183:15)
      at ChildProcess.<anonymous> (test/utils/g2-s11-pg-harness.ts:202:7)

  console.warn
    PG17_PROCESS {"name":"g2g_81","options":{"action":"status","coach":"s11-coach-b","intent":"5411801f-25ea-4554-8337-41ce9133e8c5","host":"P2","role":"phone"},"result":{"intent_id":"5411801f-25ea-4554-8337-41ce9133e8c5","status":"running","entity_counts":[],"started_at":"2026-09-27T19:50:15.583Z","completed_at":null,"mode":"legacy","phase":null,"accepted_start_at":null,"deadline_at":null,"last_observed_at":null,"execution_epoch":1,"reason_code":null,"claimed_status":null,"families":[]},"queries":6,"pid":27260}

      181 |       }
      182 |       // Query shapes, outcomes, fixture identifiers and process IDs only; never parameters.
    > 183 |       console.warn(
          |               ^
      184 |         'PG17_PROCESS',
      185 |         JSON.stringify({
      186 |           name,

      at settleWorker (test/utils/g2-s11-pg-harness.ts:183:15)
      at ChildProcess.<anonymous> (test/utils/g2-s11-pg-harness.ts:202:7)

  console.warn
    PG17_PROCESS {"name":"g2g_82","options":{"action":"status","coach":"s11-coach-a","intent":"5411801f-25ea-4554-8337-41ce9133e8c5","host":"P1","role":"phone"},"result":{"intent_id":"5411801f-25ea-4554-8337-41ce9133e8c5","status":"running","entity_counts":[{"entity_type":"people","committed":1}],"started_at":"2026-09-27T19:49:37.744Z","completed_at":null,"mode":"server","phase":"transferring","accepted_start_at":"2026-09-27T19:49:35.708Z","deadline_at":"2026-09-27T19:54:35.708Z","last_observed_at":"2026-09-27T19:49:39.866Z","execution_epoch":1,"reason_code":null,"claimed_status":null,"families":[{"family":"people","observed_unique":null,"staged_unique":1,"created_native":null,"already_present_verified":null,"rejected":null,"unresolved":null,"ledger":{"reconstructed":0,"skipped":0,"failed":0}}]},"queries":8,"pid":27301}

      181 |       }
      182 |       // Query shapes, outcomes, fixture identifiers and process IDs only; never parameters.
    > 183 |       console.warn(
          |               ^
      184 |         'PG17_PROCESS',
      185 |         JSON.stringify({
      186 |           name,

      at settleWorker (test/utils/g2-s11-pg-harness.ts:183:15)
      at ChildProcess.<anonymous> (test/utils/g2-s11-pg-harness.ts:202:7)

  console.warn
    PG17_PROCESS {"name":"g2g_83","options":{"action":"status","coach":"s11-coach-a","intent":"5411801f-25ea-4554-8337-41ce9133e8c5","host":"P2","role":"phone"},"result":{"intent_id":"5411801f-25ea-4554-8337-41ce9133e8c5","status":"running","entity_counts":[{"entity_type":"people","committed":1}],"started_at":"2026-09-27T19:49:37.744Z","completed_at":null,"mode":"server","phase":"transferring","accepted_start_at":"2026-09-27T19:49:35.708Z","deadline_at":"2026-09-27T19:54:35.708Z","last_observed_at":"2026-09-27T19:49:39.866Z","execution_epoch":1,"reason_code":null,"claimed_status":null,"families":[{"family":"people","observed_unique":null,"staged_unique":1,"created_native":null,"already_present_verified":null,"rejected":null,"unresolved":null,"ledger":{"reconstructed":0,"skipped":0,"failed":0}}]},"queries":8,"pid":27331}

      181 |       }
      182 |       // Query shapes, outcomes, fixture identifiers and process IDs only; never parameters.
    > 183 |       console.warn(
          |               ^
      184 |         'PG17_PROCESS',
      185 |         JSON.stringify({
      186 |           name,

      at settleWorker (test/utils/g2-s11-pg-harness.ts:183:15)
      at ChildProcess.<anonymous> (test/utils/g2-s11-pg-harness.ts:202:7)

PASS test/scout/s11/journey-core.pg.spec.ts (197.725 s)
  S11-A1 journey core — two hosts over one disposable PG (J01-J08)
    ✓ J01: init on P1 (phone), redeem on P2 (ext), current on P1 is paired, Start on P2 creates one run; replayed Start on P1 is identical (20797 ms)
    ✓ J02 (+ steps 9-11): batches alternate P1/P2, claim on P1, one terminal write; P2 status equals P1 byte for byte; the native review reads agree across hosts (40697 ms)
    ✓ J03 (G2): a snapshot posted to P1 and read on P2 before P1 flushes — truth fields current, mirror absent (never zeroed); after the flush the mirror holds the posted counts (15762 ms)
    ✓ J04: P1 is killed with its snapshot pending — status on P2 still returns the truth fields; nothing becomes 0 or terminal (17498 ms)
    ✓ J05: cancel (phone) on P2 while ext ingests on P1 — batch-then-fence, or refused run_fenced; terminal cancelled once; no deadlock (24027 ms)
    ✓ J06: a short deadline elapses with no host touching the run; the first status read on either host fences timed_out once; the concurrent read on the other host sees the same terminal (11952 ms)
    ✓ J07: coach B interleaves on P1/P2 — cross-coach 404 operations are uniform, B's /progress is 204 with no foreign write; A's run and rows are exactly unchanged (55099 ms)
    ✓ J08: across J01-J07 no call reached a client-directed channel; at most one coach import.complete push per run, asserted on the call (256 ms)

Test Suites: 1 passed, 1 total
Tests:       8 passed, 8 total
Snapshots:   0 total
Time:        197.979 s
Ran all test suites within paths "test/scout/s11/journey-core.pg.spec.ts".
