[32m[Nest] 4035  - [39m09/27/2026, 8:51:20 PM [32m    LOG[39m [38;5;3m[ScoutReconstructService] [39m[32mscout.reconstruct run pass completed {"intent_id":"62ba216f-11c4-4a9c-ab7c-78d623f95346","coach_id":"s10u-a","epoch":1,"stopped":null,"families":[{"token":"u10-routines","family":"workouts","staged":1,"reconstructed":1,"skipped":0,"failed":0,"stopped":null},{"token":"u10-sessions","family":"workouts","staged":1,"reconstructed":1,"skipped":0,"failed":0,"stopped":null}],"unmapped_families":[]}[39m
[32m[Nest] 4035  - [39m09/27/2026, 8:51:20 PM [32m    LOG[39m [38;5;3m[ScoutReconstructService] [39m[32mscout.reconstruct run pass completed {"intent_id":"53c2ae90-25c3-4651-8a17-b3eac0bb16d7","coach_id":"s10u-replay","epoch":1,"stopped":null,"families":[{"token":"u10-routines","family":"workouts","staged":1,"reconstructed":1,"skipped":0,"failed":0,"stopped":null},{"token":"u10-sessions","family":"workouts","staged":1,"reconstructed":1,"skipped":0,"failed":0,"stopped":null}],"unmapped_families":[]}[39m
[32m[Nest] 4035  - [39m09/27/2026, 8:51:21 PM [32m    LOG[39m [38;5;3m[ScoutReconstructService] [39m[32mscout.reconstruct run pass completed {"intent_id":"889320cb-ebfd-4fa6-b29c-381d33a027da","coach_id":"s10u-replay","epoch":1,"stopped":null,"families":[{"token":"u10-routines","family":"workouts","staged":1,"reconstructed":1,"skipped":0,"failed":0,"stopped":null},{"token":"u10-sessions","family":"workouts","staged":1,"reconstructed":1,"skipped":0,"failed":0,"stopped":null}],"unmapped_families":[]}[39m
[32m[Nest] 4035  - [39m09/27/2026, 8:51:21 PM [32m    LOG[39m [38;5;3m[ScoutReconstructService] [39m[32mscout.reconstruct run pass completed {"intent_id":"879468c2-e3c0-47f3-b848-8ef6833da7c8","coach_id":"s10u-b","epoch":1,"stopped":null,"families":[{"token":"u10-routines","family":"workouts","staged":1,"reconstructed":1,"skipped":0,"failed":0,"stopped":null},{"token":"u10-sessions","family":"workouts","staged":1,"reconstructed":1,"skipped":0,"failed":0,"stopped":null}],"unmapped_families":[]}[39m
[32m[Nest] 4035  - [39m09/27/2026, 8:51:21 PM [32m    LOG[39m [38;5;3m[ScoutReconstructService] [39m[32mscout.reconstruct run pass completed {"intent_id":"dc5c5fe3-482f-4680-a791-2143afa0ebb1","coach_id":"s10u-c","epoch":1,"stopped":null,"families":[{"token":"u10-routines","family":"workouts","staged":1,"reconstructed":1,"skipped":0,"failed":0,"stopped":null},{"token":"u10-sessions","family":"workouts","staged":2,"reconstructed":2,"skipped":0,"failed":0,"stopped":null}],"unmapped_families":[]}[39m
[32m[Nest] 4035  - [39m09/27/2026, 8:51:21 PM [32m    LOG[39m [38;5;3m[ScoutReconstructService] [39m[32mscout.reconstruct run pass completed {"intent_id":"542c7049-e29c-43e1-83de-380aa6020140","coach_id":"s10u-d","epoch":1,"stopped":null,"families":[{"token":"u10-routines","family":"workouts","staged":1,"reconstructed":1,"skipped":0,"failed":0,"stopped":null},{"token":"u10-sessions","family":"workouts","staged":1,"reconstructed":1,"skipped":0,"failed":0,"stopped":null},{"token":"client_history","family":null,"staged":1,"reconstructed":0,"skipped":1,"failed":0,"stopped":null}],"unmapped_families":["client_history"]}[39m
[32m[Nest] 4035  - [39m09/27/2026, 8:51:22 PM [32m    LOG[39m [38;5;3m[ScoutReconstructService] [39m[32mscout.reconstruct run pass completed {"intent_id":"bbd74169-c4ab-4a16-860f-1704e7d53313","coach_id":"s10u-e","epoch":1,"stopped":null,"families":[{"token":"u10-routines","family":"workouts","staged":1,"reconstructed":1,"skipped":0,"failed":0,"stopped":null},{"token":"u10-sessions","family":"workouts","staged":1,"reconstructed":1,"skipped":0,"failed":0,"stopped":null}],"unmapped_families":[]}[39m
[32m[Nest] 4035  - [39m09/27/2026, 8:51:22 PM [32m    LOG[39m [38;5;3m[ScoutReconstructService] [39m[32mscout.reconstruct run pass completed {"intent_id":"bb11a549-7eef-44e2-a169-92c81a7294ea","coach_id":"s10u-f","epoch":1,"stopped":null,"families":[{"token":"u10-routines","family":"workouts","staged":1,"reconstructed":1,"skipped":0,"failed":0,"stopped":null},{"token":"u10-sessions","family":"workouts","staged":1,"reconstructed":1,"skipped":0,"failed":0,"stopped":null}],"unmapped_families":[]}[39m
[32m[Nest] 4035  - [39m09/27/2026, 8:51:22 PM [32m    LOG[39m [38;5;3m[ScoutReconstructService] [39m[32mscout.reconstruct run pass completed {"intent_id":"795726cf-cac9-465f-b78d-6ab43e34ebfa","coach_id":"s10u-g","epoch":1,"stopped":null,"families":[{"token":"u10-routines","family":"workouts","staged":1,"reconstructed":1,"skipped":0,"failed":0,"stopped":null},{"token":"u10-sessions","family":"workouts","staged":1,"reconstructed":1,"skipped":0,"failed":0,"stopped":null},{"token":"programs","family":null,"staged":1,"reconstructed":0,"skipped":1,"failed":0,"stopped":null}],"unmapped_families":["programs"]}[39m
[32m[Nest] 4035  - [39m09/27/2026, 8:51:22 PM [32m    LOG[39m [38;5;3m[ScoutReconstructService] [39m[32mscout.reconstruct run pass completed {"intent_id":"99c0912a-83e8-40fd-aed6-0be541d7931d","coach_id":"s10u-h","epoch":1,"stopped":null,"families":[{"token":"u10-members","family":"clients","staged":2,"reconstructed":2,"skipped":0,"failed":0,"stopped":null},{"token":"u10-routines","family":"workouts","staged":1,"reconstructed":1,"skipped":0,"failed":0,"stopped":null},{"token":"u10-sessions","family":"workouts","staged":1,"reconstructed":1,"skipped":0,"failed":0,"stopped":null}],"unmapped_families":[]}[39m
[32m[Nest] 4035  - [39m09/27/2026, 8:51:23 PM [32m    LOG[39m [38;5;3m[ScoutReconstructService] [39m[32mscout.reconstruct run pass completed {"intent_id":"cc285b04-4bea-496f-b122-ab5e45597de8","coach_id":"s10u-i","epoch":1,"stopped":null,"families":[{"token":"u10-members","family":"clients","staged":3,"reconstructed":2,"skipped":1,"failed":0,"stopped":null},{"token":"u10-routines","family":"workouts","staged":1,"reconstructed":1,"skipped":0,"failed":0,"stopped":null},{"token":"u10-sessions","family":"workouts","staged":1,"reconstructed":1,"skipped":0,"failed":0,"stopped":null}],"unmapped_families":[]}[39m
PASS test/scout/s10/s10-unseen.pg.spec.ts (15.764 s)
  s10_unseen — NEW SOURCE → CORE DIFF = 0, live on PG17 (R39, R41)
    ✓ R39 (a) all declared units verified → complete (one settled basis, source-signed) (4075 ms)
    ✓ R41 replaying the intent over the same source ids creates no second native row (585 ms)
    ✓ R39 (b) nativeRules 'absent' → partial / unresolved_identities (317 ms)
    ✓ R39 (c) a client-linked row → partial (no native client principal, D-S8-2) (319 ms)
    ✓ R39 (d) staged undeclared client_history → unresolved_family (236 ms)
    ✓ R39 (e) one declared family unproven → coverage_basis_unknown (225 ms)
    ✓ R39 (f) extension-signed statements only → coverage_basis_unknown (221 ms)
    ✓ R27 live: canonical-token programs row is covered but unmapped by the pass → partial (306 ms)
    ✓ (h) staged clients rows → complete: the S8-D1 typed person handoff lets S9 verify the roster Persons (InvitePending, no User; roster_bridge_pending still carried) (406 ms)
    ✓ (i) A1 rail: a second raw client id that trims to the same person is refused → partial / unresolved_identities, ONE Person, one verified row (373 ms)

Test Suites: 1 passed, 1 total
Tests:       10 passed, 10 total
Snapshots:   0 total
Time:        16.011 s
Ran all test suites within paths "test/scout/s10/s10-unseen.pg.spec.ts".
