2026-09-25T04:56:44Z ACQUIRED pid=10350 fd9 inode=691716 lslocks=1
2026-09-25T04:56:44Z PREFIX_VERIFY rc=0 ok_lines=56 readlink=../lib/node_modules/prettier/bin/prettier.cjs
2026-09-25T04:56:44Z NPX_PRETTIER_VERSION=3.9.9
2026-09-25T04:56:46Z PRETTIER_CHECK_1 rc=0
2026-09-25T04:56:47Z ESLINT rc=0
2026-09-25T04:56:48Z R75 rc=0
2026-09-25T04:56:59Z JEST_LIFECYCLE rc=0 Tests:       29 passed, 29 total
31:      ✓ an open row with a FUTURE deadline (Start committed after the gate) → run_not_started, no fence, no write (1 ms)
checkpoint correction-01-precommit: 4 entries, base 839b54c53ccb252f95b4ec63df0b08595bbe7698
2026-09-25T04:56:59Z STAGED_TREE=513c71d7c1390787e1521ccbfa46b30bb52b5462
✔️ eslint (3.32 seconds)
✔️ tsc (46.76 seconds)
[38;2;0;0;0m╭[38;2;5;5;5m─[38;2;11;11;11m─[38;2;16;16;16m─[38;2;19;19;19m─[38;2;23;23;23m─[38;2;26;26;26m─[38;2;29;29;29m─[38;2;32;32;32m─[38;2;35;35;35m─[38;2;39;39;39m─[38;2;42;42;42m─[38;2;45;45;45m─[38;2;49;49;49m─[38;2;52;52;52m─[38;2;56;56;56m─[38;2;56;56;56m─[38;2;52;52;52m─[38;2;49;49;49m─[38;2;45;45;45m─[38;2;42;42;42m─[38;2;39;39;39m─[38;2;35;35;35m─[38;2;32;32;32m─[38;2;29;29;29m─[38;2;26;26;26m─[38;2;23;23;23m─[38;2;19;19;19m─[38;2;16;16;16m─[38;2;11;11;11m─[38;2;5;5;5m─[38;2;0;0;0m─[38;2;0;0;0m─[38;2;6;6;6m─[38;2;12;12;12m─[38;2;17;17;17m─[38;2;20;20;20m─[38;2;24;24;24m─[38;2;27;27;27m─[38;2;31;31;31m─[38;2;34;34;34m─[38;2;38;38;38m─[38;2;41;41;41m╮[m
[38;2;0;0;0m│[m 🥊 lefthook  v2.1.9   hook:  [1mcommit-msg[m [38;2;52;52;52m│[m
[38;2;6;6;6m╰[38;2;12;12;12m─[38;2;17;17;17m─[38;2;20;20;20m─[38;2;24;24;24m─[38;2;27;27;27m─[38;2;31;31;31m─[38;2;34;34;34m─[38;2;38;38;38m─[38;2;41;41;41m─[38;2;45;45;45m─[38;2;48;48;48m─[38;2;52;52;52m─[38;2;56;56;56m─[38;2;56;56;56m─[38;2;52;52;52m─[38;2;48;48;48m─[38;2;45;45;45m─[38;2;41;41;41m─[38;2;38;38;38m─[38;2;34;34;34m─[38;2;31;31;31m─[38;2;27;27;27m─[38;2;24;24;24m─[38;2;20;20;20m─[38;2;17;17;17m─[38;2;12;12;12m─[38;2;6;6;6m─[38;2;0;0;0m─[38;2;0;0;0m─[38;2;6;6;6m─[38;2;12;12;12m─[38;2;17;17;17m─[38;2;20;20;20m─[38;2;24;24;24m─[38;2;27;27;27m─[38;2;31;31;31m─[38;2;34;34;34m─[38;2;38;38;38m─[38;2;41;41;41m─[38;2;45;45;45m─[38;2;48;48;48m─[38;2;52;52;52m╯[m
┃  no-ai-tokens ❯ 

[38;2;56;56;56m  ────────────────────────────────────[m
summary: (done in 0.01 seconds)
✔️ no-ai-tokens (0.01 seconds)
[exec64/s7l-replacement 54970cd9] scout: S7-L close Review B F1/F2 (fresh-run classification, L06 role entry)
 3 files changed, 30 insertions(+), 5 deletions(-)
2026-09-25T04:57:46Z GIT_COMMIT rc=0
2026-09-25T04:57:46Z HEAD=54970cd937afc8dea689b33243961abfef8b9dd6 TREE=513c71d7c1390787e1521ccbfa46b30bb52b5462 author=Bradley Gleave <bradley@bradleytgpcoaching.com> / Bradley Gleave <bradley@bradleytgpcoaching.com> parent=839b54c53ccb252f95b4ec63df0b08595bbe7698 grandparent=93389265a846095b846fa8f1fb0dad782fb6ee9f
The bundle contains this ref:
54970cd937afc8dea689b33243961abfef8b9dd6 HEAD
The bundle requires this ref:
93389265a846095b846fa8f1fb0dad782fb6ee9f 
The bundle uses this hash algorithm: sha1
/home/user/workspace/tgp-private-evidence/execution/64e33dc7/s7l/bundle/v2/s7l-v2-54970cd937af.bundle is okay
2026-09-25T04:57:47Z BUNDLE_THIN rc=0
/home/user/workspace/tgp-private-evidence/execution/64e33dc7/s7l/bundle/v2/s7l-v2-54970cd937af-full-history.bundle is okay
The bundle contains these 2 refs:
54970cd937afc8dea689b33243961abfef8b9dd6 HEAD
54970cd937afc8dea689b33243961abfef8b9dd6 refs/heads/exec64/s7l-replacement
The bundle records a complete history.
The bundle uses this hash algorithm: sha1
2026-09-25T04:57:53Z BUNDLE_FULL rc=0
2026-09-25T04:57:53Z DONE head=54970cd937afc8dea689b33243961abfef8b9dd6 tree=513c71d7c1390787e1521ccbfa46b30bb52b5462
2026-09-25T04:57:54Z RELEASING stage=done rc=0 (fd9 closes at exit; lock file preserved)
