START 2026-09-24T16:49:06Z pid=1004 head_expect=7d2895e1fe03ea82353e8ce0b07aacaf66af74c8 fixture_expect=6e71d7540aaf5703b7133e9081bd0146c831f9daa8178de5345983692c8b35f3 node=v20.20.1
PRECONDITIONS_OK 2026-09-24T16:49:10Z server='postgres (PostgreSQL) 17.6' psql='psql (PostgreSQL) 18.6 (Ubuntu 18.6-0ubuntu0.26.04.1)' jest=30.4.1 pg17_provenance='postgres_sha256=23cd174849b273064c47d581b55be596be2f5cf0ee5d3e76c0146e2464bf873a result=success '
PREFLIGHT s5_cluster=ABSENT (recorded as-is, not reconstructed)
PREFLIGHT c1_cluster=ABSENT
PREFLIGHT b_cluster=PRESENT_STOPPED conf=173acaa26e8c3b67df6a4b89c28838387e2e27bdf04a411af57f97c6e61b6a56 pg_control=9b99d606845d08ee527c836cb855322c9829977295f055e769d07f5fb7992158 (must be unchanged at end; never started)
PREFLIGHT_OK 2026-09-24T16:49:11Z rdir=absent port55471=free postgres_procs=0 worktree_porcelain_sha=e3b0c44298fc1c149afbf4c8996fb92427ae41e4649b934ca495991b7852b855
FIXTURE_INIT rc=0 2026-09-24T16:49:20Z
FIXTURE_START rc=0 2026-09-24T16:49:20Z
OLD_ROOT rc=0 2026-09-24T16:49:23Z head=925780e0a1906593e5383c618311b6b17364b8dc
BOOTSTRAP rc=0 2026-09-24T16:50:02Z
IDENTITY_OK 2026-09-24T16:50:03Z data_directory=/home/user/pg17/clusters/r-ready/pg-data server_version_num=170006 cluster_name=r-disposable-pg17
JEST_START 2026-09-24T16:50:03Z cmd='./node_modules/.bin/jest --config jest.rls.config.js test/rls-g2-r-ready.spec.ts --runInBand --ci'
JEST_END rc=0 2026-09-24T16:54:09Z
Test Suites: 1 passed, 1 total
Tests:       17 passed, 17 total
Snapshots:   0 total
Time:        241.159 s
FIXTURE_STOP rc=0 2026-09-24T16:54:09Z
STOP_STATE_OK postgres_procs=0 port55471=free datadir_retained=/home/user/pg17/clusters/r-ready/pg-data
POST s5_cluster=ABSENT unchanged
POST b_cluster unchanged conf=173acaa26e8c3b67df6a4b89c28838387e2e27bdf04a411af57f97c6e61b6a56 pg_control=9b99d606845d08ee527c836cb855322c9829977295f055e769d07f5fb7992158
POST_OK 2026-09-24T16:54:09Z receipts=/home/user/workspace/execution/cf8ff737/r-ready/runtime/run/RECEIPTS.sha256
END rc=0 stage=done 2026-09-24T16:54:09Z
