PRE 2026-09-25T21:18:16Z host=space-sandbox lock_file=present ports=0.0.0.0:22 [::]:22 
PRE relevant_processes=[none] lslocks=[]
START 2026-09-25T21:18:16Z pid=12568 user=user lock=/home/user/workspace/execution/test-validation.lock held nonblocking fd9 inode=667698 (recorded 667698) holder=[12568 WRITE /home/user/workspace/execution/test-validation.lock;]
node=/usr/local/bin/node real=/usr/local/bin/node version=v20.20.1 sha256=a03953a7b16bff002b94d6fb58ada900b68241cbcaee6efc400b20dadd36dddc
npm=/usr/local/bin/npm real=/usr/local/lib/node_modules/npm/bin/npm-cli.js version=10.8.2 npm_cli_js_sha256=8e5f6f3429f8cdbe693cdc29904e9d5a7b127a494bd15c804bd54c7403bfcbe7
git=git version 2.53.0 openssl=OpenSSL 3.5.5 27 Jan 2026 (Library: OpenSSL 3.5.5 27 Jan 2026) os=Ubuntu 26.04 LTS kernel=6.1.155 cpus=2 mem_gb=7
/dev/root        20G   11G  8.7G  56% /
platform_nm_before entries=209 sig=5b85f7d869c978d205a5ec526832a4a0ba71dfd662e522e074d61da2fe10aad4
bundle=/home/user/workspace/tgp-private-evidence/execution/64e33dc7/s8f/checkpoints/v1/s8f-e1ec2fec.bundle sha256=a69b4fc837506cf868135894d2b6f497455de8d787ae8f2e78ea9eab4364c467 expected=a69b4fc837506cf868135894d2b6f497455de8d787ae8f2e78ea9eab4364c467
shared_clone: head=1c10e2a19b35bbb4fb17fe7c5aab6fa613e74c47 promisor=true filter=blob:none missing_objects_for_base=2228 (blobs absent => base fetched read-only from origin)
clone_init: /home/user/workspace/worktrees/1910a060-s8f own_git_dir=/home/user/workspace/worktrees/1910a060-s8f/.git user=Bradley Gleave <bradley@bradleytgpcoaching.com> core.hooksPath=unset pushurl=no_push://disabled-by-RT-NEW-1
fetch_base_exit=0 utc=2026-09-25T21:18:25Z (raw/git-fetch-base.out)
fetch_bundle_exit=0
head=e1ec2fecb71f315b6721d426ba0dacb84f304498 tree=2fe0201ff132dfdc53ea82b3f26ed0fc8d1c65d6 branch=exec1910/s8f
head_identity: author=Bradley Gleave <bradley@bradleytgpcoaching.com> 2026-09-25T18:19:40Z committer=Bradley Gleave <bradley@bradleytgpcoaching.com> 2026-09-25T18:19:40Z subject=S8-F native readers report typed entity targets and the roster bridge qualifier
base..head_changed_paths=17 (expected 17)
blob_pins_ok (v1 PINS.txt: spec/bootstrap/db/harness/worker + accepted schema/jest.rls/shim/native)
package_lock_sha256=b7fed5ed611c004615022cf69375b83956e9a69604807123fbe0e7965aea9c55 expected=b7fed5ed611c004615022cf69375b83956e9a69604807123fbe0e7965aea9c55 package_json_sha256=afecdb3762df06075723dbe254a80bffe828b028bdb33576030d1ce0f936c5aa schema_sha256=0eb41f9a88ef3b77266e908a5ea814206c188d1bdb031bd96d746491fee84015 expected=0eb41f9a88ef3b77266e908a5ea814206c188d1bdb031bd96d746491fee84015 migrations=172
hooks_dir=/home/user/workspace/worktrees/1910a060-s8f/.git/hooks before=[applypatch-msg.sample commit-msg.sample fsmonitor-watchman.sample post-update.sample pre-applypatch.sample pre-commit.sample pre-merge-commit.sample pre-push.sample pre-rebase.sample pre-receive.sample prepare-commit-msg.sample push-to-checkout.sample sendemail-validate.sample update.sample ]
CLONE_OK 2026-09-25T21:18:28Z git_dir_du=66M
apt_update_exit=0
package=postgresql-client-18 candidate=18.6-0ubuntu0.26.04.1
apt_install_exit=0
dpkg=postgresql-client-18 18.6-0ubuntu0.26.04.1 install ok installed
rt-setup-1910a060.sh: line 144: REC_PSQL_SHA: unbound variable
