2026-09-22T20:59:18Z RESTORE_START baseline=c23b9d9f3fcc106b92c061ceb7d04d7ec53038d7 baseline_porcelain=0 worktree=/home/user/workspace/worktrees/s5-r4 (absent before)
2026-09-22T20:59:18Z CLONE rc=0
2026-09-22T20:59:19Z REMOTE origin fetch=no_fetch push=no_push
2026-09-22T20:59:19Z CLONE_HEAD c23b9d9f3fcc106b92c061ceb7d04d7ec53038d7 tree=842f17f78cb0f2ac2233a2bfd3728a9788b1cd06 porcelain=0 promisor_cfg=unset
2026-09-22T20:59:19Z BUNDLE_SHA256 e42aa021442a8a004bf796e2958461bf79d11c1666fe8fb08ef46dd80bd75b48 expected e42aa021442a8a004bf796e2958461bf79d11c1666fe8fb08ef46dd80bd75b48
The bundle contains this ref:
143d451ead6ccdbebd92ca3031ba7a89867d6cfc refs/heads/execute/20260921-s5-r3
The bundle requires this ref:
c23b9d9f3fcc106b92c061ceb7d04d7ec53038d7 
The bundle uses this hash algorithm: sha1
/home/user/workspace/tgp-private-evidence/2026-09-21/remediation/s5-r3/b3-pinned-resume/checkpoint-5-B3/s5-r3-candidate.bundle is okay
2026-09-22T20:59:19Z BUNDLE_FETCH rc=0
2026-09-22T20:59:19Z MISSING_OBJECTS_AT_143d 0
2026-09-22T20:59:34Z CHECKOUT rc=0
2026-09-22T20:59:34Z CLEAN_HEAD 143d451ead6ccdbebd92ca3031ba7a89867d6cfc tree=d0e122d35022377196908b7d132fc34c1af2fc6b expected_head=143d451ead6ccdbebd92ca3031ba7a89867d6cfc expected_tree=d0e122d35022377196908b7d132fc34c1af2fc6b
2026-09-22T20:59:34Z CLEAN_PORCELAIN_LINES 0
2026-09-22T20:59:34Z ANCESTRY c23b9d9f is ancestor rc=0
2026-09-22T20:59:35Z S5_COMMITS_ABOVE_BASE 32
143d451ead6ccdbebd92ca3031ba7a89867d6cfc Bradley Gleave <bradley@bradleytgpcoaching.com> | Bradley Gleave <bradley@bradleytgpcoaching.com>
b94c24889c8f5bf40a2749ad57c26173ab5ad64a Bradley Gleave <bradley@bradleytgpcoaching.com> | Bradley Gleave <bradley@bradleytgpcoaching.com>
cf3e72f90ad63d40c1831d8b86141f2d16b7ba05 Bradley Gleave <bradley@bradleytgpcoaching.com> | Bradley Gleave <bradley@bradleytgpcoaching.com>
9f38ab033b08ae30ce2fc62d0150520239d6a5c8 Bradley Gleave <bradley@bradleytgpcoaching.com> | Bradley Gleave <bradley@bradleytgpcoaching.com>
485c67973b56758fb9b8404579f5ddaec87136bd Bradley Gleave <bradley@bradleytgpcoaching.com> | Bradley Gleave <bradley@bradleytgpcoaching.com>
5270e103cd5d051405e74dbb0e32796ac07b4964 Bradley Gleave <bradley@bradleytgpcoaching.com> | Bradley Gleave <bradley@bradleytgpcoaching.com>
65b1da27d9dab4f51f5fad6d8a05be8b64e53dde Bradley Gleave <bradley@bradleytgpcoaching.com> | Bradley Gleave <bradley@bradleytgpcoaching.com>
d7404cd49578647cf72bb633819d8e86ffc3da3a Bradley Gleave <bradley@bradleytgpcoaching.com> | Bradley Gleave <bradley@bradleytgpcoaching.com>
fdbbaefb8fa05e842be797badeabba772a5590d9 Bradley Gleave <bradley@bradleytgpcoaching.com> | Bradley Gleave <bradley@bradleytgpcoaching.com>
8644715c429e7dde1dfeb71f7ad42b1bd9121eaf Bradley Gleave <bradley@bradleytgpcoaching.com> | Bradley Gleave <bradley@bradleytgpcoaching.com>
925780e0a1906593e5383c618311b6b17364b8dc Bradley Gleave <bradley@bradleytgpcoaching.com> | Bradley Gleave <bradley@bradleytgpcoaching.com>
dbc5e78811806b833017f5359969960801fd471b Bradley Gleave <bradley@bradleytgpcoaching.com> | Bradley Gleave <bradley@bradleytgpcoaching.com>
de2a1df6a772016a2c44e581d31499f51dc62756 Bradley Gleave <bradley@bradleytgpcoaching.com> | Bradley Gleave <bradley@bradleytgpcoaching.com>
0ef2de832759f46565fbc58976bc69c79d78f7f7 Bradley Gleave <bradley@bradleytgpcoaching.com> | Bradley Gleave <bradley@bradleytgpcoaching.com>
0b5bf617b9e1bf6162e6f1ba7897aa612c3e47fd Bradley Gleave <bradley@bradleytgpcoaching.com> | Bradley Gleave <bradley@bradleytgpcoaching.com>
8ae4ee464ccc444594cf004618b90f665173eaca Bradley Gleave <bradley@bradleytgpcoaching.com> | Bradley Gleave <bradley@bradleytgpcoaching.com>
d2919dcd5582ea87487612dbf0f6bad100231b5f Bradley Gleave <bradley@bradleytgpcoaching.com> | Bradley Gleave <bradley@bradleytgpcoaching.com>
3984d9ffacf43d39675fcab80422804fe941d9c9 Bradley Gleave <bradley@bradleytgpcoaching.com> | Bradley Gleave <bradley@bradleytgpcoaching.com>
1c33c4b0037542017d45ed3601f56364c2bb5a2f Bradley Gleave <bradley@bradleytgpcoaching.com> | Bradley Gleave <bradley@bradleytgpcoaching.com>
ac5ac8076c0b4a51f87511655043b38b89076edb Bradley Gleave <bradley@bradleytgpcoaching.com> | Bradley Gleave <bradley@bradleytgpcoaching.com>
2e97aed45852a2c566a83ce454554b264e5a0b75 Bradley Gleave <bradley@bradleytgpcoaching.com> | Bradley Gleave <bradley@bradleytgpcoaching.com>
d43d8acbf2ba23696772b95ed20ad891db297539 Bradley Gleave <bradley@bradleytgpcoaching.com> | Bradley Gleave <bradley@bradleytgpcoaching.com>
44f9999e1edb008f892c7f5356455a21dd329883 Bradley Gleave <bradley@bradleytgpcoaching.com> | Bradley Gleave <bradley@bradleytgpcoaching.com>
d32ee65a712df33d5a3790364077112359250e85 Bradley Gleave <bradley@bradleytgpcoaching.com> | Bradley Gleave <bradley@bradleytgpcoaching.com>
467429eb836a35f938406d56e22359044fbfa2c5 Bradley Gleave <bradley@bradleytgpcoaching.com> | Bradley Gleave <bradley@bradleytgpcoaching.com>
8d8105c208866ce43272d76684a0f13ed006dac6 Bradley Gleave <bradley@bradleytgpcoaching.com> | Bradley Gleave <bradley@bradleytgpcoaching.com>
d3f84beeaa8ec9513a483e1c38c43abc01efb330 Bradley Gleave <bradley@bradleytgpcoaching.com> | Bradley Gleave <bradley@bradleytgpcoaching.com>
21d3515e39c3175cc619d2be8cd624d87af39bc9 Bradley Gleave <bradley@bradleytgpcoaching.com> | Bradley Gleave <bradley@bradleytgpcoaching.com>
f4bee54c8b60371269f1ee7c22f174675474f487 Bradley Gleave <bradley@bradleytgpcoaching.com> | Bradley Gleave <bradley@bradleytgpcoaching.com>
a1de3a4efff942f079e761f5e695fb0f0e3e21dd Bradley Gleave <bradley@bradleytgpcoaching.com> | Bradley Gleave <bradley@bradleytgpcoaching.com>
89d2e3bc3319da6669f0787da7301d415e304d3c Bradley Gleave <bradley@bradleytgpcoaching.com> | Bradley Gleave <bradley@bradleytgpcoaching.com>
238f0f1f152ebbb1b4691f555e98c888473d8ee7 Bradley Gleave <bradley@bradleytgpcoaching.com> | Bradley Gleave <bradley@bradleytgpcoaching.com>
2026-09-22T20:59:35Z AI_TRAILERS 0
2026-09-22T20:59:35Z HOOKS_PRE_COMMIT absent NODE_MODULES absent GENERATED_CLIENT absent
2026-09-22T20:59:35Z PACKAGE_LOCK_BLOB 354de3dae19449970497da6e4d87f0a1225a8f43 expected 354de3dae19449970497da6e4d87f0a1225a8f43
2026-09-22T20:59:35Z CLEAN_FINGERPRINT 01ba4719c80b6fe911b091a7c05124b64eeece964e09c058ef8f9805daca546b
2026-09-22T21:00:03Z PATCH_SHA256 c36258b39d0c92f0b760f11982a61427c6e7cce963eecffe2554f447346c5491 expected c36258b39d0c92f0b760f11982a61427c6e7cce963eecffe2554f447346c5491
2026-09-22T21:00:03Z PATCH_CHECK rc=0
2026-09-22T21:00:03Z PATCH_APPLY rc=0
2026-09-22T21:00:03Z DIRTY_PORCELAIN [ M test/rls-g2-pg17-etq0.spec.ts| M test/utils/g2-pg17-bootstrap.sh|] expected [ M test/rls-g2-pg17-etq0.spec.ts| M test/utils/g2-pg17-bootstrap.sh|]
2026-09-22T21:00:03Z DIRTY_STAT 2 files changed, 50 insertions(+), 4 deletions(-)
2026-09-22T21:00:03Z DIRTY_FINGERPRINT 16cc5e727a5490ccb8c37a192a517338546e85598b7ae32d6357e1081a9cfa88 expected 6850b32ef19436abe5b02f96c770f4c36ca8bea070e0c759310f17234c616aa0
2026-09-22T21:00:03Z DIFF_CHECK clean rc=0
2026-09-22T21:00:03Z HEAD_AFTER 143d451ead6ccdbebd92ca3031ba7a89867d6cfc tree_index=d0e122d35022377196908b7d132fc34c1af2fc6b (index unchanged: patch applied to working tree only)
2026-09-22T21:00:03Z SPEC_WORKTREE_SHA256 01f3cfc09a700f1b3c76625774d08b37cdcc407453515e635cc0e7c2c7bac25d expected_wave6_candidate_copy 01f3cfc09a700f1b3c76625774d08b37cdcc407453515e635cc0e7c2c7bac25d
2026-09-22T21:00:03Z SPEC_HEAD_SHA256 54c85d8de38a2b1972d758a333a207984e9f6483f0ba962f65e40ecfd8ee48f1 expected_wave6_predecessor_copy 54c85d8de38a2b1972d758a333a207984e9f6483f0ba962f65e40ecfd8ee48f1
2026-09-22T21:00:03Z DB_TS_SHA256 d51eb32a66419f69cc4c8bb22d9e8c69d1059055d9aa6508ce22ae8855ed46bb expected_wave6_copy d51eb32a66419f69cc4c8bb22d9e8c69d1059055d9aa6508ce22ae8855ed46bb
2026-09-22T21:00:03Z BASELINE_AFTER c23b9d9f3fcc106b92c061ceb7d04d7ec53038d7 porcelain=0 (baseline untouched)
2026-09-22T21:00:03Z REPO_LOCAL_IDENTITY user.name=[unset] user.email=[unset] (not configured by this child; no commit authorized)
34M	/home/user/workspace/worktrees/s5-r4
2026-09-22T21:00:23Z FINGERPRINT_MISMATCH_INVESTIGATION (read-only)
2026-09-22T21:00:23Z PATCH_PLUS_PORCELAIN_SHA256 6850b32ef19436abe5b02f96c770f4c36ca8bea070e0c759310f17234c616aa0 (hypothesis: pinned 6850b32e = sha256(patch bytes + porcelain))
--- diff between preserved patch and live git diff HEAD:
2c2
< index 77bb94b6..ff5a38b8 100644
---
> index 77bb94b..ff5a38b 100644
43c43
< index c85eaca0..85a636ba 100755
---
> index c85eaca..85a636b 100755
2026-09-22T21:00:23Z CORE_ABBREV local=[unset] object_count_approx=12972
2026-09-22T21:00:24Z BASELINE_OBJECT_COUNT 12624
2026-09-22T21:00:53Z PREDICTED_FINGERPRINT_WITH_core.abbrev=8 (one-shot -c, NOT persisted) 6850b32ef19436abe5b02f96c770f4c36ca8bea070e0c759310f17234c616aa0
2026-09-22T21:00:53Z PERSISTED_CONFIG_UNCHANGED core.abbrev=[unset]
2026-09-22T21:00:53Z LIVE_FINGERPRINT_STILL 16cc5e727a5490ccb8c37a192a517338546e85598b7ae32d6357e1081a9cfa88
2026-09-22T21:01:33Z ENV_PREREQS taskset=/usr/bin/taskset npm=10.8.2 node=v20.20.1 flock=/usr/bin/flock setsid=/usr/bin/setsid ancestor_node_modules_entries=210 ancestor_package_json=absent npm_logs_dir=0files canonical_lock=absent execution_s5-r4=absent pg17=absent disk_free=9.6G
74736a5878fe4620adfb8dfe8f0a1c88e12b4f08a5313d3a52017e1deb8ebeaa  /home/user/workspace/execution/op88/s5-restore/setup-v1-frozen-copy/run-s5-setup-npm-ci.v1.sh
6f48c9b19282d3eb2e9cadadfd7de5ae056dbb831af4bba9ef664c245576cfe3  /home/user/workspace/execution/op88/s5-restore/setup-v1-frozen-copy/s6-91fe0f1b-to-s5-setup-v1.diff
2026-09-22T21:03:23Z RESTORE_END worktree_left_as_restored core.abbrev_unset no_config_written
