FAIL test/scout/orchestration/settle-hook.spec.ts (10.209 s)
  ● onTransferSettled — S8-G body › G01: runs the pass once with this run and epoch, then locks, arbitrates and settles

    expect(jest.fn()).toHaveBeenCalledWith(...expected)

    Expected: ObjectContaining {"$queryRaw": [Function mockConstructor]}, "coach-1", "3f2b9c1e-4d5a-4b6c-8d7e-9f0a1b2c3d4e"
    Received: {"$executeRaw": [Function mockConstructor], "$queryRaw": [Function mockConstructor], "scoutImportCompletion": {"findUnique": [Function mockConstructor]}, "scoutIngestEntity": {"groupBy": [Function mockConstructor]}, "scoutReconstructionLedger": {"groupBy": [Function mockConstructor]}, "scoutRunObservation": {"findMany": [Function mockConstructor]}, "scoutRunSettledBasis": {"create": [Function mockConstructor]}}, "coach-1", "3f2b9c1e-4d5a-4b6c-8d7e-9f0a1b2c3d4e", {"accepted_start_at": undefined, "execution_epoch": 1, "mode": "server"}

    Number of calls: 1

      166 |     // reconciler's verdict for an empty staged partition is the truthful terminal (D-S9-1).
      167 |     expect(d.factsCollect).toHaveBeenCalledTimes(1);
    > 168 |     expect(d.factsCollect).toHaveBeenCalledWith(
          |                            ^
      169 |       expect.objectContaining({ $queryRaw: d.queryRaw }),
      170 |       COACH,
      171 |       INTENT,

      at Object.<anonymous> (test/scout/orchestration/settle-hook.spec.ts:168:28)

PASS test/scout/lifecycle/lifecycle.service.spec.ts

Test Suites: 1 failed, 1 passed, 2 total
Tests:       1 failed, 83 passed, 84 total
Snapshots:   0 total
Time:        11.014 s
Ran all test suites matching test/scout/orchestration/settle-hook.spec.ts|test/scout/lifecycle/lifecycle.service.spec.ts.
