src/scout/reconstruct/families.ts 109ms
src/scout/reconstruct/mapping-spec.ts 107ms (unchanged)
src/scout/reconstruct/native/native-contract.ts 33ms
src/scout/reconstruct/native/native-families.ts 21ms
src/scout/reconstruct/native/native-provenance.ts 19ms
src/scout/reconstruct/native/native-rule-registry.ts 12ms
src/scout/reconstruct/native/native-rules.ts 152ms
src/scout/reconstruct/native/native-writers.ts 57ms
src/scout/reconstruct/native/persist-outcome.ts 6ms (unchanged)
src/scout/scout-reconstruct.dto.ts 16ms (unchanged)
src/scout/scout-reconstruct.service.ts 44ms (unchanged)
test/rls-g2-s8c.spec.ts 79ms
test/scout/g2-s8c-db-guard.spec.ts 22ms
test/scout/reconstruct/native/engine-handoff.spec.ts 57ms
test/scout/reconstruct/native/fake-native-tx.ts 24ms
test/scout/reconstruct/native/native-families.spec.ts 35ms
test/scout/reconstruct/native/native-rules.spec.ts 58ms
test/scout/reconstruct/native/native-writers.spec.ts 68ms
test/utils/g2-s8c-db.ts 12ms
test/utils/g2-s8c-harness.ts 25ms
test/utils/g2-s8c-pg-harness.ts 28ms (unchanged)
test/utils/g2-s8c-worker.cjs 37ms
