PASS rls-live test/rls-g2-s10b.spec.ts (134.372 s)
  ● Console

    console.warn
      PG17_PROCESS {"name":"g2s10b_1","options":{"action":"start","coach":"coach","intent":"83331776-492d-4ea7-945f-b1e4f5b1b04f"},"result":{"intent_id":"83331776-492d-4ea7-945f-b1e4f5b1b04f","mode":"server","phase":"discovering","execution_epoch":1,"accepted_start_at":"2026-09-27T18:20:49.474Z","deadline_at":"2026-09-27T18:25:49.474Z"},"queries":3,"pid":8412}

      168 |       }
      169 |       // Query shapes, outcomes, fixture identifiers and process IDs only; never parameters.
    > 170 |       console.warn(
          |               ^
      171 |         'PG17_PROCESS',
      172 |         JSON.stringify({
      173 |           name,

      at settleWorker (test/utils/g2-s10b-pg-harness.ts:170:15)
      at ChildProcess.<anonymous> (test/utils/g2-s10b-pg-harness.ts:189:7)

    console.warn
      PG17_PROCESS {"name":"g2s10b_2","options":{"registry":{"synthetic-src-a":["clients","programs","workouts"],"synthetic-src-b":["clients"]},"action":"declare","coach":"coach","intent":"83331776-492d-4ea7-945f-b1e4f5b1b04f"},"result":{"intent_id":"83331776-492d-4ea7-945f-b1e4f5b1b04f","challenge_b64":"zHDw/1+tAblObq/u35GX3ZiDRnF0HHATu0XGujmvfmU=","declared_at":"2026-09-27T18:20:51.310Z"},"queries":11,"pid":8442}

      168 |       }
      169 |       // Query shapes, outcomes, fixture identifiers and process IDs only; never parameters.
    > 170 |       console.warn(
          |               ^
      171 |         'PG17_PROCESS',
      172 |         JSON.stringify({
      173 |           name,

      at settleWorker (test/utils/g2-s10b-pg-harness.ts:170:15)
      at ChildProcess.<anonymous> (test/utils/g2-s10b-pg-harness.ts:189:7)

    console.warn
      PG17_PROCESS {"name":"g2s10b_3","options":{"registry":{"synthetic-src-a":["clients","programs","workouts"],"synthetic-src-b":["clients"]},"action":"declare","coach":"coach","intent":"83331776-492d-4ea7-945f-b1e4f5b1b04f"},"result":{"intent_id":"83331776-492d-4ea7-945f-b1e4f5b1b04f","challenge_b64":"zHDw/1+tAblObq/u35GX3ZiDRnF0HHATu0XGujmvfmU=","declared_at":"2026-09-27T18:20:51.310Z"},"queries":6,"pid":8473}

      168 |       }
      169 |       // Query shapes, outcomes, fixture identifiers and process IDs only; never parameters.
    > 170 |       console.warn(
          |               ^
      171 |         'PG17_PROCESS',
      172 |         JSON.stringify({
      173 |           name,

      at settleWorker (test/utils/g2-s10b-pg-harness.ts:170:15)
      at ChildProcess.<anonymous> (test/utils/g2-s10b-pg-harness.ts:189:7)

    console.warn
      PG17_PROCESS {"name":"g2s10b_4","options":{"action":"start","coach":"coach","intent":"1f302ad2-5e8a-41f4-9dab-bbc25e6fbec2"},"result":{"intent_id":"1f302ad2-5e8a-41f4-9dab-bbc25e6fbec2","mode":"server","phase":"discovering","execution_epoch":1,"accepted_start_at":"2026-09-27T18:20:55.213Z","deadline_at":"2026-09-27T18:25:55.213Z"},"queries":3,"pid":8510}

      168 |       }
      169 |       // Query shapes, outcomes, fixture identifiers and process IDs only; never parameters.
    > 170 |       console.warn(
          |               ^
      171 |         'PG17_PROCESS',
      172 |         JSON.stringify({
      173 |           name,

      at settleWorker (test/utils/g2-s10b-pg-harness.ts:170:15)
      at ChildProcess.<anonymous> (test/utils/g2-s10b-pg-harness.ts:189:7)

    console.warn
      PG17_PROCESS {"name":"g2s10b_5","options":{"registry":{"synthetic-src-a":["clients","programs","workouts"],"synthetic-src-b":["clients"]},"action":"declare","coach":"coach","intent":"1f302ad2-5e8a-41f4-9dab-bbc25e6fbec2"},"result":{"intent_id":"1f302ad2-5e8a-41f4-9dab-bbc25e6fbec2","challenge_b64":"ElctXkzU5abRihuLncPJ7g9aeOdM3fFl2Biyyxs/m4c=","declared_at":"2026-09-27T18:20:56.954Z"},"queries":11,"pid":8539}

      168 |       }
      169 |       // Query shapes, outcomes, fixture identifiers and process IDs only; never parameters.
    > 170 |       console.warn(
          |               ^
      171 |         'PG17_PROCESS',
      172 |         JSON.stringify({
      173 |           name,

      at settleWorker (test/utils/g2-s10b-pg-harness.ts:170:15)
      at ChildProcess.<anonymous> (test/utils/g2-s10b-pg-harness.ts:189:7)

    console.warn
      PG17_PROCESS {"name":"g2s10b_6","options":{"registry":{"synthetic-src-a":["clients","programs","workouts"],"synthetic-src-b":["clients"]},"action":"declare","coach":"coach","intent":"1f302ad2-5e8a-41f4-9dab-bbc25e6fbec2"},"failure":{"status":409,"message":"The run already holds a different declaration; it is immutable.","response":{"code":"declaration_conflict","message":"The run already holds a different declaration; it is immutable."},"injected":false},"queries":6,"pid":8570}

      168 |       }
      169 |       // Query shapes, outcomes, fixture identifiers and process IDs only; never parameters.
    > 170 |       console.warn(
          |               ^
      171 |         'PG17_PROCESS',
      172 |         JSON.stringify({
      173 |           name,

      at settleWorker (test/utils/g2-s10b-pg-harness.ts:170:15)
      at ChildProcess.<anonymous> (test/utils/g2-s10b-pg-harness.ts:189:7)

    console.warn
      PG17_PROCESS {"name":"g2s10b_7","options":{"registry":{"synthetic-src-a":["clients","programs","workouts"],"synthetic-src-b":["clients"]},"action":"declare","coach":"coach","intent":"1f302ad2-5e8a-41f4-9dab-bbc25e6fbec2"},"failure":{"status":409,"message":"The run already holds a different declaration; it is immutable.","response":{"code":"declaration_conflict","message":"The run already holds a different declaration; it is immutable."},"injected":false},"queries":6,"pid":8601}

      168 |       }
      169 |       // Query shapes, outcomes, fixture identifiers and process IDs only; never parameters.
    > 170 |       console.warn(
          |               ^
      171 |         'PG17_PROCESS',
      172 |         JSON.stringify({
      173 |           name,

      at settleWorker (test/utils/g2-s10b-pg-harness.ts:170:15)
      at ChildProcess.<anonymous> (test/utils/g2-s10b-pg-harness.ts:189:7)

    console.warn
      PG17_PROCESS {"name":"g2s10b_8","options":{"action":"start","coach":"coach","intent":"227ee30b-2e19-4165-811a-da9e6dcdc868"},"result":{"intent_id":"227ee30b-2e19-4165-811a-da9e6dcdc868","mode":"server","phase":"discovering","execution_epoch":1,"accepted_start_at":"2026-09-27T18:21:02.209Z","deadline_at":"2026-09-27T18:26:02.209Z"},"queries":3,"pid":8638}

      168 |       }
      169 |       // Query shapes, outcomes, fixture identifiers and process IDs only; never parameters.
    > 170 |       console.warn(
          |               ^
      171 |         'PG17_PROCESS',
      172 |         JSON.stringify({
      173 |           name,

      at settleWorker (test/utils/g2-s10b-pg-harness.ts:170:15)
      at ChildProcess.<anonymous> (test/utils/g2-s10b-pg-harness.ts:189:7)

    console.warn
      PG17_PROCESS {"name":"g2s10b_9","options":{"registry":{"synthetic-src-a":["clients","programs","workouts"],"synthetic-src-b":["clients"]},"action":"declare","coach":"coach","intent":"227ee30b-2e19-4165-811a-da9e6dcdc868"},"failure":{"status":400,"message":"platforms must be a non-empty list of unique canonical slugs, each with a non-empty unique list of 64-hex scope digests","response":{"message":"platforms must be a non-empty list of unique canonical slugs, each with a non-empty unique list of 64-hex scope digests","error":"Bad Request","statusCode":400},"injected":false},"queries":0,"pid":8667}

      168 |       }
      169 |       // Query shapes, outcomes, fixture identifiers and process IDs only; never parameters.
    > 170 |       console.warn(
          |               ^
      171 |         'PG17_PROCESS',
      172 |         JSON.stringify({
      173 |           name,

      at settleWorker (test/utils/g2-s10b-pg-harness.ts:170:15)
      at ChildProcess.<anonymous> (test/utils/g2-s10b-pg-harness.ts:189:7)

    console.warn
      PG17_PROCESS {"name":"g2s10b_10","options":{"registry":{"synthetic-src-a":["clients","programs","workouts"],"synthetic-src-b":["clients"]},"action":"declare","coach":"coach","intent":"227ee30b-2e19-4165-811a-da9e6dcdc868"},"failure":{"status":400,"message":"platforms must be a non-empty list of unique canonical slugs, each with a non-empty unique list of 64-hex scope digests","response":{"message":"platforms must be a non-empty list of unique canonical slugs, each with a non-empty unique list of 64-hex scope digests","error":"Bad Request","statusCode":400},"injected":false},"queries":0,"pid":8693}

      168 |       }
      169 |       // Query shapes, outcomes, fixture identifiers and process IDs only; never parameters.
    > 170 |       console.warn(
          |               ^
      171 |         'PG17_PROCESS',
      172 |         JSON.stringify({
      173 |           name,

      at settleWorker (test/utils/g2-s10b-pg-harness.ts:170:15)
      at ChildProcess.<anonymous> (test/utils/g2-s10b-pg-harness.ts:189:7)

    console.warn
      PG17_PROCESS {"name":"g2s10b_11","options":{"registry":{"synthetic-src-a":["clients","programs","workouts"],"synthetic-src-b":["clients"]},"action":"declare","coach":"coach","intent":"227ee30b-2e19-4165-811a-da9e6dcdc868"},"failure":{"status":400,"message":"platforms must be a non-empty list of unique canonical slugs, each with a non-empty unique list of 64-hex scope digests","response":{"message":"platforms must be a non-empty list of unique canonical slugs, each with a non-empty unique list of 64-hex scope digests","error":"Bad Request","statusCode":400},"injected":false},"queries":0,"pid":8719}

      168 |       }
      169 |       // Query shapes, outcomes, fixture identifiers and process IDs only; never parameters.
    > 170 |       console.warn(
          |               ^
      171 |         'PG17_PROCESS',
      172 |         JSON.stringify({
      173 |           name,

      at settleWorker (test/utils/g2-s10b-pg-harness.ts:170:15)
      at ChildProcess.<anonymous> (test/utils/g2-s10b-pg-harness.ts:189:7)

    console.warn
      PG17_PROCESS {"name":"g2s10b_12","options":{"registry":{"synthetic-src-a":["clients","programs","workouts"],"synthetic-src-b":["clients"]},"action":"declare","coach":"coach","intent":"227ee30b-2e19-4165-811a-da9e6dcdc868"},"failure":{"status":400,"message":"platforms must be a non-empty list of unique canonical slugs, each with a non-empty unique list of 64-hex scope digests","response":{"message":"platforms must be a non-empty list of unique canonical slugs, each with a non-empty unique list of 64-hex scope digests","error":"Bad Request","statusCode":400},"injected":false},"queries":0,"pid":8745}

      168 |       }
      169 |       // Query shapes, outcomes, fixture identifiers and process IDs only; never parameters.
    > 170 |       console.warn(
          |               ^
      171 |         'PG17_PROCESS',
      172 |         JSON.stringify({
      173 |           name,

      at settleWorker (test/utils/g2-s10b-pg-harness.ts:170:15)
      at ChildProcess.<anonymous> (test/utils/g2-s10b-pg-harness.ts:189:7)

    console.warn
      PG17_PROCESS {"name":"g2s10b_13","options":{"registry":{"synthetic-src-a":["clients","programs","workouts"],"synthetic-src-b":["clients"]},"action":"declare","coach":"coach","intent":"227ee30b-2e19-4165-811a-da9e6dcdc868"},"failure":{"status":409,"message":"The run has already staged rows or a claim; it can no longer be declared.","response":{"code":"declaration_after_ingest","message":"The run has already staged rows or a claim; it can no longer be declared."},"injected":false},"queries":8,"pid":8775}

      168 |       }
      169 |       // Query shapes, outcomes, fixture identifiers and process IDs only; never parameters.
    > 170 |       console.warn(
          |               ^
      171 |         'PG17_PROCESS',
      172 |         JSON.stringify({
      173 |           name,

      at settleWorker (test/utils/g2-s10b-pg-harness.ts:170:15)
      at ChildProcess.<anonymous> (test/utils/g2-s10b-pg-harness.ts:189:7)

    console.warn
      PG17_PROCESS {"name":"g2s10b_14","options":{"action":"start","coach":"coach","intent":"497a836a-e93c-4b92-a18f-ff6323815f13"},"result":{"intent_id":"497a836a-e93c-4b92-a18f-ff6323815f13","mode":"server","phase":"discovering","execution_epoch":1,"accepted_start_at":"2026-09-27T18:21:12.765Z","deadline_at":"2026-09-27T18:26:12.765Z"},"queries":3,"pid":8812}

      168 |       }
      169 |       // Query shapes, outcomes, fixture identifiers and process IDs only; never parameters.
    > 170 |       console.warn(
          |               ^
      171 |         'PG17_PROCESS',
      172 |         JSON.stringify({
      173 |           name,

      at settleWorker (test/utils/g2-s10b-pg-harness.ts:170:15)
      at ChildProcess.<anonymous> (test/utils/g2-s10b-pg-harness.ts:189:7)

    console.warn
      PG17_PROCESS {"name":"g2s10b_15","options":{"registry":{"synthetic-src-a":["clients","programs","workouts"],"synthetic-src-b":["clients"]},"action":"declare","coach":"coach","intent":"497a836a-e93c-4b92-a18f-ff6323815f13","failAfter":{"model":"scoutRunDeclaration","n":2}},"failure":{"status":500,"message":"Internal server error","injected":true},"queries":10,"pid":8843}

      168 |       }
      169 |       // Query shapes, outcomes, fixture identifiers and process IDs only; never parameters.
    > 170 |       console.warn(
          |               ^
      171 |         'PG17_PROCESS',
      172 |         JSON.stringify({
      173 |           name,

      at settleWorker (test/utils/g2-s10b-pg-harness.ts:170:15)
      at ChildProcess.<anonymous> (test/utils/g2-s10b-pg-harness.ts:189:7)

    console.warn
      PG17_PROCESS {"name":"g2s10b_16","options":{"action":"start","coach":"coach","intent":"efc51eab-fda9-4ec1-97b6-f831276d4f6f"},"result":{"intent_id":"efc51eab-fda9-4ec1-97b6-f831276d4f6f","mode":"server","phase":"discovering","execution_epoch":1,"accepted_start_at":"2026-09-27T18:21:16.338Z","deadline_at":"2026-09-27T18:26:16.338Z"},"queries":3,"pid":8880}

      168 |       }
      169 |       // Query shapes, outcomes, fixture identifiers and process IDs only; never parameters.
    > 170 |       console.warn(
          |               ^
      171 |         'PG17_PROCESS',
      172 |         JSON.stringify({
      173 |           name,

      at settleWorker (test/utils/g2-s10b-pg-harness.ts:170:15)
      at ChildProcess.<anonymous> (test/utils/g2-s10b-pg-harness.ts:189:7)

    console.warn
      PG17_PROCESS {"name":"g2s10b_17","options":{"action":"cancel","coach":"coach","intent":"efc51eab-fda9-4ec1-97b6-f831276d4f6f"},"result":{"intent_id":"efc51eab-fda9-4ec1-97b6-f831276d4f6f","status":"cancelled","execution_epoch":2},"queries":8,"pid":8909}

      168 |       }
      169 |       // Query shapes, outcomes, fixture identifiers and process IDs only; never parameters.
    > 170 |       console.warn(
          |               ^
      171 |         'PG17_PROCESS',
      172 |         JSON.stringify({
      173 |           name,

      at settleWorker (test/utils/g2-s10b-pg-harness.ts:170:15)
      at ChildProcess.<anonymous> (test/utils/g2-s10b-pg-harness.ts:189:7)

    console.warn
      PG17_PROCESS {"name":"g2s10b_18","options":{"registry":{"synthetic-src-a":["clients","programs","workouts"],"synthetic-src-b":["clients"]},"action":"declare","coach":"coach","intent":"efc51eab-fda9-4ec1-97b6-f831276d4f6f"},"failure":{"status":409,"message":"The run for this intent is fenced; no further writes are accepted.","response":{"code":"run_fenced","message":"The run for this intent is fenced; no further writes are accepted.","fence_reason":"cancelled"},"injected":false},"queries":5,"pid":8938}

      168 |       }
      169 |       // Query shapes, outcomes, fixture identifiers and process IDs only; never parameters.
    > 170 |       console.warn(
          |               ^
      171 |         'PG17_PROCESS',
      172 |         JSON.stringify({
      173 |           name,

      at settleWorker (test/utils/g2-s10b-pg-harness.ts:170:15)
      at ChildProcess.<anonymous> (test/utils/g2-s10b-pg-harness.ts:189:7)

    console.warn
      PG17_PROCESS {"name":"g2s10b_19","options":{"action":"start","coach":"other-coach","intent":"e00a2ba7-510b-4227-94cd-62f0d4727540"},"result":{"intent_id":"e00a2ba7-510b-4227-94cd-62f0d4727540","mode":"server","phase":"discovering","execution_epoch":1,"accepted_start_at":"2026-09-27T18:21:24.019Z","deadline_at":"2026-09-27T18:26:24.019Z"},"queries":3,"pid":8971}

      168 |       }
      169 |       // Query shapes, outcomes, fixture identifiers and process IDs only; never parameters.
    > 170 |       console.warn(
          |               ^
      171 |         'PG17_PROCESS',
      172 |         JSON.stringify({
      173 |           name,

      at settleWorker (test/utils/g2-s10b-pg-harness.ts:170:15)
      at ChildProcess.<anonymous> (test/utils/g2-s10b-pg-harness.ts:189:7)

    console.warn
      PG17_PROCESS {"name":"g2s10b_20","options":{"registry":{"synthetic-src-a":["clients","programs","workouts"],"synthetic-src-b":["clients"]},"action":"declare","coach":"other-coach","intent":"e00a2ba7-510b-4227-94cd-62f0d4727540"},"failure":{"status":409,"message":"The run for this intent is fenced; no further writes are accepted.","response":{"code":"run_fenced","message":"The run for this intent is fenced; no further writes are accepted.","fence_reason":"timed_out"},"injected":false},"queries":13,"pid":9003}

      168 |       }
      169 |       // Query shapes, outcomes, fixture identifiers and process IDs only; never parameters.
    > 170 |       console.warn(
          |               ^
      171 |         'PG17_PROCESS',
      172 |         JSON.stringify({
      173 |           name,

      at settleWorker (test/utils/g2-s10b-pg-harness.ts:170:15)
      at ChildProcess.<anonymous> (test/utils/g2-s10b-pg-harness.ts:189:7)

    console.warn
      PG17_PROCESS {"name":"g2s10b_21","options":{"registry":{"synthetic-src-a":["clients","programs","workouts"],"synthetic-src-b":["clients"]},"action":"declare","coach":"coach","intent":"intent_legacy_s10b"},"failure":{"status":409,"message":"This intent names a legacy run, which the server does not own.","response":{"code":"legacy_run","message":"This intent names a legacy run, which the server does not own."},"injected":false},"queries":6,"pid":9038}

      168 |       }
      169 |       // Query shapes, outcomes, fixture identifiers and process IDs only; never parameters.
    > 170 |       console.warn(
          |               ^
      171 |         'PG17_PROCESS',
      172 |         JSON.stringify({
      173 |           name,

      at settleWorker (test/utils/g2-s10b-pg-harness.ts:170:15)
      at ChildProcess.<anonymous> (test/utils/g2-s10b-pg-harness.ts:189:7)

    console.warn
      PG17_PROCESS {"name":"g2s10b_22","options":{"action":"start","coach":"coach","intent":"b8e3a3fd-3aea-43ab-98dc-a07c9239f8ce"},"result":{"intent_id":"b8e3a3fd-3aea-43ab-98dc-a07c9239f8ce","mode":"server","phase":"discovering","execution_epoch":1,"accepted_start_at":"2026-09-27T18:21:30.863Z","deadline_at":"2026-09-27T18:26:30.863Z"},"queries":3,"pid":9071}

      168 |       }
      169 |       // Query shapes, outcomes, fixture identifiers and process IDs only; never parameters.
    > 170 |       console.warn(
          |               ^
      171 |         'PG17_PROCESS',
      172 |         JSON.stringify({
      173 |           name,

      at settleWorker (test/utils/g2-s10b-pg-harness.ts:170:15)
      at ChildProcess.<anonymous> (test/utils/g2-s10b-pg-harness.ts:189:7)

    console.warn
      PG17_PROCESS {"name":"g2s10b_23","options":{"registry":{"synthetic-src-a":["clients","programs","workouts"],"synthetic-src-b":["clients"]},"action":"declare","coach":"other-coach","intent":"b8e3a3fd-3aea-43ab-98dc-a07c9239f8ce"},"failure":{"status":404,"message":"Not Found","response":{"message":"Not Found","statusCode":404},"injected":false},"queries":7,"pid":9100}

      168 |       }
      169 |       // Query shapes, outcomes, fixture identifiers and process IDs only; never parameters.
    > 170 |       console.warn(
          |               ^
      171 |         'PG17_PROCESS',
      172 |         JSON.stringify({
      173 |           name,

      at settleWorker (test/utils/g2-s10b-pg-harness.ts:170:15)
      at ChildProcess.<anonymous> (test/utils/g2-s10b-pg-harness.ts:189:7)

    console.warn
      PG17_PROCESS {"name":"g2s10b_24","options":{"action":"start","coach":"coach","intent":"62d3fa8e-38b0-4627-861f-9fa1bb574a62"},"result":{"intent_id":"62d3fa8e-38b0-4627-861f-9fa1bb574a62","mode":"server","phase":"discovering","execution_epoch":1,"accepted_start_at":"2026-09-27T18:21:34.425Z","deadline_at":"2026-09-27T18:26:34.425Z"},"queries":3,"pid":9137}

      168 |       }
      169 |       // Query shapes, outcomes, fixture identifiers and process IDs only; never parameters.
    > 170 |       console.warn(
          |               ^
      171 |         'PG17_PROCESS',
      172 |         JSON.stringify({
      173 |           name,

      at settleWorker (test/utils/g2-s10b-pg-harness.ts:170:15)
      at ChildProcess.<anonymous> (test/utils/g2-s10b-pg-harness.ts:189:7)

    console.warn
      PG17_PROCESS {"name":"g2s10b_25","options":{"registry":{"synthetic-src-a":["clients","programs","workouts"],"synthetic-src-b":["clients"]},"action":"observe","coach":"coach","intent":"62d3fa8e-38b0-4627-861f-9fa1bb574a62"},"failure":{"status":409,"message":"The run has no declaration; declare its platforms and scopes first.","response":{"code":"declaration_missing","message":"The run has no declaration; declare its platforms and scopes first."},"injected":false},"queries":7,"pid":9166}

      168 |       }
      169 |       // Query shapes, outcomes, fixture identifiers and process IDs only; never parameters.
    > 170 |       console.warn(
          |               ^
      171 |         'PG17_PROCESS',
      172 |         JSON.stringify({
      173 |           name,

      at settleWorker (test/utils/g2-s10b-pg-harness.ts:170:15)
      at ChildProcess.<anonymous> (test/utils/g2-s10b-pg-harness.ts:189:7)

    console.warn
      PG17_PROCESS {"name":"g2s10b_26","options":{"registry":{"synthetic-src-a":["clients","programs","workouts"],"synthetic-src-b":["clients"]},"action":"declare","coach":"coach","intent":"62d3fa8e-38b0-4627-861f-9fa1bb574a62"},"result":{"intent_id":"62d3fa8e-38b0-4627-861f-9fa1bb574a62","challenge_b64":"Qm2FyhUGut5XXS0kLyrEEcdCVL5zHMbVTuU3bqn6PQ0=","declared_at":"2026-09-27T18:21:37.847Z"},"queries":11,"pid":9195}

      168 |       }
      169 |       // Query shapes, outcomes, fixture identifiers and process IDs only; never parameters.
    > 170 |       console.warn(
          |               ^
      171 |         'PG17_PROCESS',
      172 |         JSON.stringify({
      173 |           name,

      at settleWorker (test/utils/g2-s10b-pg-harness.ts:170:15)
      at ChildProcess.<anonymous> (test/utils/g2-s10b-pg-harness.ts:189:7)

    console.warn
      PG17_PROCESS {"name":"g2s10b_27","options":{"registry":{"synthetic-src-a":["clients","programs","workouts"],"synthetic-src-b":["clients"]},"action":"observe","coach":"coach","intent":"62d3fa8e-38b0-4627-861f-9fa1bb574a62"},"result":{"intent_id":"62d3fa8e-38b0-4627-861f-9fa1bb574a62","execution_epoch":1,"stored":2,"replayed":0},"queries":10,"pid":9224}

      168 |       }
      169 |       // Query shapes, outcomes, fixture identifiers and process IDs only; never parameters.
    > 170 |       console.warn(
          |               ^
      171 |         'PG17_PROCESS',
      172 |         JSON.stringify({
      173 |           name,

      at settleWorker (test/utils/g2-s10b-pg-harness.ts:170:15)
      at ChildProcess.<anonymous> (test/utils/g2-s10b-pg-harness.ts:189:7)

    console.warn
      PG17_PROCESS {"name":"g2s10b_28","options":{"registry":{"synthetic-src-a":["clients","programs","workouts"],"synthetic-src-b":["clients"]},"action":"observe","coach":"coach","intent":"62d3fa8e-38b0-4627-861f-9fa1bb574a62"},"result":{"intent_id":"62d3fa8e-38b0-4627-861f-9fa1bb574a62","execution_epoch":1,"stored":0,"replayed":1},"queries":8,"pid":9261}

      168 |       }
      169 |       // Query shapes, outcomes, fixture identifiers and process IDs only; never parameters.
    > 170 |       console.warn(
          |               ^
      171 |         'PG17_PROCESS',
      172 |         JSON.stringify({
      173 |           name,

      at settleWorker (test/utils/g2-s10b-pg-harness.ts:170:15)
      at ChildProcess.<anonymous> (test/utils/g2-s10b-pg-harness.ts:189:7)

    console.warn
      PG17_PROCESS {"name":"g2s10b_29","options":{"registry":{"synthetic-src-a":["clients","programs","workouts"],"synthetic-src-b":["clients"]},"action":"observe","coach":"coach","intent":"62d3fa8e-38b0-4627-861f-9fa1bb574a62"},"failure":{"status":409,"message":"A different observation is already stored for this unit and epoch.","response":{"code":"observation_conflict","message":"A different observation is already stored for this unit and epoch."},"injected":false},"queries":8,"pid":9295}

      168 |       }
      169 |       // Query shapes, outcomes, fixture identifiers and process IDs only; never parameters.
    > 170 |       console.warn(
          |               ^
      171 |         'PG17_PROCESS',
      172 |         JSON.stringify({
      173 |           name,

      at settleWorker (test/utils/g2-s10b-pg-harness.ts:170:15)
      at ChildProcess.<anonymous> (test/utils/g2-s10b-pg-harness.ts:189:7)

    console.warn
      PG17_PROCESS {"name":"g2s10b_30","options":{"action":"start","coach":"coach","intent":"5b7edeee-5827-402f-83c1-712abc729ff9"},"result":{"intent_id":"5b7edeee-5827-402f-83c1-712abc729ff9","mode":"server","phase":"discovering","execution_epoch":1,"accepted_start_at":"2026-09-27T18:21:44.876Z","deadline_at":"2026-09-27T18:26:44.876Z"},"queries":3,"pid":9332}

      168 |       }
      169 |       // Query shapes, outcomes, fixture identifiers and process IDs only; never parameters.
    > 170 |       console.warn(
          |               ^
      171 |         'PG17_PROCESS',
      172 |         JSON.stringify({
      173 |           name,

      at settleWorker (test/utils/g2-s10b-pg-harness.ts:170:15)
      at ChildProcess.<anonymous> (test/utils/g2-s10b-pg-harness.ts:189:7)

    console.warn
      PG17_PROCESS {"name":"g2s10b_31","options":{"registry":{"synthetic-src-a":["clients","programs","workouts"],"synthetic-src-b":["clients"]},"action":"declare","coach":"coach","intent":"5b7edeee-5827-402f-83c1-712abc729ff9"},"result":{"intent_id":"5b7edeee-5827-402f-83c1-712abc729ff9","challenge_b64":"uiK3dza6kWegNahbgL09CqTS0H22oKbTSpBzzBNLUjI=","declared_at":"2026-09-27T18:21:46.554Z"},"queries":11,"pid":9361}

      168 |       }
      169 |       // Query shapes, outcomes, fixture identifiers and process IDs only; never parameters.
    > 170 |       console.warn(
          |               ^
      171 |         'PG17_PROCESS',
      172 |         JSON.stringify({
      173 |           name,

      at settleWorker (test/utils/g2-s10b-pg-harness.ts:170:15)
      at ChildProcess.<anonymous> (test/utils/g2-s10b-pg-harness.ts:189:7)

    console.warn
      PG17_PROCESS {"name":"g2s10b_32","options":{"registry":{"synthetic-src-a":["clients","programs","workouts"],"synthetic-src-b":["clients"]},"action":"observe","coach":"coach","intent":"5b7edeee-5827-402f-83c1-712abc729ff9"},"result":{"intent_id":"5b7edeee-5827-402f-83c1-712abc729ff9","execution_epoch":1,"stored":1,"replayed":0},"queries":9,"pid":9390}

      168 |       }
      169 |       // Query shapes, outcomes, fixture identifiers and process IDs only; never parameters.
    > 170 |       console.warn(
          |               ^
      171 |         'PG17_PROCESS',
      172 |         JSON.stringify({
      173 |           name,

      at settleWorker (test/utils/g2-s10b-pg-harness.ts:170:15)
      at ChildProcess.<anonymous> (test/utils/g2-s10b-pg-harness.ts:189:7)

    console.warn
      PG17_PROCESS {"name":"g2s10b_33","options":{"registry":{"synthetic-src-a":["clients","programs","workouts"],"synthetic-src-b":["clients"]},"action":"observe","coach":"coach","intent":"5b7edeee-5827-402f-83c1-712abc729ff9"},"result":{"intent_id":"5b7edeee-5827-402f-83c1-712abc729ff9","execution_epoch":2,"stored":1,"replayed":0},"queries":9,"pid":9421}

      168 |       }
      169 |       // Query shapes, outcomes, fixture identifiers and process IDs only; never parameters.
    > 170 |       console.warn(
          |               ^
      171 |         'PG17_PROCESS',
      172 |         JSON.stringify({
      173 |           name,

      at settleWorker (test/utils/g2-s10b-pg-harness.ts:170:15)
      at ChildProcess.<anonymous> (test/utils/g2-s10b-pg-harness.ts:189:7)

    console.warn
      PG17_PROCESS {"name":"g2s10b_34","options":{"action":"start","coach":"coach","intent":"39f56613-e54c-46f7-98cb-9cb02063d208"},"result":{"intent_id":"39f56613-e54c-46f7-98cb-9cb02063d208","mode":"server","phase":"discovering","execution_epoch":1,"accepted_start_at":"2026-09-27T18:21:51.883Z","deadline_at":"2026-09-27T18:26:51.883Z"},"queries":3,"pid":9458}

      168 |       }
      169 |       // Query shapes, outcomes, fixture identifiers and process IDs only; never parameters.
    > 170 |       console.warn(
          |               ^
      171 |         'PG17_PROCESS',
      172 |         JSON.stringify({
      173 |           name,

      at settleWorker (test/utils/g2-s10b-pg-harness.ts:170:15)
      at ChildProcess.<anonymous> (test/utils/g2-s10b-pg-harness.ts:189:7)

    console.warn
      PG17_PROCESS {"name":"g2s10b_35","options":{"registry":{"synthetic-src-a":["clients","programs","workouts"],"synthetic-src-b":["clients"]},"action":"declare","coach":"coach","intent":"39f56613-e54c-46f7-98cb-9cb02063d208"},"result":{"intent_id":"39f56613-e54c-46f7-98cb-9cb02063d208","challenge_b64":"BdoXSIWZOK6xqfyOzaoVPwza/ZxAWun3o42XoYB49p0=","declared_at":"2026-09-27T18:21:53.608Z"},"queries":12,"pid":9487}

      168 |       }
      169 |       // Query shapes, outcomes, fixture identifiers and process IDs only; never parameters.
    > 170 |       console.warn(
          |               ^
      171 |         'PG17_PROCESS',
      172 |         JSON.stringify({
      173 |           name,

      at settleWorker (test/utils/g2-s10b-pg-harness.ts:170:15)
      at ChildProcess.<anonymous> (test/utils/g2-s10b-pg-harness.ts:189:7)

    console.warn
      PG17_PROCESS {"name":"g2s10b_36","options":{"registry":{"synthetic-src-a":["clients","programs","workouts"],"synthetic-src-b":["clients"]},"action":"observe","coach":"coach","intent":"39f56613-e54c-46f7-98cb-9cb02063d208"},"failure":{"status":409,"message":"The observation names a platform, scope or family the run did not declare.","response":{"code":"observation_not_declared","message":"The observation names a platform, scope or family the run did not declare."},"injected":false},"queries":9,"pid":9516}

      168 |       }
      169 |       // Query shapes, outcomes, fixture identifiers and process IDs only; never parameters.
    > 170 |       console.warn(
          |               ^
      171 |         'PG17_PROCESS',
      172 |         JSON.stringify({
      173 |           name,

      at settleWorker (test/utils/g2-s10b-pg-harness.ts:170:15)
      at ChildProcess.<anonymous> (test/utils/g2-s10b-pg-harness.ts:189:7)

    console.warn
      PG17_PROCESS {"name":"g2s10b_37","options":{"registry":{"synthetic-src-a":["clients","programs","workouts"],"synthetic-src-b":["clients"]},"action":"observe","coach":"coach","intent":"39f56613-e54c-46f7-98cb-9cb02063d208"},"failure":{"status":409,"message":"The observation names a platform, scope or family the run did not declare.","response":{"code":"observation_not_declared","message":"The observation names a platform, scope or family the run did not declare."},"injected":false},"queries":9,"pid":9545}

      168 |       }
      169 |       // Query shapes, outcomes, fixture identifiers and process IDs only; never parameters.
    > 170 |       console.warn(
          |               ^
      171 |         'PG17_PROCESS',
      172 |         JSON.stringify({
      173 |           name,

      at settleWorker (test/utils/g2-s10b-pg-harness.ts:170:15)
      at ChildProcess.<anonymous> (test/utils/g2-s10b-pg-harness.ts:189:7)

    console.warn
      PG17_PROCESS {"name":"g2s10b_38","options":{"registry":{"synthetic-src-a":["clients","programs","workouts"],"synthetic-src-b":["clients"]},"action":"observe","coach":"coach","intent":"39f56613-e54c-46f7-98cb-9cb02063d208"},"failure":{"status":409,"message":"The observation names a platform, scope or family the run did not declare.","response":{"code":"observation_not_declared","message":"The observation names a platform, scope or family the run did not declare."},"injected":false},"queries":9,"pid":9574}

      168 |       }
      169 |       // Query shapes, outcomes, fixture identifiers and process IDs only; never parameters.
    > 170 |       console.warn(
          |               ^
      171 |         'PG17_PROCESS',
      172 |         JSON.stringify({
      173 |           name,

      at settleWorker (test/utils/g2-s10b-pg-harness.ts:170:15)
      at ChildProcess.<anonymous> (test/utils/g2-s10b-pg-harness.ts:189:7)

    console.warn
      PG17_PROCESS {"name":"g2s10b_39","options":{"action":"start","coach":"coach","intent":"fe3f0b0a-2398-4129-9cef-6aed802ac5c1"},"result":{"intent_id":"fe3f0b0a-2398-4129-9cef-6aed802ac5c1","mode":"server","phase":"discovering","execution_epoch":1,"accepted_start_at":"2026-09-27T18:22:01.106Z","deadline_at":"2026-09-27T18:27:01.106Z"},"queries":3,"pid":9611}

      168 |       }
      169 |       // Query shapes, outcomes, fixture identifiers and process IDs only; never parameters.
    > 170 |       console.warn(
          |               ^
      171 |         'PG17_PROCESS',
      172 |         JSON.stringify({
      173 |           name,

      at settleWorker (test/utils/g2-s10b-pg-harness.ts:170:15)
      at ChildProcess.<anonymous> (test/utils/g2-s10b-pg-harness.ts:189:7)

    console.warn
      PG17_PROCESS {"name":"g2s10b_40","options":{"registry":{"synthetic-src-a":["clients","programs","workouts"],"synthetic-src-b":["clients"]},"action":"declare","coach":"coach","intent":"fe3f0b0a-2398-4129-9cef-6aed802ac5c1"},"result":{"intent_id":"fe3f0b0a-2398-4129-9cef-6aed802ac5c1","challenge_b64":"TwvbCAp55hO+6yy39fANKwvL1Y4Gxck0wRtlUfLBdGM=","declared_at":"2026-09-27T18:22:02.903Z"},"queries":11,"pid":9641}

      168 |       }
      169 |       // Query shapes, outcomes, fixture identifiers and process IDs only; never parameters.
    > 170 |       console.warn(
          |               ^
      171 |         'PG17_PROCESS',
      172 |         JSON.stringify({
      173 |           name,

      at settleWorker (test/utils/g2-s10b-pg-harness.ts:170:15)
      at ChildProcess.<anonymous> (test/utils/g2-s10b-pg-harness.ts:189:7)

    console.warn
      PG17_PROCESS {"name":"g2s10b_41","options":{"registry":{"synthetic-src-a":["clients","programs","workouts"],"synthetic-src-b":["clients"]},"action":"observe","coach":"coach","intent":"fe3f0b0a-2398-4129-9cef-6aed802ac5c1","failAfter":{"model":"scoutRunObservation","n":1}},"failure":{"status":500,"message":"Internal server error","injected":true},"queries":9,"pid":9670}

      168 |       }
      169 |       // Query shapes, outcomes, fixture identifiers and process IDs only; never parameters.
    > 170 |       console.warn(
          |               ^
      171 |         'PG17_PROCESS',
      172 |         JSON.stringify({
      173 |           name,

      at settleWorker (test/utils/g2-s10b-pg-harness.ts:170:15)
      at ChildProcess.<anonymous> (test/utils/g2-s10b-pg-harness.ts:189:7)

    console.warn
      PG17_PROCESS {"name":"g2s10b_42","options":{"action":"start","coach":"coach","intent":"015cfc9c-5538-49c3-ad3d-f0eb5c918a86"},"result":{"intent_id":"015cfc9c-5538-49c3-ad3d-f0eb5c918a86","mode":"server","phase":"discovering","execution_epoch":1,"accepted_start_at":"2026-09-27T18:22:06.776Z","deadline_at":"2026-09-27T18:27:06.776Z"},"queries":3,"pid":9707}

      168 |       }
      169 |       // Query shapes, outcomes, fixture identifiers and process IDs only; never parameters.
    > 170 |       console.warn(
          |               ^
      171 |         'PG17_PROCESS',
      172 |         JSON.stringify({
      173 |           name,

      at settleWorker (test/utils/g2-s10b-pg-harness.ts:170:15)
      at ChildProcess.<anonymous> (test/utils/g2-s10b-pg-harness.ts:189:7)

    console.warn
      PG17_PROCESS {"name":"g2s10b_43","options":{"registry":{"synthetic-src-a":["clients","programs","workouts"],"synthetic-src-b":["clients"]},"action":"declare","coach":"coach","intent":"015cfc9c-5538-49c3-ad3d-f0eb5c918a86"},"result":{"intent_id":"015cfc9c-5538-49c3-ad3d-f0eb5c918a86","challenge_b64":"nRFAwiuA2zFYh5Xc2mBnyXn5uaO5xqPaQ8Ud6kgeoNg=","declared_at":"2026-09-27T18:22:08.581Z"},"queries":11,"pid":9736}

      168 |       }
      169 |       // Query shapes, outcomes, fixture identifiers and process IDs only; never parameters.
    > 170 |       console.warn(
          |               ^
      171 |         'PG17_PROCESS',
      172 |         JSON.stringify({
      173 |           name,

      at settleWorker (test/utils/g2-s10b-pg-harness.ts:170:15)
      at ChildProcess.<anonymous> (test/utils/g2-s10b-pg-harness.ts:189:7)

    console.warn
      PG17_PROCESS {"name":"g2s10b_44","options":{"registry":{"synthetic-src-a":["clients","programs","workouts"],"synthetic-src-b":["clients"]},"action":"observe","coach":"coach","intent":"015cfc9c-5538-49c3-ad3d-f0eb5c918a86","rawBytes":32769},"failure":{"status":400,"message":"observation body rejected: too_large","response":{"message":"observation body rejected: too_large","error":"Bad Request","statusCode":400},"injected":false},"queries":0,"pid":9773}

      168 |       }
      169 |       // Query shapes, outcomes, fixture identifiers and process IDs only; never parameters.
    > 170 |       console.warn(
          |               ^
      171 |         'PG17_PROCESS',
      172 |         JSON.stringify({
      173 |           name,

      at settleWorker (test/utils/g2-s10b-pg-harness.ts:170:15)
      at ChildProcess.<anonymous> (test/utils/g2-s10b-pg-harness.ts:189:7)

    console.warn
      PG17_PROCESS {"name":"g2s10b_45","options":{"registry":{"synthetic-src-a":["clients","programs","workouts"],"synthetic-src-b":["clients"]},"action":"observe","coach":"other-coach","intent":"015cfc9c-5538-49c3-ad3d-f0eb5c918a86"},"failure":{"status":404,"message":"Not Found","response":{"message":"Not Found","statusCode":404},"injected":false},"queries":7,"pid":9799}

      168 |       }
      169 |       // Query shapes, outcomes, fixture identifiers and process IDs only; never parameters.
    > 170 |       console.warn(
          |               ^
      171 |         'PG17_PROCESS',
      172 |         JSON.stringify({
      173 |           name,

      at settleWorker (test/utils/g2-s10b-pg-harness.ts:170:15)
      at ChildProcess.<anonymous> (test/utils/g2-s10b-pg-harness.ts:189:7)

    console.warn
      PG17_PROCESS {"name":"g2s10b_46","options":{"action":"complete","coach":"coach","intent":"015cfc9c-5538-49c3-ad3d-f0eb5c918a86"},"result":{"acknowledged":true,"intent_id":"015cfc9c-5538-49c3-ad3d-f0eb5c918a86"},"queries":27,"pid":9830}

      168 |       }
      169 |       // Query shapes, outcomes, fixture identifiers and process IDs only; never parameters.
    > 170 |       console.warn(
          |               ^
      171 |         'PG17_PROCESS',
      172 |         JSON.stringify({
      173 |           name,

      at settleWorker (test/utils/g2-s10b-pg-harness.ts:170:15)
      at ChildProcess.<anonymous> (test/utils/g2-s10b-pg-harness.ts:189:7)

    console.warn
      PG17_PROCESS {"name":"g2s10b_47","options":{"registry":{"synthetic-src-a":["clients","programs","workouts"],"synthetic-src-b":["clients"]},"action":"observe","coach":"coach","intent":"015cfc9c-5538-49c3-ad3d-f0eb5c918a86"},"failure":{"status":409,"message":"The run for this intent has already reached a terminal state.","response":{"code":"run_terminal","message":"The run for this intent has already reached a terminal state."},"injected":false},"queries":5,"pid":9874}

      168 |       }
      169 |       // Query shapes, outcomes, fixture identifiers and process IDs only; never parameters.
    > 170 |       console.warn(
          |               ^
      171 |         'PG17_PROCESS',
      172 |         JSON.stringify({
      173 |           name,

      at settleWorker (test/utils/g2-s10b-pg-harness.ts:170:15)
      at ChildProcess.<anonymous> (test/utils/g2-s10b-pg-harness.ts:189:7)

    console.warn
      PG17_PROCESS {"name":"g2s10b_48","options":{"action":"start","coach":"coach","intent":"52aec6c9-5e2b-4203-be72-b330fcaa201b"},"result":{"intent_id":"52aec6c9-5e2b-4203-be72-b330fcaa201b","mode":"server","phase":"discovering","execution_epoch":1,"accepted_start_at":"2026-09-27T18:22:18.412Z","deadline_at":"2026-09-27T18:27:18.412Z"},"queries":3,"pid":10067}

      168 |       }
      169 |       // Query shapes, outcomes, fixture identifiers and process IDs only; never parameters.
    > 170 |       console.warn(
          |               ^
      171 |         'PG17_PROCESS',
      172 |         JSON.stringify({
      173 |           name,

      at settleWorker (test/utils/g2-s10b-pg-harness.ts:170:15)
      at ChildProcess.<anonymous> (test/utils/g2-s10b-pg-harness.ts:189:7)

    console.warn
      PG17_BLOCKED {"name":"g2s10b_49","rows":[{"type":"Lock","wait":"transactionid"}]}

      200 |       FROM pg_stat_activity WHERE application_name=${quote(name)} AND wait_event_type='Lock'`);
      201 |     if (rows.length > 0) {
    > 202 |       console.warn('PG17_BLOCKED', JSON.stringify({ name, rows }));
          |               ^
      203 |       return;
      204 |     }
      205 |     await new Promise((r) => setTimeout(r, 25));

      at blocked (test/utils/g2-s10b-pg-harness.ts:202:15)
      at Object.<anonymous> (test/rls-g2-s10b.spec.ts:573:5)

    console.warn
      PG17_PROCESS {"name":"g2s10b_49","options":{"registry":{"synthetic-src-a":["clients","programs","workouts"],"synthetic-src-b":["clients"]},"action":"declare","coach":"coach","intent":"52aec6c9-5e2b-4203-be72-b330fcaa201b"},"failure":{"status":409,"message":"The run has already staged rows or a claim; it can no longer be declared.","response":{"code":"declaration_after_ingest","message":"The run has already staged rows or a claim; it can no longer be declared."},"injected":false},"queries":8,"pid":10098}

      168 |       }
      169 |       // Query shapes, outcomes, fixture identifiers and process IDs only; never parameters.
    > 170 |       console.warn(
          |               ^
      171 |         'PG17_PROCESS',
      172 |         JSON.stringify({
      173 |           name,

      at settleWorker (test/utils/g2-s10b-pg-harness.ts:170:15)
      at ChildProcess.<anonymous> (test/utils/g2-s10b-pg-harness.ts:189:7)

    console.warn
      PG17_PROCESS {"name":"g2s10b_50","options":{"action":"start","coach":"coach","intent":"b565cabc-5c6e-45ae-8878-b5f9b52ed1a8"},"result":{"intent_id":"b565cabc-5c6e-45ae-8878-b5f9b52ed1a8","mode":"server","phase":"discovering","execution_epoch":1,"accepted_start_at":"2026-09-27T18:22:22.319Z","deadline_at":"2026-09-27T18:27:22.319Z"},"queries":3,"pid":10215}

      168 |       }
      169 |       // Query shapes, outcomes, fixture identifiers and process IDs only; never parameters.
    > 170 |       console.warn(
          |               ^
      171 |         'PG17_PROCESS',
      172 |         JSON.stringify({
      173 |           name,

      at settleWorker (test/utils/g2-s10b-pg-harness.ts:170:15)
      at ChildProcess.<anonymous> (test/utils/g2-s10b-pg-harness.ts:189:7)

    console.warn
      PG17_BLOCKED {"name":"g2s10b_52","rows":[{"type":"Lock","wait":"transactionid"}]}

      200 |       FROM pg_stat_activity WHERE application_name=${quote(name)} AND wait_event_type='Lock'`);
      201 |     if (rows.length > 0) {
    > 202 |       console.warn('PG17_BLOCKED', JSON.stringify({ name, rows }));
          |               ^
      203 |       return;
      204 |     }
      205 |     await new Promise((r) => setTimeout(r, 25));

      at blocked (test/utils/g2-s10b-pg-harness.ts:202:15)
      at Object.<anonymous> (test/rls-g2-s10b.spec.ts:594:5)

    console.warn
      PG17_PROCESS {"name":"g2s10b_51","options":{"registry":{"synthetic-src-a":["clients","programs","workouts"],"synthetic-src-b":["clients"]},"action":"declare","coach":"coach","intent":"b565cabc-5c6e-45ae-8878-b5f9b52ed1a8","pause":"locked","txTimeout":60000},"result":{"intent_id":"b565cabc-5c6e-45ae-8878-b5f9b52ed1a8","challenge_b64":"8QKGUQ1T5V3ZpaRqVLK4OdUijP7HufgVCSXCxtFUKqg=","declared_at":"2026-09-27T18:22:26.215Z"},"queries":11,"pid":10256}

      168 |       }
      169 |       // Query shapes, outcomes, fixture identifiers and process IDs only; never parameters.
    > 170 |       console.warn(
          |               ^
      171 |         'PG17_PROCESS',
      172 |         JSON.stringify({
      173 |           name,

      at settleWorker (test/utils/g2-s10b-pg-harness.ts:170:15)
      at ChildProcess.<anonymous> (test/utils/g2-s10b-pg-harness.ts:189:7)

    console.warn
      PG17_PROCESS {"name":"g2s10b_52","options":{"action":"ingest","coach":"coach","intent":"b565cabc-5c6e-45ae-8878-b5f9b52ed1a8"},"result":{"received":1,"deduped":0},"queries":8,"pid":10288}

      168 |       }
      169 |       // Query shapes, outcomes, fixture identifiers and process IDs only; never parameters.
    > 170 |       console.warn(
          |               ^
      171 |         'PG17_PROCESS',
      172 |         JSON.stringify({
      173 |           name,

      at settleWorker (test/utils/g2-s10b-pg-harness.ts:170:15)
      at ChildProcess.<anonymous> (test/utils/g2-s10b-pg-harness.ts:189:7)

    console.warn
      PG17_PROCESS {"name":"g2s10b_53","options":{"action":"start","coach":"coach","intent":"247a0580-8ceb-48db-ace9-63e84cb5000a"},"result":{"intent_id":"247a0580-8ceb-48db-ace9-63e84cb5000a","mode":"server","phase":"discovering","execution_epoch":1,"accepted_start_at":"2026-09-27T18:22:28.072Z","deadline_at":"2026-09-27T18:27:28.072Z"},"queries":3,"pid":10410}

      168 |       }
      169 |       // Query shapes, outcomes, fixture identifiers and process IDs only; never parameters.
    > 170 |       console.warn(
          |               ^
      171 |         'PG17_PROCESS',
      172 |         JSON.stringify({
      173 |           name,

      at settleWorker (test/utils/g2-s10b-pg-harness.ts:170:15)
      at ChildProcess.<anonymous> (test/utils/g2-s10b-pg-harness.ts:189:7)

    console.warn
      PG17_PROCESS {"name":"g2s10b_54","options":{"registry":{"synthetic-src-a":["clients","programs","workouts"],"synthetic-src-b":["clients"]},"action":"declare","coach":"coach","intent":"247a0580-8ceb-48db-ace9-63e84cb5000a"},"result":{"intent_id":"247a0580-8ceb-48db-ace9-63e84cb5000a","challenge_b64":"ESy9ehFh/nvKteTRXNp4VnDubhQTemYlnxwgrqzOlmg=","declared_at":"2026-09-27T18:22:29.827Z"},"queries":11,"pid":10439}

      168 |       }
      169 |       // Query shapes, outcomes, fixture identifiers and process IDs only; never parameters.
    > 170 |       console.warn(
          |               ^
      171 |         'PG17_PROCESS',
      172 |         JSON.stringify({
      173 |           name,

      at settleWorker (test/utils/g2-s10b-pg-harness.ts:170:15)
      at ChildProcess.<anonymous> (test/utils/g2-s10b-pg-harness.ts:189:7)

    console.warn
      PG17_BLOCKED {"name":"g2s10b_56","rows":[{"type":"Lock","wait":"transactionid"}]}

      200 |       FROM pg_stat_activity WHERE application_name=${quote(name)} AND wait_event_type='Lock'`);
      201 |     if (rows.length > 0) {
    > 202 |       console.warn('PG17_BLOCKED', JSON.stringify({ name, rows }));
          |               ^
      203 |       return;
      204 |     }
      205 |     await new Promise((r) => setTimeout(r, 25));

      at blocked (test/utils/g2-s10b-pg-harness.ts:202:15)
      at Object.<anonymous> (test/rls-g2-s10b.spec.ts:623:5)

    console.warn
      PG17_PROCESS {"name":"g2s10b_56","options":{"registry":{"synthetic-src-a":["clients","programs","workouts"],"synthetic-src-b":["clients"]},"action":"observe","coach":"coach","intent":"247a0580-8ceb-48db-ace9-63e84cb5000a"},"failure":{"status":409,"message":"The run has already been claimed; no further observations are accepted.","response":{"code":"observation_after_claim","message":"The run has already been claimed; no further observations are accepted."},"injected":false},"queries":6,"pid":10499}

      168 |       }
      169 |       // Query shapes, outcomes, fixture identifiers and process IDs only; never parameters.
    > 170 |       console.warn(
          |               ^
      171 |         'PG17_PROCESS',
      172 |         JSON.stringify({
      173 |           name,

      at settleWorker (test/utils/g2-s10b-pg-harness.ts:170:15)
      at ChildProcess.<anonymous> (test/utils/g2-s10b-pg-harness.ts:189:7)

    console.warn
      PG17_PROCESS {"name":"g2s10b_55","options":{"action":"complete","coach":"coach","intent":"247a0580-8ceb-48db-ace9-63e84cb5000a","pause":"gated","txTimeout":60000},"result":{"acknowledged":true,"intent_id":"247a0580-8ceb-48db-ace9-63e84cb5000a"},"queries":27,"pid":10468}

      168 |       }
      169 |       // Query shapes, outcomes, fixture identifiers and process IDs only; never parameters.
    > 170 |       console.warn(
          |               ^
      171 |         'PG17_PROCESS',
      172 |         JSON.stringify({
      173 |           name,

      at settleWorker (test/utils/g2-s10b-pg-harness.ts:170:15)
      at ChildProcess.<anonymous> (test/utils/g2-s10b-pg-harness.ts:189:7)

    console.warn
      PG17_PROCESS {"name":"g2s10b_57","options":{"action":"start","coach":"coach","intent":"735a52a7-9d00-47d2-9c70-89f95d764dd7"},"result":{"intent_id":"735a52a7-9d00-47d2-9c70-89f95d764dd7","mode":"server","phase":"discovering","execution_epoch":1,"accepted_start_at":"2026-09-27T18:22:35.802Z","deadline_at":"2026-09-27T18:27:35.802Z"},"queries":3,"pid":10708}

      168 |       }
      169 |       // Query shapes, outcomes, fixture identifiers and process IDs only; never parameters.
    > 170 |       console.warn(
          |               ^
      171 |         'PG17_PROCESS',
      172 |         JSON.stringify({
      173 |           name,

      at settleWorker (test/utils/g2-s10b-pg-harness.ts:170:15)
      at ChildProcess.<anonymous> (test/utils/g2-s10b-pg-harness.ts:189:7)

    console.warn
      PG17_PROCESS {"name":"g2s10b_58","options":{"registry":{"synthetic-src-a":["clients","programs","workouts"],"synthetic-src-b":["clients"]},"action":"declare","coach":"coach","intent":"735a52a7-9d00-47d2-9c70-89f95d764dd7"},"result":{"intent_id":"735a52a7-9d00-47d2-9c70-89f95d764dd7","challenge_b64":"KsB3Ep5UHqBYXkG+HsTJES1PM9hAexbIwE7w/ncwpIM=","declared_at":"2026-09-27T18:22:37.519Z"},"queries":11,"pid":10738}

      168 |       }
      169 |       // Query shapes, outcomes, fixture identifiers and process IDs only; never parameters.
    > 170 |       console.warn(
          |               ^
      171 |         'PG17_PROCESS',
      172 |         JSON.stringify({
      173 |           name,

      at settleWorker (test/utils/g2-s10b-pg-harness.ts:170:15)
      at ChildProcess.<anonymous> (test/utils/g2-s10b-pg-harness.ts:189:7)

    console.warn
      PG17_BLOCKED {"name":"g2s10b_60","rows":[{"type":"Lock","wait":"transactionid"}]}

      200 |       FROM pg_stat_activity WHERE application_name=${quote(name)} AND wait_event_type='Lock'`);
      201 |     if (rows.length > 0) {
    > 202 |       console.warn('PG17_BLOCKED', JSON.stringify({ name, rows }));
          |               ^
      203 |       return;
      204 |     }
      205 |     await new Promise((r) => setTimeout(r, 25));

      at blocked (test/utils/g2-s10b-pg-harness.ts:202:15)
      at Object.<anonymous> (test/rls-g2-s10b.spec.ts:647:5)

    console.warn
      PG17_PROCESS {"name":"g2s10b_59","options":{"registry":{"synthetic-src-a":["clients","programs","workouts"],"synthetic-src-b":["clients"]},"action":"observe","coach":"coach","intent":"735a52a7-9d00-47d2-9c70-89f95d764dd7","pause":"locked","txTimeout":60000},"result":{"intent_id":"735a52a7-9d00-47d2-9c70-89f95d764dd7","execution_epoch":1,"stored":1,"replayed":0},"queries":9,"pid":10775}

      168 |       }
      169 |       // Query shapes, outcomes, fixture identifiers and process IDs only; never parameters.
    > 170 |       console.warn(
          |               ^
      171 |         'PG17_PROCESS',
      172 |         JSON.stringify({
      173 |           name,

      at settleWorker (test/utils/g2-s10b-pg-harness.ts:170:15)
      at ChildProcess.<anonymous> (test/utils/g2-s10b-pg-harness.ts:189:7)

    console.warn
      PG17_PROCESS {"name":"g2s10b_60","options":{"action":"complete","coach":"coach","intent":"735a52a7-9d00-47d2-9c70-89f95d764dd7"},"result":{"acknowledged":true,"intent_id":"735a52a7-9d00-47d2-9c70-89f95d764dd7"},"queries":27,"pid":10804}

      168 |       }
      169 |       // Query shapes, outcomes, fixture identifiers and process IDs only; never parameters.
    > 170 |       console.warn(
          |               ^
      171 |         'PG17_PROCESS',
      172 |         JSON.stringify({
      173 |           name,

      at settleWorker (test/utils/g2-s10b-pg-harness.ts:170:15)
      at ChildProcess.<anonymous> (test/utils/g2-s10b-pg-harness.ts:189:7)

PASS rls-live test/rls-g2-s10c.spec.ts (71.35 s)
  ● Console

    console.warn
      PG17_PROCESS {"name":"g2s10b_1","options":{"action":"start","coach":"coach","intent":"9e6337eb-1f5e-4705-b8f1-cb7fad21cc74"},"result":{"intent_id":"9e6337eb-1f5e-4705-b8f1-cb7fad21cc74","mode":"server","phase":"discovering","execution_epoch":1,"accepted_start_at":"2026-09-27T18:22:44.329Z","deadline_at":"2026-09-27T18:27:44.329Z"},"queries":3,"pid":10985}

      168 |       }
      169 |       // Query shapes, outcomes, fixture identifiers and process IDs only; never parameters.
    > 170 |       console.warn(
          |               ^
      171 |         'PG17_PROCESS',
      172 |         JSON.stringify({
      173 |           name,

      at settleWorker (test/utils/g2-s10b-pg-harness.ts:170:15)
      at ChildProcess.<anonymous> (test/utils/g2-s10b-pg-harness.ts:189:7)

    console.warn
      PG17_PROCESS {"name":"g2s10b_2","options":{"registry":{"synthetic-src-a":["clients","programs","workouts"],"synthetic-src-b":["clients"]},"action":"declare","coach":"coach","intent":"9e6337eb-1f5e-4705-b8f1-cb7fad21cc74"},"result":{"intent_id":"9e6337eb-1f5e-4705-b8f1-cb7fad21cc74","challenge_b64":"/rSikUvKAMXykIJRTK/GXZO+ZIrqCkZpAELI1g+8+/E=","declared_at":"2026-09-27T18:22:46.045Z"},"queries":11,"pid":11014}

      168 |       }
      169 |       // Query shapes, outcomes, fixture identifiers and process IDs only; never parameters.
    > 170 |       console.warn(
          |               ^
      171 |         'PG17_PROCESS',
      172 |         JSON.stringify({
      173 |           name,

      at settleWorker (test/utils/g2-s10b-pg-harness.ts:170:15)
      at ChildProcess.<anonymous> (test/utils/g2-s10b-pg-harness.ts:189:7)

    console.warn
      PG17_PROCESS {"name":"g2s10b_3","options":{"registry":{"synthetic-src-a":["clients","programs","workouts"],"synthetic-src-b":["clients"]},"action":"observe","coach":"coach","intent":"9e6337eb-1f5e-4705-b8f1-cb7fad21cc74"},"result":{"intent_id":"9e6337eb-1f5e-4705-b8f1-cb7fad21cc74","execution_epoch":1,"stored":1,"replayed":0},"queries":9,"pid":11047}

      168 |       }
      169 |       // Query shapes, outcomes, fixture identifiers and process IDs only; never parameters.
    > 170 |       console.warn(
          |               ^
      171 |         'PG17_PROCESS',
      172 |         JSON.stringify({
      173 |           name,

      at settleWorker (test/utils/g2-s10b-pg-harness.ts:170:15)
      at ChildProcess.<anonymous> (test/utils/g2-s10b-pg-harness.ts:189:7)

    console.warn
      PG17_PROCESS {"name":"g2s10b_4","options":{"action":"complete","coach":"coach","intent":"9e6337eb-1f5e-4705-b8f1-cb7fad21cc74"},"result":{"acknowledged":true,"intent_id":"9e6337eb-1f5e-4705-b8f1-cb7fad21cc74"},"queries":47,"pid":11080}

      168 |       }
      169 |       // Query shapes, outcomes, fixture identifiers and process IDs only; never parameters.
    > 170 |       console.warn(
          |               ^
      171 |         'PG17_PROCESS',
      172 |         JSON.stringify({
      173 |           name,

      at settleWorker (test/utils/g2-s10b-pg-harness.ts:170:15)
      at ChildProcess.<anonymous> (test/utils/g2-s10b-pg-harness.ts:189:7)

    console.warn
      PG17_PROCESS {"name":"g2s10b_5","options":{"action":"start","coach":"coach","intent":"79002d76-3079-4ae4-999a-d101c8b8e967"},"result":{"intent_id":"79002d76-3079-4ae4-999a-d101c8b8e967","mode":"server","phase":"discovering","execution_epoch":1,"accepted_start_at":"2026-09-27T18:22:51.415Z","deadline_at":"2026-09-27T18:27:51.415Z"},"queries":3,"pid":11124}

      168 |       }
      169 |       // Query shapes, outcomes, fixture identifiers and process IDs only; never parameters.
    > 170 |       console.warn(
          |               ^
      171 |         'PG17_PROCESS',
      172 |         JSON.stringify({
      173 |           name,

      at settleWorker (test/utils/g2-s10b-pg-harness.ts:170:15)
      at ChildProcess.<anonymous> (test/utils/g2-s10b-pg-harness.ts:189:7)

    console.warn
      PG17_PROCESS {"name":"g2s10b_6","options":{"registry":{"synthetic-src-a":["clients","programs","workouts"],"synthetic-src-b":["clients"]},"action":"declare","coach":"coach","intent":"79002d76-3079-4ae4-999a-d101c8b8e967"},"result":{"intent_id":"79002d76-3079-4ae4-999a-d101c8b8e967","challenge_b64":"Ydymf93X1CdPbKts+pRw5/7v51nUlZ1NO9Xd2Y/65Kc=","declared_at":"2026-09-27T18:22:53.118Z"},"queries":11,"pid":11153}

      168 |       }
      169 |       // Query shapes, outcomes, fixture identifiers and process IDs only; never parameters.
    > 170 |       console.warn(
          |               ^
      171 |         'PG17_PROCESS',
      172 |         JSON.stringify({
      173 |           name,

      at settleWorker (test/utils/g2-s10b-pg-harness.ts:170:15)
      at ChildProcess.<anonymous> (test/utils/g2-s10b-pg-harness.ts:189:7)

    console.warn
      PG17_PROCESS {"name":"g2s10b_7","options":{"registry":{"synthetic-src-a":["clients","programs","workouts"],"synthetic-src-b":["clients"]},"action":"observe","coach":"coach","intent":"79002d76-3079-4ae4-999a-d101c8b8e967"},"result":{"intent_id":"79002d76-3079-4ae4-999a-d101c8b8e967","execution_epoch":1,"stored":1,"replayed":0},"queries":9,"pid":11186}

      168 |       }
      169 |       // Query shapes, outcomes, fixture identifiers and process IDs only; never parameters.
    > 170 |       console.warn(
          |               ^
      171 |         'PG17_PROCESS',
      172 |         JSON.stringify({
      173 |           name,

      at settleWorker (test/utils/g2-s10b-pg-harness.ts:170:15)
      at ChildProcess.<anonymous> (test/utils/g2-s10b-pg-harness.ts:189:7)

    console.warn
      PG17_PROCESS {"name":"g2s10b_8","options":{"action":"complete","coach":"coach","intent":"79002d76-3079-4ae4-999a-d101c8b8e967"},"result":{"acknowledged":true,"intent_id":"79002d76-3079-4ae4-999a-d101c8b8e967"},"queries":47,"pid":11219}

      168 |       }
      169 |       // Query shapes, outcomes, fixture identifiers and process IDs only; never parameters.
    > 170 |       console.warn(
          |               ^
      171 |         'PG17_PROCESS',
      172 |         JSON.stringify({
      173 |           name,

      at settleWorker (test/utils/g2-s10b-pg-harness.ts:170:15)
      at ChildProcess.<anonymous> (test/utils/g2-s10b-pg-harness.ts:189:7)

    console.warn
      PG17_PROCESS {"name":"g2s10b_9","options":{"action":"complete","coach":"coach","intent":"79002d76-3079-4ae4-999a-d101c8b8e967"},"result":{"acknowledged":true,"intent_id":"79002d76-3079-4ae4-999a-d101c8b8e967"},"queries":8,"pid":11251}

      168 |       }
      169 |       // Query shapes, outcomes, fixture identifiers and process IDs only; never parameters.
    > 170 |       console.warn(
          |               ^
      171 |         'PG17_PROCESS',
      172 |         JSON.stringify({
      173 |           name,

      at settleWorker (test/utils/g2-s10b-pg-harness.ts:170:15)
      at ChildProcess.<anonymous> (test/utils/g2-s10b-pg-harness.ts:189:7)

    console.warn
      PG17_PROCESS {"name":"g2s10b_10","options":{"action":"start","coach":"coach","intent":"c3dbfd06-7b06-4fcf-9697-902b5d778c6a"},"result":{"intent_id":"c3dbfd06-7b06-4fcf-9697-902b5d778c6a","mode":"server","phase":"discovering","execution_epoch":1,"accepted_start_at":"2026-09-27T18:23:00.190Z","deadline_at":"2026-09-27T18:28:00.190Z"},"queries":3,"pid":11291}

      168 |       }
      169 |       // Query shapes, outcomes, fixture identifiers and process IDs only; never parameters.
    > 170 |       console.warn(
          |               ^
      171 |         'PG17_PROCESS',
      172 |         JSON.stringify({
      173 |           name,

      at settleWorker (test/utils/g2-s10b-pg-harness.ts:170:15)
      at ChildProcess.<anonymous> (test/utils/g2-s10b-pg-harness.ts:189:7)

    console.warn
      PG17_PROCESS {"name":"g2s10b_11","options":{"registry":{"synthetic-src-a":["clients","programs","workouts"],"synthetic-src-b":["clients"]},"action":"declare","coach":"coach","intent":"c3dbfd06-7b06-4fcf-9697-902b5d778c6a"},"result":{"intent_id":"c3dbfd06-7b06-4fcf-9697-902b5d778c6a","challenge_b64":"O3n+830GWj0w7/AFdPNI7LOQ8qqBSUGRSdfwy49gUBY=","declared_at":"2026-09-27T18:23:01.986Z"},"queries":11,"pid":11320}

      168 |       }
      169 |       // Query shapes, outcomes, fixture identifiers and process IDs only; never parameters.
    > 170 |       console.warn(
          |               ^
      171 |         'PG17_PROCESS',
      172 |         JSON.stringify({
      173 |           name,

      at settleWorker (test/utils/g2-s10b-pg-harness.ts:170:15)
      at ChildProcess.<anonymous> (test/utils/g2-s10b-pg-harness.ts:189:7)

    console.warn
      PG17_PROCESS {"name":"g2s10b_12","options":{"registry":{"synthetic-src-a":["clients","programs","workouts"],"synthetic-src-b":["clients"]},"action":"observe","coach":"coach","intent":"c3dbfd06-7b06-4fcf-9697-902b5d778c6a"},"result":{"intent_id":"c3dbfd06-7b06-4fcf-9697-902b5d778c6a","execution_epoch":1,"stored":1,"replayed":0},"queries":9,"pid":11354}

      168 |       }
      169 |       // Query shapes, outcomes, fixture identifiers and process IDs only; never parameters.
    > 170 |       console.warn(
          |               ^
      171 |         'PG17_PROCESS',
      172 |         JSON.stringify({
      173 |           name,

      at settleWorker (test/utils/g2-s10b-pg-harness.ts:170:15)
      at ChildProcess.<anonymous> (test/utils/g2-s10b-pg-harness.ts:189:7)

    console.warn
      PG17_PROCESS {"name":"g2s10b_13","options":{"action":"complete","coach":"coach","intent":"c3dbfd06-7b06-4fcf-9697-902b5d778c6a"},"result":{"acknowledged":true,"intent_id":"c3dbfd06-7b06-4fcf-9697-902b5d778c6a"},"queries":47,"pid":11387}

      168 |       }
      169 |       // Query shapes, outcomes, fixture identifiers and process IDs only; never parameters.
    > 170 |       console.warn(
          |               ^
      171 |         'PG17_PROCESS',
      172 |         JSON.stringify({
      173 |           name,

      at settleWorker (test/utils/g2-s10b-pg-harness.ts:170:15)
      at ChildProcess.<anonymous> (test/utils/g2-s10b-pg-harness.ts:189:7)

    console.warn
      PG17_PROCESS {"name":"g2s10b_14","options":{"action":"start","coach":"coach","intent":"7817d3ec-a9a5-40f1-ac36-8ea26ac42c28"},"result":{"intent_id":"7817d3ec-a9a5-40f1-ac36-8ea26ac42c28","mode":"server","phase":"discovering","execution_epoch":1,"accepted_start_at":"2026-09-27T18:23:07.736Z","deadline_at":"2026-09-27T18:28:07.736Z"},"queries":3,"pid":11427}

      168 |       }
      169 |       // Query shapes, outcomes, fixture identifiers and process IDs only; never parameters.
    > 170 |       console.warn(
          |               ^
      171 |         'PG17_PROCESS',
      172 |         JSON.stringify({
      173 |           name,

      at settleWorker (test/utils/g2-s10b-pg-harness.ts:170:15)
      at ChildProcess.<anonymous> (test/utils/g2-s10b-pg-harness.ts:189:7)

    console.warn
      PG17_PROCESS {"name":"g2s10b_15","options":{"registry":{"synthetic-src-a":["clients","programs","workouts"],"synthetic-src-b":["clients"]},"action":"declare","coach":"coach","intent":"7817d3ec-a9a5-40f1-ac36-8ea26ac42c28"},"result":{"intent_id":"7817d3ec-a9a5-40f1-ac36-8ea26ac42c28","challenge_b64":"x8DV76KRHbDX7vBaMc8OmNBjgmR+PnUvKjJkPoSwPsQ=","declared_at":"2026-09-27T18:23:09.498Z"},"queries":11,"pid":11456}

      168 |       }
      169 |       // Query shapes, outcomes, fixture identifiers and process IDs only; never parameters.
    > 170 |       console.warn(
          |               ^
      171 |         'PG17_PROCESS',
      172 |         JSON.stringify({
      173 |           name,

      at settleWorker (test/utils/g2-s10b-pg-harness.ts:170:15)
      at ChildProcess.<anonymous> (test/utils/g2-s10b-pg-harness.ts:189:7)

    console.warn
      PG17_PROCESS {"name":"g2s10b_16","options":{"registry":{"synthetic-src-a":["clients","programs","workouts"],"synthetic-src-b":["clients"]},"action":"observe","coach":"coach","intent":"7817d3ec-a9a5-40f1-ac36-8ea26ac42c28"},"result":{"intent_id":"7817d3ec-a9a5-40f1-ac36-8ea26ac42c28","execution_epoch":1,"stored":1,"replayed":0},"queries":9,"pid":11489}

      168 |       }
      169 |       // Query shapes, outcomes, fixture identifiers and process IDs only; never parameters.
    > 170 |       console.warn(
          |               ^
      171 |         'PG17_PROCESS',
      172 |         JSON.stringify({
      173 |           name,

      at settleWorker (test/utils/g2-s10b-pg-harness.ts:170:15)
      at ChildProcess.<anonymous> (test/utils/g2-s10b-pg-harness.ts:189:7)

    console.warn
      PG17_PROCESS {"name":"g2s10b_17","options":{"action":"fence","coach":"coach","intent":"7817d3ec-a9a5-40f1-ac36-8ea26ac42c28"},"result":{"terminal_status":"blocked","reason_code":"revoked","execution_epoch":2},"queries":7,"pid":11523}

      168 |       }
      169 |       // Query shapes, outcomes, fixture identifiers and process IDs only; never parameters.
    > 170 |       console.warn(
          |               ^
      171 |         'PG17_PROCESS',
      172 |         JSON.stringify({
      173 |           name,

      at settleWorker (test/utils/g2-s10b-pg-harness.ts:170:15)
      at ChildProcess.<anonymous> (test/utils/g2-s10b-pg-harness.ts:189:7)

    console.warn
      PG17_PROCESS {"name":"g2s10b_18","options":{"action":"complete","coach":"coach","intent":"7817d3ec-a9a5-40f1-ac36-8ea26ac42c28"},"result":{"acknowledged":true,"intent_id":"7817d3ec-a9a5-40f1-ac36-8ea26ac42c28"},"queries":8,"pid":11556}

      168 |       }
      169 |       // Query shapes, outcomes, fixture identifiers and process IDs only; never parameters.
    > 170 |       console.warn(
          |               ^
      171 |         'PG17_PROCESS',
      172 |         JSON.stringify({
      173 |           name,

      at settleWorker (test/utils/g2-s10b-pg-harness.ts:170:15)
      at ChildProcess.<anonymous> (test/utils/g2-s10b-pg-harness.ts:189:7)

    console.warn
      PG17_PROCESS {"name":"g2s10b_19","options":{"action":"start","coach":"coach","intent":"6db8fef3-3aff-4893-9362-7076fb335a3d"},"result":{"intent_id":"6db8fef3-3aff-4893-9362-7076fb335a3d","mode":"server","phase":"discovering","execution_epoch":1,"accepted_start_at":"2026-09-27T18:23:16.588Z","deadline_at":"2026-09-27T18:28:16.588Z"},"queries":3,"pid":11596}

      168 |       }
      169 |       // Query shapes, outcomes, fixture identifiers and process IDs only; never parameters.
    > 170 |       console.warn(
          |               ^
      171 |         'PG17_PROCESS',
      172 |         JSON.stringify({
      173 |           name,

      at settleWorker (test/utils/g2-s10b-pg-harness.ts:170:15)
      at ChildProcess.<anonymous> (test/utils/g2-s10b-pg-harness.ts:189:7)

    console.warn
      PG17_PROCESS {"name":"g2s10b_20","options":{"registry":{"synthetic-src-a":["clients","programs","workouts"],"synthetic-src-b":["clients"]},"action":"declare","coach":"coach","intent":"6db8fef3-3aff-4893-9362-7076fb335a3d"},"result":{"intent_id":"6db8fef3-3aff-4893-9362-7076fb335a3d","challenge_b64":"Lclt38XnpA6iVNipRYzUEUPAlHIghrMtRGFMaKP9i7k=","declared_at":"2026-09-27T18:23:18.403Z"},"queries":11,"pid":11625}

      168 |       }
      169 |       // Query shapes, outcomes, fixture identifiers and process IDs only; never parameters.
    > 170 |       console.warn(
          |               ^
      171 |         'PG17_PROCESS',
      172 |         JSON.stringify({
      173 |           name,

      at settleWorker (test/utils/g2-s10b-pg-harness.ts:170:15)
      at ChildProcess.<anonymous> (test/utils/g2-s10b-pg-harness.ts:189:7)

    console.warn
      PG17_PROCESS {"name":"g2s10b_21","options":{"registry":{"synthetic-src-a":["clients","programs","workouts"],"synthetic-src-b":["clients"]},"action":"observe","coach":"coach","intent":"6db8fef3-3aff-4893-9362-7076fb335a3d"},"result":{"intent_id":"6db8fef3-3aff-4893-9362-7076fb335a3d","execution_epoch":1,"stored":1,"replayed":0},"queries":9,"pid":11659}

      168 |       }
      169 |       // Query shapes, outcomes, fixture identifiers and process IDs only; never parameters.
    > 170 |       console.warn(
          |               ^
      171 |         'PG17_PROCESS',
      172 |         JSON.stringify({
      173 |           name,

      at settleWorker (test/utils/g2-s10b-pg-harness.ts:170:15)
      at ChildProcess.<anonymous> (test/utils/g2-s10b-pg-harness.ts:189:7)

    console.warn
      PG17_PROCESS {"name":"g2s10b_22","options":{"action":"complete","coach":"coach","intent":"6db8fef3-3aff-4893-9362-7076fb335a3d","failAfter":{"model":"scoutRunSettledBasis","n":0}},"failure":{"status":500,"message":"Internal server error","injected":true},"queries":46,"pid":11692}

      168 |       }
      169 |       // Query shapes, outcomes, fixture identifiers and process IDs only; never parameters.
    > 170 |       console.warn(
          |               ^
      171 |         'PG17_PROCESS',
      172 |         JSON.stringify({
      173 |           name,

      at settleWorker (test/utils/g2-s10b-pg-harness.ts:170:15)
      at ChildProcess.<anonymous> (test/utils/g2-s10b-pg-harness.ts:189:7)

    console.warn
      PG17_PROCESS {"name":"g2s10b_23","options":{"action":"complete","coach":"coach","intent":"6db8fef3-3aff-4893-9362-7076fb335a3d"},"result":{"acknowledged":true,"intent_id":"6db8fef3-3aff-4893-9362-7076fb335a3d"},"queries":52,"pid":11727}

      168 |       }
      169 |       // Query shapes, outcomes, fixture identifiers and process IDs only; never parameters.
    > 170 |       console.warn(
          |               ^
      171 |         'PG17_PROCESS',
      172 |         JSON.stringify({
      173 |           name,

      at settleWorker (test/utils/g2-s10b-pg-harness.ts:170:15)
      at ChildProcess.<anonymous> (test/utils/g2-s10b-pg-harness.ts:189:7)

    console.warn
      PG17_PROCESS {"name":"g2s10b_24","options":{"action":"start","coach":"coach","intent":"09a21a2b-941a-478e-90f3-5bb06b0ff55e"},"result":{"intent_id":"09a21a2b-941a-478e-90f3-5bb06b0ff55e","mode":"server","phase":"discovering","execution_epoch":1,"accepted_start_at":"2026-09-27T18:23:25.582Z","deadline_at":"2026-09-27T18:28:25.582Z"},"queries":3,"pid":11767}

      168 |       }
      169 |       // Query shapes, outcomes, fixture identifiers and process IDs only; never parameters.
    > 170 |       console.warn(
          |               ^
      171 |         'PG17_PROCESS',
      172 |         JSON.stringify({
      173 |           name,

      at settleWorker (test/utils/g2-s10b-pg-harness.ts:170:15)
      at ChildProcess.<anonymous> (test/utils/g2-s10b-pg-harness.ts:189:7)

    console.warn
      PG17_PROCESS {"name":"g2s10b_25","options":{"registry":{"synthetic-src-a":["clients","programs","workouts"],"synthetic-src-b":["clients"]},"action":"declare","coach":"coach","intent":"09a21a2b-941a-478e-90f3-5bb06b0ff55e"},"result":{"intent_id":"09a21a2b-941a-478e-90f3-5bb06b0ff55e","challenge_b64":"10/jEyIJRdQP3YN3vI9MnAjKqGB3g/zotOQkfhjWffg=","declared_at":"2026-09-27T18:23:27.358Z"},"queries":11,"pid":11796}

      168 |       }
      169 |       // Query shapes, outcomes, fixture identifiers and process IDs only; never parameters.
    > 170 |       console.warn(
          |               ^
      171 |         'PG17_PROCESS',
      172 |         JSON.stringify({
      173 |           name,

      at settleWorker (test/utils/g2-s10b-pg-harness.ts:170:15)
      at ChildProcess.<anonymous> (test/utils/g2-s10b-pg-harness.ts:189:7)

    console.warn
      PG17_PROCESS {"name":"g2s10b_26","options":{"registry":{"synthetic-src-a":["clients","programs","workouts"],"synthetic-src-b":["clients"]},"action":"observe","coach":"coach","intent":"09a21a2b-941a-478e-90f3-5bb06b0ff55e"},"result":{"intent_id":"09a21a2b-941a-478e-90f3-5bb06b0ff55e","execution_epoch":1,"stored":1,"replayed":0},"queries":9,"pid":11829}

      168 |       }
      169 |       // Query shapes, outcomes, fixture identifiers and process IDs only; never parameters.
    > 170 |       console.warn(
          |               ^
      171 |         'PG17_PROCESS',
      172 |         JSON.stringify({
      173 |           name,

      at settleWorker (test/utils/g2-s10b-pg-harness.ts:170:15)
      at ChildProcess.<anonymous> (test/utils/g2-s10b-pg-harness.ts:189:7)

    console.warn
      PG17_BLOCKED {"name":"g2s10b_28","rows":[{"type":"Lock","wait":"transactionid"}]}

      200 |       FROM pg_stat_activity WHERE application_name=${quote(name)} AND wait_event_type='Lock'`);
      201 |     if (rows.length > 0) {
    > 202 |       console.warn('PG17_BLOCKED', JSON.stringify({ name, rows }));
          |               ^
      203 |       return;
      204 |     }
      205 |     await new Promise((r) => setTimeout(r, 25));

      at blocked (test/utils/g2-s10b-pg-harness.ts:202:15)
      at Object.<anonymous> (test/rls-g2-s10c.spec.ts:262:5)

    console.warn
      PG17_PROCESS {"name":"g2s10b_27","options":{"action":"complete","coach":"coach","intent":"09a21a2b-941a-478e-90f3-5bb06b0ff55e","pause":"locked","txTimeout":60000},"result":{"acknowledged":true,"intent_id":"09a21a2b-941a-478e-90f3-5bb06b0ff55e"},"queries":47,"pid":11862}

      168 |       }
      169 |       // Query shapes, outcomes, fixture identifiers and process IDs only; never parameters.
    > 170 |       console.warn(
          |               ^
      171 |         'PG17_PROCESS',
      172 |         JSON.stringify({
      173 |           name,

      at settleWorker (test/utils/g2-s10b-pg-harness.ts:170:15)
      at ChildProcess.<anonymous> (test/utils/g2-s10b-pg-harness.ts:189:7)

    console.warn
      PG17_PROCESS {"name":"g2s10b_28","options":{"action":"complete","coach":"coach","intent":"09a21a2b-941a-478e-90f3-5bb06b0ff55e"},"result":{"acknowledged":true,"intent_id":"09a21a2b-941a-478e-90f3-5bb06b0ff55e"},"queries":8,"pid":11892}

      168 |       }
      169 |       // Query shapes, outcomes, fixture identifiers and process IDs only; never parameters.
    > 170 |       console.warn(
          |               ^
      171 |         'PG17_PROCESS',
      172 |         JSON.stringify({
      173 |           name,

      at settleWorker (test/utils/g2-s10b-pg-harness.ts:170:15)
      at ChildProcess.<anonymous> (test/utils/g2-s10b-pg-harness.ts:189:7)

    console.warn
      PG17_PROCESS {"name":"g2s10b_29","options":{"action":"start","coach":"coach","intent":"4b1838a8-637b-4920-8657-c96b1a2fe1e6"},"result":{"intent_id":"4b1838a8-637b-4920-8657-c96b1a2fe1e6","mode":"server","phase":"discovering","execution_epoch":1,"accepted_start_at":"2026-09-27T18:23:34.642Z","deadline_at":"2026-09-27T18:28:34.642Z"},"queries":3,"pid":12014}

      168 |       }
      169 |       // Query shapes, outcomes, fixture identifiers and process IDs only; never parameters.
    > 170 |       console.warn(
          |               ^
      171 |         'PG17_PROCESS',
      172 |         JSON.stringify({
      173 |           name,

      at settleWorker (test/utils/g2-s10b-pg-harness.ts:170:15)
      at ChildProcess.<anonymous> (test/utils/g2-s10b-pg-harness.ts:189:7)

    console.warn
      PG17_PROCESS {"name":"g2s10b_30","options":{"registry":{"synthetic-src-a":["clients","programs","workouts"],"synthetic-src-b":["clients"]},"action":"declare","coach":"coach","intent":"4b1838a8-637b-4920-8657-c96b1a2fe1e6"},"result":{"intent_id":"4b1838a8-637b-4920-8657-c96b1a2fe1e6","challenge_b64":"ZvUrw18g5L794Gq1kNeG8U0Bvyjnm13mqYWHEoMOik8=","declared_at":"2026-09-27T18:23:36.571Z"},"queries":11,"pid":12043}

      168 |       }
      169 |       // Query shapes, outcomes, fixture identifiers and process IDs only; never parameters.
    > 170 |       console.warn(
          |               ^
      171 |         'PG17_PROCESS',
      172 |         JSON.stringify({
      173 |           name,

      at settleWorker (test/utils/g2-s10b-pg-harness.ts:170:15)
      at ChildProcess.<anonymous> (test/utils/g2-s10b-pg-harness.ts:189:7)

    console.warn
      PG17_PROCESS {"name":"g2s10b_31","options":{"registry":{"synthetic-src-a":["clients","programs","workouts"],"synthetic-src-b":["clients"]},"action":"observe","coach":"coach","intent":"4b1838a8-637b-4920-8657-c96b1a2fe1e6"},"result":{"intent_id":"4b1838a8-637b-4920-8657-c96b1a2fe1e6","execution_epoch":1,"stored":1,"replayed":0},"queries":9,"pid":12076}

      168 |       }
      169 |       // Query shapes, outcomes, fixture identifiers and process IDs only; never parameters.
    > 170 |       console.warn(
          |               ^
      171 |         'PG17_PROCESS',
      172 |         JSON.stringify({
      173 |           name,

      at settleWorker (test/utils/g2-s10b-pg-harness.ts:170:15)
      at ChildProcess.<anonymous> (test/utils/g2-s10b-pg-harness.ts:189:7)

    console.warn
      PG17_PROCESS {"name":"g2s10b_32","options":{"action":"complete","coach":"coach","intent":"4b1838a8-637b-4920-8657-c96b1a2fe1e6"},"result":{"acknowledged":true,"intent_id":"4b1838a8-637b-4920-8657-c96b1a2fe1e6"},"queries":47,"pid":12109}

      168 |       }
      169 |       // Query shapes, outcomes, fixture identifiers and process IDs only; never parameters.
    > 170 |       console.warn(
          |               ^
      171 |         'PG17_PROCESS',
      172 |         JSON.stringify({
      173 |           name,

      at settleWorker (test/utils/g2-s10b-pg-harness.ts:170:15)
      at ChildProcess.<anonymous> (test/utils/g2-s10b-pg-harness.ts:189:7)

    console.warn
      PG17_PROCESS {"name":"g2s10b_33","options":{"action":"status","coach":"coach","intent":"4b1838a8-637b-4920-8657-c96b1a2fe1e6"},"result":{"intent_id":"4b1838a8-637b-4920-8657-c96b1a2fe1e6","status":"partial","entity_counts":[{"entity_type":"clients","committed":2}],"started_at":"2026-09-27T18:23:36.607Z","completed_at":"2026-09-27T18:23:40.147Z","mode":"server","phase":"reconciling","accepted_start_at":"2026-09-27T18:23:34.642Z","deadline_at":"2026-09-27T18:28:34.642Z","last_observed_at":"2026-09-27T18:23:40.142Z","execution_epoch":1,"reason_code":"unresolved_family","claimed_status":"success","families":[{"family":"clients","observed_unique":null,"staged_unique":2,"created_native":null,"already_present_verified":null,"rejected":2,"unresolved":0,"ledger":{"reconstructed":0,"skipped":2,"failed":0},"canonical_family":null,"native_present_verified":0,"completeness_basis":"none","relationship_closure":"not_applicable","reasons":[{"code":"unsupported_platform:synthetic-src-a","count":2}],"qualifiers":[]}]},"queries":9,"pid":12140}

      168 |       }
      169 |       // Query shapes, outcomes, fixture identifiers and process IDs only; never parameters.
    > 170 |       console.warn(
          |               ^
      171 |         'PG17_PROCESS',
      172 |         JSON.stringify({
      173 |           name,

      at settleWorker (test/utils/g2-s10b-pg-harness.ts:170:15)
      at ChildProcess.<anonymous> (test/utils/g2-s10b-pg-harness.ts:189:7)

    console.warn
      PG17_PROCESS {"name":"g2s10b_34","options":{"action":"status","coach":"coach","intent":"4b1838a8-637b-4920-8657-c96b1a2fe1e6"},"result":{"intent_id":"4b1838a8-637b-4920-8657-c96b1a2fe1e6","status":"partial","entity_counts":[{"entity_type":"clients","committed":3}],"started_at":"2026-09-27T18:23:36.607Z","completed_at":"2026-09-27T18:23:40.147Z","mode":"server","phase":"reconciling","accepted_start_at":"2026-09-27T18:23:34.642Z","deadline_at":"2026-09-27T18:28:34.642Z","last_observed_at":"2026-09-27T18:23:40.142Z","execution_epoch":1,"reason_code":"unresolved_family","claimed_status":"success","families":[{"family":"clients","observed_unique":null,"staged_unique":3,"created_native":null,"already_present_verified":null,"rejected":2,"unresolved":0,"ledger":{"reconstructed":0,"skipped":2,"failed":0},"canonical_family":null,"native_present_verified":0,"completeness_basis":"none","relationship_closure":"not_applicable","reasons":[{"code":"unsupported_platform:synthetic-src-a","count":2}],"qualifiers":[]}]},"queries":9,"pid":12176}

      168 |       }
      169 |       // Query shapes, outcomes, fixture identifiers and process IDs only; never parameters.
    > 170 |       console.warn(
          |               ^
      171 |         'PG17_PROCESS',
      172 |         JSON.stringify({
      173 |           name,

      at settleWorker (test/utils/g2-s10b-pg-harness.ts:170:15)
      at ChildProcess.<anonymous> (test/utils/g2-s10b-pg-harness.ts:189:7)

    console.warn
      PG17_PROCESS {"name":"g2s10b_35","options":{"action":"start","coach":"coach","intent":"f01d2b82-fa01-464b-9783-65265e9a08d3"},"result":{"intent_id":"f01d2b82-fa01-464b-9783-65265e9a08d3","mode":"server","phase":"discovering","execution_epoch":1,"accepted_start_at":"2026-09-27T18:23:45.604Z","deadline_at":"2026-09-27T18:28:45.604Z"},"queries":3,"pid":12214}

      168 |       }
      169 |       // Query shapes, outcomes, fixture identifiers and process IDs only; never parameters.
    > 170 |       console.warn(
          |               ^
      171 |         'PG17_PROCESS',
      172 |         JSON.stringify({
      173 |           name,

      at settleWorker (test/utils/g2-s10b-pg-harness.ts:170:15)
      at ChildProcess.<anonymous> (test/utils/g2-s10b-pg-harness.ts:189:7)

    console.warn
      PG17_PROCESS {"name":"g2s10b_36","options":{"registry":{"synthetic-src-a":["clients","programs","workouts"],"synthetic-src-b":["clients"]},"action":"declare","coach":"coach","intent":"f01d2b82-fa01-464b-9783-65265e9a08d3"},"result":{"intent_id":"f01d2b82-fa01-464b-9783-65265e9a08d3","challenge_b64":"Y1mS94ojYnKUKyrPdXMdAMlN2pjeIrkywyS/9poBvws=","declared_at":"2026-09-27T18:23:47.347Z"},"queries":11,"pid":12243}

      168 |       }
      169 |       // Query shapes, outcomes, fixture identifiers and process IDs only; never parameters.
    > 170 |       console.warn(
          |               ^
      171 |         'PG17_PROCESS',
      172 |         JSON.stringify({
      173 |           name,

      at settleWorker (test/utils/g2-s10b-pg-harness.ts:170:15)
      at ChildProcess.<anonymous> (test/utils/g2-s10b-pg-harness.ts:189:7)

    console.warn
      PG17_PROCESS {"name":"g2s10b_37","options":{"registry":{"synthetic-src-a":["clients","programs","workouts"],"synthetic-src-b":["clients"]},"action":"observe","coach":"coach","intent":"f01d2b82-fa01-464b-9783-65265e9a08d3"},"result":{"intent_id":"f01d2b82-fa01-464b-9783-65265e9a08d3","execution_epoch":1,"stored":1,"replayed":0},"queries":9,"pid":12276}

      168 |       }
      169 |       // Query shapes, outcomes, fixture identifiers and process IDs only; never parameters.
    > 170 |       console.warn(
          |               ^
      171 |         'PG17_PROCESS',
      172 |         JSON.stringify({
      173 |           name,

      at settleWorker (test/utils/g2-s10b-pg-harness.ts:170:15)
      at ChildProcess.<anonymous> (test/utils/g2-s10b-pg-harness.ts:189:7)

    console.warn
      PG17_PROCESS {"name":"g2s10b_38","options":{"action":"complete","coach":"coach","intent":"f01d2b82-fa01-464b-9783-65265e9a08d3"},"result":{"acknowledged":true,"intent_id":"f01d2b82-fa01-464b-9783-65265e9a08d3"},"queries":47,"pid":12309}

      168 |       }
      169 |       // Query shapes, outcomes, fixture identifiers and process IDs only; never parameters.
    > 170 |       console.warn(
          |               ^
      171 |         'PG17_PROCESS',
      172 |         JSON.stringify({
      173 |           name,

      at settleWorker (test/utils/g2-s10b-pg-harness.ts:170:15)
      at ChildProcess.<anonymous> (test/utils/g2-s10b-pg-harness.ts:189:7)

    console.warn
      PG17_PROCESS {"name":"g2s10b_39","options":{"action":"status","coach":"other-coach","intent":"f01d2b82-fa01-464b-9783-65265e9a08d3"},"failure":{"status":404,"message":"Not Found","response":{"message":"Not Found","statusCode":404},"injected":false},"queries":6,"pid":12339}

      168 |       }
      169 |       // Query shapes, outcomes, fixture identifiers and process IDs only; never parameters.
    > 170 |       console.warn(
          |               ^
      171 |         'PG17_PROCESS',
      172 |         JSON.stringify({
      173 |           name,

      at settleWorker (test/utils/g2-s10b-pg-harness.ts:170:15)
      at ChildProcess.<anonymous> (test/utils/g2-s10b-pg-harness.ts:189:7)


Test Suites: 2 passed, 2 total
Tests:       32 passed, 32 total
Snapshots:   0 total
Time:        206.081 s
Ran all test suites within paths "test/rls-g2-s10b.spec.ts", "test/rls-g2-s10c.spec.ts".
