2026-09-27 18:20:20.331 UTC [7904] LOG:  starting PostgreSQL 17.6 on x86_64-pc-linux-gnu, compiled by gcc (Ubuntu 7.5.0-3ubuntu1~18.04) 7.5.0, 64-bit
2026-09-27 18:20:20.331 UTC [7904] LOG:  listening on IPv4 address "127.0.0.1", port 55650
2026-09-27 18:20:20.331 UTC [7904] LOG:  listening on Unix socket "/home/user/workspace/execution/42d8c5b5/proof-scratch/s10b-s10b-v1-6816/s/.s.PGSQL.55650"
2026-09-27 18:20:20.333 UTC [7907] LOG:  database system was shut down at 2026-09-27 18:20:12 UTC
2026-09-27 18:20:20.335 UTC [7904] LOG:  database system is ready to accept connections
2026-09-27 18:22:15.767 UTC [9914] ERROR:  permission denied for table ScoutRunDeclaration
2026-09-27 18:22:15.767 UTC [9914] STATEMENT:  SELECT count(*) FROM "ScoutRunDeclaration"
2026-09-27 18:22:15.778 UTC [9916] ERROR:  permission denied for table ScoutRunDeclaration
2026-09-27 18:22:15.778 UTC [9916] STATEMENT:  SELECT count(*) FROM "ScoutRunDeclaration"
2026-09-27 18:22:15.790 UTC [9918] ERROR:  permission denied for table ScoutRunObservation
2026-09-27 18:22:15.790 UTC [9918] STATEMENT:  SELECT count(*) FROM "ScoutRunObservation"
2026-09-27 18:22:15.801 UTC [9920] ERROR:  permission denied for table ScoutRunObservation
2026-09-27 18:22:15.801 UTC [9920] STATEMENT:  SELECT count(*) FROM "ScoutRunObservation"
2026-09-27 18:22:15.813 UTC [9922] ERROR:  permission denied for table ScoutRunSettledBasis
2026-09-27 18:22:15.813 UTC [9922] STATEMENT:  SELECT count(*) FROM "ScoutRunSettledBasis"
2026-09-27 18:22:15.824 UTC [9924] ERROR:  permission denied for table ScoutRunSettledBasis
2026-09-27 18:22:15.824 UTC [9924] STATEMENT:  SELECT count(*) FROM "ScoutRunSettledBasis"
2026-09-27 18:22:15.836 UTC [9926] ERROR:  permission denied for table ScoutRunDeclaration
2026-09-27 18:22:15.836 UTC [9926] STATEMENT:  INSERT INTO "ScoutRunDeclaration" (coach_id,intent_id,source_platform,account_scope_id_digest,challenge,declared_at)
	    VALUES ('coach','57afef9e-535e-453a-8d88-8787e2cd1592','synthetic-src-b',
	      encode(digest('synthetic-scope-1','sha256'),'hex'),decode(repeat('07',32),'hex'),
	      '2026-09-26 00:00:00')
2026-09-27 18:22:15.927 UTC [9940] ERROR:  insert or update on table "ScoutRunDeclaration" violates foreign key constraint "ScoutRunDeclaration_coach_id_intent_id_fkey"
2026-09-27 18:22:15.927 UTC [9940] DETAIL:  Key (coach_id, intent_id)=(other-coach, 428a9971-f06b-4d36-b074-91e400831599) is not present in table "ScoutImport".
2026-09-27 18:22:15.927 UTC [9940] STATEMENT:  INSERT INTO "ScoutRunDeclaration" (coach_id,intent_id,source_platform,account_scope_id_digest,challenge,declared_at)
	    VALUES ('other-coach','428a9971-f06b-4d36-b074-91e400831599','synthetic-src-a',
	      encode(digest('synthetic-scope-1','sha256'),'hex'),decode(repeat('07',32),'hex'),
	      '2026-09-26 00:00:00')
2026-09-27 18:22:15.946 UTC [9942] ERROR:  insert or update on table "ScoutRunObservation" violates foreign key constraint "ScoutRunObservation_coach_id_intent_id_fkey"
2026-09-27 18:22:15.946 UTC [9942] DETAIL:  Key (coach_id, intent_id)=(other-coach, 428a9971-f06b-4d36-b074-91e400831599) is not present in table "ScoutImport".
2026-09-27 18:22:15.946 UTC [9942] STATEMENT:  INSERT INTO "ScoutRunObservation" (id,coach_id,intent_id,execution_epoch,source_platform,account_scope_id_digest,
	      family,basis_kind,evidence,evidence_digest,received_at)
	    VALUES (gen_random_uuid()::text,'other-coach','428a9971-f06b-4d36-b074-91e400831599',1,'synthetic-src-a',
	      encode(digest('synthetic-scope-1','sha256'),'hex'),'clients','source_signed_enumeration',
	      '{"evidence_version":1}'::jsonb,encode(digest('synthetic-evidence','sha256'),'hex'),'2026-09-26 00:00:00')
2026-09-27 18:22:15.958 UTC [9944] ERROR:  insert or update on table "ScoutRunSettledBasis" violates foreign key constraint "ScoutRunSettledBasis_coach_id_intent_id_fkey"
2026-09-27 18:22:15.958 UTC [9944] DETAIL:  Key (coach_id, intent_id)=(other-coach, 428a9971-f06b-4d36-b074-91e400831599) is not present in table "ScoutImport".
2026-09-27 18:22:15.958 UTC [9944] STATEMENT:  INSERT INTO "ScoutRunSettledBasis" (coach_id,intent_id,execution_epoch,report_version,report,observation_digests,settled_at)
	    VALUES ('other-coach','428a9971-f06b-4d36-b074-91e400831599',1,1,'{}'::jsonb,ARRAY[encode(digest('synthetic-evidence','sha256'),'hex')],'2026-09-26 00:00:00')
2026-09-27 18:22:15.971 UTC [9946] ERROR:  insert or update on table "ScoutRunObservation" violates foreign key constraint "ScoutRunObservation_declaration_fkey"
2026-09-27 18:22:15.971 UTC [9946] DETAIL:  Key (coach_id, intent_id, source_platform, account_scope_id_digest)=(coach, 428a9971-f06b-4d36-b074-91e400831599, synthetic-src-b, 92931c14ca0d532d778df624c261f6298f778663ccfc6ad704f774833c7491b3) is not present in table "ScoutRunDeclaration".
2026-09-27 18:22:15.971 UTC [9946] STATEMENT:  INSERT INTO "ScoutRunObservation" (id,coach_id,intent_id,execution_epoch,source_platform,account_scope_id_digest,
	      family,basis_kind,evidence,evidence_digest,received_at)
	    VALUES (gen_random_uuid()::text,'coach','428a9971-f06b-4d36-b074-91e400831599',1,'synthetic-src-b',
	      encode(digest('synthetic-scope-1','sha256'),'hex'),'clients','source_signed_enumeration',
	      '{"evidence_version":1}'::jsonb,encode(digest('synthetic-evidence','sha256'),'hex'),'2026-09-26 00:00:00')
2026-09-27 18:22:16.035 UTC [9956] ERROR:  permission denied for table ScoutRunDeclaration
2026-09-27 18:22:16.035 UTC [9956] STATEMENT:  UPDATE "ScoutRunDeclaration" SET coach_id=coach_id
2026-09-27 18:22:16.046 UTC [9958] ERROR:  permission denied for table ScoutRunDeclaration
2026-09-27 18:22:16.046 UTC [9958] STATEMENT:  DELETE FROM "ScoutRunDeclaration"
2026-09-27 18:22:16.058 UTC [9960] ERROR:  G2-S10B insert-only: UPDATE on ScoutRunDeclaration refused
2026-09-27 18:22:16.058 UTC [9960] CONTEXT:  PL/pgSQL function public.scout_run_observation_insert_only() line 4 at RAISE
2026-09-27 18:22:16.058 UTC [9960] STATEMENT:  UPDATE "ScoutRunDeclaration" SET coach_id=coach_id
2026-09-27 18:22:16.071 UTC [9962] ERROR:  G2-S10B insert-only: DELETE on ScoutRunDeclaration refused
2026-09-27 18:22:16.071 UTC [9962] CONTEXT:  PL/pgSQL function public.scout_run_observation_insert_only() line 4 at RAISE
2026-09-27 18:22:16.071 UTC [9962] STATEMENT:  DELETE FROM "ScoutRunDeclaration"
2026-09-27 18:22:16.085 UTC [9964] ERROR:  cannot truncate a table referenced in a foreign key constraint
2026-09-27 18:22:16.085 UTC [9964] DETAIL:  Table "ScoutRunObservation" references "ScoutRunDeclaration".
2026-09-27 18:22:16.085 UTC [9964] HINT:  Truncate table "ScoutRunObservation" at the same time, or use TRUNCATE ... CASCADE.
2026-09-27 18:22:16.085 UTC [9964] STATEMENT:  TRUNCATE "ScoutRunDeclaration"
2026-09-27 18:22:16.108 UTC [9968] ERROR:  permission denied for table ScoutRunObservation
2026-09-27 18:22:16.108 UTC [9968] STATEMENT:  UPDATE "ScoutRunObservation" SET coach_id=coach_id
2026-09-27 18:22:16.120 UTC [9970] ERROR:  permission denied for table ScoutRunObservation
2026-09-27 18:22:16.120 UTC [9970] STATEMENT:  DELETE FROM "ScoutRunObservation"
2026-09-27 18:22:16.132 UTC [9972] ERROR:  G2-S10B insert-only: UPDATE on ScoutRunObservation refused
2026-09-27 18:22:16.132 UTC [9972] CONTEXT:  PL/pgSQL function public.scout_run_observation_insert_only() line 4 at RAISE
2026-09-27 18:22:16.132 UTC [9972] STATEMENT:  UPDATE "ScoutRunObservation" SET coach_id=coach_id
2026-09-27 18:22:16.152 UTC [9974] ERROR:  G2-S10B insert-only: DELETE on ScoutRunObservation refused
2026-09-27 18:22:16.152 UTC [9974] CONTEXT:  PL/pgSQL function public.scout_run_observation_insert_only() line 4 at RAISE
2026-09-27 18:22:16.152 UTC [9974] STATEMENT:  DELETE FROM "ScoutRunObservation"
2026-09-27 18:22:16.164 UTC [9976] ERROR:  G2-S10B insert-only: TRUNCATE on ScoutRunObservation refused
2026-09-27 18:22:16.164 UTC [9976] CONTEXT:  PL/pgSQL function public.scout_run_observation_insert_only() line 4 at RAISE
2026-09-27 18:22:16.164 UTC [9976] STATEMENT:  TRUNCATE "ScoutRunObservation"
2026-09-27 18:22:16.187 UTC [9980] ERROR:  permission denied for table ScoutRunSettledBasis
2026-09-27 18:22:16.187 UTC [9980] STATEMENT:  UPDATE "ScoutRunSettledBasis" SET coach_id=coach_id
2026-09-27 18:22:16.198 UTC [9982] ERROR:  permission denied for table ScoutRunSettledBasis
2026-09-27 18:22:16.198 UTC [9982] STATEMENT:  DELETE FROM "ScoutRunSettledBasis"
2026-09-27 18:22:16.211 UTC [9984] ERROR:  G2-S10B insert-only: UPDATE on ScoutRunSettledBasis refused
2026-09-27 18:22:16.211 UTC [9984] CONTEXT:  PL/pgSQL function public.scout_run_observation_insert_only() line 4 at RAISE
2026-09-27 18:22:16.211 UTC [9984] STATEMENT:  UPDATE "ScoutRunSettledBasis" SET coach_id=coach_id
2026-09-27 18:22:16.224 UTC [9986] ERROR:  G2-S10B insert-only: DELETE on ScoutRunSettledBasis refused
2026-09-27 18:22:16.224 UTC [9986] CONTEXT:  PL/pgSQL function public.scout_run_observation_insert_only() line 4 at RAISE
2026-09-27 18:22:16.224 UTC [9986] STATEMENT:  DELETE FROM "ScoutRunSettledBasis"
2026-09-27 18:22:16.237 UTC [9988] ERROR:  G2-S10B insert-only: TRUNCATE on ScoutRunSettledBasis refused
2026-09-27 18:22:16.237 UTC [9988] CONTEXT:  PL/pgSQL function public.scout_run_observation_insert_only() line 4 at RAISE
2026-09-27 18:22:16.237 UTC [9988] STATEMENT:  TRUNCATE "ScoutRunSettledBasis"
2026-09-27 18:22:16.322 UTC [10000] ERROR:  permission denied for table ScoutRunObservation
2026-09-27 18:22:16.322 UTC [10000] CONTEXT:  SQL statement "DELETE FROM public."ScoutRunObservation""
	PL/pgSQL function g2_s10b_probe_delete() line 2 at SQL statement
2026-09-27 18:22:16.322 UTC [10000] STATEMENT:  INSERT INTO public.g2_s10b_probe VALUES (1);
2026-09-27 18:22:16.541 UTC [10034] ERROR:  G2-S10B declaration challenge differs within one run
2026-09-27 18:22:16.541 UTC [10034] CONTEXT:  PL/pgSQL function public.scout_run_declaration_one_challenge() line 11 at RAISE
2026-09-27 18:22:16.541 UTC [10034] STATEMENT:  INSERT INTO "ScoutRunDeclaration" (coach_id,intent_id,source_platform,account_scope_id_digest,challenge,declared_at)
	    VALUES ('other-coach','1e24e96d-7015-4be4-b8b6-a4309a0f1f66','synthetic-src-b',
	      encode(digest('synthetic-scope-1','sha256'),'hex'),decode(repeat('08',32),'hex'),
	      '2026-09-26 00:00:00')
2026-09-27 18:22:16.554 UTC [10036] ERROR:  G2-S10B declaration challenge differs within one run
2026-09-27 18:22:16.554 UTC [10036] CONTEXT:  PL/pgSQL function public.scout_run_declaration_one_challenge() line 11 at RAISE
2026-09-27 18:22:16.554 UTC [10036] STATEMENT:  INSERT INTO "ScoutRunDeclaration" (coach_id,intent_id,source_platform,account_scope_id_digest,challenge,declared_at)
	    VALUES ('other-coach','1e24e96d-7015-4be4-b8b6-a4309a0f1f66','synthetic-src-b',
	      encode(digest('synthetic-scope-1','sha256'),'hex'),decode(repeat('07',32),'hex'),
	      '2026-09-26 00:00:01')
2026-09-27 18:22:16.643 UTC [10050] ERROR:  new row for relation "ScoutRunDeclaration" violates check constraint "ScoutRunDeclaration_scope_digest_check"
2026-09-27 18:22:16.643 UTC [10050] DETAIL:  Failing row contains (coach, 47617204-ee31-4bad-93bc-29c8d3baac67, synthetic-src-a, raw-account-id, \x07070707070707070707070707070707070707070707070707070707070707..., 2026-09-26 00:00:00).
2026-09-27 18:22:16.643 UTC [10050] STATEMENT:  INSERT INTO "ScoutRunDeclaration" (coach_id,intent_id,source_platform,account_scope_id_digest,challenge,declared_at)
	    VALUES ('coach','47617204-ee31-4bad-93bc-29c8d3baac67','synthetic-src-a',
	      'raw-account-id',decode(repeat('07',32),'hex'),
	      '2026-09-26 00:00:00')
2026-09-27 18:22:16.661 UTC [10052] ERROR:  new row for relation "ScoutRunDeclaration" violates check constraint "ScoutRunDeclaration_challenge_check"
2026-09-27 18:22:16.661 UTC [10052] DETAIL:  Failing row contains (coach, 47617204-ee31-4bad-93bc-29c8d3baac67, synthetic-src-a, 92931c14ca0d532d778df624c261f6298f778663ccfc6ad704f774833c7491b3, \x00, 2026-09-26 00:00:00).
2026-09-27 18:22:16.661 UTC [10052] STATEMENT:  INSERT INTO "ScoutRunDeclaration" (coach_id,intent_id,source_platform,account_scope_id_digest,challenge,declared_at)
	    VALUES ('coach','47617204-ee31-4bad-93bc-29c8d3baac67','synthetic-src-a',
	      encode(digest('synthetic-scope-1','sha256'),'hex'),decode('00','hex'),
	      '2026-09-26 00:00:00')
2026-09-27 18:22:16.686 UTC [10056] ERROR:  new row for relation "ScoutRunObservation" violates check constraint "ScoutRunObservation_family_check"
2026-09-27 18:22:16.686 UTC [10056] DETAIL:  Failing row contains (2ef47950-4445-4a0a-b41d-01d42a51ea7b, coach, 47617204-ee31-4bad-93bc-29c8d3baac67, 1, synthetic-src-a, 92931c14ca0d532d778df624c261f6298f778663ccfc6ad704f774833c7491b3, notes, source_signed_enumeration, {"evidence_version": 1}, 3c5763d016c26246a8b8906f3eacf399cb980b20b7efd076acc4435ffd307789, 2026-09-26 00:00:00).
2026-09-27 18:22:16.686 UTC [10056] STATEMENT:  INSERT INTO "ScoutRunObservation" (id,coach_id,intent_id,execution_epoch,source_platform,account_scope_id_digest,
	      family,basis_kind,evidence,evidence_digest,received_at)
	    VALUES (gen_random_uuid()::text,'coach','47617204-ee31-4bad-93bc-29c8d3baac67',1,'synthetic-src-a',
	      encode(digest('synthetic-scope-1','sha256'),'hex'),'notes','source_signed_enumeration',
	      '{"evidence_version":1}'::jsonb,encode(digest('synthetic-evidence','sha256'),'hex'),'2026-09-26 00:00:00')
2026-09-27 18:22:16.698 UTC [10058] ERROR:  new row for relation "ScoutRunObservation" violates check constraint "ScoutRunObservation_epoch_check"
2026-09-27 18:22:16.698 UTC [10058] DETAIL:  Failing row contains (259c5e33-bbcd-44ed-9a35-c1527785b861, coach, 47617204-ee31-4bad-93bc-29c8d3baac67, 0, synthetic-src-a, 92931c14ca0d532d778df624c261f6298f778663ccfc6ad704f774833c7491b3, clients, source_signed_enumeration, {"evidence_version": 1}, 3c5763d016c26246a8b8906f3eacf399cb980b20b7efd076acc4435ffd307789, 2026-09-26 00:00:00).
2026-09-27 18:22:16.698 UTC [10058] STATEMENT:  INSERT INTO "ScoutRunObservation" (id,coach_id,intent_id,execution_epoch,source_platform,account_scope_id_digest,
	      family,basis_kind,evidence,evidence_digest,received_at)
	    VALUES (gen_random_uuid()::text,'coach','47617204-ee31-4bad-93bc-29c8d3baac67',0,'synthetic-src-a',
	      encode(digest('synthetic-scope-1','sha256'),'hex'),'clients','source_signed_enumeration',
	      '{"evidence_version":1}'::jsonb,encode(digest('synthetic-evidence','sha256'),'hex'),'2026-09-26 00:00:00')
2026-09-27 18:22:16.710 UTC [10060] ERROR:  new row for relation "ScoutRunObservation" violates check constraint "ScoutRunObservation_evidence_digest_check"
2026-09-27 18:22:16.710 UTC [10060] DETAIL:  Failing row contains (64c6e54f-5932-4f44-82db-92b768576c4d, coach, 47617204-ee31-4bad-93bc-29c8d3baac67, 1, synthetic-src-a, 92931c14ca0d532d778df624c261f6298f778663ccfc6ad704f774833c7491b3, clients, source_signed_enumeration, {"evidence_version": 1}, not-hex                                                         , 2026-09-26 00:00:00).
2026-09-27 18:22:16.710 UTC [10060] STATEMENT:  INSERT INTO "ScoutRunObservation" (id,coach_id,intent_id,execution_epoch,source_platform,account_scope_id_digest,
	      family,basis_kind,evidence,evidence_digest,received_at)
	    VALUES (gen_random_uuid()::text,'coach','47617204-ee31-4bad-93bc-29c8d3baac67',1,'synthetic-src-a',
	      encode(digest('synthetic-scope-1','sha256'),'hex'),'clients','source_signed_enumeration',
	      '{"evidence_version":1}'::jsonb,'not-hex','2026-09-26 00:00:00')
2026-09-27 18:22:41.124 UTC [10918] ERROR:  Run declaration or observation state exists; retain schema and use compatible forward repair
2026-09-27 18:22:41.124 UTC [10918] CONTEXT:  PL/pgSQL function inline_code_block line 50 at RAISE
2026-09-27 18:22:41.124 UTC [10918] STATEMENT:  DO $$
	BEGIN
	  -- S10-B exactly as shipped. Presence is tested first (by name, no regclass cast) so a pre-S10-B
	  -- database or a rerun receives this fixed text, not a raw undefined-table error; the table
	  -- locks are taken only once the relations are known to exist.
	  IF (
	    SELECT count(*) FROM pg_catalog.pg_class t
	    WHERE t.oid IN (to_regclass('public."ScoutRunDeclaration"'), to_regclass('public."ScoutRunObservation"'),
	                    to_regclass('public."ScoutRunSettledBasis"'))
	      AND t.relkind = 'r' AND t.relrowsecurity AND t.relforcerowsecurity
	  ) <> 3 OR to_regprocedure('public.scout_run_observation_insert_only()') IS NULL
	    OR to_regprocedure('public.scout_run_declaration_one_challenge()') IS NULL THEN
	    RAISE EXCEPTION 'G2-S10B observation tables absent';
	  END IF;
	  LOCK TABLE public."ScoutRunObservation", public."ScoutRunDeclaration", public."ScoutRunSettledBasis"
	    IN ACCESS EXCLUSIVE MODE;
	  IF (
	    SELECT count(*) FROM pg_catalog.pg_constraint c
	    WHERE c.contype = 'f' AND c.convalidated
	      AND c.confrelid IN (to_regclass('public."ScoutImport"'), to_regclass('public."ScoutRunDeclaration"'))
	      AND c.conname IN ('ScoutRunDeclaration_coach_id_intent_id_fkey', 'ScoutRunObservation_coach_id_intent_id_fkey',
	                        'ScoutRunObservation_declaration_fkey', 'ScoutRunSettledBasis_coach_id_intent_id_fkey')
	  ) <> 4 OR NOT EXISTS (
	    SELECT 1 FROM pg_catalog.pg_index i
	    WHERE i.indexrelid = to_regclass('public."ScoutRunObservation_unit_key"')
	      AND i.indrelid = 'public."ScoutRunObservation"'::regclass
	      AND i.indisunique AND i.indisvalid AND i.indpred IS NULL
	      AND pg_get_indexdef(i.indexrelid) =
	        'CREATE UNIQUE INDEX "ScoutRunObservation_unit_key" ON public."ScoutRunObservation" USING btree (coach_id, intent_id, execution_epoch, source_platform, account_scope_id_digest, family)'
	  ) OR (
	    SELECT count(*) FROM pg_catalog.pg_trigger g
	    WHERE NOT g.tgisinternal
	      AND g.tgrelid IN ('public."ScoutRunDeclaration"'::regclass, 'public."ScoutRunObservation"'::regclass,
	                        'public."ScoutRunSettledBasis"'::regclass)
	      AND g.tgname IN ('ScoutRunDeclaration_one_challenge', 'ScoutRunDeclaration_insert_only',
	                       'ScoutRunDeclaration_no_truncate', 'ScoutRunObservation_insert_only',
	                       'ScoutRunObservation_no_truncate', 'ScoutRunSettledBasis_insert_only',
	                       'ScoutRunSettledBasis_no_truncate')
	  ) <> 7 OR (
	    SELECT count(*) FROM pg_catalog.pg_policy p
	    WHERE p.polrelid IN ('public."ScoutRunDeclaration"'::regclass, 'public."ScoutRunObservation"'::regclass,
	                         'public."ScoutRunSettledBasis"'::regclass)
	  ) <> 9 THEN
	    RAISE EXCEPTION 'G2-S10B observation tables absent';
	  END IF;
	  -- Refuse to erase recorded S10 facts. Fixed, identifier-free text; nothing is named.
	  IF EXISTS (SELECT 1 FROM public."ScoutRunDeclaration")
	    OR EXISTS (SELECT 1 FROM public."ScoutRunObservation")
	    OR EXISTS (SELECT 1 FROM public."ScoutRunSettledBasis") THEN
	    RAISE EXCEPTION 'Run declaration or observation state exists; retain schema and use compatible forward repair';
	  END IF;
	END $$;
2026-09-27 18:22:41.228 UTC [10934] ERROR:  G2-S10B observation tables absent
2026-09-27 18:22:41.228 UTC [10934] CONTEXT:  PL/pgSQL function inline_code_block line 13 at RAISE
2026-09-27 18:22:41.228 UTC [10934] STATEMENT:  DO $$
	BEGIN
	  -- S10-B exactly as shipped. Presence is tested first (by name, no regclass cast) so a pre-S10-B
	  -- database or a rerun receives this fixed text, not a raw undefined-table error; the table
	  -- locks are taken only once the relations are known to exist.
	  IF (
	    SELECT count(*) FROM pg_catalog.pg_class t
	    WHERE t.oid IN (to_regclass('public."ScoutRunDeclaration"'), to_regclass('public."ScoutRunObservation"'),
	                    to_regclass('public."ScoutRunSettledBasis"'))
	      AND t.relkind = 'r' AND t.relrowsecurity AND t.relforcerowsecurity
	  ) <> 3 OR to_regprocedure('public.scout_run_observation_insert_only()') IS NULL
	    OR to_regprocedure('public.scout_run_declaration_one_challenge()') IS NULL THEN
	    RAISE EXCEPTION 'G2-S10B observation tables absent';
	  END IF;
	  LOCK TABLE public."ScoutRunObservation", public."ScoutRunDeclaration", public."ScoutRunSettledBasis"
	    IN ACCESS EXCLUSIVE MODE;
	  IF (
	    SELECT count(*) FROM pg_catalog.pg_constraint c
	    WHERE c.contype = 'f' AND c.convalidated
	      AND c.confrelid IN (to_regclass('public."ScoutImport"'), to_regclass('public."ScoutRunDeclaration"'))
	      AND c.conname IN ('ScoutRunDeclaration_coach_id_intent_id_fkey', 'ScoutRunObservation_coach_id_intent_id_fkey',
	                        'ScoutRunObservation_declaration_fkey', 'ScoutRunSettledBasis_coach_id_intent_id_fkey')
	  ) <> 4 OR NOT EXISTS (
	    SELECT 1 FROM pg_catalog.pg_index i
	    WHERE i.indexrelid = to_regclass('public."ScoutRunObservation_unit_key"')
	      AND i.indrelid = 'public."ScoutRunObservation"'::regclass
	      AND i.indisunique AND i.indisvalid AND i.indpred IS NULL
	      AND pg_get_indexdef(i.indexrelid) =
	        'CREATE UNIQUE INDEX "ScoutRunObservation_unit_key" ON public."ScoutRunObservation" USING btree (coach_id, intent_id, execution_epoch, source_platform, account_scope_id_digest, family)'
	  ) OR (
	    SELECT count(*) FROM pg_catalog.pg_trigger g
	    WHERE NOT g.tgisinternal
	      AND g.tgrelid IN ('public."ScoutRunDeclaration"'::regclass, 'public."ScoutRunObservation"'::regclass,
	                        'public."ScoutRunSettledBasis"'::regclass)
	      AND g.tgname IN ('ScoutRunDeclaration_one_challenge', 'ScoutRunDeclaration_insert_only',
	                       'ScoutRunDeclaration_no_truncate', 'ScoutRunObservation_insert_only',
	                       'ScoutRunObservation_no_truncate', 'ScoutRunSettledBasis_insert_only',
	                       'ScoutRunSettledBasis_no_truncate')
	  ) <> 7 OR (
	    SELECT count(*) FROM pg_catalog.pg_policy p
	    WHERE p.polrelid IN ('public."ScoutRunDeclaration"'::regclass, 'public."ScoutRunObservation"'::regclass,
	                         'public."ScoutRunSettledBasis"'::regclass)
	  ) <> 9 THEN
	    RAISE EXCEPTION 'G2-S10B observation tables absent';
	  END IF;
	  -- Refuse to erase recorded S10 facts. Fixed, identifier-free text; nothing is named.
	  IF EXISTS (SELECT 1 FROM public."ScoutRunDeclaration")
	    OR EXISTS (SELECT 1 FROM public."ScoutRunObservation")
	    OR EXISTS (SELECT 1 FROM public."ScoutRunSettledBasis") THEN
	    RAISE EXCEPTION 'Run declaration or observation state exists; retain schema and use compatible forward repair';
	  END IF;
	END $$;
2026-09-27 18:22:41.314 UTC [10944] ERROR:  G2-S10B observation tables already present
2026-09-27 18:22:41.314 UTC [10944] CONTEXT:  PL/pgSQL function inline_code_block line 48 at RAISE
2026-09-27 18:22:41.314 UTC [10944] STATEMENT:  DO $$
	BEGIN
	  -- Accepted run identity: the (coach_id, intent_id) key on an RLS-forced table, exactly as shipped.
	  IF NOT EXISTS (
	    SELECT 1 FROM pg_catalog.pg_index i
	    JOIN pg_catalog.pg_class t ON t.oid = i.indrelid
	    WHERE i.indexrelid = to_regclass('public."ScoutImport_coach_id_intent_id_key"')
	      AND i.indrelid = to_regclass('public."ScoutImport"')
	      AND t.relkind = 'r' AND t.relrowsecurity AND t.relforcerowsecurity
	      AND i.indisunique AND i.indisvalid AND i.indisready AND i.indimmediate
	      AND i.indnkeyatts = i.indnatts AND i.indpred IS NULL AND i.indexprs IS NULL
	      AND pg_get_indexdef(i.indexrelid) =
	        'CREATE UNIQUE INDEX "ScoutImport_coach_id_intent_id_key" ON public."ScoutImport" USING btree (coach_id, intent_id)'
	  ) THEN
	    RAISE EXCEPTION 'G2-S10B unexpected run identity prerequisite';
	  END IF;
	  -- Run key columns exactly as shipped, and S7-L1's epoch (the observation binding) present.
	  IF NOT EXISTS (
	    SELECT 1 FROM pg_catalog.pg_attribute a
	    WHERE a.attrelid = 'public."ScoutImport"'::regclass AND a.attname = 'coach_id'
	      AND NOT a.attisdropped AND a.atttypid = 'text'::regtype AND a.attnotnull
	  ) OR NOT EXISTS (
	    SELECT 1 FROM pg_catalog.pg_attribute a
	    WHERE a.attrelid = 'public."ScoutImport"'::regclass AND a.attname = 'intent_id'
	      AND NOT a.attisdropped AND a.atttypid = 'text'::regtype AND a.attnotnull
	  ) OR NOT EXISTS (
	    SELECT 1 FROM pg_catalog.pg_attribute a
	    WHERE a.attrelid = 'public."ScoutImport"'::regclass AND a.attname = 'execution_epoch'
	      AND NOT a.attisdropped AND a.atttypid = 'int4'::regtype AND a.attnotnull
	  ) THEN
	    RAISE EXCEPTION 'G2-S10B unexpected run column prerequisite';
	  END IF;
	  -- Nothing this file creates may already exist under its name: refused, never dropped or adopted.
	  IF to_regclass('public."ScoutRunDeclaration"') IS NOT NULL
	    OR to_regclass('public."ScoutRunObservation"') IS NOT NULL
	    OR to_regclass('public."ScoutRunSettledBasis"') IS NOT NULL
	    OR to_regclass('public."ScoutRunDeclaration_pkey"') IS NOT NULL
	    OR to_regclass('public."ScoutRunObservation_pkey"') IS NOT NULL
	    OR to_regclass('public."ScoutRunObservation_unit_key"') IS NOT NULL
	    OR to_regclass('public."ScoutRunSettledBasis_pkey"') IS NOT NULL
	    OR to_regprocedure('public.scout_run_observation_insert_only()') IS NOT NULL
	    OR to_regprocedure('public.scout_run_declaration_one_challenge()') IS NOT NULL
	    OR EXISTS (
	      SELECT 1 FROM pg_catalog.pg_constraint
	      WHERE connamespace = 'public'::regnamespace
	        AND conname LIKE ANY (ARRAY['ScoutRunDeclaration\_%', 'ScoutRunObservation\_%', 'ScoutRunSettledBasis\_%'])
	    ) THEN
	    RAISE EXCEPTION 'G2-S10B observation tables already present';
	  END IF;
	END $$;
2026-09-27 18:23:23.696 UTC [11756] ERROR:  duplicate key value violates unique constraint "ScoutImportCompletion_coach_id_intent_id_key"
2026-09-27 18:23:23.696 UTC [11756] DETAIL:  Key (coach_id, intent_id)=(coach, 6db8fef3-3aff-4893-9362-7076fb335a3d) already exists.
2026-09-27 18:23:23.696 UTC [11756] STATEMENT:  INSERT INTO "public"."ScoutImportCompletion" ("id","coach_id","intent_id","terminal_status","completed_at") VALUES ($1,$2,$3,$4,$5) RETURNING "public"."ScoutImportCompletion"."id", "public"."ScoutImportCompletion"."coach_id", "public"."ScoutImportCompletion"."intent_id", "public"."ScoutImportCompletion"."terminal_status", "public"."ScoutImportCompletion"."final_counts", "public"."ScoutImportCompletion"."error_summary", "public"."ScoutImportCompletion"."completed_at"
2026-09-27 18:24:09.167 UTC [7904] LOG:  received fast shutdown request
2026-09-27 18:24:09.167 UTC [7904] LOG:  aborting any active transactions
2026-09-27 18:24:09.169 UTC [7904] LOG:  background worker "logical replication launcher" (PID 7910) exited with exit code 1
2026-09-27 18:24:09.170 UTC [7905] LOG:  shutting down
2026-09-27 18:24:09.170 UTC [7905] LOG:  checkpoint starting: shutdown immediate
2026-09-27 18:24:09.200 UTC [7905] LOG:  checkpoint complete: wrote 1859 buffers (11.3%); 0 WAL file(s) added, 0 removed, 1 recycled; write=0.030 s, sync=0.001 s, total=0.031 s; sync files=0, longest=0.000 s, average=0.000 s; distance=14874 kB, estimate=14874 kB; lsn=0/235FCD8, redo lsn=0/235FCD8
2026-09-27 18:24:09.210 UTC [7904] LOG:  database system is shut down
