2026-09-26T01:12:25Z ACQUIRED pid=22578 fd9 inode=692282 lslocks=1 donor=/home/user/workspace/worktrees/1910a060-s8f/node_modules prefix=/home/user/workspace/execution/1910a060/runtime/tools/prettier-3.9.9 base=9497ca5275938c9228c6ec6fa0dfa8c34f39f724 addendum=1
2026-09-26T01:12:25Z node=v20.20.1 npm=10.8.2
22851 /bin/sh /usr/bin/git diff --name-only 9497ca5275938c9228c6ec6fa0dfa8c34f39f724 HEAD -- prisma
22855 python3 /usr/local/bin/asi-cli-telemetry record {"source_id":"github_mcp_direct","exit_code":0,"start_ns":1790385146639046402,"command":"diff --name-only 9497ca5275938c9228c6ec6fa0dfa8c34f39f724 HEAD -- prisma","stderr":""}
2026-09-26T01:12:26Z WARN other heavy processes present (recorded)
2026-09-26T01:12:26Z DONOR_HEAD=e1ec2fecb71f315b6721d426ba0dacb84f304498 DONOR_HIDDEN_LOCK=05bc530aa44bfa6df64f0daa8edb66c5181abf4bfbc309bd8da2c8aff37b6a44 DONOR_CLIENT_INDEX_DTS=9042e713ba5678c99959a345b7b18a60dfc186b2c7d890b8d9c3ed5c8f4edcc6 DONOR_CLIENT_SCHEMA=b84392033ab86776533007505c31f57930307a210844067a7407ed20d25abf3e DONOR_ENTRIES=649
2026-09-26T01:12:46Z CP_A rc=0 secs=20 NM_ENTRIES=649 NM_HIDDEN_LOCK=05bc530aa44bfa6df64f0daa8edb66c5181abf4bfbc309bd8da2c8aff37b6a44 NM_CLIENT_INDEX_DTS=9042e713ba5678c99959a345b7b18a60dfc186b2c7d890b8d9c3ed5c8f4edcc6
2026-09-26T01:12:46Z NM_CLIENT_INDEX_DTS=9042e713ba5678c99959a345b7b18a60dfc186b2c7d890b8d9c3ed5c8f4edcc6 NM_CLIENT_SCHEMA=b84392033ab86776533007505c31f57930307a210844067a7407ed20d25abf3e
2026-09-26T01:12:46Z LEFTHOOK_VERSION=2.1.9
2026-09-26T01:12:47Z LEFTHOOK_INSTALL rc=0
2026-09-26T01:12:47Z LEFTHOOK_VERSION_CHECK=2.1.9 expect=2.1.9
2026-09-26T01:12:47Z HOOK_RAW own pre-commit=f5f5a3667cf772e6085d7a6be43d8ff5a7de5dc06425a2481479df1344622a1d commit-msg=2492ace58237f542625202f2be7a9b504c5e0c3b85ae6474aae20554878315ec | ref(/home/user/workspace/worktrees/1910a060-s8f) pre-commit=e21bece648d1a2a72fa38e1323dc61d3558e349ff25f764d1c98b494f8af06b1 commit-msg=277018c46292e87a96e872b68fc792b09f7e1359cafd7ec891ae1586387160b9
2026-09-26T01:12:47Z HOOK_NORMALIZED own pre-commit=9dcf80f409a026d9d672c015b6356ff3983f08a0541d2283b58c3fb1af5c0298 commit-msg=4ab9b41920737c96c2b28aba37fbf9d30024fc79e0e8cf5d1860303ff2e69f87 | ref pre-commit=9dcf80f409a026d9d672c015b6356ff3983f08a0541d2283b58c3fb1af5c0298 commit-msg=4ab9b41920737c96c2b28aba37fbf9d30024fc79e0e8cf5d1860303ff2e69f87
2026-09-26T01:12:47Z HOOK_OK own hooks reference /home/user/workspace/worktrees/1910a060-s9b/node_modules/lefthook-linux-x64/bin/lefthook
2026-09-26T01:12:47Z PREFIX_VERIFY rc=0 ok_lines=56 manifest_lines=56 readlink=../lib/node_modules/prettier/bin/prettier.cjs
2026-09-26T01:12:48Z NPX_PRETTIER_VERSION=3.9.9
2026-09-26T01:12:48Z PRETTIER_FILES=src/scout/reconciliation/facts.service.ts src/scout/reconciliation/reconciliation.module.ts test/rls-g2-s9.spec.ts test/scout/g2-s9-db-guard.spec.ts test/scout/reconciliation/facts.service.spec.ts test/utils/g2-s9-db.ts test/utils/g2-s9-harness.ts test/utils/g2-s9-pg-harness.ts test/utils/g2-s9-worker.cjs docs/decisions/2026-09-25-s9-reconciliation.md 
2026-09-26T01:12:50Z PRETTIER_CHECK_1 rc=0
2026-09-26T01:12:50Z POSTFORMAT src/scout/reconciliation/facts.service.ts sha256=a760fb6a2a9962a6b2a1decc6df4321ae80b017b9dd8bce0c00d5585eab8e40d lines=842
2026-09-26T01:12:50Z POSTFORMAT src/scout/reconciliation/reconciliation.module.ts sha256=48040a5af6e3598475eb7423cb42a25dee711bbc6bd6c87903e6cec292406e8a lines=20
2026-09-26T01:12:50Z POSTFORMAT test/rls-g2-s9.spec.ts sha256=f20099a165e5b0b04a10c7919f7844c5822a63bba1b9ad26cbfa39bb9a5883c1 lines=744
2026-09-26T01:12:50Z POSTFORMAT test/scout/g2-s9-db-guard.spec.ts sha256=a99cf9c9e9cef10290d63b52fd773dcecfa22669933532fe78a61dd1e66e4fbf lines=189
2026-09-26T01:12:50Z POSTFORMAT test/scout/reconciliation/facts.service.spec.ts sha256=aa41b3a781597270104f03b8d2f011056ae8f79a7fc676a4699a252c9b92d439 lines=884
2026-09-26T01:12:50Z POSTFORMAT test/utils/g2-s9-bootstrap.sh sha256=8799525798ce64c4133167770d15cb301b8318d096c01c004124f1bb85974386 lines=237
2026-09-26T01:12:50Z POSTFORMAT test/utils/g2-s9-db.ts sha256=39ba033bea0402483287da1a59e805b778a652286c359e807c363f5d87ba2ae9 lines=157
2026-09-26T01:12:50Z POSTFORMAT test/utils/g2-s9-harness.ts sha256=0378563b3681bb296a6f528c3492dfccef610d50014f1227d38679ada5a51732 lines=237
2026-09-26T01:12:50Z POSTFORMAT test/utils/g2-s9-pg-harness.ts sha256=3a6bd56a555715184d52bc9872c6ceec8ec0a68f8690a203fe24ebaebe871469 lines=260
2026-09-26T01:12:50Z POSTFORMAT test/utils/g2-s9-worker.cjs sha256=028979e9f44244ce51cf474d367f1c7a23752d3ce8d15add832d7b5cf44a42d6 lines=198
2026-09-26T01:12:50Z POSTFORMAT docs/decisions/2026-09-25-s9-reconciliation.md sha256=7c516a6303967e7394a75855d32d3ebfc00b9f37da7359810d6f35cf796ce4a6 lines=632
2026-09-26T01:12:50Z DOC_DELTA_POSTFORMAT 99/0 (pre-format 99/0; additions may differ only by prettier reflow of Addendum A)
2026-09-26T01:12:52Z ESLINT rc=0
2026-09-26T01:13:38Z TSC rc=0 lines=0
2026-09-26T01:13:39Z R75_WORKTREE not run: scripts/check-r75.js at BASE has only --mode=staged|range (no worktree mode; S9B-GATE-2 rc=2). R75 is enforced by --mode=staged at STAGE=stage and by the pre-commit hook.
2026-09-26T01:13:52Z JEST_TARGETED rc=0
Test Suites: 8 passed, 8 total
Tests:       356 passed, 356 total
Snapshots:   0 total
Time:        13.132 s
2026-09-26T01:25:14Z JEST_FULL rc=0 secs=682
Test Suites: 12 skipped, 576 passed, 576 of 588 total
Tests:       159 skipped, 5 todo, 9233 passed, 9397 total
Snapshots:   6 passed, 6 total
Time:        680.92 s
2026-09-26T01:25:15Z STAGED_TREE=db6dde16c212ee1d2cf42da6bc71bacb68452b8e
2026-09-26T01:25:15Z STAGED_BLOB src/scout/reconciliation/facts.service.ts 5ecd690182ba882c0a309d180c049c75a7861760
2026-09-26T01:25:15Z STAGED_BLOB src/scout/reconciliation/reconciliation.module.ts 9b88c2279c79ea8def155bb283bb3b8fce97924c
2026-09-26T01:25:15Z STAGED_BLOB test/rls-g2-s9.spec.ts cbde1f538ba88293a0d431f06db19d69825c01e0
2026-09-26T01:25:15Z STAGED_BLOB test/scout/g2-s9-db-guard.spec.ts 1a719b2208b1f7bebca11bddf4a6b2d195ac735e
2026-09-26T01:25:15Z STAGED_BLOB test/scout/reconciliation/facts.service.spec.ts b708ac854023a56414950be117b698b8338f5ce7
2026-09-26T01:25:15Z STAGED_BLOB test/utils/g2-s9-bootstrap.sh ce61b5866922c88f3766df888eafda2f00bcac74
2026-09-26T01:25:15Z STAGED_BLOB test/utils/g2-s9-db.ts 02ee7bc8b580889c89ccba448ee288c000b48ea1
2026-09-26T01:25:15Z STAGED_BLOB test/utils/g2-s9-harness.ts cdbf154313d504d5c45c7b058bd1169b11f81a2f
2026-09-26T01:25:15Z STAGED_BLOB test/utils/g2-s9-pg-harness.ts 88f3d0506b6e1835cd8628d9ff4f465b46d22cc8
2026-09-26T01:25:15Z STAGED_BLOB test/utils/g2-s9-worker.cjs 9fcff4c9f8deb7e800e9db1dd4daf66a4ec45e5b
2026-09-26T01:25:15Z STAGED_BLOB docs/decisions/2026-09-25-s9-reconciliation.md 2fae1e07e480e3ac00962c359e608167f42906c1
2026-09-26T01:25:17Z R75_STAGED rc=0
✔️ prod-readiness-quick (0.01 seconds)
✔️ banned-cast-tokens (0.33 seconds)
✔️ prettier (2.52 seconds)
✔️ eslint (3.88 seconds)
✔️ tsc (45.79 seconds)
[38;2;0;0;0m╭[38;2;5;5;5m─[38;2;11;11;11m─[38;2;16;16;16m─[38;2;19;19;19m─[38;2;23;23;23m─[38;2;26;26;26m─[38;2;29;29;29m─[38;2;32;32;32m─[38;2;35;35;35m─[38;2;39;39;39m─[38;2;42;42;42m─[38;2;45;45;45m─[38;2;49;49;49m─[38;2;52;52;52m─[38;2;56;56;56m─[38;2;56;56;56m─[38;2;52;52;52m─[38;2;49;49;49m─[38;2;45;45;45m─[38;2;42;42;42m─[38;2;39;39;39m─[38;2;35;35;35m─[38;2;32;32;32m─[38;2;29;29;29m─[38;2;26;26;26m─[38;2;23;23;23m─[38;2;19;19;19m─[38;2;16;16;16m─[38;2;11;11;11m─[38;2;5;5;5m─[38;2;0;0;0m─[38;2;0;0;0m─[38;2;6;6;6m─[38;2;12;12;12m─[38;2;17;17;17m─[38;2;20;20;20m─[38;2;24;24;24m─[38;2;27;27;27m─[38;2;31;31;31m─[38;2;34;34;34m─[38;2;38;38;38m─[38;2;41;41;41m╮[m
[38;2;0;0;0m│[m 🥊 lefthook  v2.1.9   hook:  [1mcommit-msg[m [38;2;52;52;52m│[m
[38;2;6;6;6m╰[38;2;12;12;12m─[38;2;17;17;17m─[38;2;20;20;20m─[38;2;24;24;24m─[38;2;27;27;27m─[38;2;31;31;31m─[38;2;34;34;34m─[38;2;38;38;38m─[38;2;41;41;41m─[38;2;45;45;45m─[38;2;48;48;48m─[38;2;52;52;52m─[38;2;56;56;56m─[38;2;56;56;56m─[38;2;52;52;52m─[38;2;48;48;48m─[38;2;45;45;45m─[38;2;41;41;41m─[38;2;38;38;38m─[38;2;34;34;34m─[38;2;31;31;31m─[38;2;27;27;27m─[38;2;24;24;24m─[38;2;20;20;20m─[38;2;17;17;17m─[38;2;12;12;12m─[38;2;6;6;6m─[38;2;0;0;0m─[38;2;0;0;0m─[38;2;6;6;6m─[38;2;12;12;12m─[38;2;17;17;17m─[38;2;20;20;20m─[38;2;24;24;24m─[38;2;27;27;27m─[38;2;31;31;31m─[38;2;34;34;34m─[38;2;38;38;38m─[38;2;41;41;41m─[38;2;45;45;45m─[38;2;48;48;48m─[38;2;52;52;52m╯[m
┃  no-ai-tokens ❯ 

[38;2;56;56;56m  ────────────────────────────────────[m
summary: (done in 0.01 seconds)
✔️ no-ai-tokens (0.01 seconds)
[exec1910/s9b 1e6e5735] feat(scout): S9-B reconciliation facts collector and real-PG proof harness
 11 files changed, 3867 insertions(+)
 create mode 100644 src/scout/reconciliation/facts.service.ts
 create mode 100644 src/scout/reconciliation/reconciliation.module.ts
 create mode 100644 test/rls-g2-s9.spec.ts
 create mode 100644 test/scout/g2-s9-db-guard.spec.ts
 create mode 100644 test/scout/reconciliation/facts.service.spec.ts
 create mode 100755 test/utils/g2-s9-bootstrap.sh
 create mode 100644 test/utils/g2-s9-db.ts
 create mode 100644 test/utils/g2-s9-harness.ts
 create mode 100644 test/utils/g2-s9-pg-harness.ts
 create mode 100644 test/utils/g2-s9-worker.cjs
2026-09-26T01:26:03Z GIT_COMMIT rc=0
2026-09-26T01:26:03Z HEAD=1e6e5735384a434804bce223c1599162bc660983 TREE=db6dde16c212ee1d2cf42da6bc71bacb68452b8e author=Bradley Gleave <bradley@bradleytgpcoaching.com> / Bradley Gleave <bradley@bradleytgpcoaching.com> / 2026-09-26T01:25:17Z parent=9497ca5275938c9228c6ec6fa0dfa8c34f39f724
2026-09-26T01:26:05Z DONE head=1e6e5735384a434804bce223c1599162bc660983 tree=db6dde16c212ee1d2cf42da6bc71bacb68452b8e (not pushed; parent owns landing; PG proof is a separate grant via ../binding)
2026-09-26T01:26:05Z RELEASING stage=done rc=0 (fd9 closes at exit; lock file preserved)
