[32m[Nest] 16420  - [39m09/27/2026, 7:16:17 PM [32m    LOG[39m [38;5;3m[ScoutReconstructService] [39m[32mscout.reconstruct run pass completed {"intent_id":"559298e3-7f98-4c70-8ca3-ca59ea42e8ca","coach_id":"s10u-a","epoch":1,"stopped":null,"families":[{"token":"u10-routines","family":"workouts","staged":1,"reconstructed":1,"skipped":0,"failed":0,"stopped":null},{"token":"u10-sessions","family":"workouts","staged":1,"reconstructed":1,"skipped":0,"failed":0,"stopped":null}],"unmapped_families":[]}[39m
[32m[Nest] 16420  - [39m09/27/2026, 7:16:17 PM [32m    LOG[39m [38;5;3m[ScoutReconstructService] [39m[32mscout.reconstruct run pass completed {"intent_id":"f5b2e107-969e-41b6-9431-903105e8470e","coach_id":"s10u-replay","epoch":1,"stopped":null,"families":[{"token":"u10-routines","family":"workouts","staged":1,"reconstructed":1,"skipped":0,"failed":0,"stopped":null},{"token":"u10-sessions","family":"workouts","staged":1,"reconstructed":1,"skipped":0,"failed":0,"stopped":null}],"unmapped_families":[]}[39m
[32m[Nest] 16420  - [39m09/27/2026, 7:16:18 PM [32m    LOG[39m [38;5;3m[ScoutReconstructService] [39m[32mscout.reconstruct run pass completed {"intent_id":"9d6396b6-6d9e-4172-afb0-88b03efc28f1","coach_id":"s10u-replay","epoch":1,"stopped":null,"families":[{"token":"u10-routines","family":"workouts","staged":1,"reconstructed":1,"skipped":0,"failed":0,"stopped":null},{"token":"u10-sessions","family":"workouts","staged":1,"reconstructed":1,"skipped":0,"failed":0,"stopped":null}],"unmapped_families":[]}[39m
[32m[Nest] 16420  - [39m09/27/2026, 7:16:18 PM [32m    LOG[39m [38;5;3m[ScoutReconstructService] [39m[32mscout.reconstruct run pass completed {"intent_id":"69a4c31f-bdf4-437b-8f46-22f387489156","coach_id":"s10u-b","epoch":1,"stopped":null,"families":[{"token":"u10-routines","family":"workouts","staged":1,"reconstructed":1,"skipped":0,"failed":0,"stopped":null},{"token":"u10-sessions","family":"workouts","staged":1,"reconstructed":1,"skipped":0,"failed":0,"stopped":null}],"unmapped_families":[]}[39m
[32m[Nest] 16420  - [39m09/27/2026, 7:16:18 PM [32m    LOG[39m [38;5;3m[ScoutReconstructService] [39m[32mscout.reconstruct run pass completed {"intent_id":"0d28965f-6243-4937-bfb2-7788442f6496","coach_id":"s10u-c","epoch":1,"stopped":null,"families":[{"token":"u10-routines","family":"workouts","staged":1,"reconstructed":1,"skipped":0,"failed":0,"stopped":null},{"token":"u10-sessions","family":"workouts","staged":2,"reconstructed":2,"skipped":0,"failed":0,"stopped":null}],"unmapped_families":[]}[39m
[32m[Nest] 16420  - [39m09/27/2026, 7:16:18 PM [32m    LOG[39m [38;5;3m[ScoutReconstructService] [39m[32mscout.reconstruct run pass completed {"intent_id":"967ec86c-05a9-47fe-bf90-ba97cc06d16e","coach_id":"s10u-d","epoch":1,"stopped":null,"families":[{"token":"u10-routines","family":"workouts","staged":1,"reconstructed":1,"skipped":0,"failed":0,"stopped":null},{"token":"u10-sessions","family":"workouts","staged":1,"reconstructed":1,"skipped":0,"failed":0,"stopped":null},{"token":"client_history","family":null,"staged":1,"reconstructed":0,"skipped":1,"failed":0,"stopped":null}],"unmapped_families":["client_history"]}[39m
[32m[Nest] 16420  - [39m09/27/2026, 7:16:18 PM [32m    LOG[39m [38;5;3m[ScoutReconstructService] [39m[32mscout.reconstruct run pass completed {"intent_id":"95b5dca8-3305-46b4-b4c2-ee12adf1c2f5","coach_id":"s10u-e","epoch":1,"stopped":null,"families":[{"token":"u10-routines","family":"workouts","staged":1,"reconstructed":1,"skipped":0,"failed":0,"stopped":null},{"token":"u10-sessions","family":"workouts","staged":1,"reconstructed":1,"skipped":0,"failed":0,"stopped":null}],"unmapped_families":[]}[39m
[32m[Nest] 16420  - [39m09/27/2026, 7:16:18 PM [32m    LOG[39m [38;5;3m[ScoutReconstructService] [39m[32mscout.reconstruct run pass completed {"intent_id":"bb1ba62c-25b8-416b-ba0e-c430972bd808","coach_id":"s10u-f","epoch":1,"stopped":null,"families":[{"token":"u10-routines","family":"workouts","staged":1,"reconstructed":1,"skipped":0,"failed":0,"stopped":null},{"token":"u10-sessions","family":"workouts","staged":1,"reconstructed":1,"skipped":0,"failed":0,"stopped":null}],"unmapped_families":[]}[39m
[32m[Nest] 16420  - [39m09/27/2026, 7:16:19 PM [32m    LOG[39m [38;5;3m[ScoutReconstructService] [39m[32mscout.reconstruct run pass completed {"intent_id":"f2b304f1-c976-41b8-9edb-b38faeb61a6b","coach_id":"s10u-g","epoch":1,"stopped":null,"families":[{"token":"u10-routines","family":"workouts","staged":1,"reconstructed":1,"skipped":0,"failed":0,"stopped":null},{"token":"u10-sessions","family":"workouts","staged":1,"reconstructed":1,"skipped":0,"failed":0,"stopped":null},{"token":"programs","family":null,"staged":1,"reconstructed":0,"skipped":1,"failed":0,"stopped":null}],"unmapped_families":["programs"]}[39m
[32m[Nest] 16420  - [39m09/27/2026, 7:16:19 PM [32m    LOG[39m [38;5;3m[ScoutReconstructService] [39m[32mscout.reconstruct run pass completed {"intent_id":"e1fc1a1d-fd86-4824-8e48-6a816ca2e602","coach_id":"s10u-h","epoch":1,"stopped":null,"families":[{"token":"u10-members","family":"clients","staged":2,"reconstructed":2,"skipped":0,"failed":0,"stopped":null},{"token":"u10-routines","family":"workouts","staged":1,"reconstructed":1,"skipped":0,"failed":0,"stopped":null},{"token":"u10-sessions","family":"workouts","staged":1,"reconstructed":1,"skipped":0,"failed":0,"stopped":null}],"unmapped_families":[]}[39m
[32m[Nest] 16420  - [39m09/27/2026, 7:16:19 PM [32m    LOG[39m [38;5;3m[ScoutReconstructService] [39m[32mscout.reconstruct run pass completed {"intent_id":"1644f8b5-5e1e-4142-9a9d-086f1afc7779","coach_id":"s10u-i","epoch":1,"stopped":null,"families":[{"token":"u10-members","family":"clients","staged":3,"reconstructed":2,"skipped":1,"failed":0,"stopped":null},{"token":"u10-routines","family":"workouts","staged":1,"reconstructed":1,"skipped":0,"failed":0,"stopped":null},{"token":"u10-sessions","family":"workouts","staged":1,"reconstructed":1,"skipped":0,"failed":0,"stopped":null}],"unmapped_families":[]}[39m
PASS test/scout/s10/s10-unseen.pg.spec.ts (15.909 s)
  s10_unseen — NEW SOURCE → CORE DIFF = 0, live on PG17 (R39, R41)
    ✓ R39 (a) all declared units verified → complete (one settled basis, source-signed) (3850 ms)
    ✓ R41 replaying the intent over the same source ids creates no second native row (411 ms)
    ✓ R39 (b) nativeRules 'absent' → partial / unresolved_identities (212 ms)
    ✓ R39 (c) a client-linked row → partial (no native client principal, D-S8-2) (211 ms)
    ✓ R39 (d) staged undeclared client_history → unresolved_family (162 ms)
    ✓ R39 (e) one declared family unproven → coverage_basis_unknown (164 ms)
    ✓ R39 (f) extension-signed statements only → coverage_basis_unknown (175 ms)
    ✓ R27 live: canonical-token programs row is covered but unmapped by the pass → partial (234 ms)
    ✓ (h) staged clients rows → complete: the S8-D1 typed person handoff lets S9 verify the roster Persons (InvitePending, no User; roster_bridge_pending still carried) (282 ms)
    ✓ (i) A1 rail: a second raw client id that trims to the same person is refused → partial / unresolved_identities, ONE Person, one verified row (265 ms)

Test Suites: 1 passed, 1 total
Tests:       10 passed, 10 total
Snapshots:   0 total
Time:        16.151 s
Ran all test suites within paths "test/scout/s10/s10-unseen.pg.spec.ts".
