PASS rls-live test/rls-g2-s10b.spec.ts (138.664 s)
  ● Console

    console.warn
      PG17_PROCESS {"name":"g2s10b_1","options":{"action":"start","coach":"coach","intent":"f80a0d54-9d12-454e-992e-64eb931d1e3e"},"result":{"intent_id":"f80a0d54-9d12-454e-992e-64eb931d1e3e","mode":"server","phase":"discovering","execution_epoch":1,"accepted_start_at":"2026-09-27T19:12:55.351Z","deadline_at":"2026-09-27T19:17:55.351Z"},"queries":3,"pid":12465}

      168 |       }
      169 |       // Query shapes, outcomes, fixture identifiers and process IDs only; never parameters.
    > 170 |       console.warn(
          |               ^
      171 |         'PG17_PROCESS',
      172 |         JSON.stringify({
      173 |           name,

      at settleWorker (test/utils/g2-s10b-pg-harness.ts:170:15)
      at ChildProcess.<anonymous> (test/utils/g2-s10b-pg-harness.ts:189:7)

    console.warn
      PG17_PROCESS {"name":"g2s10b_2","options":{"registry":{"synthetic-src-a":["clients","programs","workouts"],"synthetic-src-b":["clients"]},"action":"declare","coach":"coach","intent":"f80a0d54-9d12-454e-992e-64eb931d1e3e"},"result":{"intent_id":"f80a0d54-9d12-454e-992e-64eb931d1e3e","challenge_b64":"RcxYe05qjX1lvNEWVqHGwYL5whkWhUconCf9Gq36Mj8=","declared_at":"2026-09-27T19:12:57.346Z"},"queries":11,"pid":12494}

      168 |       }
      169 |       // Query shapes, outcomes, fixture identifiers and process IDs only; never parameters.
    > 170 |       console.warn(
          |               ^
      171 |         'PG17_PROCESS',
      172 |         JSON.stringify({
      173 |           name,

      at settleWorker (test/utils/g2-s10b-pg-harness.ts:170:15)
      at ChildProcess.<anonymous> (test/utils/g2-s10b-pg-harness.ts:189:7)

    console.warn
      PG17_PROCESS {"name":"g2s10b_3","options":{"registry":{"synthetic-src-a":["clients","programs","workouts"],"synthetic-src-b":["clients"]},"action":"declare","coach":"coach","intent":"f80a0d54-9d12-454e-992e-64eb931d1e3e"},"result":{"intent_id":"f80a0d54-9d12-454e-992e-64eb931d1e3e","challenge_b64":"RcxYe05qjX1lvNEWVqHGwYL5whkWhUconCf9Gq36Mj8=","declared_at":"2026-09-27T19:12:57.346Z"},"queries":6,"pid":12525}

      168 |       }
      169 |       // Query shapes, outcomes, fixture identifiers and process IDs only; never parameters.
    > 170 |       console.warn(
          |               ^
      171 |         'PG17_PROCESS',
      172 |         JSON.stringify({
      173 |           name,

      at settleWorker (test/utils/g2-s10b-pg-harness.ts:170:15)
      at ChildProcess.<anonymous> (test/utils/g2-s10b-pg-harness.ts:189:7)

    console.warn
      PG17_PROCESS {"name":"g2s10b_4","options":{"action":"start","coach":"coach","intent":"45318b64-a693-4c00-8f15-c2fee062159c"},"result":{"intent_id":"45318b64-a693-4c00-8f15-c2fee062159c","mode":"server","phase":"discovering","execution_epoch":1,"accepted_start_at":"2026-09-27T19:13:01.520Z","deadline_at":"2026-09-27T19:18:01.520Z"},"queries":3,"pid":12562}

      168 |       }
      169 |       // Query shapes, outcomes, fixture identifiers and process IDs only; never parameters.
    > 170 |       console.warn(
          |               ^
      171 |         'PG17_PROCESS',
      172 |         JSON.stringify({
      173 |           name,

      at settleWorker (test/utils/g2-s10b-pg-harness.ts:170:15)
      at ChildProcess.<anonymous> (test/utils/g2-s10b-pg-harness.ts:189:7)

    console.warn
      PG17_PROCESS {"name":"g2s10b_5","options":{"registry":{"synthetic-src-a":["clients","programs","workouts"],"synthetic-src-b":["clients"]},"action":"declare","coach":"coach","intent":"45318b64-a693-4c00-8f15-c2fee062159c"},"result":{"intent_id":"45318b64-a693-4c00-8f15-c2fee062159c","challenge_b64":"bcT/rh3nZNfogTMvr4EmcE3xMeDsQp8sPd0uPORBVGg=","declared_at":"2026-09-27T19:13:03.564Z"},"queries":11,"pid":12593}

      168 |       }
      169 |       // Query shapes, outcomes, fixture identifiers and process IDs only; never parameters.
    > 170 |       console.warn(
          |               ^
      171 |         'PG17_PROCESS',
      172 |         JSON.stringify({
      173 |           name,

      at settleWorker (test/utils/g2-s10b-pg-harness.ts:170:15)
      at ChildProcess.<anonymous> (test/utils/g2-s10b-pg-harness.ts:189:7)

    console.warn
      PG17_PROCESS {"name":"g2s10b_6","options":{"registry":{"synthetic-src-a":["clients","programs","workouts"],"synthetic-src-b":["clients"]},"action":"declare","coach":"coach","intent":"45318b64-a693-4c00-8f15-c2fee062159c"},"failure":{"status":409,"message":"The run already holds a different declaration; it is immutable.","response":{"code":"declaration_conflict","message":"The run already holds a different declaration; it is immutable."},"injected":false},"queries":6,"pid":12624}

      168 |       }
      169 |       // Query shapes, outcomes, fixture identifiers and process IDs only; never parameters.
    > 170 |       console.warn(
          |               ^
      171 |         'PG17_PROCESS',
      172 |         JSON.stringify({
      173 |           name,

      at settleWorker (test/utils/g2-s10b-pg-harness.ts:170:15)
      at ChildProcess.<anonymous> (test/utils/g2-s10b-pg-harness.ts:189:7)

    console.warn
      PG17_PROCESS {"name":"g2s10b_7","options":{"registry":{"synthetic-src-a":["clients","programs","workouts"],"synthetic-src-b":["clients"]},"action":"declare","coach":"coach","intent":"45318b64-a693-4c00-8f15-c2fee062159c"},"failure":{"status":409,"message":"The run already holds a different declaration; it is immutable.","response":{"code":"declaration_conflict","message":"The run already holds a different declaration; it is immutable."},"injected":false},"queries":6,"pid":12655}

      168 |       }
      169 |       // Query shapes, outcomes, fixture identifiers and process IDs only; never parameters.
    > 170 |       console.warn(
          |               ^
      171 |         'PG17_PROCESS',
      172 |         JSON.stringify({
      173 |           name,

      at settleWorker (test/utils/g2-s10b-pg-harness.ts:170:15)
      at ChildProcess.<anonymous> (test/utils/g2-s10b-pg-harness.ts:189:7)

    console.warn
      PG17_PROCESS {"name":"g2s10b_8","options":{"action":"start","coach":"coach","intent":"927380f8-2bf0-43fb-871d-f808ecf29433"},"result":{"intent_id":"927380f8-2bf0-43fb-871d-f808ecf29433","mode":"server","phase":"discovering","execution_epoch":1,"accepted_start_at":"2026-09-27T19:13:09.669Z","deadline_at":"2026-09-27T19:18:09.669Z"},"queries":3,"pid":12692}

      168 |       }
      169 |       // Query shapes, outcomes, fixture identifiers and process IDs only; never parameters.
    > 170 |       console.warn(
          |               ^
      171 |         'PG17_PROCESS',
      172 |         JSON.stringify({
      173 |           name,

      at settleWorker (test/utils/g2-s10b-pg-harness.ts:170:15)
      at ChildProcess.<anonymous> (test/utils/g2-s10b-pg-harness.ts:189:7)

    console.warn
      PG17_PROCESS {"name":"g2s10b_9","options":{"registry":{"synthetic-src-a":["clients","programs","workouts"],"synthetic-src-b":["clients"]},"action":"declare","coach":"coach","intent":"927380f8-2bf0-43fb-871d-f808ecf29433"},"failure":{"status":400,"message":"platforms must be a non-empty list of unique canonical slugs, each with a non-empty unique list of 64-hex scope digests","response":{"message":"platforms must be a non-empty list of unique canonical slugs, each with a non-empty unique list of 64-hex scope digests","error":"Bad Request","statusCode":400},"injected":false},"queries":0,"pid":12721}

      168 |       }
      169 |       // Query shapes, outcomes, fixture identifiers and process IDs only; never parameters.
    > 170 |       console.warn(
          |               ^
      171 |         'PG17_PROCESS',
      172 |         JSON.stringify({
      173 |           name,

      at settleWorker (test/utils/g2-s10b-pg-harness.ts:170:15)
      at ChildProcess.<anonymous> (test/utils/g2-s10b-pg-harness.ts:189:7)

    console.warn
      PG17_PROCESS {"name":"g2s10b_10","options":{"registry":{"synthetic-src-a":["clients","programs","workouts"],"synthetic-src-b":["clients"]},"action":"declare","coach":"coach","intent":"927380f8-2bf0-43fb-871d-f808ecf29433"},"failure":{"status":400,"message":"platforms must be a non-empty list of unique canonical slugs, each with a non-empty unique list of 64-hex scope digests","response":{"message":"platforms must be a non-empty list of unique canonical slugs, each with a non-empty unique list of 64-hex scope digests","error":"Bad Request","statusCode":400},"injected":false},"queries":0,"pid":12748}

      168 |       }
      169 |       // Query shapes, outcomes, fixture identifiers and process IDs only; never parameters.
    > 170 |       console.warn(
          |               ^
      171 |         'PG17_PROCESS',
      172 |         JSON.stringify({
      173 |           name,

      at settleWorker (test/utils/g2-s10b-pg-harness.ts:170:15)
      at ChildProcess.<anonymous> (test/utils/g2-s10b-pg-harness.ts:189:7)

    console.warn
      PG17_PROCESS {"name":"g2s10b_11","options":{"registry":{"synthetic-src-a":["clients","programs","workouts"],"synthetic-src-b":["clients"]},"action":"declare","coach":"coach","intent":"927380f8-2bf0-43fb-871d-f808ecf29433"},"failure":{"status":400,"message":"platforms must be a non-empty list of unique canonical slugs, each with a non-empty unique list of 64-hex scope digests","response":{"message":"platforms must be a non-empty list of unique canonical slugs, each with a non-empty unique list of 64-hex scope digests","error":"Bad Request","statusCode":400},"injected":false},"queries":0,"pid":12774}

      168 |       }
      169 |       // Query shapes, outcomes, fixture identifiers and process IDs only; never parameters.
    > 170 |       console.warn(
          |               ^
      171 |         'PG17_PROCESS',
      172 |         JSON.stringify({
      173 |           name,

      at settleWorker (test/utils/g2-s10b-pg-harness.ts:170:15)
      at ChildProcess.<anonymous> (test/utils/g2-s10b-pg-harness.ts:189:7)

    console.warn
      PG17_PROCESS {"name":"g2s10b_12","options":{"registry":{"synthetic-src-a":["clients","programs","workouts"],"synthetic-src-b":["clients"]},"action":"declare","coach":"coach","intent":"927380f8-2bf0-43fb-871d-f808ecf29433"},"failure":{"status":400,"message":"platforms must be a non-empty list of unique canonical slugs, each with a non-empty unique list of 64-hex scope digests","response":{"message":"platforms must be a non-empty list of unique canonical slugs, each with a non-empty unique list of 64-hex scope digests","error":"Bad Request","statusCode":400},"injected":false},"queries":0,"pid":12800}

      168 |       }
      169 |       // Query shapes, outcomes, fixture identifiers and process IDs only; never parameters.
    > 170 |       console.warn(
          |               ^
      171 |         'PG17_PROCESS',
      172 |         JSON.stringify({
      173 |           name,

      at settleWorker (test/utils/g2-s10b-pg-harness.ts:170:15)
      at ChildProcess.<anonymous> (test/utils/g2-s10b-pg-harness.ts:189:7)

    console.warn
      PG17_PROCESS {"name":"g2s10b_13","options":{"registry":{"synthetic-src-a":["clients","programs","workouts"],"synthetic-src-b":["clients"]},"action":"declare","coach":"coach","intent":"927380f8-2bf0-43fb-871d-f808ecf29433"},"failure":{"status":409,"message":"The run has already staged rows or a claim; it can no longer be declared.","response":{"code":"declaration_after_ingest","message":"The run has already staged rows or a claim; it can no longer be declared."},"injected":false},"queries":8,"pid":12830}

      168 |       }
      169 |       // Query shapes, outcomes, fixture identifiers and process IDs only; never parameters.
    > 170 |       console.warn(
          |               ^
      171 |         'PG17_PROCESS',
      172 |         JSON.stringify({
      173 |           name,

      at settleWorker (test/utils/g2-s10b-pg-harness.ts:170:15)
      at ChildProcess.<anonymous> (test/utils/g2-s10b-pg-harness.ts:189:7)

    console.warn
      PG17_PROCESS {"name":"g2s10b_14","options":{"action":"start","coach":"coach","intent":"80f74622-aa82-4f66-9c3e-d06e35289491"},"result":{"intent_id":"80f74622-aa82-4f66-9c3e-d06e35289491","mode":"server","phase":"discovering","execution_epoch":1,"accepted_start_at":"2026-09-27T19:13:21.428Z","deadline_at":"2026-09-27T19:18:21.428Z"},"queries":3,"pid":12877}

      168 |       }
      169 |       // Query shapes, outcomes, fixture identifiers and process IDs only; never parameters.
    > 170 |       console.warn(
          |               ^
      171 |         'PG17_PROCESS',
      172 |         JSON.stringify({
      173 |           name,

      at settleWorker (test/utils/g2-s10b-pg-harness.ts:170:15)
      at ChildProcess.<anonymous> (test/utils/g2-s10b-pg-harness.ts:189:7)

    console.warn
      PG17_PROCESS {"name":"g2s10b_15","options":{"registry":{"synthetic-src-a":["clients","programs","workouts"],"synthetic-src-b":["clients"]},"action":"declare","coach":"coach","intent":"80f74622-aa82-4f66-9c3e-d06e35289491","failAfter":{"model":"scoutRunDeclaration","n":2}},"failure":{"status":500,"message":"Internal server error","injected":true},"queries":10,"pid":12909}

      168 |       }
      169 |       // Query shapes, outcomes, fixture identifiers and process IDs only; never parameters.
    > 170 |       console.warn(
          |               ^
      171 |         'PG17_PROCESS',
      172 |         JSON.stringify({
      173 |           name,

      at settleWorker (test/utils/g2-s10b-pg-harness.ts:170:15)
      at ChildProcess.<anonymous> (test/utils/g2-s10b-pg-harness.ts:189:7)

    console.warn
      PG17_PROCESS {"name":"g2s10b_16","options":{"action":"start","coach":"coach","intent":"68886e01-bc6f-436e-9c40-4287a7825f6c"},"result":{"intent_id":"68886e01-bc6f-436e-9c40-4287a7825f6c","mode":"server","phase":"discovering","execution_epoch":1,"accepted_start_at":"2026-09-27T19:13:27.780Z","deadline_at":"2026-09-27T19:18:27.780Z"},"queries":3,"pid":12946}

      168 |       }
      169 |       // Query shapes, outcomes, fixture identifiers and process IDs only; never parameters.
    > 170 |       console.warn(
          |               ^
      171 |         'PG17_PROCESS',
      172 |         JSON.stringify({
      173 |           name,

      at settleWorker (test/utils/g2-s10b-pg-harness.ts:170:15)
      at ChildProcess.<anonymous> (test/utils/g2-s10b-pg-harness.ts:189:7)

    console.warn
      PG17_PROCESS {"name":"g2s10b_17","options":{"action":"cancel","coach":"coach","intent":"68886e01-bc6f-436e-9c40-4287a7825f6c"},"result":{"intent_id":"68886e01-bc6f-436e-9c40-4287a7825f6c","status":"cancelled","execution_epoch":2},"queries":8,"pid":12992}

      168 |       }
      169 |       // Query shapes, outcomes, fixture identifiers and process IDs only; never parameters.
    > 170 |       console.warn(
          |               ^
      171 |         'PG17_PROCESS',
      172 |         JSON.stringify({
      173 |           name,

      at settleWorker (test/utils/g2-s10b-pg-harness.ts:170:15)
      at ChildProcess.<anonymous> (test/utils/g2-s10b-pg-harness.ts:189:7)

    console.warn
      PG17_PROCESS {"name":"g2s10b_18","options":{"registry":{"synthetic-src-a":["clients","programs","workouts"],"synthetic-src-b":["clients"]},"action":"declare","coach":"coach","intent":"68886e01-bc6f-436e-9c40-4287a7825f6c"},"failure":{"status":409,"message":"The run for this intent is fenced; no further writes are accepted.","response":{"code":"run_fenced","message":"The run for this intent is fenced; no further writes are accepted.","fence_reason":"cancelled"},"injected":false},"queries":5,"pid":13040}

      168 |       }
      169 |       // Query shapes, outcomes, fixture identifiers and process IDs only; never parameters.
    > 170 |       console.warn(
          |               ^
      171 |         'PG17_PROCESS',
      172 |         JSON.stringify({
      173 |           name,

      at settleWorker (test/utils/g2-s10b-pg-harness.ts:170:15)
      at ChildProcess.<anonymous> (test/utils/g2-s10b-pg-harness.ts:189:7)

    console.warn
      PG17_PROCESS {"name":"g2s10b_19","options":{"action":"start","coach":"other-coach","intent":"a380b0ca-26a5-4f6a-bd9c-b9e715f61c94"},"result":{"intent_id":"a380b0ca-26a5-4f6a-bd9c-b9e715f61c94","mode":"server","phase":"discovering","execution_epoch":1,"accepted_start_at":"2026-09-27T19:13:35.467Z","deadline_at":"2026-09-27T19:18:35.467Z"},"queries":3,"pid":13076}

      168 |       }
      169 |       // Query shapes, outcomes, fixture identifiers and process IDs only; never parameters.
    > 170 |       console.warn(
          |               ^
      171 |         'PG17_PROCESS',
      172 |         JSON.stringify({
      173 |           name,

      at settleWorker (test/utils/g2-s10b-pg-harness.ts:170:15)
      at ChildProcess.<anonymous> (test/utils/g2-s10b-pg-harness.ts:189:7)

    console.warn
      PG17_PROCESS {"name":"g2s10b_20","options":{"registry":{"synthetic-src-a":["clients","programs","workouts"],"synthetic-src-b":["clients"]},"action":"declare","coach":"other-coach","intent":"a380b0ca-26a5-4f6a-bd9c-b9e715f61c94"},"failure":{"status":409,"message":"The run for this intent is fenced; no further writes are accepted.","response":{"code":"run_fenced","message":"The run for this intent is fenced; no further writes are accepted.","fence_reason":"timed_out"},"injected":false},"queries":13,"pid":13117}

      168 |       }
      169 |       // Query shapes, outcomes, fixture identifiers and process IDs only; never parameters.
    > 170 |       console.warn(
          |               ^
      171 |         'PG17_PROCESS',
      172 |         JSON.stringify({
      173 |           name,

      at settleWorker (test/utils/g2-s10b-pg-harness.ts:170:15)
      at ChildProcess.<anonymous> (test/utils/g2-s10b-pg-harness.ts:189:7)

    console.warn
      PG17_PROCESS {"name":"g2s10b_21","options":{"registry":{"synthetic-src-a":["clients","programs","workouts"],"synthetic-src-b":["clients"]},"action":"declare","coach":"coach","intent":"intent_legacy_s10b"},"failure":{"status":409,"message":"This intent names a legacy run, which the server does not own.","response":{"code":"legacy_run","message":"This intent names a legacy run, which the server does not own."},"injected":false},"queries":6,"pid":13152}

      168 |       }
      169 |       // Query shapes, outcomes, fixture identifiers and process IDs only; never parameters.
    > 170 |       console.warn(
          |               ^
      171 |         'PG17_PROCESS',
      172 |         JSON.stringify({
      173 |           name,

      at settleWorker (test/utils/g2-s10b-pg-harness.ts:170:15)
      at ChildProcess.<anonymous> (test/utils/g2-s10b-pg-harness.ts:189:7)

    console.warn
      PG17_PROCESS {"name":"g2s10b_22","options":{"action":"start","coach":"coach","intent":"4992fc04-79bf-4463-bf3c-7a423b3cbe98"},"result":{"intent_id":"4992fc04-79bf-4463-bf3c-7a423b3cbe98","mode":"server","phase":"discovering","execution_epoch":1,"accepted_start_at":"2026-09-27T19:13:40.710Z","deadline_at":"2026-09-27T19:18:40.710Z"},"queries":3,"pid":13185}

      168 |       }
      169 |       // Query shapes, outcomes, fixture identifiers and process IDs only; never parameters.
    > 170 |       console.warn(
          |               ^
      171 |         'PG17_PROCESS',
      172 |         JSON.stringify({
      173 |           name,

      at settleWorker (test/utils/g2-s10b-pg-harness.ts:170:15)
      at ChildProcess.<anonymous> (test/utils/g2-s10b-pg-harness.ts:189:7)

    console.warn
      PG17_PROCESS {"name":"g2s10b_23","options":{"registry":{"synthetic-src-a":["clients","programs","workouts"],"synthetic-src-b":["clients"]},"action":"declare","coach":"other-coach","intent":"4992fc04-79bf-4463-bf3c-7a423b3cbe98"},"failure":{"status":404,"message":"Not Found","response":{"message":"Not Found","statusCode":404},"injected":false},"queries":7,"pid":13215}

      168 |       }
      169 |       // Query shapes, outcomes, fixture identifiers and process IDs only; never parameters.
    > 170 |       console.warn(
          |               ^
      171 |         'PG17_PROCESS',
      172 |         JSON.stringify({
      173 |           name,

      at settleWorker (test/utils/g2-s10b-pg-harness.ts:170:15)
      at ChildProcess.<anonymous> (test/utils/g2-s10b-pg-harness.ts:189:7)

    console.warn
      PG17_PROCESS {"name":"g2s10b_24","options":{"action":"start","coach":"coach","intent":"a40bc9f1-45c7-4ac4-92e2-4ee584b98452"},"result":{"intent_id":"a40bc9f1-45c7-4ac4-92e2-4ee584b98452","mode":"server","phase":"discovering","execution_epoch":1,"accepted_start_at":"2026-09-27T19:13:44.293Z","deadline_at":"2026-09-27T19:18:44.293Z"},"queries":3,"pid":13252}

      168 |       }
      169 |       // Query shapes, outcomes, fixture identifiers and process IDs only; never parameters.
    > 170 |       console.warn(
          |               ^
      171 |         'PG17_PROCESS',
      172 |         JSON.stringify({
      173 |           name,

      at settleWorker (test/utils/g2-s10b-pg-harness.ts:170:15)
      at ChildProcess.<anonymous> (test/utils/g2-s10b-pg-harness.ts:189:7)

    console.warn
      PG17_PROCESS {"name":"g2s10b_25","options":{"registry":{"synthetic-src-a":["clients","programs","workouts"],"synthetic-src-b":["clients"]},"action":"observe","coach":"coach","intent":"a40bc9f1-45c7-4ac4-92e2-4ee584b98452"},"failure":{"status":409,"message":"The run has no declaration; declare its platforms and scopes first.","response":{"code":"declaration_missing","message":"The run has no declaration; declare its platforms and scopes first."},"injected":false},"queries":7,"pid":13281}

      168 |       }
      169 |       // Query shapes, outcomes, fixture identifiers and process IDs only; never parameters.
    > 170 |       console.warn(
          |               ^
      171 |         'PG17_PROCESS',
      172 |         JSON.stringify({
      173 |           name,

      at settleWorker (test/utils/g2-s10b-pg-harness.ts:170:15)
      at ChildProcess.<anonymous> (test/utils/g2-s10b-pg-harness.ts:189:7)

    console.warn
      PG17_PROCESS {"name":"g2s10b_26","options":{"registry":{"synthetic-src-a":["clients","programs","workouts"],"synthetic-src-b":["clients"]},"action":"declare","coach":"coach","intent":"a40bc9f1-45c7-4ac4-92e2-4ee584b98452"},"result":{"intent_id":"a40bc9f1-45c7-4ac4-92e2-4ee584b98452","challenge_b64":"2J6vSfHFDZx57ORkZEhZK8Vux6a3DpeABcOtDa7wwTc=","declared_at":"2026-09-27T19:13:47.882Z"},"queries":11,"pid":13311}

      168 |       }
      169 |       // Query shapes, outcomes, fixture identifiers and process IDs only; never parameters.
    > 170 |       console.warn(
          |               ^
      171 |         'PG17_PROCESS',
      172 |         JSON.stringify({
      173 |           name,

      at settleWorker (test/utils/g2-s10b-pg-harness.ts:170:15)
      at ChildProcess.<anonymous> (test/utils/g2-s10b-pg-harness.ts:189:7)

    console.warn
      PG17_PROCESS {"name":"g2s10b_27","options":{"registry":{"synthetic-src-a":["clients","programs","workouts"],"synthetic-src-b":["clients"]},"action":"observe","coach":"coach","intent":"a40bc9f1-45c7-4ac4-92e2-4ee584b98452"},"result":{"intent_id":"a40bc9f1-45c7-4ac4-92e2-4ee584b98452","execution_epoch":1,"stored":2,"replayed":0},"queries":10,"pid":13340}

      168 |       }
      169 |       // Query shapes, outcomes, fixture identifiers and process IDs only; never parameters.
    > 170 |       console.warn(
          |               ^
      171 |         'PG17_PROCESS',
      172 |         JSON.stringify({
      173 |           name,

      at settleWorker (test/utils/g2-s10b-pg-harness.ts:170:15)
      at ChildProcess.<anonymous> (test/utils/g2-s10b-pg-harness.ts:189:7)

    console.warn
      PG17_PROCESS {"name":"g2s10b_28","options":{"registry":{"synthetic-src-a":["clients","programs","workouts"],"synthetic-src-b":["clients"]},"action":"observe","coach":"coach","intent":"a40bc9f1-45c7-4ac4-92e2-4ee584b98452"},"result":{"intent_id":"a40bc9f1-45c7-4ac4-92e2-4ee584b98452","execution_epoch":1,"stored":0,"replayed":1},"queries":8,"pid":13377}

      168 |       }
      169 |       // Query shapes, outcomes, fixture identifiers and process IDs only; never parameters.
    > 170 |       console.warn(
          |               ^
      171 |         'PG17_PROCESS',
      172 |         JSON.stringify({
      173 |           name,

      at settleWorker (test/utils/g2-s10b-pg-harness.ts:170:15)
      at ChildProcess.<anonymous> (test/utils/g2-s10b-pg-harness.ts:189:7)

    console.warn
      PG17_PROCESS {"name":"g2s10b_29","options":{"registry":{"synthetic-src-a":["clients","programs","workouts"],"synthetic-src-b":["clients"]},"action":"observe","coach":"coach","intent":"a40bc9f1-45c7-4ac4-92e2-4ee584b98452"},"failure":{"status":409,"message":"A different observation is already stored for this unit and epoch.","response":{"code":"observation_conflict","message":"A different observation is already stored for this unit and epoch."},"injected":false},"queries":8,"pid":13408}

      168 |       }
      169 |       // Query shapes, outcomes, fixture identifiers and process IDs only; never parameters.
    > 170 |       console.warn(
          |               ^
      171 |         'PG17_PROCESS',
      172 |         JSON.stringify({
      173 |           name,

      at settleWorker (test/utils/g2-s10b-pg-harness.ts:170:15)
      at ChildProcess.<anonymous> (test/utils/g2-s10b-pg-harness.ts:189:7)

    console.warn
      PG17_PROCESS {"name":"g2s10b_30","options":{"action":"start","coach":"coach","intent":"000bc3ff-57ba-4bea-b563-fdcf4bd58f1c"},"result":{"intent_id":"000bc3ff-57ba-4bea-b563-fdcf4bd58f1c","mode":"server","phase":"discovering","execution_epoch":1,"accepted_start_at":"2026-09-27T19:13:55.185Z","deadline_at":"2026-09-27T19:18:55.185Z"},"queries":3,"pid":13445}

      168 |       }
      169 |       // Query shapes, outcomes, fixture identifiers and process IDs only; never parameters.
    > 170 |       console.warn(
          |               ^
      171 |         'PG17_PROCESS',
      172 |         JSON.stringify({
      173 |           name,

      at settleWorker (test/utils/g2-s10b-pg-harness.ts:170:15)
      at ChildProcess.<anonymous> (test/utils/g2-s10b-pg-harness.ts:189:7)

    console.warn
      PG17_PROCESS {"name":"g2s10b_31","options":{"registry":{"synthetic-src-a":["clients","programs","workouts"],"synthetic-src-b":["clients"]},"action":"declare","coach":"coach","intent":"000bc3ff-57ba-4bea-b563-fdcf4bd58f1c"},"result":{"intent_id":"000bc3ff-57ba-4bea-b563-fdcf4bd58f1c","challenge_b64":"t9AZTGmZxsYZ76NsSQp0fHgGaBAyv5K61+q/vTzcpDU=","declared_at":"2026-09-27T19:13:56.983Z"},"queries":11,"pid":13474}

      168 |       }
      169 |       // Query shapes, outcomes, fixture identifiers and process IDs only; never parameters.
    > 170 |       console.warn(
          |               ^
      171 |         'PG17_PROCESS',
      172 |         JSON.stringify({
      173 |           name,

      at settleWorker (test/utils/g2-s10b-pg-harness.ts:170:15)
      at ChildProcess.<anonymous> (test/utils/g2-s10b-pg-harness.ts:189:7)

    console.warn
      PG17_PROCESS {"name":"g2s10b_32","options":{"registry":{"synthetic-src-a":["clients","programs","workouts"],"synthetic-src-b":["clients"]},"action":"observe","coach":"coach","intent":"000bc3ff-57ba-4bea-b563-fdcf4bd58f1c"},"result":{"intent_id":"000bc3ff-57ba-4bea-b563-fdcf4bd58f1c","execution_epoch":1,"stored":1,"replayed":0},"queries":9,"pid":13503}

      168 |       }
      169 |       // Query shapes, outcomes, fixture identifiers and process IDs only; never parameters.
    > 170 |       console.warn(
          |               ^
      171 |         'PG17_PROCESS',
      172 |         JSON.stringify({
      173 |           name,

      at settleWorker (test/utils/g2-s10b-pg-harness.ts:170:15)
      at ChildProcess.<anonymous> (test/utils/g2-s10b-pg-harness.ts:189:7)

    console.warn
      PG17_PROCESS {"name":"g2s10b_33","options":{"registry":{"synthetic-src-a":["clients","programs","workouts"],"synthetic-src-b":["clients"]},"action":"observe","coach":"coach","intent":"000bc3ff-57ba-4bea-b563-fdcf4bd58f1c"},"result":{"intent_id":"000bc3ff-57ba-4bea-b563-fdcf4bd58f1c","execution_epoch":2,"stored":1,"replayed":0},"queries":9,"pid":13534}

      168 |       }
      169 |       // Query shapes, outcomes, fixture identifiers and process IDs only; never parameters.
    > 170 |       console.warn(
          |               ^
      171 |         'PG17_PROCESS',
      172 |         JSON.stringify({
      173 |           name,

      at settleWorker (test/utils/g2-s10b-pg-harness.ts:170:15)
      at ChildProcess.<anonymous> (test/utils/g2-s10b-pg-harness.ts:189:7)

    console.warn
      PG17_PROCESS {"name":"g2s10b_34","options":{"action":"start","coach":"coach","intent":"bc8c9f44-bf13-457f-b77d-03d208288bc5"},"result":{"intent_id":"bc8c9f44-bf13-457f-b77d-03d208288bc5","mode":"server","phase":"discovering","execution_epoch":1,"accepted_start_at":"2026-09-27T19:14:02.305Z","deadline_at":"2026-09-27T19:19:02.305Z"},"queries":3,"pid":13571}

      168 |       }
      169 |       // Query shapes, outcomes, fixture identifiers and process IDs only; never parameters.
    > 170 |       console.warn(
          |               ^
      171 |         'PG17_PROCESS',
      172 |         JSON.stringify({
      173 |           name,

      at settleWorker (test/utils/g2-s10b-pg-harness.ts:170:15)
      at ChildProcess.<anonymous> (test/utils/g2-s10b-pg-harness.ts:189:7)

    console.warn
      PG17_PROCESS {"name":"g2s10b_35","options":{"registry":{"synthetic-src-a":["clients","programs","workouts"],"synthetic-src-b":["clients"]},"action":"declare","coach":"coach","intent":"bc8c9f44-bf13-457f-b77d-03d208288bc5"},"result":{"intent_id":"bc8c9f44-bf13-457f-b77d-03d208288bc5","challenge_b64":"ZTE3D5WfHoevmLYud64PUF8XFtY9jofQLl2nQ+aOofQ=","declared_at":"2026-09-27T19:14:04.017Z"},"queries":12,"pid":13600}

      168 |       }
      169 |       // Query shapes, outcomes, fixture identifiers and process IDs only; never parameters.
    > 170 |       console.warn(
          |               ^
      171 |         'PG17_PROCESS',
      172 |         JSON.stringify({
      173 |           name,

      at settleWorker (test/utils/g2-s10b-pg-harness.ts:170:15)
      at ChildProcess.<anonymous> (test/utils/g2-s10b-pg-harness.ts:189:7)

    console.warn
      PG17_PROCESS {"name":"g2s10b_36","options":{"registry":{"synthetic-src-a":["clients","programs","workouts"],"synthetic-src-b":["clients"]},"action":"observe","coach":"coach","intent":"bc8c9f44-bf13-457f-b77d-03d208288bc5"},"failure":{"status":409,"message":"The observation names a platform, scope or family the run did not declare.","response":{"code":"observation_not_declared","message":"The observation names a platform, scope or family the run did not declare."},"injected":false},"queries":9,"pid":13629}

      168 |       }
      169 |       // Query shapes, outcomes, fixture identifiers and process IDs only; never parameters.
    > 170 |       console.warn(
          |               ^
      171 |         'PG17_PROCESS',
      172 |         JSON.stringify({
      173 |           name,

      at settleWorker (test/utils/g2-s10b-pg-harness.ts:170:15)
      at ChildProcess.<anonymous> (test/utils/g2-s10b-pg-harness.ts:189:7)

    console.warn
      PG17_PROCESS {"name":"g2s10b_37","options":{"registry":{"synthetic-src-a":["clients","programs","workouts"],"synthetic-src-b":["clients"]},"action":"observe","coach":"coach","intent":"bc8c9f44-bf13-457f-b77d-03d208288bc5"},"failure":{"status":409,"message":"The observation names a platform, scope or family the run did not declare.","response":{"code":"observation_not_declared","message":"The observation names a platform, scope or family the run did not declare."},"injected":false},"queries":9,"pid":13658}

      168 |       }
      169 |       // Query shapes, outcomes, fixture identifiers and process IDs only; never parameters.
    > 170 |       console.warn(
          |               ^
      171 |         'PG17_PROCESS',
      172 |         JSON.stringify({
      173 |           name,

      at settleWorker (test/utils/g2-s10b-pg-harness.ts:170:15)
      at ChildProcess.<anonymous> (test/utils/g2-s10b-pg-harness.ts:189:7)

    console.warn
      PG17_PROCESS {"name":"g2s10b_38","options":{"registry":{"synthetic-src-a":["clients","programs","workouts"],"synthetic-src-b":["clients"]},"action":"observe","coach":"coach","intent":"bc8c9f44-bf13-457f-b77d-03d208288bc5"},"failure":{"status":409,"message":"The observation names a platform, scope or family the run did not declare.","response":{"code":"observation_not_declared","message":"The observation names a platform, scope or family the run did not declare."},"injected":false},"queries":9,"pid":13688}

      168 |       }
      169 |       // Query shapes, outcomes, fixture identifiers and process IDs only; never parameters.
    > 170 |       console.warn(
          |               ^
      171 |         'PG17_PROCESS',
      172 |         JSON.stringify({
      173 |           name,

      at settleWorker (test/utils/g2-s10b-pg-harness.ts:170:15)
      at ChildProcess.<anonymous> (test/utils/g2-s10b-pg-harness.ts:189:7)

    console.warn
      PG17_PROCESS {"name":"g2s10b_39","options":{"action":"start","coach":"coach","intent":"40fde1fc-6b21-4bc3-9b13-8d25bf0838dc"},"result":{"intent_id":"40fde1fc-6b21-4bc3-9b13-8d25bf0838dc","mode":"server","phase":"discovering","execution_epoch":1,"accepted_start_at":"2026-09-27T19:14:11.004Z","deadline_at":"2026-09-27T19:19:11.004Z"},"queries":3,"pid":13725}

      168 |       }
      169 |       // Query shapes, outcomes, fixture identifiers and process IDs only; never parameters.
    > 170 |       console.warn(
          |               ^
      171 |         'PG17_PROCESS',
      172 |         JSON.stringify({
      173 |           name,

      at settleWorker (test/utils/g2-s10b-pg-harness.ts:170:15)
      at ChildProcess.<anonymous> (test/utils/g2-s10b-pg-harness.ts:189:7)

    console.warn
      PG17_PROCESS {"name":"g2s10b_40","options":{"registry":{"synthetic-src-a":["clients","programs","workouts"],"synthetic-src-b":["clients"]},"action":"declare","coach":"coach","intent":"40fde1fc-6b21-4bc3-9b13-8d25bf0838dc"},"result":{"intent_id":"40fde1fc-6b21-4bc3-9b13-8d25bf0838dc","challenge_b64":"+NpxL8cZAcPhSxnJcd9Iih1r0ElBppP3AW4DaRHJkjU=","declared_at":"2026-09-27T19:14:12.765Z"},"queries":11,"pid":13754}

      168 |       }
      169 |       // Query shapes, outcomes, fixture identifiers and process IDs only; never parameters.
    > 170 |       console.warn(
          |               ^
      171 |         'PG17_PROCESS',
      172 |         JSON.stringify({
      173 |           name,

      at settleWorker (test/utils/g2-s10b-pg-harness.ts:170:15)
      at ChildProcess.<anonymous> (test/utils/g2-s10b-pg-harness.ts:189:7)

    console.warn
      PG17_PROCESS {"name":"g2s10b_41","options":{"registry":{"synthetic-src-a":["clients","programs","workouts"],"synthetic-src-b":["clients"]},"action":"observe","coach":"coach","intent":"40fde1fc-6b21-4bc3-9b13-8d25bf0838dc","failAfter":{"model":"scoutRunObservation","n":1}},"failure":{"status":500,"message":"Internal server error","injected":true},"queries":9,"pid":13786}

      168 |       }
      169 |       // Query shapes, outcomes, fixture identifiers and process IDs only; never parameters.
    > 170 |       console.warn(
          |               ^
      171 |         'PG17_PROCESS',
      172 |         JSON.stringify({
      173 |           name,

      at settleWorker (test/utils/g2-s10b-pg-harness.ts:170:15)
      at ChildProcess.<anonymous> (test/utils/g2-s10b-pg-harness.ts:189:7)

    console.warn
      PG17_PROCESS {"name":"g2s10b_42","options":{"action":"start","coach":"coach","intent":"eadab4aa-b3e3-47b0-980b-068b9ec18278"},"result":{"intent_id":"eadab4aa-b3e3-47b0-980b-068b9ec18278","mode":"server","phase":"discovering","execution_epoch":1,"accepted_start_at":"2026-09-27T19:14:16.288Z","deadline_at":"2026-09-27T19:19:16.288Z"},"queries":3,"pid":13823}

      168 |       }
      169 |       // Query shapes, outcomes, fixture identifiers and process IDs only; never parameters.
    > 170 |       console.warn(
          |               ^
      171 |         'PG17_PROCESS',
      172 |         JSON.stringify({
      173 |           name,

      at settleWorker (test/utils/g2-s10b-pg-harness.ts:170:15)
      at ChildProcess.<anonymous> (test/utils/g2-s10b-pg-harness.ts:189:7)

    console.warn
      PG17_PROCESS {"name":"g2s10b_43","options":{"registry":{"synthetic-src-a":["clients","programs","workouts"],"synthetic-src-b":["clients"]},"action":"declare","coach":"coach","intent":"eadab4aa-b3e3-47b0-980b-068b9ec18278"},"result":{"intent_id":"eadab4aa-b3e3-47b0-980b-068b9ec18278","challenge_b64":"b49MnyXC9sTPsto1eYru6TPNZGAhkRGLXkHrIG3M3sw=","declared_at":"2026-09-27T19:14:18.002Z"},"queries":11,"pid":13852}

      168 |       }
      169 |       // Query shapes, outcomes, fixture identifiers and process IDs only; never parameters.
    > 170 |       console.warn(
          |               ^
      171 |         'PG17_PROCESS',
      172 |         JSON.stringify({
      173 |           name,

      at settleWorker (test/utils/g2-s10b-pg-harness.ts:170:15)
      at ChildProcess.<anonymous> (test/utils/g2-s10b-pg-harness.ts:189:7)

    console.warn
      PG17_PROCESS {"name":"g2s10b_44","options":{"registry":{"synthetic-src-a":["clients","programs","workouts"],"synthetic-src-b":["clients"]},"action":"observe","coach":"coach","intent":"eadab4aa-b3e3-47b0-980b-068b9ec18278","rawBytes":32769},"failure":{"status":400,"message":"observation body rejected: too_large","response":{"message":"observation body rejected: too_large","error":"Bad Request","statusCode":400},"injected":false},"queries":0,"pid":13881}

      168 |       }
      169 |       // Query shapes, outcomes, fixture identifiers and process IDs only; never parameters.
    > 170 |       console.warn(
          |               ^
      171 |         'PG17_PROCESS',
      172 |         JSON.stringify({
      173 |           name,

      at settleWorker (test/utils/g2-s10b-pg-harness.ts:170:15)
      at ChildProcess.<anonymous> (test/utils/g2-s10b-pg-harness.ts:189:7)

    console.warn
      PG17_PROCESS {"name":"g2s10b_45","options":{"registry":{"synthetic-src-a":["clients","programs","workouts"],"synthetic-src-b":["clients"]},"action":"observe","coach":"other-coach","intent":"eadab4aa-b3e3-47b0-980b-068b9ec18278"},"failure":{"status":404,"message":"Not Found","response":{"message":"Not Found","statusCode":404},"injected":false},"queries":7,"pid":13907}

      168 |       }
      169 |       // Query shapes, outcomes, fixture identifiers and process IDs only; never parameters.
    > 170 |       console.warn(
          |               ^
      171 |         'PG17_PROCESS',
      172 |         JSON.stringify({
      173 |           name,

      at settleWorker (test/utils/g2-s10b-pg-harness.ts:170:15)
      at ChildProcess.<anonymous> (test/utils/g2-s10b-pg-harness.ts:189:7)

    console.warn
      PG17_PROCESS {"name":"g2s10b_46","options":{"action":"complete","coach":"coach","intent":"eadab4aa-b3e3-47b0-980b-068b9ec18278"},"result":{"acknowledged":true,"intent_id":"eadab4aa-b3e3-47b0-980b-068b9ec18278"},"queries":27,"pid":13936}

      168 |       }
      169 |       // Query shapes, outcomes, fixture identifiers and process IDs only; never parameters.
    > 170 |       console.warn(
          |               ^
      171 |         'PG17_PROCESS',
      172 |         JSON.stringify({
      173 |           name,

      at settleWorker (test/utils/g2-s10b-pg-harness.ts:170:15)
      at ChildProcess.<anonymous> (test/utils/g2-s10b-pg-harness.ts:189:7)

    console.warn
      PG17_PROCESS {"name":"g2s10b_47","options":{"registry":{"synthetic-src-a":["clients","programs","workouts"],"synthetic-src-b":["clients"]},"action":"observe","coach":"coach","intent":"eadab4aa-b3e3-47b0-980b-068b9ec18278"},"failure":{"status":409,"message":"The run for this intent has already reached a terminal state.","response":{"code":"run_terminal","message":"The run for this intent has already reached a terminal state."},"injected":false},"queries":5,"pid":13968}

      168 |       }
      169 |       // Query shapes, outcomes, fixture identifiers and process IDs only; never parameters.
    > 170 |       console.warn(
          |               ^
      171 |         'PG17_PROCESS',
      172 |         JSON.stringify({
      173 |           name,

      at settleWorker (test/utils/g2-s10b-pg-harness.ts:170:15)
      at ChildProcess.<anonymous> (test/utils/g2-s10b-pg-harness.ts:189:7)

    console.warn
      PG17_PROCESS {"name":"g2s10b_48","options":{"action":"start","coach":"coach","intent":"48792099-cebc-41ff-b876-ecec3fe67add"},"result":{"intent_id":"48792099-cebc-41ff-b876-ecec3fe67add","mode":"server","phase":"discovering","execution_epoch":1,"accepted_start_at":"2026-09-27T19:14:28.052Z","deadline_at":"2026-09-27T19:19:28.052Z"},"queries":3,"pid":14162}

      168 |       }
      169 |       // Query shapes, outcomes, fixture identifiers and process IDs only; never parameters.
    > 170 |       console.warn(
          |               ^
      171 |         'PG17_PROCESS',
      172 |         JSON.stringify({
      173 |           name,

      at settleWorker (test/utils/g2-s10b-pg-harness.ts:170:15)
      at ChildProcess.<anonymous> (test/utils/g2-s10b-pg-harness.ts:189:7)

    console.warn
      PG17_BLOCKED {"name":"g2s10b_49","rows":[{"type":"Lock","wait":"transactionid"}]}

      200 |       FROM pg_stat_activity WHERE application_name=${quote(name)} AND wait_event_type='Lock'`);
      201 |     if (rows.length > 0) {
    > 202 |       console.warn('PG17_BLOCKED', JSON.stringify({ name, rows }));
          |               ^
      203 |       return;
      204 |     }
      205 |     await new Promise((r) => setTimeout(r, 25));

      at blocked (test/utils/g2-s10b-pg-harness.ts:202:15)
      at Object.<anonymous> (test/rls-g2-s10b.spec.ts:573:5)

    console.warn
      PG17_PROCESS {"name":"g2s10b_49","options":{"registry":{"synthetic-src-a":["clients","programs","workouts"],"synthetic-src-b":["clients"]},"action":"declare","coach":"coach","intent":"48792099-cebc-41ff-b876-ecec3fe67add"},"failure":{"status":409,"message":"The run has already staged rows or a claim; it can no longer be declared.","response":{"code":"declaration_after_ingest","message":"The run has already staged rows or a claim; it can no longer be declared."},"injected":false},"queries":8,"pid":14193}

      168 |       }
      169 |       // Query shapes, outcomes, fixture identifiers and process IDs only; never parameters.
    > 170 |       console.warn(
          |               ^
      171 |         'PG17_PROCESS',
      172 |         JSON.stringify({
      173 |           name,

      at settleWorker (test/utils/g2-s10b-pg-harness.ts:170:15)
      at ChildProcess.<anonymous> (test/utils/g2-s10b-pg-harness.ts:189:7)

    console.warn
      PG17_PROCESS {"name":"g2s10b_50","options":{"action":"start","coach":"coach","intent":"17016fd2-1dc2-4da2-a0eb-3f511ac8ef46"},"result":{"intent_id":"17016fd2-1dc2-4da2-a0eb-3f511ac8ef46","mode":"server","phase":"discovering","execution_epoch":1,"accepted_start_at":"2026-09-27T19:14:31.723Z","deadline_at":"2026-09-27T19:19:31.723Z"},"queries":3,"pid":14304}

      168 |       }
      169 |       // Query shapes, outcomes, fixture identifiers and process IDs only; never parameters.
    > 170 |       console.warn(
          |               ^
      171 |         'PG17_PROCESS',
      172 |         JSON.stringify({
      173 |           name,

      at settleWorker (test/utils/g2-s10b-pg-harness.ts:170:15)
      at ChildProcess.<anonymous> (test/utils/g2-s10b-pg-harness.ts:189:7)

    console.warn
      PG17_BLOCKED {"name":"g2s10b_52","rows":[{"type":"Lock","wait":"transactionid"}]}

      200 |       FROM pg_stat_activity WHERE application_name=${quote(name)} AND wait_event_type='Lock'`);
      201 |     if (rows.length > 0) {
    > 202 |       console.warn('PG17_BLOCKED', JSON.stringify({ name, rows }));
          |               ^
      203 |       return;
      204 |     }
      205 |     await new Promise((r) => setTimeout(r, 25));

      at blocked (test/utils/g2-s10b-pg-harness.ts:202:15)
      at Object.<anonymous> (test/rls-g2-s10b.spec.ts:594:5)

    console.warn
      PG17_PROCESS {"name":"g2s10b_51","options":{"registry":{"synthetic-src-a":["clients","programs","workouts"],"synthetic-src-b":["clients"]},"action":"declare","coach":"coach","intent":"17016fd2-1dc2-4da2-a0eb-3f511ac8ef46","pause":"locked","txTimeout":60000},"result":{"intent_id":"17016fd2-1dc2-4da2-a0eb-3f511ac8ef46","challenge_b64":"nZSxHzqmFS95TYMjH0ZL/x/C8oj+6fJbYnBjkDeXcQ4=","declared_at":"2026-09-27T19:14:35.640Z"},"queries":11,"pid":14333}

      168 |       }
      169 |       // Query shapes, outcomes, fixture identifiers and process IDs only; never parameters.
    > 170 |       console.warn(
          |               ^
      171 |         'PG17_PROCESS',
      172 |         JSON.stringify({
      173 |           name,

      at settleWorker (test/utils/g2-s10b-pg-harness.ts:170:15)
      at ChildProcess.<anonymous> (test/utils/g2-s10b-pg-harness.ts:189:7)

    console.warn
      PG17_PROCESS {"name":"g2s10b_52","options":{"action":"ingest","coach":"coach","intent":"17016fd2-1dc2-4da2-a0eb-3f511ac8ef46"},"result":{"received":1,"deduped":0},"queries":8,"pid":14362}

      168 |       }
      169 |       // Query shapes, outcomes, fixture identifiers and process IDs only; never parameters.
    > 170 |       console.warn(
          |               ^
      171 |         'PG17_PROCESS',
      172 |         JSON.stringify({
      173 |           name,

      at settleWorker (test/utils/g2-s10b-pg-harness.ts:170:15)
      at ChildProcess.<anonymous> (test/utils/g2-s10b-pg-harness.ts:189:7)

    console.warn
      PG17_PROCESS {"name":"g2s10b_53","options":{"action":"start","coach":"coach","intent":"ddaa1d9e-9d9c-4cbd-aa1b-ce16526a80a8"},"result":{"intent_id":"ddaa1d9e-9d9c-4cbd-aa1b-ce16526a80a8","mode":"server","phase":"discovering","execution_epoch":1,"accepted_start_at":"2026-09-27T19:14:37.528Z","deadline_at":"2026-09-27T19:19:37.528Z"},"queries":3,"pid":14486}

      168 |       }
      169 |       // Query shapes, outcomes, fixture identifiers and process IDs only; never parameters.
    > 170 |       console.warn(
          |               ^
      171 |         'PG17_PROCESS',
      172 |         JSON.stringify({
      173 |           name,

      at settleWorker (test/utils/g2-s10b-pg-harness.ts:170:15)
      at ChildProcess.<anonymous> (test/utils/g2-s10b-pg-harness.ts:189:7)

    console.warn
      PG17_PROCESS {"name":"g2s10b_54","options":{"registry":{"synthetic-src-a":["clients","programs","workouts"],"synthetic-src-b":["clients"]},"action":"declare","coach":"coach","intent":"ddaa1d9e-9d9c-4cbd-aa1b-ce16526a80a8"},"result":{"intent_id":"ddaa1d9e-9d9c-4cbd-aa1b-ce16526a80a8","challenge_b64":"Gw+ZKKl/kTK1lIvsKaCRtgBxT++PY4HebS588DYgb8g=","declared_at":"2026-09-27T19:14:39.293Z"},"queries":11,"pid":14515}

      168 |       }
      169 |       // Query shapes, outcomes, fixture identifiers and process IDs only; never parameters.
    > 170 |       console.warn(
          |               ^
      171 |         'PG17_PROCESS',
      172 |         JSON.stringify({
      173 |           name,

      at settleWorker (test/utils/g2-s10b-pg-harness.ts:170:15)
      at ChildProcess.<anonymous> (test/utils/g2-s10b-pg-harness.ts:189:7)

    console.warn
      PG17_BLOCKED {"name":"g2s10b_56","rows":[{"type":"Lock","wait":"transactionid"}]}

      200 |       FROM pg_stat_activity WHERE application_name=${quote(name)} AND wait_event_type='Lock'`);
      201 |     if (rows.length > 0) {
    > 202 |       console.warn('PG17_BLOCKED', JSON.stringify({ name, rows }));
          |               ^
      203 |       return;
      204 |     }
      205 |     await new Promise((r) => setTimeout(r, 25));

      at blocked (test/utils/g2-s10b-pg-harness.ts:202:15)
      at Object.<anonymous> (test/rls-g2-s10b.spec.ts:623:5)

    console.warn
      PG17_PROCESS {"name":"g2s10b_56","options":{"registry":{"synthetic-src-a":["clients","programs","workouts"],"synthetic-src-b":["clients"]},"action":"observe","coach":"coach","intent":"ddaa1d9e-9d9c-4cbd-aa1b-ce16526a80a8"},"failure":{"status":409,"message":"The run has already been claimed; no further observations are accepted.","response":{"code":"observation_after_claim","message":"The run has already been claimed; no further observations are accepted."},"injected":false},"queries":6,"pid":14576}

      168 |       }
      169 |       // Query shapes, outcomes, fixture identifiers and process IDs only; never parameters.
    > 170 |       console.warn(
          |               ^
      171 |         'PG17_PROCESS',
      172 |         JSON.stringify({
      173 |           name,

      at settleWorker (test/utils/g2-s10b-pg-harness.ts:170:15)
      at ChildProcess.<anonymous> (test/utils/g2-s10b-pg-harness.ts:189:7)

    console.warn
      PG17_PROCESS {"name":"g2s10b_55","options":{"action":"complete","coach":"coach","intent":"ddaa1d9e-9d9c-4cbd-aa1b-ce16526a80a8","pause":"gated","txTimeout":60000},"result":{"acknowledged":true,"intent_id":"ddaa1d9e-9d9c-4cbd-aa1b-ce16526a80a8"},"queries":27,"pid":14544}

      168 |       }
      169 |       // Query shapes, outcomes, fixture identifiers and process IDs only; never parameters.
    > 170 |       console.warn(
          |               ^
      171 |         'PG17_PROCESS',
      172 |         JSON.stringify({
      173 |           name,

      at settleWorker (test/utils/g2-s10b-pg-harness.ts:170:15)
      at ChildProcess.<anonymous> (test/utils/g2-s10b-pg-harness.ts:189:7)

    console.warn
      PG17_PROCESS {"name":"g2s10b_57","options":{"action":"start","coach":"coach","intent":"b927e12d-54b6-4e82-b464-7709221ef1aa"},"result":{"intent_id":"b927e12d-54b6-4e82-b464-7709221ef1aa","mode":"server","phase":"discovering","execution_epoch":1,"accepted_start_at":"2026-09-27T19:14:44.862Z","deadline_at":"2026-09-27T19:19:44.862Z"},"queries":3,"pid":14692}

      168 |       }
      169 |       // Query shapes, outcomes, fixture identifiers and process IDs only; never parameters.
    > 170 |       console.warn(
          |               ^
      171 |         'PG17_PROCESS',
      172 |         JSON.stringify({
      173 |           name,

      at settleWorker (test/utils/g2-s10b-pg-harness.ts:170:15)
      at ChildProcess.<anonymous> (test/utils/g2-s10b-pg-harness.ts:189:7)

    console.warn
      PG17_PROCESS {"name":"g2s10b_58","options":{"registry":{"synthetic-src-a":["clients","programs","workouts"],"synthetic-src-b":["clients"]},"action":"declare","coach":"coach","intent":"b927e12d-54b6-4e82-b464-7709221ef1aa"},"result":{"intent_id":"b927e12d-54b6-4e82-b464-7709221ef1aa","challenge_b64":"3YImCMREiW477DRAUtGwJmIXQlcVDhOIEE2ySBKtk78=","declared_at":"2026-09-27T19:14:46.642Z"},"queries":11,"pid":14721}

      168 |       }
      169 |       // Query shapes, outcomes, fixture identifiers and process IDs only; never parameters.
    > 170 |       console.warn(
          |               ^
      171 |         'PG17_PROCESS',
      172 |         JSON.stringify({
      173 |           name,

      at settleWorker (test/utils/g2-s10b-pg-harness.ts:170:15)
      at ChildProcess.<anonymous> (test/utils/g2-s10b-pg-harness.ts:189:7)

    console.warn
      PG17_BLOCKED {"name":"g2s10b_60","rows":[{"type":"Lock","wait":"transactionid"}]}

      200 |       FROM pg_stat_activity WHERE application_name=${quote(name)} AND wait_event_type='Lock'`);
      201 |     if (rows.length > 0) {
    > 202 |       console.warn('PG17_BLOCKED', JSON.stringify({ name, rows }));
          |               ^
      203 |       return;
      204 |     }
      205 |     await new Promise((r) => setTimeout(r, 25));

      at blocked (test/utils/g2-s10b-pg-harness.ts:202:15)
      at Object.<anonymous> (test/rls-g2-s10b.spec.ts:647:5)

    console.warn
      PG17_PROCESS {"name":"g2s10b_59","options":{"registry":{"synthetic-src-a":["clients","programs","workouts"],"synthetic-src-b":["clients"]},"action":"observe","coach":"coach","intent":"b927e12d-54b6-4e82-b464-7709221ef1aa","pause":"locked","txTimeout":60000},"result":{"intent_id":"b927e12d-54b6-4e82-b464-7709221ef1aa","execution_epoch":1,"stored":1,"replayed":0},"queries":9,"pid":14751}

      168 |       }
      169 |       // Query shapes, outcomes, fixture identifiers and process IDs only; never parameters.
    > 170 |       console.warn(
          |               ^
      171 |         'PG17_PROCESS',
      172 |         JSON.stringify({
      173 |           name,

      at settleWorker (test/utils/g2-s10b-pg-harness.ts:170:15)
      at ChildProcess.<anonymous> (test/utils/g2-s10b-pg-harness.ts:189:7)

    console.warn
      PG17_PROCESS {"name":"g2s10b_60","options":{"action":"complete","coach":"coach","intent":"b927e12d-54b6-4e82-b464-7709221ef1aa"},"result":{"acknowledged":true,"intent_id":"b927e12d-54b6-4e82-b464-7709221ef1aa"},"queries":27,"pid":14780}

      168 |       }
      169 |       // Query shapes, outcomes, fixture identifiers and process IDs only; never parameters.
    > 170 |       console.warn(
          |               ^
      171 |         'PG17_PROCESS',
      172 |         JSON.stringify({
      173 |           name,

      at settleWorker (test/utils/g2-s10b-pg-harness.ts:170:15)
      at ChildProcess.<anonymous> (test/utils/g2-s10b-pg-harness.ts:189:7)

PASS rls-live test/rls-g2-s10c.spec.ts (72.056 s)
  ● Console

    console.warn
      PG17_PROCESS {"name":"g2s10b_1","options":{"action":"start","coach":"coach","intent":"3dec4a69-f906-4e0f-a0e1-8a2aac971671"},"result":{"intent_id":"3dec4a69-f906-4e0f-a0e1-8a2aac971671","mode":"server","phase":"discovering","execution_epoch":1,"accepted_start_at":"2026-09-27T19:14:53.728Z","deadline_at":"2026-09-27T19:19:53.728Z"},"queries":3,"pid":14968}

      168 |       }
      169 |       // Query shapes, outcomes, fixture identifiers and process IDs only; never parameters.
    > 170 |       console.warn(
          |               ^
      171 |         'PG17_PROCESS',
      172 |         JSON.stringify({
      173 |           name,

      at settleWorker (test/utils/g2-s10b-pg-harness.ts:170:15)
      at ChildProcess.<anonymous> (test/utils/g2-s10b-pg-harness.ts:189:7)

    console.warn
      PG17_PROCESS {"name":"g2s10b_2","options":{"registry":{"synthetic-src-a":["clients","programs","workouts"],"synthetic-src-b":["clients"]},"action":"declare","coach":"coach","intent":"3dec4a69-f906-4e0f-a0e1-8a2aac971671"},"result":{"intent_id":"3dec4a69-f906-4e0f-a0e1-8a2aac971671","challenge_b64":"RlEUJEQVh2YTx5zhuzQbIAHheNVnwmlLpIsCNYll19k=","declared_at":"2026-09-27T19:14:55.488Z"},"queries":11,"pid":14997}

      168 |       }
      169 |       // Query shapes, outcomes, fixture identifiers and process IDs only; never parameters.
    > 170 |       console.warn(
          |               ^
      171 |         'PG17_PROCESS',
      172 |         JSON.stringify({
      173 |           name,

      at settleWorker (test/utils/g2-s10b-pg-harness.ts:170:15)
      at ChildProcess.<anonymous> (test/utils/g2-s10b-pg-harness.ts:189:7)

    console.warn
      PG17_PROCESS {"name":"g2s10b_3","options":{"registry":{"synthetic-src-a":["clients","programs","workouts"],"synthetic-src-b":["clients"]},"action":"observe","coach":"coach","intent":"3dec4a69-f906-4e0f-a0e1-8a2aac971671"},"result":{"intent_id":"3dec4a69-f906-4e0f-a0e1-8a2aac971671","execution_epoch":1,"stored":1,"replayed":0},"queries":9,"pid":15030}

      168 |       }
      169 |       // Query shapes, outcomes, fixture identifiers and process IDs only; never parameters.
    > 170 |       console.warn(
          |               ^
      171 |         'PG17_PROCESS',
      172 |         JSON.stringify({
      173 |           name,

      at settleWorker (test/utils/g2-s10b-pg-harness.ts:170:15)
      at ChildProcess.<anonymous> (test/utils/g2-s10b-pg-harness.ts:189:7)

    console.warn
      PG17_PROCESS {"name":"g2s10b_4","options":{"action":"complete","coach":"coach","intent":"3dec4a69-f906-4e0f-a0e1-8a2aac971671"},"result":{"acknowledged":true,"intent_id":"3dec4a69-f906-4e0f-a0e1-8a2aac971671"},"queries":47,"pid":15063}

      168 |       }
      169 |       // Query shapes, outcomes, fixture identifiers and process IDs only; never parameters.
    > 170 |       console.warn(
          |               ^
      171 |         'PG17_PROCESS',
      172 |         JSON.stringify({
      173 |           name,

      at settleWorker (test/utils/g2-s10b-pg-harness.ts:170:15)
      at ChildProcess.<anonymous> (test/utils/g2-s10b-pg-harness.ts:189:7)

    console.warn
      PG17_PROCESS {"name":"g2s10b_5","options":{"action":"start","coach":"coach","intent":"f0c62558-a79f-492b-b525-12945bee3e51"},"result":{"intent_id":"f0c62558-a79f-492b-b525-12945bee3e51","mode":"server","phase":"discovering","execution_epoch":1,"accepted_start_at":"2026-09-27T19:15:00.860Z","deadline_at":"2026-09-27T19:20:00.860Z"},"queries":3,"pid":15107}

      168 |       }
      169 |       // Query shapes, outcomes, fixture identifiers and process IDs only; never parameters.
    > 170 |       console.warn(
          |               ^
      171 |         'PG17_PROCESS',
      172 |         JSON.stringify({
      173 |           name,

      at settleWorker (test/utils/g2-s10b-pg-harness.ts:170:15)
      at ChildProcess.<anonymous> (test/utils/g2-s10b-pg-harness.ts:189:7)

    console.warn
      PG17_PROCESS {"name":"g2s10b_6","options":{"registry":{"synthetic-src-a":["clients","programs","workouts"],"synthetic-src-b":["clients"]},"action":"declare","coach":"coach","intent":"f0c62558-a79f-492b-b525-12945bee3e51"},"result":{"intent_id":"f0c62558-a79f-492b-b525-12945bee3e51","challenge_b64":"KFIiyxbxz19nOiCkbJNTwYIvrFHoc5//hRkKFvAEf6I=","declared_at":"2026-09-27T19:15:02.611Z"},"queries":11,"pid":15136}

      168 |       }
      169 |       // Query shapes, outcomes, fixture identifiers and process IDs only; never parameters.
    > 170 |       console.warn(
          |               ^
      171 |         'PG17_PROCESS',
      172 |         JSON.stringify({
      173 |           name,

      at settleWorker (test/utils/g2-s10b-pg-harness.ts:170:15)
      at ChildProcess.<anonymous> (test/utils/g2-s10b-pg-harness.ts:189:7)

    console.warn
      PG17_PROCESS {"name":"g2s10b_7","options":{"registry":{"synthetic-src-a":["clients","programs","workouts"],"synthetic-src-b":["clients"]},"action":"observe","coach":"coach","intent":"f0c62558-a79f-492b-b525-12945bee3e51"},"result":{"intent_id":"f0c62558-a79f-492b-b525-12945bee3e51","execution_epoch":1,"stored":1,"replayed":0},"queries":9,"pid":15169}

      168 |       }
      169 |       // Query shapes, outcomes, fixture identifiers and process IDs only; never parameters.
    > 170 |       console.warn(
          |               ^
      171 |         'PG17_PROCESS',
      172 |         JSON.stringify({
      173 |           name,

      at settleWorker (test/utils/g2-s10b-pg-harness.ts:170:15)
      at ChildProcess.<anonymous> (test/utils/g2-s10b-pg-harness.ts:189:7)

    console.warn
      PG17_PROCESS {"name":"g2s10b_8","options":{"action":"complete","coach":"coach","intent":"f0c62558-a79f-492b-b525-12945bee3e51"},"result":{"acknowledged":true,"intent_id":"f0c62558-a79f-492b-b525-12945bee3e51"},"queries":47,"pid":15202}

      168 |       }
      169 |       // Query shapes, outcomes, fixture identifiers and process IDs only; never parameters.
    > 170 |       console.warn(
          |               ^
      171 |         'PG17_PROCESS',
      172 |         JSON.stringify({
      173 |           name,

      at settleWorker (test/utils/g2-s10b-pg-harness.ts:170:15)
      at ChildProcess.<anonymous> (test/utils/g2-s10b-pg-harness.ts:189:7)

    console.warn
      PG17_PROCESS {"name":"g2s10b_9","options":{"action":"complete","coach":"coach","intent":"f0c62558-a79f-492b-b525-12945bee3e51"},"result":{"acknowledged":true,"intent_id":"f0c62558-a79f-492b-b525-12945bee3e51"},"queries":8,"pid":15235}

      168 |       }
      169 |       // Query shapes, outcomes, fixture identifiers and process IDs only; never parameters.
    > 170 |       console.warn(
          |               ^
      171 |         'PG17_PROCESS',
      172 |         JSON.stringify({
      173 |           name,

      at settleWorker (test/utils/g2-s10b-pg-harness.ts:170:15)
      at ChildProcess.<anonymous> (test/utils/g2-s10b-pg-harness.ts:189:7)

    console.warn
      PG17_PROCESS {"name":"g2s10b_10","options":{"action":"start","coach":"coach","intent":"7405b78a-070e-4d0c-945e-7823c11585d2"},"result":{"intent_id":"7405b78a-070e-4d0c-945e-7823c11585d2","mode":"server","phase":"discovering","execution_epoch":1,"accepted_start_at":"2026-09-27T19:15:09.659Z","deadline_at":"2026-09-27T19:20:09.659Z"},"queries":3,"pid":15275}

      168 |       }
      169 |       // Query shapes, outcomes, fixture identifiers and process IDs only; never parameters.
    > 170 |       console.warn(
          |               ^
      171 |         'PG17_PROCESS',
      172 |         JSON.stringify({
      173 |           name,

      at settleWorker (test/utils/g2-s10b-pg-harness.ts:170:15)
      at ChildProcess.<anonymous> (test/utils/g2-s10b-pg-harness.ts:189:7)

    console.warn
      PG17_PROCESS {"name":"g2s10b_11","options":{"registry":{"synthetic-src-a":["clients","programs","workouts"],"synthetic-src-b":["clients"]},"action":"declare","coach":"coach","intent":"7405b78a-070e-4d0c-945e-7823c11585d2"},"result":{"intent_id":"7405b78a-070e-4d0c-945e-7823c11585d2","challenge_b64":"9GJYf9cxbAN9sxKewbI5dt2nRvver1XkgwgFiUBupxY=","declared_at":"2026-09-27T19:15:11.420Z"},"queries":11,"pid":15304}

      168 |       }
      169 |       // Query shapes, outcomes, fixture identifiers and process IDs only; never parameters.
    > 170 |       console.warn(
          |               ^
      171 |         'PG17_PROCESS',
      172 |         JSON.stringify({
      173 |           name,

      at settleWorker (test/utils/g2-s10b-pg-harness.ts:170:15)
      at ChildProcess.<anonymous> (test/utils/g2-s10b-pg-harness.ts:189:7)

    console.warn
      PG17_PROCESS {"name":"g2s10b_12","options":{"registry":{"synthetic-src-a":["clients","programs","workouts"],"synthetic-src-b":["clients"]},"action":"observe","coach":"coach","intent":"7405b78a-070e-4d0c-945e-7823c11585d2"},"result":{"intent_id":"7405b78a-070e-4d0c-945e-7823c11585d2","execution_epoch":1,"stored":1,"replayed":0},"queries":9,"pid":15339}

      168 |       }
      169 |       // Query shapes, outcomes, fixture identifiers and process IDs only; never parameters.
    > 170 |       console.warn(
          |               ^
      171 |         'PG17_PROCESS',
      172 |         JSON.stringify({
      173 |           name,

      at settleWorker (test/utils/g2-s10b-pg-harness.ts:170:15)
      at ChildProcess.<anonymous> (test/utils/g2-s10b-pg-harness.ts:189:7)

    console.warn
      PG17_PROCESS {"name":"g2s10b_13","options":{"action":"complete","coach":"coach","intent":"7405b78a-070e-4d0c-945e-7823c11585d2"},"result":{"acknowledged":true,"intent_id":"7405b78a-070e-4d0c-945e-7823c11585d2"},"queries":47,"pid":15372}

      168 |       }
      169 |       // Query shapes, outcomes, fixture identifiers and process IDs only; never parameters.
    > 170 |       console.warn(
          |               ^
      171 |         'PG17_PROCESS',
      172 |         JSON.stringify({
      173 |           name,

      at settleWorker (test/utils/g2-s10b-pg-harness.ts:170:15)
      at ChildProcess.<anonymous> (test/utils/g2-s10b-pg-harness.ts:189:7)

    console.warn
      PG17_PROCESS {"name":"g2s10b_14","options":{"action":"start","coach":"coach","intent":"375aa0ce-4db6-4293-9e5a-5556e9c0cfc0"},"result":{"intent_id":"375aa0ce-4db6-4293-9e5a-5556e9c0cfc0","mode":"server","phase":"discovering","execution_epoch":1,"accepted_start_at":"2026-09-27T19:15:16.865Z","deadline_at":"2026-09-27T19:20:16.865Z"},"queries":3,"pid":15412}

      168 |       }
      169 |       // Query shapes, outcomes, fixture identifiers and process IDs only; never parameters.
    > 170 |       console.warn(
          |               ^
      171 |         'PG17_PROCESS',
      172 |         JSON.stringify({
      173 |           name,

      at settleWorker (test/utils/g2-s10b-pg-harness.ts:170:15)
      at ChildProcess.<anonymous> (test/utils/g2-s10b-pg-harness.ts:189:7)

    console.warn
      PG17_PROCESS {"name":"g2s10b_15","options":{"registry":{"synthetic-src-a":["clients","programs","workouts"],"synthetic-src-b":["clients"]},"action":"declare","coach":"coach","intent":"375aa0ce-4db6-4293-9e5a-5556e9c0cfc0"},"result":{"intent_id":"375aa0ce-4db6-4293-9e5a-5556e9c0cfc0","challenge_b64":"umHlJ2G2BqtjwFgPoHQDHXXooQUUKsoLpqigtPfGH5k=","declared_at":"2026-09-27T19:15:18.603Z"},"queries":11,"pid":15441}

      168 |       }
      169 |       // Query shapes, outcomes, fixture identifiers and process IDs only; never parameters.
    > 170 |       console.warn(
          |               ^
      171 |         'PG17_PROCESS',
      172 |         JSON.stringify({
      173 |           name,

      at settleWorker (test/utils/g2-s10b-pg-harness.ts:170:15)
      at ChildProcess.<anonymous> (test/utils/g2-s10b-pg-harness.ts:189:7)

    console.warn
      PG17_PROCESS {"name":"g2s10b_16","options":{"registry":{"synthetic-src-a":["clients","programs","workouts"],"synthetic-src-b":["clients"]},"action":"observe","coach":"coach","intent":"375aa0ce-4db6-4293-9e5a-5556e9c0cfc0"},"result":{"intent_id":"375aa0ce-4db6-4293-9e5a-5556e9c0cfc0","execution_epoch":1,"stored":1,"replayed":0},"queries":9,"pid":15475}

      168 |       }
      169 |       // Query shapes, outcomes, fixture identifiers and process IDs only; never parameters.
    > 170 |       console.warn(
          |               ^
      171 |         'PG17_PROCESS',
      172 |         JSON.stringify({
      173 |           name,

      at settleWorker (test/utils/g2-s10b-pg-harness.ts:170:15)
      at ChildProcess.<anonymous> (test/utils/g2-s10b-pg-harness.ts:189:7)

    console.warn
      PG17_PROCESS {"name":"g2s10b_17","options":{"action":"fence","coach":"coach","intent":"375aa0ce-4db6-4293-9e5a-5556e9c0cfc0"},"result":{"terminal_status":"blocked","reason_code":"revoked","execution_epoch":2},"queries":7,"pid":15508}

      168 |       }
      169 |       // Query shapes, outcomes, fixture identifiers and process IDs only; never parameters.
    > 170 |       console.warn(
          |               ^
      171 |         'PG17_PROCESS',
      172 |         JSON.stringify({
      173 |           name,

      at settleWorker (test/utils/g2-s10b-pg-harness.ts:170:15)
      at ChildProcess.<anonymous> (test/utils/g2-s10b-pg-harness.ts:189:7)

    console.warn
      PG17_PROCESS {"name":"g2s10b_18","options":{"action":"complete","coach":"coach","intent":"375aa0ce-4db6-4293-9e5a-5556e9c0cfc0"},"result":{"acknowledged":true,"intent_id":"375aa0ce-4db6-4293-9e5a-5556e9c0cfc0"},"queries":8,"pid":15541}

      168 |       }
      169 |       // Query shapes, outcomes, fixture identifiers and process IDs only; never parameters.
    > 170 |       console.warn(
          |               ^
      171 |         'PG17_PROCESS',
      172 |         JSON.stringify({
      173 |           name,

      at settleWorker (test/utils/g2-s10b-pg-harness.ts:170:15)
      at ChildProcess.<anonymous> (test/utils/g2-s10b-pg-harness.ts:189:7)

    console.warn
      PG17_PROCESS {"name":"g2s10b_19","options":{"action":"start","coach":"coach","intent":"2d1b27ee-45eb-4aa1-958f-20a8a2d8d8f0"},"result":{"intent_id":"2d1b27ee-45eb-4aa1-958f-20a8a2d8d8f0","mode":"server","phase":"discovering","execution_epoch":1,"accepted_start_at":"2026-09-27T19:15:25.806Z","deadline_at":"2026-09-27T19:20:25.806Z"},"queries":3,"pid":15581}

      168 |       }
      169 |       // Query shapes, outcomes, fixture identifiers and process IDs only; never parameters.
    > 170 |       console.warn(
          |               ^
      171 |         'PG17_PROCESS',
      172 |         JSON.stringify({
      173 |           name,

      at settleWorker (test/utils/g2-s10b-pg-harness.ts:170:15)
      at ChildProcess.<anonymous> (test/utils/g2-s10b-pg-harness.ts:189:7)

    console.warn
      PG17_PROCESS {"name":"g2s10b_20","options":{"registry":{"synthetic-src-a":["clients","programs","workouts"],"synthetic-src-b":["clients"]},"action":"declare","coach":"coach","intent":"2d1b27ee-45eb-4aa1-958f-20a8a2d8d8f0"},"result":{"intent_id":"2d1b27ee-45eb-4aa1-958f-20a8a2d8d8f0","challenge_b64":"5o29JvxAlKHUpMBzbIKQxWSM6NkKTYDlaZv9BYAfgxk=","declared_at":"2026-09-27T19:15:27.550Z"},"queries":11,"pid":15610}

      168 |       }
      169 |       // Query shapes, outcomes, fixture identifiers and process IDs only; never parameters.
    > 170 |       console.warn(
          |               ^
      171 |         'PG17_PROCESS',
      172 |         JSON.stringify({
      173 |           name,

      at settleWorker (test/utils/g2-s10b-pg-harness.ts:170:15)
      at ChildProcess.<anonymous> (test/utils/g2-s10b-pg-harness.ts:189:7)

    console.warn
      PG17_PROCESS {"name":"g2s10b_21","options":{"registry":{"synthetic-src-a":["clients","programs","workouts"],"synthetic-src-b":["clients"]},"action":"observe","coach":"coach","intent":"2d1b27ee-45eb-4aa1-958f-20a8a2d8d8f0"},"result":{"intent_id":"2d1b27ee-45eb-4aa1-958f-20a8a2d8d8f0","execution_epoch":1,"stored":1,"replayed":0},"queries":9,"pid":15644}

      168 |       }
      169 |       // Query shapes, outcomes, fixture identifiers and process IDs only; never parameters.
    > 170 |       console.warn(
          |               ^
      171 |         'PG17_PROCESS',
      172 |         JSON.stringify({
      173 |           name,

      at settleWorker (test/utils/g2-s10b-pg-harness.ts:170:15)
      at ChildProcess.<anonymous> (test/utils/g2-s10b-pg-harness.ts:189:7)

    console.warn
      PG17_PROCESS {"name":"g2s10b_22","options":{"action":"complete","coach":"coach","intent":"2d1b27ee-45eb-4aa1-958f-20a8a2d8d8f0","failAfter":{"model":"scoutRunSettledBasis","n":0}},"failure":{"status":500,"message":"Internal server error","injected":true},"queries":46,"pid":15677}

      168 |       }
      169 |       // Query shapes, outcomes, fixture identifiers and process IDs only; never parameters.
    > 170 |       console.warn(
          |               ^
      171 |         'PG17_PROCESS',
      172 |         JSON.stringify({
      173 |           name,

      at settleWorker (test/utils/g2-s10b-pg-harness.ts:170:15)
      at ChildProcess.<anonymous> (test/utils/g2-s10b-pg-harness.ts:189:7)

    console.warn
      PG17_PROCESS {"name":"g2s10b_23","options":{"action":"complete","coach":"coach","intent":"2d1b27ee-45eb-4aa1-958f-20a8a2d8d8f0"},"result":{"acknowledged":true,"intent_id":"2d1b27ee-45eb-4aa1-958f-20a8a2d8d8f0"},"queries":52,"pid":15711}

      168 |       }
      169 |       // Query shapes, outcomes, fixture identifiers and process IDs only; never parameters.
    > 170 |       console.warn(
          |               ^
      171 |         'PG17_PROCESS',
      172 |         JSON.stringify({
      173 |           name,

      at settleWorker (test/utils/g2-s10b-pg-harness.ts:170:15)
      at ChildProcess.<anonymous> (test/utils/g2-s10b-pg-harness.ts:189:7)

    console.warn
      PG17_PROCESS {"name":"g2s10b_24","options":{"action":"start","coach":"coach","intent":"b4fd6e4f-b15e-456d-ab53-3f9450e10217"},"result":{"intent_id":"b4fd6e4f-b15e-456d-ab53-3f9450e10217","mode":"server","phase":"discovering","execution_epoch":1,"accepted_start_at":"2026-09-27T19:15:34.940Z","deadline_at":"2026-09-27T19:20:34.940Z"},"queries":3,"pid":15751}

      168 |       }
      169 |       // Query shapes, outcomes, fixture identifiers and process IDs only; never parameters.
    > 170 |       console.warn(
          |               ^
      171 |         'PG17_PROCESS',
      172 |         JSON.stringify({
      173 |           name,

      at settleWorker (test/utils/g2-s10b-pg-harness.ts:170:15)
      at ChildProcess.<anonymous> (test/utils/g2-s10b-pg-harness.ts:189:7)

    console.warn
      PG17_PROCESS {"name":"g2s10b_25","options":{"registry":{"synthetic-src-a":["clients","programs","workouts"],"synthetic-src-b":["clients"]},"action":"declare","coach":"coach","intent":"b4fd6e4f-b15e-456d-ab53-3f9450e10217"},"result":{"intent_id":"b4fd6e4f-b15e-456d-ab53-3f9450e10217","challenge_b64":"5pG3zyA3z96wXJct0wPMHnOS/28qC4tB6gxXlcIWPWU=","declared_at":"2026-09-27T19:15:36.696Z"},"queries":11,"pid":15780}

      168 |       }
      169 |       // Query shapes, outcomes, fixture identifiers and process IDs only; never parameters.
    > 170 |       console.warn(
          |               ^
      171 |         'PG17_PROCESS',
      172 |         JSON.stringify({
      173 |           name,

      at settleWorker (test/utils/g2-s10b-pg-harness.ts:170:15)
      at ChildProcess.<anonymous> (test/utils/g2-s10b-pg-harness.ts:189:7)

    console.warn
      PG17_PROCESS {"name":"g2s10b_26","options":{"registry":{"synthetic-src-a":["clients","programs","workouts"],"synthetic-src-b":["clients"]},"action":"observe","coach":"coach","intent":"b4fd6e4f-b15e-456d-ab53-3f9450e10217"},"result":{"intent_id":"b4fd6e4f-b15e-456d-ab53-3f9450e10217","execution_epoch":1,"stored":1,"replayed":0},"queries":9,"pid":15813}

      168 |       }
      169 |       // Query shapes, outcomes, fixture identifiers and process IDs only; never parameters.
    > 170 |       console.warn(
          |               ^
      171 |         'PG17_PROCESS',
      172 |         JSON.stringify({
      173 |           name,

      at settleWorker (test/utils/g2-s10b-pg-harness.ts:170:15)
      at ChildProcess.<anonymous> (test/utils/g2-s10b-pg-harness.ts:189:7)

    console.warn
      PG17_BLOCKED {"name":"g2s10b_28","rows":[{"type":"Lock","wait":"transactionid"}]}

      200 |       FROM pg_stat_activity WHERE application_name=${quote(name)} AND wait_event_type='Lock'`);
      201 |     if (rows.length > 0) {
    > 202 |       console.warn('PG17_BLOCKED', JSON.stringify({ name, rows }));
          |               ^
      203 |       return;
      204 |     }
      205 |     await new Promise((r) => setTimeout(r, 25));

      at blocked (test/utils/g2-s10b-pg-harness.ts:202:15)
      at Object.<anonymous> (test/rls-g2-s10c.spec.ts:262:5)

    console.warn
      PG17_PROCESS {"name":"g2s10b_27","options":{"action":"complete","coach":"coach","intent":"b4fd6e4f-b15e-456d-ab53-3f9450e10217","pause":"locked","txTimeout":60000},"result":{"acknowledged":true,"intent_id":"b4fd6e4f-b15e-456d-ab53-3f9450e10217"},"queries":47,"pid":15846}

      168 |       }
      169 |       // Query shapes, outcomes, fixture identifiers and process IDs only; never parameters.
    > 170 |       console.warn(
          |               ^
      171 |         'PG17_PROCESS',
      172 |         JSON.stringify({
      173 |           name,

      at settleWorker (test/utils/g2-s10b-pg-harness.ts:170:15)
      at ChildProcess.<anonymous> (test/utils/g2-s10b-pg-harness.ts:189:7)

    console.warn
      PG17_PROCESS {"name":"g2s10b_28","options":{"action":"complete","coach":"coach","intent":"b4fd6e4f-b15e-456d-ab53-3f9450e10217"},"result":{"acknowledged":true,"intent_id":"b4fd6e4f-b15e-456d-ab53-3f9450e10217"},"queries":8,"pid":15877}

      168 |       }
      169 |       // Query shapes, outcomes, fixture identifiers and process IDs only; never parameters.
    > 170 |       console.warn(
          |               ^
      171 |         'PG17_PROCESS',
      172 |         JSON.stringify({
      173 |           name,

      at settleWorker (test/utils/g2-s10b-pg-harness.ts:170:15)
      at ChildProcess.<anonymous> (test/utils/g2-s10b-pg-harness.ts:189:7)

    console.warn
      PG17_PROCESS {"name":"g2s10b_29","options":{"action":"start","coach":"coach","intent":"ce75f465-44f8-4b38-b533-2a7ec8cb1fc4"},"result":{"intent_id":"ce75f465-44f8-4b38-b533-2a7ec8cb1fc4","mode":"server","phase":"discovering","execution_epoch":1,"accepted_start_at":"2026-09-27T19:15:44.625Z","deadline_at":"2026-09-27T19:20:44.625Z"},"queries":3,"pid":15999}

      168 |       }
      169 |       // Query shapes, outcomes, fixture identifiers and process IDs only; never parameters.
    > 170 |       console.warn(
          |               ^
      171 |         'PG17_PROCESS',
      172 |         JSON.stringify({
      173 |           name,

      at settleWorker (test/utils/g2-s10b-pg-harness.ts:170:15)
      at ChildProcess.<anonymous> (test/utils/g2-s10b-pg-harness.ts:189:7)

    console.warn
      PG17_PROCESS {"name":"g2s10b_30","options":{"registry":{"synthetic-src-a":["clients","programs","workouts"],"synthetic-src-b":["clients"]},"action":"declare","coach":"coach","intent":"ce75f465-44f8-4b38-b533-2a7ec8cb1fc4"},"result":{"intent_id":"ce75f465-44f8-4b38-b533-2a7ec8cb1fc4","challenge_b64":"o4reNGAwBrvuiCgI/aK/jZ/sp+oPuYxuJ1b4cPPZCC0=","declared_at":"2026-09-27T19:15:46.427Z"},"queries":11,"pid":16028}

      168 |       }
      169 |       // Query shapes, outcomes, fixture identifiers and process IDs only; never parameters.
    > 170 |       console.warn(
          |               ^
      171 |         'PG17_PROCESS',
      172 |         JSON.stringify({
      173 |           name,

      at settleWorker (test/utils/g2-s10b-pg-harness.ts:170:15)
      at ChildProcess.<anonymous> (test/utils/g2-s10b-pg-harness.ts:189:7)

    console.warn
      PG17_PROCESS {"name":"g2s10b_31","options":{"registry":{"synthetic-src-a":["clients","programs","workouts"],"synthetic-src-b":["clients"]},"action":"observe","coach":"coach","intent":"ce75f465-44f8-4b38-b533-2a7ec8cb1fc4"},"result":{"intent_id":"ce75f465-44f8-4b38-b533-2a7ec8cb1fc4","execution_epoch":1,"stored":1,"replayed":0},"queries":9,"pid":16062}

      168 |       }
      169 |       // Query shapes, outcomes, fixture identifiers and process IDs only; never parameters.
    > 170 |       console.warn(
          |               ^
      171 |         'PG17_PROCESS',
      172 |         JSON.stringify({
      173 |           name,

      at settleWorker (test/utils/g2-s10b-pg-harness.ts:170:15)
      at ChildProcess.<anonymous> (test/utils/g2-s10b-pg-harness.ts:189:7)

    console.warn
      PG17_PROCESS {"name":"g2s10b_32","options":{"action":"complete","coach":"coach","intent":"ce75f465-44f8-4b38-b533-2a7ec8cb1fc4"},"result":{"acknowledged":true,"intent_id":"ce75f465-44f8-4b38-b533-2a7ec8cb1fc4"},"queries":47,"pid":16095}

      168 |       }
      169 |       // Query shapes, outcomes, fixture identifiers and process IDs only; never parameters.
    > 170 |       console.warn(
          |               ^
      171 |         'PG17_PROCESS',
      172 |         JSON.stringify({
      173 |           name,

      at settleWorker (test/utils/g2-s10b-pg-harness.ts:170:15)
      at ChildProcess.<anonymous> (test/utils/g2-s10b-pg-harness.ts:189:7)

    console.warn
      PG17_PROCESS {"name":"g2s10b_33","options":{"action":"status","coach":"coach","intent":"ce75f465-44f8-4b38-b533-2a7ec8cb1fc4"},"result":{"intent_id":"ce75f465-44f8-4b38-b533-2a7ec8cb1fc4","status":"partial","entity_counts":[{"entity_type":"clients","committed":2}],"started_at":"2026-09-27T19:15:46.463Z","completed_at":"2026-09-27T19:15:50.033Z","mode":"server","phase":"reconciling","accepted_start_at":"2026-09-27T19:15:44.625Z","deadline_at":"2026-09-27T19:20:44.625Z","last_observed_at":"2026-09-27T19:15:50.027Z","execution_epoch":1,"reason_code":"unresolved_family","claimed_status":"success","families":[{"family":"clients","observed_unique":null,"staged_unique":2,"created_native":null,"already_present_verified":null,"rejected":2,"unresolved":0,"ledger":{"reconstructed":0,"skipped":2,"failed":0},"canonical_family":null,"native_present_verified":0,"completeness_basis":"none","relationship_closure":"not_applicable","reasons":[{"code":"unsupported_platform:synthetic-src-a","count":2}],"qualifiers":[]}]},"queries":9,"pid":16125}

      168 |       }
      169 |       // Query shapes, outcomes, fixture identifiers and process IDs only; never parameters.
    > 170 |       console.warn(
          |               ^
      171 |         'PG17_PROCESS',
      172 |         JSON.stringify({
      173 |           name,

      at settleWorker (test/utils/g2-s10b-pg-harness.ts:170:15)
      at ChildProcess.<anonymous> (test/utils/g2-s10b-pg-harness.ts:189:7)

    console.warn
      PG17_PROCESS {"name":"g2s10b_34","options":{"action":"status","coach":"coach","intent":"ce75f465-44f8-4b38-b533-2a7ec8cb1fc4"},"result":{"intent_id":"ce75f465-44f8-4b38-b533-2a7ec8cb1fc4","status":"partial","entity_counts":[{"entity_type":"clients","committed":3}],"started_at":"2026-09-27T19:15:46.463Z","completed_at":"2026-09-27T19:15:50.033Z","mode":"server","phase":"reconciling","accepted_start_at":"2026-09-27T19:15:44.625Z","deadline_at":"2026-09-27T19:20:44.625Z","last_observed_at":"2026-09-27T19:15:50.027Z","execution_epoch":1,"reason_code":"unresolved_family","claimed_status":"success","families":[{"family":"clients","observed_unique":null,"staged_unique":3,"created_native":null,"already_present_verified":null,"rejected":2,"unresolved":0,"ledger":{"reconstructed":0,"skipped":2,"failed":0},"canonical_family":null,"native_present_verified":0,"completeness_basis":"none","relationship_closure":"not_applicable","reasons":[{"code":"unsupported_platform:synthetic-src-a","count":2}],"qualifiers":[]}]},"queries":9,"pid":16161}

      168 |       }
      169 |       // Query shapes, outcomes, fixture identifiers and process IDs only; never parameters.
    > 170 |       console.warn(
          |               ^
      171 |         'PG17_PROCESS',
      172 |         JSON.stringify({
      173 |           name,

      at settleWorker (test/utils/g2-s10b-pg-harness.ts:170:15)
      at ChildProcess.<anonymous> (test/utils/g2-s10b-pg-harness.ts:189:7)

    console.warn
      PG17_PROCESS {"name":"g2s10b_35","options":{"action":"start","coach":"coach","intent":"fe31ee4a-34f8-4915-9386-d8bc14bce813"},"result":{"intent_id":"fe31ee4a-34f8-4915-9386-d8bc14bce813","mode":"server","phase":"discovering","execution_epoch":1,"accepted_start_at":"2026-09-27T19:15:55.566Z","deadline_at":"2026-09-27T19:20:55.566Z"},"queries":3,"pid":16199}

      168 |       }
      169 |       // Query shapes, outcomes, fixture identifiers and process IDs only; never parameters.
    > 170 |       console.warn(
          |               ^
      171 |         'PG17_PROCESS',
      172 |         JSON.stringify({
      173 |           name,

      at settleWorker (test/utils/g2-s10b-pg-harness.ts:170:15)
      at ChildProcess.<anonymous> (test/utils/g2-s10b-pg-harness.ts:189:7)

    console.warn
      PG17_PROCESS {"name":"g2s10b_36","options":{"registry":{"synthetic-src-a":["clients","programs","workouts"],"synthetic-src-b":["clients"]},"action":"declare","coach":"coach","intent":"fe31ee4a-34f8-4915-9386-d8bc14bce813"},"result":{"intent_id":"fe31ee4a-34f8-4915-9386-d8bc14bce813","challenge_b64":"gzWd/E6aiq/PWaVG2D1B1JJCe0qqdm7mF/J8WdAFmBw=","declared_at":"2026-09-27T19:15:57.368Z"},"queries":11,"pid":16228}

      168 |       }
      169 |       // Query shapes, outcomes, fixture identifiers and process IDs only; never parameters.
    > 170 |       console.warn(
          |               ^
      171 |         'PG17_PROCESS',
      172 |         JSON.stringify({
      173 |           name,

      at settleWorker (test/utils/g2-s10b-pg-harness.ts:170:15)
      at ChildProcess.<anonymous> (test/utils/g2-s10b-pg-harness.ts:189:7)

    console.warn
      PG17_PROCESS {"name":"g2s10b_37","options":{"registry":{"synthetic-src-a":["clients","programs","workouts"],"synthetic-src-b":["clients"]},"action":"observe","coach":"coach","intent":"fe31ee4a-34f8-4915-9386-d8bc14bce813"},"result":{"intent_id":"fe31ee4a-34f8-4915-9386-d8bc14bce813","execution_epoch":1,"stored":1,"replayed":0},"queries":9,"pid":16261}

      168 |       }
      169 |       // Query shapes, outcomes, fixture identifiers and process IDs only; never parameters.
    > 170 |       console.warn(
          |               ^
      171 |         'PG17_PROCESS',
      172 |         JSON.stringify({
      173 |           name,

      at settleWorker (test/utils/g2-s10b-pg-harness.ts:170:15)
      at ChildProcess.<anonymous> (test/utils/g2-s10b-pg-harness.ts:189:7)

    console.warn
      PG17_PROCESS {"name":"g2s10b_38","options":{"action":"complete","coach":"coach","intent":"fe31ee4a-34f8-4915-9386-d8bc14bce813"},"result":{"acknowledged":true,"intent_id":"fe31ee4a-34f8-4915-9386-d8bc14bce813"},"queries":47,"pid":16294}

      168 |       }
      169 |       // Query shapes, outcomes, fixture identifiers and process IDs only; never parameters.
    > 170 |       console.warn(
          |               ^
      171 |         'PG17_PROCESS',
      172 |         JSON.stringify({
      173 |           name,

      at settleWorker (test/utils/g2-s10b-pg-harness.ts:170:15)
      at ChildProcess.<anonymous> (test/utils/g2-s10b-pg-harness.ts:189:7)

    console.warn
      PG17_PROCESS {"name":"g2s10b_39","options":{"action":"status","coach":"other-coach","intent":"fe31ee4a-34f8-4915-9386-d8bc14bce813"},"failure":{"status":404,"message":"Not Found","response":{"message":"Not Found","statusCode":404},"injected":false},"queries":6,"pid":16324}

      168 |       }
      169 |       // Query shapes, outcomes, fixture identifiers and process IDs only; never parameters.
    > 170 |       console.warn(
          |               ^
      171 |         'PG17_PROCESS',
      172 |         JSON.stringify({
      173 |           name,

      at settleWorker (test/utils/g2-s10b-pg-harness.ts:170:15)
      at ChildProcess.<anonymous> (test/utils/g2-s10b-pg-harness.ts:189:7)


Test Suites: 2 passed, 2 total
Tests:       32 passed, 32 total
Snapshots:   0 total
Time:        211.063 s
Ran all test suites within paths "test/rls-g2-s10b.spec.ts", "test/rls-g2-s10c.spec.ts".
