2026-09-25T22:28:04Z RUN s9a-compose pid=6458 user=user node=v20.20.1 git=git version 2.53.0
2026-09-25T22:28:04Z LOCK acquired fd9 inode=667698 (released at exit; file preserved)
2026-09-25T22:28:05Z REMOTE integration/importer=62471b116267fdec6746073c4b4c80a154d09834 main=1c10e2a19b35bbb4fb17fe7c5aab6fa613e74c47 land_refs=16
2026-09-25T22:28:26Z S9A exact be88909f4bf6a727a3bd376385aba91f209f989a tree=54349476c9f92296f4595bda45d64a48534c4553 parent=1c5fbb0441178e0cfe6e9f8d72e955c645c265e9 blobs==gate postformat receipts
2026-09-25T22:28:26Z HYGIENE ok 1 commit(s) 1c5fbb04..be88909f
2026-09-25T22:28:53Z LEFTHOOK_VERSION=2.1.9 expect=2.1.9
2026-09-25T22:28:53Z HOOK_RAW own pre-commit=0a485c15023fbae84f35afa54e07a55bf16c47471c478f3afe1945feeaa6d27d commit-msg=c04a0b73b7af1440d57198318992aeeec8a88ceb728dbfaab1119c6822f1396e | ref(/home/user/workspace/worktrees/1910a060-s8f) pre-commit=e21bece648d1a2a72fa38e1323dc61d3558e349ff25f764d1c98b494f8af06b1 commit-msg=277018c46292e87a96e872b68fc792b09f7e1359cafd7ec891ae1586387160b9
2026-09-25T22:28:53Z HOOK_NORMALIZED own pre-commit=9dcf80f409a026d9d672c015b6356ff3983f08a0541d2283b58c3fb1af5c0298 commit-msg=4ab9b41920737c96c2b28aba37fbf9d30024fc79e0e8cf5d1860303ff2e69f87 | ref pre-commit=9dcf80f409a026d9d672c015b6356ff3983f08a0541d2283b58c3fb1af5c0298 commit-msg=4ab9b41920737c96c2b28aba37fbf9d30024fc79e0e8cf5d1860303ff2e69f87
2026-09-25T22:28:53Z HOOK_OK own hooks reference /home/user/workspace/worktrees/1910a060-land-s9a-3/node_modules/lefthook-linux-x64/bin/lefthook
2026-09-25T22:28:55Z RUNTIME wt=/home/user/workspace/worktrees/1910a060-land-s9a-3 branch=land1910/s9a nm_lock=05bc530aa44bfa6df64f0daa8edb66c5181abf4bfbc309bd8da2c8aff37b6a44 client=9042e713ba5678c99959a345b7b18a60dfc186b2c7d890b8d9c3ed5c8f4edcc6 prettier=3.9.9 hooks ok
2026-09-25T22:28:57Z MERGED (uncommitted) tree=737c34a3b50cb823c9317d13e1b23797127338b9
2026-09-25T22:29:42Z JEST rc=0 Test Suites: 7 passed, 7 total Tests:       1 skipped, 385 passed, 386 total 
[38;2;0;0;0m╭[38;2;5;5;5m─[38;2;11;11;11m─[38;2;16;16;16m─[38;2;19;19;19m─[38;2;23;23;23m─[38;2;26;26;26m─[38;2;29;29;29m─[38;2;32;32;32m─[38;2;35;35;35m─[38;2;39;39;39m─[38;2;42;42;42m─[38;2;45;45;45m─[38;2;49;49;49m─[38;2;52;52;52m─[38;2;56;56;56m─[38;2;56;56;56m─[38;2;52;52;52m─[38;2;49;49;49m─[38;2;45;45;45m─[38;2;42;42;42m─[38;2;39;39;39m─[38;2;35;35;35m─[38;2;32;32;32m─[38;2;29;29;29m─[38;2;26;26;26m─[38;2;23;23;23m─[38;2;19;19;19m─[38;2;16;16;16m─[38;2;11;11;11m─[38;2;5;5;5m─[38;2;0;0;0m─[38;2;0;0;0m─[38;2;6;6;6m─[38;2;12;12;12m─[38;2;17;17;17m─[38;2;20;20;20m─[38;2;24;24;24m─[38;2;27;27;27m─[38;2;31;31;31m─[38;2;34;34;34m─[38;2;38;38;38m─[38;2;41;41;41m╮[m
[38;2;0;0;0m│[m 🥊 lefthook  v2.1.9   hook:  [1mpre-commit[m [38;2;52;52;52m│[m
[38;2;6;6;6m╰[38;2;12;12;12m─[38;2;17;17;17m─[38;2;20;20;20m─[38;2;24;24;24m─[38;2;27;27;27m─[38;2;31;31;31m─[38;2;34;34;34m─[38;2;38;38;38m─[38;2;41;41;41m─[38;2;45;45;45m─[38;2;48;48;48m─[38;2;52;52;52m─[38;2;56;56;56m─[38;2;56;56;56m─[38;2;52;52;52m─[38;2;48;48;48m─[38;2;45;45;45m─[38;2;41;41;41m─[38;2;38;38;38m─[38;2;34;34;34m─[38;2;31;31;31m─[38;2;27;27;27m─[38;2;24;24;24m─[38;2;20;20;20m─[38;2;17;17;17m─[38;2;12;12;12m─[38;2;6;6;6m─[38;2;0;0;0m─[38;2;0;0;0m─[38;2;6;6;6m─[38;2;12;12;12m─[38;2;17;17;17m─[38;2;20;20;20m─[38;2;24;24;24m─[38;2;27;27;27m─[38;2;31;31;31m─[38;2;34;34;34m─[38;2;38;38;38m─[38;2;41;41;41m─[38;2;45;45;45m─[38;2;48;48;48m─[38;2;52;52;52m╯[m
┃  prod-readiness-quick ❯ 

┃  banned-cast-tokens ❯ 
R75 --cached; policy=:.github/r75-policy.json
Counts are whole-file after (+) and before (-); net is the per-class change.
OK — no positive token change

┃  prettier ❯ 
Checking formatting...
All matched files use Prettier code style!

┃  eslint ❯ 

┃  tsc ❯ 

[38;2;56;56;56m  ────────────────────────────────────[m
summary: (done in 45.73 seconds)
✔️ prod-readiness-quick (0.02 seconds)
✔️ banned-cast-tokens (0.36 seconds)
✔️ prettier (2.05 seconds)
✔️ eslint (2.89 seconds)
✔️ tsc (45.72 seconds)
[38;2;0;0;0m╭[38;2;5;5;5m─[38;2;11;11;11m─[38;2;16;16;16m─[38;2;19;19;19m─[38;2;23;23;23m─[38;2;26;26;26m─[38;2;29;29;29m─[38;2;32;32;32m─[38;2;35;35;35m─[38;2;39;39;39m─[38;2;42;42;42m─[38;2;45;45;45m─[38;2;49;49;49m─[38;2;52;52;52m─[38;2;56;56;56m─[38;2;56;56;56m─[38;2;52;52;52m─[38;2;49;49;49m─[38;2;45;45;45m─[38;2;42;42;42m─[38;2;39;39;39m─[38;2;35;35;35m─[38;2;32;32;32m─[38;2;29;29;29m─[38;2;26;26;26m─[38;2;23;23;23m─[38;2;19;19;19m─[38;2;16;16;16m─[38;2;11;11;11m─[38;2;5;5;5m─[38;2;0;0;0m─[38;2;0;0;0m─[38;2;6;6;6m─[38;2;12;12;12m─[38;2;17;17;17m─[38;2;20;20;20m─[38;2;24;24;24m─[38;2;27;27;27m─[38;2;31;31;31m─[38;2;34;34;34m─[38;2;38;38;38m─[38;2;41;41;41m╮[m
[38;2;0;0;0m│[m 🥊 lefthook  v2.1.9   hook:  [1mcommit-msg[m [38;2;52;52;52m│[m
[38;2;6;6;6m╰[38;2;12;12;12m─[38;2;17;17;17m─[38;2;20;20;20m─[38;2;24;24;24m─[38;2;27;27;27m─[38;2;31;31;31m─[38;2;34;34;34m─[38;2;38;38;38m─[38;2;41;41;41m─[38;2;45;45;45m─[38;2;48;48;48m─[38;2;52;52;52m─[38;2;56;56;56m─[38;2;56;56;56m─[38;2;52;52;52m─[38;2;48;48;48m─[38;2;45;45;45m─[38;2;41;41;41m─[38;2;38;38;38m─[38;2;34;34;34m─[38;2;31;31;31m─[38;2;27;27;27m─[38;2;24;24;24m─[38;2;20;20;20m─[38;2;17;17;17m─[38;2;12;12;12m─[38;2;6;6;6m─[38;2;0;0;0m─[38;2;0;0;0m─[38;2;6;6;6m─[38;2;12;12;12m─[38;2;17;17;17m─[38;2;20;20;20m─[38;2;24;24;24m─[38;2;27;27;27m─[38;2;31;31;31m─[38;2;34;34;34m─[38;2;38;38;38m─[38;2;41;41;41m─[38;2;45;45;45m─[38;2;48;48;48m─[38;2;52;52;52m╯[m
┃  no-ai-tokens ❯ 

[38;2;56;56;56m  ────────────────────────────────────[m
summary: (done in 0.01 seconds)
✔️ no-ai-tokens (0.01 seconds)
[land1910/s9a 9497ca52] Merge S9-A reconciler (be88909f) into integration/importer
2026-09-25T22:30:29Z HYGIENE ok 2 commit(s) 62471b11..9497ca52
The bundle contains this ref:
9497ca5275938c9228c6ec6fa0dfa8c34f39f724 refs/heads/land1910/s9a
The bundle requires these 2 refs:
62471b116267fdec6746073c4b4c80a154d09834 
1c5fbb0441178e0cfe6e9f8d72e955c645c265e9 
The bundle uses this hash algorithm: sha1
/home/user/workspace/tgp-private-evidence/execution/1910a060/landing/run/s9a-compose-20260925T222804Z/export/land-s9a-9497ca527593.bundle is okay
2026-09-25T22:30:29Z DONE compose merge=9497ca5275938c9228c6ec6fa0dfa8c34f39f724 tree=737c34a3b50cb823c9317d13e1b23797127338b9 (not pushed)
