src/scout/reconstruct/families.ts 96ms (unchanged)
src/scout/reconstruct/mapping-spec.ts 113ms (unchanged)
src/scout/reconstruct/native/native-contract.ts 41ms (unchanged)
src/scout/reconstruct/native/native-families.ts 36ms (unchanged)
src/scout/reconstruct/native/native-provenance.ts 24ms (unchanged)
src/scout/reconstruct/native/native-rule-registry.ts 15ms (unchanged)
src/scout/reconstruct/native/native-rules.ts 161ms (unchanged)
src/scout/reconstruct/native/native-writers.ts 62ms (unchanged)
src/scout/reconstruct/native/persist-outcome.ts 9ms (unchanged)
src/scout/scout-reconstruct.dto.ts 22ms (unchanged)
src/scout/scout-reconstruct.service.ts 41ms (unchanged)
test/rls-g2-s8c.spec.ts 69ms (unchanged)
test/scout/g2-s8c-db-guard.spec.ts 16ms (unchanged)
test/scout/reconstruct/native/engine-handoff.spec.ts 51ms (unchanged)
test/scout/reconstruct/native/fake-native-tx.ts 35ms (unchanged)
test/scout/reconstruct/native/native-families.spec.ts 38ms
test/scout/reconstruct/native/native-rules.spec.ts 45ms (unchanged)
test/scout/reconstruct/native/native-writers.spec.ts 54ms (unchanged)
test/utils/g2-s8c-db.ts 8ms (unchanged)
test/utils/g2-s8c-harness.ts 18ms (unchanged)
test/utils/g2-s8c-pg-harness.ts 32ms (unchanged)
test/utils/g2-s8c-worker.cjs 43ms (unchanged)
