  console.warn
    PG17_DATABASE {"port":55491,"user":"postgres","owner":"postgres","super":false,"address":"127.0.0.1","version":"170006","database":"g2_c_disposable","bypassrls":true,"directory":"/home/user/pg17/clusters/c-contract/pg-data"}

      339 |     ),
      340 |   ).toBe(G2_C_DATABASE_MARKER);
    > 341 |   console.warn('PG17_DATABASE', JSON.stringify(identity));
          |           ^
      342 |   // Fresh N/Q1-shaped bootstrap: the accepted N/Q1 head's whole history through its own
      343 |   // `prisma migrate deploy`; R's shape (column, fence, wide keys, NOT NULL) AND both narrow keys
      344 |   // are present; C is not recorded.

      at Object.<anonymous> (test/rls-g2-c-contract.spec.ts:341:11)

  console.warn
    PG17_C02_EVENTS [[1,0],[1,1],[1,1],[1,1]]

      482 |       `DELETE FROM "ScoutReconstructionLedger" WHERE intent_id='c02'; DELETE FROM "ScoutIngestEntity" WHERE intent_id='c02'`,
      483 |     );
    > 484 |     console.warn(
          |             ^
      485 |       'PG17_C02_EVENTS',
      486 |       JSON.stringify(service.events.map((e: any) => [e[2].received, e[2].deduped])),
      487 |     );

      at Object.<anonymous> (test/rls-g2-c-contract.spec.ts:484:13)

  console.warn
    PG17_LOCK_TIMEOUT {"file":"20270121000000_scout_identity_contract/migration.sql","elapsed":5033}

      262 |   expect(elapsed).toBeGreaterThanOrEqual(4500);
      263 |   expect(elapsed).toBeLessThan(30000);
    > 264 |   console.warn(
          |           ^
      265 |     'PG17_LOCK_TIMEOUT',
      266 |     JSON.stringify({ file: file.split('/').slice(-2).join('/'), elapsed }),
      267 |   );

      at expectLockTimeout (test/rls-g2-c-contract.spec.ts:264:11)
      at Object.<anonymous> (test/rls-g2-c-contract.spec.ts:503:7)

  console.warn
    PG17_C01 {"removed":[["22204","CREATE UNIQUE INDEX \"ScoutIngestEntity_coach_id_intent_id_source_id_key\" ON public.\"ScoutIngestEntity\" USING btree (coach_id, intent_id, source_id)"],["22281","CREATE UNIQUE INDEX \"ScoutReconstructionLedger_coach_id_intent_id_entity_type_source\" ON public.\"ScoutReconstructionLedger\" USING btree (coach_id, intent_id, entity_type, source_id)"]],"applied":"170"}

      553 |     expect(stagingSnapshot()).toEqual(staging);
      554 |     expect(prismaMigrateDeploy(root)).toContain('No pending migrations');
    > 555 |     console.warn('PG17_C01', JSON.stringify({ removed, applied: appliedMigrations() }));
          |             ^
      556 |   });
      557 |   it('C14b: a raw rerun of C.up is refused atomically; a shadow schema first on search_path cannot redirect it', () => {
      558 |     const before = snapshot();

      at Object.<anonymous> (test/rls-g2-c-contract.spec.ts:555:13)

  console.warn
    PG17_PROCESS {"name":"g2c_1","old":false,"options":{"intent":"c6"},"result":{"intent_id":"c6","staged":2,"reconstructed":2,"skipped":0,"failed":0},"queries":18,"pid":7193}

      247 |       }
      248 |       // Query shapes, outcomes, fixture identifiers and process IDs only; never parameters.
    > 249 |       console.warn(
          |               ^
      250 |         'PG17_PROCESS',
      251 |         JSON.stringify({
      252 |           name,

      at settleWorker (test/utils/g2-c-pg-harness.ts:249:15)
      at ChildProcess.<anonymous> (test/utils/g2-c-pg-harness.ts:269:7)

  console.warn
    PG17_PROCESS {"name":"g2c_2","old":false,"options":{"intent":"c6"},"result":{"intent_id":"c6","staged":2,"reconstructed":2,"skipped":0,"failed":0},"queries":18,"pid":7215}

      247 |       }
      248 |       // Query shapes, outcomes, fixture identifiers and process IDs only; never parameters.
    > 249 |       console.warn(
          |               ^
      250 |         'PG17_PROCESS',
      251 |         JSON.stringify({
      252 |           name,

      at settleWorker (test/utils/g2-c-pg-harness.ts:249:15)
      at ChildProcess.<anonymous> (test/utils/g2-c-pg-harness.ts:269:7)

  console.warn
    PG17_PROCESS {"name":"g2c_3","old":false,"options":{"intent":"c7","family":"workouts"},"result":{"intent_id":"c7","staged":3,"reconstructed":2,"skipped":1,"failed":0},"queries":24,"pid":7242}

      247 |       }
      248 |       // Query shapes, outcomes, fixture identifiers and process IDs only; never parameters.
    > 249 |       console.warn(
          |               ^
      250 |         'PG17_PROCESS',
      251 |         JSON.stringify({
      252 |           name,

      at settleWorker (test/utils/g2-c-pg-harness.ts:249:15)
      at ChildProcess.<anonymous> (test/utils/g2-c-pg-harness.ts:269:7)

  console.warn
    PG17_PROCESS {"name":"g2c_4","old":false,"options":{"intent":"c7","family":"workouts"},"result":{"intent_id":"c7","staged":3,"reconstructed":2,"skipped":1,"failed":0},"queries":24,"pid":7267}

      247 |       }
      248 |       // Query shapes, outcomes, fixture identifiers and process IDs only; never parameters.
    > 249 |       console.warn(
          |               ^
      250 |         'PG17_PROCESS',
      251 |         JSON.stringify({
      252 |           name,

      at settleWorker (test/utils/g2-c-pg-harness.ts:249:15)
      at ChildProcess.<anonymous> (test/utils/g2-c-pg-harness.ts:269:7)

  console.warn
    PG17_PROCESS {"name":"g2c_5","old":true,"options":{"intent":"c7","family":"workouts"},"result":{"intent_id":"c7","staged":3,"reconstructed":2,"skipped":1,"failed":0},"queries":24,"pid":7285}

      247 |       }
      248 |       // Query shapes, outcomes, fixture identifiers and process IDs only; never parameters.
    > 249 |       console.warn(
          |               ^
      250 |         'PG17_PROCESS',
      251 |         JSON.stringify({
      252 |           name,

      at settleWorker (test/utils/g2-c-pg-harness.ts:249:15)
      at ChildProcess.<anonymous> (test/utils/g2-c-pg-harness.ts:269:7)

  console.warn
    PG17_BLOCKED {"name":"g2c_7","rows":[{"type":"Lock","wait":"transactionid"}]}

      294 |       FROM pg_stat_activity WHERE application_name=${quote(name)} AND wait_event_type='Lock'`);
      295 |     if (rows.length > 0) {
    > 296 |       console.warn('PG17_BLOCKED', JSON.stringify({ name, rows }));
          |               ^
      297 |       return;
      298 |     }
      299 |     await new Promise((r) => setTimeout(r, 25));

      at blocked (test/utils/g2-c-pg-harness.ts:296:15)
      at Object.<anonymous> (test/rls-g2-c-contract.spec.ts:733:5)

  console.warn
    PG17_PROCESS {"name":"g2c_6","old":false,"options":{"pause":"before-ledger","txTimeout":60000},"result":{"intent_id":"intent","staged":1,"reconstructed":1,"skipped":0,"failed":0},"queries":11,"pid":7311}

      247 |       }
      248 |       // Query shapes, outcomes, fixture identifiers and process IDs only; never parameters.
    > 249 |       console.warn(
          |               ^
      250 |         'PG17_PROCESS',
      251 |         JSON.stringify({
      252 |           name,

      at settleWorker (test/utils/g2-c-pg-harness.ts:249:15)
      at ChildProcess.<anonymous> (test/utils/g2-c-pg-harness.ts:269:7)

  console.warn
    PG17_PROCESS {"name":"g2c_7","old":false,"options":{},"result":{"intent_id":"intent","staged":1,"reconstructed":1,"skipped":0,"failed":0},"queries":11,"pid":7327}

      247 |       }
      248 |       // Query shapes, outcomes, fixture identifiers and process IDs only; never parameters.
    > 249 |       console.warn(
          |               ^
      250 |         'PG17_PROCESS',
      251 |         JSON.stringify({
      252 |           name,

      at settleWorker (test/utils/g2-c-pg-harness.ts:249:15)
      at ChildProcess.<anonymous> (test/utils/g2-c-pg-harness.ts:269:7)

  console.warn
    PG17_PROCESS {"name":"g2c_9","old":false,"options":{},"result":{"intent_id":"intent","staged":1,"reconstructed":1,"skipped":0,"failed":0},"queries":11,"pid":7399}

      247 |       }
      248 |       // Query shapes, outcomes, fixture identifiers and process IDs only; never parameters.
    > 249 |       console.warn(
          |               ^
      250 |         'PG17_PROCESS',
      251 |         JSON.stringify({
      252 |           name,

      at settleWorker (test/utils/g2-c-pg-harness.ts:249:15)
      at ChildProcess.<anonymous> (test/utils/g2-c-pg-harness.ts:269:7)

  console.warn
    PG17_PROCESS {"name":"g2c_8","old":true,"options":{"pause":"staged"},"result":{"intent_id":"intent","staged":1,"reconstructed":1,"skipped":0,"failed":0},"queries":11,"pid":7383}

      247 |       }
      248 |       // Query shapes, outcomes, fixture identifiers and process IDs only; never parameters.
    > 249 |       console.warn(
          |               ^
      250 |         'PG17_PROCESS',
      251 |         JSON.stringify({
      252 |           name,

      at settleWorker (test/utils/g2-c-pg-harness.ts:249:15)
      at ChildProcess.<anonymous> (test/utils/g2-c-pg-harness.ts:269:7)

  console.warn
    PG17_PROCESS {"name":"g2c_11","old":true,"options":{},"result":{"intent_id":"intent","staged":1,"reconstructed":1,"skipped":0,"failed":0},"queries":11,"pid":7441}

      247 |       }
      248 |       // Query shapes, outcomes, fixture identifiers and process IDs only; never parameters.
    > 249 |       console.warn(
          |               ^
      250 |         'PG17_PROCESS',
      251 |         JSON.stringify({
      252 |           name,

      at settleWorker (test/utils/g2-c-pg-harness.ts:249:15)
      at ChildProcess.<anonymous> (test/utils/g2-c-pg-harness.ts:269:7)

  console.warn
    PG17_PROCESS {"name":"g2c_10","old":false,"options":{"pause":"staged"},"result":{"intent_id":"intent","staged":1,"reconstructed":1,"skipped":0,"failed":0},"queries":11,"pid":7425}

      247 |       }
      248 |       // Query shapes, outcomes, fixture identifiers and process IDs only; never parameters.
    > 249 |       console.warn(
          |               ^
      250 |         'PG17_PROCESS',
      251 |         JSON.stringify({
      252 |           name,

      at settleWorker (test/utils/g2-c-pg-harness.ts:249:15)
      at ChildProcess.<anonymous> (test/utils/g2-c-pg-harness.ts:269:7)

  console.warn
    PG17_PROCESS {"name":"g2c_12","old":true,"options":{"mapper":"skip"},"result":{"intent_id":"intent","staged":1,"reconstructed":1,"skipped":0,"failed":0},"queries":10,"pid":7463}

      247 |       }
      248 |       // Query shapes, outcomes, fixture identifiers and process IDs only; never parameters.
    > 249 |       console.warn(
          |               ^
      250 |         'PG17_PROCESS',
      251 |         JSON.stringify({
      252 |           name,

      at settleWorker (test/utils/g2-c-pg-harness.ts:249:15)
      at ChildProcess.<anonymous> (test/utils/g2-c-pg-harness.ts:269:7)

  console.warn
    PG17_PROCESS {"name":"g2c_13","old":false,"options":{"mapper":"skip"},"result":{"intent_id":"intent","staged":1,"reconstructed":1,"skipped":0,"failed":0},"queries":10,"pid":7479}

      247 |       }
      248 |       // Query shapes, outcomes, fixture identifiers and process IDs only; never parameters.
    > 249 |       console.warn(
          |               ^
      250 |         'PG17_PROCESS',
      251 |         JSON.stringify({
      252 |           name,

      at settleWorker (test/utils/g2-c-pg-harness.ts:249:15)
      at ChildProcess.<anonymous> (test/utils/g2-c-pg-harness.ts:269:7)

  console.warn
    PG17_PROCESS {"name":"g2c_14","old":false,"options":{"family":"clients"},"result":{"intent_id":"intent","staged":2,"reconstructed":2,"skipped":0,"failed":0},"queries":18,"pid":7507}

      247 |       }
      248 |       // Query shapes, outcomes, fixture identifiers and process IDs only; never parameters.
    > 249 |       console.warn(
          |               ^
      250 |         'PG17_PROCESS',
      251 |         JSON.stringify({
      252 |           name,

      at settleWorker (test/utils/g2-c-pg-harness.ts:249:15)
      at ChildProcess.<anonymous> (test/utils/g2-c-pg-harness.ts:269:7)

  console.warn
    PG17_PROCESS {"name":"g2c_15","old":true,"options":{"family":"workouts"},"result":{"intent_id":"intent","staged":1,"reconstructed":1,"skipped":0,"failed":0},"queries":11,"pid":7508}

      247 |       }
      248 |       // Query shapes, outcomes, fixture identifiers and process IDs only; never parameters.
    > 249 |       console.warn(
          |               ^
      250 |         'PG17_PROCESS',
      251 |         JSON.stringify({
      252 |           name,

      at settleWorker (test/utils/g2-c-pg-harness.ts:249:15)
      at ChildProcess.<anonymous> (test/utils/g2-c-pg-harness.ts:269:7)

  console.warn
    PG17_C08_QUERIES {"candidate_pair":[11,11],"late_rollbacks":0,"old_after_candidate":11,"candidate_after_old":11}

      799 |       ),
      800 |     ).toBe('1');
    > 801 |     console.warn(
          |             ^
      802 |       'PG17_C08_QUERIES',
      803 |       JSON.stringify({
      804 |         candidate_pair: [a1.queries.length, a2.queries.length],

      at Object.<anonymous> (test/rls-g2-c-contract.spec.ts:801:13)

  console.warn
    PG17_LOCK_TIMEOUT {"file":"20270121000000_scout_identity_contract/down.sql","elapsed":5034}

      262 |   expect(elapsed).toBeGreaterThanOrEqual(4500);
      263 |   expect(elapsed).toBeLessThan(30000);
    > 264 |   console.warn(
          |           ^
      265 |     'PG17_LOCK_TIMEOUT',
      266 |     JSON.stringify({ file: file.split('/').slice(-2).join('/'), elapsed }),
      267 |   );

      at expectLockTimeout (test/rls-g2-c-contract.spec.ts:264:11)
      at Object.<anonymous> (test/rls-g2-c-contract.spec.ts:817:7)

  console.warn
    PG17_PROCESS {"name":"g2c_16","old":false,"options":{"family":"clients"},"result":{"intent_id":"intent","staged":4,"reconstructed":3,"skipped":1,"failed":0},"queries":31,"pid":7610}

      247 |       }
      248 |       // Query shapes, outcomes, fixture identifiers and process IDs only; never parameters.
    > 249 |       console.warn(
          |               ^
      250 |         'PG17_PROCESS',
      251 |         JSON.stringify({
      252 |           name,

      at settleWorker (test/utils/g2-c-pg-harness.ts:249:15)
      at ChildProcess.<anonymous> (test/utils/g2-c-pg-harness.ts:269:7)

  console.warn
    PG17_PROCESS {"name":"g2c_17","old":false,"options":{"action":"roster","family":"clients","limit":1},"result":{"intent_id":"intent","accounting":{"staged":4,"reconstructed":3,"skipped":1,"failed":0},"persons":[{"id":"7989e652-d0a2-4e6f-97f6-512dca491fce","state":"InvitePending","source_platform":"conformance_alpha","source_person_id":"a","display_name":null,"created_at":"2026-09-24T21:49:55.433Z","updated_at":"2026-09-24T21:49:55.433Z"}],"page":{"limit":1,"next_cursor":"v2.eyJ2IjoyLCJjIjoiY29hY2giLCJpIjoiaW50ZW50IiwiZiI6ImNsaWVudHMiLCJvIjoic291cmNlX2lkOmFzYyxzb3VyY2VfcGxhdGZvcm06YXNjIiwicyI6ImEiLCJwIjoiY29uZm9ybWFuY2VfYWxwaGEifQ","has_more":true}},"queries":8,"pid":7628}

      247 |       }
      248 |       // Query shapes, outcomes, fixture identifiers and process IDs only; never parameters.
    > 249 |       console.warn(
          |               ^
      250 |         'PG17_PROCESS',
      251 |         JSON.stringify({
      252 |           name,

      at settleWorker (test/utils/g2-c-pg-harness.ts:249:15)
      at ChildProcess.<anonymous> (test/utils/g2-c-pg-harness.ts:269:7)

  console.warn
    PG17_PROCESS {"name":"g2c_18","old":false,"options":{"action":"roster","family":"clients","cursor":"<cursor>","limit":1},"result":{"intent_id":"intent","accounting":{"staged":4,"reconstructed":3,"skipped":1,"failed":0},"persons":[{"id":"873a3745-1adf-4911-9eb7-3fa02e20f817","state":"InvitePending","source_platform":"truecoach","source_person_id":"a","display_name":"Synthetic A","created_at":"2026-09-24T21:49:55.451Z","updated_at":"2026-09-24T21:49:55.451Z"}],"page":{"limit":1,"next_cursor":"v2.eyJ2IjoyLCJjIjoiY29hY2giLCJpIjoiaW50ZW50IiwiZiI6ImNsaWVudHMiLCJvIjoic291cmNlX2lkOmFzYyxzb3VyY2VfcGxhdGZvcm06YXNjIiwicyI6ImEiLCJwIjoidHJ1ZWNvYWNoIn0","has_more":true}},"queries":8,"pid":7644}

      247 |       }
      248 |       // Query shapes, outcomes, fixture identifiers and process IDs only; never parameters.
    > 249 |       console.warn(
          |               ^
      250 |         'PG17_PROCESS',
      251 |         JSON.stringify({
      252 |           name,

      at settleWorker (test/utils/g2-c-pg-harness.ts:249:15)
      at ChildProcess.<anonymous> (test/utils/g2-c-pg-harness.ts:269:7)

  console.warn
    PG17_PROCESS {"name":"g2c_19","old":false,"options":{"action":"roster","family":"clients","cursor":"<cursor>","limit":1},"result":{"intent_id":"intent","accounting":{"staged":4,"reconstructed":3,"skipped":1,"failed":0},"persons":[{"id":"d9714974-7413-4651-9486-841911068a92","state":"InvitePending","source_platform":"truecoach","source_person_id":"d","display_name":"Synthetic A","created_at":"2026-09-24T21:49:55.454Z","updated_at":"2026-09-24T21:49:55.454Z"}],"page":{"limit":1,"next_cursor":null,"has_more":false}},"queries":8,"pid":7660}

      247 |       }
      248 |       // Query shapes, outcomes, fixture identifiers and process IDs only; never parameters.
    > 249 |       console.warn(
          |               ^
      250 |         'PG17_PROCESS',
      251 |         JSON.stringify({
      252 |           name,

      at settleWorker (test/utils/g2-c-pg-harness.ts:249:15)
      at ChildProcess.<anonymous> (test/utils/g2-c-pg-harness.ts:269:7)

  console.warn
    PG17_PROCESS {"name":"g2c_20","old":false,"options":{"action":"roster","family":"clients","cursor":"<cursor>"},"failure":{"status":400,"message":"malformed cursor"},"queries":5,"pid":7676}

      247 |       }
      248 |       // Query shapes, outcomes, fixture identifiers and process IDs only; never parameters.
    > 249 |       console.warn(
          |               ^
      250 |         'PG17_PROCESS',
      251 |         JSON.stringify({
      252 |           name,

      at settleWorker (test/utils/g2-c-pg-harness.ts:249:15)
      at ChildProcess.<anonymous> (test/utils/g2-c-pg-harness.ts:269:7)

  console.warn
    PG17_PROCESS {"name":"g2c_21","old":false,"options":{"action":"roster","family":"clients","cursor":"<cursor>"},"result":{"intent_id":"intent","accounting":{"staged":4,"reconstructed":3,"skipped":1,"failed":0},"persons":[],"page":{"limit":1,"next_cursor":null,"has_more":false}},"queries":8,"pid":7694}

      247 |       }
      248 |       // Query shapes, outcomes, fixture identifiers and process IDs only; never parameters.
    > 249 |       console.warn(
          |               ^
      250 |         'PG17_PROCESS',
      251 |         JSON.stringify({
      252 |           name,

      at settleWorker (test/utils/g2-c-pg-harness.ts:249:15)
      at ChildProcess.<anonymous> (test/utils/g2-c-pg-harness.ts:269:7)

  console.warn
    PG17_PROCESS {"name":"g2c_22","old":true,"options":{"action":"roster","family":"clients","limit":1},"result":{"intent_id":"intent","accounting":{"staged":4,"reconstructed":3,"skipped":1,"failed":0},"persons":[{"id":"7989e652-d0a2-4e6f-97f6-512dca491fce","state":"InvitePending","source_platform":"conformance_alpha","source_person_id":"a","display_name":null,"created_at":"2026-09-24T21:49:55.433Z","updated_at":"2026-09-24T21:49:55.433Z"}],"page":{"limit":1,"next_cursor":"v2.eyJ2IjoyLCJjIjoiY29hY2giLCJpIjoiaW50ZW50IiwiZiI6ImNsaWVudHMiLCJvIjoic291cmNlX2lkOmFzYyxzb3VyY2VfcGxhdGZvcm06YXNjIiwicyI6ImEiLCJwIjoiY29uZm9ybWFuY2VfYWxwaGEifQ","has_more":true}},"queries":8,"pid":7710}

      247 |       }
      248 |       // Query shapes, outcomes, fixture identifiers and process IDs only; never parameters.
    > 249 |       console.warn(
          |               ^
      250 |         'PG17_PROCESS',
      251 |         JSON.stringify({
      252 |           name,

      at settleWorker (test/utils/g2-c-pg-harness.ts:249:15)
      at ChildProcess.<anonymous> (test/utils/g2-c-pg-harness.ts:269:7)

  console.warn
    PG17_PROCESS {"name":"g2c_23","old":true,"options":{"action":"roster","family":"clients","cursor":"<cursor>","limit":1},"result":{"intent_id":"intent","accounting":{"staged":4,"reconstructed":3,"skipped":1,"failed":0},"persons":[{"id":"873a3745-1adf-4911-9eb7-3fa02e20f817","state":"InvitePending","source_platform":"truecoach","source_person_id":"a","display_name":"Synthetic A","created_at":"2026-09-24T21:49:55.451Z","updated_at":"2026-09-24T21:49:55.451Z"}],"page":{"limit":1,"next_cursor":"v2.eyJ2IjoyLCJjIjoiY29hY2giLCJpIjoiaW50ZW50IiwiZiI6ImNsaWVudHMiLCJvIjoic291cmNlX2lkOmFzYyxzb3VyY2VfcGxhdGZvcm06YXNjIiwicyI6ImEiLCJwIjoidHJ1ZWNvYWNoIn0","has_more":true}},"queries":8,"pid":7726}

      247 |       }
      248 |       // Query shapes, outcomes, fixture identifiers and process IDs only; never parameters.
    > 249 |       console.warn(
          |               ^
      250 |         'PG17_PROCESS',
      251 |         JSON.stringify({
      252 |           name,

      at settleWorker (test/utils/g2-c-pg-harness.ts:249:15)
      at ChildProcess.<anonymous> (test/utils/g2-c-pg-harness.ts:269:7)

  console.warn
    PG17_PROCESS {"name":"g2c_24","old":true,"options":{"action":"roster","family":"clients","cursor":"<cursor>","limit":1},"result":{"intent_id":"intent","accounting":{"staged":4,"reconstructed":3,"skipped":1,"failed":0},"persons":[{"id":"d9714974-7413-4651-9486-841911068a92","state":"InvitePending","source_platform":"truecoach","source_person_id":"d","display_name":"Synthetic A","created_at":"2026-09-24T21:49:55.454Z","updated_at":"2026-09-24T21:49:55.454Z"}],"page":{"limit":1,"next_cursor":null,"has_more":false}},"queries":8,"pid":7742}

      247 |       }
      248 |       // Query shapes, outcomes, fixture identifiers and process IDs only; never parameters.
    > 249 |       console.warn(
          |               ^
      250 |         'PG17_PROCESS',
      251 |         JSON.stringify({
      252 |           name,

      at settleWorker (test/utils/g2-c-pg-harness.ts:249:15)
      at ChildProcess.<anonymous> (test/utils/g2-c-pg-harness.ts:269:7)

  console.warn
    PG17_PROCESS {"name":"g2c_25","old":true,"options":{"action":"roster","family":"clients","cursor":"<cursor>"},"failure":{"status":400,"message":"malformed cursor"},"queries":5,"pid":7758}

      247 |       }
      248 |       // Query shapes, outcomes, fixture identifiers and process IDs only; never parameters.
    > 249 |       console.warn(
          |               ^
      250 |         'PG17_PROCESS',
      251 |         JSON.stringify({
      252 |           name,

      at settleWorker (test/utils/g2-c-pg-harness.ts:249:15)
      at ChildProcess.<anonymous> (test/utils/g2-c-pg-harness.ts:269:7)

  console.warn
    PG17_PROCESS {"name":"g2c_26","old":true,"options":{"action":"roster","family":"clients","cursor":"<cursor>"},"result":{"intent_id":"intent","accounting":{"staged":4,"reconstructed":3,"skipped":1,"failed":0},"persons":[],"page":{"limit":1,"next_cursor":null,"has_more":false}},"queries":8,"pid":7774}

      247 |       }
      248 |       // Query shapes, outcomes, fixture identifiers and process IDs only; never parameters.
    > 249 |       console.warn(
          |               ^
      250 |         'PG17_PROCESS',
      251 |         JSON.stringify({
      252 |           name,

      at settleWorker (test/utils/g2-c-pg-harness.ts:249:15)
      at ChildProcess.<anonymous> (test/utils/g2-c-pg-harness.ts:269:7)

  console.warn
    PG17_PROCESS {"name":"g2c_27","old":true,"options":{"action":"roster","family":"clients","cursor":"<cursor>"},"result":{"intent_id":"intent","accounting":{"staged":4,"reconstructed":3,"skipped":1,"failed":0},"persons":[{"id":"873a3745-1adf-4911-9eb7-3fa02e20f817","state":"InvitePending","source_platform":"truecoach","source_person_id":"a","display_name":"Synthetic A","created_at":"2026-09-24T21:49:55.451Z","updated_at":"2026-09-24T21:49:55.451Z"}],"page":{"limit":1,"next_cursor":"v2.eyJ2IjoyLCJjIjoiY29hY2giLCJpIjoiaW50ZW50IiwiZiI6ImNsaWVudHMiLCJvIjoic291cmNlX2lkOmFzYyxzb3VyY2VfcGxhdGZvcm06YXNjIiwicyI6ImEiLCJwIjoidHJ1ZWNvYWNoIn0","has_more":true}},"queries":8,"pid":7791}

      247 |       }
      248 |       // Query shapes, outcomes, fixture identifiers and process IDs only; never parameters.
    > 249 |       console.warn(
          |               ^
      250 |         'PG17_PROCESS',
      251 |         JSON.stringify({
      252 |           name,

      at settleWorker (test/utils/g2-c-pg-harness.ts:249:15)
      at ChildProcess.<anonymous> (test/utils/g2-c-pg-harness.ts:269:7)

  console.warn
    PG17_PROCESS {"name":"g2c_28","old":false,"options":{"family":"workouts"},"result":{"intent_id":"intent","staged":4,"reconstructed":3,"skipped":1,"failed":0},"queries":31,"pid":7822}

      247 |       }
      248 |       // Query shapes, outcomes, fixture identifiers and process IDs only; never parameters.
    > 249 |       console.warn(
          |               ^
      250 |         'PG17_PROCESS',
      251 |         JSON.stringify({
      252 |           name,

      at settleWorker (test/utils/g2-c-pg-harness.ts:249:15)
      at ChildProcess.<anonymous> (test/utils/g2-c-pg-harness.ts:269:7)

  console.warn
    PG17_PROCESS {"name":"g2c_29","old":false,"options":{"action":"entities","family":"workouts","limit":1},"result":{"intent_id":"intent","family":"workouts","entities":[{"id":"256dd519-7ddc-4cc2-82e9-15553886ff1a","source_platform":"conformance_alpha","entity_type":"workouts","source_id":"a","client_source_id":null,"label":null,"created_at":"2026-09-24T21:50:10.845Z","updated_at":"2026-09-24T21:50:10.845Z"}],"page_count":1,"next_cursor":"v2.eyJ2IjoyLCJjIjoiY29hY2giLCJpIjoiaW50ZW50IiwiZiI6IndvcmtvdXRzIiwibyI6InNvdXJjZV9pZDphc2Msc291cmNlX3BsYXRmb3JtOmFzYyIsInMiOiJhIiwicCI6ImNvbmZvcm1hbmNlX2FscGhhIn0"},"queries":6,"pid":7840}

      247 |       }
      248 |       // Query shapes, outcomes, fixture identifiers and process IDs only; never parameters.
    > 249 |       console.warn(
          |               ^
      250 |         'PG17_PROCESS',
      251 |         JSON.stringify({
      252 |           name,

      at settleWorker (test/utils/g2-c-pg-harness.ts:249:15)
      at ChildProcess.<anonymous> (test/utils/g2-c-pg-harness.ts:269:7)

  console.warn
    PG17_PROCESS {"name":"g2c_30","old":false,"options":{"action":"entities","family":"workouts","cursor":"<cursor>","limit":1},"result":{"intent_id":"intent","family":"workouts","entities":[{"id":"1e01e742-c04d-4c17-88fb-e5f0dcee4d92","source_platform":"truecoach","entity_type":"workouts","source_id":"a","client_source_id":"client-new","label":"Synthetic A","created_at":"2026-09-24T21:50:10.855Z","updated_at":"2026-09-24T21:50:10.855Z"}],"page_count":1,"next_cursor":"v2.eyJ2IjoyLCJjIjoiY29hY2giLCJpIjoiaW50ZW50IiwiZiI6IndvcmtvdXRzIiwibyI6InNvdXJjZV9pZDphc2Msc291cmNlX3BsYXRmb3JtOmFzYyIsInMiOiJhIiwicCI6InRydWVjb2FjaCJ9"},"queries":6,"pid":7856}

      247 |       }
      248 |       // Query shapes, outcomes, fixture identifiers and process IDs only; never parameters.
    > 249 |       console.warn(
          |               ^
      250 |         'PG17_PROCESS',
      251 |         JSON.stringify({
      252 |           name,

      at settleWorker (test/utils/g2-c-pg-harness.ts:249:15)
      at ChildProcess.<anonymous> (test/utils/g2-c-pg-harness.ts:269:7)

  console.warn
    PG17_PROCESS {"name":"g2c_31","old":false,"options":{"action":"entities","family":"workouts","cursor":"<cursor>","limit":1},"result":{"intent_id":"intent","family":"workouts","entities":[{"id":"585f76bc-39ce-4e76-998a-2adbeaa91a4c","source_platform":"truecoach","entity_type":"workouts","source_id":"d","client_source_id":"client-new","label":"Synthetic A","created_at":"2026-09-24T21:50:10.859Z","updated_at":"2026-09-24T21:50:10.859Z"}],"page_count":1,"next_cursor":null},"queries":6,"pid":7872}

      247 |       }
      248 |       // Query shapes, outcomes, fixture identifiers and process IDs only; never parameters.
    > 249 |       console.warn(
          |               ^
      250 |         'PG17_PROCESS',
      251 |         JSON.stringify({
      252 |           name,

      at settleWorker (test/utils/g2-c-pg-harness.ts:249:15)
      at ChildProcess.<anonymous> (test/utils/g2-c-pg-harness.ts:269:7)

  console.warn
    PG17_PROCESS {"name":"g2c_32","old":false,"options":{"action":"entities","family":"workouts","cursor":"<cursor>"},"failure":{"status":400,"message":"malformed cursor"},"queries":5,"pid":7888}

      247 |       }
      248 |       // Query shapes, outcomes, fixture identifiers and process IDs only; never parameters.
    > 249 |       console.warn(
          |               ^
      250 |         'PG17_PROCESS',
      251 |         JSON.stringify({
      252 |           name,

      at settleWorker (test/utils/g2-c-pg-harness.ts:249:15)
      at ChildProcess.<anonymous> (test/utils/g2-c-pg-harness.ts:269:7)

  console.warn
    PG17_PROCESS {"name":"g2c_33","old":false,"options":{"action":"entities","family":"workouts","cursor":"<cursor>"},"result":{"intent_id":"intent","family":"workouts","entities":[],"page_count":0,"next_cursor":null},"queries":6,"pid":7904}

      247 |       }
      248 |       // Query shapes, outcomes, fixture identifiers and process IDs only; never parameters.
    > 249 |       console.warn(
          |               ^
      250 |         'PG17_PROCESS',
      251 |         JSON.stringify({
      252 |           name,

      at settleWorker (test/utils/g2-c-pg-harness.ts:249:15)
      at ChildProcess.<anonymous> (test/utils/g2-c-pg-harness.ts:269:7)

  console.warn
    PG17_PROCESS {"name":"g2c_34","old":true,"options":{"action":"entities","family":"workouts","limit":1},"result":{"intent_id":"intent","family":"workouts","entities":[{"id":"256dd519-7ddc-4cc2-82e9-15553886ff1a","source_platform":"conformance_alpha","entity_type":"workouts","source_id":"a","client_source_id":null,"label":null,"created_at":"2026-09-24T21:50:10.845Z","updated_at":"2026-09-24T21:50:10.845Z"}],"page_count":1,"next_cursor":"v2.eyJ2IjoyLCJjIjoiY29hY2giLCJpIjoiaW50ZW50IiwiZiI6IndvcmtvdXRzIiwibyI6InNvdXJjZV9pZDphc2Msc291cmNlX3BsYXRmb3JtOmFzYyIsInMiOiJhIiwicCI6ImNvbmZvcm1hbmNlX2FscGhhIn0"},"queries":6,"pid":7920}

      247 |       }
      248 |       // Query shapes, outcomes, fixture identifiers and process IDs only; never parameters.
    > 249 |       console.warn(
          |               ^
      250 |         'PG17_PROCESS',
      251 |         JSON.stringify({
      252 |           name,

      at settleWorker (test/utils/g2-c-pg-harness.ts:249:15)
      at ChildProcess.<anonymous> (test/utils/g2-c-pg-harness.ts:269:7)

  console.warn
    PG17_PROCESS {"name":"g2c_35","old":true,"options":{"action":"entities","family":"workouts","cursor":"<cursor>","limit":1},"result":{"intent_id":"intent","family":"workouts","entities":[{"id":"1e01e742-c04d-4c17-88fb-e5f0dcee4d92","source_platform":"truecoach","entity_type":"workouts","source_id":"a","client_source_id":"client-new","label":"Synthetic A","created_at":"2026-09-24T21:50:10.855Z","updated_at":"2026-09-24T21:50:10.855Z"}],"page_count":1,"next_cursor":"v2.eyJ2IjoyLCJjIjoiY29hY2giLCJpIjoiaW50ZW50IiwiZiI6IndvcmtvdXRzIiwibyI6InNvdXJjZV9pZDphc2Msc291cmNlX3BsYXRmb3JtOmFzYyIsInMiOiJhIiwicCI6InRydWVjb2FjaCJ9"},"queries":6,"pid":7936}

      247 |       }
      248 |       // Query shapes, outcomes, fixture identifiers and process IDs only; never parameters.
    > 249 |       console.warn(
          |               ^
      250 |         'PG17_PROCESS',
      251 |         JSON.stringify({
      252 |           name,

      at settleWorker (test/utils/g2-c-pg-harness.ts:249:15)
      at ChildProcess.<anonymous> (test/utils/g2-c-pg-harness.ts:269:7)

  console.warn
    PG17_PROCESS {"name":"g2c_36","old":true,"options":{"action":"entities","family":"workouts","cursor":"<cursor>","limit":1},"result":{"intent_id":"intent","family":"workouts","entities":[{"id":"585f76bc-39ce-4e76-998a-2adbeaa91a4c","source_platform":"truecoach","entity_type":"workouts","source_id":"d","client_source_id":"client-new","label":"Synthetic A","created_at":"2026-09-24T21:50:10.859Z","updated_at":"2026-09-24T21:50:10.859Z"}],"page_count":1,"next_cursor":null},"queries":6,"pid":7952}

      247 |       }
      248 |       // Query shapes, outcomes, fixture identifiers and process IDs only; never parameters.
    > 249 |       console.warn(
          |               ^
      250 |         'PG17_PROCESS',
      251 |         JSON.stringify({
      252 |           name,

      at settleWorker (test/utils/g2-c-pg-harness.ts:249:15)
      at ChildProcess.<anonymous> (test/utils/g2-c-pg-harness.ts:269:7)

  console.warn
    PG17_PROCESS {"name":"g2c_37","old":true,"options":{"action":"entities","family":"workouts","cursor":"<cursor>"},"failure":{"status":400,"message":"malformed cursor"},"queries":5,"pid":7968}

      247 |       }
      248 |       // Query shapes, outcomes, fixture identifiers and process IDs only; never parameters.
    > 249 |       console.warn(
          |               ^
      250 |         'PG17_PROCESS',
      251 |         JSON.stringify({
      252 |           name,

      at settleWorker (test/utils/g2-c-pg-harness.ts:249:15)
      at ChildProcess.<anonymous> (test/utils/g2-c-pg-harness.ts:269:7)

  console.warn
    PG17_PROCESS {"name":"g2c_38","old":true,"options":{"action":"entities","family":"workouts","cursor":"<cursor>"},"result":{"intent_id":"intent","family":"workouts","entities":[],"page_count":0,"next_cursor":null},"queries":6,"pid":7984}

      247 |       }
      248 |       // Query shapes, outcomes, fixture identifiers and process IDs only; never parameters.
    > 249 |       console.warn(
          |               ^
      250 |         'PG17_PROCESS',
      251 |         JSON.stringify({
      252 |           name,

      at settleWorker (test/utils/g2-c-pg-harness.ts:249:15)
      at ChildProcess.<anonymous> (test/utils/g2-c-pg-harness.ts:269:7)

  console.warn
    PG17_PROCESS {"name":"g2c_39","old":true,"options":{"action":"entities","family":"workouts","cursor":"<cursor>"},"result":{"intent_id":"intent","family":"workouts","entities":[{"id":"1e01e742-c04d-4c17-88fb-e5f0dcee4d92","source_platform":"truecoach","entity_type":"workouts","source_id":"a","client_source_id":"client-new","label":"Synthetic A","created_at":"2026-09-24T21:50:10.855Z","updated_at":"2026-09-24T21:50:10.855Z"}],"page_count":1,"next_cursor":"v2.eyJ2IjoyLCJjIjoiY29hY2giLCJpIjoiaW50ZW50IiwiZiI6IndvcmtvdXRzIiwibyI6InNvdXJjZV9pZDphc2Msc291cmNlX3BsYXRmb3JtOmFzYyIsInMiOiJhIiwicCI6InRydWVjb2FjaCJ9"},"queries":6,"pid":8000}

      247 |       }
      248 |       // Query shapes, outcomes, fixture identifiers and process IDs only; never parameters.
    > 249 |       console.warn(
          |               ^
      250 |         'PG17_PROCESS',
      251 |         JSON.stringify({
      252 |           name,

      at settleWorker (test/utils/g2-c-pg-harness.ts:249:15)
      at ChildProcess.<anonymous> (test/utils/g2-c-pg-harness.ts:269:7)

  console.warn
    PG17_PROCESS {"name":"g2c_40","old":false,"options":{"intent":"c18","pause":"staged"},"result":{"intent_id":"c18","staged":1,"reconstructed":1,"skipped":0,"failed":0},"queries":11,"pid":8088}

      247 |       }
      248 |       // Query shapes, outcomes, fixture identifiers and process IDs only; never parameters.
    > 249 |       console.warn(
          |               ^
      250 |         'PG17_PROCESS',
      251 |         JSON.stringify({
      252 |           name,

      at settleWorker (test/utils/g2-c-pg-harness.ts:249:15)
      at ChildProcess.<anonymous> (test/utils/g2-c-pg-harness.ts:269:7)

  console.warn
    PG17_PROCESS {"name":"g2c_41","old":false,"options":{"intent":"c18"},"result":{"intent_id":"c18","staged":2,"reconstructed":2,"skipped":0,"failed":0},"queries":18,"pid":8112}

      247 |       }
      248 |       // Query shapes, outcomes, fixture identifiers and process IDs only; never parameters.
    > 249 |       console.warn(
          |               ^
      250 |         'PG17_PROCESS',
      251 |         JSON.stringify({
      252 |           name,

      at settleWorker (test/utils/g2-c-pg-harness.ts:249:15)
      at ChildProcess.<anonymous> (test/utils/g2-c-pg-harness.ts:269:7)

  console.warn
    PG17_PROCESS {"name":"g2c_42","old":false,"options":{"intent":"c18"},"result":{"intent_id":"c18","staged":2,"reconstructed":2,"skipped":0,"failed":0},"queries":18,"pid":8136}

      247 |       }
      248 |       // Query shapes, outcomes, fixture identifiers and process IDs only; never parameters.
    > 249 |       console.warn(
          |               ^
      250 |         'PG17_PROCESS',
      251 |         JSON.stringify({
      252 |           name,

      at settleWorker (test/utils/g2-c-pg-harness.ts:249:15)
      at ChildProcess.<anonymous> (test/utils/g2-c-pg-harness.ts:269:7)

  console.warn
    PG17_C11_REFUSAL ["Error: Command failed: /usr/bin/psql -X -w -qAt -v ON_ERROR_STOP=1 postgresql://postgres@127.0.0.1:55491/g2_c_disposable?connect_timeout=5","psql:/home/user/workspace/worktrees/s7-c/prisma/migrations/20270121000000_scout_identity_contract/down.sql:78: ERROR:  23505: G2-C.down refused: cross-family/cross-platform identities exist; restoring narrow keys would lose data. Forward repair only: keep C, fix forward with N-compatible writers; no deletion."]

      981 |     const output = expectDownRefusedCollision(['xf-c11', 'i-c11']);
      982 |     expect(stagedRows('coach', 'i-c11')).toHaveLength(2);
    > 983 |     console.warn(
          |             ^
      984 |       'PG17_C11_REFUSAL',
      985 |       JSON.stringify(output.split('\n').filter((l) => /ERROR|DETAIL|HINT/.test(l))),
      986 |     );

      at Object.<anonymous> (test/rls-g2-c-contract.spec.ts:983:13)

  console.warn
    PG17_PROCESS {"name":"g2c_43","old":false,"options":{"family":"clients"},"result":{"intent_id":"intent","staged":3,"reconstructed":3,"skipped":0,"failed":0},"queries":25,"pid":8535}

      247 |       }
      248 |       // Query shapes, outcomes, fixture identifiers and process IDs only; never parameters.
    > 249 |       console.warn(
          |               ^
      250 |         'PG17_PROCESS',
      251 |         JSON.stringify({
      252 |           name,

      at settleWorker (test/utils/g2-c-pg-harness.ts:249:15)
      at ChildProcess.<anonymous> (test/utils/g2-c-pg-harness.ts:269:7)

  console.warn
    PG17_PROCESS {"name":"g2c_44","old":false,"options":{"family":"workouts"},"result":{"intent_id":"intent","staged":1,"reconstructed":1,"skipped":0,"failed":0},"queries":11,"pid":8551}

      247 |       }
      248 |       // Query shapes, outcomes, fixture identifiers and process IDs only; never parameters.
    > 249 |       console.warn(
          |               ^
      250 |         'PG17_PROCESS',
      251 |         JSON.stringify({
      252 |           name,

      at settleWorker (test/utils/g2-c-pg-harness.ts:249:15)
      at ChildProcess.<anonymous> (test/utils/g2-c-pg-harness.ts:269:7)

  console.warn
    PG17_PROCESS {"name":"g2c_45","old":false,"options":{"family":"clients"},"result":{"intent_id":"intent","staged":3,"reconstructed":3,"skipped":0,"failed":0},"queries":25,"pid":8569}

      247 |       }
      248 |       // Query shapes, outcomes, fixture identifiers and process IDs only; never parameters.
    > 249 |       console.warn(
          |               ^
      250 |         'PG17_PROCESS',
      251 |         JSON.stringify({
      252 |           name,

      at settleWorker (test/utils/g2-c-pg-harness.ts:249:15)
      at ChildProcess.<anonymous> (test/utils/g2-c-pg-harness.ts:269:7)

  console.warn
    PG17_PROCESS {"name":"g2c_46","old":false,"options":{"family":"workouts"},"result":{"intent_id":"intent","staged":1,"reconstructed":1,"skipped":0,"failed":0},"queries":11,"pid":8585}

      247 |       }
      248 |       // Query shapes, outcomes, fixture identifiers and process IDs only; never parameters.
    > 249 |       console.warn(
          |               ^
      250 |         'PG17_PROCESS',
      251 |         JSON.stringify({
      252 |           name,

      at settleWorker (test/utils/g2-c-pg-harness.ts:249:15)
      at ChildProcess.<anonymous> (test/utils/g2-c-pg-harness.ts:269:7)

  console.warn
    PG17_PROCESS {"name":"g2c_47","old":false,"options":{"family":"clients"},"result":{"intent_id":"intent","staged":3,"reconstructed":3,"skipped":0,"failed":0},"queries":25,"pid":8675}

      247 |       }
      248 |       // Query shapes, outcomes, fixture identifiers and process IDs only; never parameters.
    > 249 |       console.warn(
          |               ^
      250 |         'PG17_PROCESS',
      251 |         JSON.stringify({
      252 |           name,

      at settleWorker (test/utils/g2-c-pg-harness.ts:249:15)
      at ChildProcess.<anonymous> (test/utils/g2-c-pg-harness.ts:269:7)

  console.warn
    PG17_PROCESS {"name":"g2c_48","old":true,"options":{"family":"clients"},"result":{"intent_id":"intent","staged":3,"reconstructed":3,"skipped":0,"failed":0},"queries":25,"pid":8691}

      247 |       }
      248 |       // Query shapes, outcomes, fixture identifiers and process IDs only; never parameters.
    > 249 |       console.warn(
          |               ^
      250 |         'PG17_PROCESS',
      251 |         JSON.stringify({
      252 |           name,

      at settleWorker (test/utils/g2-c-pg-harness.ts:249:15)
      at ChildProcess.<anonymous> (test/utils/g2-c-pg-harness.ts:269:7)

  console.warn
    PG17_PROCESS {"name":"g2c_49","old":true,"options":{"family":"workouts"},"result":{"intent_id":"intent","staged":1,"reconstructed":1,"skipped":0,"failed":0},"queries":11,"pid":8707}

      247 |       }
      248 |       // Query shapes, outcomes, fixture identifiers and process IDs only; never parameters.
    > 249 |       console.warn(
          |               ^
      250 |         'PG17_PROCESS',
      251 |         JSON.stringify({
      252 |           name,

      at settleWorker (test/utils/g2-c-pg-harness.ts:249:15)
      at ChildProcess.<anonymous> (test/utils/g2-c-pg-harness.ts:269:7)

  console.warn
    PG17_PROCESS {"name":"g2c_50","old":false,"options":{"family":"clients"},"result":{"intent_id":"intent","staged":3,"reconstructed":3,"skipped":0,"failed":0},"queries":25,"pid":8873}

      247 |       }
      248 |       // Query shapes, outcomes, fixture identifiers and process IDs only; never parameters.
    > 249 |       console.warn(
          |               ^
      250 |         'PG17_PROCESS',
      251 |         JSON.stringify({
      252 |           name,

      at settleWorker (test/utils/g2-c-pg-harness.ts:249:15)
      at ChildProcess.<anonymous> (test/utils/g2-c-pg-harness.ts:269:7)

  console.warn
    PG17_PROCESS {"name":"g2c_51","old":false,"options":{"family":"workouts"},"result":{"intent_id":"intent","staged":1,"reconstructed":1,"skipped":0,"failed":0},"queries":11,"pid":8889}

      247 |       }
      248 |       // Query shapes, outcomes, fixture identifiers and process IDs only; never parameters.
    > 249 |       console.warn(
          |               ^
      250 |         'PG17_PROCESS',
      251 |         JSON.stringify({
      252 |           name,

      at settleWorker (test/utils/g2-c-pg-harness.ts:249:15)
      at ChildProcess.<anonymous> (test/utils/g2-c-pg-harness.ts:269:7)

  console.warn
    PG17_PROCESS {"name":"g2c_52","old":true,"options":{"family":"workouts"},"result":{"intent_id":"intent","staged":2,"reconstructed":2,"skipped":0,"failed":0},"queries":18,"pid":8949}

      247 |       }
      248 |       // Query shapes, outcomes, fixture identifiers and process IDs only; never parameters.
    > 249 |       console.warn(
          |               ^
      250 |         'PG17_PROCESS',
      251 |         JSON.stringify({
      252 |           name,

      at settleWorker (test/utils/g2-c-pg-harness.ts:249:15)
      at ChildProcess.<anonymous> (test/utils/g2-c-pg-harness.ts:269:7)

  console.warn
    PG17_PROCESS {"name":"g2c_53","old":false,"options":{"action":"entities","family":"workouts","limit":200},"result":{"intent_id":"intent","family":"workouts","entities":[{"id":"fa141083-234f-41a0-b3aa-f6f860e7e107","source_platform":"truecoach","entity_type":"workouts","source_id":"a","client_source_id":"client-new","label":"Synthetic A","created_at":"2026-09-24T21:50:47.758Z","updated_at":"2026-09-24T21:50:47.758Z"},{"id":"d1907952-49e8-45a0-8bdc-675613892e75","source_platform":"truecoach","entity_type":"workouts","source_id":"w1","client_source_id":"client-new","label":"Synthetic A","created_at":"2026-09-24T21:50:34.394Z","updated_at":"2026-09-24T21:50:47.764Z"}],"page_count":2,"next_cursor":null},"queries":6,"pid":8972}

      247 |       }
      248 |       // Query shapes, outcomes, fixture identifiers and process IDs only; never parameters.
    > 249 |       console.warn(
          |               ^
      250 |         'PG17_PROCESS',
      251 |         JSON.stringify({
      252 |           name,

      at settleWorker (test/utils/g2-c-pg-harness.ts:249:15)
      at ChildProcess.<anonymous> (test/utils/g2-c-pg-harness.ts:269:7)

  console.warn
    PG17_PROCESS {"name":"g2c_54","old":false,"options":{"action":"entities","family":"workouts","limit":1},"result":{"intent_id":"intent","family":"workouts","entities":[{"id":"fa141083-234f-41a0-b3aa-f6f860e7e107","source_platform":"truecoach","entity_type":"workouts","source_id":"a","client_source_id":"client-new","label":"Synthetic A","created_at":"2026-09-24T21:50:47.758Z","updated_at":"2026-09-24T21:50:47.758Z"}],"page_count":1,"next_cursor":"v2.eyJ2IjoyLCJjIjoiY29hY2giLCJpIjoiaW50ZW50IiwiZiI6IndvcmtvdXRzIiwibyI6InNvdXJjZV9pZDphc2Msc291cmNlX3BsYXRmb3JtOmFzYyIsInMiOiJhIiwicCI6InRydWVjb2FjaCJ9"},"queries":6,"pid":8988}

      247 |       }
      248 |       // Query shapes, outcomes, fixture identifiers and process IDs only; never parameters.
    > 249 |       console.warn(
          |               ^
      250 |         'PG17_PROCESS',
      251 |         JSON.stringify({
      252 |           name,

      at settleWorker (test/utils/g2-c-pg-harness.ts:249:15)
      at ChildProcess.<anonymous> (test/utils/g2-c-pg-harness.ts:269:7)

  console.warn
    PG17_PROCESS {"name":"g2c_55","old":false,"options":{"action":"entities","family":"workouts","cursor":"<cursor>","limit":1},"result":{"intent_id":"intent","family":"workouts","entities":[{"id":"d1907952-49e8-45a0-8bdc-675613892e75","source_platform":"truecoach","entity_type":"workouts","source_id":"w1","client_source_id":"client-new","label":"Synthetic A","created_at":"2026-09-24T21:50:34.394Z","updated_at":"2026-09-24T21:50:47.764Z"}],"page_count":1,"next_cursor":null},"queries":6,"pid":9004}

      247 |       }
      248 |       // Query shapes, outcomes, fixture identifiers and process IDs only; never parameters.
    > 249 |       console.warn(
          |               ^
      250 |         'PG17_PROCESS',
      251 |         JSON.stringify({
      252 |           name,

      at settleWorker (test/utils/g2-c-pg-harness.ts:249:15)
      at ChildProcess.<anonymous> (test/utils/g2-c-pg-harness.ts:269:7)

  console.warn
    PG17_PROCESS {"name":"g2c_56","old":true,"options":{"action":"entities","family":"workouts","limit":200},"result":{"intent_id":"intent","family":"workouts","entities":[{"id":"fa141083-234f-41a0-b3aa-f6f860e7e107","source_platform":"truecoach","entity_type":"workouts","source_id":"a","client_source_id":"client-new","label":"Synthetic A","created_at":"2026-09-24T21:50:47.758Z","updated_at":"2026-09-24T21:50:47.758Z"},{"id":"d1907952-49e8-45a0-8bdc-675613892e75","source_platform":"truecoach","entity_type":"workouts","source_id":"w1","client_source_id":"client-new","label":"Synthetic A","created_at":"2026-09-24T21:50:34.394Z","updated_at":"2026-09-24T21:50:47.764Z"}],"page_count":2,"next_cursor":null},"queries":6,"pid":9021}

      247 |       }
      248 |       // Query shapes, outcomes, fixture identifiers and process IDs only; never parameters.
    > 249 |       console.warn(
          |               ^
      250 |         'PG17_PROCESS',
      251 |         JSON.stringify({
      252 |           name,

      at settleWorker (test/utils/g2-c-pg-harness.ts:249:15)
      at ChildProcess.<anonymous> (test/utils/g2-c-pg-harness.ts:269:7)

  console.warn
    PG17_PROCESS {"name":"g2c_57","old":true,"options":{"action":"entities","family":"workouts","limit":1},"result":{"intent_id":"intent","family":"workouts","entities":[{"id":"fa141083-234f-41a0-b3aa-f6f860e7e107","source_platform":"truecoach","entity_type":"workouts","source_id":"a","client_source_id":"client-new","label":"Synthetic A","created_at":"2026-09-24T21:50:47.758Z","updated_at":"2026-09-24T21:50:47.758Z"}],"page_count":1,"next_cursor":"v2.eyJ2IjoyLCJjIjoiY29hY2giLCJpIjoiaW50ZW50IiwiZiI6IndvcmtvdXRzIiwibyI6InNvdXJjZV9pZDphc2Msc291cmNlX3BsYXRmb3JtOmFzYyIsInMiOiJhIiwicCI6InRydWVjb2FjaCJ9"},"queries":6,"pid":9039}

      247 |       }
      248 |       // Query shapes, outcomes, fixture identifiers and process IDs only; never parameters.
    > 249 |       console.warn(
          |               ^
      250 |         'PG17_PROCESS',
      251 |         JSON.stringify({
      252 |           name,

      at settleWorker (test/utils/g2-c-pg-harness.ts:249:15)
      at ChildProcess.<anonymous> (test/utils/g2-c-pg-harness.ts:269:7)

  console.warn
    PG17_PROCESS {"name":"g2c_58","old":true,"options":{"action":"entities","family":"workouts","cursor":"<cursor>","limit":1},"result":{"intent_id":"intent","family":"workouts","entities":[{"id":"d1907952-49e8-45a0-8bdc-675613892e75","source_platform":"truecoach","entity_type":"workouts","source_id":"w1","client_source_id":"client-new","label":"Synthetic A","created_at":"2026-09-24T21:50:34.394Z","updated_at":"2026-09-24T21:50:47.764Z"}],"page_count":1,"next_cursor":null},"queries":6,"pid":9055}

      247 |       }
      248 |       // Query shapes, outcomes, fixture identifiers and process IDs only; never parameters.
    > 249 |       console.warn(
          |               ^
      250 |         'PG17_PROCESS',
      251 |         JSON.stringify({
      252 |           name,

      at settleWorker (test/utils/g2-c-pg-harness.ts:249:15)
      at ChildProcess.<anonymous> (test/utils/g2-c-pg-harness.ts:269:7)

  console.warn
    PG17_PROCESS {"name":"g2c_59","old":false,"options":{"action":"roster","limit":200},"result":{"intent_id":"intent","accounting":{"staged":3,"reconstructed":3,"skipped":0,"failed":0},"persons":[{"id":"5266a816-7d9b-473e-87a5-39a9e9b0d424","state":"InvitePending","source_platform":"truecoach","source_person_id":"a","display_name":"Synthetic A","created_at":"2026-09-24T21:50:33.420Z","updated_at":"2026-09-24T21:50:45.180Z"},{"id":"0f634115-d025-4c7b-b46f-40ad89b08e70","state":"InvitePending","source_platform":"truecoach","source_person_id":"b","display_name":"Synthetic A","created_at":"2026-09-24T21:50:33.426Z","updated_at":"2026-09-24T21:50:45.186Z"},{"id":"6c6738a5-7728-40aa-8942-08ce7af1723c","state":"InvitePending","source_platform":"truecoach","source_person_id":"c","display_name":"Synthetic A","created_at":"2026-09-24T21:50:33.429Z","updated_at":"2026-09-24T21:50:45.189Z"}],"page":{"limit":200,"next_cursor":null,"has_more":false}},"queries":8,"pid":9071}

      247 |       }
      248 |       // Query shapes, outcomes, fixture identifiers and process IDs only; never parameters.
    > 249 |       console.warn(
          |               ^
      250 |         'PG17_PROCESS',
      251 |         JSON.stringify({
      252 |           name,

      at settleWorker (test/utils/g2-c-pg-harness.ts:249:15)
      at ChildProcess.<anonymous> (test/utils/g2-c-pg-harness.ts:269:7)

PASS rls-live test/rls-g2-c-contract.spec.ts (111.095 s)
  stage 1: the pre-C shape — the narrow keys still arbitrate (negative control)
    ✓ C02: on R (N/Q1 head) the REAL ingest service dedupes a second family and a second platform of one source; raw inserts hit the narrow keys (492 ms)
  stage 2: before C — the reverse refuses, the forward respects the lock budget
    ✓ C14a: C.down on a pre-C database is refused atomically (contract absent) (601 ms)
    ✓ C09a: a held ledger read makes C.up hit lock_timeout (55P03); nothing applied; release → free (5635 ms)
  stage 3: C through the release mechanism
    ✓ C01: prisma migrate deploy applies exactly C; only the two narrow indexes leave; wide keys, CHECKs, NOT NULL, fence, RLS, policies and rows are untouched (2898 ms)
    ✓ C14b: a raw rerun of C.up is refused atomically; a shadow schema first on search_path cannot redirect it (2074 ms)
  stage 4: on C — the wide identity is the identity for the real ingest service, the N writer and the Q1 readers
    ✓ C03/C04: one source across two, then three, families inserts every row (deduped 0); the staging duplicates are narrow-key groups the wide key holds (308 ms)
    ✓ C05: retained idempotency — full-tuple replay, changed captured_at and in-batch duplicates dedupe; another intent or coach inserts (348 ms)
    ✓ C06: one source on two platforms through the real service inserts both, replays both as deduped, and the N writer reconstructs two identities (2321 ms)
    ✓ C07: three platforms of one workout through the writer: two reconstructed, the unregistered one skipped; replay and the old N writer are identical (3110 ms)
    ✓ C08: candidate/candidate and candidate/old races on one identity converge to one row and one target; cross-family/platform rows race to distinct outcomes; success dominates (9260 ms)
    ✓ C09b: a held (uncommitted) ingest insert makes C.down hit lock_timeout atomically; rolled back, the row never lands and later ingest counts are accurate (5835 ms)
    ✓ C16: real clients identity ties (one source on three platforms) enumerate every reconstructed row exactly once at limit 1 on both heads; a tied legacy token is 400; an untied one resolves (15342 ms)
    ✓ C16: real workouts identity ties (one source on three platforms) enumerate every reconstructed row exactly once at limit 1 on both heads; a tied legacy token is 400; an untied one resolves (11122 ms)
    ✓ C17a: after C the API roles are denied on both tables, the runtime role's rollback leaves nothing, and content refusals (CHECK, NOT NULL, fence) are unchanged (1160 ms)
    ✓ C18 (D-C1): an ingest between the count and the page leaves its row staged and unaccounted; the next replay converges and the tally equals the ledger (3063 ms)
  stage 5: C.down refuses — collisions (fixed 23505, no identifiers), decoys, shadow, and the older downs with C applied
    ✓ C11: a cross-family collision in staging refuses C.down; both rows and the wide keys remain; no narrow relation on either table (758 ms)
    ✓ C12: a cross-platform collision in staging refuses C.down identically (773 ms)
    ✓ C13: a ledger-only collision refuses C.down; the staging narrow key is NOT created first (no half-narrow state) (799 ms)
    ✓ C14c: a decoy relation holding a narrow name refuses C.down (contract absent) and C.up (unexpected prerequisite), shadow or not; the decoy is untouched (2330 ms)
    ✓ C15: with C applied, R.down, B.down and E.down each refuse atomically on the absent narrow keys (2447 ms)
  stage 6: collision-free reverse and forward — C.down, the whole chain down, the whole chain up
    ✓ C10: C.down restores the exact R shape with rows and targets intact (history not rewritten, narrow arbitrates again, writers idle; C14d rerun refused; C17b security); then R/B/E down and E/B/R/C up restore the C shape with staging byte-equivalent and the ledger re-derived identically (14592 ms)
    ✓ N/Q1 continues on C: the old writer admits a cross-family tuple after re-C and both readers page it (7280 ms)

Test Suites: 1 passed, 1 total
Tests:       22 passed, 22 total
Snapshots:   0 total
Time:        111.335 s
Ran all test suites matching test/rls-g2-c-contract.spec.ts.
