PASS test/scout/reconstruct/scout-reconstruct.service.spec.ts (10.895 s)
[32m[Nest] 4563  - [39m09/25/2026, 4:42:20 AM [32m    LOG[39m [38;5;3m[ScoutReconstructService] [39m[32mscout.reconstruct completed {"intent_id":"intent-1","coach_id":"coach-1","staged":1,"reconstructed":1,"skipped":0,"failed":0}[39m
[32m[Nest] 4563  - [39m09/25/2026, 4:42:20 AM [32m    LOG[39m [38;5;3m[ScoutReconstructService] [39m[32mscout.reconstruct completed {"intent_id":"intent-1","coach_id":"coach-1","staged":1,"reconstructed":0,"skipped":1,"failed":0}[39m
[33m[Nest] 4563  - [39m09/25/2026, 4:42:20 AM [33m   WARN[39m [38;5;3m[ScoutReconstructService] [39m[33mscout.reconstruct completed with failures {"intent_id":"intent-1","coach_id":"coach-1","staged":1,"reconstructed":0,"skipped":0,"failed":1}[39m
[32m[Nest] 4563  - [39m09/25/2026, 4:42:20 AM [32m    LOG[39m [38;5;3m[ScoutReconstructService] [39m[32mscout.reconstruct completed {"intent_id":"intent-1","coach_id":"coach-1","staged":1,"reconstructed":1,"skipped":0,"failed":0}[39m
[32m[Nest] 4563  - [39m09/25/2026, 4:42:20 AM [32m    LOG[39m [38;5;3m[ScoutReconstructService] [39m[32mscout.reconstruct completed {"intent_id":"intent-1","coach_id":"coach-1","staged":1,"reconstructed":1,"skipped":0,"failed":0}[39m
[32m[Nest] 4563  - [39m09/25/2026, 4:42:20 AM [32m    LOG[39m [38;5;3m[ScoutReconstructService] [39m[32mscout.reconstruct completed {"intent_id":"intent-1","coach_id":"coach-1","staged":1,"reconstructed":1,"skipped":0,"failed":0}[39m
[32m[Nest] 4563  - [39m09/25/2026, 4:42:20 AM [32m    LOG[39m [38;5;3m[ScoutReconstructService] [39m[32mscout.reconstruct completed {"intent_id":"intent-1","coach_id":"coach-1","staged":1,"reconstructed":1,"skipped":0,"failed":0}[39m
[32m[Nest] 4563  - [39m09/25/2026, 4:42:20 AM [32m    LOG[39m [38;5;3m[ScoutReconstructService] [39m[32mscout.reconstruct completed {"intent_id":"intent-1","coach_id":"coach-1","staged":1,"reconstructed":1,"skipped":0,"failed":0}[39m
[32m[Nest] 4563  - [39m09/25/2026, 4:42:20 AM [32m    LOG[39m [38;5;3m[ScoutReconstructService] [39m[32mscout.reconstruct completed {"intent_id":"intent-1","coach_id":"coach-1","staged":1,"reconstructed":2,"skipped":0,"failed":0}[39m
[32m[Nest] 4563  - [39m09/25/2026, 4:42:20 AM [32m    LOG[39m [38;5;3m[ScoutReconstructService] [39m[32mscout.reconstruct completed {"intent_id":"intent-1","coach_id":"coach-1","staged":1,"reconstructed":1,"skipped":0,"failed":0}[39m
[32m[Nest] 4563  - [39m09/25/2026, 4:42:20 AM [32m    LOG[39m [38;5;3m[ScoutReconstructService] [39m[32mscout.reconstruct completed {"intent_id":"intent-1","coach_id":"coach-1","staged":1,"reconstructed":1,"skipped":1,"failed":0}[39m
[32m[Nest] 4563  - [39m09/25/2026, 4:42:20 AM [32m    LOG[39m [38;5;3m[ScoutReconstructService] [39m[32mscout.reconstruct completed {"intent_id":"intent-1","coach_id":"coach-1","staged":1,"reconstructed":1,"skipped":0,"failed":0}[39m
[33m[Nest] 4563  - [39m09/25/2026, 4:42:20 AM [33m   WARN[39m [38;5;3m[ScoutReconstructService] [39m[33mscout.reconstruct completed with failures {"intent_id":"intent-1","coach_id":"coach-1","staged":1,"reconstructed":1,"skipped":0,"failed":1}[39m
[32m[Nest] 4563  - [39m09/25/2026, 4:42:20 AM [32m    LOG[39m [38;5;3m[ScoutReconstructService] [39m[32mscout.reconstruct completed {"intent_id":"intent-1","coach_id":"coach-1","staged":1,"reconstructed":1,"skipped":0,"failed":0}[39m
[33m[Nest] 4563  - [39m09/25/2026, 4:42:20 AM [33m   WARN[39m [38;5;3m[ScoutReconstructService] [39m[33mscout.reconstruct completed with failures {"intent_id":"intent-1","coach_id":"coach-1","staged":1,"reconstructed":0,"skipped":0,"failed":1}[39m
[32m[Nest] 4563  - [39m09/25/2026, 4:42:20 AM [32m    LOG[39m [38;5;3m[ScoutReconstructService] [39m[32mscout.reconstruct completed {"intent_id":"intent-1","coach_id":"coach-1","staged":1,"reconstructed":0,"skipped":1,"failed":0}[39m
[32m[Nest] 4563  - [39m09/25/2026, 4:42:20 AM [32m    LOG[39m [38;5;3m[ScoutReconstructService] [39m[32mscout.reconstruct completed {"intent_id":"intent-1","coach_id":"coach-1","staged":1,"reconstructed":1,"skipped":0,"failed":0}[39m
[33m[Nest] 4563  - [39m09/25/2026, 4:42:20 AM [33m   WARN[39m [38;5;3m[ScoutReconstructService] [39m[33mscout.reconstruct completed with failures {"intent_id":"intent-1","coach_id":"coach-1","staged":2,"reconstructed":1,"skipped":0,"failed":1}[39m
[32m[Nest] 4563  - [39m09/25/2026, 4:42:20 AM [32m    LOG[39m [38;5;3m[ScoutReconstructService] [39m[32mscout.reconstruct completed {"intent_id":"intent-1","coach_id":"coach-1","staged":1,"reconstructed":0,"skipped":1,"failed":0}[39m
[33m[Nest] 4563  - [39m09/25/2026, 4:42:20 AM [33m   WARN[39m [38;5;3m[ScoutReconstructService] [39m[33mscout.reconstruct completed with failures {"intent_id":"intent-1","coach_id":"coach-1","staged":1,"reconstructed":0,"skipped":0,"failed":1}[39m
[32m[Nest] 4563  - [39m09/25/2026, 4:42:20 AM [32m    LOG[39m [38;5;3m[ScoutReconstructService] [39m[32mscout.reconstruct completed {"intent_id":"intent-1","coach_id":"coach-1","staged":1,"reconstructed":0,"skipped":1,"failed":0}[39m
[33m[Nest] 4563  - [39m09/25/2026, 4:42:20 AM [33m   WARN[39m [38;5;3m[ScoutReconstructService] [39m[33mscout.reconstruct completed with failures {"intent_id":"intent-1","coach_id":"coach-1","staged":1,"reconstructed":0,"skipped":0,"failed":1}[39m
[32m[Nest] 4563  - [39m09/25/2026, 4:42:20 AM [32m    LOG[39m [38;5;3m[ScoutReconstructService] [39m[32mscout.reconstruct completed {"intent_id":"intent-1","coach_id":"coach-1","staged":3,"reconstructed":3,"skipped":0,"failed":0}[39m
[32m[Nest] 4563  - [39m09/25/2026, 4:42:20 AM [32m    LOG[39m [38;5;3m[ScoutReconstructService] [39m[32mscout.reconstruct completed {"intent_id":"intent-1","coach_id":"coach-1","staged":2,"reconstructed":2,"skipped":0,"failed":0}[39m
[32m[Nest] 4563  - [39m09/25/2026, 4:42:20 AM [32m    LOG[39m [38;5;3m[ScoutReconstructService] [39m[32mscout.reconstruct completed {"intent_id":"intent-1","coach_id":"coach-1","staged":2,"reconstructed":2,"skipped":0,"failed":0}[39m
[32m[Nest] 4563  - [39m09/25/2026, 4:42:20 AM [32m    LOG[39m [38;5;3m[ScoutReconstructService] [39m[32mscout.reconstruct completed {"intent_id":"intent-1","coach_id":"coach-1","staged":2,"reconstructed":1,"skipped":1,"failed":0}[39m
[33m[Nest] 4563  - [39m09/25/2026, 4:42:20 AM [33m   WARN[39m [38;5;3m[ScoutReconstructService] [39m[33mscout.reconstruct completed with failures {"intent_id":"intent-1","coach_id":"coach-1","staged":3,"reconstructed":2,"skipped":0,"failed":1}[39m
[33m[Nest] 4563  - [39m09/25/2026, 4:42:20 AM [33m   WARN[39m [38;5;3m[ScoutReconstructService] [39m[33mscout.reconstruct completed with failures {"intent_id":"intent-1","coach_id":"coach-1","staged":1,"reconstructed":0,"skipped":0,"failed":1}[39m
[32m[Nest] 4563  - [39m09/25/2026, 4:42:20 AM [32m    LOG[39m [38;5;3m[ScoutReconstructService] [39m[32mscout.reconstruct completed {"intent_id":"intent-empty","coach_id":"coach-1","staged":0,"reconstructed":0,"skipped":0,"failed":0}[39m
[32m[Nest] 4563  - [39m09/25/2026, 4:42:20 AM [32m    LOG[39m [38;5;3m[ScoutReconstructService] [39m[32mscout.reconstruct completed {"intent_id":"intent-1","coach_id":"coach-1","staged":2,"reconstructed":1,"skipped":1,"failed":0}[39m
[33m[Nest] 4563  - [39m09/25/2026, 4:42:20 AM [33m   WARN[39m [38;5;3m[ScoutReconstructService] [39m[33mscout.reconstruct completed with failures {"intent_id":"intent-1","coach_id":"coach-1","staged":5,"reconstructed":2,"skipped":2,"failed":1}[39m
[32m[Nest] 4563  - [39m09/25/2026, 4:42:20 AM [32m    LOG[39m [38;5;3m[ScoutReconstructService] [39m[32mscout.reconstruct completed {"intent_id":"intent-1","coach_id":"coach-1","staged":1,"reconstructed":1,"skipped":0,"failed":0}[39m
[33m[Nest] 4563  - [39m09/25/2026, 4:42:20 AM [33m   WARN[39m [38;5;3m[ScoutReconstructService] [39m[33mscout.reconstruct completed with failures {"intent_id":"intent-1","coach_id":"coach-1","staged":2,"reconstructed":1,"skipped":0,"failed":1}[39m
[32m[Nest] 4563  - [39m09/25/2026, 4:42:20 AM [32m    LOG[39m [38;5;3m[ScoutReconstructService] [39m[32mscout.reconstruct completed {"intent_id":"intent-1","coach_id":"coach-1","staged":2,"reconstructed":2,"skipped":0,"failed":0}[39m
[32m[Nest] 4563  - [39m09/25/2026, 4:42:20 AM [32m    LOG[39m [38;5;3m[ScoutReconstructService] [39m[32mscout.reconstruct completed {"intent_id":"intent-1","coach_id":"coach-1","staged":1,"reconstructed":1,"skipped":0,"failed":0}[39m
[32m[Nest] 4563  - [39m09/25/2026, 4:42:20 AM [32m    LOG[39m [38;5;3m[ScoutReconstructService] [39m[32mscout.reconstruct completed {"intent_id":"intent-1","coach_id":"coach-1","staged":1,"reconstructed":1,"skipped":0,"failed":0}[39m
[32m[Nest] 4563  - [39m09/25/2026, 4:42:20 AM [32m    LOG[39m [38;5;3m[ScoutReconstructService] [39m[32mscout.reconstruct completed {"intent_id":"intent-1","coach_id":"coach-A","staged":1,"reconstructed":1,"skipped":0,"failed":0}[39m
[32m[Nest] 4563  - [39m09/25/2026, 4:42:20 AM [32m    LOG[39m [38;5;3m[ScoutReconstructService] [39m[32mscout.reconstruct completed {"intent_id":"intent-1","coach_id":"coach-B","staged":1,"reconstructed":1,"skipped":0,"failed":0}[39m
[32m[Nest] 4563  - [39m09/25/2026, 4:42:20 AM [32m    LOG[39m [38;5;3m[ScoutReconstructService] [39m[32mscout.reconstruct completed {"intent_id":"intent-1","coach_id":"coach-1","staged":1,"reconstructed":0,"skipped":1,"failed":0}[39m
[32m[Nest] 4563  - [39m09/25/2026, 4:42:20 AM [32m    LOG[39m [38;5;3m[ScoutReconstructService] [39m[32mscout.reconstruct completed {"intent_id":"intent-success","coach_id":"coach-1","staged":1,"reconstructed":1,"skipped":0,"failed":0}[39m
[32m[Nest] 4563  - [39m09/25/2026, 4:42:20 AM [32m    LOG[39m [38;5;3m[ScoutReconstructService] [39m[32mscout.reconstruct completed {"intent_id":"intent-partial","coach_id":"coach-1","staged":1,"reconstructed":1,"skipped":0,"failed":0}[39m
[32m[Nest] 4563  - [39m09/25/2026, 4:42:20 AM [32m    LOG[39m [38;5;3m[ScoutReconstructService] [39m[32mscout.reconstruct completed {"intent_id":"intent-failed","coach_id":"coach-1","staged":1,"reconstructed":1,"skipped":0,"failed":0}[39m
[32m[Nest] 4563  - [39m09/25/2026, 4:42:20 AM [32m    LOG[39m [38;5;3m[ScoutReconstructService] [39m[32mscout.reconstruct completed {"intent_id":"intent-1","coach_id":"coach-1","staged":1,"reconstructed":1,"skipped":0,"failed":0}[39m
[32m[Nest] 4563  - [39m09/25/2026, 4:42:20 AM [32m    LOG[39m [38;5;3m[ScoutReconstructService] [39m[32mscout.reconstruct completed {"intent_id":"intent-A","coach_id":"coach-1","staged":2,"reconstructed":2,"skipped":0,"failed":0}[39m
[32m[Nest] 4563  - [39m09/25/2026, 4:42:20 AM [32m    LOG[39m [38;5;3m[ScoutReconstructService] [39m[32mscout.reconstruct completed {"intent_id":"intent-A","coach_id":"coach-1","staged":2,"reconstructed":2,"skipped":0,"failed":0}[39m
[33m[Nest] 4563  - [39m09/25/2026, 4:42:20 AM [33m   WARN[39m [38;5;3m[ScoutReconstructService] [39m[33mscout.reconstruct completed with failures {"intent_id":"intent-1","coach_id":"coach-1","staged":3,"reconstructed":1,"skipped":1,"failed":1}[39m
[33m[Nest] 4563  - [39m09/25/2026, 4:42:20 AM [33m   WARN[39m [38;5;3m[ScoutReconstructService] [39m[33mscout.reconstruct rejected oversized intent {"intent_id":"intent-huge","coach_id":"coach-1","staged":10001,"max":10000}[39m
[32m[Nest] 4563  - [39m09/25/2026, 4:42:20 AM [32m    LOG[39m [38;5;3m[ScoutReconstructService] [39m[32mscout.reconstruct completed {"intent_id":"intent-1","coach_id":"coach-1","staged":10000,"reconstructed":1,"skipped":0,"failed":0}[39m
[32m[Nest] 4563  - [39m09/25/2026, 4:42:20 AM [32m    LOG[39m [38;5;3m[ScoutReconstructService] [39m[32mscout.reconstruct completed {"intent_id":"intent-big","coach_id":"coach-1","staged":1001,"reconstructed":1001,"skipped":0,"failed":0}[39m
[32m[Nest] 4563  - [39m09/25/2026, 4:42:20 AM [32m    LOG[39m [38;5;3m[ScoutReconstructService] [39m[32mscout.reconstruct completed {"intent_id":"intent-1","coach_id":"coach-1","staged":1,"reconstructed":1,"skipped":0,"failed":0}[39m
[33m[Nest] 4563  - [39m09/25/2026, 4:42:20 AM [33m   WARN[39m [38;5;3m[ScoutReconstructService] [39m[33mscout.reconstruct completed with failures {"intent_id":"intent-1","coach_id":"coach-1","staged":1,"reconstructed":0,"skipped":0,"failed":1}[39m
[32m[Nest] 4563  - [39m09/25/2026, 4:42:20 AM [32m    LOG[39m [38;5;3m[ScoutReconstructService] [39m[32mscout.reconstruct completed {"intent_id":"intent-1","coach_id":"coach-1","staged":2,"reconstructed":2,"skipped":0,"failed":0}[39m
[32m[Nest] 4563  - [39m09/25/2026, 4:42:20 AM [32m    LOG[39m [38;5;3m[ScoutReconstructService] [39m[32mscout.reconstruct completed {"intent_id":"intent-1","coach_id":"coach-1","staged":2,"reconstructed":2,"skipped":0,"failed":0}[39m
[32m[Nest] 4563  - [39m09/25/2026, 4:42:20 AM [32m    LOG[39m [38;5;3m[ScoutReconstructService] [39m[32mscout.reconstruct completed {"intent_id":"intent-1","coach_id":"coach-7","staged":1,"reconstructed":1,"skipped":0,"failed":0}[39m
PASS test/scout/entities/scout-entities.service.spec.ts
PASS test/contracts/importer-contract.spec.ts (51.716 s)
PASS test/scout/reconstruct/conformance-alpha.e2e.spec.ts
[32m[Nest] 4563  - [39m09/25/2026, 4:43:13 AM [32m    LOG[39m [38;5;3m[ScoutReconstructService] [39m[32mscout.reconstruct completed {"intent_id":"intent-conformance-1","coach_id":"coach-conformance","staged":6,"reconstructed":6,"skipped":0,"failed":0}[39m
[32m[Nest] 4563  - [39m09/25/2026, 4:43:13 AM [32m    LOG[39m [38;5;3m[ScoutReconstructService] [39m[32mscout.reconstruct completed {"intent_id":"intent-conformance-1","coach_id":"coach-conformance","staged":6,"reconstructed":6,"skipped":0,"failed":0}[39m
[32m[Nest] 4563  - [39m09/25/2026, 4:43:13 AM [32m    LOG[39m [38;5;3m[ScoutReconstructService] [39m[32mscout.reconstruct completed {"intent_id":"intent-conformance-1","coach_id":"coach-conformance","staged":6,"reconstructed":6,"skipped":0,"failed":0}[39m
[32m[Nest] 4563  - [39m09/25/2026, 4:43:13 AM [32m    LOG[39m [38;5;3m[ScoutReconstructService] [39m[32mscout.reconstruct completed {"intent_id":"intent-conformance-1","coach_id":"coach-conformance","staged":6,"reconstructed":6,"skipped":0,"failed":0}[39m
[32m[Nest] 4563  - [39m09/25/2026, 4:43:13 AM [32m    LOG[39m [38;5;3m[ScoutReconstructService] [39m[32mscout.reconstruct completed {"intent_id":"intent-conformance-1","coach_id":"coach-conformance","staged":6,"reconstructed":6,"skipped":0,"failed":0}[39m
[32m[Nest] 4563  - [39m09/25/2026, 4:43:13 AM [32m    LOG[39m [38;5;3m[ScoutReconstructService] [39m[32mscout.reconstruct completed {"intent_id":"intent-conformance-1","coach_id":"coach-conformance","staged":3,"reconstructed":3,"skipped":0,"failed":0}[39m
[32m[Nest] 4563  - [39m09/25/2026, 4:43:13 AM [32m    LOG[39m [38;5;3m[ScoutReconstructService] [39m[32mscout.reconstruct completed {"intent_id":"intent-conformance-1","coach_id":"coach-conformance","staged":3,"reconstructed":3,"skipped":0,"failed":0}[39m
[32m[Nest] 4563  - [39m09/25/2026, 4:43:13 AM [32m    LOG[39m [38;5;3m[ScoutReconstructService] [39m[32mscout.reconstruct completed {"intent_id":"intent-conformance-1","coach_id":"coach-a","staged":6,"reconstructed":6,"skipped":0,"failed":0}[39m
[32m[Nest] 4563  - [39m09/25/2026, 4:43:13 AM [32m    LOG[39m [38;5;3m[ScoutReconstructService] [39m[32mscout.reconstruct completed {"intent_id":"intent-conformance-1","coach_id":"coach-b","staged":6,"reconstructed":6,"skipped":0,"failed":0}[39m
[33m[Nest] 4563  - [39m09/25/2026, 4:43:13 AM [33m   WARN[39m [38;5;3m[ScoutReconstructService] [39m[33mscout.reconstruct completed with failures {"intent_id":"intent-adversarial","coach_id":"coach-conformance","staged":2,"reconstructed":0,"skipped":1,"failed":1}[39m
FAIL test/scout/reconstruct/mapping-spec.equivalence.spec.ts
  ● S8-A interpreter ≡ retired per-source mappers (deep-equal, incl. skip reasons) › family layer map() for workouts deep-equals the 61b93cff dispatch on every row

    expect(received).toEqual(expected) // deep equality

    - Expected  -   1
    + Received  + 157

    - Array []
    + Array [
    +   Object {
    +     "actual": Object {
    +       "mapped": Object {
    +         "entity": Object {
    +           "clientSourceId": null,
    +           "label": "Dana Coach",
    +           "sourcePlatform": "truecoach",
    +         },
    +         "mode": "evidence",
    +         "recordNoNativePrincipal": false,
    +       },
    +       "ok": true,
    +     },
    +     "expected": Object {
    +       "mapped": Object {
    +         "clientSourceId": null,
    +         "label": "Dana Coach",
    +         "sourcePlatform": "truecoach",
    +       },
    +       "ok": true,
    +     },
    +     "row": Object {
    +       "payload": Object {
    +         "email": "dana@example.com",
    +         "id": 7,
    +         "name": "Dana Coach",
    +       },
    +       "source_id": "7",
    +       "source_platform": "truecoach",
    +     },
    +   },
    +   Object {
    +     "actual": Object {
    +       "mapped": Object {
    +         "entity": Object {
    +           "clientSourceId": null,
    +           "label": null,
    +           "sourcePlatform": "conformance_alpha",
    +         },
    +         "mode": "evidence",
    +         "recordNoNativePrincipal": false,
    +       },
    +       "ok": true,
    +     },
    +     "expected": Object {
    +       "mapped": Object {
    +         "clientSourceId": null,
    +         "label": null,
    +         "sourcePlatform": "conformance_alpha",
    +       },
    +       "ok": true,
    +     },
    +     "row": Object {
    +       "payload": Object {
    +         "email": "dana@example.com",
    +         "id": 7,
    +         "name": "Dana Coach",
    +       },
    +       "source_id": "7",
    +       "source_platform": "conformance_alpha",
    +     },
    +   },
    +   Object {
    +     "actual": Object {
    +       "mapped": Object {
    +         "entity": Object {
    +           "clientSourceId": null,
    +           "label": "Dana Coach",
    +           "sourcePlatform": "truecoach",
    +         },
    +         "mode": "evidence",
    +         "recordNoNativePrincipal": false,
    +       },
    +       "ok": true,
    +     },
    +     "expected": Object {
    +       "mapped": Object {
    +         "clientSourceId": null,
    +         "label": "Dana Coach",
    +         "sourcePlatform": "truecoach",
    +       },
    +       "ok": true,
    +     },
    +     "row": Object {
    +       "payload": Object {
    +         "email": "dana@example.com",
    +         "id": 7,
    +         "name": "Dana Coach",
    +       },
    +       "source_id": "  42  ",
    +       "source_platform": "truecoach",
    +     },
    +   },
    +   Object {
    +     "actual": Object {
    +       "mapped": Object {
    +         "entity": Object {
    +           "clientSourceId": null,
    +           "label": null,
    +           "sourcePlatform": "conformance_alpha",
    +         },
    +         "mode": "evidence",
    +         "recordNoNativePrincipal": false,
    +       },
    +       "ok": true,
    +     },
    +     "expected": Object {
    +       "mapped": Object {
    +         "clientSourceId": null,
    +         "label": null,
    +         "sourcePlatform": "conformance_alpha",
    +       },
    +       "ok": true,
    +     },
    +     "row": Object {
    +       "payload": Object {
    +         "email": "dana@example.com",
    +         "id": 7,
    +         "name": "Dana Coach",
    +       },
    +       "source_id": "  42  ",
    +       "source_platform": "conformance_alpha",
    +     },
    +   },
    +   Object {
    +     "actual": Object {
    +       "mapped": Object {
    +         "entity": Object {
    +           "clientSourceId": null,
    +           "label": "Dana Coach",
    +           "sourcePlatform": "truecoach",
    +         },
    +         "mode": "evidence",
    +         "recordNoNativePrincipal": false,
    +       },
    +       "ok": true,
    +     },
    +     "expected": Object {
    +       "mapped": Object {
    +         "clientSourceId": null,
    +         "label": "Dana Coach",
    +         "sourcePlatform": "truecoach",
    +       },
    +       "ok": true,
    +     },
    +     "row": Object {
    +       "payload": Object {
    +         "email": "dana@example.com",
    +         "id": 7,
    +         "name": "Dana Coach",
    +       },
    +       "source_id": "opaque-99",
    +       "source_platform": "truecoach",
    +     },
    +   },
    + ]

      515 |           (row) => legacyFamilyMap(family, row),
      516 |         ),
    > 517 |       ).toEqual([]);
          |         ^
      518 |       // The corpus exercises every legacy skip reason class.
      519 |       const reasons = new Set<string>();
      520 |       for (const row of rows) {

      at Object.<anonymous> (test/scout/reconstruct/mapping-spec.equivalence.spec.ts:517:9)

PASS test/scout/reconstruct/scout-reconstruct.families.spec.ts
[32m[Nest] 4563  - [39m09/25/2026, 4:43:16 AM [32m    LOG[39m [38;5;3m[ScoutReconstructService] [39m[32mscout.reconstruct completed {"intent_id":"intent-1","coach_id":"coach-1","staged":3,"reconstructed":3,"skipped":0,"failed":0}[39m
[32m[Nest] 4563  - [39m09/25/2026, 4:43:16 AM [32m    LOG[39m [38;5;3m[ScoutReconstructService] [39m[32mscout.reconstruct completed {"intent_id":"intent-1","coach_id":"coach-1","staged":2,"reconstructed":2,"skipped":0,"failed":0}[39m
[32m[Nest] 4563  - [39m09/25/2026, 4:43:16 AM [32m    LOG[39m [38;5;3m[ScoutReconstructService] [39m[32mscout.reconstruct completed {"intent_id":"intent-1","coach_id":"coach-1","staged":2,"reconstructed":2,"skipped":0,"failed":0}[39m
[32m[Nest] 4563  - [39m09/25/2026, 4:43:16 AM [32m    LOG[39m [38;5;3m[ScoutReconstructService] [39m[32mscout.reconstruct completed {"intent_id":"intent-1","coach_id":"coach-1","staged":1,"reconstructed":1,"skipped":0,"failed":0}[39m
[32m[Nest] 4563  - [39m09/25/2026, 4:43:16 AM [32m    LOG[39m [38;5;3m[ScoutReconstructService] [39m[32mscout.reconstruct completed {"intent_id":"intent-1","coach_id":"coach-1","staged":2,"reconstructed":1,"skipped":1,"failed":0}[39m
[33m[Nest] 4563  - [39m09/25/2026, 4:43:16 AM [33m   WARN[39m [38;5;3m[ScoutReconstructService] [39m[33mscout.reconstruct completed with failures {"intent_id":"intent-1","coach_id":"coach-1","staged":3,"reconstructed":2,"skipped":0,"failed":1}[39m
[32m[Nest] 4563  - [39m09/25/2026, 4:43:16 AM [32m    LOG[39m [38;5;3m[ScoutReconstructService] [39m[32mscout.reconstruct completed {"intent_id":"intent-1","coach_id":"coach-1","staged":1,"reconstructed":1,"skipped":0,"failed":0}[39m
[32m[Nest] 4563  - [39m09/25/2026, 4:43:16 AM [32m    LOG[39m [38;5;3m[ScoutReconstructService] [39m[32mscout.reconstruct completed {"intent_id":"intent-1","coach_id":"coach-1","staged":1,"reconstructed":1,"skipped":0,"failed":0}[39m
[32m[Nest] 4563  - [39m09/25/2026, 4:43:16 AM [32m    LOG[39m [38;5;3m[ScoutReconstructService] [39m[32mscout.reconstruct completed {"intent_id":"intent-1","coach_id":"coach-7","staged":1,"reconstructed":1,"skipped":0,"failed":0}[39m
[32m[Nest] 4563  - [39m09/25/2026, 4:43:16 AM [32m    LOG[39m [38;5;3m[ScoutReconstructService] [39m[32mscout.reconstruct completed {"intent_id":"intent-1","coach_id":"coach-1","staged":3,"reconstructed":3,"skipped":0,"failed":0}[39m
[32m[Nest] 4563  - [39m09/25/2026, 4:43:16 AM [32m    LOG[39m [38;5;3m[ScoutReconstructService] [39m[32mscout.reconstruct completed {"intent_id":"intent-1","coach_id":"coach-1","staged":2,"reconstructed":2,"skipped":0,"failed":0}[39m
[32m[Nest] 4563  - [39m09/25/2026, 4:43:16 AM [32m    LOG[39m [38;5;3m[ScoutReconstructService] [39m[32mscout.reconstruct completed {"intent_id":"intent-1","coach_id":"coach-1","staged":2,"reconstructed":2,"skipped":0,"failed":0}[39m
[32m[Nest] 4563  - [39m09/25/2026, 4:43:16 AM [32m    LOG[39m [38;5;3m[ScoutReconstructService] [39m[32mscout.reconstruct completed {"intent_id":"intent-1","coach_id":"coach-1","staged":1,"reconstructed":1,"skipped":0,"failed":0}[39m
[32m[Nest] 4563  - [39m09/25/2026, 4:43:16 AM [32m    LOG[39m [38;5;3m[ScoutReconstructService] [39m[32mscout.reconstruct completed {"intent_id":"intent-1","coach_id":"coach-1","staged":2,"reconstructed":1,"skipped":1,"failed":0}[39m
[33m[Nest] 4563  - [39m09/25/2026, 4:43:16 AM [33m   WARN[39m [38;5;3m[ScoutReconstructService] [39m[33mscout.reconstruct completed with failures {"intent_id":"intent-1","coach_id":"coach-1","staged":3,"reconstructed":2,"skipped":0,"failed":1}[39m
[32m[Nest] 4563  - [39m09/25/2026, 4:43:16 AM [32m    LOG[39m [38;5;3m[ScoutReconstructService] [39m[32mscout.reconstruct completed {"intent_id":"intent-1","coach_id":"coach-1","staged":1,"reconstructed":1,"skipped":0,"failed":0}[39m
[32m[Nest] 4563  - [39m09/25/2026, 4:43:16 AM [32m    LOG[39m [38;5;3m[ScoutReconstructService] [39m[32mscout.reconstruct completed {"intent_id":"intent-1","coach_id":"coach-1","staged":1,"reconstructed":1,"skipped":0,"failed":0}[39m
[32m[Nest] 4563  - [39m09/25/2026, 4:43:16 AM [32m    LOG[39m [38;5;3m[ScoutReconstructService] [39m[32mscout.reconstruct completed {"intent_id":"intent-1","coach_id":"coach-7","staged":1,"reconstructed":1,"skipped":0,"failed":0}[39m
[32m[Nest] 4563  - [39m09/25/2026, 4:43:16 AM [32m    LOG[39m [38;5;3m[ScoutReconstructService] [39m[32mscout.reconstruct completed {"intent_id":"intent-1","coach_id":"coach-1","staged":2,"reconstructed":2,"skipped":0,"failed":0}[39m
[32m[Nest] 4563  - [39m09/25/2026, 4:43:16 AM [32m    LOG[39m [38;5;3m[ScoutReconstructService] [39m[32mscout.reconstruct completed {"intent_id":"intent-1","coach_id":"coach-1","staged":2,"reconstructed":2,"skipped":0,"failed":0}[39m
[32m[Nest] 4563  - [39m09/25/2026, 4:43:16 AM [32m    LOG[39m [38;5;3m[ScoutReconstructService] [39m[32mscout.reconstruct completed {"intent_id":"intent-1","coach_id":"coach-1","staged":1,"reconstructed":1,"skipped":0,"failed":0}[39m
PASS test/scout/reconstruct/native/native-writers.spec.ts
FAIL test/scout/reconstruct/mapping-spec.spec.ts
  ● repository specs — the live sources › TrueCoach `notes` (emitted by the live blueprint) is explicitly unresolved

    expect(received).toEqual(expected) // deep equality

    - Expected  - 2
    + Received  + 2

      Object {
    -   "family": "programs",
    -   "ok": true,
    +   "ok": false,
    +   "reason": "unresolved_family:programs",
      }

      265 |     });
      266 |     for (const family of Object.values(RECONSTRUCT_FAMILY)) {
    > 267 |       expect(resolveStagedFamily(registry, 'truecoach', family)).toEqual({ ok: true, family });
          |                                                                  ^
      268 |     }
      269 |   });
      270 |

      at Object.<anonymous> (test/scout/reconstruct/mapping-spec.spec.ts:267:66)

PASS test/module-graph.spec.ts
FAIL test/scout/reconstruct/mapping-spec.third-source.spec.ts
  ● conformance_beta — registered from data alone › no src TypeScript mentions the new source

    expect(received).toEqual(expected) // deep equality

    - Expected  - 1
    + Received  + 3

    - Array []
    + Array [
    +   "/home/user/workspace/worktrees/64e33dc7-s8c/src/scout/reconstruct/native/native-families.ts",
    + ]

      48 |     };
      49 |     walk(join(__dirname, '../../../src'));
    > 50 |     expect(offenders).toEqual([]);
         |                       ^
      51 |   });
      52 |
      53 |   it('resolves its own step tokens and leaves `messages` explicitly unresolved', () => {

      at Object.<anonymous> (test/scout/reconstruct/mapping-spec.third-source.spec.ts:50:23)

  ● conformance_beta — family layer map() › maps entity links and labels through nested paths and fallbacks

    expect(received).toEqual(expected) // deep equality

    - Expected  - 0
    + Received  + 4

      Object {
        "mapped": Object {
    +     "entity": Object {
            "clientSourceId": "11",
            "label": "Block A",
            "sourcePlatform": "conformance_beta",
    +     },
    +     "mode": "evidence",
    +     "recordNoNativePrincipal": false,
        },
        "ok": true,
      }

      119 |         }),
      120 |       ),
    > 121 |     ).toEqual({
          |       ^
      122 |       ok: true,
      123 |       mapped: {
      124 |         sourcePlatform: PLATFORM,

      at Object.<anonymous> (test/scout/reconstruct/mapping-spec.third-source.spec.ts:121:7)

FAIL test/scout/reconstruct/native/native-rules.spec.ts
  ● Test suite failed to run

    invalid native rule set test: families.workouts.exercises.item.groupKey.kind text is not allowed for this field

      672 |   }
      673 |   if (!allowedKinds.includes(kind as RuleKind)) {
    > 674 |     throw new InvalidNativeRuleSet(origin, `${where}.kind ${kind} is not allowed for this field`);
          |           ^
      675 |   }
      676 |   const paths = parsePaths(obj.paths, origin, where);
      677 |   switch (kind as RuleKind) {

      at parseRule (src/scout/reconstruct/native/native-rules.ts:674:11)
      at parseFieldRules (src/scout/reconstruct/native/native-rules.ts:767:23)
      at parseNativeRuleSet (src/scout/reconstruct/native/native-rules.ts:804:11)
      at Object.<anonymous> (test/scout/reconstruct/native/native-rules.spec.ts:22:48)

[32m[Nest] 4563  - [39m09/25/2026, 4:43:22 AM [32m    LOG[39m [38;5;3m[ScoutReconstructService] [39m[32mscout.reconstruct completed {"intent_id":"intent-1","coach_id":"coach-1","staged":3,"reconstructed":2,"skipped":1,"failed":0}[39m
[32m[Nest] 4563  - [39m09/25/2026, 4:43:22 AM [32m    LOG[39m [38;5;3m[ScoutReconstructService] [39m[32mscout.reconstruct completed {"intent_id":"intent-1","coach_id":"coach-1","staged":1,"reconstructed":1,"skipped":0,"failed":0}[39m
[32m[Nest] 4563  - [39m09/25/2026, 4:43:22 AM [32m    LOG[39m [38;5;3m[ScoutReconstructService] [39m[32mscout.reconstruct completed {"intent_id":"intent-1","coach_id":"coach-1","staged":3,"reconstructed":2,"skipped":1,"failed":0}[39m
FAIL test/scout/reconstruct/conformance-alpha.mapper.spec.ts
  ● conformance_alpha — engine dispatch via the family layer (zero core change) › routes a conformance workouts row through the SAME family map()

    expect(received).toEqual(expected) // deep equality

    - Expected  - 0
    + Received  + 4

      Object {
        "mapped": Object {
    +     "entity": Object {
            "clientSourceId": "m-1",
            "label": "Upper Body A",
            "sourcePlatform": "conformance_alpha",
    +     },
    +     "mode": "evidence",
    +     "recordNoNativePrincipal": false,
        },
        "ok": true,
      }

      279 |     const workouts = families.get(RECONSTRUCT_FAMILY.workouts)!;
      280 |     const [routine] = stagedRows(ROUTINE_PAGES);
    > 281 |     expect(workouts.map(routine)).toEqual({
          |                                   ^
      282 |       ok: true,
      283 |       mapped: { sourcePlatform: 'conformance_alpha', clientSourceId: 'm-1', label: 'Upper Body A' },
      284 |     });

      at Object.<anonymous> (test/scout/reconstruct/conformance-alpha.mapper.spec.ts:281:35)

PASS test/scout/reconstruct/native/engine-handoff.spec.ts
[32m[Nest] 4563  - [39m09/25/2026, 4:43:24 AM [32m    LOG[39m [38;5;3m[ScoutReconstructService] [39m[32mscout.reconstruct completed {"intent_id":"intent-1","coach_id":"coach-a","staged":1,"reconstructed":1,"skipped":0,"failed":0}[39m
[32m[Nest] 4563  - [39m09/25/2026, 4:43:24 AM [32m    LOG[39m [38;5;3m[ScoutReconstructService] [39m[32mscout.reconstruct completed {"intent_id":"intent-1","coach_id":"coach-a","staged":1,"reconstructed":0,"skipped":1,"failed":0}[39m
[32m[Nest] 4563  - [39m09/25/2026, 4:43:24 AM [32m    LOG[39m [38;5;3m[ScoutReconstructService] [39m[32mscout.reconstruct completed {"intent_id":"intent-1","coach_id":"coach-a","staged":1,"reconstructed":1,"skipped":0,"failed":0}[39m
[32m[Nest] 4563  - [39m09/25/2026, 4:43:24 AM [32m    LOG[39m [38;5;3m[ScoutReconstructService] [39m[32mscout.reconstruct completed {"intent_id":"intent-1","coach_id":"coach-a","staged":1,"reconstructed":1,"skipped":0,"failed":0}[39m
[32m[Nest] 4563  - [39m09/25/2026, 4:43:24 AM [32m    LOG[39m [38;5;3m[ScoutReconstructService] [39m[32mscout.reconstruct completed {"intent_id":"intent-1","coach_id":"coach-a","staged":1,"reconstructed":1,"skipped":0,"failed":0}[39m
[32m[Nest] 4563  - [39m09/25/2026, 4:43:24 AM [32m    LOG[39m [38;5;3m[ScoutReconstructService] [39m[32mscout.reconstruct completed {"intent_id":"intent-1","coach_id":"coach-a","staged":1,"reconstructed":0,"skipped":1,"failed":0}[39m
[32m[Nest] 4563  - [39m09/25/2026, 4:43:24 AM [32m    LOG[39m [38;5;3m[ScoutReconstructService] [39m[32mscout.reconstruct completed {"intent_id":"intent-1","coach_id":"coach-a","staged":1,"reconstructed":1,"skipped":0,"failed":0}[39m
[32m[Nest] 4563  - [39m09/25/2026, 4:43:24 AM [32m    LOG[39m [38;5;3m[ScoutReconstructService] [39m[32mscout.reconstruct completed {"intent_id":"intent-1","coach_id":"coach-a","staged":2,"reconstructed":2,"skipped":0,"failed":0}[39m
[33m[Nest] 4563  - [39m09/25/2026, 4:43:24 AM [33m   WARN[39m [38;5;3m[ScoutReconstructService] [39m[33mscout.reconstruct completed with failures {"intent_id":"intent-1","coach_id":"coach-a","staged":1,"reconstructed":0,"skipped":0,"failed":1}[39m
PASS test/scout/entities/scout-entities.contract.spec.ts
FAIL test/scout/reconstruct/native/native-families.spec.ts
  ● family registry (owned wiring) › registers clients, workouts, client_history and programs; legacy families keep the legacy result shape

    setup

      224 |     const history = registry.get('client_history')!;
      225 |     const mapped = history.map(row({ title: 'Ran 5k', client_id: 7 }));
    > 226 |     if (!mapped.ok) throw new Error('setup');
          |                           ^
      227 |     const tx = new FakeNativeTx();
      228 |     await expect(history.persist(tx.asTx(), 'coach-a', 'h-1', mapped.mapped)).resolves.toEqual(
      229 |       expect.any(String),

      at Object.<anonymous> (test/scout/reconstruct/native/native-families.spec.ts:226:27)

PASS test/contracts/importer-contract-extraction.spec.ts
PASS test/scout/g2-s8c-db-guard.spec.ts
PASS test/scout/reconstruct/truecoach-entity.mapper.spec.ts
PASS test/scout/reconstruct/scout-reconstruct.migration.spec.ts
PASS test/scout/entities/scout-entities.controller.spec.ts
FAIL test/scout/reconstruct/source-mapper-registry.spec.ts
  ● family map() — registry-backed dispatch preserves behavior › maps a truecoach workouts row to a canonical value (no regression)

    expect(received).toEqual(expected) // deep equality

    - Expected  - 0
    + Received  + 4

      Object {
        "mapped": Object {
    +     "entity": Object {
            "clientSourceId": "7",
            "label": "Leg Day",
            "sourcePlatform": "truecoach",
    +     },
    +     "mode": "evidence",
    +     "recordNoNativePrincipal": false,
        },
        "ok": true,
      }

      85 |     const workouts = families.get(RECONSTRUCT_FAMILY.workouts)!;
      86 |     const result = workouts.map(row('truecoach', 'w_1', { title: 'Leg Day', client_id: '7' }));
    > 87 |     expect(result).toEqual({
         |                    ^
      88 |       ok: true,
      89 |       mapped: { sourcePlatform: 'truecoach', clientSourceId: '7', label: 'Leg Day' },
      90 |     });

      at Object.<anonymous> (test/scout/reconstruct/source-mapper-registry.spec.ts:87:20)

  ● family map() — registry-backed dispatch preserves behavior › coerces a numeric client_id to string through the seam

    expect(received).toEqual(expected) // deep equality

    - Expected  - 0
    + Received  + 4

      Object {
        "mapped": Object {
    +     "entity": Object {
            "clientSourceId": "42",
            "label": "Push Day",
            "sourcePlatform": "truecoach",
    +     },
    +     "mode": "evidence",
    +     "recordNoNativePrincipal": false,
        },
        "ok": true,
      }

      133 |   it('coerces a numeric client_id to string through the seam', () => {
      134 |     const workouts = families.get(RECONSTRUCT_FAMILY.workouts)!;
    > 135 |     expect(workouts.map(row('truecoach', 'w_2', { title: 'Push Day', client_id: 42 }))).toEqual({
          |                                                                                         ^
      136 |       ok: true,
      137 |       mapped: { sourcePlatform: 'truecoach', clientSourceId: '42', label: 'Push Day' },
      138 |     });

      at Object.<anonymous> (test/scout/reconstruct/source-mapper-registry.spec.ts:135:89)

  ● family map() — registry-backed dispatch preserves behavior › degrades a non-object payload to null fields without throwing (poison-shaped)

    expect(received).toEqual(expected) // deep equality

    - Expected  - 0
    + Received  + 4

      Object {
        "mapped": Object {
    +     "entity": Object {
            "clientSourceId": null,
            "label": null,
            "sourcePlatform": "truecoach",
    +     },
    +     "mode": "evidence",
    +     "recordNoNativePrincipal": false,
        },
        "ok": true,
      }

      144 |     const workouts = families.get(RECONSTRUCT_FAMILY.workouts)!;
      145 |     const arrayPayload: Prisma.JsonValue = [];
    > 146 |     expect(workouts.map(row('truecoach', 'w_3', arrayPayload))).toEqual({
          |                                                                 ^
      147 |       ok: true,
      148 |       mapped: { sourcePlatform: 'truecoach', clientSourceId: null, label: null },
      149 |     });

      at Object.<anonymous> (test/scout/reconstruct/source-mapper-registry.spec.ts:146:65)

PASS test/scout/reconstruct/scout-reconstruct.controller.spec.ts
PASS test/scout/reconstruct/scout-reconstructed-entity.migration.spec.ts
PASS test/scout/reconstruct/truecoach-clients.mapper.spec.ts
PASS test/scout/reconstruct/scout-reconstruct.flag.spec.ts
PASS test/scout/entities/scout-entities.flag.spec.ts

Summary of all failing tests
FAIL test/scout/reconstruct/mapping-spec.equivalence.spec.ts
  ● S8-A interpreter ≡ retired per-source mappers (deep-equal, incl. skip reasons) › family layer map() for workouts deep-equals the 61b93cff dispatch on every row

    expect(received).toEqual(expected) // deep equality

    - Expected  -   1
    + Received  + 157

    - Array []
    + Array [
    +   Object {
    +     "actual": Object {
    +       "mapped": Object {
    +         "entity": Object {
    +           "clientSourceId": null,
    +           "label": "Dana Coach",
    +           "sourcePlatform": "truecoach",
    +         },
    +         "mode": "evidence",
    +         "recordNoNativePrincipal": false,
    +       },
    +       "ok": true,
    +     },
    +     "expected": Object {
    +       "mapped": Object {
    +         "clientSourceId": null,
    +         "label": "Dana Coach",
    +         "sourcePlatform": "truecoach",
    +       },
    +       "ok": true,
    +     },
    +     "row": Object {
    +       "payload": Object {
    +         "email": "dana@example.com",
    +         "id": 7,
    +         "name": "Dana Coach",
    +       },
    +       "source_id": "7",
    +       "source_platform": "truecoach",
    +     },
    +   },
    +   Object {
    +     "actual": Object {
    +       "mapped": Object {
    +         "entity": Object {
    +           "clientSourceId": null,
    +           "label": null,
    +           "sourcePlatform": "conformance_alpha",
    +         },
    +         "mode": "evidence",
    +         "recordNoNativePrincipal": false,
    +       },
    +       "ok": true,
    +     },
    +     "expected": Object {
    +       "mapped": Object {
    +         "clientSourceId": null,
    +         "label": null,
    +         "sourcePlatform": "conformance_alpha",
    +       },
    +       "ok": true,
    +     },
    +     "row": Object {
    +       "payload": Object {
    +         "email": "dana@example.com",
    +         "id": 7,
    +         "name": "Dana Coach",
    +       },
    +       "source_id": "7",
    +       "source_platform": "conformance_alpha",
    +     },
    +   },
    +   Object {
    +     "actual": Object {
    +       "mapped": Object {
    +         "entity": Object {
    +           "clientSourceId": null,
    +           "label": "Dana Coach",
    +           "sourcePlatform": "truecoach",
    +         },
    +         "mode": "evidence",
    +         "recordNoNativePrincipal": false,
    +       },
    +       "ok": true,
    +     },
    +     "expected": Object {
    +       "mapped": Object {
    +         "clientSourceId": null,
    +         "label": "Dana Coach",
    +         "sourcePlatform": "truecoach",
    +       },
    +       "ok": true,
    +     },
    +     "row": Object {
    +       "payload": Object {
    +         "email": "dana@example.com",
    +         "id": 7,
    +         "name": "Dana Coach",
    +       },
    +       "source_id": "  42  ",
    +       "source_platform": "truecoach",
    +     },
    +   },
    +   Object {
    +     "actual": Object {
    +       "mapped": Object {
    +         "entity": Object {
    +           "clientSourceId": null,
    +           "label": null,
    +           "sourcePlatform": "conformance_alpha",
    +         },
    +         "mode": "evidence",
    +         "recordNoNativePrincipal": false,
    +       },
    +       "ok": true,
    +     },
    +     "expected": Object {
    +       "mapped": Object {
    +         "clientSourceId": null,
    +         "label": null,
    +         "sourcePlatform": "conformance_alpha",
    +       },
    +       "ok": true,
    +     },
    +     "row": Object {
    +       "payload": Object {
    +         "email": "dana@example.com",
    +         "id": 7,
    +         "name": "Dana Coach",
    +       },
    +       "source_id": "  42  ",
    +       "source_platform": "conformance_alpha",
    +     },
    +   },
    +   Object {
    +     "actual": Object {
    +       "mapped": Object {
    +         "entity": Object {
    +           "clientSourceId": null,
    +           "label": "Dana Coach",
    +           "sourcePlatform": "truecoach",
    +         },
    +         "mode": "evidence",
    +         "recordNoNativePrincipal": false,
    +       },
    +       "ok": true,
    +     },
    +     "expected": Object {
    +       "mapped": Object {
    +         "clientSourceId": null,
    +         "label": "Dana Coach",
    +         "sourcePlatform": "truecoach",
    +       },
    +       "ok": true,
    +     },
    +     "row": Object {
    +       "payload": Object {
    +         "email": "dana@example.com",
    +         "id": 7,
    +         "name": "Dana Coach",
    +       },
    +       "source_id": "opaque-99",
    +       "source_platform": "truecoach",
    +     },
    +   },
    + ]

      515 |           (row) => legacyFamilyMap(family, row),
      516 |         ),
    > 517 |       ).toEqual([]);
          |         ^
      518 |       // The corpus exercises every legacy skip reason class.
      519 |       const reasons = new Set<string>();
      520 |       for (const row of rows) {

      at Object.<anonymous> (test/scout/reconstruct/mapping-spec.equivalence.spec.ts:517:9)

FAIL test/scout/reconstruct/mapping-spec.spec.ts
  ● repository specs — the live sources › TrueCoach `notes` (emitted by the live blueprint) is explicitly unresolved

    expect(received).toEqual(expected) // deep equality

    - Expected  - 2
    + Received  + 2

      Object {
    -   "family": "programs",
    -   "ok": true,
    +   "ok": false,
    +   "reason": "unresolved_family:programs",
      }

      265 |     });
      266 |     for (const family of Object.values(RECONSTRUCT_FAMILY)) {
    > 267 |       expect(resolveStagedFamily(registry, 'truecoach', family)).toEqual({ ok: true, family });
          |                                                                  ^
      268 |     }
      269 |   });
      270 |

      at Object.<anonymous> (test/scout/reconstruct/mapping-spec.spec.ts:267:66)

FAIL test/scout/reconstruct/mapping-spec.third-source.spec.ts
  ● conformance_beta — registered from data alone › no src TypeScript mentions the new source

    expect(received).toEqual(expected) // deep equality

    - Expected  - 1
    + Received  + 3

    - Array []
    + Array [
    +   "/home/user/workspace/worktrees/64e33dc7-s8c/src/scout/reconstruct/native/native-families.ts",
    + ]

      48 |     };
      49 |     walk(join(__dirname, '../../../src'));
    > 50 |     expect(offenders).toEqual([]);
         |                       ^
      51 |   });
      52 |
      53 |   it('resolves its own step tokens and leaves `messages` explicitly unresolved', () => {

      at Object.<anonymous> (test/scout/reconstruct/mapping-spec.third-source.spec.ts:50:23)

  ● conformance_beta — family layer map() › maps entity links and labels through nested paths and fallbacks

    expect(received).toEqual(expected) // deep equality

    - Expected  - 0
    + Received  + 4

      Object {
        "mapped": Object {
    +     "entity": Object {
            "clientSourceId": "11",
            "label": "Block A",
            "sourcePlatform": "conformance_beta",
    +     },
    +     "mode": "evidence",
    +     "recordNoNativePrincipal": false,
        },
        "ok": true,
      }

      119 |         }),
      120 |       ),
    > 121 |     ).toEqual({
          |       ^
      122 |       ok: true,
      123 |       mapped: {
      124 |         sourcePlatform: PLATFORM,

      at Object.<anonymous> (test/scout/reconstruct/mapping-spec.third-source.spec.ts:121:7)

FAIL test/scout/reconstruct/native/native-rules.spec.ts
  ● Test suite failed to run

    invalid native rule set test: families.workouts.exercises.item.groupKey.kind text is not allowed for this field

      672 |   }
      673 |   if (!allowedKinds.includes(kind as RuleKind)) {
    > 674 |     throw new InvalidNativeRuleSet(origin, `${where}.kind ${kind} is not allowed for this field`);
          |           ^
      675 |   }
      676 |   const paths = parsePaths(obj.paths, origin, where);
      677 |   switch (kind as RuleKind) {

      at parseRule (src/scout/reconstruct/native/native-rules.ts:674:11)
      at parseFieldRules (src/scout/reconstruct/native/native-rules.ts:767:23)
      at parseNativeRuleSet (src/scout/reconstruct/native/native-rules.ts:804:11)
      at Object.<anonymous> (test/scout/reconstruct/native/native-rules.spec.ts:22:48)

FAIL test/scout/reconstruct/conformance-alpha.mapper.spec.ts
  ● conformance_alpha — engine dispatch via the family layer (zero core change) › routes a conformance workouts row through the SAME family map()

    expect(received).toEqual(expected) // deep equality

    - Expected  - 0
    + Received  + 4

      Object {
        "mapped": Object {
    +     "entity": Object {
            "clientSourceId": "m-1",
            "label": "Upper Body A",
            "sourcePlatform": "conformance_alpha",
    +     },
    +     "mode": "evidence",
    +     "recordNoNativePrincipal": false,
        },
        "ok": true,
      }

      279 |     const workouts = families.get(RECONSTRUCT_FAMILY.workouts)!;
      280 |     const [routine] = stagedRows(ROUTINE_PAGES);
    > 281 |     expect(workouts.map(routine)).toEqual({
          |                                   ^
      282 |       ok: true,
      283 |       mapped: { sourcePlatform: 'conformance_alpha', clientSourceId: 'm-1', label: 'Upper Body A' },
      284 |     });

      at Object.<anonymous> (test/scout/reconstruct/conformance-alpha.mapper.spec.ts:281:35)

FAIL test/scout/reconstruct/native/native-families.spec.ts
  ● family registry (owned wiring) › registers clients, workouts, client_history and programs; legacy families keep the legacy result shape

    setup

      224 |     const history = registry.get('client_history')!;
      225 |     const mapped = history.map(row({ title: 'Ran 5k', client_id: 7 }));
    > 226 |     if (!mapped.ok) throw new Error('setup');
          |                           ^
      227 |     const tx = new FakeNativeTx();
      228 |     await expect(history.persist(tx.asTx(), 'coach-a', 'h-1', mapped.mapped)).resolves.toEqual(
      229 |       expect.any(String),

      at Object.<anonymous> (test/scout/reconstruct/native/native-families.spec.ts:226:27)

FAIL test/scout/reconstruct/source-mapper-registry.spec.ts
  ● family map() — registry-backed dispatch preserves behavior › maps a truecoach workouts row to a canonical value (no regression)

    expect(received).toEqual(expected) // deep equality

    - Expected  - 0
    + Received  + 4

      Object {
        "mapped": Object {
    +     "entity": Object {
            "clientSourceId": "7",
            "label": "Leg Day",
            "sourcePlatform": "truecoach",
    +     },
    +     "mode": "evidence",
    +     "recordNoNativePrincipal": false,
        },
        "ok": true,
      }

      85 |     const workouts = families.get(RECONSTRUCT_FAMILY.workouts)!;
      86 |     const result = workouts.map(row('truecoach', 'w_1', { title: 'Leg Day', client_id: '7' }));
    > 87 |     expect(result).toEqual({
         |                    ^
      88 |       ok: true,
      89 |       mapped: { sourcePlatform: 'truecoach', clientSourceId: '7', label: 'Leg Day' },
      90 |     });

      at Object.<anonymous> (test/scout/reconstruct/source-mapper-registry.spec.ts:87:20)

  ● family map() — registry-backed dispatch preserves behavior › coerces a numeric client_id to string through the seam

    expect(received).toEqual(expected) // deep equality

    - Expected  - 0
    + Received  + 4

      Object {
        "mapped": Object {
    +     "entity": Object {
            "clientSourceId": "42",
            "label": "Push Day",
            "sourcePlatform": "truecoach",
    +     },
    +     "mode": "evidence",
    +     "recordNoNativePrincipal": false,
        },
        "ok": true,
      }

      133 |   it('coerces a numeric client_id to string through the seam', () => {
      134 |     const workouts = families.get(RECONSTRUCT_FAMILY.workouts)!;
    > 135 |     expect(workouts.map(row('truecoach', 'w_2', { title: 'Push Day', client_id: 42 }))).toEqual({
          |                                                                                         ^
      136 |       ok: true,
      137 |       mapped: { sourcePlatform: 'truecoach', clientSourceId: '42', label: 'Push Day' },
      138 |     });

      at Object.<anonymous> (test/scout/reconstruct/source-mapper-registry.spec.ts:135:89)

  ● family map() — registry-backed dispatch preserves behavior › degrades a non-object payload to null fields without throwing (poison-shaped)

    expect(received).toEqual(expected) // deep equality

    - Expected  - 0
    + Received  + 4

      Object {
        "mapped": Object {
    +     "entity": Object {
            "clientSourceId": null,
            "label": null,
            "sourcePlatform": "truecoach",
    +     },
    +     "mode": "evidence",
    +     "recordNoNativePrincipal": false,
        },
        "ok": true,
      }

      144 |     const workouts = families.get(RECONSTRUCT_FAMILY.workouts)!;
      145 |     const arrayPayload: Prisma.JsonValue = [];
    > 146 |     expect(workouts.map(row('truecoach', 'w_3', arrayPayload))).toEqual({
          |                                                                 ^
      147 |       ok: true,
      148 |       mapped: { sourcePlatform: 'truecoach', clientSourceId: null, label: null },
      149 |     });

      at Object.<anonymous> (test/scout/reconstruct/source-mapper-registry.spec.ts:146:65)


Test Suites: 7 failed, 19 passed, 26 total
Tests:       9 failed, 472 passed, 481 total
Snapshots:   0 total
Time:        82.905 s
Ran all test suites matching test/scout/reconstruct/|test/scout/entities/|test/scout/g2-s8c-db-guard|test/contracts/importer-contract|test/module-graph.
