2026-09-27 21:23:15.426 UTC [3830] LOG:  starting PostgreSQL 17.6 on x86_64-pc-linux-gnu, compiled by gcc (Ubuntu 7.5.0-3ubuntu1~18.04) 7.5.0, 64-bit
2026-09-27 21:23:15.426 UTC [3830] LOG:  listening on IPv4 address "127.0.0.1", port 55650
2026-09-27 21:23:15.426 UTC [3830] LOG:  listening on Unix socket "/home/runner/work/_temp/lane-s10b-rls-s10b-s10c-3665/s/.s.PGSQL.55650"
2026-09-27 21:23:15.427 UTC [3833] LOG:  database system was shut down at 2026-09-27 21:23:15 UTC
2026-09-27 21:23:15.429 UTC [3830] LOG:  database system is ready to accept connections
2026-09-27 21:25:00.437 UTC [5222] ERROR:  permission denied for table ScoutRunDeclaration
2026-09-27 21:25:00.437 UTC [5222] STATEMENT:  SELECT count(*) FROM "ScoutRunDeclaration"
2026-09-27 21:25:00.459 UTC [5224] ERROR:  permission denied for table ScoutRunDeclaration
2026-09-27 21:25:00.459 UTC [5224] STATEMENT:  SELECT count(*) FROM "ScoutRunDeclaration"
2026-09-27 21:25:00.480 UTC [5226] ERROR:  permission denied for table ScoutRunObservation
2026-09-27 21:25:00.480 UTC [5226] STATEMENT:  SELECT count(*) FROM "ScoutRunObservation"
2026-09-27 21:25:00.502 UTC [5228] ERROR:  permission denied for table ScoutRunObservation
2026-09-27 21:25:00.502 UTC [5228] STATEMENT:  SELECT count(*) FROM "ScoutRunObservation"
2026-09-27 21:25:00.523 UTC [5230] ERROR:  permission denied for table ScoutRunSettledBasis
2026-09-27 21:25:00.523 UTC [5230] STATEMENT:  SELECT count(*) FROM "ScoutRunSettledBasis"
2026-09-27 21:25:00.544 UTC [5232] ERROR:  permission denied for table ScoutRunSettledBasis
2026-09-27 21:25:00.544 UTC [5232] STATEMENT:  SELECT count(*) FROM "ScoutRunSettledBasis"
2026-09-27 21:25:00.566 UTC [5234] ERROR:  permission denied for table ScoutRunDeclaration
2026-09-27 21:25:00.566 UTC [5234] STATEMENT:  INSERT INTO "ScoutRunDeclaration" (coach_id,intent_id,source_platform,account_scope_id_digest,challenge,declared_at)
	    VALUES ('coach','4c3f67d9-3b7d-458a-94aa-abfd65f10b08','synthetic-src-b',
	      encode(digest('synthetic-scope-1','sha256'),'hex'),decode(repeat('07',32),'hex'),
	      '2026-09-26 00:00:00')
2026-09-27 21:25:00.731 UTC [5248] ERROR:  insert or update on table "ScoutRunDeclaration" violates foreign key constraint "ScoutRunDeclaration_coach_id_intent_id_fkey"
2026-09-27 21:25:00.731 UTC [5248] DETAIL:  Key (coach_id, intent_id)=(other-coach, 8748fc69-fe3d-4dde-a9d1-baa65b127d69) is not present in table "ScoutImport".
2026-09-27 21:25:00.731 UTC [5248] STATEMENT:  INSERT INTO "ScoutRunDeclaration" (coach_id,intent_id,source_platform,account_scope_id_digest,challenge,declared_at)
	    VALUES ('other-coach','8748fc69-fe3d-4dde-a9d1-baa65b127d69','synthetic-src-a',
	      encode(digest('synthetic-scope-1','sha256'),'hex'),decode(repeat('07',32),'hex'),
	      '2026-09-26 00:00:00')
2026-09-27 21:25:00.754 UTC [5250] ERROR:  insert or update on table "ScoutRunObservation" violates foreign key constraint "ScoutRunObservation_coach_id_intent_id_fkey"
2026-09-27 21:25:00.754 UTC [5250] DETAIL:  Key (coach_id, intent_id)=(other-coach, 8748fc69-fe3d-4dde-a9d1-baa65b127d69) is not present in table "ScoutImport".
2026-09-27 21:25:00.754 UTC [5250] STATEMENT:  INSERT INTO "ScoutRunObservation" (id,coach_id,intent_id,execution_epoch,source_platform,account_scope_id_digest,
	      family,basis_kind,evidence,evidence_digest,received_at)
	    VALUES (gen_random_uuid()::text,'other-coach','8748fc69-fe3d-4dde-a9d1-baa65b127d69',1,'synthetic-src-a',
	      encode(digest('synthetic-scope-1','sha256'),'hex'),'clients','source_signed_enumeration',
	      '{"evidence_version":1}'::jsonb,encode(digest('synthetic-evidence','sha256'),'hex'),'2026-09-26 00:00:00')
2026-09-27 21:25:00.777 UTC [5252] ERROR:  insert or update on table "ScoutRunSettledBasis" violates foreign key constraint "ScoutRunSettledBasis_coach_id_intent_id_fkey"
2026-09-27 21:25:00.777 UTC [5252] DETAIL:  Key (coach_id, intent_id)=(other-coach, 8748fc69-fe3d-4dde-a9d1-baa65b127d69) is not present in table "ScoutImport".
2026-09-27 21:25:00.777 UTC [5252] STATEMENT:  INSERT INTO "ScoutRunSettledBasis" (coach_id,intent_id,execution_epoch,report_version,report,observation_digests,settled_at)
	    VALUES ('other-coach','8748fc69-fe3d-4dde-a9d1-baa65b127d69',1,1,'{}'::jsonb,ARRAY[encode(digest('synthetic-evidence','sha256'),'hex')],'2026-09-26 00:00:00')
2026-09-27 21:25:00.804 UTC [5254] ERROR:  insert or update on table "ScoutRunObservation" violates foreign key constraint "ScoutRunObservation_declaration_fkey"
2026-09-27 21:25:00.804 UTC [5254] DETAIL:  Key (coach_id, intent_id, source_platform, account_scope_id_digest)=(coach, 8748fc69-fe3d-4dde-a9d1-baa65b127d69, synthetic-src-b, 92931c14ca0d532d778df624c261f6298f778663ccfc6ad704f774833c7491b3) is not present in table "ScoutRunDeclaration".
2026-09-27 21:25:00.804 UTC [5254] STATEMENT:  INSERT INTO "ScoutRunObservation" (id,coach_id,intent_id,execution_epoch,source_platform,account_scope_id_digest,
	      family,basis_kind,evidence,evidence_digest,received_at)
	    VALUES (gen_random_uuid()::text,'coach','8748fc69-fe3d-4dde-a9d1-baa65b127d69',1,'synthetic-src-b',
	      encode(digest('synthetic-scope-1','sha256'),'hex'),'clients','source_signed_enumeration',
	      '{"evidence_version":1}'::jsonb,encode(digest('synthetic-evidence','sha256'),'hex'),'2026-09-26 00:00:00')
2026-09-27 21:25:00.921 UTC [5264] ERROR:  permission denied for table ScoutRunDeclaration
2026-09-27 21:25:00.921 UTC [5264] STATEMENT:  UPDATE "ScoutRunDeclaration" SET coach_id=coach_id
2026-09-27 21:25:00.942 UTC [5266] ERROR:  permission denied for table ScoutRunDeclaration
2026-09-27 21:25:00.942 UTC [5266] STATEMENT:  DELETE FROM "ScoutRunDeclaration"
2026-09-27 21:25:00.964 UTC [5268] ERROR:  G2-S10B insert-only: UPDATE on ScoutRunDeclaration refused
2026-09-27 21:25:00.964 UTC [5268] CONTEXT:  PL/pgSQL function public.scout_run_observation_insert_only() line 4 at RAISE
2026-09-27 21:25:00.964 UTC [5268] STATEMENT:  UPDATE "ScoutRunDeclaration" SET coach_id=coach_id
2026-09-27 21:25:00.985 UTC [5270] ERROR:  G2-S10B insert-only: DELETE on ScoutRunDeclaration refused
2026-09-27 21:25:00.985 UTC [5270] CONTEXT:  PL/pgSQL function public.scout_run_observation_insert_only() line 4 at RAISE
2026-09-27 21:25:00.985 UTC [5270] STATEMENT:  DELETE FROM "ScoutRunDeclaration"
2026-09-27 21:25:01.006 UTC [5272] ERROR:  cannot truncate a table referenced in a foreign key constraint
2026-09-27 21:25:01.006 UTC [5272] DETAIL:  Table "ScoutRunObservation" references "ScoutRunDeclaration".
2026-09-27 21:25:01.006 UTC [5272] HINT:  Truncate table "ScoutRunObservation" at the same time, or use TRUNCATE ... CASCADE.
2026-09-27 21:25:01.006 UTC [5272] STATEMENT:  TRUNCATE "ScoutRunDeclaration"
2026-09-27 21:25:01.048 UTC [5276] ERROR:  permission denied for table ScoutRunObservation
2026-09-27 21:25:01.048 UTC [5276] STATEMENT:  UPDATE "ScoutRunObservation" SET coach_id=coach_id
2026-09-27 21:25:01.069 UTC [5278] ERROR:  permission denied for table ScoutRunObservation
2026-09-27 21:25:01.069 UTC [5278] STATEMENT:  DELETE FROM "ScoutRunObservation"
2026-09-27 21:25:01.091 UTC [5280] ERROR:  G2-S10B insert-only: UPDATE on ScoutRunObservation refused
2026-09-27 21:25:01.091 UTC [5280] CONTEXT:  PL/pgSQL function public.scout_run_observation_insert_only() line 4 at RAISE
2026-09-27 21:25:01.091 UTC [5280] STATEMENT:  UPDATE "ScoutRunObservation" SET coach_id=coach_id
2026-09-27 21:25:01.113 UTC [5282] ERROR:  G2-S10B insert-only: DELETE on ScoutRunObservation refused
2026-09-27 21:25:01.113 UTC [5282] CONTEXT:  PL/pgSQL function public.scout_run_observation_insert_only() line 4 at RAISE
2026-09-27 21:25:01.113 UTC [5282] STATEMENT:  DELETE FROM "ScoutRunObservation"
2026-09-27 21:25:01.135 UTC [5284] ERROR:  G2-S10B insert-only: TRUNCATE on ScoutRunObservation refused
2026-09-27 21:25:01.135 UTC [5284] CONTEXT:  PL/pgSQL function public.scout_run_observation_insert_only() line 4 at RAISE
2026-09-27 21:25:01.135 UTC [5284] STATEMENT:  TRUNCATE "ScoutRunObservation"
2026-09-27 21:25:01.183 UTC [5288] ERROR:  permission denied for table ScoutRunSettledBasis
2026-09-27 21:25:01.183 UTC [5288] STATEMENT:  UPDATE "ScoutRunSettledBasis" SET coach_id=coach_id
2026-09-27 21:25:01.205 UTC [5290] ERROR:  permission denied for table ScoutRunSettledBasis
2026-09-27 21:25:01.205 UTC [5290] STATEMENT:  DELETE FROM "ScoutRunSettledBasis"
2026-09-27 21:25:01.228 UTC [5292] ERROR:  G2-S10B insert-only: UPDATE on ScoutRunSettledBasis refused
2026-09-27 21:25:01.228 UTC [5292] CONTEXT:  PL/pgSQL function public.scout_run_observation_insert_only() line 4 at RAISE
2026-09-27 21:25:01.228 UTC [5292] STATEMENT:  UPDATE "ScoutRunSettledBasis" SET coach_id=coach_id
2026-09-27 21:25:01.251 UTC [5294] ERROR:  G2-S10B insert-only: DELETE on ScoutRunSettledBasis refused
2026-09-27 21:25:01.251 UTC [5294] CONTEXT:  PL/pgSQL function public.scout_run_observation_insert_only() line 4 at RAISE
2026-09-27 21:25:01.251 UTC [5294] STATEMENT:  DELETE FROM "ScoutRunSettledBasis"
2026-09-27 21:25:01.274 UTC [5296] ERROR:  G2-S10B insert-only: TRUNCATE on ScoutRunSettledBasis refused
2026-09-27 21:25:01.274 UTC [5296] CONTEXT:  PL/pgSQL function public.scout_run_observation_insert_only() line 4 at RAISE
2026-09-27 21:25:01.274 UTC [5296] STATEMENT:  TRUNCATE "ScoutRunSettledBasis"
2026-09-27 21:25:01.416 UTC [5308] ERROR:  permission denied for table ScoutRunObservation
2026-09-27 21:25:01.416 UTC [5308] CONTEXT:  SQL statement "DELETE FROM public."ScoutRunObservation""
	PL/pgSQL function g2_s10b_probe_delete() line 2 at SQL statement
2026-09-27 21:25:01.416 UTC [5308] STATEMENT:  INSERT INTO public.g2_s10b_probe VALUES (1);
2026-09-27 21:25:01.802 UTC [5342] ERROR:  G2-S10B declaration challenge differs within one run
2026-09-27 21:25:01.802 UTC [5342] CONTEXT:  PL/pgSQL function public.scout_run_declaration_one_challenge() line 11 at RAISE
2026-09-27 21:25:01.802 UTC [5342] STATEMENT:  INSERT INTO "ScoutRunDeclaration" (coach_id,intent_id,source_platform,account_scope_id_digest,challenge,declared_at)
	    VALUES ('other-coach','7dd3cb8d-709a-4f41-a5ec-39259d760af2','synthetic-src-b',
	      encode(digest('synthetic-scope-1','sha256'),'hex'),decode(repeat('08',32),'hex'),
	      '2026-09-26 00:00:00')
2026-09-27 21:25:01.825 UTC [5344] ERROR:  G2-S10B declaration challenge differs within one run
2026-09-27 21:25:01.825 UTC [5344] CONTEXT:  PL/pgSQL function public.scout_run_declaration_one_challenge() line 11 at RAISE
2026-09-27 21:25:01.825 UTC [5344] STATEMENT:  INSERT INTO "ScoutRunDeclaration" (coach_id,intent_id,source_platform,account_scope_id_digest,challenge,declared_at)
	    VALUES ('other-coach','7dd3cb8d-709a-4f41-a5ec-39259d760af2','synthetic-src-b',
	      encode(digest('synthetic-scope-1','sha256'),'hex'),decode(repeat('07',32),'hex'),
	      '2026-09-26 00:00:01')
2026-09-27 21:25:01.984 UTC [5358] ERROR:  new row for relation "ScoutRunDeclaration" violates check constraint "ScoutRunDeclaration_scope_digest_check"
2026-09-27 21:25:01.984 UTC [5358] DETAIL:  Failing row contains (coach, 98638106-0cc0-4ede-bc01-901ef1a2f9eb, synthetic-src-a, raw-account-id, \x07070707070707070707070707070707070707070707070707070707070707..., 2026-09-26 00:00:00).
2026-09-27 21:25:01.984 UTC [5358] STATEMENT:  INSERT INTO "ScoutRunDeclaration" (coach_id,intent_id,source_platform,account_scope_id_digest,challenge,declared_at)
	    VALUES ('coach','98638106-0cc0-4ede-bc01-901ef1a2f9eb','synthetic-src-a',
	      'raw-account-id',decode(repeat('07',32),'hex'),
	      '2026-09-26 00:00:00')
2026-09-27 21:25:02.009 UTC [5363] ERROR:  new row for relation "ScoutRunDeclaration" violates check constraint "ScoutRunDeclaration_challenge_check"
2026-09-27 21:25:02.009 UTC [5363] DETAIL:  Failing row contains (coach, 98638106-0cc0-4ede-bc01-901ef1a2f9eb, synthetic-src-a, 92931c14ca0d532d778df624c261f6298f778663ccfc6ad704f774833c7491b3, \x00, 2026-09-26 00:00:00).
2026-09-27 21:25:02.009 UTC [5363] STATEMENT:  INSERT INTO "ScoutRunDeclaration" (coach_id,intent_id,source_platform,account_scope_id_digest,challenge,declared_at)
	    VALUES ('coach','98638106-0cc0-4ede-bc01-901ef1a2f9eb','synthetic-src-a',
	      encode(digest('synthetic-scope-1','sha256'),'hex'),decode('00','hex'),
	      '2026-09-26 00:00:00')
2026-09-27 21:25:02.060 UTC [5367] ERROR:  new row for relation "ScoutRunObservation" violates check constraint "ScoutRunObservation_family_check"
2026-09-27 21:25:02.060 UTC [5367] DETAIL:  Failing row contains (a721fee8-165d-454f-9a3c-2f4ac77c9106, coach, 98638106-0cc0-4ede-bc01-901ef1a2f9eb, 1, synthetic-src-a, 92931c14ca0d532d778df624c261f6298f778663ccfc6ad704f774833c7491b3, notes, source_signed_enumeration, {"evidence_version": 1}, 3c5763d016c26246a8b8906f3eacf399cb980b20b7efd076acc4435ffd307789, 2026-09-26 00:00:00).
2026-09-27 21:25:02.060 UTC [5367] STATEMENT:  INSERT INTO "ScoutRunObservation" (id,coach_id,intent_id,execution_epoch,source_platform,account_scope_id_digest,
	      family,basis_kind,evidence,evidence_digest,received_at)
	    VALUES (gen_random_uuid()::text,'coach','98638106-0cc0-4ede-bc01-901ef1a2f9eb',1,'synthetic-src-a',
	      encode(digest('synthetic-scope-1','sha256'),'hex'),'notes','source_signed_enumeration',
	      '{"evidence_version":1}'::jsonb,encode(digest('synthetic-evidence','sha256'),'hex'),'2026-09-26 00:00:00')
2026-09-27 21:25:02.082 UTC [5369] ERROR:  new row for relation "ScoutRunObservation" violates check constraint "ScoutRunObservation_epoch_check"
2026-09-27 21:25:02.082 UTC [5369] DETAIL:  Failing row contains (f5486b98-4a48-4c94-970a-dc48fbb2d9e2, coach, 98638106-0cc0-4ede-bc01-901ef1a2f9eb, 0, synthetic-src-a, 92931c14ca0d532d778df624c261f6298f778663ccfc6ad704f774833c7491b3, clients, source_signed_enumeration, {"evidence_version": 1}, 3c5763d016c26246a8b8906f3eacf399cb980b20b7efd076acc4435ffd307789, 2026-09-26 00:00:00).
2026-09-27 21:25:02.082 UTC [5369] STATEMENT:  INSERT INTO "ScoutRunObservation" (id,coach_id,intent_id,execution_epoch,source_platform,account_scope_id_digest,
	      family,basis_kind,evidence,evidence_digest,received_at)
	    VALUES (gen_random_uuid()::text,'coach','98638106-0cc0-4ede-bc01-901ef1a2f9eb',0,'synthetic-src-a',
	      encode(digest('synthetic-scope-1','sha256'),'hex'),'clients','source_signed_enumeration',
	      '{"evidence_version":1}'::jsonb,encode(digest('synthetic-evidence','sha256'),'hex'),'2026-09-26 00:00:00')
2026-09-27 21:25:02.105 UTC [5371] ERROR:  new row for relation "ScoutRunObservation" violates check constraint "ScoutRunObservation_evidence_digest_check"
2026-09-27 21:25:02.105 UTC [5371] DETAIL:  Failing row contains (c28670c4-c04a-432e-8dcf-c62fa798619d, coach, 98638106-0cc0-4ede-bc01-901ef1a2f9eb, 1, synthetic-src-a, 92931c14ca0d532d778df624c261f6298f778663ccfc6ad704f774833c7491b3, clients, source_signed_enumeration, {"evidence_version": 1}, not-hex                                                         , 2026-09-26 00:00:00).
2026-09-27 21:25:02.105 UTC [5371] STATEMENT:  INSERT INTO "ScoutRunObservation" (id,coach_id,intent_id,execution_epoch,source_platform,account_scope_id_digest,
	      family,basis_kind,evidence,evidence_digest,received_at)
	    VALUES (gen_random_uuid()::text,'coach','98638106-0cc0-4ede-bc01-901ef1a2f9eb',1,'synthetic-src-a',
	      encode(digest('synthetic-scope-1','sha256'),'hex'),'clients','source_signed_enumeration',
	      '{"evidence_version":1}'::jsonb,'not-hex','2026-09-26 00:00:00')
2026-09-27 21:25:25.828 UTC [5935] ERROR:  Run declaration or observation state exists; retain schema and use compatible forward repair
2026-09-27 21:25:25.828 UTC [5935] CONTEXT:  PL/pgSQL function inline_code_block line 50 at RAISE
2026-09-27 21:25:25.828 UTC [5935] STATEMENT:  DO $$
	BEGIN
	  -- S10-B exactly as shipped. Presence is tested first (by name, no regclass cast) so a pre-S10-B
	  -- database or a rerun receives this fixed text, not a raw undefined-table error; the table
	  -- locks are taken only once the relations are known to exist.
	  IF (
	    SELECT count(*) FROM pg_catalog.pg_class t
	    WHERE t.oid IN (to_regclass('public."ScoutRunDeclaration"'), to_regclass('public."ScoutRunObservation"'),
	                    to_regclass('public."ScoutRunSettledBasis"'))
	      AND t.relkind = 'r' AND t.relrowsecurity AND t.relforcerowsecurity
	  ) <> 3 OR to_regprocedure('public.scout_run_observation_insert_only()') IS NULL
	    OR to_regprocedure('public.scout_run_declaration_one_challenge()') IS NULL THEN
	    RAISE EXCEPTION 'G2-S10B observation tables absent';
	  END IF;
	  LOCK TABLE public."ScoutRunObservation", public."ScoutRunDeclaration", public."ScoutRunSettledBasis"
	    IN ACCESS EXCLUSIVE MODE;
	  IF (
	    SELECT count(*) FROM pg_catalog.pg_constraint c
	    WHERE c.contype = 'f' AND c.convalidated
	      AND c.confrelid IN (to_regclass('public."ScoutImport"'), to_regclass('public."ScoutRunDeclaration"'))
	      AND c.conname IN ('ScoutRunDeclaration_coach_id_intent_id_fkey', 'ScoutRunObservation_coach_id_intent_id_fkey',
	                        'ScoutRunObservation_declaration_fkey', 'ScoutRunSettledBasis_coach_id_intent_id_fkey')
	  ) <> 4 OR NOT EXISTS (
	    SELECT 1 FROM pg_catalog.pg_index i
	    WHERE i.indexrelid = to_regclass('public."ScoutRunObservation_unit_key"')
	      AND i.indrelid = 'public."ScoutRunObservation"'::regclass
	      AND i.indisunique AND i.indisvalid AND i.indpred IS NULL
	      AND pg_get_indexdef(i.indexrelid) =
	        'CREATE UNIQUE INDEX "ScoutRunObservation_unit_key" ON public."ScoutRunObservation" USING btree (coach_id, intent_id, execution_epoch, source_platform, account_scope_id_digest, family)'
	  ) OR (
	    SELECT count(*) FROM pg_catalog.pg_trigger g
	    WHERE NOT g.tgisinternal
	      AND g.tgrelid IN ('public."ScoutRunDeclaration"'::regclass, 'public."ScoutRunObservation"'::regclass,
	                        'public."ScoutRunSettledBasis"'::regclass)
	      AND g.tgname IN ('ScoutRunDeclaration_one_challenge', 'ScoutRunDeclaration_insert_only',
	                       'ScoutRunDeclaration_no_truncate', 'ScoutRunObservation_insert_only',
	                       'ScoutRunObservation_no_truncate', 'ScoutRunSettledBasis_insert_only',
	                       'ScoutRunSettledBasis_no_truncate')
	  ) <> 7 OR (
	    SELECT count(*) FROM pg_catalog.pg_policy p
	    WHERE p.polrelid IN ('public."ScoutRunDeclaration"'::regclass, 'public."ScoutRunObservation"'::regclass,
	                         'public."ScoutRunSettledBasis"'::regclass)
	  ) <> 9 THEN
	    RAISE EXCEPTION 'G2-S10B observation tables absent';
	  END IF;
	  -- Refuse to erase recorded S10 facts. Fixed, identifier-free text; nothing is named.
	  IF EXISTS (SELECT 1 FROM public."ScoutRunDeclaration")
	    OR EXISTS (SELECT 1 FROM public."ScoutRunObservation")
	    OR EXISTS (SELECT 1 FROM public."ScoutRunSettledBasis") THEN
	    RAISE EXCEPTION 'Run declaration or observation state exists; retain schema and use compatible forward repair';
	  END IF;
	END $$;
2026-09-27 21:25:26.018 UTC [5951] ERROR:  G2-S10B observation tables absent
2026-09-27 21:25:26.018 UTC [5951] CONTEXT:  PL/pgSQL function inline_code_block line 13 at RAISE
2026-09-27 21:25:26.018 UTC [5951] STATEMENT:  DO $$
	BEGIN
	  -- S10-B exactly as shipped. Presence is tested first (by name, no regclass cast) so a pre-S10-B
	  -- database or a rerun receives this fixed text, not a raw undefined-table error; the table
	  -- locks are taken only once the relations are known to exist.
	  IF (
	    SELECT count(*) FROM pg_catalog.pg_class t
	    WHERE t.oid IN (to_regclass('public."ScoutRunDeclaration"'), to_regclass('public."ScoutRunObservation"'),
	                    to_regclass('public."ScoutRunSettledBasis"'))
	      AND t.relkind = 'r' AND t.relrowsecurity AND t.relforcerowsecurity
	  ) <> 3 OR to_regprocedure('public.scout_run_observation_insert_only()') IS NULL
	    OR to_regprocedure('public.scout_run_declaration_one_challenge()') IS NULL THEN
	    RAISE EXCEPTION 'G2-S10B observation tables absent';
	  END IF;
	  LOCK TABLE public."ScoutRunObservation", public."ScoutRunDeclaration", public."ScoutRunSettledBasis"
	    IN ACCESS EXCLUSIVE MODE;
	  IF (
	    SELECT count(*) FROM pg_catalog.pg_constraint c
	    WHERE c.contype = 'f' AND c.convalidated
	      AND c.confrelid IN (to_regclass('public."ScoutImport"'), to_regclass('public."ScoutRunDeclaration"'))
	      AND c.conname IN ('ScoutRunDeclaration_coach_id_intent_id_fkey', 'ScoutRunObservation_coach_id_intent_id_fkey',
	                        'ScoutRunObservation_declaration_fkey', 'ScoutRunSettledBasis_coach_id_intent_id_fkey')
	  ) <> 4 OR NOT EXISTS (
	    SELECT 1 FROM pg_catalog.pg_index i
	    WHERE i.indexrelid = to_regclass('public."ScoutRunObservation_unit_key"')
	      AND i.indrelid = 'public."ScoutRunObservation"'::regclass
	      AND i.indisunique AND i.indisvalid AND i.indpred IS NULL
	      AND pg_get_indexdef(i.indexrelid) =
	        'CREATE UNIQUE INDEX "ScoutRunObservation_unit_key" ON public."ScoutRunObservation" USING btree (coach_id, intent_id, execution_epoch, source_platform, account_scope_id_digest, family)'
	  ) OR (
	    SELECT count(*) FROM pg_catalog.pg_trigger g
	    WHERE NOT g.tgisinternal
	      AND g.tgrelid IN ('public."ScoutRunDeclaration"'::regclass, 'public."ScoutRunObservation"'::regclass,
	                        'public."ScoutRunSettledBasis"'::regclass)
	      AND g.tgname IN ('ScoutRunDeclaration_one_challenge', 'ScoutRunDeclaration_insert_only',
	                       'ScoutRunDeclaration_no_truncate', 'ScoutRunObservation_insert_only',
	                       'ScoutRunObservation_no_truncate', 'ScoutRunSettledBasis_insert_only',
	                       'ScoutRunSettledBasis_no_truncate')
	  ) <> 7 OR (
	    SELECT count(*) FROM pg_catalog.pg_policy p
	    WHERE p.polrelid IN ('public."ScoutRunDeclaration"'::regclass, 'public."ScoutRunObservation"'::regclass,
	                         'public."ScoutRunSettledBasis"'::regclass)
	  ) <> 9 THEN
	    RAISE EXCEPTION 'G2-S10B observation tables absent';
	  END IF;
	  -- Refuse to erase recorded S10 facts. Fixed, identifier-free text; nothing is named.
	  IF EXISTS (SELECT 1 FROM public."ScoutRunDeclaration")
	    OR EXISTS (SELECT 1 FROM public."ScoutRunObservation")
	    OR EXISTS (SELECT 1 FROM public."ScoutRunSettledBasis") THEN
	    RAISE EXCEPTION 'Run declaration or observation state exists; retain schema and use compatible forward repair';
	  END IF;
	END $$;
2026-09-27 21:25:26.144 UTC [5961] ERROR:  G2-S10B observation tables already present
2026-09-27 21:25:26.144 UTC [5961] CONTEXT:  PL/pgSQL function inline_code_block line 48 at RAISE
2026-09-27 21:25:26.144 UTC [5961] STATEMENT:  DO $$
	BEGIN
	  -- Accepted run identity: the (coach_id, intent_id) key on an RLS-forced table, exactly as shipped.
	  IF NOT EXISTS (
	    SELECT 1 FROM pg_catalog.pg_index i
	    JOIN pg_catalog.pg_class t ON t.oid = i.indrelid
	    WHERE i.indexrelid = to_regclass('public."ScoutImport_coach_id_intent_id_key"')
	      AND i.indrelid = to_regclass('public."ScoutImport"')
	      AND t.relkind = 'r' AND t.relrowsecurity AND t.relforcerowsecurity
	      AND i.indisunique AND i.indisvalid AND i.indisready AND i.indimmediate
	      AND i.indnkeyatts = i.indnatts AND i.indpred IS NULL AND i.indexprs IS NULL
	      AND pg_get_indexdef(i.indexrelid) =
	        'CREATE UNIQUE INDEX "ScoutImport_coach_id_intent_id_key" ON public."ScoutImport" USING btree (coach_id, intent_id)'
	  ) THEN
	    RAISE EXCEPTION 'G2-S10B unexpected run identity prerequisite';
	  END IF;
	  -- Run key columns exactly as shipped, and S7-L1's epoch (the observation binding) present.
	  IF NOT EXISTS (
	    SELECT 1 FROM pg_catalog.pg_attribute a
	    WHERE a.attrelid = 'public."ScoutImport"'::regclass AND a.attname = 'coach_id'
	      AND NOT a.attisdropped AND a.atttypid = 'text'::regtype AND a.attnotnull
	  ) OR NOT EXISTS (
	    SELECT 1 FROM pg_catalog.pg_attribute a
	    WHERE a.attrelid = 'public."ScoutImport"'::regclass AND a.attname = 'intent_id'
	      AND NOT a.attisdropped AND a.atttypid = 'text'::regtype AND a.attnotnull
	  ) OR NOT EXISTS (
	    SELECT 1 FROM pg_catalog.pg_attribute a
	    WHERE a.attrelid = 'public."ScoutImport"'::regclass AND a.attname = 'execution_epoch'
	      AND NOT a.attisdropped AND a.atttypid = 'int4'::regtype AND a.attnotnull
	  ) THEN
	    RAISE EXCEPTION 'G2-S10B unexpected run column prerequisite';
	  END IF;
	  -- Nothing this file creates may already exist under its name: refused, never dropped or adopted.
	  IF to_regclass('public."ScoutRunDeclaration"') IS NOT NULL
	    OR to_regclass('public."ScoutRunObservation"') IS NOT NULL
	    OR to_regclass('public."ScoutRunSettledBasis"') IS NOT NULL
	    OR to_regclass('public."ScoutRunDeclaration_pkey"') IS NOT NULL
	    OR to_regclass('public."ScoutRunObservation_pkey"') IS NOT NULL
	    OR to_regclass('public."ScoutRunObservation_unit_key"') IS NOT NULL
	    OR to_regclass('public."ScoutRunSettledBasis_pkey"') IS NOT NULL
	    OR to_regprocedure('public.scout_run_observation_insert_only()') IS NOT NULL
	    OR to_regprocedure('public.scout_run_declaration_one_challenge()') IS NOT NULL
	    OR EXISTS (
	      SELECT 1 FROM pg_catalog.pg_constraint
	      WHERE connamespace = 'public'::regnamespace
	        AND conname LIKE ANY (ARRAY['ScoutRunDeclaration\_%', 'ScoutRunObservation\_%', 'ScoutRunSettledBasis\_%'])
	    ) THEN
	    RAISE EXCEPTION 'G2-S10B observation tables already present';
	  END IF;
	END $$;
2026-09-27 21:26:08.411 UTC [6521] ERROR:  duplicate key value violates unique constraint "ScoutImportCompletion_coach_id_intent_id_key"
2026-09-27 21:26:08.411 UTC [6521] DETAIL:  Key (coach_id, intent_id)=(coach, 92eee3d7-e2d3-4318-93ce-27e9fdb7b2f0) already exists.
2026-09-27 21:26:08.411 UTC [6521] STATEMENT:  INSERT INTO "public"."ScoutImportCompletion" ("id","coach_id","intent_id","terminal_status","completed_at") VALUES ($1,$2,$3,$4,$5) RETURNING "public"."ScoutImportCompletion"."id", "public"."ScoutImportCompletion"."coach_id", "public"."ScoutImportCompletion"."intent_id", "public"."ScoutImportCompletion"."terminal_status", "public"."ScoutImportCompletion"."final_counts", "public"."ScoutImportCompletion"."error_summary", "public"."ScoutImportCompletion"."completed_at"
2026-09-27 21:26:37.832 UTC [3830] LOG:  received fast shutdown request
2026-09-27 21:26:37.832 UTC [3830] LOG:  aborting any active transactions
2026-09-27 21:26:37.833 UTC [3830] LOG:  background worker "logical replication launcher" (PID 3836) exited with exit code 1
2026-09-27 21:26:37.833 UTC [3831] LOG:  shutting down
2026-09-27 21:26:37.834 UTC [3831] LOG:  checkpoint starting: shutdown immediate
2026-09-27 21:26:37.845 UTC [3831] LOG:  checkpoint complete: wrote 1815 buffers (11.1%); 0 WAL file(s) added, 0 removed, 1 recycled; write=0.011 s, sync=0.001 s, total=0.012 s; sync files=0, longest=0.000 s, average=0.000 s; distance=14707 kB, estimate=14707 kB; lsn=0/23363D8, redo lsn=0/23363D8
2026-09-27 21:26:37.854 UTC [3830] LOG:  database system is shut down
