2026-09-22T06:06:47Z CANONICAL_LOCK_PATH_STAT exists mtime=2026-09-22 05:55:18.561839075 +0000 (not opened, not probed)
2026-09-22T06:06:47Z DEPENDENCY_IDENTITIES rc=0
2026-09-22T06:06:47Z   OK  jest@30.4.2 /home/user/workspace/worktrees/s5-r4/node_modules/jest/package.json
2026-09-22T06:06:47Z   OK  ts-jest@29.4.9 /home/user/workspace/worktrees/s5-r4/node_modules/ts-jest/package.json
2026-09-22T06:06:47Z   OK  typescript@5.9.3 /home/user/workspace/worktrees/s5-r4/node_modules/typescript/package.json
2026-09-22T06:06:47Z   OK  jest-circus@30.4.2 /home/user/workspace/worktrees/s5-r4/node_modules/jest-circus/package.json
2026-09-22T06:06:47Z GATE_CONTROL_ROOT /tmp/s5-r4-gate-UuL96M candidate_spec_sha256=01f3cfc09a700f1b3c76625774d08b37cdcc407453515e635cc0e7c2c7bac25d (worktree 01f3cfc09a700f1b3c76625774d08b37cdcc407453515e635cc0e7c2c7bac25d) predecessor_spec_sha256=54c85d8de38a2b1972d758a333a207984e9f6483f0ba962f65e40ecfd8ee48f1 fake_harness_sha256=2de5fe248126637b28cd0687fea3e4ce43e0c1552ba6a034b21479fac088ab21 config_sha256=a6eeb1cd1797388a2f81e5b2980bcc9b62e25852e3cd9923aa8168d482ab5e71
2026-09-22T06:06:47Z PASS I0.inputs candidate spec copy is byte-identical to the dirty worktree file
2026-09-22T06:06:48Z T1 START pid=8573 pgid=8573 scenario=refused-identity spec=candidate.spec.ts budget=90s
2026-09-22T06:06:50Z T1 EXIT jest_rc=1 how=exited elapsed=3s record_lines=2 survivors=[] (nonzero jest rc is EXPECTED: beforeAll throws)
2026-09-22T06:06:50Z PASS T1.owned jest child exited within budget and its process group is empty
2026-09-22T06:06:50Z PASS T1.zero_mutation candidate refused-identity: 0 mutating calls of 2 recorded (expected 0)
2026-09-22T06:06:50Z PASS T1.skipped_marker PG17_TEARDOWN_SKIPPED emitted by afterAll
2026-09-22T06:06:50Z PASS T1.jest_failed jest exit 1 recorded (a refused setup must not look like a passing suite)
2026-09-22T06:06:50Z PASS T1.refusal_reason beforeAll failed at the identity toMatchObject (received database not_the_disposable_db), not a hook timeout (T2-1)
2026-09-22T06:06:50Z T2 START pid=8634 pgid=8634 scenario=refused-prestate spec=candidate.spec.ts budget=90s
2026-09-22T06:06:51Z T2 EXIT jest_rc=1 how=exited elapsed=1s record_lines=6 survivors=[] (nonzero jest rc is EXPECTED: beforeAll throws)
2026-09-22T06:06:51Z PASS T2.owned jest child exited within budget and its process group is empty
2026-09-22T06:06:51Z PASS T2.zero_mutation candidate refused-prestate: 0 mutating calls (expected 0); identity gates reached
2026-09-22T06:06:51Z PASS T2.skipped_marker PG17_TEARDOWN_SKIPPED emitted
2026-09-22T06:06:51Z PASS T2.refusal_reason beforeAll failed at appliedMigrations toBe('164') with Received: "165" (identity gates passed), not a hook timeout (T2-1)
2026-09-22T06:06:51Z T3 START pid=8688 pgid=8688 scenario=authorized-partial spec=candidate.spec.ts budget=90s
2026-09-22T06:06:52Z T3 EXIT jest_rc=1 how=exited elapsed=1s record_lines=16 survivors=[] (nonzero jest rc is EXPECTED: beforeAll throws)
2026-09-22T06:06:52Z PASS T3.owned jest child exited within budget and its process group is empty
2026-09-22T06:06:52Z PASS T3.setup_partial authorized setup began (GRANT) and ALTER failed
2026-09-22T06:06:52Z FAIL T3.teardown_ran teardown still cleaned up after partial authorized setup
2026-09-22T06:06:52Z STOP_ON_FIRST_FAILURE driver=ctl-teardown-gate.sh failed_check=T3.teardown_ran pass_so_far=12; control root and logs retained for inspection
2026-09-22T06:06:52Z CONTROL_ROOT_RETAINED /tmp/s5-r4-gate-UuL96M (keep=1 survivors=0)
2026-09-22T06:06:52Z AGGREGATE_ELAPSED 5s
