2026-09-22T05:18:46Z CANONICAL_LOCK_PATH_STAT exists mtime=2026-09-22 05:05:46.245839075 +0000 (not opened, not probed)
2026-09-22T05:18:46Z DERIVED_RUNNER /tmp/s5-r4-ctl-dSElRC/X/s5-r4/run-proof.sh sha256=3fbe164412bd88068cd5e07f51afa817986b4fe7da8f6109d6197dea66a82f91 from=19ab936a1562061caf4f8ee8426a5e18a998b22f3d33093a45a02b64ee3fc2c5 changed_lines=6 (expected <= 12: 6 constants x 2)
2026-09-22T05:18:46Z DERIVED_FIXTURE /tmp/s5-r4-ctl-dSElRC/X/s5-r4/s5-fixture.sh sha256=a82a2b708ac48291a28abfca6321ffbf09dda858736d7a81a922a65fc4b09b77 from=3a7d57bf951ab27e2161dc91db1d816f31d4af079ede076e7a2dfd1c44f3a721 changed_lines=2 (expected 2)
2026-09-22T05:18:46Z CONTROL_ROOT /tmp/s5-r4-ctl-dSElRC
2026-09-22T05:18:48Z PASS L0.init derived runner init rc=0 created the marked fake cluster
2026-09-22T05:18:53Z PASS L1.rc resume rc=0 (expected 0)
2026-09-22T05:18:53Z PASS L1.exit exit record: PROOF_EXIT=0 FIRST_RC=0 STOP_RC=0 DAEMON=none SURVIVORS=none (/tmp/s5-r4-ctl-dSElRC/X/s5-r4/logs/exit-resume-20260922T051848Z.log)
2026-09-22T05:18:53Z PASS L1.lock_at_stop fake pg_ctl observed the lane lock HELD during the cleanup stop
2026-09-22T05:18:53Z PASS L1.locklog exactly one HOLDER/RELEASE pair for resume
2026-09-22T05:18:53Z PASS L1.order stage order preflight -> generate-only -> live present
2026-09-22T05:18:53Z PASS L1.postmaster_gone fake postmaster pid file removed by stop
2026-09-22T05:18:58Z PASS L2.pre live phase reached in THIS run (new live log with grandchild marker, postmaster.pid present, runner alive) before TERM; waited 3 s
2026-09-22T05:18:59Z PASS L2.rc runner exited 143 after TERM (expected 143 = first rc preserved; cleanup succeeded so not upgraded)
2026-09-22T05:18:59Z PASS L2.exit exit record FIRST_RC=143 SIGNALLED=TERM STOP_RC=0 DAEMON=none SURVIVORS=none (/tmp/s5-r4-ctl-dSElRC/X/s5-r4/logs/exit-resume-20260922T051854Z.log)
2026-09-22T05:18:59Z PASS L2.reaped owned jest group reaped before cleanup stop
2026-09-22T05:18:59Z PASS L2.grandchild fake jest grandchild did not survive group termination
2026-09-22T05:18:59Z PASS L2.lock_at_stop lock still HELD during the post-signal cleanup stop
2026-09-22T05:18:59Z PASS L2.budget signal-to-exit took 1 s (budget: reap 20 + stop <= 30)
2026-09-22T05:18:59Z PASS L2.release_after_stop RELEASE record written with first_rc=143 (after stop; lock release = process exit)
2026-09-22T05:18:59Z DERIVED_RUNNER /tmp/s5-r4-ctl-dSElRC/X/s5-r4/run-proof.sh sha256=40019e7aeb59ef6cf1c6ce66ce4e35d0f6499fa9da82849a152ca755dfe3b841 from=19ab936a1562061caf4f8ee8426a5e18a998b22f3d33093a45a02b64ee3fc2c5 changed_lines=10 (expected <= 12: 6 constants x 2)
2026-09-22T05:19:14Z PASS L3.pre deadline expired inside the live phase (live CMD line precedes OWNED_WORK_DEADLINE in /tmp/s5-r4-ctl-dSElRC/X/s5-r4/logs/run-resume-20260922T051901Z.log)
2026-09-22T05:19:14Z PASS L3.rc runner rc=124 on inner deadline (expected 124)
2026-09-22T05:19:14Z PASS L3.exit exit record FIRST_RC=124 STOP_RC=0 DAEMON=none SURVIVORS=none
2026-09-22T05:19:14Z PASS L3.deadline_line deadline recorded and owned group reaped
2026-09-22T05:19:14Z PASS L3.wall wall 13 s (budget 12 + reap <= 5 + stop + records <= 30)
2026-09-22T05:19:14Z PASS L3.lock_at_stop lock HELD during deadline cleanup stop
2026-09-22T05:19:14Z DERIVED_RUNNER /tmp/s5-r4-ctl-dSElRC/X/s5-r4/run-proof.sh sha256=3fbe164412bd88068cd5e07f51afa817986b4fe7da8f6109d6197dea66a82f91 from=19ab936a1562061caf4f8ee8426a5e18a998b22f3d33093a45a02b64ee3fc2c5 changed_lines=6 (expected <= 12: 6 constants x 2)
2026-09-22T05:19:21Z PASS L4.rc runner rc=3 with failed stop (expected 3: first rc 0 not hidden, cleanup failure surfaced)
2026-09-22T05:19:21Z PASS L4.exit exit record FIRST_RC=0 PROOF_EXIT=3 STOP_RC!=0 DAEMON alive QUARANTINE=yes
2026-09-22T05:19:21Z PASS L4.quarantine_dir QUARANTINE marker written
2026-09-22T05:19:22Z PASS L4.refuse_next next stage refused rc=4 while QUARANTINE exists
2026-09-22T05:19:23Z PASS L4.refuse_destroy destroy refused rc=4 under quarantine; data directory retained
2026-09-22T05:19:27Z PASS L5.rc resume rc=3 with 2 attached sessions (expected 3)
2026-09-22T05:19:27Z PASS L5.refusal_line explicit busy refusal recorded
2026-09-22T05:19:27Z FAIL L5.no_mutating_children no generate-only and no live child started after the busy snapshot
2026-09-22T05:19:27Z STOP_ON_FIRST_FAILURE driver=ctl-lifecycle.sh failed_check=L5.no_mutating_children pass_so_far=28; control root and logs retained for inspection
2026-09-22T05:19:28Z CONTROL_ROOT_RETAINED /tmp/s5-r4-ctl-dSElRC (keep=1 survivors_rc=0)
