[2026-09-20T17:02:07Z] S3 waiting for test lock (06-lint)
label=06-lint head=5c7b42b3ea5be84e4c740fa5d7e42a94d5230d06 tree=83211d25d714e4c539cd3aa248a06ef0658fc8e7 node=v20.20.1 npm=10.8.2 date=2026-09-20T17:02:22Z
cmd: npm run lint --silent

/home/user/workspace/worktrees/s3-backend/src/admin/reports/reports.controller.ts
  5:3  warning  'Header' is defined but never used. Allowed unused vars must match /^_/u  @typescript-eslint/no-unused-vars

/home/user/workspace/worktrees/s3-backend/src/ai/client-ai-context.service.ts
  17:3  warning  'NextSessionSummary' is defined but never used. Allowed unused vars must match /^_/u  @typescript-eslint/no-unused-vars
  19:3  warning  'LeaderboardSummary' is defined but never used. Allowed unused vars must match /^_/u  @typescript-eslint/no-unused-vars

/home/user/workspace/worktrees/s3-backend/src/ai/gateway/ai-gateway.controller.ts
  52:30  warning  'req' is defined but never used. Allowed unused args must match /^_/u  @typescript-eslint/no-unused-vars

/home/user/workspace/worktrees/s3-backend/src/build-week/build-week.dto.ts
  2:3  warning  'IsArray' is defined but never used. Allowed unused vars must match /^_/u  @typescript-eslint/no-unused-vars

/home/user/workspace/worktrees/s3-backend/src/coach/command-center/ltv-metrics.service.ts
  77:11  warning  'startOfLastMonth' is assigned a value but never used. Allowed unused vars must match /^_/u  @typescript-eslint/no-unused-vars

/home/user/workspace/worktrees/s3-backend/src/contracts/checkout-contract-gate.service.ts
  8:10  warning  'sampleMergeData' is defined but never used. Allowed unused vars must match /^_/u  @typescript-eslint/no-unused-vars

/home/user/workspace/worktrees/s3-backend/src/contracts/contract-envelope.service.ts
  3:3  warning  'ForbiddenException' is defined but never used. Allowed unused vars must match /^_/u  @typescript-eslint/no-unused-vars

/home/user/workspace/worktrees/s3-backend/src/landing-pages/landing-pages.service.ts
  13:3  warning  'LandingPageStatus' is defined but never used. Allowed unused vars must match /^_/u  @typescript-eslint/no-unused-vars

/home/user/workspace/worktrees/s3-backend/src/lists/lists.dto.ts
  6:3  warning  'IsIn' is defined but never used. Allowed unused vars must match /^_/u  @typescript-eslint/no-unused-vars

/home/user/workspace/worktrees/s3-backend/src/macros/macros.service.ts
  1:10  warning  'ForbiddenException' is defined but never used. Allowed unused vars must match /^_/u  @typescript-eslint/no-unused-vars

/home/user/workspace/worktrees/s3-backend/src/meal-plans/meal-plans.dto.ts
  7:3  warning  'IsObject' is defined but never used. Allowed unused vars must match /^_/u  @typescript-eslint/no-unused-vars

/home/user/workspace/worktrees/s3-backend/src/notifications/nudges/nudge-detector.service.ts
  384:10  warning  'floorDays' is defined but never used. Allowed unused vars must match /^_/u  @typescript-eslint/no-unused-vars

/home/user/workspace/worktrees/s3-backend/src/notifications/nudges/nudge-engine.service.ts
  381:5  warning  'prefs' is defined but never used. Allowed unused args must match /^_/u  @typescript-eslint/no-unused-vars

/home/user/workspace/worktrees/s3-backend/src/prep-guide/prep-guide.service.ts
  31:7  warning  'DAYS' is assigned a value but never used. Allowed unused vars must match /^_/u  @typescript-eslint/no-unused-vars

/home/user/workspace/worktrees/s3-backend/src/real-meal-plans/real-meal-plans.service.ts
  3:3  warning  'ForbiddenException' is defined but never used. Allowed unused vars must match /^_/u  @typescript-eslint/no-unused-vars

/home/user/workspace/worktrees/s3-backend/src/regimes/__tests__/regimes.service.spec.ts
  14:15  warning  'PrismaService' is defined but never used. Allowed unused vars must match /^_/u  @typescript-eslint/no-unused-vars

/home/user/workspace/worktrees/s3-backend/src/storefront/guest-checkout-pii-scrub.service.ts
  3:16  warning  'CronExpression' is defined but never used. Allowed unused vars must match /^_/u  @typescript-eslint/no-unused-vars

/home/user/workspace/worktrees/s3-backend/src/talent-marketplace/apply.service.ts
   6:3   warning  'ForbiddenException' is defined but never used. Allowed unused vars must match /^_/u                  @typescript-eslint/no-unused-vars
  10:22  warning  'randomUUID' is defined but never used. Allowed unused vars must match /^_/u                          @typescript-eslint/no-unused-vars
  15:3   warning  'MARKETPLACE_CLAIM_STATUS_COMPLETED' is defined but never used. Allowed unused vars must match /^_/u  @typescript-eslint/no-unused-vars

✖ 21 problems (0 errors, 21 warnings)

exit=0
