label=16-readiness-red-baseline cwd=/home/user/workspace/worktrees/s3-red-925780e head=925780e0a1906593e5383c618311b6b17364b8dc tree=911bea30d2e58c2573dd8af948c27d8bd4ccb952 node=v20.20.1 NODE_OPTIONS='' loadavg='0.81 1.60 3.80 4/161 29351' date=2026-09-20T17:26:01Z
node_modules: symlink to s3-backend worktree (package-lock.json identical between 925780e0 and 5c7b42b3: yes)
--- probe script readiness-red.tmp.ts (sha256 4cb7ddc72d4820e2):
import 'reflect-metadata';
import { HealthController } from './src/health/health.controller';
(async () => {
  const prisma = { $queryRaw: () => new Promise<never>(() => {}) };
  const controller = new HealthController(prisma as never);
  const res = { status: (code: number) => { console.log('status', code); return res; } };
  const outcome = controller.readiness(res as never);
  const winner = await Promise.race([
    outcome.then(() => 'settled'),
    new Promise((resolve) => setTimeout(() => resolve('still pending after 6000ms (> fly timeout 5s)'), 6000)),
  ]);
  console.log(`head=${process.env.HEAD} readiness outcome: ${winner}`);
  process.exit(0);
})();
cmd: HEAD=925780e0 npx ts-node --transpile-only ./readiness-red.tmp.ts
head=925780e0 readiness outcome: still pending after 6000ms (> fly timeout 5s)
exit=0
--- same probe against fixed head 5c7b42b3 (cwd s3-backend):
cmd: HEAD=5c7b42b3 npx ts-node --transpile-only ./readiness-red.tmp.ts
[31m[Nest] 29501  - [39m09/20/2026, 5:26:13 PM [31m  ERROR[39m [38;5;3m[HealthController] [39mObject(3) {
  event: [32m'readiness_database_timeout'[39m,
  operation: [32m'health.readiness'[39m,
  timeout_ms: [33m3000[39m
}
status 503
head=5c7b42b3 readiness outcome: settled
exit=0
