test	Set up job	﻿2026-09-25T17:35:25.3607859Z Current runner version: '2.337.0'
test	Set up job	2026-09-25T17:35:25.3633510Z ##[group]Runner Image Provisioner
test	Set up job	2026-09-25T17:35:25.3634361Z Hosted Compute Agent
test	Set up job	2026-09-25T17:35:25.3634909Z Version: 20260828.587
test	Set up job	2026-09-25T17:35:25.3635730Z Commit: abac92662cab4cc7352de4f9f9d2e2419aad9c29
test	Set up job	2026-09-25T17:35:25.3636425Z Build Date: 2026-08-28T16:44:25Z
test	Set up job	2026-09-25T17:35:25.3637049Z Worker ID: {5a849f3c-1bf0-44a1-9449-b52c5dc39ea3}
test	Set up job	2026-09-25T17:35:25.3637724Z Azure Region: westus3
test	Set up job	2026-09-25T17:35:25.3638229Z ##[endgroup]
test	Set up job	2026-09-25T17:35:25.3639679Z ##[group]Operating System
test	Set up job	2026-09-25T17:35:25.3640258Z Ubuntu
test	Set up job	2026-09-25T17:35:25.3640707Z 24.04.5
test	Set up job	2026-09-25T17:35:25.3641186Z LTS
test	Set up job	2026-09-25T17:35:25.3641658Z ##[endgroup]
test	Set up job	2026-09-25T17:35:25.3642144Z ##[group]Runner Image
test	Set up job	2026-09-25T17:35:25.3642720Z Image: ubuntu-24.04
test	Set up job	2026-09-25T17:35:25.3643200Z Version: 20260920.314.1
test	Set up job	2026-09-25T17:35:25.3644191Z Included Software: https://github.com/actions/runner-images/blob/ubuntu24/20260920.314/images/ubuntu/Ubuntu2404-Readme.md
test	Set up job	2026-09-25T17:35:25.3645931Z Image Release: https://github.com/actions/runner-images/releases/tag/ubuntu24%2F20260920.314
test	Set up job	2026-09-25T17:35:25.3646794Z ##[endgroup]
test	Set up job	2026-09-25T17:35:25.3647854Z ##[group]GITHUB_TOKEN Permissions
test	Set up job	2026-09-25T17:35:25.3649979Z Contents: read
test	Set up job	2026-09-25T17:35:25.3650506Z Metadata: read
test	Set up job	2026-09-25T17:35:25.3651067Z Packages: read
test	Set up job	2026-09-25T17:35:25.3651559Z ##[endgroup]
test	Set up job	2026-09-25T17:35:25.3653658Z Secret source: Actions
test	Set up job	2026-09-25T17:35:25.3654633Z Cache mode: write
test	Set up job	2026-09-25T17:35:25.3655487Z Prepare workflow directory
test	Set up job	2026-09-25T17:35:25.3988332Z Prepare all required actions
test	Set up job	2026-09-25T17:35:25.4038947Z Getting action download info
test	Set up job	2026-09-25T17:35:25.7183721Z Download action repository 'actions/checkout@v4' (SHA:11d5960a326750d5838078e36cf38b85af677262)
test	Set up job	2026-09-25T17:35:25.8143627Z Download action repository 'actions/setup-node@v4' (SHA:49933ea5288caeca8642d1e84afbd3f7d6820020)
test	Set up job	2026-09-25T17:35:25.9795572Z Complete job name: test
test	Run actions/checkout@v4	﻿2026-09-25T17:35:26.0639636Z ##[group]Run actions/checkout@v4
test	Run actions/checkout@v4	2026-09-25T17:35:26.0640455Z with:
test	Run actions/checkout@v4	2026-09-25T17:35:26.0640834Z   fetch-depth: 0
test	Run actions/checkout@v4	2026-09-25T17:35:26.0641283Z   ref: a889f4ade0e13d9f45aabd69c5878ff07e2038bf
test	Run actions/checkout@v4	2026-09-25T17:35:26.0641932Z   repository: BradleyGleavePortfolio/tgp-importer-extension
test	Run actions/checkout@v4	2026-09-25T17:35:26.0646005Z   token: ***
test	Run actions/checkout@v4	2026-09-25T17:35:26.0646394Z   ssh-strict: true
test	Run actions/checkout@v4	2026-09-25T17:35:26.0646783Z   ssh-user: git
test	Run actions/checkout@v4	2026-09-25T17:35:26.0647166Z   persist-credentials: true
test	Run actions/checkout@v4	2026-09-25T17:35:26.0647593Z   clean: true
test	Run actions/checkout@v4	2026-09-25T17:35:26.0647984Z   sparse-checkout-cone-mode: true
test	Run actions/checkout@v4	2026-09-25T17:35:26.0648445Z   fetch-tags: false
test	Run actions/checkout@v4	2026-09-25T17:35:26.0648842Z   show-progress: true
test	Run actions/checkout@v4	2026-09-25T17:35:26.0649232Z   lfs: false
test	Run actions/checkout@v4	2026-09-25T17:35:26.0649594Z   submodules: false
test	Run actions/checkout@v4	2026-09-25T17:35:26.0649980Z   set-safe-directory: true
test	Run actions/checkout@v4	2026-09-25T17:35:26.0650420Z   allow-unsafe-pr-checkout: false
test	Run actions/checkout@v4	2026-09-25T17:35:26.0651135Z ##[endgroup]
test	Run actions/checkout@v4	2026-09-25T17:35:26.1627052Z Syncing repository: BradleyGleavePortfolio/tgp-importer-extension
test	Run actions/checkout@v4	2026-09-25T17:35:26.1629276Z ##[group]Getting Git version info
test	Run actions/checkout@v4	2026-09-25T17:35:26.1630076Z Working directory is '/home/runner/work/tgp-importer-extension/tgp-importer-extension'
test	Run actions/checkout@v4	2026-09-25T17:35:26.1631110Z [command]/usr/bin/git version
test	Run actions/checkout@v4	2026-09-25T17:35:26.1690718Z git version 2.55.0
test	Run actions/checkout@v4	2026-09-25T17:35:26.1709741Z ##[endgroup]
test	Run actions/checkout@v4	2026-09-25T17:35:26.1725830Z Temporarily overriding HOME='/home/runner/work/_temp/2f828de5-6428-4f79-a24d-d076ecbb2237' before making global git config changes
test	Run actions/checkout@v4	2026-09-25T17:35:26.1728205Z Adding repository directory to the temporary git global config as a safe directory
test	Run actions/checkout@v4	2026-09-25T17:35:26.1732553Z [command]/usr/bin/git config --global --add safe.directory /home/runner/work/tgp-importer-extension/tgp-importer-extension
test	Run actions/checkout@v4	2026-09-25T17:35:26.1777363Z Deleting the contents of '/home/runner/work/tgp-importer-extension/tgp-importer-extension'
test	Run actions/checkout@v4	2026-09-25T17:35:26.1781477Z ##[group]Initializing the repository
test	Run actions/checkout@v4	2026-09-25T17:35:26.1785558Z [command]/usr/bin/git init /home/runner/work/tgp-importer-extension/tgp-importer-extension
test	Run actions/checkout@v4	2026-09-25T17:35:26.1874574Z hint: Using 'master' as the name for the initial branch. This default branch name
test	Run actions/checkout@v4	2026-09-25T17:35:26.1875825Z hint: will change to "main" in Git 3.0. To configure the initial branch name
test	Run actions/checkout@v4	2026-09-25T17:35:26.1876662Z hint: to use in all of your new repositories, which will suppress this warning,
test	Run actions/checkout@v4	2026-09-25T17:35:26.1877720Z hint: call:
test	Run actions/checkout@v4	2026-09-25T17:35:26.1878372Z hint:
test	Run actions/checkout@v4	2026-09-25T17:35:26.1879173Z hint: 	git config --global init.defaultBranch <name>
test	Run actions/checkout@v4	2026-09-25T17:35:26.1879925Z hint:
test	Run actions/checkout@v4	2026-09-25T17:35:26.1880530Z hint: Names commonly chosen instead of 'master' are 'main', 'trunk' and
test	Run actions/checkout@v4	2026-09-25T17:35:26.1881975Z hint: 'development'. The just-created branch can be renamed via this command:
test	Run actions/checkout@v4	2026-09-25T17:35:26.1882863Z hint:
test	Run actions/checkout@v4	2026-09-25T17:35:26.1883240Z hint: 	git branch -m <name>
test	Run actions/checkout@v4	2026-09-25T17:35:26.1883656Z hint:
test	Run actions/checkout@v4	2026-09-25T17:35:26.1884200Z hint: Disable this message with "git config set advice.defaultBranchName false"
test	Run actions/checkout@v4	2026-09-25T17:35:26.1885469Z Initialized empty Git repository in /home/runner/work/tgp-importer-extension/tgp-importer-extension/.git/
test	Run actions/checkout@v4	2026-09-25T17:35:26.1888605Z [command]/usr/bin/git remote add origin https://github.com/BradleyGleavePortfolio/tgp-importer-extension
test	Run actions/checkout@v4	2026-09-25T17:35:26.1930530Z ##[endgroup]
test	Run actions/checkout@v4	2026-09-25T17:35:26.1931285Z ##[group]Disabling automatic garbage collection
test	Run actions/checkout@v4	2026-09-25T17:35:26.1934085Z [command]/usr/bin/git config --local gc.auto 0
test	Run actions/checkout@v4	2026-09-25T17:35:26.1959985Z ##[endgroup]
test	Run actions/checkout@v4	2026-09-25T17:35:26.1960674Z ##[group]Setting up auth
test	Run actions/checkout@v4	2026-09-25T17:35:26.1966631Z [command]/usr/bin/git config --local --name-only --get-regexp core\.sshCommand
test	Run actions/checkout@v4	2026-09-25T17:35:26.1994641Z [command]/usr/bin/git submodule foreach --recursive sh -c "git config --local --name-only --get-regexp 'core\.sshCommand' && git config --local --unset-all 'core.sshCommand' || :"
test	Run actions/checkout@v4	2026-09-25T17:35:26.2290785Z [command]/usr/bin/git config --local --name-only --get-regexp http\.https\:\/\/github\.com\/\.extraheader
test	Run actions/checkout@v4	2026-09-25T17:35:26.2317463Z [command]/usr/bin/git submodule foreach --recursive sh -c "git config --local --name-only --get-regexp 'http\.https\:\/\/github\.com\/\.extraheader' && git config --local --unset-all 'http.https://github.com/.extraheader' || :"
test	Run actions/checkout@v4	2026-09-25T17:35:26.2502881Z [command]/usr/bin/git config --local --name-only --get-regexp ^includeIf\.gitdir:
test	Run actions/checkout@v4	2026-09-25T17:35:26.2530273Z [command]/usr/bin/git submodule foreach --recursive git config --local --show-origin --name-only --get-regexp remote.origin.url
test	Run actions/checkout@v4	2026-09-25T17:35:26.2711528Z [command]/usr/bin/git config --local http.https://github.com/.extraheader AUTHORIZATION: basic ***
test	Run actions/checkout@v4	2026-09-25T17:35:26.2742861Z ##[endgroup]
test	Run actions/checkout@v4	2026-09-25T17:35:26.2743644Z ##[group]Fetching the repository
test	Run actions/checkout@v4	2026-09-25T17:35:26.2751343Z [command]/usr/bin/git -c protocol.version=2 fetch --prune --no-recurse-submodules origin +refs/heads/*:refs/remotes/origin/* +refs/tags/*:refs/tags/*
test	Run actions/checkout@v4	2026-09-25T17:35:27.5415762Z From https://github.com/BradleyGleavePortfolio/tgp-importer-extension
test	Run actions/checkout@v4	2026-09-25T17:35:27.5419942Z  * [new branch]      agent/builder/importer-volume-alignment -> origin/agent/builder/importer-volume-alignment
test	Run actions/checkout@v4	2026-09-25T17:35:27.5424262Z  * [new branch]      agent/orchestrator/importer-outcome-ux -> origin/agent/orchestrator/importer-outcome-ux
test	Run actions/checkout@v4	2026-09-25T17:35:27.5428889Z  * [new branch]      agent/orchestrator/importer-reliability-r1 -> origin/agent/orchestrator/importer-reliability-r1
test	Run actions/checkout@v4	2026-09-25T17:35:27.5433597Z  * [new branch]      c2b-0a-strict-pagination-boundary -> origin/c2b-0a-strict-pagination-boundary
test	Run actions/checkout@v4	2026-09-25T17:35:27.5436341Z  * [new branch]      c2b-1-endpoint-roles    -> origin/c2b-1-endpoint-roles
test	Run actions/checkout@v4	2026-09-25T17:35:27.5438369Z  * [new branch]      docs/design-v0.3-pairing-flow -> origin/docs/design-v0.3-pairing-flow
test	Run actions/checkout@v4	2026-09-25T17:35:27.5441972Z  * [new branch]      docs/importer-zero-effort-goal-state -> origin/docs/importer-zero-effort-goal-state
test	Run actions/checkout@v4	2026-09-25T17:35:27.5445830Z  * [new branch]      docs/r138-split1-landing -> origin/docs/r138-split1-landing
test	Run actions/checkout@v4	2026-09-25T17:35:27.5449006Z  * [new branch]      docs/r138-split2-landing -> origin/docs/r138-split2-landing
test	Run actions/checkout@v4	2026-09-25T17:35:27.5452435Z  * [new branch]      docs/r138-split3-landing -> origin/docs/r138-split3-landing
test	Run actions/checkout@v4	2026-09-25T17:35:27.5455587Z  * [new branch]      docs/r138-split4-landing -> origin/docs/r138-split4-landing
test	Run actions/checkout@v4	2026-09-25T17:35:27.5458726Z  * [new branch]      docs/r138-split5-landing -> origin/docs/r138-split5-landing
test	Run actions/checkout@v4	2026-09-25T17:35:27.5462056Z  * [new branch]      docs/r138-split6-landing -> origin/docs/r138-split6-landing
test	Run actions/checkout@v4	2026-09-25T17:35:27.5466114Z  * [new branch]      docs/r138-split7-landing -> origin/docs/r138-split7-landing
test	Run actions/checkout@v4	2026-09-25T17:35:27.5470050Z  * [new branch]      docs/real-goal-execution-baton -> origin/docs/real-goal-execution-baton
test	Run actions/checkout@v4	2026-09-25T17:35:27.5474275Z  * [new branch]      docs/roadmap-north-star-v2 -> origin/docs/roadmap-north-star-v2
test	Run actions/checkout@v4	2026-09-25T17:35:27.5477471Z  * [new branch]      docs/roadmap-site-agnostic-north-star -> origin/docs/roadmap-site-agnostic-north-star
test	Run actions/checkout@v4	2026-09-25T17:35:27.5480916Z  * [new branch]      feat/c2b-0b-membership  -> origin/feat/c2b-0b-membership
test	Run actions/checkout@v4	2026-09-25T17:35:27.5483466Z  * [new branch]      feat/c2b-0b-membership-r2 -> origin/feat/c2b-0b-membership-r2
test	Run actions/checkout@v4	2026-09-25T17:35:27.5485913Z  * [new branch]      feat/capture-ring-buffer -> origin/feat/capture-ring-buffer
test	Run actions/checkout@v4	2026-09-25T17:35:27.5488774Z  * [new branch]      feat/importer-c2a-blueprint-primitives -> origin/feat/importer-c2a-blueprint-primitives
test	Run actions/checkout@v4	2026-09-25T17:35:27.5491688Z  * [new branch]      feat/replay-c1b-wiring  -> origin/feat/replay-c1b-wiring
test	Run actions/checkout@v4	2026-09-25T17:35:27.5494010Z  * [new branch]      feat/replay-c1c-headers -> origin/feat/replay-c1c-headers
test	Run actions/checkout@v4	2026-09-25T17:35:27.5496796Z  * [new branch]      feat/v03-autonomous-replay-engine -> origin/feat/v03-autonomous-replay-engine
test	Run actions/checkout@v4	2026-09-25T17:35:27.5499575Z  * [new branch]      fix/c2b-0a-pagination-audit -> origin/fix/c2b-0a-pagination-audit
test	Run actions/checkout@v4	2026-09-25T17:35:27.5502259Z  * [new branch]      fix/c2b-0a-pagination-audit-r2 -> origin/fix/c2b-0a-pagination-audit-r2
test	Run actions/checkout@v4	2026-09-25T17:35:27.5506173Z  * [new branch]      fix/c2b-0b-membership-audit-r3 -> origin/fix/c2b-0b-membership-audit-r3
test	Run actions/checkout@v4	2026-09-25T17:35:27.5510037Z  * [new branch]      fix/tier0-contract-integrity -> origin/fix/tier0-contract-integrity
test	Run actions/checkout@v4	2026-09-25T17:35:27.5513848Z  * [new branch]      land/e2-status-server   -> origin/land/e2-status-server
test	Run actions/checkout@v4	2026-09-25T17:35:27.5517520Z  * [new branch]      land/s4-cq              -> origin/land/s4-cq
test	Run actions/checkout@v4	2026-09-25T17:35:27.5520385Z  * [new branch]      land/s4-r6              -> origin/land/s4-r6
test	Run actions/checkout@v4	2026-09-25T17:35:27.5523091Z  * [new branch]      land/ux-e1              -> origin/land/ux-e1
test	Run actions/checkout@v4	2026-09-25T17:35:27.5525603Z  * [new branch]      land/ux07-on-s4         -> origin/land/ux07-on-s4
test	Run actions/checkout@v4	2026-09-25T17:35:27.5528268Z  * [new branch]      land/ux07-presentation  -> origin/land/ux07-presentation
test	Run actions/checkout@v4	2026-09-25T17:35:27.5530589Z  * [new branch]      main                    -> origin/main
test	Run actions/checkout@v4	2026-09-25T17:35:27.5532780Z  * [new branch]      security/op80-secret-scanning -> origin/security/op80-secret-scanning
test	Run actions/checkout@v4	2026-09-25T17:35:27.5535528Z  * [new branch]      split-1-honest-gates    -> origin/split-1-honest-gates
test	Run actions/checkout@v4	2026-09-25T17:35:27.5538230Z  * [new branch]      split-2-credential-grammar -> origin/split-2-credential-grammar
test	Run actions/checkout@v4	2026-09-25T17:35:27.5542464Z  * [new branch]      split-3-capture-input-normalization -> origin/split-3-capture-input-normalization
test	Run actions/checkout@v4	2026-09-25T17:35:27.5547223Z  * [new branch]      split-4-shapes-capture-buffer -> origin/split-4-shapes-capture-buffer
test	Run actions/checkout@v4	2026-09-25T17:35:27.5551640Z  * [new branch]      split-5-url-templates-c2a-fixture -> origin/split-5-url-templates-c2a-fixture
test	Run actions/checkout@v4	2026-09-25T17:35:27.5555991Z  * [new branch]      split-6-live-capture-security -> origin/split-6-live-capture-security
test	Run actions/checkout@v4	2026-09-25T17:35:27.5558465Z  * [new branch]      split-7-replay-ceilings -> origin/split-7-replay-ceilings
test	Run actions/checkout@v4	2026-09-25T17:35:27.5563875Z [command]/usr/bin/git rev-parse --verify --quiet a889f4ade0e13d9f45aabd69c5878ff07e2038bf^{object}
test	Run actions/checkout@v4	2026-09-25T17:35:27.5566265Z a889f4ade0e13d9f45aabd69c5878ff07e2038bf
test	Run actions/checkout@v4	2026-09-25T17:35:27.5569874Z ##[endgroup]
test	Run actions/checkout@v4	2026-09-25T17:35:27.5571519Z ##[group]Determining the checkout info
test	Run actions/checkout@v4	2026-09-25T17:35:27.5573378Z ##[endgroup]
test	Run actions/checkout@v4	2026-09-25T17:35:27.5574462Z [command]/usr/bin/git sparse-checkout disable
test	Run actions/checkout@v4	2026-09-25T17:35:27.5577670Z [command]/usr/bin/git config --local --unset-all extensions.worktreeConfig
test	Run actions/checkout@v4	2026-09-25T17:35:27.5581412Z ##[group]Checking out the ref
test	Run actions/checkout@v4	2026-09-25T17:35:27.5583238Z [command]/usr/bin/git checkout --progress --force a889f4ade0e13d9f45aabd69c5878ff07e2038bf
test	Run actions/checkout@v4	2026-09-25T17:35:27.5700240Z Note: switching to 'a889f4ade0e13d9f45aabd69c5878ff07e2038bf'.
test	Run actions/checkout@v4	2026-09-25T17:35:27.5702257Z 
test	Run actions/checkout@v4	2026-09-25T17:35:27.5703668Z You are in 'detached HEAD' state. You can look around, make experimental
test	Run actions/checkout@v4	2026-09-25T17:35:27.5706391Z changes and commit them, and you can discard any commits you make in this
test	Run actions/checkout@v4	2026-09-25T17:35:27.5709200Z state without impacting any branches by switching back to a branch.
test	Run actions/checkout@v4	2026-09-25T17:35:27.5710428Z 
test	Run actions/checkout@v4	2026-09-25T17:35:27.5711255Z If you want to create a new branch to retain commits you create, you may
test	Run actions/checkout@v4	2026-09-25T17:35:27.5713386Z do so (now or later) by using -c with the switch command. Example:
test	Run actions/checkout@v4	2026-09-25T17:35:27.5714626Z 
test	Run actions/checkout@v4	2026-09-25T17:35:27.5715308Z   git switch -c <new-branch-name>
test	Run actions/checkout@v4	2026-09-25T17:35:27.5716130Z 
test	Run actions/checkout@v4	2026-09-25T17:35:27.5716611Z Or undo this operation with:
test	Run actions/checkout@v4	2026-09-25T17:35:27.5717327Z 
test	Run actions/checkout@v4	2026-09-25T17:35:27.5717758Z   git switch -
test	Run actions/checkout@v4	2026-09-25T17:35:27.5718307Z 
test	Run actions/checkout@v4	2026-09-25T17:35:27.5719324Z Turn off this advice by setting config variable advice.detachedHead to false
test	Run actions/checkout@v4	2026-09-25T17:35:27.5720716Z 
test	Run actions/checkout@v4	2026-09-25T17:35:27.5721657Z HEAD is now at a889f4a feat(popup): Check status also reads the TGP server record
test	Run actions/checkout@v4	2026-09-25T17:35:27.5725851Z ##[endgroup]
test	Run actions/checkout@v4	2026-09-25T17:35:27.5748578Z [command]/usr/bin/git log -1 --format=%H
test	Run actions/checkout@v4	2026-09-25T17:35:27.5773247Z a889f4ade0e13d9f45aabd69c5878ff07e2038bf
test	Run actions/setup-node@v4	﻿2026-09-25T17:35:27.6123614Z ##[group]Run actions/setup-node@v4
test	Run actions/setup-node@v4	2026-09-25T17:35:27.6124847Z with:
test	Run actions/setup-node@v4	2026-09-25T17:35:27.6125974Z   node-version: 22
test	Run actions/setup-node@v4	2026-09-25T17:35:27.6126923Z   cache: npm
test	Run actions/setup-node@v4	2026-09-25T17:35:27.6127802Z   always-auth: false
test	Run actions/setup-node@v4	2026-09-25T17:35:27.6128742Z   check-latest: false
test	Run actions/setup-node@v4	2026-09-25T17:35:27.6138074Z   token: ***
test	Run actions/setup-node@v4	2026-09-25T17:35:27.6138968Z ##[endgroup]
test	Run actions/setup-node@v4	2026-09-25T17:35:27.7611658Z Found in cache @ /opt/hostedtoolcache/node/22.23.2/x64
test	Run actions/setup-node@v4	2026-09-25T17:35:27.7614687Z (node:2177) [DEP0040] DeprecationWarning: The `punycode` module is deprecated. Please use a userland alternative instead.
test	Run actions/setup-node@v4	2026-09-25T17:35:27.7618044Z (Use `node --trace-deprecation ...` to show where the warning was created)
test	Run actions/setup-node@v4	2026-09-25T17:35:27.7620333Z ##[group]Environment details
test	Run actions/setup-node@v4	2026-09-25T17:35:28.1259970Z node: v22.23.2
test	Run actions/setup-node@v4	2026-09-25T17:35:28.1260541Z npm: 10.9.8
test	Run actions/setup-node@v4	2026-09-25T17:35:28.1260910Z yarn: 1.22.22
test	Run actions/setup-node@v4	2026-09-25T17:35:28.1261705Z ##[endgroup]
test	Run actions/setup-node@v4	2026-09-25T17:35:28.1281676Z [command]/opt/hostedtoolcache/node/22.23.2/x64/bin/npm config get cache
test	Run actions/setup-node@v4	2026-09-25T17:35:28.2613002Z /home/runner/.npm
test	Run actions/setup-node@v4	2026-09-25T17:35:28.4784240Z Cache hit for: node-cache-Linux-x64-npm-d6face1b95480f7e523f8dab5348ac0d62e3c6e773a0f265bcf7dbb10babd316
test	Run actions/setup-node@v4	2026-09-25T17:35:28.4893109Z (node:2177) [DEP0169] DeprecationWarning: `url.parse()` behavior is not standardized and prone to errors that have security implications. Use the WHATWG URL API instead. CVEs are not issued for `url.parse()` vulnerabilities.
test	Run actions/setup-node@v4	2026-09-25T17:35:29.7215922Z Received 20971520 of 41494715 (50.5%), 20.0 MBs/sec
test	Run actions/setup-node@v4	2026-09-25T17:35:29.9678824Z Received 41494715 of 41494715 (100.0%), 31.7 MBs/sec
test	Run actions/setup-node@v4	2026-09-25T17:35:29.9679626Z Cache Size: ~40 MB (41494715 B)
test	Run actions/setup-node@v4	2026-09-25T17:35:29.9715495Z [command]/usr/bin/tar -xf /home/runner/work/_temp/82f6c2a1-0c9c-4a9a-a438-a75e0dffdde1/cache.tzst -P -C /home/runner/work/tgp-importer-extension/tgp-importer-extension --use-compress-program unzstd
test	Run actions/setup-node@v4	2026-09-25T17:35:30.0271781Z Cache restored successfully
test	Run actions/setup-node@v4	2026-09-25T17:35:30.0291225Z Cache restored from key: node-cache-Linux-x64-npm-d6face1b95480f7e523f8dab5348ac0d62e3c6e773a0f265bcf7dbb10babd316
test	Run npm ci	﻿2026-09-25T17:35:30.0438490Z ##[group]Run npm ci
test	Run npm ci	2026-09-25T17:35:30.0438883Z ^[[36;1mnpm ci^[[0m
test	Run npm ci	2026-09-25T17:35:30.0630055Z shell: /usr/bin/bash -e {0}
test	Run npm ci	2026-09-25T17:35:30.0630428Z ##[endgroup]
test	Run npm ci	2026-09-25T17:35:32.6752745Z 
test	Run npm ci	2026-09-25T17:35:32.6765335Z > tgp-importer-extension@0.3.0-rc.1 prepare
test	Run npm ci	2026-09-25T17:35:32.6765915Z > lefthook install
test	Run npm ci	2026-09-25T17:35:32.6766070Z 
test	Run npm ci	2026-09-25T17:35:32.7130664Z sync hooks: ✔️(pre-commit)
test	Run npm ci	2026-09-25T17:35:32.7196240Z 
test	Run npm ci	2026-09-25T17:35:32.7197021Z added 133 packages, and audited 134 packages in 3s
test	Run npm ci	2026-09-25T17:35:32.7197313Z 
test	Run npm ci	2026-09-25T17:35:32.7197552Z 36 packages are looking for funding
test	Run npm ci	2026-09-25T17:35:32.7197869Z   run `npm fund` for details
test	Run npm ci	2026-09-25T17:35:32.7205726Z 
test	Run npm ci	2026-09-25T17:35:32.7205937Z found 0 vulnerabilities
test	Run tests	﻿2026-09-25T17:35:32.7520315Z ##[group]Run npm test
test	Run tests	2026-09-25T17:35:32.7520607Z ^[[36;1mnpm test^[[0m
test	Run tests	2026-09-25T17:35:32.7562081Z shell: /usr/bin/bash -e {0}
test	Run tests	2026-09-25T17:35:32.7562389Z ##[endgroup]
test	Run tests	2026-09-25T17:35:32.8568296Z 
test	Run tests	2026-09-25T17:35:32.8569162Z > tgp-importer-extension@0.3.0-rc.1 test
test	Run tests	2026-09-25T17:35:32.8569875Z > vitest run --passWithNoTests=false
test	Run tests	2026-09-25T17:35:32.8570247Z 
test	Run tests	2026-09-25T17:35:33.2246028Z 
test	Run tests	2026-09-25T17:35:33.2250748Z ^[[1m^[[30m^[[46m RUN ^[[49m^[[39m^[[22m ^[[36mv4.1.11 ^[[39m^[[90m/home/runner/work/tgp-importer-extension/tgp-importer-extension^[[39m
test	Run tests	2026-09-25T17:35:33.2251346Z 
test	Run tests	2026-09-25T17:35:33.6728878Z  ^[[32m✓^[[39m test/replay-engine.spec.js ^[[2m(^[[22m^[[2m50 tests^[[22m^[[2m)^[[22m^[[32m 84^[[2mms^[[22m^[[39m
test	Run tests	2026-09-25T17:35:33.7029246Z  ^[[32m✓^[[39m test/replay-blueprint.spec.js ^[[2m(^[[22m^[[2m227 tests^[[22m^[[2m)^[[22m^[[32m 88^[[2mms^[[22m^[[39m
test	Run tests	2026-09-25T17:35:33.9243244Z ^[[90mstderr^[[2m | test/session-ownership-preflight.spec.js^[[2m > ^[[22m^[[2maccepted Start binds its owner before the cold preflight refresh (S4-R4-A-01)^[[2m > ^[[22m^[[2mstart_import: preflight refresh TIMEOUT after the replacement landed → replaced, not 'login required'
test	Run tests	2026-09-25T17:35:33.9246168Z ^[[22m^[[39m{"src":"tgp-importer","event":"refresh_timeout"}
test	Run tests	2026-09-25T17:35:33.9246707Z 
test	Run tests	2026-09-25T17:35:33.9803060Z  ^[[32m✓^[[39m test/blueprint-input.spec.js ^[[2m(^[[22m^[[2m132 tests^[[22m^[[2m)^[[22m^[[32m 64^[[2mms^[[22m^[[39m
test	Run tests	2026-09-25T17:35:34.2122254Z  ^[[32m✓^[[39m test/auth-body-deadline.spec.js ^[[2m(^[[22m^[[2m24 tests^[[22m^[[2m)^[[22m^[[32m 82^[[2mms^[[22m^[[39m
test	Run tests	2026-09-25T17:35:34.6102907Z ^[[90mstderr^[[2m | test/ingest-settlement.spec.js^[[2m > ^[[22m^[[2msource auth loss — the started intent is still settled^[[2m > ^[[22m^[[2mdoes not let a failed settlement mask the source failure
test	Run tests	2026-09-25T17:35:34.6105569Z ^[[22m^[[39m{"src":"tgp-importer","event":"settlement_network_error"}
test	Run tests	2026-09-25T17:35:34.6106510Z 
test	Run tests	2026-09-25T17:35:38.0158412Z ^[[90mstderr^[[2m | test/session-ownership-preflight.spec.js^[[2m > ^[[22m^[[2ma refresh on behalf of an obsolete run never presents the replacement's token (S4-R4-A-02)^[[2m > ^[[22m^[[2mcontrol — rotation persist FAILURE for the current session: no new token published, auth_required exactly once, no replacement involved
test	Run tests	2026-09-25T17:35:38.0161179Z ^[[22m^[[39m{"src":"tgp-importer","event":"refresh_rotation_persist_failed"}
test	Run tests	2026-09-25T17:35:38.0161873Z 
test	Run tests	2026-09-25T17:35:38.1015567Z  ^[[32m✓^[[39m test/session-ownership-preflight.spec.js ^[[2m(^[[22m^[[2m19 tests^[[22m^[[2m)^[[22m^[[33m 4557^[[2mms^[[22m^[[39m
test	Run tests	2026-09-25T17:35:38.1017800Z      ^[[33m^[[2m✓^[[22m^[[39m start_import: replacement queued behind the preflight refresh's rotation persist (C3 barrier) → run stops, replacement never used ^[[33m 320^[[2mms^[[22m^[[39m
test	Run tests	2026-09-25T17:35:38.1034004Z      ^[[33m^[[2m✓^[[22m^[[39m control — start_import cold preflight with no transition: mints once and imports under the minted bearer ^[[33m 1011^[[2mms^[[22m^[[39m
test	Run tests	2026-09-25T17:35:38.1036075Z      ^[[33m^[[2m✓^[[22m^[[39m control — pending establish FAILURE during the preflight refresh: the OLD session stays current and the run proceeds under it ^[[33m 1006^[[2mms^[[22m^[[39m
test	Run tests	2026-09-25T17:35:38.1037843Z      ^[[33m^[[2m✓^[[22m^[[39m settlement (complete) 401 → refresh queued behind the replacement's establish: nothing presented, run left unsettled, replacement intact ^[[33m 1009^[[2mms^[[22m^[[39m
test	Run tests	2026-09-25T17:35:38.1040187Z      ^[[33m^[[2m✓^[[22m^[[39m control — ingest 401 → refresh with no transition: OLD presented once, retry under the minted bearer, success ^[[33m 1007^[[2mms^[[22m^[[39m
test	Run tests	2026-09-25T17:35:41.9166019Z ^[[90mstderr^[[2m | test/ingest-complete-contract.spec.js^[[2m > ^[[22m^[[2mingest/complete — required terminal_status^[[2m > ^[[22m^[[2mstill surfaces the source failure to the coach when the settlement itself fails
test	Run tests	2026-09-25T17:35:41.9168264Z ^[[22m^[[39m{"src":"tgp-importer","event":"settlement_network_error"}
test	Run tests	2026-09-25T17:35:41.9169251Z 
test	Run tests	2026-09-25T17:35:47.3839505Z  ^[[32m✓^[[39m test/ingest-settlement.spec.js ^[[2m(^[[22m^[[2m21 tests^[[22m^[[2m)^[[22m^[[33m 13014^[[2mms^[[22m^[[39m
test	Run tests	2026-09-25T17:35:47.3841148Z      ^[[33m^[[2m✓^[[22m^[[39m does not re-settle a rejected complete as failed ^[[33m 1018^[[2mms^[[22m^[[39m
test	Run tests	2026-09-25T17:35:47.3843194Z      ^[[33m^[[2m✓^[[22m^[[39m logs when the settlement POST fails on an engine-RETURNED failure, not just a throw ^[[33m 1519^[[2mms^[[22m^[[39m
test	Run tests	2026-09-25T17:35:47.3844630Z      ^[[33m^[[2m✓^[[22m^[[39m settles success after one 401 + refresh + retry on the complete POST ^[[33m 1020^[[2mms^[[22m^[[39m
test	Run tests	2026-09-25T17:35:47.3846357Z      ^[[33m^[[2m✓^[[22m^[[39m does not double-settle or break settlement-before-broadcast ordering on that retry ^[[33m 1017^[[2mms^[[22m^[[39m
test	Run tests	2026-09-25T17:35:47.3848092Z      ^[[33m^[[2m✓^[[22m^[[39m still surfaces ingest_failed if the retried complete also 401s (no refresh available) ^[[33m 1015^[[2mms^[[22m^[[39m
test	Run tests	2026-09-25T17:35:47.3849638Z      ^[[33m^[[2m✓^[[22m^[[39m routes to pairing without posting a complete it cannot authenticate ^[[33m 3014^[[2mms^[[22m^[[39m
test	Run tests	2026-09-25T17:35:47.3851023Z      ^[[33m^[[2m✓^[[22m^[[39m flushes the final counts before settling a run that threw ^[[33m 1017^[[2mms^[[22m^[[39m
test	Run tests	2026-09-25T17:35:47.3852342Z      ^[[33m^[[2m✓^[[22m^[[39m carries the committed counts on that final flush, not a reset ^[[33m 1016^[[2mms^[[22m^[[39m
test	Run tests	2026-09-25T17:35:47.3853709Z      ^[[33m^[[2m✓^[[22m^[[39m still settles when every progress post is rejected ^[[33m 1018^[[2mms^[[22m^[[39m
test	Run tests	2026-09-25T17:35:47.3854902Z      ^[[33m^[[2m✓^[[22m^[[39m puts no token material on that final flush ^[[33m 1018^[[2mms^[[22m^[[39m
test	Run tests	2026-09-25T17:35:47.6177256Z  ^[[32m✓^[[39m test/refresh-admission-epoch.spec.js ^[[2m(^[[22m^[[2m14 tests^[[22m^[[2m)^[[22m^[[32m 79^[[2mms^[[22m^[[39m
test	Run tests	2026-09-25T17:35:47.8102584Z  ^[[32m✓^[[39m test/capture.spec.js ^[[2m(^[[22m^[[2m33 tests^[[22m^[[2m)^[[22m^[[32m 31^[[2mms^[[22m^[[39m
test	Run tests	2026-09-25T17:35:57.2889558Z  ^[[32m✓^[[39m test/ingest-complete-contract.spec.js ^[[2m(^[[22m^[[2m24 tests^[[22m^[[2m)^[[22m^[[33m 19041^[[2mms^[[22m^[[39m
test	Run tests	2026-09-25T17:35:57.2891224Z      ^[[33m^[[2m✓^[[22m^[[39m sends terminal_status success for a populated clean walk ^[[33m 1090^[[2mms^[[22m^[[39m
test	Run tests	2026-09-25T17:35:57.2892738Z      ^[[33m^[[2m✓^[[22m^[[39m uses the backend's enum member 'success', never the engine's word 'complete' ^[[33m 1018^[[2mms^[[22m^[[39m
test	Run tests	2026-09-25T17:35:57.2894424Z      ^[[33m^[[2m✓^[[22m^[[39m still surfaces the source failure to the coach when the settlement itself fails ^[[33m 1517^[[2mms^[[22m^[[39m
test	Run tests	2026-09-25T17:35:57.2896387Z      ^[[33m^[[2m✓^[[22m^[[39m never sends `platform` (not on ScoutCompleteDto, so forbidNonWhitelisted 400s) ^[[33m 1014^[[2mms^[[22m^[[39m
test	Run tests	2026-09-25T17:35:57.2897785Z      ^[[33m^[[2m✓^[[22m^[[39m sends only fields declared on ScoutCompleteDto ^[[33m 1018^[[2mms^[[22m^[[39m
test	Run tests	2026-09-25T17:35:57.2898851Z      ^[[33m^[[2m✓^[[22m^[[39m carries the run's intent_id ^[[33m 1014^[[2mms^[[22m^[[39m
test	Run tests	2026-09-25T17:35:57.2900016Z      ^[[33m^[[2m✓^[[22m^[[39m reports final_counts and omits error_summary on a clean success ^[[33m 1016^[[2mms^[[22m^[[39m
test	Run tests	2026-09-25T17:35:57.2901279Z      ^[[33m^[[2m✓^[[22m^[[39m never reports pages or a bare total as if they were entity types ^[[33m 1021^[[2mms^[[22m^[[39m
test	Run tests	2026-09-25T17:35:57.2902602Z      ^[[33m^[[2m✓^[[22m^[[39m keeps a zero-yield entity type visible in the tally ^[[33m 1028^[[2mms^[[22m^[[39m
test	Run tests	2026-09-25T17:35:57.2904020Z      ^[[33m^[[2m✓^[[22m^[[39m posts complete with the TGP bearer, as JSON ^[[33m 1014^[[2mms^[[22m^[[39m
test	Run tests	2026-09-25T17:35:57.2905526Z      ^[[33m^[[2m✓^[[22m^[[39m says staged, not migration complete, for a clean populated walk ^[[33m 1013^[[2mms^[[22m^[[39m
test	Run tests	2026-09-25T17:35:57.2907532Z      ^[[33m^[[2m✓^[[22m^[[39m posts progress with the DTO field names during a real run ^[[33m 1012^[[2mms^[[22m^[[39m
test	Run tests	2026-09-25T17:35:57.2909304Z      ^[[33m^[[2m✓^[[22m^[[39m mints and persists a non-secret device id in local storage ^[[33m 1015^[[2mms^[[22m^[[39m
test	Run tests	2026-09-25T17:35:57.2910974Z      ^[[33m^[[2m✓^[[22m^[[39m reuses the persisted device id across runs rather than minting a new one ^[[33m 2024^[[2mms^[[22m^[[39m
test	Run tests	2026-09-25T17:35:57.2912742Z      ^[[33m^[[2m✓^[[22m^[[39m does not fail the import when every progress post is rejected ^[[33m 1013^[[2mms^[[22m^[[39m
test	Run tests	2026-09-25T17:35:57.2914365Z      ^[[33m^[[2m✓^[[22m^[[39m does not fail the import when the device id cannot be read or persisted ^[[33m 1016^[[2mms^[[22m^[[39m
test	Run tests	2026-09-25T17:35:57.2916215Z      ^[[33m^[[2m✓^[[22m^[[39m never puts token material on the progress wire ^[[33m 1015^[[2mms^[[22m^[[39m
test	Run tests	2026-09-25T17:35:57.6022811Z  ^[[32m✓^[[39m test/transfer-outcome-popup.spec.js ^[[2m(^[[22m^[[2m33 tests^[[22m^[[2m)^[[22m^[[32m 102^[[2mms^[[22m^[[39m
test	Run tests	2026-09-25T17:35:57.8625583Z  ^[[32m✓^[[39m test/capture-policy.spec.js ^[[2m(^[[22m^[[2m132 tests^[[22m^[[2m)^[[22m^[[32m 96^[[2mms^[[22m^[[39m
test	Run tests	2026-09-25T17:35:58.1749071Z  ^[[32m✓^[[39m test/capture-edge.spec.js ^[[2m(^[[22m^[[2m36 tests^[[22m^[[2m)^[[22m^[[32m 98^[[2mms^[[22m^[[39m
test	Run tests	2026-09-25T17:35:58.3645562Z  ^[[32m✓^[[39m test/replay-engine-edge.spec.js ^[[2m(^[[22m^[[2m16 tests^[[22m^[[2m)^[[22m^[[32m 29^[[2mms^[[22m^[[39m
test	Run tests	2026-09-25T17:35:58.5671041Z  ^[[32m✓^[[39m test/progress-reporter.spec.js ^[[2m(^[[22m^[[2m36 tests^[[22m^[[2m)^[[22m^[[32m 27^[[2mms^[[22m^[[39m
test	Run tests	2026-09-25T17:35:58.7322267Z  ^[[32m✓^[[39m test/blueprint-shapes.spec.js ^[[2m(^[[22m^[[2m60 tests^[[22m^[[2m)^[[22m^[[32m 17^[[2mms^[[22m^[[39m
test	Run tests	2026-09-25T17:35:58.9710244Z  ^[[32m✓^[[39m test/capture-buffer.spec.js ^[[2m(^[[22m^[[2m65 tests^[[22m^[[2m)^[[22m^[[32m 86^[[2mms^[[22m^[[39m
test	Run tests	2026-09-25T17:35:59.1171736Z ^[[90mstderr^[[2m | test/start-import.spec.js^[[2m > ^[[22m^[[2mstart_import — source auth loss fails closed without a TGP logout^[[2m > ^[[22m^[[2mmaps a source 401 to a source-specific failure and keeps the TGP tokens
test	Run tests	2026-09-25T17:35:59.1186994Z ^[[22m^[[39m{"src":"tgp-importer","event":"settlement_network_error"}
test	Run tests	2026-09-25T17:35:59.1187776Z 
test	Run tests	2026-09-25T17:35:59.1421209Z ^[[90mstderr^[[2m | test/start-import.spec.js^[[2m > ^[[22m^[[2mstart_import — source auth loss fails closed without a TGP logout^[[2m > ^[[22m^[[2mmaps a source 403 the same way (forbidden is also a source auth loss)
test	Run tests	2026-09-25T17:35:59.1423212Z ^[[22m^[[39m{"src":"tgp-importer","event":"settlement_network_error"}
test	Run tests	2026-09-25T17:35:59.1423763Z 
test	Run tests	2026-09-25T17:35:59.1717085Z  ^[[32m✓^[[39m test/blueprint-url-templates.spec.js ^[[2m(^[[22m^[[2m54 tests^[[22m^[[2m)^[[22m^[[32m 33^[[2mms^[[22m^[[39m
test	Run tests	2026-09-25T17:35:59.4523854Z ^[[90mstderr^[[2m | test/session-ownership.spec.js^[[2m > ^[[22m^[[2ma run whose session is replaced mid-refresh (S4-R3-A-02)^[[2m > ^[[22m^[[2mstale refresh TIMEOUT after replacement: no clear, no auth_required, run stops
test	Run tests	2026-09-25T17:35:59.4525992Z ^[[22m^[[39m{"src":"tgp-importer","event":"refresh_timeout"}
test	Run tests	2026-09-25T17:35:59.4526453Z 
test	Run tests	2026-09-25T17:36:00.4840913Z  ^[[32m✓^[[39m test/session-ownership.spec.js ^[[2m(^[[22m^[[2m7 tests^[[22m^[[2m)^[[22m^[[33m 1170^[[2mms^[[22m^[[39m
test	Run tests	2026-09-25T17:36:00.4842927Z      ^[[33m^[[2m✓^[[22m^[[39m replacement with NO 401 at all: the next batch is not sent under the replacement's bearer ^[[33m 1007^[[2mms^[[22m^[[39m
test	Run tests	2026-09-25T17:36:00.6776085Z ^[[90mstderr^[[2m | test/start-import.spec.js^[[2m > ^[[22m^[[2mstart_import — a non-auth source error fails the run without a re-pair^[[2m > ^[[22m^[[2msurfaces a source 500 as a generic ingest failure (NOT a sign-in prompt)
test	Run tests	2026-09-25T17:36:00.6778375Z ^[[22m^[[39m{"src":"tgp-importer","event":"settlement_network_error"}
test	Run tests	2026-09-25T17:36:00.6779034Z 
test	Run tests	2026-09-25T17:36:03.0178127Z ^[[90mstderr^[[2m | test/start-import.spec.js^[[2m > ^[[22m^[[2mstart_import — an absent source token sends no Authorization header^[[2m > ^[[22m^[[2momits Authorization entirely when the producer yields no token
test	Run tests	2026-09-25T17:36:03.0180415Z ^[[22m^[[39m{"src":"tgp-importer","event":"refresh_timeout"}
test	Run tests	2026-09-25T17:36:03.0181062Z 
test	Run tests	2026-09-25T17:36:05.2924730Z  ^[[32m✓^[[39m test/start-import-hardening.spec.js ^[[2m(^[[22m^[[2m7 tests^[[22m^[[2m)^[[22m^[[33m 4655^[[2mms^[[22m^[[39m
test	Run tests	2026-09-25T17:36:05.2926757Z      ^[[33m^[[2m✓^[[22m^[[39m keeps the token out of broadcasts, storage, notifications, and ingest payloads ^[[33m 1066^[[2mms^[[22m^[[39m
test	Run tests	2026-09-25T17:36:05.2928669Z      ^[[33m^[[2m✓^[[22m^[[39m reports ingest_failed and never broadcasts success when complete returns 500 ^[[33m 1017^[[2mms^[[22m^[[39m
test	Run tests	2026-09-25T17:36:05.2930537Z      ^[[33m^[[2m✓^[[22m^[[39m finalises but reports ingest_partial (not success) when a page is skipped ^[[33m 2526^[[2mms^[[22m^[[39m
test	Run tests	2026-09-25T17:36:10.7240808Z  ^[[32m✓^[[39m test/start-import.spec.js ^[[2m(^[[22m^[[2m13 tests^[[22m^[[2m)^[[22m^[[33m 22770^[[2mms^[[22m^[[39m
test	Run tests	2026-09-25T17:36:10.7243398Z      ^[[33m^[[2m✓^[[22m^[[39m authenticates every source request, ingests, completes, and succeeds ^[[33m 1026^[[2mms^[[22m^[[39m
test	Run tests	2026-09-25T17:36:10.7245400Z      ^[[33m^[[2m✓^[[22m^[[39m confines the crawl to the observed tab origin (never an off-origin host) ^[[33m 10010^[[2mms^[[22m^[[39m
test	Run tests	2026-09-25T17:36:10.7247023Z      ^[[33m^[[2m✓^[[22m^[[39m surfaces a source 500 as a generic ingest failure (NOT a sign-in prompt) ^[[33m 1531^[[2mms^[[22m^[[39m
test	Run tests	2026-09-25T17:36:10.7248732Z      ^[[33m^[[2m✓^[[22m^[[39m omits Authorization entirely when the producer yields no token ^[[33m 10030^[[2mms^[[22m^[[39m
test	Run tests	2026-09-25T17:36:11.0360866Z  ^[[32m✓^[[39m test/replay-truecoach-e2e.spec.js ^[[2m(^[[22m^[[2m4 tests^[[22m^[[2m)^[[22m^[[32m 134^[[2mms^[[22m^[[39m
test	Run tests	2026-09-25T17:36:11.2638325Z ^[[90mstderr^[[2m | test/session-lifecycle.spec.js^[[2m > ^[[22m^[[2mrefresh serialization vs logout (no stale resurrection)^[[2m > ^[[22m^[[2ma rotation-persist FAILURE preserves prior state and fails closed (no torn pair)
test	Run tests	2026-09-25T17:36:11.2640740Z ^[[22m^[[39m{"src":"tgp-importer","event":"refresh_rotation_persist_failed"}
test	Run tests	2026-09-25T17:36:11.2649927Z 
test	Run tests	2026-09-25T17:36:11.2664289Z ^[[90mstderr^[[2m | test/session-lifecycle.spec.js^[[2m > ^[[22m^[[2mrefresh serialization vs logout (no stale resurrection)^[[2m > ^[[22m^[[2ma refresh network error returns null and never throws out of refresh
test	Run tests	2026-09-25T17:36:11.2688375Z ^[[22m^[[39m{"src":"tgp-importer","event":"refresh_network_error"}
test	Run tests	2026-09-25T17:36:11.2689258Z 
test	Run tests	2026-09-25T17:36:11.2746374Z ^[[90mstderr^[[2m | test/session-lifecycle.spec.js^[[2m > ^[[22m^[[2mrefresh serialization vs logout (no stale resurrection)^[[2m > ^[[22m^[[2ma refresh that times out returns null (bounded, never hangs)
test	Run tests	2026-09-25T17:36:11.2761820Z ^[[22m^[[39m{"src":"tgp-importer","event":"refresh_timeout"}
test	Run tests	2026-09-25T17:36:11.2762254Z 
test	Run tests	2026-09-25T17:36:11.2816208Z ^[[90mstderr^[[2m | test/session-lifecycle.spec.js^[[2m > ^[[22m^[[2mrefresh serialization vs logout (no stale resurrection)^[[2m > ^[[22m^[[2ma malformed refresh body returns null (explicit parse, fail closed)
test	Run tests	2026-09-25T17:36:11.2818203Z ^[[22m^[[39m{"src":"tgp-importer","event":"refresh_body_parse_error"}
test	Run tests	2026-09-25T17:36:11.2818942Z  ^[[32m✓^[[39m test/session-lifecycle.spec.js ^[[2m(^[[22m^[[2m15 tests^[[22m^[[2m)^[[22m^[[32m 60^[[2mms^[[22m^[[39m
test	Run tests	2026-09-25T17:36:11.2820168Z 
test	Run tests	2026-09-25T17:36:11.4527069Z  ^[[32m✓^[[39m test/replay-state.spec.js ^[[2m(^[[22m^[[2m42 tests^[[22m^[[2m)^[[22m^[[32m 16^[[2mms^[[22m^[[39m
test	Run tests	2026-09-25T17:36:11.6307411Z  ^[[32m✓^[[39m test/credential-policy-regression.spec.js ^[[2m(^[[22m^[[2m60 tests^[[22m^[[2m)^[[22m^[[32m 33^[[2mms^[[22m^[[39m
test	Run tests	2026-09-25T17:36:11.9037005Z  ^[[32m✓^[[39m test/popup-server-status.spec.js ^[[2m(^[[22m^[[2m24 tests^[[22m^[[2m)^[[22m^[[32m 90^[[2mms^[[22m^[[39m
test	Run tests	2026-09-25T17:36:12.2664931Z  ^[[32m✓^[[39m test/session-establishment.spec.js ^[[2m(^[[22m^[[2m19 tests^[[22m^[[2m)^[[22m^[[32m 160^[[2mms^[[22m^[[39m
test	Run tests	2026-09-25T17:36:13.4425961Z  ^[[32m✓^[[39m test/policy-gates.spec.js ^[[2m(^[[22m^[[2m106 tests^[[22m^[[2m)^[[22m^[[33m 39560^[[2mms^[[22m^[[39m
test	Run tests	2026-09-25T17:36:13.4427782Z      ^[[33m^[[2m✓^[[22m^[[39m rejects production reference: import "./test/fixtures/customer.json"; ^[[33m 393^[[2mms^[[22m^[[39m
test	Run tests	2026-09-25T17:36:13.4429294Z      ^[[33m^[[2m✓^[[22m^[[39m rejects production reference: import value from "./fixtures/customer.js"; ^[[33m 373^[[2mms^[[22m^[[39m
test	Run tests	2026-09-25T17:36:13.4430671Z      ^[[33m^[[2m✓^[[22m^[[39m rejects production reference: import("./__mocks__/customer.js"); ^[[33m 388^[[2mms^[[22m^[[39m
test	Run tests	2026-09-25T17:36:13.4432626Z      ^[[33m^[[2m✓^[[22m^[[39m rejects production reference: const value = require("./mocks/customer.js"); ^[[33m 373^[[2mms^[[22m^[[39m
test	Run tests	2026-09-25T17:36:13.4433814Z      ^[[33m^[[2m✓^[[22m^[[39m rejects production reference: import {
test	Run tests	2026-09-25T17:36:13.4434377Z  value
test	Run tests	2026-09-25T17:36:13.4436215Z } from "./test/fixtures/customer.js"; ^[[33m 383^[[2mms^[[22m^[[39m
test	Run tests	2026-09-25T17:36:13.4437774Z      ^[[33m^[[2m✓^[[22m^[[39m rejects production reference: const value = require(`./fixtures/customer.js`); ^[[33m 397^[[2mms^[[22m^[[39m
test	Run tests	2026-09-25T17:36:13.4439372Z      ^[[33m^[[2m✓^[[22m^[[39m rejects production reference: import(`./fixtures/customer.js`, { with: { type: "json" } }); ^[[33m 414^[[2mms^[[22m^[[39m
test	Run tests	2026-09-25T17:36:13.4441396Z      ^[[33m^[[2m✓^[[22m^[[39m rejects production reference: import/* keep */"./mocks/customer.js"; ^[[33m 396^[[2mms^[[22m^[[39m
test	Run tests	2026-09-25T17:36:13.4443220Z      ^[[33m^[[2m✓^[[22m^[[39m rejects production reference: const value = require (/* keep */ "./mocks/customer.js"); ^[[33m 405^[[2mms^[[22m^[[39m
test	Run tests	2026-09-25T17:36:13.4445227Z      ^[[33m^[[2m✓^[[22m^[[39m rejects production reference: import value from "./fixtures/customer.json" with { type: "json" }; ^[[33m 404^[[2mms^[[22m^[[39m
test	Run tests	2026-09-25T17:36:13.4447085Z      ^[[33m^[[2m✓^[[22m^[[39m rejects production reference: import("./test/fixt\u0075res/customer.js"); ^[[33m 383^[[2mms^[[22m^[[39m
test	Run tests	2026-09-25T17:36:13.4448835Z      ^[[33m^[[2m✓^[[22m^[[39m rejects production reference: import("./test/" + "fixtures/customer.js"); ^[[33m 385^[[2mms^[[22m^[[39m
test	Run tests	2026-09-25T17:36:13.4457412Z      ^[[33m^[[2m✓^[[22m^[[39m rejects production reference: import(`./${"fixtures"}/customer.js`); ^[[33m 408^[[2mms^[[22m^[[39m
test	Run tests	2026-09-25T17:36:13.4459038Z      ^[[33m^[[2m✓^[[22m^[[39m rejects production reference: import(`./test/${"fixtures"}/customer.js`); ^[[33m 390^[[2mms^[[22m^[[39m
test	Run tests	2026-09-25T17:36:13.4460598Z      ^[[33m^[[2m✓^[[22m^[[39m rejects production reference: const p = "./fixtures/customer.js"; import(p); ^[[33m 386^[[2mms^[[22m^[[39m
test	Run tests	2026-09-25T17:36:13.4462089Z      ^[[33m^[[2m✓^[[22m^[[39m rejects production reference: import(String.raw`./fixtures/customer.js`); ^[[33m 388^[[2mms^[[22m^[[39m
test	Run tests	2026-09-25T17:36:13.4463687Z      ^[[33m^[[2m✓^[[22m^[[39m rejects production reference: import(String.raw`./test/fixt${"ures"}/customer.js`); ^[[33m 405^[[2mms^[[22m^[[39m
test	Run tests	2026-09-25T17:36:13.4475530Z      ^[[33m^[[2m✓^[[22m^[[39m rejects production reference: import(String.raw`./test/${`fixt${"ures"}`}/customer.js`); ^[[33m 398^[[2mms^[[22m^[[39m
test	Run tests	2026-09-25T17:36:13.4477380Z      ^[[33m^[[2m✓^[[22m^[[39m accepts ordinary production imports ^[[33m 389^[[2mms^[[22m^[[39m
test	Run tests	2026-09-25T17:36:13.4478914Z      ^[[33m^[[2m✓^[[22m^[[39m resolves shadowed const fixture paths in their lexical functions ^[[33m 395^[[2mms^[[22m^[[39m
test	Run tests	2026-09-25T17:36:13.4480513Z      ^[[33m^[[2m✓^[[22m^[[39m rejects forbidden marker const state = 'STUB'; ^[[33m 388^[[2mms^[[22m^[[39m
test	Run tests	2026-09-25T17:36:13.4482120Z      ^[[33m^[[2m✓^[[22m^[[39m rejects forbidden marker fetch('http://localhost:3000/api'); ^[[33m 388^[[2mms^[[22m^[[39m
test	Run tests	2026-09-25T17:36:13.4483833Z      ^[[33m^[[2m✓^[[22m^[[39m rejects forbidden marker fetch('https://example.com/api'); ^[[33m 391^[[2mms^[[22m^[[39m
test	Run tests	2026-09-25T17:36:13.4485594Z      ^[[33m^[[2m✓^[[22m^[[39m rejects forbidden marker const key = 'pk_test_123'; ^[[33m 391^[[2mms^[[22m^[[39m
test	Run tests	2026-09-25T17:36:13.4486951Z      ^[[33m^[[2m✓^[[22m^[[39m rejects forbidden marker const state = 'MOCK'; ^[[33m 392^[[2mms^[[22m^[[39m
test	Run tests	2026-09-25T17:36:13.4488353Z      ^[[33m^[[2m✓^[[22m^[[39m rejects forbidden marker const state = 'FAKE'; ^[[33m 386^[[2mms^[[22m^[[39m
test	Run tests	2026-09-25T17:36:13.4489773Z      ^[[33m^[[2m✓^[[22m^[[39m rejects forbidden marker const state = 'PLACEHOLDER'; ^[[33m 381^[[2mms^[[22m^[[39m
test	Run tests	2026-09-25T17:36:13.4491137Z      ^[[33m^[[2m✓^[[22m^[[39m rejects forbidden marker fetch('http://127.0.0.1:8080/api'); ^[[33m 390^[[2mms^[[22m^[[39m
test	Run tests	2026-09-25T17:36:13.4492379Z      ^[[33m^[[2m✓^[[22m^[[39m rejects forbidden marker const state = "MO" + "CK"; ^[[33m 384^[[2mms^[[22m^[[39m
test	Run tests	2026-09-25T17:36:13.4493681Z      ^[[33m^[[2m✓^[[22m^[[39m rejects forbidden marker const host = "http://127.0.0." + "1:8080"; ^[[33m 404^[[2mms^[[22m^[[39m
test	Run tests	2026-09-25T17:36:13.4495653Z      ^[[33m^[[2m✓^[[22m^[[39m rejects forbidden marker const state = ['M','O','C','K'].join(''); ^[[33m 425^[[2mms^[[22m^[[39m
test	Run tests	2026-09-25T17:36:13.4496886Z      ^[[33m^[[2m✓^[[22m^[[39m rejects forbidden marker const state = `M${"O"}CK`; ^[[33m 379^[[2mms^[[22m^[[39m
test	Run tests	2026-09-25T17:36:13.4498015Z      ^[[33m^[[2m✓^[[22m^[[39m rejects forbidden marker const state = `MO${"CK"}`; ^[[33m 420^[[2mms^[[22m^[[39m
test	Run tests	2026-09-25T17:36:13.4499136Z      ^[[33m^[[2m✓^[[22m^[[39m rejects forbidden marker const state = "\u004dOCK"; ^[[33m 463^[[2mms^[[22m^[[39m
test	Run tests	2026-09-25T17:36:13.4500449Z      ^[[33m^[[2m✓^[[22m^[[39m rejects forbidden marker const left = "MO"; const state = left + "CK"; ^[[33m 397^[[2mms^[[22m^[[39m
test	Run tests	2026-09-25T17:36:13.4502255Z      ^[[33m^[[2m✓^[[22m^[[39m rejects forbidden marker const state = String.fromCharCode(77, 79, 67, 75); ^[[33m 362^[[2mms^[[22m^[[39m
test	Run tests	2026-09-25T17:36:13.4503856Z      ^[[33m^[[2m✓^[[22m^[[39m rejects forbidden marker const state = ["m", "o", "c", "k"].map((x) => x.toUpperCase()).join(""); ^[[33m 387^[[2mms^[[22m^[[39m
test	Run tests	2026-09-25T17:36:13.4505653Z      ^[[33m^[[2m✓^[[22m^[[39m rejects forbidden marker const state = ["M", ...["O", "C"], "K"].join(""); ^[[33m 393^[[2mms^[[22m^[[39m
test	Run tests	2026-09-25T17:36:13.4507148Z      ^[[33m^[[2m✓^[[22m^[[39m accepts defensive localhost text but reports only a static preflight ^[[33m 388^[[2mms^[[22m^[[39m
test	Run tests	2026-09-25T17:36:13.4508361Z      ^[[33m^[[2m✓^[[22m^[[39m rejects an unwired or missing background entrypoint ^[[33m 1514^[[2mms^[[22m^[[39m
test	Run tests	2026-09-25T17:36:13.4509659Z      ^[[33m^[[2m✓^[[22m^[[39m resolves shadowed composed markers in their lexical functions ^[[33m 383^[[2mms^[[22m^[[39m
test	Run tests	2026-09-25T17:36:13.4510986Z      ^[[33m^[[2m✓^[[22m^[[39m rejects a banned addition in test/r75-mutant.ts ^[[33m 450^[[2mms^[[22m^[[39m
test	Run tests	2026-09-25T17:36:13.4512130Z      ^[[33m^[[2m✓^[[22m^[[39m rejects a banned addition in src/type-assertion.ts ^[[33m 430^[[2mms^[[22m^[[39m
test	Run tests	2026-09-25T17:36:13.4513239Z      ^[[33m^[[2m✓^[[22m^[[39m rejects a banned addition in src/r75-mutant.jsx ^[[33m 441^[[2mms^[[22m^[[39m
test	Run tests	2026-09-25T17:36:13.4514433Z      ^[[33m^[[2m✓^[[22m^[[39m rejects a banned addition in src/multiline.ts ^[[33m 445^[[2mms^[[22m^[[39m
test	Run tests	2026-09-25T17:36:13.4516125Z      ^[[33m^[[2m✓^[[22m^[[39m rejects a banned addition in src/comment.ts ^[[33m 452^[[2mms^[[22m^[[39m
test	Run tests	2026-09-25T17:36:13.4517247Z      ^[[33m^[[2m✓^[[22m^[[39m rejects a banned addition in src/catch.ts ^[[33m 436^[[2mms^[[22m^[[39m
test	Run tests	2026-09-25T17:36:13.4518493Z      ^[[33m^[[2m✓^[[22m^[[39m rejects a banned addition in src/catch-comment.ts ^[[33m 423^[[2mms^[[22m^[[39m
test	Run tests	2026-09-25T17:36:13.4519733Z      ^[[33m^[[2m✓^[[22m^[[39m rejects a banned addition in src/url.ts ^[[33m 437^[[2mms^[[22m^[[39m
test	Run tests	2026-09-25T17:36:13.4520986Z      ^[[33m^[[2m✓^[[22m^[[39m rejects a banned addition in src/string-comment.ts ^[[33m 443^[[2mms^[[22m^[[39m
test	Run tests	2026-09-25T17:36:13.4522341Z      ^[[33m^[[2m✓^[[22m^[[39m rejects a banned addition in src/string-block.ts ^[[33m 439^[[2mms^[[22m^[[39m
test	Run tests	2026-09-25T17:36:13.4523525Z      ^[[33m^[[2m✓^[[22m^[[39m rejects a banned addition in src/regex.ts ^[[33m 445^[[2mms^[[22m^[[39m
test	Run tests	2026-09-25T17:36:13.4524700Z      ^[[33m^[[2m✓^[[22m^[[39m rejects a banned addition in src/function.ts ^[[33m 461^[[2mms^[[22m^[[39m
test	Run tests	2026-09-25T17:36:13.4526591Z      ^[[33m^[[2m✓^[[22m^[[39m rejects a banned addition in src/empty-statement.ts ^[[33m 495^[[2mms^[[22m^[[39m
test	Run tests	2026-09-25T17:36:13.4527881Z      ^[[33m^[[2m✓^[[22m^[[39m rejects a banned addition in src/parenthesized.ts ^[[33m 516^[[2mms^[[22m^[[39m
test	Run tests	2026-09-25T17:36:13.4529094Z      ^[[33m^[[2m✓^[[22m^[[39m rejects a banned addition in src/void.ts ^[[33m 503^[[2mms^[[22m^[[39m
test	Run tests	2026-09-25T17:36:13.4530418Z      ^[[33m^[[2m✓^[[22m^[[39m does not mistake banned-looking string contents for executable syntax ^[[33m 481^[[2mms^[[22m^[[39m
test	Run tests	2026-09-25T17:36:13.4531887Z      ^[[33m^[[2m✓^[[22m^[[39m parses a changed line together with unchanged multiline context ^[[33m 484^[[2mms^[[22m^[[39m
test	Run tests	2026-09-25T17:36:13.4533305Z      ^[[33m^[[2m✓^[[22m^[[39m does not let a same-file removal mask an unrelated banned addition ^[[33m 449^[[2mms^[[22m^[[39m
test	Run tests	2026-09-25T17:36:13.4534733Z      ^[[33m^[[2m✓^[[22m^[[39m does not cancel identical findings between named functions ^[[33m 452^[[2mms^[[22m^[[39m
test	Run tests	2026-09-25T17:36:13.4536591Z      ^[[33m^[[2m✓^[[22m^[[39m does not cancel identical findings between assigned arrow functions ^[[33m 473^[[2mms^[[22m^[[39m
test	Run tests	2026-09-25T17:36:13.4538062Z      ^[[33m^[[2m✓^[[22m^[[39m does not cancel identical findings between anonymous callbacks ^[[33m 455^[[2mms^[[22m^[[39m
test	Run tests	2026-09-25T17:36:13.4539793Z      ^[[33m^[[2m✓^[[22m^[[39m preserves a callback finding across sibling insertions at every position ^[[33m 449^[[2mms^[[22m^[[39m
test	Run tests	2026-09-25T17:36:13.4541605Z      ^[[33m^[[2m✓^[[22m^[[39m does not cancel nested findings under different outer callbacks ^[[33m 435^[[2mms^[[22m^[[39m
test	Run tests	2026-09-25T17:36:13.4543267Z      ^[[33m^[[2m✓^[[22m^[[39m preserves a finding across harmless edits elsewhere in its callback ^[[33m 452^[[2mms^[[22m^[[39m
test	Run tests	2026-09-25T17:36:13.4544887Z      ^[[33m^[[2m✓^[[22m^[[39m preserves a finding when surrounding callback statements are deleted ^[[33m 438^[[2mms^[[22m^[[39m
test	Run tests	2026-09-25T17:36:13.4546726Z      ^[[33m^[[2m✓^[[22m^[[39m tracks callbacks with different bodies at the same call site independently ^[[33m 441^[[2mms^[[22m^[[39m
test	Run tests	2026-09-25T17:36:13.4548275Z      ^[[33m^[[2m✓^[[22m^[[39m rejects a duplicate-path transfer when surrounding statements swap ^[[33m 435^[[2mms^[[22m^[[39m
test	Run tests	2026-09-25T17:36:13.4549532Z      ^[[33m^[[2m✓^[[22m^[[39m preserves a duplicate-path finding when complete callbacks reorder ^[[33m 474^[[2mms^[[22m^[[39m
test	Run tests	2026-09-25T17:36:13.4550743Z      ^[[33m^[[2m✓^[[22m^[[39m rejects a new finding in a third duplicate-path callback ^[[33m 443^[[2mms^[[22m^[[39m
test	Run tests	2026-09-25T17:36:13.4552127Z      ^[[33m^[[2m✓^[[22m^[[39m does not collide duplicate and nested function names ^[[33m 472^[[2mms^[[22m^[[39m
test	Run tests	2026-09-25T17:36:13.4553228Z      ^[[33m^[[2m✓^[[22m^[[39m preserves grandfathered findings across a pure rename ^[[33m 445^[[2mms^[[22m^[[39m
test	Run tests	2026-09-25T17:36:13.4554033Z      ^[[33m^[[2m✓^[[22m^[[39m treats the hostile filename "evil$(touch PWNED).ts" only as data ^[[33m 443^[[2mms^[[22m^[[39m
test	Run tests	2026-09-25T17:36:13.4554805Z      ^[[33m^[[2m✓^[[22m^[[39m treats the hostile filename "evil`touch PWNED`.ts" only as data ^[[33m 424^[[2mms^[[22m^[[39m
test	Run tests	2026-09-25T17:36:13.4556096Z      ^[[33m^[[2m✓^[[22m^[[39m treats the hostile filename "evil\"quote.ts" only as data ^[[33m 442^[[2mms^[[22m^[[39m
test	Run tests	2026-09-25T17:36:13.4557328Z      ^[[33m^[[2m✓^[[22m^[[39m treats the hostile filename "evil'quote.ts" only as data ^[[33m 442^[[2mms^[[22m^[[39m
test	Run tests	2026-09-25T17:36:13.4558703Z      ^[[33m^[[2m✓^[[22m^[[39m treats the hostile filename "evil\nnewline.ts" only as data ^[[33m 437^[[2mms^[[22m^[[39m
test	Run tests	2026-09-25T17:36:13.4560077Z      ^[[33m^[[2m✓^[[22m^[[39m treats the hostile filename "-leading-dash.ts" only as data ^[[33m 439^[[2mms^[[22m^[[39m
test	Run tests	2026-09-25T17:36:13.4561309Z      ^[[33m^[[2m✓^[[22m^[[39m treats the hostile filename "evil;&|<>.ts" only as data ^[[33m 451^[[2mms^[[22m^[[39m
test	Run tests	2026-09-25T17:36:13.4562458Z      ^[[33m^[[2m✓^[[22m^[[39m checks merge-commit author and committer identity ^[[33m 461^[[2mms^[[22m^[[39m
test	Run tests	2026-09-25T17:36:13.4563835Z      ^[[33m^[[2m✓^[[22m^[[39m rejects a semantic error in test JavaScript through both entrypoints ^[[33m 3280^[[2mms^[[22m^[[39m
test	Run tests	2026-09-25T17:36:13.6473375Z ^[[90mstderr^[[2m | test/session-refresh-path.spec.js^[[2m > ^[[22m^[[2mno refresh-token persistence regression^[[2m > ^[[22m^[[2mkeeps the stored token when the network call rejects
test	Run tests	2026-09-25T17:36:13.6474811Z ^[[22m^[[39m{"src":"tgp-importer","event":"refresh_network_error"}
test	Run tests	2026-09-25T17:36:13.6475232Z 
test	Run tests	2026-09-25T17:36:13.6488771Z ^[[90mstderr^[[2m | test/session-refresh-path.spec.js^[[2m > ^[[22m^[[2mno refresh-token persistence regression^[[2m > ^[[22m^[[2mkeeps the stored token when the response body is unparseable
test	Run tests	2026-09-25T17:36:13.6490090Z ^[[22m^[[39m{"src":"tgp-importer","event":"refresh_body_parse_error"}
test	Run tests	2026-09-25T17:36:13.6490757Z 
test	Run tests	2026-09-25T17:36:13.6631014Z  ^[[32m✓^[[39m test/session-refresh-path.spec.js ^[[2m(^[[22m^[[2m19 tests^[[22m^[[2m)^[[22m^[[32m 47^[[2mms^[[22m^[[39m
test	Run tests	2026-09-25T17:36:14.0245525Z  ^[[32m✓^[[39m test/package-integrity.spec.js ^[[2m(^[[22m^[[2m16 tests^[[22m^[[2m)^[[22m^[[33m 373^[[2mms^[[22m^[[39m
test	Run tests	2026-09-25T17:36:14.0340129Z  ^[[32m✓^[[39m test/transfer-outcome-wire.spec.js ^[[2m(^[[22m^[[2m12 tests^[[22m^[[2m)^[[22m^[[32m 207^[[2mms^[[22m^[[39m
test	Run tests	2026-09-25T17:36:14.2414002Z  ^[[32m✓^[[39m test/import-status-contract.spec.js ^[[2m(^[[22m^[[2m52 tests^[[22m^[[2m)^[[22m^[[32m 32^[[2mms^[[22m^[[39m
test	Run tests	2026-09-25T17:36:14.3687942Z  ^[[32m✓^[[39m test/source-fetch-boundary.spec.js ^[[2m(^[[22m^[[2m16 tests^[[22m^[[2m)^[[22m^[[32m 145^[[2mms^[[22m^[[39m
test	Run tests	2026-09-25T17:36:14.4068564Z  ^[[32m✓^[[39m test/conformance-alpha.spec.js ^[[2m(^[[22m^[[2m14 tests^[[22m^[[2m)^[[22m^[[32m 18^[[2mms^[[22m^[[39m
test	Run tests	2026-09-25T17:36:14.5567154Z  ^[[32m✓^[[39m test/replay-boundary-fix.spec.js ^[[2m(^[[22m^[[2m82 tests^[[22m^[[2m)^[[22m^[[32m 37^[[2mms^[[22m^[[39m
test	Run tests	2026-09-25T17:36:14.5598831Z ^[[90mstderr^[[2m | test/pairing.spec.js^[[2m > ^[[22m^[[2mfinite timeout + explicit body parsing^[[2m > ^[[22m^[[2mmaps a redeem timeout to distinct, user-visible copy (never hangs)
test	Run tests	2026-09-25T17:36:14.5606640Z ^[[22m^[[39m{"src":"tgp-importer","event":"pair_timeout"}
test	Run tests	2026-09-25T17:36:14.5607384Z 
test	Run tests	2026-09-25T17:36:14.5622307Z ^[[90mstderr^[[2m | test/pairing.spec.js^[[2m > ^[[22m^[[2mfinite timeout + explicit body parsing^[[2m > ^[[22m^[[2mtreats a malformed 2xx body as an unexpected response (explicit map, no silent swallow)
test	Run tests	2026-09-25T17:36:14.5631448Z ^[[22m^[[39m{"src":"tgp-importer","event":"pair_body_parse_error"}
test	Run tests	2026-09-25T17:36:14.5632168Z 
test	Run tests	2026-09-25T17:36:14.5633799Z ^[[90mstderr^[[2m | test/pairing.spec.js^[[2m > ^[[22m^[[2mfinite timeout + explicit body parsing^[[2m > ^[[22m^[[2mtreats a malformed error body as a generic failure (explicit map)
test	Run tests	2026-09-25T17:36:14.5635828Z ^[[22m^[[39m{"src":"tgp-importer","event":"pair_body_parse_error"}
test	Run tests	2026-09-25T17:36:14.5636564Z 
test	Run tests	2026-09-25T17:36:14.5688307Z ^[[90mstderr^[[2m | test/pairing.spec.js^[[2m > ^[[22m^[[2mdegenerate responses fail closed^[[2m > ^[[22m^[[2msurfaces a network failure without leaking anything
test	Run tests	2026-09-25T17:36:14.5691624Z ^[[22m^[[39m{"src":"tgp-importer","event":"pair_network_error"}
test	Run tests	2026-09-25T17:36:14.5784168Z 
test	Run tests	2026-09-25T17:36:14.5785920Z  ^[[32m✓^[[39m test/pairing.spec.js ^[[2m(^[[22m^[[2m20 tests^[[22m^[[2m)^[[22m^[[32m 21^[[2mms^[[22m^[[39m
test	Run tests	2026-09-25T17:36:14.7537057Z  ^[[32m✓^[[39m test/transfer-outcome-model.spec.js ^[[2m(^[[22m^[[2m37 tests^[[22m^[[2m)^[[22m^[[32m 42^[[2mms^[[22m^[[39m
test	Run tests	2026-09-25T17:36:14.7557370Z  ^[[32m✓^[[39m test/replay-backoff.spec.js ^[[2m(^[[22m^[[2m20 tests^[[22m^[[2m)^[[22m^[[32m 14^[[2mms^[[22m^[[39m
test	Run tests	2026-09-25T17:36:15.0449484Z  ^[[32m✓^[[39m test/server-status-worker.spec.js ^[[2m(^[[22m^[[2m11 tests^[[22m^[[2m)^[[22m^[[32m 145^[[2mms^[[22m^[[39m
test	Run tests	2026-09-25T17:36:15.2159896Z  ^[[32m✓^[[39m test/popup-prestart-copy.spec.js ^[[2m(^[[22m^[[2m29 tests^[[22m^[[2m)^[[22m^[[32m 24^[[2mms^[[22m^[[39m
test	Run tests	2026-09-25T17:36:15.3744588Z  ^[[32m✓^[[39m test/popup-start-import.spec.js ^[[2m(^[[22m^[[2m12 tests^[[22m^[[2m)^[[22m^[[32m 21^[[2mms^[[22m^[[39m
test	Run tests	2026-09-25T17:36:15.7193858Z  ^[[32m✓^[[39m test/ingest-acknowledgement.spec.js ^[[2m(^[[22m^[[2m17 tests^[[22m^[[2m)^[[22m^[[32m 215^[[2mms^[[22m^[[39m
test	Run tests	2026-09-25T17:36:16.2186069Z  ^[[32m✓^[[39m test/replay-pagination-outcome.spec.js ^[[2m(^[[22m^[[2m9 tests^[[22m^[[2m)^[[22m^[[33m 327^[[2mms^[[22m^[[39m
test	Run tests	2026-09-25T17:36:16.3897164Z  ^[[32m✓^[[39m test/replay-empty-outcome.spec.js ^[[2m(^[[22m^[[2m10 tests^[[22m^[[2m)^[[22m^[[32m 11^[[2mms^[[22m^[[39m
test	Run tests	2026-09-25T17:36:16.5643341Z  ^[[32m✓^[[39m test/net.spec.js ^[[2m(^[[22m^[[2m11 tests^[[22m^[[2m)^[[22m^[[32m 18^[[2mms^[[22m^[[39m
test	Run tests	2026-09-25T17:36:16.7067154Z  ^[[32m✓^[[39m test/replay-entity-counts.spec.js ^[[2m(^[[22m^[[2m6 tests^[[22m^[[2m)^[[22m^[[32m 10^[[2mms^[[22m^[[39m
test	Run tests	2026-09-25T17:36:16.9011608Z  ^[[32m✓^[[39m test/content-entrypoint.spec.js ^[[2m(^[[22m^[[2m7 tests^[[22m^[[2m)^[[22m^[[32m 20^[[2mms^[[22m^[[39m
test	Run tests	2026-09-25T17:36:17.0746205Z  ^[[32m✓^[[39m test/capture-fixtures.spec.js ^[[2m(^[[22m^[[2m4 tests^[[22m^[[2m)^[[22m^[[32m 16^[[2mms^[[22m^[[39m
test	Run tests	2026-09-25T17:36:17.2153006Z  ^[[32m✓^[[39m test/replay-truecoach-blueprint.spec.js ^[[2m(^[[22m^[[2m11 tests^[[22m^[[2m)^[[22m^[[32m 10^[[2mms^[[22m^[[39m
test	Run tests	2026-09-25T17:36:17.5167635Z  ^[[32m✓^[[39m test/router-principal-gate.spec.js ^[[2m(^[[22m^[[2m9 tests^[[22m^[[2m)^[[22m^[[32m 150^[[2mms^[[22m^[[39m
test	Run tests	2026-09-25T17:36:17.6937050Z  ^[[32m✓^[[39m test/net-retry-after.spec.js ^[[2m(^[[22m^[[2m29 tests^[[22m^[[2m)^[[22m^[[32m 30^[[2mms^[[22m^[[39m
test	Run tests	2026-09-25T17:36:17.8548988Z  ^[[32m✓^[[39m test/content-collector.spec.js ^[[2m(^[[22m^[[2m10 tests^[[22m^[[2m)^[[22m^[[32m 20^[[2mms^[[22m^[[39m
test	Run tests	2026-09-25T17:36:18.0099407Z  ^[[32m✓^[[39m test/storage-policy.spec.js ^[[2m(^[[22m^[[2m5 tests^[[22m^[[2m)^[[22m^[[32m 11^[[2mms^[[22m^[[39m
test	Run tests	2026-09-25T17:36:18.1913508Z  ^[[32m✓^[[39m test/replay-array-boundary.spec.js ^[[2m(^[[22m^[[2m24 tests^[[22m^[[2m)^[[22m^[[32m 22^[[2mms^[[22m^[[39m
test	Run tests	2026-09-25T17:36:18.4056831Z  ^[[32m✓^[[39m test/ingest-auth.spec.js ^[[2m(^[[22m^[[2m4 tests^[[22m^[[2m)^[[22m^[[32m 84^[[2mms^[[22m^[[39m
test	Run tests	2026-09-25T17:36:18.5727202Z  ^[[32m✓^[[39m test/capture-lifecycle.spec.js ^[[2m(^[[22m^[[2m6 tests^[[22m^[[2m)^[[22m^[[32m 16^[[2mms^[[22m^[[39m
test	Run tests	2026-09-25T17:36:18.7286166Z  ^[[32m✓^[[39m test/blueprint-c2a-fixture.spec.js ^[[2m(^[[22m^[[2m5 tests^[[22m^[[2m)^[[22m^[[32m 15^[[2mms^[[22m^[[39m
test	Run tests	2026-09-25T17:36:18.8761828Z  ^[[32m✓^[[39m test/capture-extra.spec.js ^[[2m(^[[22m^[[2m13 tests^[[22m^[[2m)^[[22m^[[32m 11^[[2mms^[[22m^[[39m
test	Run tests	2026-09-25T17:36:19.0314781Z  ^[[32m✓^[[39m test/replay-lastskip.spec.js ^[[2m(^[[22m^[[2m4 tests^[[22m^[[2m)^[[22m^[[32m 8^[[2mms^[[22m^[[39m
test	Run tests	2026-09-25T17:36:19.0654283Z  ^[[32m✓^[[39m test/policy-alignment.spec.js ^[[2m(^[[22m^[[2m19 tests^[[22m^[[2m)^[[22m^[[33m 4128^[[2mms^[[22m^[[39m
test	Run tests	2026-09-25T17:36:19.0655970Z      ^[[33m^[[2m✓^[[22m^[[39m checks a large source-only change: clean ^[[33m 524^[[2mms^[[22m^[[39m
test	Run tests	2026-09-25T17:36:19.0657270Z      ^[[33m^[[2m✓^[[22m^[[39m checks a large source-only change: silent catch ^[[33m 526^[[2mms^[[22m^[[39m
test	Run tests	2026-09-25T17:36:19.0658655Z      ^[[33m^[[2m✓^[[22m^[[39m checks a large source-only change: dependency pin ^[[33m 534^[[2mms^[[22m^[[39m
test	Run tests	2026-09-25T17:36:19.0659902Z      ^[[33m^[[2m✓^[[22m^[[39m checks a large source-only change: author ^[[33m 510^[[2mms^[[22m^[[39m
test	Run tests	2026-09-25T17:36:19.0661186Z      ^[[33m^[[2m✓^[[22m^[[39m checks a large source-only change: committer ^[[33m 534^[[2mms^[[22m^[[39m
test	Run tests	2026-09-25T17:36:19.0662647Z      ^[[33m^[[2m✓^[[22m^[[39m the unchanged test command fails when no tests are discovered ^[[33m 307^[[2mms^[[22m^[[39m
test	Run tests	2026-09-25T17:36:19.1799960Z  ^[[32m✓^[[39m test/replay-resolve.spec.js ^[[2m(^[[22m^[[2m8 tests^[[22m^[[2m)^[[22m^[[32m 8^[[2mms^[[22m^[[39m
test	Run tests	2026-09-25T17:36:19.2114443Z  ^[[32m✓^[[39m test/ingest-envelope.spec.js ^[[2m(^[[22m^[[2m6 tests^[[22m^[[2m)^[[22m^[[32m 6^[[2mms^[[22m^[[39m
test	Run tests	2026-09-25T17:36:19.3358926Z  ^[[32m✓^[[39m test/protocol.spec.js ^[[2m(^[[22m^[[2m7 tests^[[22m^[[2m)^[[22m^[[32m 6^[[2mms^[[22m^[[39m
test	Run tests	2026-09-25T17:36:19.3744053Z  ^[[32m✓^[[39m test/log.spec.js ^[[2m(^[[22m^[[2m4 tests^[[22m^[[2m)^[[22m^[[32m 10^[[2mms^[[22m^[[39m
test	Run tests	2026-09-25T17:36:19.5004852Z  ^[[32m✓^[[39m test/popup-staging.spec.js ^[[2m(^[[22m^[[2m2 tests^[[22m^[[2m)^[[22m^[[32m 13^[[2mms^[[22m^[[39m
test	Run tests	2026-09-25T17:36:19.5261525Z  ^[[32m✓^[[39m test/ingest-timeout-bound.spec.js ^[[2m(^[[22m^[[2m3 tests^[[22m^[[2m)^[[22m^[[32m 5^[[2mms^[[22m^[[39m
test	Run tests	2026-09-25T17:36:19.6668836Z  ^[[32m✓^[[39m test/refresh-coalesce.spec.js ^[[2m(^[[22m^[[2m1 test^[[22m^[[2m)^[[22m^[[32m 41^[[2mms^[[22m^[[39m
test	Run tests	2026-09-25T17:36:19.6842046Z  ^[[32m✓^[[39m test/ingest-ack-cancellation.spec.js ^[[2m(^[[22m^[[2m1 test^[[22m^[[2m)^[[22m^[[32m 33^[[2mms^[[22m^[[39m
test	Run tests	2026-09-25T17:36:19.7922427Z  ^[[32m✓^[[39m test/pair-ui-catch.spec.js ^[[2m(^[[22m^[[2m1 test^[[22m^[[2m)^[[22m^[[32m 3^[[2mms^[[22m^[[39m
test	Run tests	2026-09-25T17:36:36.2016865Z  ^[[32m✓^[[39m test/ingest-legacy-settlement.spec.js ^[[2m(^[[22m^[[2m10 tests^[[22m^[[2m)^[[22m^[[33m 30767^[[2mms^[[22m^[[39m
test	Run tests	2026-09-25T17:36:36.2018626Z      ^[[33m^[[2m✓^[[22m^[[39m settles terminal_status partial, not success, and shows the coach ingest_empty ^[[33m 4076^[[2mms^[[22m^[[39m
test	Run tests	2026-09-25T17:36:36.2020113Z      ^[[33m^[[2m✓^[[22m^[[39m carries an error_summary telling the coach to verify, and an empty tally ^[[33m 4016^[[2mms^[[22m^[[39m
test	Run tests	2026-09-25T17:36:36.2021078Z      ^[[33m^[[2m✓^[[22m^[[39m sends only ScoutCompleteDto fields and no token material ^[[33m 4026^[[2mms^[[22m^[[39m
test	Run tests	2026-09-25T17:36:36.2022064Z      ^[[33m^[[2m✓^[[22m^[[39m does not raise an OS notification claiming the import completed ^[[33m 4030^[[2mms^[[22m^[[39m
test	Run tests	2026-09-25T17:36:36.2022970Z      ^[[33m^[[2m✓^[[22m^[[39m settles success with final_counts keyed by entity type ^[[33m 4040^[[2mms^[[22m^[[39m
test	Run tests	2026-09-25T17:36:36.2023917Z      ^[[33m^[[2m✓^[[22m^[[39m tallies exactly what the backend acked, summed per entity type ^[[33m 4021^[[2mms^[[22m^[[39m
test	Run tests	2026-09-25T17:36:36.2025455Z      ^[[33m^[[2m✓^[[22m^[[39m carries no error_summary when records did come across ^[[33m 4018^[[2mms^[[22m^[[39m
test	Run tests	2026-09-25T17:36:36.2026423Z      ^[[33m^[[2m✓^[[22m^[[39m fails the run rather than settling a tally that includes an unacked batch ^[[33m 510^[[2mms^[[22m^[[39m
test	Run tests	2026-09-25T17:36:36.2027485Z      ^[[33m^[[2m✓^[[22m^[[39m carries the already-ACKed tally into the failure settlement, not an omission ^[[33m 1518^[[2mms^[[22m^[[39m
test	Run tests	2026-09-25T17:36:36.2028583Z      ^[[33m^[[2m✓^[[22m^[[39m omits final_counts (rather than sending an empty object) when nothing was ACKed yet ^[[33m 509^[[2mms^[[22m^[[39m
test	Run tests	2026-09-25T17:36:36.2093391Z 
test	Run tests	2026-09-25T17:36:36.2109961Z ^[[2m Test Files ^[[22m ^[[1m^[[32m69 passed^[[39m^[[22m^[[90m (69)^[[39m
test	Run tests	2026-09-25T17:36:36.2123446Z ^[[2m      Tests ^[[22m ^[[1m^[[32m1859 passed^[[39m^[[22m^[[90m (1859)^[[39m
test	Run tests	2026-09-25T17:36:36.2124240Z ^[[2m   Start at ^[[22m 17:35:33
test	Run tests	2026-09-25T17:36:36.2126490Z ^[[2m   Duration ^[[22m 62.97s^[[2m (transform 1.35s, setup 0ms, import 3.59s, tests 143.31s, environment 7ms)^[[22m
test	Run tests	2026-09-25T17:36:36.2128832Z 
test	Dependency audit (HIGH/CRITICAL block)	﻿2026-09-25T17:36:36.2441886Z ##[group]Run npm audit --audit-level=high
test	Dependency audit (HIGH/CRITICAL block)	2026-09-25T17:36:36.2442234Z ^[[36;1mnpm audit --audit-level=high^[[0m
test	Dependency audit (HIGH/CRITICAL block)	2026-09-25T17:36:36.2479770Z shell: /usr/bin/bash -e {0}
test	Dependency audit (HIGH/CRITICAL block)	2026-09-25T17:36:36.2480059Z ##[endgroup]
test	Dependency audit (HIGH/CRITICAL block)	2026-09-25T17:36:36.6326098Z found 0 vulnerabilities
test	Banned-token net (silent catches + R3 commit identity)	﻿2026-09-25T17:36:36.6424451Z ##[group]Run node scripts/check-banned.mjs
test	Banned-token net (silent catches + R3 commit identity)	2026-09-25T17:36:36.6424804Z ^[[36;1mnode scripts/check-banned.mjs^[[0m
test	Banned-token net (silent catches + R3 commit identity)	2026-09-25T17:36:36.6463108Z shell: /usr/bin/bash -e {0}
test	Banned-token net (silent catches + R3 commit identity)	2026-09-25T17:36:36.6463396Z ##[endgroup]
test	Banned-token net (silent catches + R3 commit identity)	2026-09-25T17:36:37.3288266Z OK: banned-token net clean (source patterns + origin/land/s4-r6 commit identity)
test	Flag discipline (R109 / NO-DARK-MERGES)	﻿2026-09-25T17:36:37.3427216Z ##[group]Run node scripts/check-flag-discipline.mjs
test	Flag discipline (R109 / NO-DARK-MERGES)	2026-09-25T17:36:37.3427630Z ^[[36;1mnode scripts/check-flag-discipline.mjs^[[0m
test	Flag discipline (R109 / NO-DARK-MERGES)	2026-09-25T17:36:37.3463001Z shell: /usr/bin/bash -e {0}
test	Flag discipline (R109 / NO-DARK-MERGES)	2026-09-25T17:36:37.3463300Z ##[endgroup]
test	Flag discipline (R109 / NO-DARK-MERGES)	2026-09-25T17:36:37.3807897Z flag discipline — PAIRING_ENABLED=true (sole auth path)
test	Flag discipline (R109 / NO-DARK-MERGES)	2026-09-25T17:36:37.3808532Z OK: sole auth path is enabled — no dark-merged dead-end
test	Production fixture exclusion	﻿2026-09-25T17:36:37.3863263Z ##[group]Run node scripts/check-production-fixtures.mjs
test	Production fixture exclusion	2026-09-25T17:36:37.3863699Z ^[[36;1mnode scripts/check-production-fixtures.mjs^[[0m
test	Production fixture exclusion	2026-09-25T17:36:37.3899536Z shell: /usr/bin/bash -e {0}
test	Production fixture exclusion	2026-09-25T17:36:37.3899830Z ##[endgroup]
test	Production fixture exclusion	2026-09-25T17:36:37.9407371Z production fixture exclusion — scanned=45 violations=0
test	Production fixture exclusion	2026-09-25T17:36:37.9408140Z OK: production modules do not reference test fixtures or mocks
test	Deploy readiness board	﻿2026-09-25T17:36:37.9498765Z ##[group]Run node scripts/check-deploy-readiness.mjs
test	Deploy readiness board	2026-09-25T17:36:37.9499265Z ^[[36;1mnode scripts/check-deploy-readiness.mjs^[[0m
test	Deploy readiness board	2026-09-25T17:36:37.9536772Z shell: /usr/bin/bash -e {0}
test	Deploy readiness board	2026-09-25T17:36:37.9537051Z ##[endgroup]
test	Deploy readiness board	2026-09-25T17:36:38.5753339Z PRODUCTION STATIC PREFLIGHT (manifest, entrypoint, markers only)
test	Deploy readiness board	2026-09-25T17:36:38.5754186Z PASS  manifest-v3
test	Deploy readiness board	2026-09-25T17:36:38.5754770Z PASS  background-worker-declared
test	Deploy readiness board	2026-09-25T17:36:38.5755431Z PASS  background-worker-exists
test	Deploy readiness board	2026-09-25T17:36:38.5755862Z PASS  version-format
test	Deploy readiness board	2026-09-25T17:36:38.5756406Z PASS  forbidden-production-markers
test	Deploy readiness board	2026-09-25T17:36:38.5756884Z EXIT: STATIC PREFLIGHT CHECKS CLEAR
test	Pre-commit hook alignment	﻿2026-09-25T17:36:38.5898662Z ##[group]Run node scripts/check-hook-config.mjs
test	Pre-commit hook alignment	2026-09-25T17:36:38.5899038Z ^[[36;1mnode scripts/check-hook-config.mjs^[[0m
test	Pre-commit hook alignment	2026-09-25T17:36:38.5935354Z shell: /usr/bin/bash -e {0}
test	Pre-commit hook alignment	2026-09-25T17:36:38.5935639Z ##[endgroup]
test	Pre-commit hook alignment	2026-09-25T17:36:43.9892132Z OK: pinned pre-commit hook semantically checks the effective 122-file production/test/scripts set and formatting
test	Lint, type-check, and format	﻿2026-09-25T17:36:43.9984483Z ##[group]Run npm run lint && npm run type-check && npm run format:check
test	Lint, type-check, and format	2026-09-25T17:36:43.9985513Z ^[[36;1mnpm run lint && npm run type-check && npm run format:check^[[0m
test	Lint, type-check, and format	2026-09-25T17:36:44.0040665Z shell: /usr/bin/bash -e {0}
test	Lint, type-check, and format	2026-09-25T17:36:44.0041169Z ##[endgroup]
test	Lint, type-check, and format	2026-09-25T17:36:44.1066987Z 
test	Lint, type-check, and format	2026-09-25T17:36:44.1067853Z > tgp-importer-extension@0.3.0-rc.1 lint
test	Lint, type-check, and format	2026-09-25T17:36:44.1068894Z > eslint --max-warnings=0 --config scripts/eslint.config.mjs .
test	Lint, type-check, and format	2026-09-25T17:36:44.1069493Z 
test	Lint, type-check, and format	2026-09-25T17:36:45.7951743Z 
test	Lint, type-check, and format	2026-09-25T17:36:45.7952726Z > tgp-importer-extension@0.3.0-rc.1 type-check
test	Lint, type-check, and format	2026-09-25T17:36:45.7953610Z > tsc -p jsconfig.json && tsc -p jsconfig.scripts.json
test	Lint, type-check, and format	2026-09-25T17:36:45.7962099Z 
test	Lint, type-check, and format	2026-09-25T17:36:51.4481568Z 
test	Lint, type-check, and format	2026-09-25T17:36:51.4482365Z > tgp-importer-extension@0.3.0-rc.1 format:check
test	Lint, type-check, and format	2026-09-25T17:36:51.4483071Z > node scripts/check-format.mjs
test	Lint, type-check, and format	2026-09-25T17:36:51.4483371Z 
test	Lint, type-check, and format	2026-09-25T17:36:52.0247644Z OK: Prettier checked 8 tracked files with no ignored or unformatted file
test	Post Run actions/setup-node@v4	﻿2026-09-25T17:36:52.0455613Z Post job cleanup.
test	Post Run actions/setup-node@v4	2026-09-25T17:36:52.1669610Z (node:5136) [DEP0040] DeprecationWarning: The `punycode` module is deprecated. Please use a userland alternative instead.
test	Post Run actions/setup-node@v4	2026-09-25T17:36:52.1670898Z (Use `node --trace-deprecation ...` to show where the warning was created)
test	Post Run actions/setup-node@v4	2026-09-25T17:36:52.1673858Z Cache hit occurred on the primary key node-cache-Linux-x64-npm-d6face1b95480f7e523f8dab5348ac0d62e3c6e773a0f265bcf7dbb10babd316, not saving cache.
test	Post Run actions/checkout@v4	﻿2026-09-25T17:36:52.1830783Z Post job cleanup.
test	Post Run actions/checkout@v4	2026-09-25T17:36:52.2674252Z [command]/usr/bin/git version
test	Post Run actions/checkout@v4	2026-09-25T17:36:52.2708936Z git version 2.55.0
test	Post Run actions/checkout@v4	2026-09-25T17:36:52.2743884Z Temporarily overriding HOME='/home/runner/work/_temp/69a136a3-a4e3-4dfb-81a3-9381339cbddf' before making global git config changes
test	Post Run actions/checkout@v4	2026-09-25T17:36:52.2745471Z Adding repository directory to the temporary git global config as a safe directory
test	Post Run actions/checkout@v4	2026-09-25T17:36:52.2749301Z [command]/usr/bin/git config --global --add safe.directory /home/runner/work/tgp-importer-extension/tgp-importer-extension
test	Post Run actions/checkout@v4	2026-09-25T17:36:52.2783660Z [command]/usr/bin/git config --local --name-only --get-regexp core\.sshCommand
test	Post Run actions/checkout@v4	2026-09-25T17:36:52.2815484Z [command]/usr/bin/git submodule foreach --recursive sh -c "git config --local --name-only --get-regexp 'core\.sshCommand' && git config --local --unset-all 'core.sshCommand' || :"
test	Post Run actions/checkout@v4	2026-09-25T17:36:52.3007967Z [command]/usr/bin/git config --local --name-only --get-regexp http\.https\:\/\/github\.com\/\.extraheader
test	Post Run actions/checkout@v4	2026-09-25T17:36:52.3031379Z http.https://github.com/.extraheader
test	Post Run actions/checkout@v4	2026-09-25T17:36:52.3041697Z [command]/usr/bin/git config --local --unset-all http.https://github.com/.extraheader
test	Post Run actions/checkout@v4	2026-09-25T17:36:52.3070530Z [command]/usr/bin/git submodule foreach --recursive sh -c "git config --local --name-only --get-regexp 'http\.https\:\/\/github\.com\/\.extraheader' && git config --local --unset-all 'http.https://github.com/.extraheader' || :"
test	Post Run actions/checkout@v4	2026-09-25T17:36:52.3252781Z [command]/usr/bin/git config --local --name-only --get-regexp ^includeIf\.gitdir:
test	Post Run actions/checkout@v4	2026-09-25T17:36:52.3283238Z [command]/usr/bin/git submodule foreach --recursive git config --local --show-origin --name-only --get-regexp remote.origin.url
test	Complete job	﻿2026-09-25T17:36:52.3610849Z Cleaning up orphan processes
test	Complete job	2026-09-25T17:36:52.3872001Z ##[warning]Node.js 20 is deprecated. The following actions target Node.js 20 but are being forced to run on Node.js 24: actions/checkout@v4, actions/setup-node@v4. For more information see: https://github.blog/changelog/2025-09-19-deprecation-of-node-20-on-github-actions-runners/
