  console.warn
    PG17_PROCESS {"name":"g2g_1","options":{"action":"pair-init","coach":"s11-coach-a","body":{},"host":"P1","role":"phone"},"result":{"pairing_code":"268347","expires_at":"2026-09-27T18:32:51.615Z","import_intent_id":"66a02ec9-ee86-4458-8895-7abb128a6429"},"queries":11,"pid":17955}

      181 |       }
      182 |       // Query shapes, outcomes, fixture identifiers and process IDs only; never parameters.
    > 183 |       console.warn(
          |               ^
      184 |         'PG17_PROCESS',
      185 |         JSON.stringify({
      186 |           name,

      at settleWorker (test/utils/g2-s11-pg-harness.ts:183:15)
      at ChildProcess.<anonymous> (test/utils/g2-s11-pg-harness.ts:202:7)

  console.warn
    PG17_PROCESS {"name":"g2g_2","options":{"action":"pair-redeem","coach":"unauthenticated","body":{"code":"268347"},"host":"P2","role":"ext"},"result":{"access_token":"synthetic-access-1","refresh_token":"synthetic-refresh-1","chosen_platform":"s11-label","import_intent_id":"66a02ec9-ee86-4458-8895-7abb128a6429"},"queries":10,"pid":17984}

      181 |       }
      182 |       // Query shapes, outcomes, fixture identifiers and process IDs only; never parameters.
    > 183 |       console.warn(
          |               ^
      184 |         'PG17_PROCESS',
      185 |         JSON.stringify({
      186 |           name,

      at settleWorker (test/utils/g2-s11-pg-harness.ts:183:15)
      at ChildProcess.<anonymous> (test/utils/g2-s11-pg-harness.ts:202:7)

  console.warn
    PG17_PROCESS {"name":"g2g_3","options":{"action":"pair-session","coach":"s11-coach-a","intent":"66a02ec9-ee86-4458-8895-7abb128a6429","host":"P2","role":"phone"},"result":{"status":"paired","import_intent_id":"66a02ec9-ee86-4458-8895-7abb128a6429","chosen_platform":"s11-label","readiness":{"run":"none","source_declared":false,"declared_platforms":null}},"queries":3,"pid":18013}

      181 |       }
      182 |       // Query shapes, outcomes, fixture identifiers and process IDs only; never parameters.
    > 183 |       console.warn(
          |               ^
      184 |         'PG17_PROCESS',
      185 |         JSON.stringify({
      186 |           name,

      at settleWorker (test/utils/g2-s11-pg-harness.ts:183:15)
      at ChildProcess.<anonymous> (test/utils/g2-s11-pg-harness.ts:202:7)

  console.warn
    PG17_PROCESS {"name":"g2g_4","options":{"action":"pair-current","coach":"s11-coach-a","body":{},"host":"P1","role":"phone"},"result":{"status":"paired","import_intent_id":"66a02ec9-ee86-4458-8895-7abb128a6429","chosen_platform":"s11-label","readiness":{"run":"none","source_declared":false,"declared_platforms":null}},"queries":3,"pid":18042}

      181 |       }
      182 |       // Query shapes, outcomes, fixture identifiers and process IDs only; never parameters.
    > 183 |       console.warn(
          |               ^
      184 |         'PG17_PROCESS',
      185 |         JSON.stringify({
      186 |           name,

      at settleWorker (test/utils/g2-s11-pg-harness.ts:183:15)
      at ChildProcess.<anonymous> (test/utils/g2-s11-pg-harness.ts:202:7)

  console.warn
    PG17_PROCESS {"name":"g2g_5","options":{"action":"pair-init","coach":"s11-coach-a","body":{},"host":"P1","role":"phone"},"result":{"pairing_code":"616373","expires_at":"2026-09-27T18:32:59.904Z","import_intent_id":"f77a2689-a32f-45fc-9d1f-95a669d74ad5"},"queries":11,"pid":18077}

      181 |       }
      182 |       // Query shapes, outcomes, fixture identifiers and process IDs only; never parameters.
    > 183 |       console.warn(
          |               ^
      184 |         'PG17_PROCESS',
      185 |         JSON.stringify({
      186 |           name,

      at settleWorker (test/utils/g2-s11-pg-harness.ts:183:15)
      at ChildProcess.<anonymous> (test/utils/g2-s11-pg-harness.ts:202:7)

  console.warn
    PG17_PROCESS {"name":"g2g_6","options":{"action":"pair-redeem","coach":"unauthenticated","body":{"code":"616373"},"host":"P2","role":"ext"},"result":{"access_token":"synthetic-access-1","refresh_token":"synthetic-refresh-1","chosen_platform":"s11-label","import_intent_id":"f77a2689-a32f-45fc-9d1f-95a669d74ad5"},"queries":10,"pid":18106}

      181 |       }
      182 |       // Query shapes, outcomes, fixture identifiers and process IDs only; never parameters.
    > 183 |       console.warn(
          |               ^
      184 |         'PG17_PROCESS',
      185 |         JSON.stringify({
      186 |           name,

      at settleWorker (test/utils/g2-s11-pg-harness.ts:183:15)
      at ChildProcess.<anonymous> (test/utils/g2-s11-pg-harness.ts:202:7)

  console.warn
    PG17_PROCESS {"name":"g2g_7","options":{"action":"start","coach":"s11-coach-a","intent":"f77a2689-a32f-45fc-9d1f-95a669d74ad5","host":"P2","role":"phone"},"result":{"intent_id":"f77a2689-a32f-45fc-9d1f-95a669d74ad5","mode":"server","phase":"discovering","execution_epoch":1,"accepted_start_at":"2026-09-27T18:31:04.077Z","deadline_at":"2026-09-27T18:36:04.077Z"},"queries":3,"pid":18136}

      181 |       }
      182 |       // Query shapes, outcomes, fixture identifiers and process IDs only; never parameters.
    > 183 |       console.warn(
          |               ^
      184 |         'PG17_PROCESS',
      185 |         JSON.stringify({
      186 |           name,

      at settleWorker (test/utils/g2-s11-pg-harness.ts:183:15)
      at ChildProcess.<anonymous> (test/utils/g2-s11-pg-harness.ts:202:7)

  console.warn
    PG17_PROCESS {"name":"g2g_8","options":{"action":"pair-session","coach":"s11-coach-a","intent":"f77a2689-a32f-45fc-9d1f-95a669d74ad5","host":"P1","role":"phone"},"result":{"status":"paired","import_intent_id":"f77a2689-a32f-45fc-9d1f-95a669d74ad5","chosen_platform":"s11-label","readiness":{"run":"open","source_declared":false,"declared_platforms":0}},"queries":4,"pid":18167}

      181 |       }
      182 |       // Query shapes, outcomes, fixture identifiers and process IDs only; never parameters.
    > 183 |       console.warn(
          |               ^
      184 |         'PG17_PROCESS',
      185 |         JSON.stringify({
      186 |           name,

      at settleWorker (test/utils/g2-s11-pg-harness.ts:183:15)
      at ChildProcess.<anonymous> (test/utils/g2-s11-pg-harness.ts:202:7)

  console.warn
    PG17_PROCESS {"name":"g2g_9","options":{"action":"pair-init","coach":"s11-coach-a","body":{},"host":"P1","role":"phone"},"result":{"pairing_code":"150155","expires_at":"2026-09-27T18:33:08.266Z","import_intent_id":"d0cee733-55cc-4ae9-aaac-ead75bb5274f"},"queries":11,"pid":18202}

      181 |       }
      182 |       // Query shapes, outcomes, fixture identifiers and process IDs only; never parameters.
    > 183 |       console.warn(
          |               ^
      184 |         'PG17_PROCESS',
      185 |         JSON.stringify({
      186 |           name,

      at settleWorker (test/utils/g2-s11-pg-harness.ts:183:15)
      at ChildProcess.<anonymous> (test/utils/g2-s11-pg-harness.ts:202:7)

  console.warn
    PG17_PROCESS {"name":"g2g_10","options":{"action":"pair-redeem","coach":"unauthenticated","body":{"code":"150155"},"host":"P2","role":"ext"},"result":{"access_token":"synthetic-access-1","refresh_token":"synthetic-refresh-1","chosen_platform":"s11-label","import_intent_id":"d0cee733-55cc-4ae9-aaac-ead75bb5274f"},"queries":10,"pid":18232}

      181 |       }
      182 |       // Query shapes, outcomes, fixture identifiers and process IDs only; never parameters.
    > 183 |       console.warn(
          |               ^
      184 |         'PG17_PROCESS',
      185 |         JSON.stringify({
      186 |           name,

      at settleWorker (test/utils/g2-s11-pg-harness.ts:183:15)
      at ChildProcess.<anonymous> (test/utils/g2-s11-pg-harness.ts:202:7)

  console.warn
    PG17_PROCESS {"name":"g2g_11","options":{"action":"start","coach":"s11-coach-a","intent":"d0cee733-55cc-4ae9-aaac-ead75bb5274f","host":"P1","role":"phone"},"result":{"intent_id":"d0cee733-55cc-4ae9-aaac-ead75bb5274f","mode":"server","phase":"discovering","execution_epoch":1,"accepted_start_at":"2026-09-27T18:31:12.358Z","deadline_at":"2026-09-27T18:36:12.358Z"},"queries":3,"pid":18261}

      181 |       }
      182 |       // Query shapes, outcomes, fixture identifiers and process IDs only; never parameters.
    > 183 |       console.warn(
          |               ^
      184 |         'PG17_PROCESS',
      185 |         JSON.stringify({
      186 |           name,

      at settleWorker (test/utils/g2-s11-pg-harness.ts:183:15)
      at ChildProcess.<anonymous> (test/utils/g2-s11-pg-harness.ts:202:7)

  console.warn
    PG17_PROCESS {"name":"g2g_12","options":{"action":"pair-session","coach":"s11-coach-a","intent":"d0cee733-55cc-4ae9-aaac-ead75bb5274f","host":"P1","role":"phone"},"result":{"status":"paired","import_intent_id":"d0cee733-55cc-4ae9-aaac-ead75bb5274f","chosen_platform":"s11-label","readiness":{"run":"open","source_declared":true,"declared_platforms":2}},"queries":4,"pid":18298}

      181 |       }
      182 |       // Query shapes, outcomes, fixture identifiers and process IDs only; never parameters.
    > 183 |       console.warn(
          |               ^
      184 |         'PG17_PROCESS',
      185 |         JSON.stringify({
      186 |           name,

      at settleWorker (test/utils/g2-s11-pg-harness.ts:183:15)
      at ChildProcess.<anonymous> (test/utils/g2-s11-pg-harness.ts:202:7)

  console.warn
    PG17_PROCESS {"name":"g2g_13","options":{"action":"pair-session","coach":"s11-coach-a","intent":"d0cee733-55cc-4ae9-aaac-ead75bb5274f","host":"P2","role":"phone"},"result":{"status":"paired","import_intent_id":"d0cee733-55cc-4ae9-aaac-ead75bb5274f","chosen_platform":"s11-label","readiness":{"run":"open","source_declared":true,"declared_platforms":2}},"queries":4,"pid":18375}

      181 |       }
      182 |       // Query shapes, outcomes, fixture identifiers and process IDs only; never parameters.
    > 183 |       console.warn(
          |               ^
      184 |         'PG17_PROCESS',
      185 |         JSON.stringify({
      186 |           name,

      at settleWorker (test/utils/g2-s11-pg-harness.ts:183:15)
      at ChildProcess.<anonymous> (test/utils/g2-s11-pg-harness.ts:202:7)

  console.warn
    PG17_PROCESS {"name":"g2g_14","options":{"action":"pair-init","coach":"s11-coach-a","body":{},"host":"P1","role":"phone"},"result":{"pairing_code":"479111","expires_at":"2026-09-27T18:33:20.537Z","import_intent_id":"c087a7d1-28c1-4b22-bf62-25a9cb8327d8"},"queries":11,"pid":18410}

      181 |       }
      182 |       // Query shapes, outcomes, fixture identifiers and process IDs only; never parameters.
    > 183 |       console.warn(
          |               ^
      184 |         'PG17_PROCESS',
      185 |         JSON.stringify({
      186 |           name,

      at settleWorker (test/utils/g2-s11-pg-harness.ts:183:15)
      at ChildProcess.<anonymous> (test/utils/g2-s11-pg-harness.ts:202:7)

  console.warn
    PG17_PROCESS {"name":"g2g_15","options":{"action":"pair-redeem","coach":"unauthenticated","body":{"code":"479111"},"host":"P2","role":"ext"},"result":{"access_token":"synthetic-access-1","refresh_token":"synthetic-refresh-1","chosen_platform":"s11-label","import_intent_id":"c087a7d1-28c1-4b22-bf62-25a9cb8327d8"},"queries":10,"pid":18440}

      181 |       }
      182 |       // Query shapes, outcomes, fixture identifiers and process IDs only; never parameters.
    > 183 |       console.warn(
          |               ^
      184 |         'PG17_PROCESS',
      185 |         JSON.stringify({
      186 |           name,

      at settleWorker (test/utils/g2-s11-pg-harness.ts:183:15)
      at ChildProcess.<anonymous> (test/utils/g2-s11-pg-harness.ts:202:7)

  console.warn
    PG17_PROCESS {"name":"g2g_16","options":{"action":"start","coach":"s11-coach-a","intent":"c087a7d1-28c1-4b22-bf62-25a9cb8327d8","host":"P2","role":"phone"},"result":{"intent_id":"c087a7d1-28c1-4b22-bf62-25a9cb8327d8","mode":"server","phase":"discovering","execution_epoch":1,"accepted_start_at":"2026-09-27T18:31:24.605Z","deadline_at":"2026-09-27T18:36:24.605Z"},"queries":3,"pid":18481}

      181 |       }
      182 |       // Query shapes, outcomes, fixture identifiers and process IDs only; never parameters.
    > 183 |       console.warn(
          |               ^
      184 |         'PG17_PROCESS',
      185 |         JSON.stringify({
      186 |           name,

      at settleWorker (test/utils/g2-s11-pg-harness.ts:183:15)
      at ChildProcess.<anonymous> (test/utils/g2-s11-pg-harness.ts:202:7)

  console.warn
    PG17_PROCESS {"name":"g2g_17","options":{"action":"pair-session","coach":"s11-coach-a","intent":"c087a7d1-28c1-4b22-bf62-25a9cb8327d8","host":"P1","role":"phone"},"result":{"status":"paired","import_intent_id":"c087a7d1-28c1-4b22-bf62-25a9cb8327d8","chosen_platform":"s11-label","readiness":{"run":"open","source_declared":false,"declared_platforms":0}},"queries":4,"pid":18512}

      181 |       }
      182 |       // Query shapes, outcomes, fixture identifiers and process IDs only; never parameters.
    > 183 |       console.warn(
          |               ^
      184 |         'PG17_PROCESS',
      185 |         JSON.stringify({
      186 |           name,

      at settleWorker (test/utils/g2-s11-pg-harness.ts:183:15)
      at ChildProcess.<anonymous> (test/utils/g2-s11-pg-harness.ts:202:7)

  console.warn
    PG17_PROCESS {"name":"g2g_18","options":{"action":"status","coach":"s11-coach-a","intent":"c087a7d1-28c1-4b22-bf62-25a9cb8327d8","host":"P2","role":"phone"},"result":{"intent_id":"c087a7d1-28c1-4b22-bf62-25a9cb8327d8","status":"timed_out","entity_counts":[],"started_at":"2026-09-27T18:31:24.606Z","completed_at":"2026-09-27T18:31:28.751Z","mode":"server","phase":"discovering","accepted_start_at":"2026-09-27T18:31:24.605Z","deadline_at":"2026-09-27T18:31:24.606Z","last_observed_at":null,"execution_epoch":2,"reason_code":"deadline_exceeded","claimed_status":null,"families":[]},"queries":25,"pid":18543}

      181 |       }
      182 |       // Query shapes, outcomes, fixture identifiers and process IDs only; never parameters.
    > 183 |       console.warn(
          |               ^
      184 |         'PG17_PROCESS',
      185 |         JSON.stringify({
      186 |           name,

      at settleWorker (test/utils/g2-s11-pg-harness.ts:183:15)
      at ChildProcess.<anonymous> (test/utils/g2-s11-pg-harness.ts:202:7)

  console.warn
    PG17_PROCESS {"name":"g2g_19","options":{"action":"pair-current","coach":"s11-coach-a","body":{},"host":"P1","role":"phone"},"result":{"status":"paired","import_intent_id":"c087a7d1-28c1-4b22-bf62-25a9cb8327d8","chosen_platform":"s11-label","readiness":{"run":"terminal","source_declared":false,"declared_platforms":0}},"queries":4,"pid":18575}

      181 |       }
      182 |       // Query shapes, outcomes, fixture identifiers and process IDs only; never parameters.
    > 183 |       console.warn(
          |               ^
      184 |         'PG17_PROCESS',
      185 |         JSON.stringify({
      186 |           name,

      at settleWorker (test/utils/g2-s11-pg-harness.ts:183:15)
      at ChildProcess.<anonymous> (test/utils/g2-s11-pg-harness.ts:202:7)

  console.warn
    PG17_PROCESS {"name":"g2g_20","options":{"action":"pair-init","coach":"s11-coach-a","body":{},"host":"P1","role":"phone"},"result":{"pairing_code":"368272","expires_at":"2026-09-27T18:33:33.097Z","import_intent_id":"3729723a-2cfd-4047-860c-51cb59d0c1d4"},"queries":11,"pid":18622}

      181 |       }
      182 |       // Query shapes, outcomes, fixture identifiers and process IDs only; never parameters.
    > 183 |       console.warn(
          |               ^
      184 |         'PG17_PROCESS',
      185 |         JSON.stringify({
      186 |           name,

      at settleWorker (test/utils/g2-s11-pg-harness.ts:183:15)
      at ChildProcess.<anonymous> (test/utils/g2-s11-pg-harness.ts:202:7)

  console.warn
    PG17_PROCESS {"name":"g2g_21","options":{"action":"pair-redeem","coach":"unauthenticated","body":{"code":"368272"},"host":"P2","role":"ext"},"result":{"access_token":"synthetic-access-1","refresh_token":"synthetic-refresh-1","chosen_platform":"s11-label","import_intent_id":"3729723a-2cfd-4047-860c-51cb59d0c1d4"},"queries":10,"pid":18651}

      181 |       }
      182 |       // Query shapes, outcomes, fixture identifiers and process IDs only; never parameters.
    > 183 |       console.warn(
          |               ^
      184 |         'PG17_PROCESS',
      185 |         JSON.stringify({
      186 |           name,

      at settleWorker (test/utils/g2-s11-pg-harness.ts:183:15)
      at ChildProcess.<anonymous> (test/utils/g2-s11-pg-harness.ts:202:7)

  console.warn
    PG17_PROCESS {"name":"g2g_22","options":{"action":"start","coach":"s11-coach-a","intent":"3729723a-2cfd-4047-860c-51cb59d0c1d4","host":"P1","role":"phone"},"result":{"intent_id":"3729723a-2cfd-4047-860c-51cb59d0c1d4","mode":"server","phase":"discovering","execution_epoch":1,"accepted_start_at":"2026-09-27T18:31:37.256Z","deadline_at":"2026-09-27T18:36:37.256Z"},"queries":3,"pid":18680}

      181 |       }
      182 |       // Query shapes, outcomes, fixture identifiers and process IDs only; never parameters.
    > 183 |       console.warn(
          |               ^
      184 |         'PG17_PROCESS',
      185 |         JSON.stringify({
      186 |           name,

      at settleWorker (test/utils/g2-s11-pg-harness.ts:183:15)
      at ChildProcess.<anonymous> (test/utils/g2-s11-pg-harness.ts:202:7)

  console.warn
    PG17_PROCESS {"name":"g2g_23","options":{"action":"cancel","coach":"s11-coach-a","intent":"3729723a-2cfd-4047-860c-51cb59d0c1d4","host":"P2","role":"phone"},"result":{"intent_id":"3729723a-2cfd-4047-860c-51cb59d0c1d4","status":"cancelled","execution_epoch":2},"queries":8,"pid":18711}

      181 |       }
      182 |       // Query shapes, outcomes, fixture identifiers and process IDs only; never parameters.
    > 183 |       console.warn(
          |               ^
      184 |         'PG17_PROCESS',
      185 |         JSON.stringify({
      186 |           name,

      at settleWorker (test/utils/g2-s11-pg-harness.ts:183:15)
      at ChildProcess.<anonymous> (test/utils/g2-s11-pg-harness.ts:202:7)

  console.warn
    PG17_PROCESS {"name":"g2g_24","options":{"action":"pair-session","coach":"s11-coach-a","intent":"3729723a-2cfd-4047-860c-51cb59d0c1d4","host":"P1","role":"phone"},"result":{"status":"paired","import_intent_id":"3729723a-2cfd-4047-860c-51cb59d0c1d4","chosen_platform":"s11-label","readiness":{"run":"terminal","source_declared":true,"declared_platforms":1}},"queries":4,"pid":18740}

      181 |       }
      182 |       // Query shapes, outcomes, fixture identifiers and process IDs only; never parameters.
    > 183 |       console.warn(
          |               ^
      184 |         'PG17_PROCESS',
      185 |         JSON.stringify({
      186 |           name,

      at settleWorker (test/utils/g2-s11-pg-harness.ts:183:15)
      at ChildProcess.<anonymous> (test/utils/g2-s11-pg-harness.ts:202:7)

  console.warn
    PG17_PROCESS {"name":"g2g_25","options":{"action":"pair-init","coach":"s11-coach-a","body":{},"host":"P1","role":"phone"},"result":{"pairing_code":"185565","expires_at":"2026-09-27T18:33:43.689Z","import_intent_id":"f802ffd0-cb67-4add-88ed-e532fd69cc57"},"queries":11,"pid":18776}

      181 |       }
      182 |       // Query shapes, outcomes, fixture identifiers and process IDs only; never parameters.
    > 183 |       console.warn(
          |               ^
      184 |         'PG17_PROCESS',
      185 |         JSON.stringify({
      186 |           name,

      at settleWorker (test/utils/g2-s11-pg-harness.ts:183:15)
      at ChildProcess.<anonymous> (test/utils/g2-s11-pg-harness.ts:202:7)

  console.warn
    PG17_PROCESS {"name":"g2g_26","options":{"action":"pair-redeem","coach":"unauthenticated","body":{"code":"185565"},"host":"P2","role":"ext"},"result":{"access_token":"synthetic-access-1","refresh_token":"synthetic-refresh-1","chosen_platform":"s11-label","import_intent_id":"f802ffd0-cb67-4add-88ed-e532fd69cc57"},"queries":10,"pid":18805}

      181 |       }
      182 |       // Query shapes, outcomes, fixture identifiers and process IDs only; never parameters.
    > 183 |       console.warn(
          |               ^
      184 |         'PG17_PROCESS',
      185 |         JSON.stringify({
      186 |           name,

      at settleWorker (test/utils/g2-s11-pg-harness.ts:183:15)
      at ChildProcess.<anonymous> (test/utils/g2-s11-pg-harness.ts:202:7)

  console.warn
    PG17_PROCESS {"name":"g2g_27","options":{"action":"start","coach":"s11-coach-a","intent":"f802ffd0-cb67-4add-88ed-e532fd69cc57","host":"P1","role":"phone"},"result":{"intent_id":"f802ffd0-cb67-4add-88ed-e532fd69cc57","mode":"server","phase":"discovering","execution_epoch":1,"accepted_start_at":"2026-09-27T18:31:47.953Z","deadline_at":"2026-09-27T18:36:47.953Z"},"queries":3,"pid":18834}

      181 |       }
      182 |       // Query shapes, outcomes, fixture identifiers and process IDs only; never parameters.
    > 183 |       console.warn(
          |               ^
      184 |         'PG17_PROCESS',
      185 |         JSON.stringify({
      186 |           name,

      at settleWorker (test/utils/g2-s11-pg-harness.ts:183:15)
      at ChildProcess.<anonymous> (test/utils/g2-s11-pg-harness.ts:202:7)

  console.warn
    PG17_PROCESS {"name":"g2g_28","options":{"action":"pair-init","coach":"s11-coach-b","body":{},"host":"P1","role":"phone"},"result":{"pairing_code":"217654","expires_at":"2026-09-27T18:33:50.121Z","import_intent_id":"71126d4e-dcac-4638-b7b3-705782fb07c6"},"queries":11,"pid":18867}

      181 |       }
      182 |       // Query shapes, outcomes, fixture identifiers and process IDs only; never parameters.
    > 183 |       console.warn(
          |               ^
      184 |         'PG17_PROCESS',
      185 |         JSON.stringify({
      186 |           name,

      at settleWorker (test/utils/g2-s11-pg-harness.ts:183:15)
      at ChildProcess.<anonymous> (test/utils/g2-s11-pg-harness.ts:202:7)

  console.warn
    PG17_PROCESS {"name":"g2g_29","options":{"action":"pair-redeem","coach":"unauthenticated","body":{"code":"217654"},"host":"P2","role":"ext"},"result":{"access_token":"synthetic-access-1","refresh_token":"synthetic-refresh-1","chosen_platform":"s11-label","import_intent_id":"71126d4e-dcac-4638-b7b3-705782fb07c6"},"queries":10,"pid":18896}

      181 |       }
      182 |       // Query shapes, outcomes, fixture identifiers and process IDs only; never parameters.
    > 183 |       console.warn(
          |               ^
      184 |         'PG17_PROCESS',
      185 |         JSON.stringify({
      186 |           name,

      at settleWorker (test/utils/g2-s11-pg-harness.ts:183:15)
      at ChildProcess.<anonymous> (test/utils/g2-s11-pg-harness.ts:202:7)

  console.warn
    PG17_PROCESS {"name":"g2g_30","options":{"action":"pair-session","coach":"s11-coach-b","intent":"f802ffd0-cb67-4add-88ed-e532fd69cc57","host":"P2","role":"phone"},"failure":{"status":404,"message":"Pairing session not found. Create a new pairing code.","response":{"message":"Pairing session not found. Create a new pairing code.","error":"Not Found","statusCode":404}},"queries":1,"pid":18929}

      181 |       }
      182 |       // Query shapes, outcomes, fixture identifiers and process IDs only; never parameters.
    > 183 |       console.warn(
          |               ^
      184 |         'PG17_PROCESS',
      185 |         JSON.stringify({
      186 |           name,

      at settleWorker (test/utils/g2-s11-pg-harness.ts:183:15)
      at ChildProcess.<anonymous> (test/utils/g2-s11-pg-harness.ts:202:7)

  console.warn
    PG17_PROCESS {"name":"g2g_31","options":{"action":"pair-current","coach":"s11-coach-b","body":{},"host":"P1","role":"phone"},"result":{"status":"paired","import_intent_id":"71126d4e-dcac-4638-b7b3-705782fb07c6","chosen_platform":"s11-label","readiness":{"run":"none","source_declared":false,"declared_platforms":null}},"queries":3,"pid":18958}

      181 |       }
      182 |       // Query shapes, outcomes, fixture identifiers and process IDs only; never parameters.
    > 183 |       console.warn(
          |               ^
      184 |         'PG17_PROCESS',
      185 |         JSON.stringify({
      186 |           name,

      at settleWorker (test/utils/g2-s11-pg-harness.ts:183:15)
      at ChildProcess.<anonymous> (test/utils/g2-s11-pg-harness.ts:202:7)

  console.warn
    PG17_PROCESS {"name":"g2g_32","options":{"action":"pair-session","coach":"s11-coach-a","intent":"f802ffd0-cb67-4add-88ed-e532fd69cc57","host":"P2","role":"phone"},"result":{"status":"paired","import_intent_id":"f802ffd0-cb67-4add-88ed-e532fd69cc57","chosen_platform":"s11-label","readiness":{"run":"open","source_declared":true,"declared_platforms":1}},"queries":4,"pid":18991}

      181 |       }
      182 |       // Query shapes, outcomes, fixture identifiers and process IDs only; never parameters.
    > 183 |       console.warn(
          |               ^
      184 |         'PG17_PROCESS',
      185 |         JSON.stringify({
      186 |           name,

      at settleWorker (test/utils/g2-s11-pg-harness.ts:183:15)
      at ChildProcess.<anonymous> (test/utils/g2-s11-pg-harness.ts:202:7)

PASS test/scout/s11/readiness.pg.spec.ts (79.184 s)
  S11-C readiness on the setup reads — two hosts over one disposable PG (J17)
    ✓ R1 paired, no Start: run none, not declared, platform count null (never 0) (8426 ms)
    ✓ R2 Start on P2, read on P1: open, not declared, 0 platforms; writes nothing (8334 ms)
    ✓ R3 declarations: distinct platform count only; no names, digests or challenge (12291 ms)
    ✓ R4 past deadline: the read never fences; status fences; then terminal (12570 ms)
    ✓ R5 cancel on P2: terminal on P1, declaration count kept, no terminal detail (10514 ms)
    ✓ R6 tenant: B gets 404 on A's setup and only its OWN readiness; A unchanged (17068 ms)

Test Suites: 1 passed, 1 total
Tests:       6 passed, 6 total
Snapshots:   0 total
Time:        79.442 s
Ran all test suites within paths "test/scout/s11/readiness.pg.spec.ts".
