2026-09-27 18:26:00.197 UTC [13297] LOG:  starting PostgreSQL 17.6 on x86_64-pc-linux-gnu, compiled by gcc (Ubuntu 7.5.0-3ubuntu1~18.04) 7.5.0, 64-bit
2026-09-27 18:26:00.197 UTC [13297] LOG:  listening on IPv4 address "127.0.0.1", port 55650
2026-09-27 18:26:00.197 UTC [13297] LOG:  listening on Unix socket "/home/user/workspace/execution/42d8c5b5/proof-scratch/s11-s11-v1-7234/s/.s.PGSQL.55650"
2026-09-27 18:26:00.198 UTC [13300] LOG:  database system was shut down at 2026-09-27 18:25:47 UTC
2026-09-27 18:26:00.200 UTC [13297] LOG:  database system is ready to accept connections
2026-09-27 18:26:52.116 UTC [14074] ERROR:  permission denied for table ScoutRunDeclaration
2026-09-27 18:26:52.116 UTC [14074] STATEMENT:  SELECT count(*) FROM "ScoutRunDeclaration"
2026-09-27 18:26:52.128 UTC [14076] ERROR:  permission denied for table ScoutRunObservation
2026-09-27 18:26:52.128 UTC [14076] STATEMENT:  SELECT count(*) FROM "ScoutRunObservation"
2026-09-27 18:26:52.139 UTC [14078] ERROR:  permission denied for table ScoutRunSettledBasis
2026-09-27 18:26:52.139 UTC [14078] STATEMENT:  SELECT count(*) FROM "ScoutRunSettledBasis"
2026-09-27 18:26:52.196 UTC [14088] ERROR:  permission denied for table ScoutRunDeclaration
2026-09-27 18:26:52.196 UTC [14088] STATEMENT:  SELECT count(*) FROM "ScoutRunDeclaration"
2026-09-27 18:26:52.207 UTC [14090] ERROR:  permission denied for table ScoutRunObservation
2026-09-27 18:26:52.207 UTC [14090] STATEMENT:  SELECT count(*) FROM "ScoutRunObservation"
2026-09-27 18:26:52.218 UTC [14092] ERROR:  permission denied for table ScoutRunSettledBasis
2026-09-27 18:26:52.218 UTC [14092] STATEMENT:  SELECT count(*) FROM "ScoutRunSettledBasis"
2026-09-27 18:31:00.301 UTC [13298] LOG:  checkpoint starting: time
2026-09-27 18:32:49.699 UTC [19713] ERROR:  duplicate key value violates unique constraint "ScoutImportCompletion_coach_id_intent_id_key"
2026-09-27 18:32:49.699 UTC [19713] DETAIL:  Key (coach_id, intent_id)=(s11b-coach-a, 7e4a6fe3-a5f5-4cce-99f2-ed75fbd7088f) already exists.
2026-09-27 18:32:49.699 UTC [19713] STATEMENT:  INSERT INTO "public"."ScoutImportCompletion" ("id","coach_id","intent_id","terminal_status","completed_at") VALUES ($1,$2,$3,$4,$5) RETURNING "public"."ScoutImportCompletion"."id", "public"."ScoutImportCompletion"."coach_id", "public"."ScoutImportCompletion"."intent_id", "public"."ScoutImportCompletion"."terminal_status", "public"."ScoutImportCompletion"."final_counts", "public"."ScoutImportCompletion"."error_summary", "public"."ScoutImportCompletion"."completed_at"
2026-09-27 18:33:32.940 UTC [20423] ERROR:  duplicate key value violates unique constraint "ScoutImportCompletion_coach_id_intent_id_key"
2026-09-27 18:33:32.940 UTC [20423] DETAIL:  Key (coach_id, intent_id)=(s11b-coach-a, 95622669-5db7-412b-b438-8633fe0623f2) already exists.
2026-09-27 18:33:32.940 UTC [20423] STATEMENT:  INSERT INTO "public"."ScoutImportCompletion" ("id","coach_id","intent_id","terminal_status","completed_at") VALUES ($1,$2,$3,$4,$5) RETURNING "public"."ScoutImportCompletion"."id", "public"."ScoutImportCompletion"."coach_id", "public"."ScoutImportCompletion"."intent_id", "public"."ScoutImportCompletion"."terminal_status", "public"."ScoutImportCompletion"."final_counts", "public"."ScoutImportCompletion"."error_summary", "public"."ScoutImportCompletion"."completed_at"
2026-09-27 18:34:08.906 UTC [13298] LOG:  checkpoint complete: wrote 1885 buffers (11.5%); 0 WAL file(s) added, 0 removed, 1 recycled; write=188.604 s, sync=0.001 s, total=188.605 s; sync files=0, longest=0.000 s, average=0.000 s; distance=14415 kB, estimate=14415 kB; lsn=0/2310740, redo lsn=0/22ED170
2026-09-27 18:34:10.374 UTC [21015] ERROR:  duplicate key value violates unique constraint "ScoutImportCompletion_coach_id_intent_id_key"
2026-09-27 18:34:10.374 UTC [21015] DETAIL:  Key (coach_id, intent_id)=(s11b-coach-a, 991f79e9-8e3e-457b-8d1e-e33b06360e3b) already exists.
2026-09-27 18:34:10.374 UTC [21015] STATEMENT:  INSERT INTO "public"."ScoutImportCompletion" ("id","coach_id","intent_id","terminal_status","completed_at") VALUES ($1,$2,$3,$4,$5) RETURNING "public"."ScoutImportCompletion"."id", "public"."ScoutImportCompletion"."coach_id", "public"."ScoutImportCompletion"."intent_id", "public"."ScoutImportCompletion"."terminal_status", "public"."ScoutImportCompletion"."final_counts", "public"."ScoutImportCompletion"."error_summary", "public"."ScoutImportCompletion"."completed_at"
2026-09-27 18:34:10.510 UTC [21025] ERROR:  duplicate key value violates unique constraint "ScoutImportCompletion_coach_id_intent_id_key"
2026-09-27 18:34:10.510 UTC [21025] DETAIL:  Key (coach_id, intent_id)=(s11b-coach-a, 991f79e9-8e3e-457b-8d1e-e33b06360e3b) already exists.
2026-09-27 18:34:10.510 UTC [21025] STATEMENT:  INSERT INTO "public"."ScoutImportCompletion" ("id","coach_id","intent_id","terminal_status","completed_at") VALUES ($1,$2,$3,$4,$5) RETURNING "public"."ScoutImportCompletion"."id", "public"."ScoutImportCompletion"."coach_id", "public"."ScoutImportCompletion"."intent_id", "public"."ScoutImportCompletion"."terminal_status", "public"."ScoutImportCompletion"."final_counts", "public"."ScoutImportCompletion"."error_summary", "public"."ScoutImportCompletion"."completed_at"
2026-09-27 18:34:10.617 UTC [21015] ERROR:  could not serialize access due to concurrent update
2026-09-27 18:34:10.617 UTC [21015] STATEMENT:  
	      SELECT execution_epoch, terminal_status, fenced_at, fence_reason, deadline_at,
	             accepted_start_at
	        FROM "ScoutImport"
	       WHERE coach_id = $1 AND intent_id = $2 AND mode = 'server'
	       FOR NO KEY UPDATE
2026-09-27 18:34:46.966 UTC [21617] ERROR:  duplicate key value violates unique constraint "ScoutImportCompletion_coach_id_intent_id_key"
2026-09-27 18:34:46.966 UTC [21617] DETAIL:  Key (coach_id, intent_id)=(s11b-coach-a, df75a53e-1433-4f60-adeb-d93eaac7b07f) already exists.
2026-09-27 18:34:46.966 UTC [21617] STATEMENT:  INSERT INTO "public"."ScoutImportCompletion" ("id","coach_id","intent_id","terminal_status","completed_at") VALUES ($1,$2,$3,$4,$5) RETURNING "public"."ScoutImportCompletion"."id", "public"."ScoutImportCompletion"."coach_id", "public"."ScoutImportCompletion"."intent_id", "public"."ScoutImportCompletion"."terminal_status", "public"."ScoutImportCompletion"."final_counts", "public"."ScoutImportCompletion"."error_summary", "public"."ScoutImportCompletion"."completed_at"
2026-09-27 18:35:55.677 UTC [22762] ERROR:  duplicate key value violates unique constraint "ScoutImportCompletion_coach_id_intent_id_key"
2026-09-27 18:35:55.677 UTC [22762] DETAIL:  Key (coach_id, intent_id)=(s11b-coach-a, 4b874332-183b-4468-bb2f-b9f5f4c8f7f9) already exists.
2026-09-27 18:35:55.677 UTC [22762] STATEMENT:  INSERT INTO "public"."ScoutImportCompletion" ("id","coach_id","intent_id","terminal_status","completed_at") VALUES ($1,$2,$3,$4,$5) RETURNING "public"."ScoutImportCompletion"."id", "public"."ScoutImportCompletion"."coach_id", "public"."ScoutImportCompletion"."intent_id", "public"."ScoutImportCompletion"."terminal_status", "public"."ScoutImportCompletion"."final_counts", "public"."ScoutImportCompletion"."error_summary", "public"."ScoutImportCompletion"."completed_at"
2026-09-27 18:36:01.005 UTC [13298] LOG:  checkpoint starting: time
2026-09-27 18:36:09.630 UTC [13298] LOG:  checkpoint complete: wrote 87 buffers (0.5%); 0 WAL file(s) added, 0 removed, 0 recycled; write=8.625 s, sync=0.001 s, total=8.626 s; sync files=0, longest=0.000 s, average=0.000 s; distance=258 kB, estimate=12999 kB; lsn=0/232E350, redo lsn=0/232DB28
2026-09-27 18:37:38.231 UTC [13297] LOG:  received fast shutdown request
2026-09-27 18:37:38.231 UTC [13297] LOG:  aborting any active transactions
2026-09-27 18:37:38.233 UTC [13297] LOG:  background worker "logical replication launcher" (PID 13303) exited with exit code 1
2026-09-27 18:37:38.233 UTC [13298] LOG:  shutting down
2026-09-27 18:37:38.234 UTC [13298] LOG:  checkpoint starting: shutdown immediate
2026-09-27 18:37:38.236 UTC [13298] LOG:  checkpoint complete: wrote 66 buffers (0.4%); 0 WAL file(s) added, 0 removed, 0 recycled; write=0.002 s, sync=0.001 s, total=0.003 s; sync files=0, longest=0.000 s, average=0.000 s; distance=63 kB, estimate=11705 kB; lsn=0/233D8F8, redo lsn=0/233D8F8
2026-09-27 18:37:38.241 UTC [13297] LOG:  database system is shut down
