  console.warn
    PG17_PROCESS {"name":"g2c_1","options":{"family":"workouts"},"result":{"intent_id":"intent","staged":0,"reconstructed":0,"skipped":0,"failed":0},"queries":3,"pid":8575}

      162 |       }
      163 |       // Query shapes, outcomes, fixture identifiers and process IDs only; never parameters.
    > 164 |       console.warn(
          |               ^
      165 |         'PG17_PROCESS',
      166 |         JSON.stringify({
      167 |           name,

      at settleWorker (test/utils/g2-s8c-pg-harness.ts:164:15)
      at ChildProcess.<anonymous> (test/utils/g2-s8c-pg-harness.ts:183:7)

  console.warn
    PG17_PROCESS {"name":"g2c_2","options":{"family":"routines"},"failure":{"status":400,"message":"unsupported reconstruct family: routines"},"queries":0,"pid":8604}

      162 |       }
      163 |       // Query shapes, outcomes, fixture identifiers and process IDs only; never parameters.
    > 164 |       console.warn(
          |               ^
      165 |         'PG17_PROCESS',
      166 |         JSON.stringify({
      167 |           name,

      at settleWorker (test/utils/g2-s8c-pg-harness.ts:164:15)
      at ChildProcess.<anonymous> (test/utils/g2-s8c-pg-harness.ts:183:7)

  console.warn
    PG17_PROCESS {"name":"g2c_3","options":{"family":"programs"},"result":{"intent_id":"intent","staged":1,"reconstructed":1,"skipped":0,"failed":0},"queries":13,"pid":8643}

      162 |       }
      163 |       // Query shapes, outcomes, fixture identifiers and process IDs only; never parameters.
    > 164 |       console.warn(
          |               ^
      165 |         'PG17_PROCESS',
      166 |         JSON.stringify({
      167 |           name,

      at settleWorker (test/utils/g2-s8c-pg-harness.ts:164:15)
      at ChildProcess.<anonymous> (test/utils/g2-s8c-pg-harness.ts:183:7)

  console.warn
    PG17_PROCESS {"name":"g2c_4","options":{"family":"workouts"},"result":{"intent_id":"intent","staged":1,"reconstructed":1,"skipped":0,"failed":0},"queries":20,"pid":8692}

      162 |       }
      163 |       // Query shapes, outcomes, fixture identifiers and process IDs only; never parameters.
    > 164 |       console.warn(
          |               ^
      165 |         'PG17_PROCESS',
      166 |         JSON.stringify({
      167 |           name,

      at settleWorker (test/utils/g2-s8c-pg-harness.ts:164:15)
      at ChildProcess.<anonymous> (test/utils/g2-s8c-pg-harness.ts:183:7)

  console.warn
    PG17_PROCESS {"name":"g2c_5","options":{"family":"workouts"},"result":{"intent_id":"intent","staged":1,"reconstructed":1,"skipped":0,"failed":0},"queries":20,"pid":8753}

      162 |       }
      163 |       // Query shapes, outcomes, fixture identifiers and process IDs only; never parameters.
    > 164 |       console.warn(
          |               ^
      165 |         'PG17_PROCESS',
      166 |         JSON.stringify({
      167 |           name,

      at settleWorker (test/utils/g2-s8c-pg-harness.ts:164:15)
      at ChildProcess.<anonymous> (test/utils/g2-s8c-pg-harness.ts:183:7)

  console.warn
    PG17_PROCESS {"name":"g2c_6","options":{"family":"workouts"},"result":{"intent_id":"intent","staged":1,"reconstructed":1,"skipped":0,"failed":0},"queries":13,"pid":8802}

      162 |       }
      163 |       // Query shapes, outcomes, fixture identifiers and process IDs only; never parameters.
    > 164 |       console.warn(
          |               ^
      165 |         'PG17_PROCESS',
      166 |         JSON.stringify({
      167 |           name,

      at settleWorker (test/utils/g2-s8c-pg-harness.ts:164:15)
      at ChildProcess.<anonymous> (test/utils/g2-s8c-pg-harness.ts:183:7)

  console.warn
    PG17_PROCESS {"name":"g2c_7","options":{"family":"workouts"},"result":{"intent_id":"intent","staged":1,"reconstructed":0,"skipped":1,"failed":0},"queries":12,"pid":8867}

      162 |       }
      163 |       // Query shapes, outcomes, fixture identifiers and process IDs only; never parameters.
    > 164 |       console.warn(
          |               ^
      165 |         'PG17_PROCESS',
      166 |         JSON.stringify({
      167 |           name,

      at settleWorker (test/utils/g2-s8c-pg-harness.ts:164:15)
      at ChildProcess.<anonymous> (test/utils/g2-s8c-pg-harness.ts:183:7)

  console.warn
    PG17_PROCESS {"name":"g2c_8","options":{"family":"programs"},"result":{"intent_id":"intent","staged":1,"reconstructed":1,"skipped":0,"failed":0},"queries":13,"pid":8904}

      162 |       }
      163 |       // Query shapes, outcomes, fixture identifiers and process IDs only; never parameters.
    > 164 |       console.warn(
          |               ^
      165 |         'PG17_PROCESS',
      166 |         JSON.stringify({
      167 |           name,

      at settleWorker (test/utils/g2-s8c-pg-harness.ts:164:15)
      at ChildProcess.<anonymous> (test/utils/g2-s8c-pg-harness.ts:183:7)

  console.warn
    PG17_PROCESS {"name":"g2c_9","options":{"family":"workouts"},"result":{"intent_id":"intent","staged":1,"reconstructed":1,"skipped":0,"failed":0},"queries":20,"pid":8935}

      162 |       }
      163 |       // Query shapes, outcomes, fixture identifiers and process IDs only; never parameters.
    > 164 |       console.warn(
          |               ^
      165 |         'PG17_PROCESS',
      166 |         JSON.stringify({
      167 |           name,

      at settleWorker (test/utils/g2-s8c-pg-harness.ts:164:15)
      at ChildProcess.<anonymous> (test/utils/g2-s8c-pg-harness.ts:183:7)

  console.warn
    PG17_PROCESS {"name":"g2c_10","options":{"family":"workouts"},"result":{"intent_id":"intent","staged":1,"reconstructed":1,"skipped":0,"failed":0},"queries":13,"pid":8988}

      162 |       }
      163 |       // Query shapes, outcomes, fixture identifiers and process IDs only; never parameters.
    > 164 |       console.warn(
          |               ^
      165 |         'PG17_PROCESS',
      166 |         JSON.stringify({
      167 |           name,

      at settleWorker (test/utils/g2-s8c-pg-harness.ts:164:15)
      at ChildProcess.<anonymous> (test/utils/g2-s8c-pg-harness.ts:183:7)

  console.warn
    PG17_PROCESS {"name":"g2c_11","options":{"family":"programs"},"result":{"intent_id":"intent","staged":1,"reconstructed":0,"skipped":1,"failed":0},"queries":10,"pid":9017}

      162 |       }
      163 |       // Query shapes, outcomes, fixture identifiers and process IDs only; never parameters.
    > 164 |       console.warn(
          |               ^
      165 |         'PG17_PROCESS',
      166 |         JSON.stringify({
      167 |           name,

      at settleWorker (test/utils/g2-s8c-pg-harness.ts:164:15)
      at ChildProcess.<anonymous> (test/utils/g2-s8c-pg-harness.ts:183:7)

  console.warn
    PG17_PROCESS {"name":"g2c_12","options":{"family":"workouts"},"result":{"intent_id":"intent","staged":1,"reconstructed":1,"skipped":0,"failed":0},"queries":20,"pid":9078}

      162 |       }
      163 |       // Query shapes, outcomes, fixture identifiers and process IDs only; never parameters.
    > 164 |       console.warn(
          |               ^
      165 |         'PG17_PROCESS',
      166 |         JSON.stringify({
      167 |           name,

      at settleWorker (test/utils/g2-s8c-pg-harness.ts:164:15)
      at ChildProcess.<anonymous> (test/utils/g2-s8c-pg-harness.ts:183:7)

  console.warn
    PG17_PROCESS {"name":"g2c_13","options":{"family":"workouts","coach":"coach-b","intent":"intent-b"},"result":{"intent_id":"intent-b","staged":1,"reconstructed":1,"skipped":0,"failed":0},"queries":20,"pid":9114}

      162 |       }
      163 |       // Query shapes, outcomes, fixture identifiers and process IDs only; never parameters.
    > 164 |       console.warn(
          |               ^
      165 |         'PG17_PROCESS',
      166 |         JSON.stringify({
      167 |           name,

      at settleWorker (test/utils/g2-s8c-pg-harness.ts:164:15)
      at ChildProcess.<anonymous> (test/utils/g2-s8c-pg-harness.ts:183:7)

  console.warn
    PG17_PROCESS {"name":"g2c_15","options":{"family":"workouts"},"result":{"intent_id":"intent","staged":1,"reconstructed":1,"skipped":0,"failed":0},"queries":20,"pid":9207}

      162 |       }
      163 |       // Query shapes, outcomes, fixture identifiers and process IDs only; never parameters.
    > 164 |       console.warn(
          |               ^
      165 |         'PG17_PROCESS',
      166 |         JSON.stringify({
      167 |           name,

      at settleWorker (test/utils/g2-s8c-pg-harness.ts:164:15)
      at ChildProcess.<anonymous> (test/utils/g2-s8c-pg-harness.ts:183:7)

  console.warn
    PG17_PROCESS {"name":"g2c_14","options":{"family":"workouts","pause":"after-target","txTimeout":60000},"result":{"intent_id":"intent","staged":1,"reconstructed":1,"skipped":0,"failed":0},"queries":20,"pid":9177}

      162 |       }
      163 |       // Query shapes, outcomes, fixture identifiers and process IDs only; never parameters.
    > 164 |       console.warn(
          |               ^
      165 |         'PG17_PROCESS',
      166 |         JSON.stringify({
      167 |           name,

      at settleWorker (test/utils/g2-s8c-pg-harness.ts:164:15)
      at ChildProcess.<anonymous> (test/utils/g2-s8c-pg-harness.ts:183:7)

  console.warn
    PG17_BLOCKED {"name":"g2c_16","rows":[{"type":"Lock","wait":"transactionid"}]}

      194 |       FROM pg_stat_activity WHERE application_name=${quote(name)} AND wait_event_type='Lock'`);
      195 |     if (rows.length > 0) {
    > 196 |       console.warn('PG17_BLOCKED', JSON.stringify({ name, rows }));
          |               ^
      197 |       return;
      198 |     }
      199 |     await new Promise((r) => setTimeout(r, 25));

      at blocked (test/utils/g2-s8c-pg-harness.ts:196:15)
      at Object.<anonymous> (test/rls-g2-s8c.spec.ts:500:5)

  console.warn
    PG17_PROCESS {"name":"g2c_16","options":{"family":"workouts","txTimeout":60000},"result":{"intent_id":"intent","staged":1,"reconstructed":1,"skipped":0,"failed":0},"queries":34,"pid":9274}

      162 |       }
      163 |       // Query shapes, outcomes, fixture identifiers and process IDs only; never parameters.
    > 164 |       console.warn(
          |               ^
      165 |         'PG17_PROCESS',
      166 |         JSON.stringify({
      167 |           name,

      at settleWorker (test/utils/g2-s8c-pg-harness.ts:164:15)
      at ChildProcess.<anonymous> (test/utils/g2-s8c-pg-harness.ts:183:7)

  console.warn
    PG17_PROCESS {"name":"g2c_17","options":{"family":"client_history"},"result":{"intent_id":"intent","staged":1,"reconstructed":1,"skipped":0,"failed":0},"queries":11,"pid":9357}

      162 |       }
      163 |       // Query shapes, outcomes, fixture identifiers and process IDs only; never parameters.
    > 164 |       console.warn(
          |               ^
      165 |         'PG17_PROCESS',
      166 |         JSON.stringify({
      167 |           name,

      at settleWorker (test/utils/g2-s8c-pg-harness.ts:164:15)
      at ChildProcess.<anonymous> (test/utils/g2-s8c-pg-harness.ts:183:7)

  console.warn
    PG17_PROCESS {"name":"g2c_18","options":{"family":"workouts"},"result":{"intent_id":"intent","staged":1,"reconstructed":1,"skipped":0,"failed":0},"queries":20,"pid":9387}

      162 |       }
      163 |       // Query shapes, outcomes, fixture identifiers and process IDs only; never parameters.
    > 164 |       console.warn(
          |               ^
      165 |         'PG17_PROCESS',
      166 |         JSON.stringify({
      167 |           name,

      at settleWorker (test/utils/g2-s8c-pg-harness.ts:164:15)
      at ChildProcess.<anonymous> (test/utils/g2-s8c-pg-harness.ts:183:7)

  console.warn
    PG17_PROCESS {"name":"g2c_19","options":{"family":"programs"},"result":{"intent_id":"intent","staged":1,"reconstructed":1,"skipped":0,"failed":0},"queries":13,"pid":9438}

      162 |       }
      163 |       // Query shapes, outcomes, fixture identifiers and process IDs only; never parameters.
    > 164 |       console.warn(
          |               ^
      165 |         'PG17_PROCESS',
      166 |         JSON.stringify({
      167 |           name,

      at settleWorker (test/utils/g2-s8c-pg-harness.ts:164:15)
      at ChildProcess.<anonymous> (test/utils/g2-s8c-pg-harness.ts:183:7)

  console.warn
    PG17_PROCESS {"name":"g2c_20","options":{"family":"workouts"},"result":{"intent_id":"intent","staged":1,"reconstructed":1,"skipped":0,"failed":0},"queries":20,"pid":9471}

      162 |       }
      163 |       // Query shapes, outcomes, fixture identifiers and process IDs only; never parameters.
    > 164 |       console.warn(
          |               ^
      165 |         'PG17_PROCESS',
      166 |         JSON.stringify({
      167 |           name,

      at settleWorker (test/utils/g2-s8c-pg-harness.ts:164:15)
      at ChildProcess.<anonymous> (test/utils/g2-s8c-pg-harness.ts:183:7)

  console.warn
    PG17_PROCESS {"name":"g2c_21","options":{"family":"workouts"},"result":{"intent_id":"intent","staged":1,"reconstructed":1,"skipped":0,"failed":0},"queries":12,"pid":9510}

      162 |       }
      163 |       // Query shapes, outcomes, fixture identifiers and process IDs only; never parameters.
    > 164 |       console.warn(
          |               ^
      165 |         'PG17_PROCESS',
      166 |         JSON.stringify({
      167 |           name,

      at settleWorker (test/utils/g2-s8c-pg-harness.ts:164:15)
      at ChildProcess.<anonymous> (test/utils/g2-s8c-pg-harness.ts:183:7)

  console.warn
    PG17_PROCESS {"name":"g2c_22","options":{"family":"programs"},"result":{"intent_id":"intent","staged":1,"reconstructed":1,"skipped":0,"failed":0},"queries":12,"pid":9550}

      162 |       }
      163 |       // Query shapes, outcomes, fixture identifiers and process IDs only; never parameters.
    > 164 |       console.warn(
          |               ^
      165 |         'PG17_PROCESS',
      166 |         JSON.stringify({
      167 |           name,

      at settleWorker (test/utils/g2-s8c-pg-harness.ts:164:15)
      at ChildProcess.<anonymous> (test/utils/g2-s8c-pg-harness.ts:183:7)

FAIL rls-live test/rls-g2-s8c.spec.ts (48.828 s)
  lane identity (bootstrap state, never repaired here)
    ✓ is the S8-C disposable PG17 lane with the full accepted history and S8-B objects present (444 ms)
    ✓ is bound to one attested candidate head that descends from the base (283 ms)
    ✓ the worker exposes the canonical family list with programs (N3) and refuses an unknown family (2258 ms)
  native persistence: target + provenance + typed ledger in one transaction
    ✓ creates a WorkoutProgram from a programs row with workout_program provenance and ledger kind (N1, N4) (1369 ms)
    ✕ creates a standalone WorkoutPlan with ordered exercises, exact catalog links and unresolved children (1647 ms)
    ✓ replays byte-identical: no duplicate targets, no provenance drift, coach edits preserved (2771 ms)
    ✓ program-day workouts: relationship pending until the program lands, then converge with revision 0 (3503 ms)
  client principal: explicit unresolved, never a User (N2)
    ✕ client-linked workout stays generic evidence with an unresolved provenance marker; no plan, no User (2517 ms)
  tenant isolation
    ✓ the same source identifiers for two coaches yield separate targets; neither coach sees the other (2835 ms)
  contention and atomicity
    ✓ two concurrent identical runs converge on ONE plan; the loser rolls its target back with its transaction (2584 ms)
    ✓ a held ledger identity blocks the writer; its first attempt (target included) rolls back and the retry converges (1542 ms)
  legacy compatibility and unchanged precedence
    ✓ legacy families and pre-existing NULL-kind ledger rows are untouched by the native writer (2461 ms)
    ✓ a later-removed or archived native target does not downgrade the reconstructed ledger row and mints nothing new (8394 ms)

  ● native persistence: target + provenance + typed ledger in one transaction › creates a standalone WorkoutPlan with ordered exercises, exact catalog links and unresolved children

    expect(received).toBe(expected) // Object.is equality

    Expected: 1
    Received: 3

      288 |     expect(count('ClientWorkoutAssignment')).toBe(0);
      289 |     expect(count('Notification')).toBe(0);
    > 290 |     expect(count('User')).toBe(1);
          |                           ^
      291 |     expect(count('Person')).toBe(0);
      292 |     // The writer's rows satisfy S8-B's CHECKs by construction (a violation would have aborted the tx).
      293 |     expect(count('ImportNativeProvenance', `(native_id IS NULL) <> (outcome='unresolved')`)).toBe(

      at Object.<anonymous> (test/rls-g2-s8c.spec.ts:290:27)

  ● client principal: explicit unresolved, never a User (N2) › client-linked workout stays generic evidence with an unresolved provenance marker; no plan, no User

    expect(received).toBe(expected) // Object.is equality

    Expected: 1
    Received: 2

      427 |     // Only the fixture coach besides the accepted seed system coach
      428 |     // (migration 20261215000100_seed_b5_contract_templates): the writer minted no User.
    > 429 |     expect(count('User', `id <> 'b5-system-coach-tgp'`)).toBe(1);
          |                                                          ^
      430 |     expect(count('ClientWorkoutAssignment')).toBe(0);
      431 |   });
      432 | });

      at Object.<anonymous> (test/rls-g2-s8c.spec.ts:429:58)

Test Suites: 1 failed, 1 total
Tests:       2 failed, 11 passed, 13 total
Snapshots:   0 total
Time:        49.084 s, estimated 50 s
Ran all test suites matching test/rls-g2-s8c.spec.ts.
