PRE 2026-09-25T16:30:03Z relevant_processes=[none]
REFUSED: canonical lock busy (/home/user/workspace/execution/test-validation.lock)
PRE 2026-09-25T16:30:41Z relevant_processes=[none]
START 2026-09-25T16:30:41Z pid=5600 lock=/home/user/workspace/execution/test-validation.lock held fd9 inode=674373 holders=[ 5600 /home/user/workspace/execution/test-validation.lock]
worktree=/home/user/workspace/worktrees/64e33dc7-s7l head=a68cdac70d81aea384fdc99c01c9c983a08e80eb status=[ M test/utils/g2-s7l-worker.cjs ]
cp_a_exit=0 secs=152
copy_ok hidden_lock=05bc530aa44bfa6df64f0daa8edb66c5181abf4bfbc309bd8da2c8aff37b6a44 top=649 client_index_d_ts=b6716a865a705ffc0efab30ed88cd163b461e5344ad64e5926a0dff078b49f44 schema=0eb41f9a88ef3b77266e908a5ea814206c188d1bdb031bd96d746491fee84015
worktree=/home/user/workspace/worktrees/64e33dc7-s8c head=87018a421f5be1064767d2cdd32e75ca935f7cdb status=[ M test/utils/g2-s8c-bootstrap.sh ]
cp_a_exit=0 secs=33
copy_ok hidden_lock=05bc530aa44bfa6df64f0daa8edb66c5181abf4bfbc309bd8da2c8aff37b6a44 top=649 client_index_d_ts=b6716a865a705ffc0efab30ed88cd163b461e5344ad64e5926a0dff078b49f44 schema=77f33bcdc36802f8e1d52553d011f546f56f757cacb391f23436ab266a148589
Prisma schema loaded from prisma/schema.prisma

✔ Generated Prisma Client (v6.19.3) to ./node_modules/@prisma/client in 2.70s

Start by importing your Prisma Client (See: https://pris.ly/d/importing-client)

Tip: Want to turn off tips and other hints? https://pris.ly/tip-4-nohints

s7l_prisma_generate_exit=0
s7l_client_index_d_ts=9042e713ba5678c99959a345b7b18a60dfc186b2c7d890b8d9c3ed5c8f4edcc6 expect=9042e713ba5678c99959a345b7b18a60dfc186b2c7d890b8d9c3ed5c8f4edcc6 client_schema=b84392033ab86776533007505c31f57930307a210844067a7407ed20d25abf3e expect=b84392033ab86776533007505c31f57930307a210844067a7407ed20d25abf3e
s8c_client_index_d_ts=b6716a865a705ffc0efab30ed88cd163b461e5344ad64e5926a0dff078b49f44 (donor copy, no generate)
prefix=/home/user/workspace/execution/64e33dc7/recovery-reset/s7l/tools/prettier-3.9.9 files=56 npx_prettier_in_s7l=3.9.9
prefix=/home/user/workspace/execution/64e33dc7/recovery-reset/s8c/tools/prettier-3.9.9 files=56 npx_prettier_in_s8c=3.9.9
post 64e33dc7-s7l head=a68cdac70d81aea384fdc99c01c9c983a08e80eb status=[ M test/utils/g2-s7l-worker.cjs ]
post 64e33dc7-s8c head=87018a421f5be1064767d2cdd32e75ca935f7cdb status=[ M test/utils/g2-s8c-bootstrap.sh ]
donor_unchanged=yes postgres_procs=0
/dev/root        20G   14G  6.3G  69% /
END rc=0 stage=done 2026-09-25T16:33:54Z (fd9 released on exit)
