FAIL src/hooks/__tests__/useExtensionPairing.test.tsx
  ● Console

    console.warn
      [[importPairingMirror] shape or version drift discarded]

      16 | function log(level: LogLevel, context: string, ...args: unknown[]) {
      17 |   if (__DEV__) {
    > 18 |     console[level](`[${context}]`, ...args);
         |                   ^
      19 |   }
      20 |   // In production, could forward to Sentry breadcrumbs here
      21 | }

      at log (src/utils/logger.ts:18:19)
      at Object.log [as warn] (src/utils/logger.ts:25:50)
      at warn (src/storage/importPairingMirror.ts:170:12)
      at asyncGeneratorStep (node_modules/@babel/runtime/helpers/asyncToGenerator.js:3:17)
      at _next (node_modules/@babel/runtime/helpers/asyncToGenerator.js:17:9)

    console.warn
      [[importPairingMirror] shape or version drift discarded]

      16 | function log(level: LogLevel, context: string, ...args: unknown[]) {
      17 |   if (__DEV__) {
    > 18 |     console[level](`[${context}]`, ...args);
         |                   ^
      19 |   }
      20 |   // In production, could forward to Sentry breadcrumbs here
      21 | }

      at log (src/utils/logger.ts:18:19)
      at Object.log [as warn] (src/utils/logger.ts:25:50)
      at warn (src/storage/importPairingMirror.ts:170:12)
      at asyncGeneratorStep (node_modules/@babel/runtime/helpers/asyncToGenerator.js:3:17)
      at _next (node_modules/@babel/runtime/helpers/asyncToGenerator.js:17:9)

    console.warn
      [[importPairingMirror] user mismatch discarded]

      16 | function log(level: LogLevel, context: string, ...args: unknown[]) {
      17 |   if (__DEV__) {
    > 18 |     console[level](`[${context}]`, ...args);
         |                   ^
      19 |   }
      20 |   // In production, could forward to Sentry breadcrumbs here
      21 | }

      at log (src/utils/logger.ts:18:19)
      at Object.log [as warn] (src/utils/logger.ts:25:50)
      at warn (src/storage/importPairingMirror.ts:177:12)
      at asyncGeneratorStep (node_modules/@babel/runtime/helpers/asyncToGenerator.js:3:17)
      at _next (node_modules/@babel/runtime/helpers/asyncToGenerator.js:17:9)

    console.warn
      [[importPairingMirror] shape or version drift discarded]

      16 | function log(level: LogLevel, context: string, ...args: unknown[]) {
      17 |   if (__DEV__) {
    > 18 |     console[level](`[${context}]`, ...args);
         |                   ^
      19 |   }
      20 |   // In production, could forward to Sentry breadcrumbs here
      21 | }

      at log (src/utils/logger.ts:18:19)
      at Object.log [as warn] (src/utils/logger.ts:25:50)
      at warn (src/storage/importPairingMirror.ts:170:12)
      at asyncGeneratorStep (node_modules/@babel/runtime/helpers/asyncToGenerator.js:3:17)
      at _next (node_modules/@babel/runtime/helpers/asyncToGenerator.js:17:9)

    console.warn
      [[importPairingMirror] corrupt JSON discarded] SyntaxError: Expected property name or '}' in JSON at position 1
          at JSON.parse (<anonymous>)
          at parse (/home/user/workspace/worktrees/ux03b-correlation/src/storage/importPairingMirror.ts:163:19)
          at Generator.next (<anonymous>)
          at asyncGeneratorStep (/home/user/workspace/worktrees/ux03b-correlation/node_modules/@babel/runtime/helpers/asyncToGenerator.js:3:17)
          at _next (/home/user/workspace/worktrees/ux03b-correlation/node_modules/@babel/runtime/helpers/asyncToGenerator.js:17:9)

      16 | function log(level: LogLevel, context: string, ...args: unknown[]) {
      17 |   if (__DEV__) {
    > 18 |     console[level](`[${context}]`, ...args);
         |                   ^
      19 |   }
      20 |   // In production, could forward to Sentry breadcrumbs here
      21 | }

      at log (src/utils/logger.ts:18:19)
      at Object.log [as warn] (src/utils/logger.ts:25:50)
      at warn (src/storage/importPairingMirror.ts:165:12)
      at asyncGeneratorStep (node_modules/@babel/runtime/helpers/asyncToGenerator.js:3:17)
      at _next (node_modules/@babel/runtime/helpers/asyncToGenerator.js:17:9)

    console.warn
      [[useExtensionPairing] pre-init mirror write failed] Error: disk full
          at Object.<anonymous> (/home/user/workspace/worktrees/ux03b-correlation/src/hooks/__tests__/useExtensionPairing.test.tsx:1098:30)
          at Generator.next (<anonymous>)
          at asyncGeneratorStep (/home/user/workspace/worktrees/ux03b-correlation/node_modules/@babel/runtime/helpers/asyncToGenerator.js:3:17)
          at _next (/home/user/workspace/worktrees/ux03b-correlation/node_modules/@babel/runtime/helpers/asyncToGenerator.js:17:9)
          at /home/user/workspace/worktrees/ux03b-correlation/node_modules/@babel/runtime/helpers/asyncToGenerator.js:22:7
          at new Promise (<anonymous>)
          at Object.<anonymous> (/home/user/workspace/worktrees/ux03b-correlation/node_modules/@babel/runtime/helpers/asyncToGenerator.js:14:12)
          at Promise.then.completed (/home/user/workspace/worktrees/ux03b-correlation/node_modules/jest-circus/build/utils.js:298:28)
          at new Promise (<anonymous>)
          at callAsyncCircusFn (/home/user/workspace/worktrees/ux03b-correlation/node_modules/jest-circus/build/utils.js:231:10)
          at _callCircusTest (/home/user/workspace/worktrees/ux03b-correlation/node_modules/jest-circus/build/run.js:316:40)
          at _runTest (/home/user/workspace/worktrees/ux03b-correlation/node_modules/jest-circus/build/run.js:252:3)
          at _runTestsForDescribeBlock (/home/user/workspace/worktrees/ux03b-correlation/node_modules/jest-circus/build/run.js:126:9)
          at _runTestsForDescribeBlock (/home/user/workspace/worktrees/ux03b-correlation/node_modules/jest-circus/build/run.js:121:9)
          at run (/home/user/workspace/worktrees/ux03b-correlation/node_modules/jest-circus/build/run.js:71:3)
          at runAndTransformResultsToJestFormat (/home/user/workspace/worktrees/ux03b-correlation/node_modules/jest-circus/build/legacy-code-todo-rewrite/jestAdapterInit.js:122:21)
          at jestAdapter (/home/user/workspace/worktrees/ux03b-correlation/node_modules/jest-circus/build/legacy-code-todo-rewrite/jestAdapter.js:79:19)
          at runTestInternal (/home/user/workspace/worktrees/ux03b-correlation/node_modules/jest-runner/build/runTest.js:367:16)
          at runTest (/home/user/workspace/worktrees/ux03b-correlation/node_modules/jest-runner/build/runTest.js:444:34)

      16 | function log(level: LogLevel, context: string, ...args: unknown[]) {
      17 |   if (__DEV__) {
    > 18 |     console[level](`[${context}]`, ...args);
         |                   ^
      19 |   }
      20 |   // In production, could forward to Sentry breadcrumbs here
      21 | }

      at log (src/utils/logger.ts:18:19)
      at Object.log [as warn] (src/utils/logger.ts:25:50)
      at Object.warn (src/hooks/useExtensionPairing.ts:493:18)
          at Generator.throw (<anonymous>)
      at asyncGeneratorStep (node_modules/@babel/runtime/helpers/asyncToGenerator.js:3:17)
      at _throw (node_modules/@babel/runtime/helpers/asyncToGenerator.js:20:9)

  ● useExtensionPairing — session ownership across identity changes › same coach cancel→retry: the retry mints at once and the cancelled attempt’s late settle is inert

    expect(received).toBeNull()

    Received: {"code": null, "expiresAt": null, "idempotencyKey": "e32de1d8-0bfc-4b40-a50a-37d21051400b", "platformId": "truecoach", "setupNonce": "952b0656-3af8-46f1-8be0-f0bb023a4e28", "userId": "coach-1", "version": 2}

      1325 |     expect(result.current.status).toBe('minting');
      1326 |     expect(result.current.code).toBeNull();
    > 1327 |     expect(await readImportPairingMirror('coach-1')).toBeNull();
           |                                                      ^
      1328 |     await act(async () => {
      1329 |       result.current.start();
      1330 |     });

      at Object.toBeNull (src/hooks/__tests__/useExtensionPairing.test.tsx:1327:54)
      at asyncGeneratorStep (node_modules/@babel/runtime/helpers/asyncToGenerator.js:3:17)
      at _next (node_modules/@babel/runtime/helpers/asyncToGenerator.js:17:9)

PASS src/screens/coach/__tests__/ImportDataScreen.test.tsx (8.592 s)
  ● Console

    console.error
      An update to ImportDataScreen inside a test was not wrapped in act(...).
      
      When testing, code that causes React state updates should be wrapped into act(...):
      
      act(() => {
        /* fire events that update state */
      });
      /* assert on the output */
      
      This ensures that you're testing the behavior the user would see in the browser. Learn more at https://react.dev/link/wrap-tests-with-act

      107 |       await Linking.openURL(safe);
      108 |       track(AnalyticsEvents.IMPORT_LOGIN_OPENED, { platform: platformId });
    > 109 |       setState({ phase: 'awaitingExtension', platformId });
          |       ^
      110 |     } catch {
      111 |       track(AnalyticsEvents.IMPORT_LOGIN_OPEN_FAILED, { platform: platformId, reason: 'open_failed' });
      112 |       setState({ phase: 'failed', message: "We couldn't open that site in your browser. Please try again." });

      at node_modules/react-reconciler/cjs/react-reconciler.development.js:16307:19
      at runWithFiberInDEV (node_modules/react-reconciler/cjs/react-reconciler.development.js:2508:13)
      at warnIfUpdatesNotWrappedWithActDEV (node_modules/react-reconciler/cjs/react-reconciler.development.js:16306:9)
      at scheduleUpdateOnFiber (node_modules/react-reconciler/cjs/react-reconciler.development.js:14070:11)
      at dispatchSetStateInternal (node_modules/react-reconciler/cjs/react-reconciler.development.js:6784:13)
      at dispatchSetState (node_modules/react-reconciler/cjs/react-reconciler.development.js:6741:7)
      at setState (src/screens/coach/ImportDataScreen.tsx:109:7)
      at asyncGeneratorStep (node_modules/@babel/runtime/helpers/asyncToGenerator.js:3:17)
      at _next (node_modules/@babel/runtime/helpers/asyncToGenerator.js:17:9)

    console.error
      An update to ImportDataScreen inside a test was not wrapped in act(...).
      
      When testing, code that causes React state updates should be wrapped into act(...):
      
      act(() => {
        /* fire events that update state */
      });
      /* assert on the output */
      
      This ensures that you're testing the behavior the user would see in the browser. Learn more at https://react.dev/link/wrap-tests-with-act

      107 |       await Linking.openURL(safe);
      108 |       track(AnalyticsEvents.IMPORT_LOGIN_OPENED, { platform: platformId });
    > 109 |       setState({ phase: 'awaitingExtension', platformId });
          |       ^
      110 |     } catch {
      111 |       track(AnalyticsEvents.IMPORT_LOGIN_OPEN_FAILED, { platform: platformId, reason: 'open_failed' });
      112 |       setState({ phase: 'failed', message: "We couldn't open that site in your browser. Please try again." });

      at node_modules/react-reconciler/cjs/react-reconciler.development.js:16307:19
      at runWithFiberInDEV (node_modules/react-reconciler/cjs/react-reconciler.development.js:2508:13)
      at warnIfUpdatesNotWrappedWithActDEV (node_modules/react-reconciler/cjs/react-reconciler.development.js:16306:9)
      at scheduleUpdateOnFiber (node_modules/react-reconciler/cjs/react-reconciler.development.js:14070:11)
      at dispatchSetStateInternal (node_modules/react-reconciler/cjs/react-reconciler.development.js:6784:13)
      at dispatchSetState (node_modules/react-reconciler/cjs/react-reconciler.development.js:6741:7)
      at setState (src/screens/coach/ImportDataScreen.tsx:109:7)
      at asyncGeneratorStep (node_modules/@babel/runtime/helpers/asyncToGenerator.js:3:17)
      at _next (node_modules/@babel/runtime/helpers/asyncToGenerator.js:17:9)

PASS src/types/__tests__/extensionImport.contract.test.ts
PASS src/components/coach/__tests__/ExtensionPairingPanel.test.tsx
PASS src/api/__tests__/extensionPairApi.test.ts
PASS src/storage/__tests__/importPairingMirror.test.ts
PASS src/components/coach/__tests__/ExtensionPairingPanel.reconstruct.test.tsx
FAIL src/hooks/__tests__/useExtensionPairing.identityWait.test.tsx
  ● Console

    console.error
      You seem to have overlapping act() calls, this is not supported. Be sure to await previous act() calls before making a new one.

      at popActScope (node_modules/react/cjs/react.development.js:556:17)
      at node_modules/react/cjs/react.development.js:844:17

    console.error
      You seem to have overlapping act() calls, this is not supported. Be sure to await previous act() calls before making a new one.

      at popActScope (node_modules/react/cjs/react.development.js:556:17)
      at node_modules/react/cjs/react.development.js:844:17

  ● bounded identity wait — transitions › identity arriving within the bound cancels the timer and mints the deferred intent

    TypeError: Cannot read properties of null (reading 'start')

      132 |     const { result, rerender } = await renderHook(() => useExtensionPairing('truecoach', true));
      133 |     await act(async () => {
    > 134 |       result.current.start();
          |                      ^
      135 |       await jest.advanceTimersByTimeAsync(IDENTITY_WAIT_MS / 2);
      136 |     });
      137 |     mockCurrentUserId = 'coach-1';

      at start (src/hooks/__tests__/useExtensionPairing.identityWait.test.tsx:134:22)
      at asyncGeneratorStep (node_modules/@babel/runtime/helpers/asyncToGenerator.js:3:17)
      at _next (node_modules/@babel/runtime/helpers/asyncToGenerator.js:17:9)
      at node_modules/@babel/runtime/helpers/asyncToGenerator.js:22:7
      at node_modules/@babel/runtime/helpers/asyncToGenerator.js:14:12
      at callback (node_modules/@testing-library/react-native/src/act.ts:72:33)
      at callback (node_modules/@testing-library/react-native/src/act.ts:30:24)
      at Object.<anonymous>.process.env.NODE_ENV.exports.act (node_modules/react/cjs/react.development.js:814:22)
      at actImplementation (node_modules/@testing-library/react-native/src/act.ts:29:25)
      at _act (node_modules/@testing-library/react-native/src/act.ts:72:10)
      at Object.<anonymous> (src/hooks/__tests__/useExtensionPairing.identityWait.test.tsx:133:14)
      at asyncGeneratorStep (node_modules/@babel/runtime/helpers/asyncToGenerator.js:3:17)
      at _next (node_modules/@babel/runtime/helpers/asyncToGenerator.js:17:9)

  ● bounded identity wait — transitions › identity arriving AFTER the bound supersedes identityUnavailable and mints once

    TypeError: Cannot read properties of null (reading 'start')

      155 |     const { result, rerender } = await renderHook(() => useExtensionPairing('truecoach', true));
      156 |     await act(async () => {
    > 157 |       result.current.start();
          |                      ^
      158 |       await jest.advanceTimersByTimeAsync(IDENTITY_WAIT_MS + 1);
      159 |     });
      160 |     expect(result.current.status).toBe('identityUnavailable');

      at start (src/hooks/__tests__/useExtensionPairing.identityWait.test.tsx:157:22)
      at asyncGeneratorStep (node_modules/@babel/runtime/helpers/asyncToGenerator.js:3:17)
      at _next (node_modules/@babel/runtime/helpers/asyncToGenerator.js:17:9)
      at node_modules/@babel/runtime/helpers/asyncToGenerator.js:22:7
      at node_modules/@babel/runtime/helpers/asyncToGenerator.js:14:12
      at callback (node_modules/@testing-library/react-native/src/act.ts:72:33)
      at callback (node_modules/@testing-library/react-native/src/act.ts:30:24)
      at Object.<anonymous>.process.env.NODE_ENV.exports.act (node_modules/react/cjs/react.development.js:814:22)
      at actImplementation (node_modules/@testing-library/react-native/src/act.ts:29:25)
      at _act (node_modules/@testing-library/react-native/src/act.ts:72:10)
      at Object.<anonymous> (src/hooks/__tests__/useExtensionPairing.identityWait.test.tsx:156:14)
      at asyncGeneratorStep (node_modules/@babel/runtime/helpers/asyncToGenerator.js:3:17)
      at _next (node_modules/@babel/runtime/helpers/asyncToGenerator.js:17:9)

  ● bounded identity wait — transitions › A→null (sign-out window) after a resolved identity does NOT arm the bounded wait: stays idle

    TypeError: Cannot read properties of null (reading 'start')

      175 |     const { result, rerender } = await renderHook(() => useExtensionPairing('truecoach', true));
      176 |     await act(async () => {
    > 177 |       result.current.start();
          |                      ^
      178 |       await jest.advanceTimersByTimeAsync(0);
      179 |     });
      180 |     expect(result.current.status).toBe('waiting');

      at start (src/hooks/__tests__/useExtensionPairing.identityWait.test.tsx:177:22)
      at asyncGeneratorStep (node_modules/@babel/runtime/helpers/asyncToGenerator.js:3:17)
      at _next (node_modules/@babel/runtime/helpers/asyncToGenerator.js:17:9)
      at node_modules/@babel/runtime/helpers/asyncToGenerator.js:22:7
      at node_modules/@babel/runtime/helpers/asyncToGenerator.js:14:12
      at callback (node_modules/@testing-library/react-native/src/act.ts:72:33)
      at callback (node_modules/@testing-library/react-native/src/act.ts:30:24)
      at Object.<anonymous>.process.env.NODE_ENV.exports.act (node_modules/react/cjs/react.development.js:814:22)
      at actImplementation (node_modules/@testing-library/react-native/src/act.ts:29:25)
      at _act (node_modules/@testing-library/react-native/src/act.ts:72:10)
      at Object.<anonymous> (src/hooks/__tests__/useExtensionPairing.identityWait.test.tsx:176:14)
      at asyncGeneratorStep (node_modules/@babel/runtime/helpers/asyncToGenerator.js:3:17)
      at _next (node_modules/@babel/runtime/helpers/asyncToGenerator.js:17:9)

  ● bounded identity wait — transitions › cancel from identityUnavailable is a plain local cancel

    TypeError: Cannot read properties of null (reading 'start')

      192 |     const { result } = await renderHook(() => useExtensionPairing('truecoach', true));
      193 |     await act(async () => {
    > 194 |       result.current.start();
          |                      ^
      195 |       await jest.advanceTimersByTimeAsync(IDENTITY_WAIT_MS + 1);
      196 |     });
      197 |     await act(async () => {

      at start (src/hooks/__tests__/useExtensionPairing.identityWait.test.tsx:194:22)
      at asyncGeneratorStep (node_modules/@babel/runtime/helpers/asyncToGenerator.js:3:17)
      at _next (node_modules/@babel/runtime/helpers/asyncToGenerator.js:17:9)
      at node_modules/@babel/runtime/helpers/asyncToGenerator.js:22:7
      at node_modules/@babel/runtime/helpers/asyncToGenerator.js:14:12
      at callback (node_modules/@testing-library/react-native/src/act.ts:72:33)
      at callback (node_modules/@testing-library/react-native/src/act.ts:30:24)
      at Object.<anonymous>.process.env.NODE_ENV.exports.act (node_modules/react/cjs/react.development.js:814:22)
      at actImplementation (node_modules/@testing-library/react-native/src/act.ts:29:25)
      at _act (node_modules/@testing-library/react-native/src/act.ts:72:10)
      at Object.<anonymous> (src/hooks/__tests__/useExtensionPairing.identityWait.test.tsx:193:14)
      at asyncGeneratorStep (node_modules/@babel/runtime/helpers/asyncToGenerator.js:3:17)
      at _next (node_modules/@babel/runtime/helpers/asyncToGenerator.js:17:9)

FAIL src/screens/coach/__tests__/ImportDataScreen.restore.test.tsx
  ● Console

    console.warn
      [[importPairingMirror] shape or version drift discarded]

      16 | function log(level: LogLevel, context: string, ...args: unknown[]) {
      17 |   if (__DEV__) {
    > 18 |     console[level](`[${context}]`, ...args);
         |                   ^
      19 |   }
      20 |   // In production, could forward to Sentry breadcrumbs here
      21 | }

      at log (src/utils/logger.ts:18:19)
      at Object.log [as warn] (src/utils/logger.ts:25:50)
      at warn (src/storage/importPairingMirror.ts:170:12)
      at asyncGeneratorStep (node_modules/@babel/runtime/helpers/asyncToGenerator.js:3:17)
      at _next (node_modules/@babel/runtime/helpers/asyncToGenerator.js:17:9)

    console.warn
      [[importPairingMirror] shape or version drift discarded]

      16 | function log(level: LogLevel, context: string, ...args: unknown[]) {
      17 |   if (__DEV__) {
    > 18 |     console[level](`[${context}]`, ...args);
         |                   ^
      19 |   }
      20 |   // In production, could forward to Sentry breadcrumbs here
      21 | }

      at log (src/utils/logger.ts:18:19)
      at Object.log [as warn] (src/utils/logger.ts:25:50)
      at warn (src/storage/importPairingMirror.ts:170:12)
      at asyncGeneratorStep (node_modules/@babel/runtime/helpers/asyncToGenerator.js:3:17)
      at _next (node_modules/@babel/runtime/helpers/asyncToGenerator.js:17:9)

    console.warn
      [[importPairingMirror] shape or version drift discarded]

      16 | function log(level: LogLevel, context: string, ...args: unknown[]) {
      17 |   if (__DEV__) {
    > 18 |     console[level](`[${context}]`, ...args);
         |                   ^
      19 |   }
      20 |   // In production, could forward to Sentry breadcrumbs here
      21 | }

      at log (src/utils/logger.ts:18:19)
      at Object.log [as warn] (src/utils/logger.ts:25:50)
      at warn (src/storage/importPairingMirror.ts:170:12)
      at asyncGeneratorStep (node_modules/@babel/runtime/helpers/asyncToGenerator.js:3:17)
      at _next (node_modules/@babel/runtime/helpers/asyncToGenerator.js:17:9)

  ● ImportDataScreen — resumes a pairing session after a process restart › re-enters the awaiting state for the mirrored platform and shows the SAME code, minting nothing

    Unable to find an element with testID: import-status

    <View>
      <View
        accessibilityRole="summary"
      >
        <Text>
          
        </Text>
        <Text>
          You'll log in with your own account. The Growth Project browser extension then asks to start the import — we never see or store your other platform's password.
        </Text>
      </View>
      <View>
        <RCTScrollView>
          <View>
            <View>
              <View>
                <View>
                  <View>
                    <View
                      accessibilityLabel="Back"
                      accessibilityRole="button"
                      accessibilityState={
                        {
                          "disabled": false,
                        }
                      }
                      accessible={true}
                    >
                      <Text>
                        Back
                      </Text>
                    </View>
                  </View>
                </View>
                <Text>
                  Import setup
                </Text>
              </View>
              <View>
                <Text
                  accessibilityRole="header"
                >
                  Where are your records?
                </Text>
                <Text>
                  Choose a shortcut, or enter another site. Available records are checked on your computer.
                </Text>
              </View>
              <View
                accessibilityRole="radiogroup"
              >
                <View>
                  <View
                    accessibilityLabel="TrueCoach"
                    accessibilityRole="radio"
                    accessibilityState={
                      {
                        "checked": false,
                        "selected": false,
                      }
                    }
                    accessible={true}
                  >
                    <View
                      accessibilityElementsHidden={true}
                      importantForAccessibility="no-hide-descendants"
                    />
                    <Text>
                      TrueCoach
                    </Text>
                  </View>
                </View>
                <View>
                  <View
                    accessibilityLabel="Trainerize"
                    accessibilityRole="radio"
                    accessibilityState={
                      {
                        "checked": false,
                        "selected": false,
                      }
                    }
                    accessible={true}
                  >
                    <View
                      accessibilityElementsHidden={true}
                      importantForAccessibility="no-hide-descendants"
                    />
                    <Text>
                      Trainerize
                    </Text>
                  </View>
                </View>
                <View>
                  <View
                    accessibilityLabel="Everfit"
                    accessibilityRole="radio"
                    accessibilityState={
                      {
                        "checked": false,
                        "selected": false,
                      }
                    }
                    accessible={true}
                  >
                    <View
                      accessibilityElementsHidden={true}
                      importantForAccessibility="no-hide-descendants"
                    />
                    <Text>
                      Everfit
                    </Text>
                  </View>
                </View>
                <View>
                  <View
                    accessibilityLabel="My PT Hub"
                    accessibilityRole="radio"
                    accessibilityState={
                      {
                        "checked": false,
                        "selected": false,
                      }
                    }
                    accessible={true}
                  >
                    <View
                      accessibilityElementsHidden={true}
                      importantForAccessibility="no-hide-descendants"
                    />
                    <Text>
                      My PT Hub
                    </Text>
                  </View>
                </View>
                <View>
                  <View
                    accessibilityLabel="Custom / Other"
                    accessibilityRole="radio"
                    accessibilityState={
                      {
                        "checked": false,
                        "selected": false,
                      }
                    }
                    accessible={true}
                  >
                    <View
                      accessibilityElementsHidden={true}
                      importantForAccessibility="no-hide-descendants"
                    />
                    <Text>
                      Custom / Other
                    </Text>
                  </View>
                </View>
              </View>
              <Text>
                A listed site is a shortcut, not a guarantee that every record can be imported.
              </Text>
              <View>
                <View>
                  <View
                    accessibilityHint="Choose a shortcut, or enter another site. Available records are checked on your computer."
                    accessibilityLabel="Continue"
                    accessibilityRole="button"
                    accessibilityState={
                      {
                        "disabled": true,
                      }
                    }
                    accessible={true}
                  >
                    <Text>
                      Continue
                    </Text>
                  </View>
                </View>
                <View>
                  <View
                    accessibilityLabel="Later"
                    accessibilityRole="button"
                    accessibilityState={
                      {
                        "disabled": false,
                      }
                    }
                    accessible={true}
                  >
                    <Text>
                      Later
                    </Text>
                  </View>
                </View>
              </View>
            </View>
          </View>
        </RCTScrollView>
      </View>
    </View>

      129 |     await settle();
      130 |
    > 131 |     expect(screen.getByTestId('import-status')).toBeTruthy();
          |                   ^
      132 |     expect(screen.getByText(/Log in to Trainerize in your browser/)).toBeTruthy();
      133 |     expect(screen.getByTestId('pairing-waiting')).toBeTruthy();
      134 |     expect(screen.getByText('482913')).toBeTruthy();

      at Object.getByTestId (src/screens/coach/__tests__/ImportDataScreen.restore.test.tsx:131:19)
      at asyncGeneratorStep (node_modules/@babel/runtime/helpers/asyncToGenerator.js:3:17)
      at _next (node_modules/@babel/runtime/helpers/asyncToGenerator.js:17:9)

  ● ImportDataScreen — resumes a pairing session after a process restart › names the platform honestly for a custom-URL session too

    Unable to find an element with text: /Log in to your platform in your browser/

    <View>
      <View
        accessibilityRole="summary"
      >
        <Text>
          
        </Text>
        <Text>
          You'll log in with your own account. The Growth Project browser extension then asks to start the import — we never see or store your other platform's password.
        </Text>
      </View>
      <View>
        <RCTScrollView>
          <View>
            <View>
              <View>
                <View>
                  <View>
                    <View
                      accessibilityLabel="Back"
                      accessibilityRole="button"
                      accessibilityState={
                        {
                          "disabled": false,
                        }
                      }
                      accessible={true}
                    >
                      <Text>
                        Back
                      </Text>
                    </View>
                  </View>
                </View>
                <Text>
                  Import setup
                </Text>
              </View>
              <View>
                <Text
                  accessibilityRole="header"
                >
                  Where are your records?
                </Text>
                <Text>
                  Choose a shortcut, or enter another site. Available records are checked on your computer.
                </Text>
              </View>
              <View
                accessibilityRole="radiogroup"
              >
                <View>
                  <View
                    accessibilityLabel="TrueCoach"
                    accessibilityRole="radio"
                    accessibilityState={
                      {
                        "checked": false,
                        "selected": false,
                      }
                    }
                    accessible={true}
                  >
                    <View
                      accessibilityElementsHidden={true}
                      importantForAccessibility="no-hide-descendants"
                    />
                    <Text>
                      TrueCoach
                    </Text>
                  </View>
                </View>
                <View>
                  <View
                    accessibilityLabel="Trainerize"
                    accessibilityRole="radio"
                    accessibilityState={
                      {
                        "checked": false,
                        "selected": false,
                      }
                    }
                    accessible={true}
                  >
                    <View
                      accessibilityElementsHidden={true}
                      importantForAccessibility="no-hide-descendants"
                    />
                    <Text>
                      Trainerize
                    </Text>
                  </View>
                </View>
                <View>
                  <View
                    accessibilityLabel="Everfit"
                    accessibilityRole="radio"
                    accessibilityState={
                      {
                        "checked": false,
                        "selected": false,
                      }
                    }
                    accessible={true}
                  >
                    <View
                      accessibilityElementsHidden={true}
                      importantForAccessibility="no-hide-descendants"
                    />
                    <Text>
                      Everfit
                    </Text>
                  </View>
                </View>
                <View>
                  <View
                    accessibilityLabel="My PT Hub"
                    accessibilityRole="radio"
                    accessibilityState={
                      {
                        "checked": false,
                        "selected": false,
                      }
                    }
                    accessible={true}
                  >
                    <View
                      accessibilityElementsHidden={true}
                      importantForAccessibility="no-hide-descendants"
                    />
                    <Text>
                      My PT Hub
                    </Text>
                  </View>
                </View>
                <View>
                  <View
                    accessibilityLabel="Custom / Other"
                    accessibilityRole="radio"
                    accessibilityState={
                      {
                        "checked": false,
                        "selected": false,
                      }
                    }
                    accessible={true}
                  >
                    <View
                      accessibilityElementsHidden={true}
                      importantForAccessibility="no-hide-descendants"
                    />
                    <Text>
                      Custom / Other
                    </Text>
                  </View>
                </View>
              </View>
              <Text>
                A listed site is a shortcut, not a guarantee that every record can be imported.
              </Text>
              <View>
                <View>
                  <View
                    accessibilityHint="Choose a shortcut, or enter another site. Available records are checked on your computer."
                    accessibilityLabel="Continue"
                    accessibilityRole="button"
                    accessibilityState={
                      {
                        "disabled": true,
                      }
                    }
                    accessible={true}
                  >
                    <Text>
                      Continue
                    </Text>
                  </View>
                </View>
                <View>
                  <View
                    accessibilityLabel="Later"
                    accessibilityRole="button"
                    accessibilityState={
                      {
                        "disabled": false,
                      }
                    }
                    accessible={true}
                  >
                    <Text>
                      Later
                    </Text>
                  </View>
                </View>
              </View>
            </View>
          </View>
        </RCTScrollView>
      </View>
    </View>

      193 |     await settle();
      194 |     await settle();
    > 195 |     expect(screen.getByText(/Log in to your platform in your browser/)).toBeTruthy();
          |                   ^
      196 |     expect(screen.getByText('135790')).toBeTruthy();
      197 |     expect(mockInit).not.toHaveBeenCalled();
      198 |   });

      at Object.getByText (src/screens/coach/__tests__/ImportDataScreen.restore.test.tsx:195:19)
      at asyncGeneratorStep (node_modules/@babel/runtime/helpers/asyncToGenerator.js:3:17)
      at _next (node_modules/@babel/runtime/helpers/asyncToGenerator.js:17:9)

PASS src/components/coach/__tests__/ExtensionPairingPanel.a11y.test.tsx
PASS src/components/coach/__tests__/ExtensionPairingPanel.copy.test.tsx

Test Suites: 3 failed, 8 passed, 11 total
Tests:       7 failed, 389 passed, 396 total
Snapshots:   0 total
Time:        15.339 s
Ran all test suites matching /src\/types\/__tests__\/extensionImport.contract.test.ts|src\/api\/__tests__\/extensionPairApi.test.ts|src\/storage\/__tests__\/importPairingMirror.test.ts|src\/hooks\/__tests__\/useExtensionPairing.test.tsx|src\/hooks\/__tests__\/useExtensionPairing.identityWait.test.tsx|src\/components\/coach\/__tests__\/ExtensionPairingPanel|src\/screens\/coach\/__tests__\/ImportDataScreen/i.
jest exit=1
