TS=20260922T053208Z STAGE=destroy RUNNER=s5-r4 REV=7 START=2026-09-22T05:32:08Z RUNNER_SHA256=aff9c3882db8842151dde5bdc565342f146b9e0328b6d6679497bf86a0324692 FIXTURE_SHA256=c6b6fcab6a6094bf8fd75d70ef5ef9c95ccb571ea70d579598fd2b9ca80561c1
LANE W=/tmp/s5-r4-ctl-J6dAA5/W X=/tmp/s5-r4-ctl-J6dAA5/X S=/tmp/s5-r4-ctl-J6dAA5/X/s5-r4 PG17_HOME=/tmp/s5-r4-ctl-J6dAA5/pg17 WORK_BUDGET=1560 REAP_BUDGET=20 STOP_BUDGET=45
WORKTREE=/tmp/s5-r4-ctl-J6dAA5/W BRANCH=master
HEAD=f454d91b6c2c3857b7817d78e91ff7f853a2cc35 TREE=ac831b20221d8ea883e8cae9110bf63dcec0e1a6 CLEAN=no DIRTY_FINGERPRINT=d3e3ea31dffd03f9f67cd86657fc70b933e299f16cb1ad0104a5f2039e27c2ab
DIRTY_PATH  M test/utils/g2-pg17-bootstrap.sh
 M test/utils/g2-pg17-old-root.sh
?? node_modules/.bin/jest
?? node_modules/.bin/prisma
PACKAGE_LOCK_BLOB=0967ef424bce6791893e9a57bb952f80fd536e93 NODE_MODULES_PACKAGE_LOCK_SHA256=absent
node v20.20.1 npm 10.8.2 git 2.53.0 psql: psql (PostgreSQL) 17.6-fake
PIN host=127.0.0.1 port=54325 db=g2_s5_etq0_disposable admin=s5_super datadir=/tmp/s5-r4-ctl-J6dAA5/pg17/clusters/s5 version=170006 cluster_marker=s5-disposable-pg17 db_marker=s5-g2-etq0-synthetic-disposable-fixture-safe-to-drop
PG_DIST=/tmp/s5-r4-ctl-J6dAA5/pg17/dist postgres_sha256=53ebe35328464808ef4f0df4926505b0e202127243b296a72e35ff2fda76687d version=postgres (PostgreSQL) 17.6
PROVENANCE result=success
PROVENANCE postgres_sha256=53ebe35328464808ef4f0df4926505b0e202127243b296a72e35ff2fda76687d
PROVENANCE artifact=fake-control-dist
PROVENANCE installed_by=control
PROVENANCE utc=20260922T053207Z
DATA_DIRECTORY_STATE=present
G2_PG17_CONFIRM=g2_s5_etq0_disposable:54325
G2_PG17_DATABASE_URL=postgresql://s5_super@127.0.0.1:54325/g2_s5_etq0_disposable?schema=public&connection_limit=2
G2_PG17_DATA_DIRECTORY=/tmp/s5-r4-ctl-J6dAA5/pg17/clusters/s5
G2_PG17_DESTROY_CONFIRM=destroy:/tmp/s5-r4-ctl-J6dAA5/pg17/clusters/s5
G2_PG17_OLD_CLIENT=/tmp/s5-r4-ctl-J6dAA5/X/s5-r4/old-root-925780e0/.g2-old-client
G2_PG17_OLD_ROOT=/tmp/s5-r4-ctl-J6dAA5/X/s5-r4/old-root-925780e0
G2_PG17_PSQL=/tmp/s5-r4-ctl-J6dAA5/bin/psql
G2_PG17_SERVER_VERSION=170006
NODE_OPTIONS=--max-old-space-size=4096
PRISMA_GENERATE_SKIP_AUTOINSTALL=1
S5_STOP_TIMEOUT=45
NPM_ROOT_FACT /home/user/package.json absent
NPM_ROOT_FACT /home/user/package-lock.json absent
NPM_ROOT_FACT /home/user/node_modules dir files=11038
NPM_ROOT_FACT /home/user/workspace/package.json absent
NPM_ROOT_FACT /home/user/workspace/package-lock.json absent
NPM_ROOT_FACT /home/user/workspace/node_modules absent
NPM_ROOT_FACT /tmp/s5-r4-ctl-J6dAA5/X/s5-r4/package.json absent
NPM_ROOT_FACT /tmp/s5-r4-ctl-J6dAA5/X/s5-r4/package-lock.json absent
NPM_ROOT_FACT /tmp/s5-r4-ctl-J6dAA5/X/s5-r4/node_modules absent
NPM_ROOT_FACT /tmp/s5-r4-ctl-J6dAA5/X/s5-r4/old-root-925780e0/package.json absent
NPM_ROOT_FACT /tmp/s5-r4-ctl-J6dAA5/X/s5-r4/old-root-925780e0/package-lock.json absent
NPM_ROOT_FACT /tmp/s5-r4-ctl-J6dAA5/X/s5-r4/old-root-925780e0/node_modules absent
G2_PG17_PASSWORD=<from environment, not logged>
cpus=2 mem_mb=7966
# npm-root facts AFTER stage=destroy
NPM_ROOT_FACT /home/user/package.json absent
NPM_ROOT_FACT /home/user/package-lock.json absent
NPM_ROOT_FACT /home/user/node_modules dir files=11038
NPM_ROOT_FACT /home/user/workspace/package.json absent
NPM_ROOT_FACT /home/user/workspace/package-lock.json absent
NPM_ROOT_FACT /home/user/workspace/node_modules absent
NPM_ROOT_FACT /tmp/s5-r4-ctl-J6dAA5/X/s5-r4/package.json absent
NPM_ROOT_FACT /tmp/s5-r4-ctl-J6dAA5/X/s5-r4/package-lock.json absent
NPM_ROOT_FACT /tmp/s5-r4-ctl-J6dAA5/X/s5-r4/node_modules absent
NPM_ROOT_FACT /tmp/s5-r4-ctl-J6dAA5/X/s5-r4/old-root-925780e0/package.json absent
NPM_ROOT_FACT /tmp/s5-r4-ctl-J6dAA5/X/s5-r4/old-root-925780e0/package-lock.json absent
NPM_ROOT_FACT /tmp/s5-r4-ctl-J6dAA5/X/s5-r4/old-root-925780e0/node_modules absent
