START 2026-09-24T15:37:47Z pid=17271 head_expect=0d69c7ba7e7d257311cfcb21fa325ebb1ddc1f1c fixture_expect=4525f01d06333918bdb1fca3fd70f4d4e3936ee1cefc01eb5ac6d0ba9d501eb9 node=v20.20.1
PRECONDITIONS_OK 2026-09-24T15:37:48Z server='postgres (PostgreSQL) 17.6' psql='psql (PostgreSQL) 18.6 (Ubuntu 18.6-0ubuntu0.26.04.1)' jest=30.4.1 pg17_provenance='postgres_sha256=23cd174849b273064c47d581b55be596be2f5cf0ee5d3e76c0146e2464bf873a result=success '
PREFLIGHT s5_cluster=ABSENT (recorded as-is, not reconstructed)
PREFLIGHT c1_cluster=ABSENT
PREFLIGHT_OK 2026-09-24T15:37:48Z bdir=absent port55461=free postgres_procs=0 worktree_porcelain_sha=e3b0c44298fc1c149afbf4c8996fb92427ae41e4649b934ca495991b7852b855
FIXTURE_INIT rc=0 2026-09-24T15:37:51Z
FIXTURE_START rc=0 2026-09-24T15:37:51Z
OLD_ROOT rc=0 2026-09-24T15:37:53Z head=925780e0a1906593e5383c618311b6b17364b8dc
BOOTSTRAP rc=0 2026-09-24T15:38:03Z
IDENTITY_OK 2026-09-24T15:38:03Z data_directory=/home/user/pg17/clusters/b-drain/pg-data server_version_num=170006 cluster_name=b-disposable-pg17
JEST_START 2026-09-24T15:38:03Z cmd='./node_modules/.bin/jest --config jest.rls.config.js test/rls-g2-b-drain.spec.ts --runInBand --ci'
JEST_END rc=0 2026-09-24T15:38:56Z
Test Suites: 1 passed, 1 total
Tests:       19 passed, 19 total
Snapshots:   0 total
Time:        52.444 s
FIXTURE_STOP rc=0 2026-09-24T15:38:57Z
STOP_STATE_OK postgres_procs=0 port55461=free datadir_retained=/home/user/pg17/clusters/b-drain/pg-data
POST s5_cluster=ABSENT unchanged
POST_OK 2026-09-24T15:38:57Z receipts=/home/user/workspace/execution/95633079/s7-b-drain/runtime-v5/run/RECEIPTS.sha256
END rc=0 stage=done 2026-09-24T15:38:57Z
