src/scout/reconstruct/families.ts 98ms (unchanged)
src/scout/reconstruct/mapping-spec.ts 101ms (unchanged)
src/scout/reconstruct/native/native-contract.ts 36ms (unchanged)
src/scout/reconstruct/native/native-families.ts 21ms
src/scout/reconstruct/native/native-provenance.ts 10ms (unchanged)
src/scout/reconstruct/native/native-rule-registry.ts 9ms (unchanged)
src/scout/reconstruct/native/native-rules.ts 158ms (unchanged)
src/scout/reconstruct/native/native-writers.ts 49ms (unchanged)
src/scout/reconstruct/native/persist-outcome.ts 14ms (unchanged)
src/scout/scout-reconstruct.dto.ts 14ms (unchanged)
src/scout/scout-reconstruct.service.ts 38ms (unchanged)
test/rls-g2-s8c.spec.ts 87ms (unchanged)
test/scout/g2-s8c-db-guard.spec.ts 29ms (unchanged)
test/scout/reconstruct/native/engine-handoff.spec.ts 56ms (unchanged)
test/scout/reconstruct/native/fake-native-tx.ts 34ms (unchanged)
test/scout/reconstruct/native/native-families.spec.ts 21ms (unchanged)
test/scout/reconstruct/native/native-rules.spec.ts 50ms (unchanged)
test/scout/reconstruct/native/native-writers.spec.ts 63ms (unchanged)
test/utils/g2-s8c-db.ts 18ms (unchanged)
test/utils/g2-s8c-harness.ts 19ms (unchanged)
test/utils/g2-s8c-pg-harness.ts 39ms (unchanged)
test/utils/g2-s8c-worker.cjs 34ms (unchanged)
