PASS test/contracts/importer-contract.spec.ts (64.301 s)
[32m[Nest] 10706  - [39m09/25/2026, 5:45:06 PM [32m    LOG[39m [38;5;3m[ScoutReconstructService] [39m[32mscout.reconstruct completed {"intent_id":"intent-1","coach_id":"coach-1","staged":1,"reconstructed":1,"skipped":0,"failed":0}[39m
[32m[Nest] 10706  - [39m09/25/2026, 5:45:06 PM [32m    LOG[39m [38;5;3m[ScoutReconstructService] [39m[32mscout.reconstruct completed {"intent_id":"intent-1","coach_id":"coach-1","staged":1,"reconstructed":0,"skipped":1,"failed":0}[39m
[33m[Nest] 10706  - [39m09/25/2026, 5:45:06 PM [33m   WARN[39m [38;5;3m[ScoutReconstructService] [39m[33mscout.reconstruct completed with failures {"intent_id":"intent-1","coach_id":"coach-1","staged":1,"reconstructed":0,"skipped":0,"failed":1}[39m
[32m[Nest] 10706  - [39m09/25/2026, 5:45:06 PM [32m    LOG[39m [38;5;3m[ScoutReconstructService] [39m[32mscout.reconstruct completed {"intent_id":"intent-1","coach_id":"coach-1","staged":1,"reconstructed":1,"skipped":0,"failed":0}[39m
[32m[Nest] 10706  - [39m09/25/2026, 5:45:06 PM [32m    LOG[39m [38;5;3m[ScoutReconstructService] [39m[32mscout.reconstruct completed {"intent_id":"intent-1","coach_id":"coach-1","staged":1,"reconstructed":1,"skipped":0,"failed":0}[39m
[32m[Nest] 10706  - [39m09/25/2026, 5:45:06 PM [32m    LOG[39m [38;5;3m[ScoutReconstructService] [39m[32mscout.reconstruct completed {"intent_id":"intent-1","coach_id":"coach-1","staged":1,"reconstructed":1,"skipped":0,"failed":0}[39m
[32m[Nest] 10706  - [39m09/25/2026, 5:45:06 PM [32m    LOG[39m [38;5;3m[ScoutReconstructService] [39m[32mscout.reconstruct completed {"intent_id":"intent-1","coach_id":"coach-1","staged":1,"reconstructed":1,"skipped":0,"failed":0}[39m
[32m[Nest] 10706  - [39m09/25/2026, 5:45:06 PM [32m    LOG[39m [38;5;3m[ScoutReconstructService] [39m[32mscout.reconstruct completed {"intent_id":"intent-1","coach_id":"coach-1","staged":1,"reconstructed":1,"skipped":0,"failed":0}[39m
[32m[Nest] 10706  - [39m09/25/2026, 5:45:06 PM [32m    LOG[39m [38;5;3m[ScoutReconstructService] [39m[32mscout.reconstruct completed {"intent_id":"intent-1","coach_id":"coach-1","staged":1,"reconstructed":2,"skipped":0,"failed":0}[39m
[32m[Nest] 10706  - [39m09/25/2026, 5:45:06 PM [32m    LOG[39m [38;5;3m[ScoutReconstructService] [39m[32mscout.reconstruct completed {"intent_id":"intent-1","coach_id":"coach-1","staged":1,"reconstructed":1,"skipped":0,"failed":0}[39m
[32m[Nest] 10706  - [39m09/25/2026, 5:45:06 PM [32m    LOG[39m [38;5;3m[ScoutReconstructService] [39m[32mscout.reconstruct completed {"intent_id":"intent-1","coach_id":"coach-1","staged":1,"reconstructed":1,"skipped":1,"failed":0}[39m
[32m[Nest] 10706  - [39m09/25/2026, 5:45:06 PM [32m    LOG[39m [38;5;3m[ScoutReconstructService] [39m[32mscout.reconstruct completed {"intent_id":"intent-1","coach_id":"coach-1","staged":1,"reconstructed":1,"skipped":0,"failed":0}[39m
[33m[Nest] 10706  - [39m09/25/2026, 5:45:06 PM [33m   WARN[39m [38;5;3m[ScoutReconstructService] [39m[33mscout.reconstruct completed with failures {"intent_id":"intent-1","coach_id":"coach-1","staged":1,"reconstructed":1,"skipped":0,"failed":1}[39m
[32m[Nest] 10706  - [39m09/25/2026, 5:45:06 PM [32m    LOG[39m [38;5;3m[ScoutReconstructService] [39m[32mscout.reconstruct completed {"intent_id":"intent-1","coach_id":"coach-1","staged":1,"reconstructed":1,"skipped":0,"failed":0}[39m
[33m[Nest] 10706  - [39m09/25/2026, 5:45:06 PM [33m   WARN[39m [38;5;3m[ScoutReconstructService] [39m[33mscout.reconstruct completed with failures {"intent_id":"intent-1","coach_id":"coach-1","staged":1,"reconstructed":0,"skipped":0,"failed":1}[39m
[32m[Nest] 10706  - [39m09/25/2026, 5:45:06 PM [32m    LOG[39m [38;5;3m[ScoutReconstructService] [39m[32mscout.reconstruct completed {"intent_id":"intent-1","coach_id":"coach-1","staged":1,"reconstructed":0,"skipped":1,"failed":0}[39m
[32m[Nest] 10706  - [39m09/25/2026, 5:45:06 PM [32m    LOG[39m [38;5;3m[ScoutReconstructService] [39m[32mscout.reconstruct completed {"intent_id":"intent-1","coach_id":"coach-1","staged":1,"reconstructed":1,"skipped":0,"failed":0}[39m
[33m[Nest] 10706  - [39m09/25/2026, 5:45:06 PM [33m   WARN[39m [38;5;3m[ScoutReconstructService] [39m[33mscout.reconstruct completed with failures {"intent_id":"intent-1","coach_id":"coach-1","staged":2,"reconstructed":1,"skipped":0,"failed":1}[39m
[32m[Nest] 10706  - [39m09/25/2026, 5:45:06 PM [32m    LOG[39m [38;5;3m[ScoutReconstructService] [39m[32mscout.reconstruct completed {"intent_id":"intent-1","coach_id":"coach-1","staged":1,"reconstructed":0,"skipped":1,"failed":0}[39m
[33m[Nest] 10706  - [39m09/25/2026, 5:45:06 PM [33m   WARN[39m [38;5;3m[ScoutReconstructService] [39m[33mscout.reconstruct completed with failures {"intent_id":"intent-1","coach_id":"coach-1","staged":1,"reconstructed":0,"skipped":0,"failed":1}[39m
[32m[Nest] 10706  - [39m09/25/2026, 5:45:06 PM [32m    LOG[39m [38;5;3m[ScoutReconstructService] [39m[32mscout.reconstruct completed {"intent_id":"intent-1","coach_id":"coach-1","staged":1,"reconstructed":0,"skipped":1,"failed":0}[39m
[33m[Nest] 10706  - [39m09/25/2026, 5:45:06 PM [33m   WARN[39m [38;5;3m[ScoutReconstructService] [39m[33mscout.reconstruct completed with failures {"intent_id":"intent-1","coach_id":"coach-1","staged":1,"reconstructed":0,"skipped":0,"failed":1}[39m
[32m[Nest] 10706  - [39m09/25/2026, 5:45:06 PM [32m    LOG[39m [38;5;3m[ScoutReconstructService] [39m[32mscout.reconstruct completed {"intent_id":"intent-1","coach_id":"coach-1","staged":3,"reconstructed":3,"skipped":0,"failed":0}[39m
[32m[Nest] 10706  - [39m09/25/2026, 5:45:06 PM [32m    LOG[39m [38;5;3m[ScoutReconstructService] [39m[32mscout.reconstruct completed {"intent_id":"intent-1","coach_id":"coach-1","staged":2,"reconstructed":2,"skipped":0,"failed":0}[39m
[32m[Nest] 10706  - [39m09/25/2026, 5:45:06 PM [32m    LOG[39m [38;5;3m[ScoutReconstructService] [39m[32mscout.reconstruct completed {"intent_id":"intent-1","coach_id":"coach-1","staged":2,"reconstructed":2,"skipped":0,"failed":0}[39m
[32m[Nest] 10706  - [39m09/25/2026, 5:45:06 PM [32m    LOG[39m [38;5;3m[ScoutReconstructService] [39m[32mscout.reconstruct completed {"intent_id":"intent-1","coach_id":"coach-1","staged":2,"reconstructed":1,"skipped":1,"failed":0}[39m
[33m[Nest] 10706  - [39m09/25/2026, 5:45:06 PM [33m   WARN[39m [38;5;3m[ScoutReconstructService] [39m[33mscout.reconstruct completed with failures {"intent_id":"intent-1","coach_id":"coach-1","staged":3,"reconstructed":2,"skipped":0,"failed":1}[39m
[33m[Nest] 10706  - [39m09/25/2026, 5:45:06 PM [33m   WARN[39m [38;5;3m[ScoutReconstructService] [39m[33mscout.reconstruct completed with failures {"intent_id":"intent-1","coach_id":"coach-1","staged":1,"reconstructed":0,"skipped":0,"failed":1}[39m
[32m[Nest] 10706  - [39m09/25/2026, 5:45:06 PM [32m    LOG[39m [38;5;3m[ScoutReconstructService] [39m[32mscout.reconstruct completed {"intent_id":"intent-empty","coach_id":"coach-1","staged":0,"reconstructed":0,"skipped":0,"failed":0}[39m
[32m[Nest] 10706  - [39m09/25/2026, 5:45:06 PM [32m    LOG[39m [38;5;3m[ScoutReconstructService] [39m[32mscout.reconstruct completed {"intent_id":"intent-1","coach_id":"coach-1","staged":2,"reconstructed":1,"skipped":1,"failed":0}[39m
[33m[Nest] 10706  - [39m09/25/2026, 5:45:06 PM [33m   WARN[39m [38;5;3m[ScoutReconstructService] [39m[33mscout.reconstruct completed with failures {"intent_id":"intent-1","coach_id":"coach-1","staged":5,"reconstructed":2,"skipped":2,"failed":1}[39m
[32m[Nest] 10706  - [39m09/25/2026, 5:45:06 PM [32m    LOG[39m [38;5;3m[ScoutReconstructService] [39m[32mscout.reconstruct completed {"intent_id":"intent-1","coach_id":"coach-1","staged":1,"reconstructed":1,"skipped":0,"failed":0}[39m
[33m[Nest] 10706  - [39m09/25/2026, 5:45:06 PM [33m   WARN[39m [38;5;3m[ScoutReconstructService] [39m[33mscout.reconstruct completed with failures {"intent_id":"intent-1","coach_id":"coach-1","staged":2,"reconstructed":1,"skipped":0,"failed":1}[39m
[32m[Nest] 10706  - [39m09/25/2026, 5:45:06 PM [32m    LOG[39m [38;5;3m[ScoutReconstructService] [39m[32mscout.reconstruct completed {"intent_id":"intent-1","coach_id":"coach-1","staged":2,"reconstructed":2,"skipped":0,"failed":0}[39m
[32m[Nest] 10706  - [39m09/25/2026, 5:45:06 PM [32m    LOG[39m [38;5;3m[ScoutReconstructService] [39m[32mscout.reconstruct completed {"intent_id":"intent-1","coach_id":"coach-1","staged":1,"reconstructed":1,"skipped":0,"failed":0}[39m
[32m[Nest] 10706  - [39m09/25/2026, 5:45:06 PM [32m    LOG[39m [38;5;3m[ScoutReconstructService] [39m[32mscout.reconstruct completed {"intent_id":"intent-1","coach_id":"coach-1","staged":1,"reconstructed":1,"skipped":0,"failed":0}[39m
[32m[Nest] 10706  - [39m09/25/2026, 5:45:06 PM [32m    LOG[39m [38;5;3m[ScoutReconstructService] [39m[32mscout.reconstruct completed {"intent_id":"intent-1","coach_id":"coach-A","staged":1,"reconstructed":1,"skipped":0,"failed":0}[39m
[32m[Nest] 10706  - [39m09/25/2026, 5:45:06 PM [32m    LOG[39m [38;5;3m[ScoutReconstructService] [39m[32mscout.reconstruct completed {"intent_id":"intent-1","coach_id":"coach-B","staged":1,"reconstructed":1,"skipped":0,"failed":0}[39m
[32m[Nest] 10706  - [39m09/25/2026, 5:45:06 PM [32m    LOG[39m [38;5;3m[ScoutReconstructService] [39m[32mscout.reconstruct completed {"intent_id":"intent-1","coach_id":"coach-1","staged":1,"reconstructed":0,"skipped":1,"failed":0}[39m
[32m[Nest] 10706  - [39m09/25/2026, 5:45:06 PM [32m    LOG[39m [38;5;3m[ScoutReconstructService] [39m[32mscout.reconstruct completed {"intent_id":"intent-success","coach_id":"coach-1","staged":1,"reconstructed":1,"skipped":0,"failed":0}[39m
[32m[Nest] 10706  - [39m09/25/2026, 5:45:06 PM [32m    LOG[39m [38;5;3m[ScoutReconstructService] [39m[32mscout.reconstruct completed {"intent_id":"intent-partial","coach_id":"coach-1","staged":1,"reconstructed":1,"skipped":0,"failed":0}[39m
[32m[Nest] 10706  - [39m09/25/2026, 5:45:06 PM [32m    LOG[39m [38;5;3m[ScoutReconstructService] [39m[32mscout.reconstruct completed {"intent_id":"intent-failed","coach_id":"coach-1","staged":1,"reconstructed":1,"skipped":0,"failed":0}[39m
[32m[Nest] 10706  - [39m09/25/2026, 5:45:06 PM [32m    LOG[39m [38;5;3m[ScoutReconstructService] [39m[32mscout.reconstruct completed {"intent_id":"intent-1","coach_id":"coach-1","staged":1,"reconstructed":1,"skipped":0,"failed":0}[39m
[32m[Nest] 10706  - [39m09/25/2026, 5:45:06 PM [32m    LOG[39m [38;5;3m[ScoutReconstructService] [39m[32mscout.reconstruct completed {"intent_id":"intent-A","coach_id":"coach-1","staged":2,"reconstructed":2,"skipped":0,"failed":0}[39m
[32m[Nest] 10706  - [39m09/25/2026, 5:45:06 PM [32m    LOG[39m [38;5;3m[ScoutReconstructService] [39m[32mscout.reconstruct completed {"intent_id":"intent-A","coach_id":"coach-1","staged":2,"reconstructed":2,"skipped":0,"failed":0}[39m
[33m[Nest] 10706  - [39m09/25/2026, 5:45:06 PM [33m   WARN[39m [38;5;3m[ScoutReconstructService] [39m[33mscout.reconstruct completed with failures {"intent_id":"intent-1","coach_id":"coach-1","staged":3,"reconstructed":1,"skipped":1,"failed":1}[39m
[33m[Nest] 10706  - [39m09/25/2026, 5:45:06 PM [33m   WARN[39m [38;5;3m[ScoutReconstructService] [39m[33mscout.reconstruct rejected oversized intent {"intent_id":"intent-huge","coach_id":"coach-1","staged":10001,"max":10000}[39m
[32m[Nest] 10706  - [39m09/25/2026, 5:45:06 PM [32m    LOG[39m [38;5;3m[ScoutReconstructService] [39m[32mscout.reconstruct completed {"intent_id":"intent-1","coach_id":"coach-1","staged":10000,"reconstructed":1,"skipped":0,"failed":0}[39m
[32m[Nest] 10706  - [39m09/25/2026, 5:45:06 PM [32m    LOG[39m [38;5;3m[ScoutReconstructService] [39m[32mscout.reconstruct completed {"intent_id":"intent-big","coach_id":"coach-1","staged":1001,"reconstructed":1001,"skipped":0,"failed":0}[39m
[32m[Nest] 10706  - [39m09/25/2026, 5:45:06 PM [32m    LOG[39m [38;5;3m[ScoutReconstructService] [39m[32mscout.reconstruct completed {"intent_id":"intent-1","coach_id":"coach-1","staged":1,"reconstructed":1,"skipped":0,"failed":0}[39m
[33m[Nest] 10706  - [39m09/25/2026, 5:45:06 PM [33m   WARN[39m [38;5;3m[ScoutReconstructService] [39m[33mscout.reconstruct completed with failures {"intent_id":"intent-1","coach_id":"coach-1","staged":1,"reconstructed":0,"skipped":0,"failed":1}[39m
[32m[Nest] 10706  - [39m09/25/2026, 5:45:06 PM [32m    LOG[39m [38;5;3m[ScoutReconstructService] [39m[32mscout.reconstruct completed {"intent_id":"intent-1","coach_id":"coach-1","staged":2,"reconstructed":2,"skipped":0,"failed":0}[39m
[32m[Nest] 10706  - [39m09/25/2026, 5:45:06 PM [32m    LOG[39m [38;5;3m[ScoutReconstructService] [39m[32mscout.reconstruct completed {"intent_id":"intent-1","coach_id":"coach-1","staged":2,"reconstructed":2,"skipped":0,"failed":0}[39m
[32m[Nest] 10706  - [39m09/25/2026, 5:45:06 PM [32m    LOG[39m [38;5;3m[ScoutReconstructService] [39m[32mscout.reconstruct completed {"intent_id":"intent-1","coach_id":"coach-7","staged":1,"reconstructed":1,"skipped":0,"failed":0}[39m
PASS test/scout/reconstruct/scout-reconstruct.service.spec.ts
[31m[Nest] 10706  - [39m09/25/2026, 5:45:07 PM [31m  ERROR[39m [38;5;3m[ScoutService] [39m[31mscout import intent-1 has an unrecognised persisted terminal_status; failing closed to 'failed'[39m
[31m[Nest] 10706  - [39m09/25/2026, 5:45:07 PM [31m  ERROR[39m [38;5;3m[ScoutService] [39m[31mscout import intent-1 has an unrecognised persisted terminal_status; failing closed to 'failed'[39m
PASS src/scout/scout.service.spec.ts
[33m[Nest] 10706  - [39m09/25/2026, 5:45:07 PM [33m   WARN[39m [38;5;3m[ScoutService] [39m[33mscout progress flush failed for coach-1:intent-1:device-a: Error[39m
[33m[Nest] 10706  - [39m09/25/2026, 5:45:07 PM [33m   WARN[39m [38;5;3m[ScoutService] [39m[33mscout progress flush failed for coach-1:intent-1:device-a: Error[39m
[33m[Nest] 10706  - [39m09/25/2026, 5:45:07 PM [33m   WARN[39m [38;5;3m[ScoutService] [39m[33mscout progress flush failed for coach-1:intent-1:device-a: Error[39m
[33m[Nest] 10706  - [39m09/25/2026, 5:45:07 PM [33m   WARN[39m [38;5;3m[ScoutService] [39m[33mimport.complete push failed for coach coach-1: Error[39m
[33m[Nest] 10706  - [39m09/25/2026, 5:45:07 PM [33m   WARN[39m [38;5;3m[ScoutService] [39m[33mimport.complete push failed for coach coach-1: Error[39m
[33m[Nest] 10706  - [39m09/25/2026, 5:45:07 PM [33m   WARN[39m [38;5;3m[ScoutService] [39m[33mscout settle pre-flush failed for run coach-1:intent-1: Error[39m
[33m[Nest] 10706  - [39m09/25/2026, 5:45:07 PM [33m   WARN[39m [38;5;3m[ScoutService] [39m[33mscout settle pre-flush failed for run coach-1:intent-1: Error[39m
[33m[Nest] 10706  - [39m09/25/2026, 5:45:07 PM [33m   WARN[39m [38;5;3m[ScoutService] [39m[33mscout settle pre-flush failed for run coach-1:intent-1: Error[39m
[33m[Nest] 10706  - [39m09/25/2026, 5:45:07 PM [33m   WARN[39m [38;5;3m[ScoutService] [39m[33mscout settle pre-flush failed for run coach-1:intent-1: Error[39m
PASS test/scout/entities/scout-entities.service.spec.ts
[31m[Nest] 10706  - [39m09/25/2026, 5:45:08 PM [31m  ERROR[39m [38;5;3m[AuthService] [39m[31mGOOGLE_CLIENT_ID(S) not configured — recent-auth google branch unavailable[39m
[31m[Nest] 10706  - [39m09/25/2026, 5:45:09 PM [31m  ERROR[39m [38;5;3m[AuthService] [39m[31mRECENT_AUTH_SECRET is not configured or shorter than 32 characters — recent-auth token issue blocked[39m
[33m[Nest] 10706  - [39m09/25/2026, 5:45:08 PM [33m   WARN[39m [38;5;3m[AuthService] [39m[33mrecent-auth google token verify failed for user=u-1: signature verification failed[39m
[33m[Nest] 10706  - [39m09/25/2026, 5:45:08 PM [33m   WARN[39m [38;5;3m[AuthService] [39m[33mrecent-auth google token verify failed for user=u-1: unexpected "iss" claim value (expected accounts.google.com)[39m
[33m[Nest] 10706  - [39m09/25/2026, 5:45:20 PM [33m   WARN[39m [38;5;3m[AuthService] [39m[33mrecent-auth supabase timeout: AUTH_TIMEOUT:signInWithPassword[39m
[33m[Nest] 10706  - [39m09/25/2026, 5:45:20 PM [33m   WARN[39m [38;5;3m[AuthService] [39m[33mrecent-auth supabase timeout: AUTH_TIMEOUT:signInWithIdToken[39m
PASS test/auth-recent-auth-token.spec.ts
PASS test/scout/roster/scout-roster.service.spec.ts
PASS test/scout/reconstruct/conformance-alpha.e2e.spec.ts
[32m[Nest] 10706  - [39m09/25/2026, 5:45:10 PM [32m    LOG[39m [38;5;3m[ScoutReconstructService] [39m[32mscout.reconstruct completed {"intent_id":"intent-conformance-1","coach_id":"coach-conformance","staged":6,"reconstructed":6,"skipped":0,"failed":0}[39m
[32m[Nest] 10706  - [39m09/25/2026, 5:45:10 PM [32m    LOG[39m [38;5;3m[ScoutReconstructService] [39m[32mscout.reconstruct completed {"intent_id":"intent-conformance-1","coach_id":"coach-conformance","staged":6,"reconstructed":6,"skipped":0,"failed":0}[39m
[32m[Nest] 10706  - [39m09/25/2026, 5:45:10 PM [32m    LOG[39m [38;5;3m[ScoutReconstructService] [39m[32mscout.reconstruct completed {"intent_id":"intent-conformance-1","coach_id":"coach-conformance","staged":6,"reconstructed":6,"skipped":0,"failed":0}[39m
[32m[Nest] 10706  - [39m09/25/2026, 5:45:10 PM [32m    LOG[39m [38;5;3m[ScoutReconstructService] [39m[32mscout.reconstruct completed {"intent_id":"intent-conformance-1","coach_id":"coach-conformance","staged":6,"reconstructed":6,"skipped":0,"failed":0}[39m
[32m[Nest] 10706  - [39m09/25/2026, 5:45:10 PM [32m    LOG[39m [38;5;3m[ScoutReconstructService] [39m[32mscout.reconstruct completed {"intent_id":"intent-conformance-1","coach_id":"coach-conformance","staged":6,"reconstructed":6,"skipped":0,"failed":0}[39m
[32m[Nest] 10706  - [39m09/25/2026, 5:45:10 PM [32m    LOG[39m [38;5;3m[ScoutReconstructService] [39m[32mscout.reconstruct completed {"intent_id":"intent-conformance-1","coach_id":"coach-conformance","staged":3,"reconstructed":3,"skipped":0,"failed":0}[39m
[32m[Nest] 10706  - [39m09/25/2026, 5:45:10 PM [32m    LOG[39m [38;5;3m[ScoutReconstructService] [39m[32mscout.reconstruct completed {"intent_id":"intent-conformance-1","coach_id":"coach-conformance","staged":3,"reconstructed":3,"skipped":0,"failed":0}[39m
[32m[Nest] 10706  - [39m09/25/2026, 5:45:10 PM [32m    LOG[39m [38;5;3m[ScoutReconstructService] [39m[32mscout.reconstruct completed {"intent_id":"intent-conformance-1","coach_id":"coach-a","staged":6,"reconstructed":6,"skipped":0,"failed":0}[39m
[32m[Nest] 10706  - [39m09/25/2026, 5:45:10 PM [32m    LOG[39m [38;5;3m[ScoutReconstructService] [39m[32mscout.reconstruct completed {"intent_id":"intent-conformance-1","coach_id":"coach-b","staged":6,"reconstructed":6,"skipped":0,"failed":0}[39m
[33m[Nest] 10706  - [39m09/25/2026, 5:45:10 PM [33m   WARN[39m [38;5;3m[ScoutReconstructService] [39m[33mscout.reconstruct completed with failures {"intent_id":"intent-adversarial","coach_id":"coach-conformance","staged":2,"reconstructed":0,"skipped":1,"failed":1}[39m
PASS test/scout/lifecycle/lifecycle.service.spec.ts
PASS test/roles-enforced.spec.ts
PASS test/rate-limit.spec.ts
[33m[Nest] 10706  - [39m09/25/2026, 5:45:15 PM [33m   WARN[39m [38;5;3m[ThrottlerExceptionFilter] [39mObject(7) {
  message: [32m'throttler.rejected'[39m,
  userId: [1mnull[22m,
  ip: [32m'203.0.113.1'[39m,
  path: [32m'[unmatched]'[39m,
  method: [32m'POST'[39m,
  limit: [32m'enforced'[39m,
  ttl: [33m3600[39m
}
[33m[Nest] 10706  - [39m09/25/2026, 5:45:15 PM [33m   WARN[39m [38;5;3m[ThrottlerExceptionFilter] [39mObject(7) {
  message: [32m'throttler.rejected'[39m,
  userId: [1mnull[22m,
  ip: [32m'203.0.113.1'[39m,
  path: [32m'[unmatched]'[39m,
  method: [32m'GET'[39m,
  limit: [32m'enforced'[39m,
  ttl: [33m3600[39m
}
[32m[Nest] 10706  - [39m09/25/2026, 5:45:15 PM [32m    LOG[39m [38;5;3m[ThrottlerConfig] [39m[32mREDIS_URL not set -- using in-memory throttler tracker. Limits do NOT cross Fly machines.[39m
[32m[Nest] 10706  - [39m09/25/2026, 5:45:15 PM [32m    LOG[39m [38;5;3m[ThrottlerConfig] [39m[32mREDIS_URL not set -- using in-memory throttler tracker. Limits do NOT cross Fly machines.[39m
[32m[Nest] 10706  - [39m09/25/2026, 5:45:15 PM [32m    LOG[39m [38;5;3m[ThrottlerConfig] [39m[32mREDIS_URL not set -- using in-memory throttler tracker. Limits do NOT cross Fly machines.[39m
[32m[Nest] 10706  - [39m09/25/2026, 5:45:15 PM [32m    LOG[39m [38;5;3m[ScoutReconstructService] [39m[32mscout.reconstruct completed {"intent_id":"intent-1","coach_id":"coach-1","staged":3,"reconstructed":3,"skipped":0,"failed":0}[39m
[32m[Nest] 10706  - [39m09/25/2026, 5:45:15 PM [32m    LOG[39m [38;5;3m[ScoutReconstructService] [39m[32mscout.reconstruct completed {"intent_id":"intent-1","coach_id":"coach-1","staged":2,"reconstructed":2,"skipped":0,"failed":0}[39m
[32m[Nest] 10706  - [39m09/25/2026, 5:45:15 PM [32m    LOG[39m [38;5;3m[ScoutReconstructService] [39m[32mscout.reconstruct completed {"intent_id":"intent-1","coach_id":"coach-1","staged":2,"reconstructed":2,"skipped":0,"failed":0}[39m
[32m[Nest] 10706  - [39m09/25/2026, 5:45:15 PM [32m    LOG[39m [38;5;3m[ScoutReconstructService] [39m[32mscout.reconstruct completed {"intent_id":"intent-1","coach_id":"coach-1","staged":1,"reconstructed":1,"skipped":0,"failed":0}[39m
[32m[Nest] 10706  - [39m09/25/2026, 5:45:15 PM [32m    LOG[39m [38;5;3m[ScoutReconstructService] [39m[32mscout.reconstruct completed {"intent_id":"intent-1","coach_id":"coach-1","staged":2,"reconstructed":1,"skipped":1,"failed":0}[39m
[33m[Nest] 10706  - [39m09/25/2026, 5:45:15 PM [33m   WARN[39m [38;5;3m[ScoutReconstructService] [39m[33mscout.reconstruct completed with failures {"intent_id":"intent-1","coach_id":"coach-1","staged":3,"reconstructed":2,"skipped":0,"failed":1}[39m
[32m[Nest] 10706  - [39m09/25/2026, 5:45:15 PM [32m    LOG[39m [38;5;3m[ScoutReconstructService] [39m[32mscout.reconstruct completed {"intent_id":"intent-1","coach_id":"coach-1","staged":1,"reconstructed":1,"skipped":0,"failed":0}[39m
[32m[Nest] 10706  - [39m09/25/2026, 5:45:15 PM [32m    LOG[39m [38;5;3m[ScoutReconstructService] [39m[32mscout.reconstruct completed {"intent_id":"intent-1","coach_id":"coach-1","staged":1,"reconstructed":1,"skipped":0,"failed":0}[39m
[32m[Nest] 10706  - [39m09/25/2026, 5:45:15 PM [32m    LOG[39m [38;5;3m[ScoutReconstructService] [39m[32mscout.reconstruct completed {"intent_id":"intent-1","coach_id":"coach-7","staged":1,"reconstructed":1,"skipped":0,"failed":0}[39m
[32m[Nest] 10706  - [39m09/25/2026, 5:45:15 PM [32m    LOG[39m [38;5;3m[ScoutReconstructService] [39m[32mscout.reconstruct completed {"intent_id":"intent-1","coach_id":"coach-1","staged":3,"reconstructed":3,"skipped":0,"failed":0}[39m
[32m[Nest] 10706  - [39m09/25/2026, 5:45:15 PM [32m    LOG[39m [38;5;3m[ScoutReconstructService] [39m[32mscout.reconstruct completed {"intent_id":"intent-1","coach_id":"coach-1","staged":2,"reconstructed":2,"skipped":0,"failed":0}[39m
[32m[Nest] 10706  - [39m09/25/2026, 5:45:15 PM [32m    LOG[39m [38;5;3m[ScoutReconstructService] [39m[32mscout.reconstruct completed {"intent_id":"intent-1","coach_id":"coach-1","staged":2,"reconstructed":2,"skipped":0,"failed":0}[39m
[32m[Nest] 10706  - [39m09/25/2026, 5:45:15 PM [32m    LOG[39m [38;5;3m[ScoutReconstructService] [39m[32mscout.reconstruct completed {"intent_id":"intent-1","coach_id":"coach-1","staged":1,"reconstructed":1,"skipped":0,"failed":0}[39m
[32m[Nest] 10706  - [39m09/25/2026, 5:45:15 PM [32m    LOG[39m [38;5;3m[ScoutReconstructService] [39m[32mscout.reconstruct completed {"intent_id":"intent-1","coach_id":"coach-1","staged":2,"reconstructed":1,"skipped":1,"failed":0}[39m
[33m[Nest] 10706  - [39m09/25/2026, 5:45:15 PM [33m   WARN[39m [38;5;3m[ScoutReconstructService] [39m[33mscout.reconstruct completed with failures {"intent_id":"intent-1","coach_id":"coach-1","staged":3,"reconstructed":2,"skipped":0,"failed":1}[39m
[32m[Nest] 10706  - [39m09/25/2026, 5:45:15 PM [32m    LOG[39m [38;5;3m[ScoutReconstructService] [39m[32mscout.reconstruct completed {"intent_id":"intent-1","coach_id":"coach-1","staged":1,"reconstructed":1,"skipped":0,"failed":0}[39m
[32m[Nest] 10706  - [39m09/25/2026, 5:45:15 PM [32m    LOG[39m [38;5;3m[ScoutReconstructService] [39m[32mscout.reconstruct completed {"intent_id":"intent-1","coach_id":"coach-1","staged":1,"reconstructed":1,"skipped":0,"failed":0}[39m
[32m[Nest] 10706  - [39m09/25/2026, 5:45:15 PM [32m    LOG[39m [38;5;3m[ScoutReconstructService] [39m[32mscout.reconstruct completed {"intent_id":"intent-1","coach_id":"coach-7","staged":1,"reconstructed":1,"skipped":0,"failed":0}[39m
[32m[Nest] 10706  - [39m09/25/2026, 5:45:15 PM [32m    LOG[39m [38;5;3m[ScoutReconstructService] [39m[32mscout.reconstruct completed {"intent_id":"intent-1","coach_id":"coach-1","staged":2,"reconstructed":2,"skipped":0,"failed":0}[39m
[32m[Nest] 10706  - [39m09/25/2026, 5:45:15 PM [32m    LOG[39m [38;5;3m[ScoutReconstructService] [39m[32mscout.reconstruct completed {"intent_id":"intent-1","coach_id":"coach-1","staged":2,"reconstructed":2,"skipped":0,"failed":0}[39m
[32m[Nest] 10706  - [39m09/25/2026, 5:45:15 PM [32m    LOG[39m [38;5;3m[ScoutReconstructService] [39m[32mscout.reconstruct completed {"intent_id":"intent-1","coach_id":"coach-1","staged":1,"reconstructed":1,"skipped":0,"failed":0}[39m
PASS test/scout/reconstruct/scout-reconstruct.families.spec.ts
PASS test/scout/scout-ingest.service.spec.ts
PASS test/module-graph.spec.ts
PASS test/scout/reconstruct/mapping-spec.third-source.spec.ts
[32m[Nest] 10706  - [39m09/25/2026, 5:45:18 PM [32m    LOG[39m [38;5;3m[ScoutReconstructService] [39m[32mscout.reconstruct completed {"intent_id":"intent-1","coach_id":"coach-1","staged":3,"reconstructed":2,"skipped":1,"failed":0}[39m
[32m[Nest] 10706  - [39m09/25/2026, 5:45:18 PM [32m    LOG[39m [38;5;3m[ScoutReconstructService] [39m[32mscout.reconstruct completed {"intent_id":"intent-1","coach_id":"coach-1","staged":1,"reconstructed":1,"skipped":0,"failed":0}[39m
[32m[Nest] 10706  - [39m09/25/2026, 5:45:18 PM [32m    LOG[39m [38;5;3m[ScoutReconstructService] [39m[32mscout.reconstruct completed {"intent_id":"intent-1","coach_id":"coach-1","staged":3,"reconstructed":2,"skipped":1,"failed":0}[39m
PASS test/scout/scout-ingest.validation.integration.spec.ts
PASS test/scout/scout-cursor.spec.ts
PASS test/scout/scout-ingest.controller.spec.ts
PASS test/scout/reconstruct/native/engine-handoff.spec.ts
[32m[Nest] 10706  - [39m09/25/2026, 5:45:21 PM [32m    LOG[39m [38;5;3m[ScoutReconstructService] [39m[32mscout.reconstruct completed {"intent_id":"intent-1","coach_id":"coach-a","staged":1,"reconstructed":1,"skipped":0,"failed":0}[39m
[32m[Nest] 10706  - [39m09/25/2026, 5:45:21 PM [32m    LOG[39m [38;5;3m[ScoutReconstructService] [39m[32mscout.reconstruct completed {"intent_id":"intent-1","coach_id":"coach-a","staged":1,"reconstructed":0,"skipped":1,"failed":0}[39m
[32m[Nest] 10706  - [39m09/25/2026, 5:45:21 PM [32m    LOG[39m [38;5;3m[ScoutReconstructService] [39m[32mscout.reconstruct completed {"intent_id":"intent-1","coach_id":"coach-a","staged":1,"reconstructed":1,"skipped":0,"failed":0}[39m
[32m[Nest] 10706  - [39m09/25/2026, 5:45:21 PM [32m    LOG[39m [38;5;3m[ScoutReconstructService] [39m[32mscout.reconstruct completed {"intent_id":"intent-1","coach_id":"coach-a","staged":1,"reconstructed":1,"skipped":0,"failed":0}[39m
[32m[Nest] 10706  - [39m09/25/2026, 5:45:21 PM [32m    LOG[39m [38;5;3m[ScoutReconstructService] [39m[32mscout.reconstruct completed {"intent_id":"intent-1","coach_id":"coach-a","staged":1,"reconstructed":1,"skipped":0,"failed":0}[39m
[32m[Nest] 10706  - [39m09/25/2026, 5:45:21 PM [32m    LOG[39m [38;5;3m[ScoutReconstructService] [39m[32mscout.reconstruct completed {"intent_id":"intent-1","coach_id":"coach-a","staged":1,"reconstructed":0,"skipped":1,"failed":0}[39m
[32m[Nest] 10706  - [39m09/25/2026, 5:45:21 PM [32m    LOG[39m [38;5;3m[ScoutReconstructService] [39m[32mscout.reconstruct completed {"intent_id":"intent-1","coach_id":"coach-a","staged":1,"reconstructed":1,"skipped":0,"failed":0}[39m
[32m[Nest] 10706  - [39m09/25/2026, 5:45:21 PM [32m    LOG[39m [38;5;3m[ScoutReconstructService] [39m[32mscout.reconstruct completed {"intent_id":"intent-1","coach_id":"coach-a","staged":2,"reconstructed":2,"skipped":0,"failed":0}[39m
[33m[Nest] 10706  - [39m09/25/2026, 5:45:21 PM [33m   WARN[39m [38;5;3m[ScoutReconstructService] [39m[33mscout.reconstruct completed with failures {"intent_id":"intent-1","coach_id":"coach-a","staged":1,"reconstructed":0,"skipped":0,"failed":1}[39m
PASS test/scout/entities/scout-entities.contract.spec.ts
PASS test/scout/entities/scout-entities.controller.spec.ts
PASS src/scout/scout.controller.spec.ts
PASS test/scout/reconstruct/scout-reconstruct.controller.spec.ts
PASS test/scout/roster/scout-roster.controller.spec.ts
PASS test/openapi-spec.spec.ts
PASS test/scout/lifecycle/run.controller.spec.ts
PASS test/auth-forgot-password-throttle.spec.ts
PASS test/throttler.module.spec.ts

Test Suites: 27 passed, 27 total
Tests:       1 skipped, 564 passed, 565 total
Snapshots:   0 total
Time:        91.64 s
Ran all test suites within paths "src/scout/scout.controller.spec.ts", "src/scout/scout.service.spec.ts", "test/auth-forgot-password-throttle.spec.ts", "test/auth-recent-auth-token.spec.ts", "test/contracts/importer-contract.spec.ts", "test/module-graph.spec.ts", "test/openapi-spec.spec.ts", "test/rate-limit.spec.ts", "test/roles-enforced.spec.ts", "test/scout/entities/scout-entities.contract.spec.ts", "test/scout/entities/scout-entities.controller.spec.ts", "test/scout/entities/scout-entities.service.spec.ts", "test/scout/lifecycle/lifecycle.service.spec.ts", "test/scout/lifecycle/run.controller.spec.ts", "test/scout/reconstruct/conformance-alpha.e2e.spec.ts", "test/scout/reconstruct/mapping-spec.third-source.spec.ts", "test/scout/reconstruct/native/engine-handoff.spec.ts", "test/scout/reconstruct/scout-reconstruct.controller.spec.ts", "test/scout/reconstruct/scout-reconstruct.families.spec.ts", "test/scout/reconstruct/scout-reconstruct.service.spec.ts", "test/scout/roster/scout-roster.controller.spec.ts", "test/scout/roster/scout-roster.service.spec.ts", "test/scout/scout-cursor.spec.ts", "test/scout/scout-ingest.controller.spec.ts", "test/scout/scout-ingest.service.spec.ts", "test/scout/scout-ingest.validation.integration.spec.ts", "test/throttler.module.spec.ts".
