OFFLINE_GUARD_OK stage=resume rev=7
LOCK_HELD /tmp/s5-r4-ctl-dSElRC/X/test-validation.lock stage=resume pid=11539 deadline=2026-09-22T05:45:24Z
TS=20260922T051924Z STAGE=resume RUNNER=s5-r4 REV=7 START=2026-09-22T05:19:24Z RUNNER_SHA256=3fbe164412bd88068cd5e07f51afa817986b4fe7da8f6109d6197dea66a82f91 FIXTURE_SHA256=a82a2b708ac48291a28abfca6321ffbf09dda858736d7a81a922a65fc4b09b77
LANE W=/tmp/s5-r4-ctl-dSElRC/W X=/tmp/s5-r4-ctl-dSElRC/X S=/tmp/s5-r4-ctl-dSElRC/X/s5-r4 PG17_HOME=/tmp/s5-r4-ctl-dSElRC/pg17 WORK_BUDGET=1560 REAP_BUDGET=20 STOP_BUDGET=45
WORKTREE=/tmp/s5-r4-ctl-dSElRC/W BRANCH=master
HEAD=d788977f5b148241376711dddad8d62b4ed1a0dd TREE=ac831b20221d8ea883e8cae9110bf63dcec0e1a6 CLEAN=no DIRTY_FINGERPRINT=d3e3ea31dffd03f9f67cd86657fc70b933e299f16cb1ad0104a5f2039e27c2ab
DIRTY_PATH  M test/utils/g2-pg17-bootstrap.sh
 M test/utils/g2-pg17-old-root.sh
?? node_modules/.bin/jest
?? node_modules/.bin/prisma
PACKAGE_LOCK_BLOB=0967ef424bce6791893e9a57bb952f80fd536e93 NODE_MODULES_PACKAGE_LOCK_SHA256=absent
node v20.20.1 npm 10.8.2 git 2.53.0 psql: psql (PostgreSQL) 17.6-fake
PIN host=127.0.0.1 port=54325 db=g2_s5_etq0_disposable admin=s5_super datadir=/tmp/s5-r4-ctl-dSElRC/pg17/clusters/s5 version=170006 cluster_marker=s5-disposable-pg17 db_marker=s5-g2-etq0-synthetic-disposable-fixture-safe-to-drop
PG_DIST=/tmp/s5-r4-ctl-dSElRC/pg17/dist postgres_sha256=53ebe35328464808ef4f0df4926505b0e202127243b296a72e35ff2fda76687d version=postgres (PostgreSQL) 17.6
PROVENANCE result=success
PROVENANCE postgres_sha256=53ebe35328464808ef4f0df4926505b0e202127243b296a72e35ff2fda76687d
PROVENANCE artifact=fake-control-dist
PROVENANCE installed_by=control
PROVENANCE utc=20260922T051846Z
DATA_DIRECTORY_STATE=present
G2_PG17_CONFIRM=g2_s5_etq0_disposable:54325
G2_PG17_DATABASE_URL=postgresql://s5_super@127.0.0.1:54325/g2_s5_etq0_disposable?schema=public&connection_limit=2
G2_PG17_DATA_DIRECTORY=/tmp/s5-r4-ctl-dSElRC/pg17/clusters/s5
G2_PG17_OLD_CLIENT=/tmp/s5-r4-ctl-dSElRC/X/s5-r4/old-root-925780e0/.g2-old-client
G2_PG17_OLD_ROOT=/tmp/s5-r4-ctl-dSElRC/X/s5-r4/old-root-925780e0
G2_PG17_PSQL=/tmp/s5-r4-ctl-dSElRC/bin/psql
G2_PG17_SERVER_VERSION=170006
NODE_OPTIONS=--max-old-space-size=4096
PRISMA_GENERATE_SKIP_AUTOINSTALL=1
S5_STOP_TIMEOUT=45
NPM_ROOT_FACT /home/user/package.json absent
NPM_ROOT_FACT /home/user/package-lock.json absent
NPM_ROOT_FACT /home/user/node_modules dir files=11038
NPM_ROOT_FACT /home/user/workspace/package.json absent
NPM_ROOT_FACT /home/user/workspace/package-lock.json absent
NPM_ROOT_FACT /home/user/workspace/node_modules absent
NPM_ROOT_FACT /tmp/s5-r4-ctl-dSElRC/X/s5-r4/package.json absent
NPM_ROOT_FACT /tmp/s5-r4-ctl-dSElRC/X/s5-r4/package-lock.json absent
NPM_ROOT_FACT /tmp/s5-r4-ctl-dSElRC/X/s5-r4/node_modules absent
NPM_ROOT_FACT /tmp/s5-r4-ctl-dSElRC/X/s5-r4/old-root-925780e0/package.json absent
NPM_ROOT_FACT /tmp/s5-r4-ctl-dSElRC/X/s5-r4/old-root-925780e0/package-lock.json absent
NPM_ROOT_FACT /tmp/s5-r4-ctl-dSElRC/X/s5-r4/old-root-925780e0/node_modules absent
G2_PG17_PASSWORD=<from environment, not logged>
cpus=2 mem_mb=7966
CMD (cwd=/tmp/s5-r4-ctl-dSElRC/W) 2026-09-22T05:19:24Z budget=1560s: ./node_modules/.bin/jest test/scout/g2-pg17-db-guard.spec.ts
END (cwd=/tmp/s5-r4-ctl-dSElRC/W) 2026-09-22T05:19:25Z rc=0 timed_out=0 pgid=11750
CMD (cwd=/tmp/s5-r4-ctl-dSElRC/W) 2026-09-22T05:19:25Z budget=1559s: bash test/utils/g2-pg17-old-root.sh create
END (cwd=/tmp/s5-r4-ctl-dSElRC/W) 2026-09-22T05:19:26Z rc=0 timed_out=0 pgid=11975
CMD (cwd=/tmp/s5-r4-ctl-dSElRC/X/s5-r4) 2026-09-22T05:19:26Z budget=1558s: env S5_RUNNER_PID=11539 bash /tmp/s5-r4-ctl-dSElRC/X/s5-r4/s5-fixture.sh start
END (cwd=/tmp/s5-r4-ctl-dSElRC/X/s5-r4) 2026-09-22T05:19:27Z rc=0 timed_out=0 pgid=12197
LOCK_EXCLUSIVE_OK pid=11539
PREFLIGHT version=170006 cluster=s5-disposable-pg17 datadir=/tmp/s5-r4-ctl-dSElRC/pg17/clusters/s5 listen=127.0.0.1 addr=127.0.0.1 port=54325 user=s5_super super=t hosted_roles=0 dbs=[g2_s5_etq0_disposable postgres template0 template1] target_exists=1 target_marker=s5-g2-etq0-synthetic-disposable-fixture-safe-to-drop target_sessions=2
preflight: 2 session(s) attached to g2_s5_etq0_disposable at preflight snapshot; mutating stage resume refuses (required: exactly 0)
PROOF_EXIT=3 FIRST_RC=3 STAGE=resume STOP_RC=0 DAEMON=none SURVIVORS=none SIGNALLED=none CLEANUP_SECONDS=0 QUARANTINE=no TS=20260922T051924Z START=2026-09-22T05:19:24Z END=2026-09-22T05:19:27Z
