LOCK acquired 2026-09-26T01:51:33Z
OWNED_TS=src/scout/lifecycle/lifecycle.service.ts src/scout/lifecycle/reason-codes.ts src/scout/scout.dto.ts src/scout/scout.module.ts src/scout/scout.service.spec.ts src/scout/scout.service.ts test/contracts/importer-contract.spec.ts test/scout/lifecycle/arbiter.spec.ts test/scout/lifecycle/lifecycle.service.spec.ts test/scout/orchestration/settle-hook.spec.ts test/rls-g2-s9c.spec.ts test/scout/g2-s9c-db-guard.spec.ts test/scout/reconciliation/catalogue-parity.spec.ts test/utils/g2-s9c-db.ts test/utils/g2-s9c-harness.ts test/utils/g2-s9c-pg-harness.ts test/utils/g2-s9c-worker.cjs 
PRETTIER rc=0
TSC rc=2 lines=1
ESLINT rc=0
POST docs/decisions/2026-09-25-s9-reconciliation.md 7c516a6303967e7394a75855d32d3ebfc00b9f37da7359810d6f35cf796ce4a6
POST src/scout/lifecycle/lifecycle.service.ts b744624071fe406134f11fab3d62015ed12e49bc125eb9637ada5caab096e307
POST src/scout/lifecycle/reason-codes.ts 74f1962ae412dbf80e938b40ec8954f14954c8980cf6f8b389aca0f8b1b92d14
POST src/scout/scout.dto.ts 02a52db72bf46ddd36420b08c6d5ad73c6d6c61f7d8dc4873ab027623dab756a
POST src/scout/scout.module.ts 854e50cf68190031891a7a8139df5592dafb4d7fb4f23810c8356f10780c740c
POST src/scout/scout.service.spec.ts 667bbcebcab9b420db92aa7c9161e0b248f3b085108fb7ed0139b58a98cbff3d
POST src/scout/scout.service.ts adff9ab7852d73a305f8f34292593443d2af4168c87920a2d8c49012cec06ac3
POST test/contracts/importer-contract.spec.ts 594113ec16095be9fee9829054588e04541831edef010704146dea2207fce5fe
POST test/scout/lifecycle/arbiter.spec.ts 4957155f8f7ef911437d50718e835c93d7869596fbe46f888c31f3f996ae6c02
POST test/scout/lifecycle/lifecycle.service.spec.ts 391fee55340c3998a368e8cac8cf2bb4b6ca6b650cf41540a1ef5847be36d55e
POST test/scout/orchestration/settle-hook.spec.ts 397dcb2f8d889af9c2f4a4b53fc334d576fc9a3d655b3a84cf97cda9de435ca2
POST src/scout/reconciliation/facts.service.ts a760fb6a2a9962a6b2a1decc6df4321ae80b017b9dd8bce0c00d5585eab8e40d
POST src/scout/reconciliation/reconciliation.module.ts 48040a5af6e3598475eb7423cb42a25dee711bbc6bd6c87903e6cec292406e8a
POST test/rls-g2-s9.spec.ts f20099a165e5b0b04a10c7919f7844c5822a63bba1b9ad26cbfa39bb9a5883c1
POST test/rls-g2-s9c.spec.ts 47dfc9c8de6d73fa414c43319eef0acc5bb550355c0e5c3f216c59b68863b175
POST test/scout/g2-s9-db-guard.spec.ts a99cf9c9e9cef10290d63b52fd773dcecfa22669933532fe78a61dd1e66e4fbf
POST test/scout/g2-s9c-db-guard.spec.ts 09ededf30c0b6bdef2a9138363b1dbf5640379552003ac376d8b140b69eadd75
POST test/scout/reconciliation/catalogue-parity.spec.ts ef19baaf900f12facd7ab6e27868699c479ef846b50535c9d557017bb7d5c130
POST test/scout/reconciliation/facts.service.spec.ts aa41b3a781597270104f03b8d2f011056ae8f79a7fc676a4699a252c9b92d439
POST test/utils/g2-s9-bootstrap.sh 8799525798ce64c4133167770d15cb301b8318d096c01c004124f1bb85974386
POST test/utils/g2-s9-db.ts 39ba033bea0402483287da1a59e805b778a652286c359e807c363f5d87ba2ae9
POST test/utils/g2-s9-harness.ts 0378563b3681bb296a6f528c3492dfccef610d50014f1227d38679ada5a51732
POST test/utils/g2-s9-pg-harness.ts 3a6bd56a555715184d52bc9872c6ceec8ec0a68f8690a203fe24ebaebe871469
POST test/utils/g2-s9-worker.cjs 028979e9f44244ce51cf474d367f1c7a23752d3ce8d15add832d7b5cf44a42d6
POST test/utils/g2-s9c-bootstrap.sh 8797645f6aef1986379d7bb3ddbaf4dfec10c2ff8e00726c800928f7bdd56b90
POST test/utils/g2-s9c-db.ts a21c1e53e61e0792d54bb0f76b5885c69545929fe83f4ef5e7b9e7733522fa0e
POST test/utils/g2-s9c-harness.ts 4c720422b37de1d4352f720fe24745fea4204f221d7dd33b08d06c22bfce07ca
POST test/utils/g2-s9c-pg-harness.ts 702ff54de2ec5905e47cca19b4f105e52cc1a3e26b03927f117c3ca2b2cf6ff8
POST test/utils/g2-s9c-worker.cjs 4ef2e3b0b015207e9de00828cb410799ef7f87c3a96a707caf2c5ce37b58e9d6
END 2026-09-26T01:53:29Z
