[2026-09-20T16:29:21Z] S3 waiting for heavy lock (02-focused-a)
label=02-focused-a head=5c7b42b3ea5be84e4c740fa5d7e42a94d5230d06 tree=83211d25d714e4c539cd3aa248a06ef0658fc8e7 node=v20.20.1 npm=10.8.2 date=2026-09-20T16:45:34Z
cmd: npx jest --ci --maxWorkers=1 test/dependency-compatibility.spec.ts test/ci/lockfile-relevance.spec.ts test/ci/dependency-audit.spec.ts test/ci/fly-readiness.spec.ts test/health-readiness-public.spec.ts test/health.controller.spec.ts test/http-exception.filter.spec.ts test/observability test/scout/scout-diagnostics-boundary.spec.ts test/scout/scout-diagnostics-public-cause.spec.ts test/scout/scout-diagnostics-public.spec.ts test/scout/scout-diagnostics.integrity.spec.ts src/scout/scout.service.spec.ts test/rate-limit.spec.ts test/common/feature-flag-not-found.spec.ts test/common/feature-flag-not-found.bootstrap.spec.ts test/diagnostic.controller.spec.ts
[31m[Nest] 16102  - [39m09/20/2026, 4:47:14 PM [31m  ERROR[39m [38;5;3m[ScoutService] [39m[31mscout import intent-1 has an unrecognised persisted terminal_status; failing closed to 'failed'[39m
[31m[Nest] 16102  - [39m09/20/2026, 4:47:14 PM [31m  ERROR[39m [38;5;3m[ScoutService] [39m[31mscout import intent-1 has an unrecognised persisted terminal_status; failing closed to 'failed'[39m
PASS src/scout/scout.service.spec.ts (98.161 s)
[33m[Nest] 16102  - [39m09/20/2026, 4:47:14 PM [33m   WARN[39m [38;5;3m[ScoutService] [39m[33mscout progress flush failed for coach-1:intent-1:device-a: Error[39m
[33m[Nest] 16102  - [39m09/20/2026, 4:47:14 PM [33m   WARN[39m [38;5;3m[ScoutService] [39m[33mscout progress flush failed for coach-1:intent-1:device-a: Error[39m
[33m[Nest] 16102  - [39m09/20/2026, 4:47:14 PM [33m   WARN[39m [38;5;3m[ScoutService] [39m[33mscout progress flush failed for coach-1:intent-1:device-a: Error[39m
[33m[Nest] 16102  - [39m09/20/2026, 4:47:14 PM [33m   WARN[39m [38;5;3m[ScoutService] [39m[33mimport.complete push failed for coach coach-1: Error[39m
[33m[Nest] 16102  - [39m09/20/2026, 4:47:14 PM [33m   WARN[39m [38;5;3m[ScoutService] [39m[33mimport.complete push failed for coach coach-1: Error[39m
[33m[Nest] 16102  - [39m09/20/2026, 4:47:14 PM [33m   WARN[39m [38;5;3m[ScoutService] [39m[33mscout settle pre-flush failed for run coach-1:intent-1: Error[39m
[33m[Nest] 16102  - [39m09/20/2026, 4:47:14 PM [33m   WARN[39m [38;5;3m[ScoutService] [39m[33mscout settle pre-flush failed for run coach-1:intent-1: Error[39m
[33m[Nest] 16102  - [39m09/20/2026, 4:47:14 PM [33m   WARN[39m [38;5;3m[ScoutService] [39m[33mscout settle pre-flush failed for run coach-1:intent-1: Error[39m
[33m[Nest] 16102  - [39m09/20/2026, 4:47:14 PM [33m   WARN[39m [38;5;3m[ScoutService] [39m[33mscout settle pre-flush failed for run coach-1:intent-1: Error[39m
FAIL test/dependency-compatibility.spec.ts (25.7 s)
  ● locked dependency compatibility › loads an actual Prisma config through c12 and the overridden merger

    expect(received).toBeUndefined()

    Received: [Error: spawnSync /usr/local/bin/node ETIMEDOUT]

      38 |     },
      39 |   );
    > 40 |   expect(result.error).toBeUndefined();
         |                        ^
      41 |   expect(result.signal).toBeNull();
      42 |   expect({ status: result.status, stderr: result.stderr }).toEqual({
      43 |     status: 0,

      at probe (test/dependency-compatibility.spec.ts:40:24)
      at Object.<anonymous> (test/dependency-compatibility.spec.ts:133:5)

PASS test/rate-limit.spec.ts (606.796 s)
[33m[Nest] 16102  - [39m09/20/2026, 4:57:47 PM [33m   WARN[39m [38;5;3m[ThrottlerExceptionFilter] [39mObject(7) {
  message: [32m'throttler.rejected'[39m,
  userId: [1mnull[22m,
  ip: [32m'203.0.113.1'[39m,
  path: [32m'[unmatched]'[39m,
  method: [32m'POST'[39m,
  limit: [32m'enforced'[39m,
  ttl: [33m3600[39m
}
[33m[Nest] 16102  - [39m09/20/2026, 4:57:47 PM [33m   WARN[39m [38;5;3m[ThrottlerExceptionFilter] [39mObject(7) {
  message: [32m'throttler.rejected'[39m,
  userId: [1mnull[22m,
  ip: [32m'203.0.113.1'[39m,
  path: [32m'[unmatched]'[39m,
  method: [32m'GET'[39m,
  limit: [32m'enforced'[39m,
  ttl: [33m3600[39m
}
[32m[Nest] 16102  - [39m09/20/2026, 4:57:47 PM [32m    LOG[39m [38;5;3m[ThrottlerConfig] [39m[32mREDIS_URL not set -- using in-memory throttler tracker. Limits do NOT cross Fly machines.[39m
[32m[Nest] 16102  - [39m09/20/2026, 4:57:47 PM [32m    LOG[39m [38;5;3m[ThrottlerConfig] [39m[32mREDIS_URL not set -- using in-memory throttler tracker. Limits do NOT cross Fly machines.[39m
[32m[Nest] 16102  - [39m09/20/2026, 4:57:47 PM [32m    LOG[39m [38;5;3m[ThrottlerConfig] [39m[32mREDIS_URL not set -- using in-memory throttler tracker. Limits do NOT cross Fly machines.[39m
PASS test/scout/scout-diagnostics-boundary.spec.ts
PASS test/common/feature-flag-not-found.bootstrap.spec.ts (54.867 s)
PASS test/observability.spec.ts
PASS test/ci/dependency-audit.spec.ts
PASS test/observability/db-stats.spec.ts
[33m[Nest] 16102  - [39m09/20/2026, 4:58:50 PM [33m   WARN[39m [38;5;3m[DbStatsService] [39m[33mpg_stat_statements is not available; returning unavailable. Enable the extension (operator-attach).[39m
[33m[Nest] 16102  - [39m09/20/2026, 4:58:50 PM [33m   WARN[39m [38;5;3m[DbStatsService] [39m[33mpg_stat_statements is not available; returning unavailable. Enable the extension (operator-attach).[39m
{"timestamp":"2026-09-20T16:58:50.939Z","level":"log","context":"RoutesResolver","message":"DiagnosticController {/diagnostic-fixture}:"}
{"timestamp":"2026-09-20T16:58:50.942Z","level":"log","context":"RouterExplorer","message":"Mapped {/diagnostic-fixture/:id, GET} route"}
{"timestamp":"2026-09-20T16:58:50.944Z","level":"log","context":"NestApplication","message":"Nest application successfully started"}
PASS test/observability/orm-composed-http.spec.ts
PASS test/common/feature-flag-not-found.spec.ts
PASS test/observability/metrics-auth.spec.ts
PASS test/observability/prom-metrics.spec.ts
PASS test/observability/prom-metrics-extended.spec.ts
PASS test/observability/db-stats-extended.spec.ts
PASS test/observability/sentry-config.spec.ts
PASS test/scout/scout-diagnostics-public-cause.spec.ts
PASS test/scout/scout-diagnostics-public.spec.ts
PASS test/ci/lockfile-relevance.spec.ts
PASS test/observability/observability-wiring.spec.ts
[33m[Nest] 16102  - [39m09/20/2026, 4:58:57 PM [33m   WARN[39m [38;5;3m[DbStatsService] [39m[33mpg_stat_statements is not available; returning unavailable. Enable the extension (operator-attach).[39m
PASS test/diagnostic.controller.spec.ts
PASS test/observability/metrics-auth-extended.spec.ts
PASS test/observability/sentry-config-extended.spec.ts
PASS test/http-exception.filter.spec.ts
PASS test/ci/fly-readiness.spec.ts
PASS test/observability/sentry-incoming-request.spec.ts (6.096 s)
PASS test/scout/scout-diagnostics.integrity.spec.ts
PASS test/health-readiness-public.spec.ts
[31m[Nest] 16102  - [39m09/20/2026, 4:59:08 PM [31m  ERROR[39m [38;5;3m[HealthController] [39mObject(2) {
  event: [32m'readiness_database_unavailable'[39m,
  operation: [32m'health.readiness'[39m
}
PASS test/health.controller.spec.ts

Summary of all failing tests
FAIL test/dependency-compatibility.spec.ts (25.7 s)
  ● locked dependency compatibility › loads an actual Prisma config through c12 and the overridden merger

    expect(received).toBeUndefined()

    Received: [Error: spawnSync /usr/local/bin/node ETIMEDOUT]

      38 |     },
      39 |   );
    > 40 |   expect(result.error).toBeUndefined();
         |                        ^
      41 |   expect(result.signal).toBeNull();
      42 |   expect({ status: result.status, stderr: result.stderr }).toEqual({
      43 |     status: 0,

      at probe (test/dependency-compatibility.spec.ts:40:24)
      at Object.<anonymous> (test/dependency-compatibility.spec.ts:133:5)


Test Suites: 1 failed, 27 passed, 28 total
Tests:       1 failed, 457 passed, 458 total
Snapshots:   0 total
Time:        811.761 s
Ran all test suites matching test/dependency-compatibility.spec.ts|test/ci/lockfile-relevance.spec.ts|test/ci/dependency-audit.spec.ts|test/ci/fly-readiness.spec.ts|test/health-readiness-public.spec.ts|test/health.controller.spec.ts|test/http-exception.filter.spec.ts|test/observability|test/scout/scout-diagnostics-boundary.spec.ts|test/scout/scout-diagnostics-public-cause.spec.ts|test/scout/scout-diagnostics-public.spec.ts|test/scout/scout-diagnostics.integrity.spec.ts|src/scout/scout.service.spec.ts|test/rate-limit.spec.ts|test/common/feature-flag-not-found.spec.ts|test/common/feature-flag-not-found.bootstrap.spec.ts|test/diagnostic.controller.spec.ts.
exit=1
