head=4b6385afdd67433e33b005c029766baca4bb58c4 date=2026-09-20T16:35:18Z
cmd: node scripts/check-r75.js --mode=range --base=925780e0 --head=HEAD
R75 925780e0a1906593e5383c618311b6b17364b8dc 4b6385afdd67433e33b005c029766baca4bb58c4; policy=4b6385afdd67433e33b005c029766baca4bb58c4:.github/r75-policy.json
Counts are whole-file after (+) and before (-); net is the per-class change.
as never: +2 -0 net +2
  test/health-readiness-bounded.spec.ts
FAIL: positive per-class token change
exit=1
cmd: node scripts/check-r75.js --mode=range --base=c23b9d9f --head=HEAD (whole cumulative candidate)
R75 c23b9d9f3fcc106b92c061ceb7d04d7ec53038d7 4b6385afdd67433e33b005c029766baca4bb58c4; policy=4b6385afdd67433e33b005c029766baca4bb58c4:.github/r75-policy.json
Counts are whole-file after (+) and before (-); net is the per-class change.
as any: +2 -2 net 0
as never: +2 -0 net +2
  test/health-readiness-bounded.spec.ts
FAIL: positive per-class token change
exit=1
head=5c7b42b3ea5be84e4c740fa5d7e42a94d5230d06 date=2026-09-20T16:37:27Z
cmd: node scripts/check-r75.js --mode=range --base=c23b9d9f --head=HEAD
R75 c23b9d9f3fcc106b92c061ceb7d04d7ec53038d7 5c7b42b3ea5be84e4c740fa5d7e42a94d5230d06; policy=5c7b42b3ea5be84e4c740fa5d7e42a94d5230d06:.github/r75-policy.json
Counts are whole-file after (+) and before (-); net is the per-class change.
as any: +2 -2 net 0
OK — no positive token change
exit=0
