  console.warn
    PG17_PROCESS {"name":"g2g_1","options":{"action":"start","coach":"s11a2-coach-a","intent":"1198a373-62c8-471a-9ba0-30888e1483df","host":"P2","role":"phone"},"result":{"intent_id":"1198a373-62c8-471a-9ba0-30888e1483df","mode":"server","phase":"discovering","execution_epoch":1,"accepted_start_at":"2026-09-27T21:23:27.911Z","deadline_at":"2026-09-27T21:28:27.911Z"},"queries":3,"pid":4063}

    [0m [90m 181 |[39m       }
     [90m 182 |[39m       [90m// Query shapes, outcomes, fixture identifiers and process IDs only; never parameters.[39m
    [31m[1m>[22m[39m[90m 183 |[39m       console[33m.[39mwarn(
     [90m     |[39m               [31m[1m^[22m[39m
     [90m 184 |[39m         [32m'PG17_PROCESS'[39m[33m,[39m
     [90m 185 |[39m         [33mJSON[39m[33m.[39mstringify({
     [90m 186 |[39m           name[33m,[39m[0m

      at settleWorker (test/utils/g2-s11-pg-harness.ts:183:15)
      at ChildProcess.<anonymous> (test/utils/g2-s11-pg-harness.ts:202:7)

  console.warn
    PG17_PROCESS {"name":"g2g_2","options":{"action":"declare","coach":"s11a2-coach-a","intent":"1198a373-62c8-471a-9ba0-30888e1483df","body":{"platforms":[{"source_platform":"s10_unseen","account_scope_id_digests":["265867792567e5ff6f7402a88f9c707517887390598b1adbee71a69fed4fba13"]},{"source_platform":"s11_second","account_scope_id_digests":["b41d70b4bc8498395519478765f5152138a16931722424835c9f7d72eb2658f9"]}]},"host":"P1","role":"ext"},"result":{"intent_id":"1198a373-62c8-471a-9ba0-30888e1483df","challenge_b64":"tRH6LeydYnm3cLkRWizzn/ALWOGYKX92JoxTiM8w/Q8=","declared_at":"2026-09-27T21:23:30.047Z"},"queries":10,"pid":4084}

    [0m [90m 181 |[39m       }
     [90m 182 |[39m       [90m// Query shapes, outcomes, fixture identifiers and process IDs only; never parameters.[39m
    [31m[1m>[22m[39m[90m 183 |[39m       console[33m.[39mwarn(
     [90m     |[39m               [31m[1m^[22m[39m
     [90m 184 |[39m         [32m'PG17_PROCESS'[39m[33m,[39m
     [90m 185 |[39m         [33mJSON[39m[33m.[39mstringify({
     [90m 186 |[39m           name[33m,[39m[0m

      at settleWorker (test/utils/g2-s11-pg-harness.ts:183:15)
      at ChildProcess.<anonymous> (test/utils/g2-s11-pg-harness.ts:202:7)

  console.warn
    PG17_PROCESS {"name":"g2g_3","options":{"action":"declare","coach":"s11a2-coach-a","intent":"1198a373-62c8-471a-9ba0-30888e1483df","body":{"platforms":[{"source_platform":"s11_second","account_scope_id_digests":["b41d70b4bc8498395519478765f5152138a16931722424835c9f7d72eb2658f9"]},{"source_platform":"s10_unseen","account_scope_id_digests":["265867792567e5ff6f7402a88f9c707517887390598b1adbee71a69fed4fba13"]}]},"host":"P2","role":"ext"},"result":{"intent_id":"1198a373-62c8-471a-9ba0-30888e1483df","challenge_b64":"tRH6LeydYnm3cLkRWizzn/ALWOGYKX92JoxTiM8w/Q8=","declared_at":"2026-09-27T21:23:30.047Z"},"queries":6,"pid":4105}

    [0m [90m 181 |[39m       }
     [90m 182 |[39m       [90m// Query shapes, outcomes, fixture identifiers and process IDs only; never parameters.[39m
    [31m[1m>[22m[39m[90m 183 |[39m       console[33m.[39mwarn(
     [90m     |[39m               [31m[1m^[22m[39m
     [90m 184 |[39m         [32m'PG17_PROCESS'[39m[33m,[39m
     [90m 185 |[39m         [33mJSON[39m[33m.[39mstringify({
     [90m 186 |[39m           name[33m,[39m[0m

      at settleWorker (test/utils/g2-s11-pg-harness.ts:183:15)
      at ChildProcess.<anonymous> (test/utils/g2-s11-pg-harness.ts:202:7)

  console.warn
    PG17_PROCESS {"name":"g2g_4","options":{"action":"ingest","coach":"s11a2-coach-a","intent":"1198a373-62c8-471a-9ba0-30888e1483df","body":{"entity_type":"u10-routines","sourcePlatform":"s10_unseen","entities":[{"sourceId":"u10-w-1","payload":{"u10_heading":"Synthetic Routine","u10_modality":"lift"}}]},"host":"P2","role":"ext"},"result":{"received":1,"deduped":0},"queries":8,"pid":4126}

    [0m [90m 181 |[39m       }
     [90m 182 |[39m       [90m// Query shapes, outcomes, fixture identifiers and process IDs only; never parameters.[39m
    [31m[1m>[22m[39m[90m 183 |[39m       console[33m.[39mwarn(
     [90m     |[39m               [31m[1m^[22m[39m
     [90m 184 |[39m         [32m'PG17_PROCESS'[39m[33m,[39m
     [90m 185 |[39m         [33mJSON[39m[33m.[39mstringify({
     [90m 186 |[39m           name[33m,[39m[0m

      at settleWorker (test/utils/g2-s11-pg-harness.ts:183:15)
      at ChildProcess.<anonymous> (test/utils/g2-s11-pg-harness.ts:202:7)

  console.warn
    PG17_PROCESS {"name":"g2g_5","options":{"action":"ingest","coach":"s11a2-coach-a","intent":"1198a373-62c8-471a-9ba0-30888e1483df","body":{"entity_type":"u10-sessions","sourcePlatform":"s10_unseen","entities":[{"sourceId":"u10-w-2","payload":{"u10_heading":"Synthetic Session","u10_modality":"run"}}]},"host":"P1","role":"ext"},"result":{"received":1,"deduped":0},"queries":8,"pid":4150}

    [0m [90m 181 |[39m       }
     [90m 182 |[39m       [90m// Query shapes, outcomes, fixture identifiers and process IDs only; never parameters.[39m
    [31m[1m>[22m[39m[90m 183 |[39m       console[33m.[39mwarn(
     [90m     |[39m               [31m[1m^[22m[39m
     [90m 184 |[39m         [32m'PG17_PROCESS'[39m[33m,[39m
     [90m 185 |[39m         [33mJSON[39m[33m.[39mstringify({
     [90m 186 |[39m           name[33m,[39m[0m

      at settleWorker (test/utils/g2-s11-pg-harness.ts:183:15)
      at ChildProcess.<anonymous> (test/utils/g2-s11-pg-harness.ts:202:7)

  console.warn
    PG17_PROCESS {"name":"g2g_6","options":{"action":"ingest","coach":"s11a2-coach-a","intent":"1198a373-62c8-471a-9ba0-30888e1483df","body":{"entity_type":"t11-blocks","sourcePlatform":"s11_second","entities":[{"sourceId":"t11-b-1","payload":{"t11_title":"Synthetic Block Two","t11_weeks":6,"t11_days":4}}]},"host":"P1","role":"ext"},"result":{"received":1,"deduped":0},"queries":8,"pid":4170}

    [0m [90m 181 |[39m       }
     [90m 182 |[39m       [90m// Query shapes, outcomes, fixture identifiers and process IDs only; never parameters.[39m
    [31m[1m>[22m[39m[90m 183 |[39m       console[33m.[39mwarn(
     [90m     |[39m               [31m[1m^[22m[39m
     [90m 184 |[39m         [32m'PG17_PROCESS'[39m[33m,[39m
     [90m 185 |[39m         [33mJSON[39m[33m.[39mstringify({
     [90m 186 |[39m           name[33m,[39m[0m

      at settleWorker (test/utils/g2-s11-pg-harness.ts:183:15)
      at ChildProcess.<anonymous> (test/utils/g2-s11-pg-harness.ts:202:7)

  console.warn
    PG17_PROCESS {"name":"g2g_7","options":{"action":"ingest","coach":"s11a2-coach-a","intent":"1198a373-62c8-471a-9ba0-30888e1483df","body":{"entity_type":"t11-routines","sourcePlatform":"s11_second","entities":[{"sourceId":"t11-r-1","payload":{"t11_title":"Synthetic Routine Two","t11_kind":"run"}}]},"host":"P2","role":"ext"},"result":{"received":1,"deduped":0},"queries":8,"pid":4190}

    [0m [90m 181 |[39m       }
     [90m 182 |[39m       [90m// Query shapes, outcomes, fixture identifiers and process IDs only; never parameters.[39m
    [31m[1m>[22m[39m[90m 183 |[39m       console[33m.[39mwarn(
     [90m     |[39m               [31m[1m^[22m[39m
     [90m 184 |[39m         [32m'PG17_PROCESS'[39m[33m,[39m
     [90m 185 |[39m         [33mJSON[39m[33m.[39mstringify({
     [90m 186 |[39m           name[33m,[39m[0m

      at settleWorker (test/utils/g2-s11-pg-harness.ts:183:15)
      at ChildProcess.<anonymous> (test/utils/g2-s11-pg-harness.ts:202:7)

  console.warn
    PG17_PROCESS {"name":"g2g_8","options":{"action":"observe","coach":"s11a2-coach-a","intent":"1198a373-62c8-471a-9ba0-30888e1483df","body":{"observations":[{"evidence_version":1,"source_platform":"s10_unseen","account_scope_id_digest":"265867792567e5ff6f7402a88f9c707517887390598b1adbee71a69fed4fba13","family":"clients","basis_kind":"source_signed_enumeration","mapping_spec_digest":"fecf009ed9463bf97766ab08a322f42f6fbe0124a90551a604f5b26def4ae3dc","statement_b64":"eyJhY2NvdW50X3Njb3BlX2lkX2RpZ2VzdCI6IjI2NTg2Nzc5MjU2N2U1ZmY2Zjc0MDJhODhmOWM3MDc1MTc4ODczOTA1OThiMWFkYmVlNzFhNjlmZWQ0ZmJhMTMiLCJjaGFsbGVuZ2VfYjY0IjoidFJINkxleWRZbm0zY0xrUldpenpuL0FMV09HWUtYOTJKb3hUaU04dy9ROD0iLCJkYXRlX3dpbmRvdyI6bnVsbCwiZmFtaWx5IjoiY2xpZW50cyIsImlkX3NldF9kaWdlc3QiOiJlM2IwYzQ0Mjk4ZmMxYzE0OWFmYmY0Yzg5OTZmYjkyNDI3YWU0MWU0NjQ5YjkzNGNhNDk1OTkxYjc4NTJiODU1IiwiaXNzdWVkX2F0IjoiMjAyNi0wOS0yN1QyMToyMzo0MC42NjNaIiwib2JzZXJ2ZWRfdW5pcXVlIjowLCJzbmFwc2hvdF9yZWZfZGlnZXN0IjoiYzZiZTdjYTQ2OGI0M2ZiMzc5ODMyMzBhZjc4Y2JmMjcxMzBjNTU1ODQwNDk1OWJhZjFjNjczZWU5YjUzMzQ0YiIsInNvdXJjZV9wbGF0Zm9ybSI6InMxMF91bnNlZW4iLCJzdGF0ZW1lbnRfdmVyc2lvbiI6MSwidGVybWluYWwiOiJlbmRfb2ZfbGlzdCJ9","key_id":"s10_unseen.source.d2","signature_b64":"d9suLlNaciNY/lB0aykRJG49ldCQ/FgwY+NjVziZOUy5C0y2Ne+fnRMsDnO5hWEigmFonT/Lc5mZEDwDaDgyDA=="},{"evidence_version":1,"source_platform":"s10_unseen","account_scope_id_digest":"265867792567e5ff6f7402a88f9c707517887390598b1adbee71a69fed4fba13","family":"programs","basis_kind":"source_signed_enumeration","mapping_spec_digest":"fecf009ed9463bf97766ab08a322f42f6fbe0124a90551a604f5b26def4ae3dc","statement_b64":"eyJhY2NvdW50X3Njb3BlX2lkX2RpZ2VzdCI6IjI2NTg2Nzc5MjU2N2U1ZmY2Zjc0MDJhODhmOWM3MDc1MTc4ODczOTA1OThiMWFkYmVlNzFhNjlmZWQ0ZmJhMTMiLCJjaGFsbGVuZ2VfYjY0IjoidFJINkxleWRZbm0zY0xrUldpenpuL0FMV09HWUtYOTJKb3hUaU04dy9ROD0iLCJkYXRlX3dpbmRvdyI6bnVsbCwiZmFtaWx5IjoicHJvZ3JhbXMiLCJpZF9zZXRfZGlnZXN0IjoiZTNiMGM0NDI5OGZjMWMxNDlhZmJmNGM4OTk2ZmI5MjQyN2FlNDFlNDY0OWI5MzRjYTQ5NTk5MWI3ODUyYjg1NSIsImlzc3VlZF9hdCI6IjIwMjYtMDktMjdUMjE6MjM6NDAuNjYzWiIsIm9ic2VydmVkX3VuaXF1ZSI6MCwic25hcHNob3RfcmVmX2RpZ2VzdCI6ImM2YmU3Y2E0NjhiNDNmYjM3OTgzMjMwYWY3OGNiZjI3MTMwYzU1NTg0MDQ5NTliYWYxYzY3M2VlOWI1MzM0NGIiLCJzb3VyY2VfcGxhdGZvcm0iOiJzMTBfdW5zZWVuIiwic3RhdGVtZW50X3ZlcnNpb24iOjEsInRlcm1pbmFsIjoiZW5kX29mX2xpc3QifQ==","key_id":"s10_unseen.source.d2","signature_b64":"fST11rxZZFdAZAwX6Hq1fYbJ0W2tk31PiZ2Kb8NjEHs6LaetQgUh7Sv1Rc2jwKup0Y4Z9po97imHFUzp0yvMDw=="},{"evidence_version":1,"source_platform":"s10_unseen","account_scope_id_digest":"265867792567e5ff6f7402a88f9c707517887390598b1adbee71a69fed4fba13","family":"workouts","basis_kind":"source_signed_enumeration","mapping_spec_digest":"fecf009ed9463bf97766ab08a322f42f6fbe0124a90551a604f5b26def4ae3dc","statement_b64":"eyJhY2NvdW50X3Njb3BlX2lkX2RpZ2VzdCI6IjI2NTg2Nzc5MjU2N2U1ZmY2Zjc0MDJhODhmOWM3MDc1MTc4ODczOTA1OThiMWFkYmVlNzFhNjlmZWQ0ZmJhMTMiLCJjaGFsbGVuZ2VfYjY0IjoidFJINkxleWRZbm0zY0xrUldpenpuL0FMV09HWUtYOTJKb3hUaU04dy9ROD0iLCJkYXRlX3dpbmRvdyI6bnVsbCwiZmFtaWx5Ijoid29ya291dHMiLCJpZF9zZXRfZGlnZXN0IjoiMmRjM2QxNzYxZTFlZTc5MjI0OGEyMjhmNmYzYmY3YjY4YzNiNGRlZjlkZWI0Nzk5Mzc4YTkwNzI1NTZmYWRkOSIsImlzc3VlZF9hdCI6IjIwMjYtMDktMjdUMjE6MjM6NDAuNjYzWiIsIm9ic2VydmVkX3VuaXF1ZSI6Miwic25hcHNob3RfcmVmX2RpZ2VzdCI6ImM2YmU3Y2E0NjhiNDNmYjM3OTgzMjMwYWY3OGNiZjI3MTMwYzU1NTg0MDQ5NTliYWYxYzY3M2VlOWI1MzM0NGIiLCJzb3VyY2VfcGxhdGZvcm0iOiJzMTBfdW5zZWVuIiwic3RhdGVtZW50X3ZlcnNpb24iOjEsInRlcm1pbmFsIjoiZW5kX29mX2xpc3QifQ==","key_id":"s10_unseen.source.d2","signature_b64":"DZqIHYPIiF3+HKZCYTQr5tVnAKU5j2/rFHAbT7zzQeMek27aAVu1p783ODXIXgqyRVRPMfSWyVeqjhaXQp0ADA=="}]},"host":"P1","role":"ext"},"result":{"intent_id":"1198a373-62c8-471a-9ba0-30888e1483df","execution_epoch":1,"stored":3,"replayed":0},"queries":11,"pid":4216}

    [0m [90m 181 |[39m       }
     [90m 182 |[39m       [90m// Query shapes, outcomes, fixture identifiers and process IDs only; never parameters.[39m
    [31m[1m>[22m[39m[90m 183 |[39m       console[33m.[39mwarn(
     [90m     |[39m               [31m[1m^[22m[39m
     [90m 184 |[39m         [32m'PG17_PROCESS'[39m[33m,[39m
     [90m 185 |[39m         [33mJSON[39m[33m.[39mstringify({
     [90m 186 |[39m           name[33m,[39m[0m

      at settleWorker (test/utils/g2-s11-pg-harness.ts:183:15)
      at ChildProcess.<anonymous> (test/utils/g2-s11-pg-harness.ts:202:7)

  console.warn
    PG17_PROCESS {"name":"g2g_9","options":{"action":"observe","coach":"s11a2-coach-a","intent":"1198a373-62c8-471a-9ba0-30888e1483df","body":{"observations":[{"evidence_version":1,"source_platform":"s11_second","account_scope_id_digest":"b41d70b4bc8498395519478765f5152138a16931722424835c9f7d72eb2658f9","family":"programs","basis_kind":"source_signed_enumeration","mapping_spec_digest":"a330874b8c3c9d4a4b42d52728d6a3b09feada8411459ae0d0139c5c1e0d0c8e","statement_b64":"eyJhY2NvdW50X3Njb3BlX2lkX2RpZ2VzdCI6ImI0MWQ3MGI0YmM4NDk4Mzk1NTE5NDc4NzY1ZjUxNTIxMzhhMTY5MzE3MjI0MjQ4MzVjOWY3ZDcyZWIyNjU4ZjkiLCJjaGFsbGVuZ2VfYjY0IjoidFJINkxleWRZbm0zY0xrUldpenpuL0FMV09HWUtYOTJKb3hUaU04dy9ROD0iLCJkYXRlX3dpbmRvdyI6bnVsbCwiZmFtaWx5IjoicHJvZ3JhbXMiLCJpZF9zZXRfZGlnZXN0IjoiMDk0OWViZmU2ODY4OWFkOWQzZmNmZGIxNjI3MDYyMWE0MWE0YzM0NDQ0NjEwMDUzMmQzOWY4NGZmZDhkYjA1MiIsImlzc3VlZF9hdCI6IjIwMjYtMDktMjdUMjE6MjM6NDMuMjQxWiIsIm9ic2VydmVkX3VuaXF1ZSI6MSwic25hcHNob3RfcmVmX2RpZ2VzdCI6IjdmNjliMTk2NTRiN2ZlYjZhZTJjYWU3ZDllOTJlNDg4MzY4NDVjMWZjZmE2MGFjOTBlYTJlZDkxMjZhZGUwZjgiLCJzb3VyY2VfcGxhdGZvcm0iOiJzMTFfc2Vjb25kIiwic3RhdGVtZW50X3ZlcnNpb24iOjEsInRlcm1pbmFsIjoiZW5kX29mX2xpc3QifQ==","key_id":"s11_second.source.a2","signature_b64":"dc8/Sxokjrr7ZjTWgbqmxjAagcfso/YXvsKm17gtXVDjKjQJfiChc/RF4O7C2BN7NEHKw7/0J/CQz3ypv/TFAg=="},{"evidence_version":1,"source_platform":"s11_second","account_scope_id_digest":"b41d70b4bc8498395519478765f5152138a16931722424835c9f7d72eb2658f9","family":"workouts","basis_kind":"source_signed_enumeration","mapping_spec_digest":"a330874b8c3c9d4a4b42d52728d6a3b09feada8411459ae0d0139c5c1e0d0c8e","statement_b64":"eyJhY2NvdW50X3Njb3BlX2lkX2RpZ2VzdCI6ImI0MWQ3MGI0YmM4NDk4Mzk1NTE5NDc4NzY1ZjUxNTIxMzhhMTY5MzE3MjI0MjQ4MzVjOWY3ZDcyZWIyNjU4ZjkiLCJjaGFsbGVuZ2VfYjY0IjoidFJINkxleWRZbm0zY0xrUldpenpuL0FMV09HWUtYOTJKb3hUaU04dy9ROD0iLCJkYXRlX3dpbmRvdyI6bnVsbCwiZmFtaWx5Ijoid29ya291dHMiLCJpZF9zZXRfZGlnZXN0IjoiNTk0NmEzZDE4Njg2NDFhMjc1N2ViYTYzMmU0OWM5OWYyN2Q0NTQwYjM1NjBiMjIzNmNlNGZjY2ZhYzRkMGU4MSIsImlzc3VlZF9hdCI6IjIwMjYtMDktMjdUMjE6MjM6NDMuMjQxWiIsIm9ic2VydmVkX3VuaXF1ZSI6MSwic25hcHNob3RfcmVmX2RpZ2VzdCI6IjdmNjliMTk2NTRiN2ZlYjZhZTJjYWU3ZDllOTJlNDg4MzY4NDVjMWZjZmE2MGFjOTBlYTJlZDkxMjZhZGUwZjgiLCJzb3VyY2VfcGxhdGZvcm0iOiJzMTFfc2Vjb25kIiwic3RhdGVtZW50X3ZlcnNpb24iOjEsInRlcm1pbmFsIjoiZW5kX29mX2xpc3QifQ==","key_id":"s11_second.source.a2","signature_b64":"79pk+76IoMV+FrwfuPHXO/oxQlbw6RNjs9qhz73fXcWjboTecAmimD9qENt6SV2TxWe1r2MR448oiiupjZWzDw=="}]},"host":"P2","role":"ext"},"result":{"intent_id":"1198a373-62c8-471a-9ba0-30888e1483df","execution_epoch":1,"stored":2,"replayed":0},"queries":10,"pid":4237}

    [0m [90m 181 |[39m       }
     [90m 182 |[39m       [90m// Query shapes, outcomes, fixture identifiers and process IDs only; never parameters.[39m
    [31m[1m>[22m[39m[90m 183 |[39m       console[33m.[39mwarn(
     [90m     |[39m               [31m[1m^[22m[39m
     [90m 184 |[39m         [32m'PG17_PROCESS'[39m[33m,[39m
     [90m 185 |[39m         [33mJSON[39m[33m.[39mstringify({
     [90m 186 |[39m           name[33m,[39m[0m

      at settleWorker (test/utils/g2-s11-pg-harness.ts:183:15)
      at ChildProcess.<anonymous> (test/utils/g2-s11-pg-harness.ts:202:7)

  console.warn
    PG17_PROCESS {"name":"g2g_10","options":{"action":"observe","coach":"s11a2-coach-a","intent":"1198a373-62c8-471a-9ba0-30888e1483df","body":{"observations":[{"evidence_version":1,"source_platform":"s11_second","account_scope_id_digest":"b41d70b4bc8498395519478765f5152138a16931722424835c9f7d72eb2658f9","family":"programs","basis_kind":"source_signed_enumeration","mapping_spec_digest":"a330874b8c3c9d4a4b42d52728d6a3b09feada8411459ae0d0139c5c1e0d0c8e","statement_b64":"eyJhY2NvdW50X3Njb3BlX2lkX2RpZ2VzdCI6ImI0MWQ3MGI0YmM4NDk4Mzk1NTE5NDc4NzY1ZjUxNTIxMzhhMTY5MzE3MjI0MjQ4MzVjOWY3ZDcyZWIyNjU4ZjkiLCJjaGFsbGVuZ2VfYjY0IjoidFJINkxleWRZbm0zY0xrUldpenpuL0FMV09HWUtYOTJKb3hUaU04dy9ROD0iLCJkYXRlX3dpbmRvdyI6bnVsbCwiZmFtaWx5IjoicHJvZ3JhbXMiLCJpZF9zZXRfZGlnZXN0IjoiMDk0OWViZmU2ODY4OWFkOWQzZmNmZGIxNjI3MDYyMWE0MWE0YzM0NDQ0NjEwMDUzMmQzOWY4NGZmZDhkYjA1MiIsImlzc3VlZF9hdCI6IjIwMjYtMDktMjdUMjE6MjM6NDMuMjQxWiIsIm9ic2VydmVkX3VuaXF1ZSI6MSwic25hcHNob3RfcmVmX2RpZ2VzdCI6IjdmNjliMTk2NTRiN2ZlYjZhZTJjYWU3ZDllOTJlNDg4MzY4NDVjMWZjZmE2MGFjOTBlYTJlZDkxMjZhZGUwZjgiLCJzb3VyY2VfcGxhdGZvcm0iOiJzMTFfc2Vjb25kIiwic3RhdGVtZW50X3ZlcnNpb24iOjEsInRlcm1pbmFsIjoiZW5kX29mX2xpc3QifQ==","key_id":"s11_second.source.a2","signature_b64":"dc8/Sxokjrr7ZjTWgbqmxjAagcfso/YXvsKm17gtXVDjKjQJfiChc/RF4O7C2BN7NEHKw7/0J/CQz3ypv/TFAg=="},{"evidence_version":1,"source_platform":"s11_second","account_scope_id_digest":"b41d70b4bc8498395519478765f5152138a16931722424835c9f7d72eb2658f9","family":"workouts","basis_kind":"source_signed_enumeration","mapping_spec_digest":"a330874b8c3c9d4a4b42d52728d6a3b09feada8411459ae0d0139c5c1e0d0c8e","statement_b64":"eyJhY2NvdW50X3Njb3BlX2lkX2RpZ2VzdCI6ImI0MWQ3MGI0YmM4NDk4Mzk1NTE5NDc4NzY1ZjUxNTIxMzhhMTY5MzE3MjI0MjQ4MzVjOWY3ZDcyZWIyNjU4ZjkiLCJjaGFsbGVuZ2VfYjY0IjoidFJINkxleWRZbm0zY0xrUldpenpuL0FMV09HWUtYOTJKb3hUaU04dy9ROD0iLCJkYXRlX3dpbmRvdyI6bnVsbCwiZmFtaWx5Ijoid29ya291dHMiLCJpZF9zZXRfZGlnZXN0IjoiNTk0NmEzZDE4Njg2NDFhMjc1N2ViYTYzMmU0OWM5OWYyN2Q0NTQwYjM1NjBiMjIzNmNlNGZjY2ZhYzRkMGU4MSIsImlzc3VlZF9hdCI6IjIwMjYtMDktMjdUMjE6MjM6NDMuMjQxWiIsIm9ic2VydmVkX3VuaXF1ZSI6MSwic25hcHNob3RfcmVmX2RpZ2VzdCI6IjdmNjliMTk2NTRiN2ZlYjZhZTJjYWU3ZDllOTJlNDg4MzY4NDVjMWZjZmE2MGFjOTBlYTJlZDkxMjZhZGUwZjgiLCJzb3VyY2VfcGxhdGZvcm0iOiJzMTFfc2Vjb25kIiwic3RhdGVtZW50X3ZlcnNpb24iOjEsInRlcm1pbmFsIjoiZW5kX29mX2xpc3QifQ==","key_id":"s11_second.source.a2","signature_b64":"79pk+76IoMV+FrwfuPHXO/oxQlbw6RNjs9qhz73fXcWjboTecAmimD9qENt6SV2TxWe1r2MR448oiiupjZWzDw=="}]},"host":"P1","role":"ext"},"result":{"intent_id":"1198a373-62c8-471a-9ba0-30888e1483df","execution_epoch":1,"stored":0,"replayed":2},"queries":8,"pid":4256}

    [0m [90m 181 |[39m       }
     [90m 182 |[39m       [90m// Query shapes, outcomes, fixture identifiers and process IDs only; never parameters.[39m
    [31m[1m>[22m[39m[90m 183 |[39m       console[33m.[39mwarn(
     [90m     |[39m               [31m[1m^[22m[39m
     [90m 184 |[39m         [32m'PG17_PROCESS'[39m[33m,[39m
     [90m 185 |[39m         [33mJSON[39m[33m.[39mstringify({
     [90m 186 |[39m           name[33m,[39m[0m

      at settleWorker (test/utils/g2-s11-pg-harness.ts:183:15)
      at ChildProcess.<anonymous> (test/utils/g2-s11-pg-harness.ts:202:7)

  console.warn
    PG17_PROCESS {"name":"g2g_11","options":{"action":"complete","coach":"s11a2-coach-a","intent":"1198a373-62c8-471a-9ba0-30888e1483df","body":{"terminal_status":"success"},"host":"P2","role":"ext"},"result":{"acknowledged":true,"intent_id":"1198a373-62c8-471a-9ba0-30888e1483df"},"queries":86,"pid":4279}

    [0m [90m 181 |[39m       }
     [90m 182 |[39m       [90m// Query shapes, outcomes, fixture identifiers and process IDs only; never parameters.[39m
    [31m[1m>[22m[39m[90m 183 |[39m       console[33m.[39mwarn(
     [90m     |[39m               [31m[1m^[22m[39m
     [90m 184 |[39m         [32m'PG17_PROCESS'[39m[33m,[39m
     [90m 185 |[39m         [33mJSON[39m[33m.[39mstringify({
     [90m 186 |[39m           name[33m,[39m[0m

      at settleWorker (test/utils/g2-s11-pg-harness.ts:183:15)
      at ChildProcess.<anonymous> (test/utils/g2-s11-pg-harness.ts:202:7)

  console.warn
    PG17_PROCESS {"name":"g2g_12","options":{"action":"status","coach":"s11a2-coach-a","intent":"1198a373-62c8-471a-9ba0-30888e1483df","host":"P1","role":"phone"},"result":{"intent_id":"1198a373-62c8-471a-9ba0-30888e1483df","status":"complete","entity_counts":[{"entity_type":"t11-blocks","committed":1},{"entity_type":"t11-routines","committed":1},{"entity_type":"u10-routines","committed":1},{"entity_type":"u10-sessions","committed":1}],"started_at":"2026-09-27T21:23:34.279Z","completed_at":"2026-09-27T21:23:50.288Z","mode":"server","phase":"reconciling","accepted_start_at":"2026-09-27T21:23:27.911Z","deadline_at":"2026-09-27T21:28:27.911Z","last_observed_at":"2026-09-27T21:23:50.281Z","execution_epoch":1,"reason_code":null,"claimed_status":"success","families":[{"family":"t11-blocks","observed_unique":1,"staged_unique":1,"created_native":null,"already_present_verified":null,"rejected":0,"unresolved":0,"ledger":{"reconstructed":1,"skipped":0,"failed":0},"canonical_family":"programs","native_present_verified":1,"completeness_basis":"source_signed_enumeration","relationship_closure":"not_applicable","reasons":[],"qualifiers":[]},{"family":"t11-routines","observed_unique":null,"staged_unique":1,"created_native":null,"already_present_verified":null,"rejected":0,"unresolved":0,"ledger":{"reconstructed":1,"skipped":0,"failed":0},"canonical_family":"workouts","native_present_verified":1,"completeness_basis":"source_signed_enumeration","relationship_closure":"not_applicable","reasons":[],"qualifiers":[]},{"family":"u10-routines","observed_unique":null,"staged_unique":1,"created_native":null,"already_present_verified":null,"rejected":0,"unresolved":0,"ledger":{"reconstructed":1,"skipped":0,"failed":0},"canonical_family":"workouts","native_present_verified":1,"completeness_basis":"source_signed_enumeration","relationship_closure":"not_applicable","reasons":[],"qualifiers":[]},{"family":"u10-sessions","observed_unique":null,"staged_unique":1,"created_native":null,"already_present_verified":null,"rejected":0,"unresolved":0,"ledger":{"reconstructed":1,"skipped":0,"failed":0},"canonical_family":"workouts","native_present_verified":1,"completeness_basis":"source_signed_enumeration","relationship_closure":"not_applicable","reasons":[],"qualifiers":[]}]},"queries":9,"pid":4315}

    [0m [90m 181 |[39m       }
     [90m 182 |[39m       [90m// Query shapes, outcomes, fixture identifiers and process IDs only; never parameters.[39m
    [31m[1m>[22m[39m[90m 183 |[39m       console[33m.[39mwarn(
     [90m     |[39m               [31m[1m^[22m[39m
     [90m 184 |[39m         [32m'PG17_PROCESS'[39m[33m,[39m
     [90m 185 |[39m         [33mJSON[39m[33m.[39mstringify({
     [90m 186 |[39m           name[33m,[39m[0m

      at settleWorker (test/utils/g2-s11-pg-harness.ts:183:15)
      at ChildProcess.<anonymous> (test/utils/g2-s11-pg-harness.ts:202:7)

  console.warn
    PG17_PROCESS {"name":"g2g_13","options":{"action":"status","coach":"s11a2-coach-a","intent":"1198a373-62c8-471a-9ba0-30888e1483df","host":"P2","role":"phone"},"result":{"intent_id":"1198a373-62c8-471a-9ba0-30888e1483df","status":"complete","entity_counts":[{"entity_type":"t11-blocks","committed":1},{"entity_type":"t11-routines","committed":1},{"entity_type":"u10-routines","committed":1},{"entity_type":"u10-sessions","committed":1}],"started_at":"2026-09-27T21:23:34.279Z","completed_at":"2026-09-27T21:23:50.288Z","mode":"server","phase":"reconciling","accepted_start_at":"2026-09-27T21:23:27.911Z","deadline_at":"2026-09-27T21:28:27.911Z","last_observed_at":"2026-09-27T21:23:50.281Z","execution_epoch":1,"reason_code":null,"claimed_status":"success","families":[{"family":"t11-blocks","observed_unique":1,"staged_unique":1,"created_native":null,"already_present_verified":null,"rejected":0,"unresolved":0,"ledger":{"reconstructed":1,"skipped":0,"failed":0},"canonical_family":"programs","native_present_verified":1,"completeness_basis":"source_signed_enumeration","relationship_closure":"not_applicable","reasons":[],"qualifiers":[]},{"family":"t11-routines","observed_unique":null,"staged_unique":1,"created_native":null,"already_present_verified":null,"rejected":0,"unresolved":0,"ledger":{"reconstructed":1,"skipped":0,"failed":0},"canonical_family":"workouts","native_present_verified":1,"completeness_basis":"source_signed_enumeration","relationship_closure":"not_applicable","reasons":[],"qualifiers":[]},{"family":"u10-routines","observed_unique":null,"staged_unique":1,"created_native":null,"already_present_verified":null,"rejected":0,"unresolved":0,"ledger":{"reconstructed":1,"skipped":0,"failed":0},"canonical_family":"workouts","native_present_verified":1,"completeness_basis":"source_signed_enumeration","relationship_closure":"not_applicable","reasons":[],"qualifiers":[]},{"family":"u10-sessions","observed_unique":null,"staged_unique":1,"created_native":null,"already_present_verified":null,"rejected":0,"unresolved":0,"ledger":{"reconstructed":1,"skipped":0,"failed":0},"canonical_family":"workouts","native_present_verified":1,"completeness_basis":"source_signed_enumeration","relationship_closure":"not_applicable","reasons":[],"qualifiers":[]}]},"queries":9,"pid":4335}

    [0m [90m 181 |[39m       }
     [90m 182 |[39m       [90m// Query shapes, outcomes, fixture identifiers and process IDs only; never parameters.[39m
    [31m[1m>[22m[39m[90m 183 |[39m       console[33m.[39mwarn(
     [90m     |[39m               [31m[1m^[22m[39m
     [90m 184 |[39m         [32m'PG17_PROCESS'[39m[33m,[39m
     [90m 185 |[39m         [33mJSON[39m[33m.[39mstringify({
     [90m 186 |[39m           name[33m,[39m[0m

      at settleWorker (test/utils/g2-s11-pg-harness.ts:183:15)
      at ChildProcess.<anonymous> (test/utils/g2-s11-pg-harness.ts:202:7)

  console.warn
    PG17_PROCESS {"name":"g2g_14","options":{"action":"start","coach":"s11a2-coach-a","intent":"d742bf4e-07c0-4260-9d7e-7bb40006a0a8","host":"P1","role":"phone"},"result":{"intent_id":"d742bf4e-07c0-4260-9d7e-7bb40006a0a8","mode":"server","phase":"discovering","execution_epoch":1,"accepted_start_at":"2026-09-27T21:23:56.878Z","deadline_at":"2026-09-27T21:28:56.878Z"},"queries":3,"pid":4366}

    [0m [90m 181 |[39m       }
     [90m 182 |[39m       [90m// Query shapes, outcomes, fixture identifiers and process IDs only; never parameters.[39m
    [31m[1m>[22m[39m[90m 183 |[39m       console[33m.[39mwarn(
     [90m     |[39m               [31m[1m^[22m[39m
     [90m 184 |[39m         [32m'PG17_PROCESS'[39m[33m,[39m
     [90m 185 |[39m         [33mJSON[39m[33m.[39mstringify({
     [90m 186 |[39m           name[33m,[39m[0m

      at settleWorker (test/utils/g2-s11-pg-harness.ts:183:15)
      at ChildProcess.<anonymous> (test/utils/g2-s11-pg-harness.ts:202:7)

  console.warn
    PG17_PROCESS {"name":"g2g_15","options":{"action":"declare","coach":"s11a2-coach-a","intent":"d742bf4e-07c0-4260-9d7e-7bb40006a0a8","body":{"platforms":[{"source_platform":"s10_unseen","account_scope_id_digests":["265867792567e5ff6f7402a88f9c707517887390598b1adbee71a69fed4fba13"]}]},"host":"P2","role":"ext"},"result":{"intent_id":"d742bf4e-07c0-4260-9d7e-7bb40006a0a8","challenge_b64":"AlXByBOSaEO4UvyybtobhIHzxsY7+Z4XDMcLhT2x7PE=","declared_at":"2026-09-27T21:23:58.998Z"},"queries":9,"pid":4387}

    [0m [90m 181 |[39m       }
     [90m 182 |[39m       [90m// Query shapes, outcomes, fixture identifiers and process IDs only; never parameters.[39m
    [31m[1m>[22m[39m[90m 183 |[39m       console[33m.[39mwarn(
     [90m     |[39m               [31m[1m^[22m[39m
     [90m 184 |[39m         [32m'PG17_PROCESS'[39m[33m,[39m
     [90m 185 |[39m         [33mJSON[39m[33m.[39mstringify({
     [90m 186 |[39m           name[33m,[39m[0m

      at settleWorker (test/utils/g2-s11-pg-harness.ts:183:15)
      at ChildProcess.<anonymous> (test/utils/g2-s11-pg-harness.ts:202:7)

  console.warn
    PG17_PROCESS {"name":"g2g_16","options":{"action":"ingest","coach":"s11a2-coach-a","intent":"d742bf4e-07c0-4260-9d7e-7bb40006a0a8","body":{"entity_type":"u10-routines","sourcePlatform":"s10_unseen","entities":[{"sourceId":"u10-w-1","payload":{"u10_heading":"Synthetic Routine","u10_modality":"lift"}}]},"host":"P1","role":"ext"},"result":{"received":1,"deduped":0},"queries":8,"pid":4408}

    [0m [90m 181 |[39m       }
     [90m 182 |[39m       [90m// Query shapes, outcomes, fixture identifiers and process IDs only; never parameters.[39m
    [31m[1m>[22m[39m[90m 183 |[39m       console[33m.[39mwarn(
     [90m     |[39m               [31m[1m^[22m[39m
     [90m 184 |[39m         [32m'PG17_PROCESS'[39m[33m,[39m
     [90m 185 |[39m         [33mJSON[39m[33m.[39mstringify({
     [90m 186 |[39m           name[33m,[39m[0m

      at settleWorker (test/utils/g2-s11-pg-harness.ts:183:15)
      at ChildProcess.<anonymous> (test/utils/g2-s11-pg-harness.ts:202:7)

  console.warn
    PG17_PROCESS {"name":"g2g_17","options":{"action":"ingest","coach":"s11a2-coach-a","intent":"d742bf4e-07c0-4260-9d7e-7bb40006a0a8","body":{"entity_type":"u10-sessions","sourcePlatform":"s10_unseen","entities":[{"sourceId":"u10-w-2","payload":{"u10_heading":"Synthetic Session","u10_modality":"run"}}]},"host":"P2","role":"ext"},"result":{"received":1,"deduped":0},"queries":8,"pid":4428}

    [0m [90m 181 |[39m       }
     [90m 182 |[39m       [90m// Query shapes, outcomes, fixture identifiers and process IDs only; never parameters.[39m
    [31m[1m>[22m[39m[90m 183 |[39m       console[33m.[39mwarn(
     [90m     |[39m               [31m[1m^[22m[39m
     [90m 184 |[39m         [32m'PG17_PROCESS'[39m[33m,[39m
     [90m 185 |[39m         [33mJSON[39m[33m.[39mstringify({
     [90m 186 |[39m           name[33m,[39m[0m

      at settleWorker (test/utils/g2-s11-pg-harness.ts:183:15)
      at ChildProcess.<anonymous> (test/utils/g2-s11-pg-harness.ts:202:7)

  console.warn
    PG17_PROCESS {"name":"g2g_18","options":{"action":"ingest","coach":"s11a2-coach-a","intent":"d742bf4e-07c0-4260-9d7e-7bb40006a0a8","body":{"entity_type":"t11-blocks","sourcePlatform":"s11_second","entities":[{"sourceId":"t11-b-1","payload":{"t11_title":"Synthetic Block Two","t11_weeks":6,"t11_days":4}}]},"host":"P2","role":"ext"},"result":{"received":1,"deduped":0},"queries":8,"pid":4449}

    [0m [90m 181 |[39m       }
     [90m 182 |[39m       [90m// Query shapes, outcomes, fixture identifiers and process IDs only; never parameters.[39m
    [31m[1m>[22m[39m[90m 183 |[39m       console[33m.[39mwarn(
     [90m     |[39m               [31m[1m^[22m[39m
     [90m 184 |[39m         [32m'PG17_PROCESS'[39m[33m,[39m
     [90m 185 |[39m         [33mJSON[39m[33m.[39mstringify({
     [90m 186 |[39m           name[33m,[39m[0m

      at settleWorker (test/utils/g2-s11-pg-harness.ts:183:15)
      at ChildProcess.<anonymous> (test/utils/g2-s11-pg-harness.ts:202:7)

  console.warn
    PG17_PROCESS {"name":"g2g_19","options":{"action":"ingest","coach":"s11a2-coach-a","intent":"d742bf4e-07c0-4260-9d7e-7bb40006a0a8","body":{"entity_type":"t11-routines","sourcePlatform":"s11_second","entities":[{"sourceId":"t11-r-1","payload":{"t11_title":"Synthetic Routine Two","t11_kind":"run"}}]},"host":"P1","role":"ext"},"result":{"received":1,"deduped":0},"queries":8,"pid":4469}

    [0m [90m 181 |[39m       }
     [90m 182 |[39m       [90m// Query shapes, outcomes, fixture identifiers and process IDs only; never parameters.[39m
    [31m[1m>[22m[39m[90m 183 |[39m       console[33m.[39mwarn(
     [90m     |[39m               [31m[1m^[22m[39m
     [90m 184 |[39m         [32m'PG17_PROCESS'[39m[33m,[39m
     [90m 185 |[39m         [33mJSON[39m[33m.[39mstringify({
     [90m 186 |[39m           name[33m,[39m[0m

      at settleWorker (test/utils/g2-s11-pg-harness.ts:183:15)
      at ChildProcess.<anonymous> (test/utils/g2-s11-pg-harness.ts:202:7)

  console.warn
    PG17_PROCESS {"name":"g2g_20","options":{"action":"observe","coach":"s11a2-coach-a","intent":"d742bf4e-07c0-4260-9d7e-7bb40006a0a8","body":{"observations":[{"evidence_version":1,"source_platform":"s10_unseen","account_scope_id_digest":"265867792567e5ff6f7402a88f9c707517887390598b1adbee71a69fed4fba13","family":"clients","basis_kind":"source_signed_enumeration","mapping_spec_digest":"fecf009ed9463bf97766ab08a322f42f6fbe0124a90551a604f5b26def4ae3dc","statement_b64":"eyJhY2NvdW50X3Njb3BlX2lkX2RpZ2VzdCI6IjI2NTg2Nzc5MjU2N2U1ZmY2Zjc0MDJhODhmOWM3MDc1MTc4ODczOTA1OThiMWFkYmVlNzFhNjlmZWQ0ZmJhMTMiLCJjaGFsbGVuZ2VfYjY0IjoiQWxYQnlCT1NhRU80VXZ5eWJ0b2JoSUh6eHNZNytaNFhETWNMaFQyeDdQRT0iLCJkYXRlX3dpbmRvdyI6bnVsbCwiZmFtaWx5IjoiY2xpZW50cyIsImlkX3NldF9kaWdlc3QiOiJlM2IwYzQ0Mjk4ZmMxYzE0OWFmYmY0Yzg5OTZmYjkyNDI3YWU0MWU0NjQ5YjkzNGNhNDk1OTkxYjc4NTJiODU1IiwiaXNzdWVkX2F0IjoiMjAyNi0wOS0yN1QyMToyNDowNy41NTBaIiwib2JzZXJ2ZWRfdW5pcXVlIjowLCJzbmFwc2hvdF9yZWZfZGlnZXN0IjoiYzZiZTdjYTQ2OGI0M2ZiMzc5ODMyMzBhZjc4Y2JmMjcxMzBjNTU1ODQwNDk1OWJhZjFjNjczZWU5YjUzMzQ0YiIsInNvdXJjZV9wbGF0Zm9ybSI6InMxMF91bnNlZW4iLCJzdGF0ZW1lbnRfdmVyc2lvbiI6MSwidGVybWluYWwiOiJlbmRfb2ZfbGlzdCJ9","key_id":"s10_unseen.source.d2","signature_b64":"EM2v/2Y6mSncx6H+xo72/yatn4cbANU+DY/iBL77WIAEjgNW9LjUrjiZaWEH3EbRgam/3iRvT8Uv4UEnnp2vCA=="},{"evidence_version":1,"source_platform":"s10_unseen","account_scope_id_digest":"265867792567e5ff6f7402a88f9c707517887390598b1adbee71a69fed4fba13","family":"programs","basis_kind":"source_signed_enumeration","mapping_spec_digest":"fecf009ed9463bf97766ab08a322f42f6fbe0124a90551a604f5b26def4ae3dc","statement_b64":"eyJhY2NvdW50X3Njb3BlX2lkX2RpZ2VzdCI6IjI2NTg2Nzc5MjU2N2U1ZmY2Zjc0MDJhODhmOWM3MDc1MTc4ODczOTA1OThiMWFkYmVlNzFhNjlmZWQ0ZmJhMTMiLCJjaGFsbGVuZ2VfYjY0IjoiQWxYQnlCT1NhRU80VXZ5eWJ0b2JoSUh6eHNZNytaNFhETWNMaFQyeDdQRT0iLCJkYXRlX3dpbmRvdyI6bnVsbCwiZmFtaWx5IjoicHJvZ3JhbXMiLCJpZF9zZXRfZGlnZXN0IjoiZTNiMGM0NDI5OGZjMWMxNDlhZmJmNGM4OTk2ZmI5MjQyN2FlNDFlNDY0OWI5MzRjYTQ5NTk5MWI3ODUyYjg1NSIsImlzc3VlZF9hdCI6IjIwMjYtMDktMjdUMjE6MjQ6MDcuNTUwWiIsIm9ic2VydmVkX3VuaXF1ZSI6MCwic25hcHNob3RfcmVmX2RpZ2VzdCI6ImM2YmU3Y2E0NjhiNDNmYjM3OTgzMjMwYWY3OGNiZjI3MTMwYzU1NTg0MDQ5NTliYWYxYzY3M2VlOWI1MzM0NGIiLCJzb3VyY2VfcGxhdGZvcm0iOiJzMTBfdW5zZWVuIiwic3RhdGVtZW50X3ZlcnNpb24iOjEsInRlcm1pbmFsIjoiZW5kX29mX2xpc3QifQ==","key_id":"s10_unseen.source.d2","signature_b64":"Nig15xl5/If/eXGiVZL2ZOvAimMo8pTlAmOi4oYbZIAVOeqmk6Up9H2tSTpI7Izr1to69dw8OpCfxKxt77SLBQ=="},{"evidence_version":1,"source_platform":"s10_unseen","account_scope_id_digest":"265867792567e5ff6f7402a88f9c707517887390598b1adbee71a69fed4fba13","family":"workouts","basis_kind":"source_signed_enumeration","mapping_spec_digest":"fecf009ed9463bf97766ab08a322f42f6fbe0124a90551a604f5b26def4ae3dc","statement_b64":"eyJhY2NvdW50X3Njb3BlX2lkX2RpZ2VzdCI6IjI2NTg2Nzc5MjU2N2U1ZmY2Zjc0MDJhODhmOWM3MDc1MTc4ODczOTA1OThiMWFkYmVlNzFhNjlmZWQ0ZmJhMTMiLCJjaGFsbGVuZ2VfYjY0IjoiQWxYQnlCT1NhRU80VXZ5eWJ0b2JoSUh6eHNZNytaNFhETWNMaFQyeDdQRT0iLCJkYXRlX3dpbmRvdyI6bnVsbCwiZmFtaWx5Ijoid29ya291dHMiLCJpZF9zZXRfZGlnZXN0IjoiMmRjM2QxNzYxZTFlZTc5MjI0OGEyMjhmNmYzYmY3YjY4YzNiNGRlZjlkZWI0Nzk5Mzc4YTkwNzI1NTZmYWRkOSIsImlzc3VlZF9hdCI6IjIwMjYtMDktMjdUMjE6MjQ6MDcuNTUwWiIsIm9ic2VydmVkX3VuaXF1ZSI6Miwic25hcHNob3RfcmVmX2RpZ2VzdCI6ImM2YmU3Y2E0NjhiNDNmYjM3OTgzMjMwYWY3OGNiZjI3MTMwYzU1NTg0MDQ5NTliYWYxYzY3M2VlOWI1MzM0NGIiLCJzb3VyY2VfcGxhdGZvcm0iOiJzMTBfdW5zZWVuIiwic3RhdGVtZW50X3ZlcnNpb24iOjEsInRlcm1pbmFsIjoiZW5kX29mX2xpc3QifQ==","key_id":"s10_unseen.source.d2","signature_b64":"s+ZqZ27bsaNecM4GsRcMBSWisNokhwO+deeqgJ39YBdXrpjbxa2xjulNbl8kvNFvz5WZP9K79dj2ztxPScZxCQ=="}]},"host":"P1","role":"ext"},"result":{"intent_id":"d742bf4e-07c0-4260-9d7e-7bb40006a0a8","execution_epoch":1,"stored":3,"replayed":0},"queries":11,"pid":4493}

    [0m [90m 181 |[39m       }
     [90m 182 |[39m       [90m// Query shapes, outcomes, fixture identifiers and process IDs only; never parameters.[39m
    [31m[1m>[22m[39m[90m 183 |[39m       console[33m.[39mwarn(
     [90m     |[39m               [31m[1m^[22m[39m
     [90m 184 |[39m         [32m'PG17_PROCESS'[39m[33m,[39m
     [90m 185 |[39m         [33mJSON[39m[33m.[39mstringify({
     [90m 186 |[39m           name[33m,[39m[0m

      at settleWorker (test/utils/g2-s11-pg-harness.ts:183:15)
      at ChildProcess.<anonymous> (test/utils/g2-s11-pg-harness.ts:202:7)

  console.warn
    PG17_PROCESS {"name":"g2g_21","options":{"action":"observe","coach":"s11a2-coach-a","intent":"d742bf4e-07c0-4260-9d7e-7bb40006a0a8","body":{"observations":[{"evidence_version":1,"source_platform":"s11_second","account_scope_id_digest":"b41d70b4bc8498395519478765f5152138a16931722424835c9f7d72eb2658f9","family":"programs","basis_kind":"source_signed_enumeration","mapping_spec_digest":"a330874b8c3c9d4a4b42d52728d6a3b09feada8411459ae0d0139c5c1e0d0c8e","statement_b64":"eyJhY2NvdW50X3Njb3BlX2lkX2RpZ2VzdCI6ImI0MWQ3MGI0YmM4NDk4Mzk1NTE5NDc4NzY1ZjUxNTIxMzhhMTY5MzE3MjI0MjQ4MzVjOWY3ZDcyZWIyNjU4ZjkiLCJjaGFsbGVuZ2VfYjY0IjoiQWxYQnlCT1NhRU80VXZ5eWJ0b2JoSUh6eHNZNytaNFhETWNMaFQyeDdQRT0iLCJkYXRlX3dpbmRvdyI6bnVsbCwiZmFtaWx5IjoicHJvZ3JhbXMiLCJpZF9zZXRfZGlnZXN0IjoiMDk0OWViZmU2ODY4OWFkOWQzZmNmZGIxNjI3MDYyMWE0MWE0YzM0NDQ0NjEwMDUzMmQzOWY4NGZmZDhkYjA1MiIsImlzc3VlZF9hdCI6IjIwMjYtMDktMjdUMjE6MjQ6MDkuNzEzWiIsIm9ic2VydmVkX3VuaXF1ZSI6MSwic25hcHNob3RfcmVmX2RpZ2VzdCI6IjdmNjliMTk2NTRiN2ZlYjZhZTJjYWU3ZDllOTJlNDg4MzY4NDVjMWZjZmE2MGFjOTBlYTJlZDkxMjZhZGUwZjgiLCJzb3VyY2VfcGxhdGZvcm0iOiJzMTFfc2Vjb25kIiwic3RhdGVtZW50X3ZlcnNpb24iOjEsInRlcm1pbmFsIjoiZW5kX29mX2xpc3QifQ==","key_id":"s11_second.source.a2","signature_b64":"Y7au+3frj2wwsQeWZEr1NDMVskPQd7jHxRIsL5coSKWumyGQRDEw3FGY4pnTIP4LlnACSn4f/HJjcau7epRBDA=="},{"evidence_version":1,"source_platform":"s11_second","account_scope_id_digest":"b41d70b4bc8498395519478765f5152138a16931722424835c9f7d72eb2658f9","family":"workouts","basis_kind":"source_signed_enumeration","mapping_spec_digest":"a330874b8c3c9d4a4b42d52728d6a3b09feada8411459ae0d0139c5c1e0d0c8e","statement_b64":"eyJhY2NvdW50X3Njb3BlX2lkX2RpZ2VzdCI6ImI0MWQ3MGI0YmM4NDk4Mzk1NTE5NDc4NzY1ZjUxNTIxMzhhMTY5MzE3MjI0MjQ4MzVjOWY3ZDcyZWIyNjU4ZjkiLCJjaGFsbGVuZ2VfYjY0IjoiQWxYQnlCT1NhRU80VXZ5eWJ0b2JoSUh6eHNZNytaNFhETWNMaFQyeDdQRT0iLCJkYXRlX3dpbmRvdyI6bnVsbCwiZmFtaWx5Ijoid29ya291dHMiLCJpZF9zZXRfZGlnZXN0IjoiNTk0NmEzZDE4Njg2NDFhMjc1N2ViYTYzMmU0OWM5OWYyN2Q0NTQwYjM1NjBiMjIzNmNlNGZjY2ZhYzRkMGU4MSIsImlzc3VlZF9hdCI6IjIwMjYtMDktMjdUMjE6MjQ6MDkuNzEzWiIsIm9ic2VydmVkX3VuaXF1ZSI6MSwic25hcHNob3RfcmVmX2RpZ2VzdCI6IjdmNjliMTk2NTRiN2ZlYjZhZTJjYWU3ZDllOTJlNDg4MzY4NDVjMWZjZmE2MGFjOTBlYTJlZDkxMjZhZGUwZjgiLCJzb3VyY2VfcGxhdGZvcm0iOiJzMTFfc2Vjb25kIiwic3RhdGVtZW50X3ZlcnNpb24iOjEsInRlcm1pbmFsIjoiZW5kX29mX2xpc3QifQ==","key_id":"s11_second.source.a2","signature_b64":"nHuoTORUKk2ZYCWBdx6RAH5vHGK3DU0GkHd0J8gpFaKQaovaQB4XHdmXWJl6cj4509QjGjiWFzlSO1cHA2ysBg=="}]},"host":"P2","role":"ext"},"failure":{"status":409,"message":"The observation names a platform, scope or family the run did not declare.","response":{"code":"observation_not_declared","message":"The observation names a platform, scope or family the run did not declare."}},"queries":8,"pid":4514}

    [0m [90m 181 |[39m       }
     [90m 182 |[39m       [90m// Query shapes, outcomes, fixture identifiers and process IDs only; never parameters.[39m
    [31m[1m>[22m[39m[90m 183 |[39m       console[33m.[39mwarn(
     [90m     |[39m               [31m[1m^[22m[39m
     [90m 184 |[39m         [32m'PG17_PROCESS'[39m[33m,[39m
     [90m 185 |[39m         [33mJSON[39m[33m.[39mstringify({
     [90m 186 |[39m           name[33m,[39m[0m

      at settleWorker (test/utils/g2-s11-pg-harness.ts:183:15)
      at ChildProcess.<anonymous> (test/utils/g2-s11-pg-harness.ts:202:7)

  console.warn
    PG17_PROCESS {"name":"g2g_22","options":{"action":"complete","coach":"s11a2-coach-a","intent":"d742bf4e-07c0-4260-9d7e-7bb40006a0a8","body":{"terminal_status":"success"},"host":"P1","role":"ext"},"result":{"acknowledged":true,"intent_id":"d742bf4e-07c0-4260-9d7e-7bb40006a0a8"},"queries":86,"pid":4536}

    [0m [90m 181 |[39m       }
     [90m 182 |[39m       [90m// Query shapes, outcomes, fixture identifiers and process IDs only; never parameters.[39m
    [31m[1m>[22m[39m[90m 183 |[39m       console[33m.[39mwarn(
     [90m     |[39m               [31m[1m^[22m[39m
     [90m 184 |[39m         [32m'PG17_PROCESS'[39m[33m,[39m
     [90m 185 |[39m         [33mJSON[39m[33m.[39mstringify({
     [90m 186 |[39m           name[33m,[39m[0m

      at settleWorker (test/utils/g2-s11-pg-harness.ts:183:15)
      at ChildProcess.<anonymous> (test/utils/g2-s11-pg-harness.ts:202:7)

  console.warn
    PG17_PROCESS {"name":"g2g_23","options":{"action":"status","coach":"s11a2-coach-a","intent":"d742bf4e-07c0-4260-9d7e-7bb40006a0a8","host":"P1","role":"phone"},"result":{"intent_id":"d742bf4e-07c0-4260-9d7e-7bb40006a0a8","status":"partial","entity_counts":[{"entity_type":"t11-blocks","committed":1},{"entity_type":"t11-routines","committed":1},{"entity_type":"u10-routines","committed":1},{"entity_type":"u10-sessions","committed":1}],"started_at":"2026-09-27T21:24:01.133Z","completed_at":"2026-09-27T21:24:13.970Z","mode":"server","phase":"reconciling","accepted_start_at":"2026-09-27T21:23:56.878Z","deadline_at":"2026-09-27T21:28:56.878Z","last_observed_at":"2026-09-27T21:24:13.962Z","execution_epoch":1,"reason_code":"coverage_basis_unknown","claimed_status":"success","families":[{"family":"t11-blocks","observed_unique":null,"staged_unique":1,"created_native":null,"already_present_verified":null,"rejected":0,"unresolved":0,"ledger":{"reconstructed":1,"skipped":0,"failed":0},"canonical_family":"programs","native_present_verified":1,"completeness_basis":"none","relationship_closure":"not_applicable","reasons":[],"qualifiers":[]},{"family":"t11-routines","observed_unique":null,"staged_unique":1,"created_native":null,"already_present_verified":null,"rejected":0,"unresolved":0,"ledger":{"reconstructed":1,"skipped":0,"failed":0},"canonical_family":"workouts","native_present_verified":1,"completeness_basis":"none","relationship_closure":"not_applicable","reasons":[],"qualifiers":[]},{"family":"u10-routines","observed_unique":null,"staged_unique":1,"created_native":null,"already_present_verified":null,"rejected":0,"unresolved":0,"ledger":{"reconstructed":1,"skipped":0,"failed":0},"canonical_family":"workouts","native_present_verified":1,"completeness_basis":"none","relationship_closure":"not_applicable","reasons":[],"qualifiers":[]},{"family":"u10-sessions","observed_unique":null,"staged_unique":1,"created_native":null,"already_present_verified":null,"rejected":0,"unresolved":0,"ledger":{"reconstructed":1,"skipped":0,"failed":0},"canonical_family":"workouts","native_present_verified":1,"completeness_basis":"none","relationship_closure":"not_applicable","reasons":[],"qualifiers":[]}]},"queries":9,"pid":4567}

    [0m [90m 181 |[39m       }
     [90m 182 |[39m       [90m// Query shapes, outcomes, fixture identifiers and process IDs only; never parameters.[39m
    [31m[1m>[22m[39m[90m 183 |[39m       console[33m.[39mwarn(
     [90m     |[39m               [31m[1m^[22m[39m
     [90m 184 |[39m         [32m'PG17_PROCESS'[39m[33m,[39m
     [90m 185 |[39m         [33mJSON[39m[33m.[39mstringify({
     [90m 186 |[39m           name[33m,[39m[0m

      at settleWorker (test/utils/g2-s11-pg-harness.ts:183:15)
      at ChildProcess.<anonymous> (test/utils/g2-s11-pg-harness.ts:202:7)

  console.warn
    PG17_PROCESS {"name":"g2g_24","options":{"action":"status","coach":"s11a2-coach-a","intent":"d742bf4e-07c0-4260-9d7e-7bb40006a0a8","host":"P2","role":"phone"},"result":{"intent_id":"d742bf4e-07c0-4260-9d7e-7bb40006a0a8","status":"partial","entity_counts":[{"entity_type":"t11-blocks","committed":1},{"entity_type":"t11-routines","committed":1},{"entity_type":"u10-routines","committed":1},{"entity_type":"u10-sessions","committed":1}],"started_at":"2026-09-27T21:24:01.133Z","completed_at":"2026-09-27T21:24:13.970Z","mode":"server","phase":"reconciling","accepted_start_at":"2026-09-27T21:23:56.878Z","deadline_at":"2026-09-27T21:28:56.878Z","last_observed_at":"2026-09-27T21:24:13.962Z","execution_epoch":1,"reason_code":"coverage_basis_unknown","claimed_status":"success","families":[{"family":"t11-blocks","observed_unique":null,"staged_unique":1,"created_native":null,"already_present_verified":null,"rejected":0,"unresolved":0,"ledger":{"reconstructed":1,"skipped":0,"failed":0},"canonical_family":"programs","native_present_verified":1,"completeness_basis":"none","relationship_closure":"not_applicable","reasons":[],"qualifiers":[]},{"family":"t11-routines","observed_unique":null,"staged_unique":1,"created_native":null,"already_present_verified":null,"rejected":0,"unresolved":0,"ledger":{"reconstructed":1,"skipped":0,"failed":0},"canonical_family":"workouts","native_present_verified":1,"completeness_basis":"none","relationship_closure":"not_applicable","reasons":[],"qualifiers":[]},{"family":"u10-routines","observed_unique":null,"staged_unique":1,"created_native":null,"already_present_verified":null,"rejected":0,"unresolved":0,"ledger":{"reconstructed":1,"skipped":0,"failed":0},"canonical_family":"workouts","native_present_verified":1,"completeness_basis":"none","relationship_closure":"not_applicable","reasons":[],"qualifiers":[]},{"family":"u10-sessions","observed_unique":null,"staged_unique":1,"created_native":null,"already_present_verified":null,"rejected":0,"unresolved":0,"ledger":{"reconstructed":1,"skipped":0,"failed":0},"canonical_family":"workouts","native_present_verified":1,"completeness_basis":"none","relationship_closure":"not_applicable","reasons":[],"qualifiers":[]}]},"queries":9,"pid":4587}

    [0m [90m 181 |[39m       }
     [90m 182 |[39m       [90m// Query shapes, outcomes, fixture identifiers and process IDs only; never parameters.[39m
    [31m[1m>[22m[39m[90m 183 |[39m       console[33m.[39mwarn(
     [90m     |[39m               [31m[1m^[22m[39m
     [90m 184 |[39m         [32m'PG17_PROCESS'[39m[33m,[39m
     [90m 185 |[39m         [33mJSON[39m[33m.[39mstringify({
     [90m 186 |[39m           name[33m,[39m[0m

      at settleWorker (test/utils/g2-s11-pg-harness.ts:183:15)
      at ChildProcess.<anonymous> (test/utils/g2-s11-pg-harness.ts:202:7)

  console.warn
    PG17_PROCESS {"name":"g2g_25","options":{"action":"start","coach":"s11a2-coach-a","intent":"b66b388f-800f-4910-acf4-9781df5d3f22","host":"P2","role":"phone"},"result":{"intent_id":"b66b388f-800f-4910-acf4-9781df5d3f22","mode":"server","phase":"discovering","execution_epoch":1,"accepted_start_at":"2026-09-27T21:24:20.515Z","deadline_at":"2026-09-27T21:29:20.515Z"},"queries":3,"pid":4613}

    [0m [90m 181 |[39m       }
     [90m 182 |[39m       [90m// Query shapes, outcomes, fixture identifiers and process IDs only; never parameters.[39m
    [31m[1m>[22m[39m[90m 183 |[39m       console[33m.[39mwarn(
     [90m     |[39m               [31m[1m^[22m[39m
     [90m 184 |[39m         [32m'PG17_PROCESS'[39m[33m,[39m
     [90m 185 |[39m         [33mJSON[39m[33m.[39mstringify({
     [90m 186 |[39m           name[33m,[39m[0m

      at settleWorker (test/utils/g2-s11-pg-harness.ts:183:15)
      at ChildProcess.<anonymous> (test/utils/g2-s11-pg-harness.ts:202:7)

  console.warn
    PG17_BLOCKED {"name":"g2g_27","rows":[{"type":"Lock","wait":"transactionid"}]}

    [0m [90m 213 |[39m [32m      FROM pg_stat_activity WHERE application_name=${quote(name)} AND wait_event_type='Lock'`[39m)[33m;[39m
     [90m 214 |[39m     [36mif[39m (rows[33m.[39mlength [33m>[39m [35m0[39m) {
    [31m[1m>[22m[39m[90m 215 |[39m       console[33m.[39mwarn([32m'PG17_BLOCKED'[39m[33m,[39m [33mJSON[39m[33m.[39mstringify({ name[33m,[39m rows }))[33m;[39m
     [90m     |[39m               [31m[1m^[22m[39m
     [90m 216 |[39m       [36mreturn[39m[33m;[39m
     [90m 217 |[39m     }
     [90m 218 |[39m     [36mawait[39m [36mnew[39m [33mPromise[39m((r) [33m=>[39m setTimeout(r[33m,[39m [35m25[39m))[33m;[39m[0m

      at Object.blocked (test/utils/g2-s11-pg-harness.ts:215:15)
      at Object.<anonymous> (test/scout/s11/journey-induction.pg.spec.ts:461:5)

  console.warn
    PG17_PROCESS {"name":"g2g_26","options":{"action":"declare","coach":"s11a2-coach-a","intent":"b66b388f-800f-4910-acf4-9781df5d3f22","body":{"platforms":[{"source_platform":"s10_unseen","account_scope_id_digests":["265867792567e5ff6f7402a88f9c707517887390598b1adbee71a69fed4fba13"]},{"source_platform":"s11_second","account_scope_id_digests":["b41d70b4bc8498395519478765f5152138a16931722424835c9f7d72eb2658f9"]}]},"pause":"locked","txTimeout":60000,"host":"P1","role":"ext"},"result":{"intent_id":"b66b388f-800f-4910-acf4-9781df5d3f22","challenge_b64":"AodYuf79TvpuDLdKUeZsqW/nGn7sdP/DBasisa1Z0Ug=","declared_at":"2026-09-27T21:24:24.914Z"},"queries":10,"pid":4638}

    [0m [90m 181 |[39m       }
     [90m 182 |[39m       [90m// Query shapes, outcomes, fixture identifiers and process IDs only; never parameters.[39m
    [31m[1m>[22m[39m[90m 183 |[39m       console[33m.[39mwarn(
     [90m     |[39m               [31m[1m^[22m[39m
     [90m 184 |[39m         [32m'PG17_PROCESS'[39m[33m,[39m
     [90m 185 |[39m         [33mJSON[39m[33m.[39mstringify({
     [90m 186 |[39m           name[33m,[39m[0m

      at settleWorker (test/utils/g2-s11-pg-harness.ts:183:15)
      at ChildProcess.<anonymous> (test/utils/g2-s11-pg-harness.ts:202:7)

  console.warn
    PG17_PROCESS {"name":"g2g_27","options":{"action":"ingest","coach":"s11a2-coach-a","intent":"b66b388f-800f-4910-acf4-9781df5d3f22","body":{"entity_type":"t11-blocks","sourcePlatform":"s11_second","entities":[{"sourceId":"t11-b-1","payload":{"t11_title":"Synthetic Block Two","t11_weeks":6,"t11_days":4}}]},"txTimeout":60000,"host":"P2","role":"ext"},"result":{"received":1,"deduped":0},"queries":8,"pid":4659}

    [0m [90m 181 |[39m       }
     [90m 182 |[39m       [90m// Query shapes, outcomes, fixture identifiers and process IDs only; never parameters.[39m
    [31m[1m>[22m[39m[90m 183 |[39m       console[33m.[39mwarn(
     [90m     |[39m               [31m[1m^[22m[39m
     [90m 184 |[39m         [32m'PG17_PROCESS'[39m[33m,[39m
     [90m 185 |[39m         [33mJSON[39m[33m.[39mstringify({
     [90m 186 |[39m           name[33m,[39m[0m

      at settleWorker (test/utils/g2-s11-pg-harness.ts:183:15)
      at ChildProcess.<anonymous> (test/utils/g2-s11-pg-harness.ts:202:7)

  console.warn
    PG17_PROCESS {"name":"g2g_28","options":{"action":"declare","coach":"s11a2-coach-a","intent":"b66b388f-800f-4910-acf4-9781df5d3f22","body":{"platforms":[{"source_platform":"s10_unseen","account_scope_id_digests":["265867792567e5ff6f7402a88f9c707517887390598b1adbee71a69fed4fba13"]},{"source_platform":"s11_second","account_scope_id_digests":["b41d70b4bc8498395519478765f5152138a16931722424835c9f7d72eb2658f9"]}]},"host":"P2","role":"ext"},"result":{"intent_id":"b66b388f-800f-4910-acf4-9781df5d3f22","challenge_b64":"AodYuf79TvpuDLdKUeZsqW/nGn7sdP/DBasisa1Z0Ug=","declared_at":"2026-09-27T21:24:24.914Z"},"queries":6,"pid":4769}

    [0m [90m 181 |[39m       }
     [90m 182 |[39m       [90m// Query shapes, outcomes, fixture identifiers and process IDs only; never parameters.[39m
    [31m[1m>[22m[39m[90m 183 |[39m       console[33m.[39mwarn(
     [90m     |[39m               [31m[1m^[22m[39m
     [90m 184 |[39m         [32m'PG17_PROCESS'[39m[33m,[39m
     [90m 185 |[39m         [33mJSON[39m[33m.[39mstringify({
     [90m 186 |[39m           name[33m,[39m[0m

      at settleWorker (test/utils/g2-s11-pg-harness.ts:183:15)
      at ChildProcess.<anonymous> (test/utils/g2-s11-pg-harness.ts:202:7)

  console.warn
    PG17_PROCESS {"name":"g2g_29","options":{"action":"declare","coach":"s11a2-coach-a","intent":"b66b388f-800f-4910-acf4-9781df5d3f22","body":{"platforms":[{"source_platform":"s10_unseen","account_scope_id_digests":["265867792567e5ff6f7402a88f9c707517887390598b1adbee71a69fed4fba13"]}]},"host":"P2","role":"ext"},"failure":{"status":409,"message":"The run already holds a different declaration; it is immutable.","response":{"code":"declaration_conflict","message":"The run already holds a different declaration; it is immutable."}},"queries":6,"pid":4788}

    [0m [90m 181 |[39m       }
     [90m 182 |[39m       [90m// Query shapes, outcomes, fixture identifiers and process IDs only; never parameters.[39m
    [31m[1m>[22m[39m[90m 183 |[39m       console[33m.[39mwarn(
     [90m     |[39m               [31m[1m^[22m[39m
     [90m 184 |[39m         [32m'PG17_PROCESS'[39m[33m,[39m
     [90m 185 |[39m         [33mJSON[39m[33m.[39mstringify({
     [90m 186 |[39m           name[33m,[39m[0m

      at settleWorker (test/utils/g2-s11-pg-harness.ts:183:15)
      at ChildProcess.<anonymous> (test/utils/g2-s11-pg-harness.ts:202:7)

  console.warn
    PG17_PROCESS {"name":"g2g_30","options":{"action":"start","coach":"s11a2-coach-a","intent":"4950fbc0-ffb4-4240-b23b-2a64b37a887f","host":"P1","role":"phone"},"result":{"intent_id":"4950fbc0-ffb4-4240-b23b-2a64b37a887f","mode":"server","phase":"discovering","execution_epoch":1,"accepted_start_at":"2026-09-27T21:24:31.315Z","deadline_at":"2026-09-27T21:29:31.315Z"},"queries":3,"pid":4815}

    [0m [90m 181 |[39m       }
     [90m 182 |[39m       [90m// Query shapes, outcomes, fixture identifiers and process IDs only; never parameters.[39m
    [31m[1m>[22m[39m[90m 183 |[39m       console[33m.[39mwarn(
     [90m     |[39m               [31m[1m^[22m[39m
     [90m 184 |[39m         [32m'PG17_PROCESS'[39m[33m,[39m
     [90m 185 |[39m         [33mJSON[39m[33m.[39mstringify({
     [90m 186 |[39m           name[33m,[39m[0m

      at settleWorker (test/utils/g2-s11-pg-harness.ts:183:15)
      at ChildProcess.<anonymous> (test/utils/g2-s11-pg-harness.ts:202:7)

  console.warn
    PG17_BLOCKED {"name":"g2g_32","rows":[{"type":"Lock","wait":"transactionid"}]}

    [0m [90m 213 |[39m [32m      FROM pg_stat_activity WHERE application_name=${quote(name)} AND wait_event_type='Lock'`[39m)[33m;[39m
     [90m 214 |[39m     [36mif[39m (rows[33m.[39mlength [33m>[39m [35m0[39m) {
    [31m[1m>[22m[39m[90m 215 |[39m       console[33m.[39mwarn([32m'PG17_BLOCKED'[39m[33m,[39m [33mJSON[39m[33m.[39mstringify({ name[33m,[39m rows }))[33m;[39m
     [90m     |[39m               [31m[1m^[22m[39m
     [90m 216 |[39m       [36mreturn[39m[33m;[39m
     [90m 217 |[39m     }
     [90m 218 |[39m     [36mawait[39m [36mnew[39m [33mPromise[39m((r) [33m=>[39m setTimeout(r[33m,[39m [35m25[39m))[33m;[39m[0m

      at Object.blocked (test/utils/g2-s11-pg-harness.ts:215:15)
      at Object.<anonymous> (test/scout/s11/journey-induction.pg.spec.ts:502:5)

  console.warn
    PG17_PROCESS {"name":"g2g_31","options":{"action":"ingest","coach":"s11a2-coach-a","intent":"4950fbc0-ffb4-4240-b23b-2a64b37a887f","body":{"entity_type":"t11-blocks","sourcePlatform":"s11_second","entities":[{"sourceId":"t11-b-1","payload":{"t11_title":"Synthetic Block Two","t11_weeks":6,"t11_days":4}}]},"pause":"gated","txTimeout":60000,"host":"P2","role":"ext"},"result":{"received":1,"deduped":0},"queries":8,"pid":4836}

    [0m [90m 181 |[39m       }
     [90m 182 |[39m       [90m// Query shapes, outcomes, fixture identifiers and process IDs only; never parameters.[39m
    [31m[1m>[22m[39m[90m 183 |[39m       console[33m.[39mwarn(
     [90m     |[39m               [31m[1m^[22m[39m
     [90m 184 |[39m         [32m'PG17_PROCESS'[39m[33m,[39m
     [90m 185 |[39m         [33mJSON[39m[33m.[39mstringify({
     [90m 186 |[39m           name[33m,[39m[0m

      at settleWorker (test/utils/g2-s11-pg-harness.ts:183:15)
      at ChildProcess.<anonymous> (test/utils/g2-s11-pg-harness.ts:202:7)

  console.warn
    PG17_PROCESS {"name":"g2g_32","options":{"action":"declare","coach":"s11a2-coach-a","intent":"4950fbc0-ffb4-4240-b23b-2a64b37a887f","body":{"platforms":[{"source_platform":"s10_unseen","account_scope_id_digests":["265867792567e5ff6f7402a88f9c707517887390598b1adbee71a69fed4fba13"]},{"source_platform":"s11_second","account_scope_id_digests":["b41d70b4bc8498395519478765f5152138a16931722424835c9f7d72eb2658f9"]}]},"txTimeout":60000,"host":"P1","role":"ext"},"failure":{"status":409,"message":"The run has already staged rows or a claim; it can no longer be declared.","response":{"code":"declaration_after_ingest","message":"The run has already staged rows or a claim; it can no longer be declared."}},"queries":8,"pid":4859}

    [0m [90m 181 |[39m       }
     [90m 182 |[39m       [90m// Query shapes, outcomes, fixture identifiers and process IDs only; never parameters.[39m
    [31m[1m>[22m[39m[90m 183 |[39m       console[33m.[39mwarn(
     [90m     |[39m               [31m[1m^[22m[39m
     [90m 184 |[39m         [32m'PG17_PROCESS'[39m[33m,[39m
     [90m 185 |[39m         [33mJSON[39m[33m.[39mstringify({
     [90m 186 |[39m           name[33m,[39m[0m

      at settleWorker (test/utils/g2-s11-pg-harness.ts:183:15)
      at ChildProcess.<anonymous> (test/utils/g2-s11-pg-harness.ts:202:7)

  console.warn
    PG17_PROCESS {"name":"g2g_33","options":{"action":"declare","coach":"s11a2-coach-a","intent":"4950fbc0-ffb4-4240-b23b-2a64b37a887f","body":{"platforms":[{"source_platform":"s10_unseen","account_scope_id_digests":["265867792567e5ff6f7402a88f9c707517887390598b1adbee71a69fed4fba13"]},{"source_platform":"s11_second","account_scope_id_digests":["b41d70b4bc8498395519478765f5152138a16931722424835c9f7d72eb2658f9"]}]},"host":"P2","role":"ext"},"failure":{"status":409,"message":"The run has already staged rows or a claim; it can no longer be declared.","response":{"code":"declaration_after_ingest","message":"The run has already staged rows or a claim; it can no longer be declared."}},"queries":8,"pid":4966}

    [0m [90m 181 |[39m       }
     [90m 182 |[39m       [90m// Query shapes, outcomes, fixture identifiers and process IDs only; never parameters.[39m
    [31m[1m>[22m[39m[90m 183 |[39m       console[33m.[39mwarn(
     [90m     |[39m               [31m[1m^[22m[39m
     [90m 184 |[39m         [32m'PG17_PROCESS'[39m[33m,[39m
     [90m 185 |[39m         [33mJSON[39m[33m.[39mstringify({
     [90m 186 |[39m           name[33m,[39m[0m

      at settleWorker (test/utils/g2-s11-pg-harness.ts:183:15)
      at ChildProcess.<anonymous> (test/utils/g2-s11-pg-harness.ts:202:7)

  console.warn
    PG17_PROCESS {"name":"g2g_34","options":{"action":"observe","coach":"s11a2-coach-a","intent":"4950fbc0-ffb4-4240-b23b-2a64b37a887f","body":{"observations":[{"evidence_version":1,"source_platform":"s11_second","account_scope_id_digest":"b41d70b4bc8498395519478765f5152138a16931722424835c9f7d72eb2658f9","family":"programs","basis_kind":"source_signed_enumeration","mapping_spec_digest":"a330874b8c3c9d4a4b42d52728d6a3b09feada8411459ae0d0139c5c1e0d0c8e","statement_b64":"eyJhY2NvdW50X3Njb3BlX2lkX2RpZ2VzdCI6ImI0MWQ3MGI0YmM4NDk4Mzk1NTE5NDc4NzY1ZjUxNTIxMzhhMTY5MzE3MjI0MjQ4MzVjOWY3ZDcyZWIyNjU4ZjkiLCJjaGFsbGVuZ2VfYjY0IjoiQndjSEJ3Y0hCd2NIQndjSEJ3Y0hCd2NIQndjSEJ3Y0hCd2NIQndjSEJ3Yz0iLCJkYXRlX3dpbmRvdyI6bnVsbCwiZmFtaWx5IjoicHJvZ3JhbXMiLCJpZF9zZXRfZGlnZXN0IjoiMDk0OWViZmU2ODY4OWFkOWQzZmNmZGIxNjI3MDYyMWE0MWE0YzM0NDQ0NjEwMDUzMmQzOWY4NGZmZDhkYjA1MiIsImlzc3VlZF9hdCI6IjIwMjYtMDktMjdUMjE6MjQ6MzcuOTIwWiIsIm9ic2VydmVkX3VuaXF1ZSI6MSwic25hcHNob3RfcmVmX2RpZ2VzdCI6IjdmNjliMTk2NTRiN2ZlYjZhZTJjYWU3ZDllOTJlNDg4MzY4NDVjMWZjZmE2MGFjOTBlYTJlZDkxMjZhZGUwZjgiLCJzb3VyY2VfcGxhdGZvcm0iOiJzMTFfc2Vjb25kIiwic3RhdGVtZW50X3ZlcnNpb24iOjEsInRlcm1pbmFsIjoiZW5kX29mX2xpc3QifQ==","key_id":"s11_second.source.a2","signature_b64":"nEyucKxbeQQAeyjs34S1ZdQN6JWdsvBnt8+lgqNegw8KmYSPNCvHQa13Jm4XI6k4IxKd+hS5G0atymegNfHxDw=="},{"evidence_version":1,"source_platform":"s11_second","account_scope_id_digest":"b41d70b4bc8498395519478765f5152138a16931722424835c9f7d72eb2658f9","family":"workouts","basis_kind":"source_signed_enumeration","mapping_spec_digest":"a330874b8c3c9d4a4b42d52728d6a3b09feada8411459ae0d0139c5c1e0d0c8e","statement_b64":"eyJhY2NvdW50X3Njb3BlX2lkX2RpZ2VzdCI6ImI0MWQ3MGI0YmM4NDk4Mzk1NTE5NDc4NzY1ZjUxNTIxMzhhMTY5MzE3MjI0MjQ4MzVjOWY3ZDcyZWIyNjU4ZjkiLCJjaGFsbGVuZ2VfYjY0IjoiQndjSEJ3Y0hCd2NIQndjSEJ3Y0hCd2NIQndjSEJ3Y0hCd2NIQndjSEJ3Yz0iLCJkYXRlX3dpbmRvdyI6bnVsbCwiZmFtaWx5Ijoid29ya291dHMiLCJpZF9zZXRfZGlnZXN0IjoiNTk0NmEzZDE4Njg2NDFhMjc1N2ViYTYzMmU0OWM5OWYyN2Q0NTQwYjM1NjBiMjIzNmNlNGZjY2ZhYzRkMGU4MSIsImlzc3VlZF9hdCI6IjIwMjYtMDktMjdUMjE6MjQ6MzcuOTIwWiIsIm9ic2VydmVkX3VuaXF1ZSI6MSwic25hcHNob3RfcmVmX2RpZ2VzdCI6IjdmNjliMTk2NTRiN2ZlYjZhZTJjYWU3ZDllOTJlNDg4MzY4NDVjMWZjZmE2MGFjOTBlYTJlZDkxMjZhZGUwZjgiLCJzb3VyY2VfcGxhdGZvcm0iOiJzMTFfc2Vjb25kIiwic3RhdGVtZW50X3ZlcnNpb24iOjEsInRlcm1pbmFsIjoiZW5kX29mX2xpc3QifQ==","key_id":"s11_second.source.a2","signature_b64":"NvX2vSJB26AY/ogXkS8e9QYTKB6YkE1r5XV10IC+6Lw0/+PUMNzGxc0KvbWrSCQph4HKzDUEjOxiJW9D4wxLBw=="}]},"host":"P1","role":"ext"},"failure":{"status":409,"message":"The run has no declaration; declare its platforms and scopes first.","response":{"code":"declaration_missing","message":"The run has no declaration; declare its platforms and scopes first."}},"queries":7,"pid":4989}

    [0m [90m 181 |[39m       }
     [90m 182 |[39m       [90m// Query shapes, outcomes, fixture identifiers and process IDs only; never parameters.[39m
    [31m[1m>[22m[39m[90m 183 |[39m       console[33m.[39mwarn(
     [90m     |[39m               [31m[1m^[22m[39m
     [90m 184 |[39m         [32m'PG17_PROCESS'[39m[33m,[39m
     [90m 185 |[39m         [33mJSON[39m[33m.[39mstringify({
     [90m 186 |[39m           name[33m,[39m[0m

      at settleWorker (test/utils/g2-s11-pg-harness.ts:183:15)
      at ChildProcess.<anonymous> (test/utils/g2-s11-pg-harness.ts:202:7)

PASS test/scout/s11/journey-induction.pg.spec.ts (83.34 s)
  S11-A2 induction — two sources, two hosts over one disposable PG (J09-J11)
    ✓ J09 declares, transfers and observes two platforms across two hosts and settles `complete` (28943 ms)
    ✓ J10 settles `partial` / `coverage_basis_unknown` with null counts for the undeclared platform (23655 ms)
    ✓ J11(a) declaration on P1 holds the run row first → declared, then the batch on P2 lands (10796 ms)
    ✓ J11(b) the batch on P2 holds the run row first → the batch lands, the declaration on P1 is refused (10867 ms)

Test Suites: 1 passed, 1 total
Tests:       4 passed, 4 total
Snapshots:   0 total
Time:        83.578 s
Ran all test suites within paths "test/scout/s11/journey-induction.pg.spec.ts".
