npm warn deprecated glob@7.2.3: Old versions of glob are not supported, and contain widely publicized security vulnerabilities, which have been fixed in the current version. Please update. Support for old versions may be purchased (at exorbitant rates) by contacting i@izs.me
npm warn deprecated inflight@1.0.6: This module is not supported, and leaks memory. Do not use it. Check out lru-cache if you want a good and tested way to coalesce async requests by a key value, which is much more comprehensive and powerful.
npm warn deprecated jpeg-exif@1.1.4: Package no longer supported. Contact Support at https://www.npmjs.com/support for more info.
npm warn deprecated glob@10.5.0: Old versions of glob are not supported, and contain widely publicized security vulnerabilities, which have been fixed in the current version. Please update. Support for old versions may be purchased (at exorbitant rates) by contacting i@izs.me
npm warn deprecated glob@10.5.0: Old versions of glob are not supported, and contain widely publicized security vulnerabilities, which have been fixed in the current version. Please update. Support for old versions may be purchased (at exorbitant rates) by contacting i@izs.me
npm warn deprecated glob@10.5.0: Old versions of glob are not supported, and contain widely publicized security vulnerabilities, which have been fixed in the current version. Please update. Support for old versions may be purchased (at exorbitant rates) by contacting i@izs.me

> prisma@6.19.3 preinstall
> node scripts/preinstall-entry.js


> @prisma/client@6.19.3 postinstall
> node scripts/postinstall.js

Prisma schema loaded from prisma/schema.prisma

✔ Generated Prisma Client (v6.19.3) to ./node_modules/@prisma/client in 2.43s

Start by importing your Prisma Client (See: https://pris.ly/d/importing-client)

Tip: Want to turn off tips and other hints? https://pris.ly/tip-4-nohints


> @prisma/engines@6.19.3 postinstall
> node scripts/postinstall.js


> @scarf/scarf@1.4.0 postinstall
> node ./report.js


    The dependency 'swagger-ui-dist' is tracking installation
    statistics using scarf-js (https://scarf.sh), which helps open-source developers
    fund and maintain their projects. Scarf securely logs basic installation
    details when this package is installed. The Scarf npm library is open source
    and permissively licensed at https://github.com/scarf-sh/scarf-js. For more
    details about your project's dependencies, try running 'npm ls'. To opt out of
    analytics, set the environment variable 'SCARF_ANALYTICS=false'.
  

> core-js@3.49.0 postinstall
> node -e "try{require('./postinstall')}catch(e){}"

Thank you for using core-js ( https://github.com/zloirock/core-js ) for polyfilling JavaScript standard library!

The project needs your help! Please consider supporting core-js:
> https://opencollective.com/core-js 
> https://patreon.com/zloirock 
> https://boosty.to/zloirock 
> bitcoin: bc1qlea7544qtsmj2rayg0lthvza9fau63ux0fstcz 

I highly recommend reading this: https://github.com/zloirock/core-js/blob/master/docs/2023-02-14-so-whats-next.md 


> lefthook@2.1.9 postinstall
> node postinstall.js

sync hooks: ✔️(commit-msg, pre-commit)

> unrs-resolver@1.11.1 postinstall
> napi-postinstall unrs-resolver 1.11.1 check


> growth-project-backend@1.0.0 postinstall
> prisma generate

Prisma schema loaded from prisma/schema.prisma

✔ Generated Prisma Client (v6.19.3) to ./node_modules/@prisma/client in 2.28s

Start by importing your Prisma Client (See: https://pris.ly/d/importing-client)

Tip: Want to turn off tips and other hints? https://pris.ly/tip-4-nohints


> growth-project-backend@1.0.0 prepare
> lefthook install

sync hooks: ✔️(commit-msg, pre-commit)

added 1117 packages in 7m
