[96msrc/scout/induction/observation.service.ts[0m:[93m139[0m:[93m33[0m - [91merror[0m[90m TS2339: [0mProperty 'scoutRunDeclaration' does not exist on type 'TransactionClient'.

[7m139[0m       const existing = await tx.scoutRunDeclaration.findMany({
[7m   [0m [91m                                ~~~~~~~~~~~~~~~~~~~[0m
[96msrc/scout/induction/observation.service.ts[0m:[93m150[0m:[93m17[0m - [91merror[0m[90m TS7006: [0mParameter 'r' implicitly has an 'any' type.

[7m150[0m           .map((r) => JSON.stringify([r.source_platform, r.account_scope_id_digest]))
[7m   [0m [91m                ~[0m
[96msrc/scout/induction/observation.service.ts[0m:[93m151[0m:[93m18[0m - [91merror[0m[90m TS7006: [0mParameter 'a' implicitly has an 'any' type.

[7m151[0m           .sort((a, b) => (a < b ? -1 : a > b ? 1 : 0));
[7m   [0m [91m                 ~[0m
[96msrc/scout/induction/observation.service.ts[0m:[93m151[0m:[93m21[0m - [91merror[0m[90m TS7006: [0mParameter 'b' implicitly has an 'any' type.

[7m151[0m           .sort((a, b) => (a < b ? -1 : a > b ? 1 : 0));
[7m   [0m [91m                    ~[0m
[96msrc/scout/induction/observation.service.ts[0m:[93m152[0m:[93m67[0m - [91merror[0m[90m TS7006: [0mParameter 'k' implicitly has an 'any' type.

[7m152[0m         const same = held.length === wanted.length && held.every((k, i) => k === wanted[i]);
[7m   [0m [91m                                                                  ~[0m
[96msrc/scout/induction/observation.service.ts[0m:[93m152[0m:[93m70[0m - [91merror[0m[90m TS7006: [0mParameter 'i' implicitly has an 'any' type.

[7m152[0m         const same = held.length === wanted.length && held.every((k, i) => k === wanted[i]);
[7m   [0m [91m                                                                     ~[0m
[96msrc/scout/induction/observation.service.ts[0m:[93m195[0m:[93m18[0m - [91merror[0m[90m TS2339: [0mProperty 'scoutRunDeclaration' does not exist on type 'TransactionClient'.

[7m195[0m         await tx.scoutRunDeclaration.create({
[7m   [0m [91m                 ~~~~~~~~~~~~~~~~~~~[0m
[96msrc/scout/induction/observation.service.ts[0m:[93m233[0m:[93m33[0m - [91merror[0m[90m TS2339: [0mProperty 'scoutRunDeclaration' does not exist on type 'TransactionClient'.

[7m233[0m       const declared = await tx.scoutRunDeclaration.findMany({
[7m   [0m [91m                                ~~~~~~~~~~~~~~~~~~~[0m
[96msrc/scout/induction/observation.service.ts[0m:[93m244[0m:[93m23[0m - [91merror[0m[90m TS7006: [0mParameter 'd' implicitly has an 'any' type.

[7m244[0m         declared.map((d) => JSON.stringify([d.source_platform, d.account_scope_id_digest])),
[7m   [0m [91m                      ~[0m
[96msrc/scout/induction/observation.service.ts[0m:[93m247[0m:[93m31[0m - [91merror[0m[90m TS2339: [0mProperty 'scoutRunObservation' does not exist on type 'TransactionClient'.

[7m247[0m       const stored = await tx.scoutRunObservation.findMany({
[7m   [0m [91m                              ~~~~~~~~~~~~~~~~~~~[0m
[96msrc/scout/induction/observation.service.ts[0m:[93m257[0m:[93m21[0m - [91merror[0m[90m TS7006: [0mParameter 's' implicitly has an 'any' type.

[7m257[0m         stored.map((s) => [
[7m   [0m [91m                    ~[0m
[96msrc/scout/induction/observation.service.ts[0m:[93m287[0m:[93m18[0m - [91merror[0m[90m TS2339: [0mProperty 'scoutRunObservation' does not exist on type 'TransactionClient'.

[7m287[0m         await tx.scoutRunObservation.create({
[7m   [0m [91m                 ~~~~~~~~~~~~~~~~~~~[0m

Found 12 error(s).

