[release] ────────────────────────────────────────────────────────────
[release] starting release_command
[release]   machine_id   = local-1790035752
[release]   git_sha      = 9742037b153221de565e651ad8ba3b721bc0fb31
[release]   release_ver  = s1s2-composition-C5r
[release]   node_version = v20.20.1
[release]   prisma_cli   = Prisma schema loaded from prisma/schema.prisma
[release] ────────────────────────────────────────────────────────────
[release] step 0: verifier contract preflight (no database contact)...
[release]   verifiers_discovered = 1
[release]   required verifier present: prisma/migrations/20261224000000_rls_close_public_exposure/verify.sql
[release]   verifiers_required = 1 (all present)
[release] step 1: checking migration status...
Prisma schema loaded from prisma/schema.prisma
Datasource "db": PostgreSQL database "s1_rls_s2comp", schema "public" at "127.0.0.1:54321"

165 migrations found in prisma/migrations

Database schema is up to date!
[release]   pending_migrations_detected = 0
0
[release] step 2: applying pending migrations (prisma migrate deploy)...
Prisma schema loaded from prisma/schema.prisma
Datasource "db": PostgreSQL database "s1_rls_s2comp", schema "public" at "127.0.0.1:54321"

165 migrations found in prisma/migrations


No pending migrations to apply.
[release] step 3: verifying database is up-to-date...
Prisma schema loaded from prisma/schema.prisma
Datasource "db": PostgreSQL database "s1_rls_s2comp", schema "public" at "127.0.0.1:54321"

165 migrations found in prisma/migrations

Database schema is up to date!
[release] step 4: running catalog verifiers (prisma/migrations/*/verify.sql)...
[release]   verifier: prisma/migrations/20261224000000_rls_close_public_exposure/verify.sql
[release]   verifiers_passed = 1 (discovered=1, required=1)
[release] WARNING: prisma db execute failed querying _prisma_migrations:
[release]   Error: Either --url or --schema must be provided.
[release]   See `prisma db execute -h`
[release] ────────────────────────────────────────────────────────────
[release] ✔ release_command completed successfully
[release]   ALL_APPLIED=unknown
[release]   pending_before=0
0
[release]   verifiers_passed=1 verifiers_required=1
[release]   release_id=local-1790035752
[release] ────────────────────────────────────────────────────────────
