2026-09-27 21:23:20.445 UTC [3865] LOG:  starting PostgreSQL 17.6 on x86_64-pc-linux-gnu, compiled by gcc (Ubuntu 7.5.0-3ubuntu1~18.04) 7.5.0, 64-bit
2026-09-27 21:23:20.445 UTC [3865] LOG:  listening on IPv4 address "127.0.0.1", port 55650
2026-09-27 21:23:20.445 UTC [3865] LOG:  listening on Unix socket "/home/runner/work/_temp/lane-s11-ALL-3697/s/.s.PGSQL.55650"
2026-09-27 21:23:20.447 UTC [3868] LOG:  database system was shut down at 2026-09-27 21:23:20 UTC
2026-09-27 21:23:20.449 UTC [3865] LOG:  database system is ready to accept connections
2026-09-27 21:24:00.638 UTC [4418] ERROR:  permission denied for table ScoutRunDeclaration
2026-09-27 21:24:00.638 UTC [4418] STATEMENT:  SELECT count(*) FROM "ScoutRunDeclaration"
2026-09-27 21:24:00.660 UTC [4420] ERROR:  permission denied for table ScoutRunObservation
2026-09-27 21:24:00.660 UTC [4420] STATEMENT:  SELECT count(*) FROM "ScoutRunObservation"
2026-09-27 21:24:00.681 UTC [4422] ERROR:  permission denied for table ScoutRunSettledBasis
2026-09-27 21:24:00.681 UTC [4422] STATEMENT:  SELECT count(*) FROM "ScoutRunSettledBasis"
2026-09-27 21:24:00.789 UTC [4432] ERROR:  permission denied for table ScoutRunDeclaration
2026-09-27 21:24:00.789 UTC [4432] STATEMENT:  SELECT count(*) FROM "ScoutRunDeclaration"
2026-09-27 21:24:00.811 UTC [4434] ERROR:  permission denied for table ScoutRunObservation
2026-09-27 21:24:00.811 UTC [4434] STATEMENT:  SELECT count(*) FROM "ScoutRunObservation"
2026-09-27 21:24:00.832 UTC [4436] ERROR:  permission denied for table ScoutRunSettledBasis
2026-09-27 21:24:00.832 UTC [4436] STATEMENT:  SELECT count(*) FROM "ScoutRunSettledBasis"
2026-09-27 21:28:20.501 UTC [3866] LOG:  checkpoint starting: time
2026-09-27 21:29:34.878 UTC [8065] ERROR:  duplicate key value violates unique constraint "ScoutImportCompletion_coach_id_intent_id_key"
2026-09-27 21:29:34.878 UTC [8065] DETAIL:  Key (coach_id, intent_id)=(s11b-coach-a, 06957c8b-9ab1-483a-ba25-890062d2fe22) already exists.
2026-09-27 21:29:34.878 UTC [8065] STATEMENT:  INSERT INTO "public"."ScoutImportCompletion" ("id","coach_id","intent_id","terminal_status","completed_at") VALUES ($1,$2,$3,$4,$5) RETURNING "public"."ScoutImportCompletion"."id", "public"."ScoutImportCompletion"."coach_id", "public"."ScoutImportCompletion"."intent_id", "public"."ScoutImportCompletion"."terminal_status", "public"."ScoutImportCompletion"."final_counts", "public"."ScoutImportCompletion"."error_summary", "public"."ScoutImportCompletion"."completed_at"
2026-09-27 21:30:18.598 UTC [8579] ERROR:  duplicate key value violates unique constraint "ScoutImportCompletion_coach_id_intent_id_key"
2026-09-27 21:30:18.598 UTC [8579] DETAIL:  Key (coach_id, intent_id)=(s11b-coach-a, fc23d760-8ef6-4b83-ab6c-fd5ef76c2f47) already exists.
2026-09-27 21:30:18.598 UTC [8579] STATEMENT:  INSERT INTO "public"."ScoutImportCompletion" ("id","coach_id","intent_id","terminal_status","completed_at") VALUES ($1,$2,$3,$4,$5) RETURNING "public"."ScoutImportCompletion"."id", "public"."ScoutImportCompletion"."coach_id", "public"."ScoutImportCompletion"."intent_id", "public"."ScoutImportCompletion"."terminal_status", "public"."ScoutImportCompletion"."final_counts", "public"."ScoutImportCompletion"."error_summary", "public"."ScoutImportCompletion"."completed_at"
2026-09-27 21:30:56.260 UTC [8999] ERROR:  duplicate key value violates unique constraint "ScoutImportCompletion_coach_id_intent_id_key"
2026-09-27 21:30:56.260 UTC [8999] DETAIL:  Key (coach_id, intent_id)=(s11b-coach-a, 96c67f3d-ec63-49f0-b8e3-47c934a26318) already exists.
2026-09-27 21:30:56.260 UTC [8999] STATEMENT:  INSERT INTO "public"."ScoutImportCompletion" ("id","coach_id","intent_id","terminal_status","completed_at") VALUES ($1,$2,$3,$4,$5) RETURNING "public"."ScoutImportCompletion"."id", "public"."ScoutImportCompletion"."coach_id", "public"."ScoutImportCompletion"."intent_id", "public"."ScoutImportCompletion"."terminal_status", "public"."ScoutImportCompletion"."final_counts", "public"."ScoutImportCompletion"."error_summary", "public"."ScoutImportCompletion"."completed_at"
2026-09-27 21:30:56.335 UTC [9003] ERROR:  duplicate key value violates unique constraint "ScoutImportCompletion_coach_id_intent_id_key"
2026-09-27 21:30:56.335 UTC [9003] DETAIL:  Key (coach_id, intent_id)=(s11b-coach-a, 96c67f3d-ec63-49f0-b8e3-47c934a26318) already exists.
2026-09-27 21:30:56.335 UTC [9003] STATEMENT:  INSERT INTO "public"."ScoutImportCompletion" ("id","coach_id","intent_id","terminal_status","completed_at") VALUES ($1,$2,$3,$4,$5) RETURNING "public"."ScoutImportCompletion"."id", "public"."ScoutImportCompletion"."coach_id", "public"."ScoutImportCompletion"."intent_id", "public"."ScoutImportCompletion"."terminal_status", "public"."ScoutImportCompletion"."final_counts", "public"."ScoutImportCompletion"."error_summary", "public"."ScoutImportCompletion"."completed_at"
2026-09-27 21:30:56.463 UTC [8999] ERROR:  could not serialize access due to concurrent update
2026-09-27 21:30:56.463 UTC [8999] STATEMENT:  
	      SELECT execution_epoch, terminal_status, fenced_at, fence_reason, deadline_at,
	             accepted_start_at
	        FROM "ScoutImport"
	       WHERE coach_id = $1 AND intent_id = $2 AND mode = 'server'
	       FOR NO KEY UPDATE
2026-09-27 21:31:29.030 UTC [3866] LOG:  checkpoint complete: wrote 1884 buffers (11.5%); 0 WAL file(s) added, 0 removed, 1 recycled; write=188.528 s, sync=0.001 s, total=188.529 s; sync files=0, longest=0.000 s, average=0.000 s; distance=14432 kB, estimate=14432 kB; lsn=0/231B668, redo lsn=0/22F1B20
2026-09-27 21:31:33.278 UTC [9416] ERROR:  duplicate key value violates unique constraint "ScoutImportCompletion_coach_id_intent_id_key"
2026-09-27 21:31:33.278 UTC [9416] DETAIL:  Key (coach_id, intent_id)=(s11b-coach-a, f8b1a19a-80d2-4b0a-af47-68d0b07a516f) already exists.
2026-09-27 21:31:33.278 UTC [9416] STATEMENT:  INSERT INTO "public"."ScoutImportCompletion" ("id","coach_id","intent_id","terminal_status","completed_at") VALUES ($1,$2,$3,$4,$5) RETURNING "public"."ScoutImportCompletion"."id", "public"."ScoutImportCompletion"."coach_id", "public"."ScoutImportCompletion"."intent_id", "public"."ScoutImportCompletion"."terminal_status", "public"."ScoutImportCompletion"."final_counts", "public"."ScoutImportCompletion"."error_summary", "public"."ScoutImportCompletion"."completed_at"
2026-09-27 21:32:42.548 UTC [10232] ERROR:  duplicate key value violates unique constraint "ScoutImportCompletion_coach_id_intent_id_key"
2026-09-27 21:32:42.548 UTC [10232] DETAIL:  Key (coach_id, intent_id)=(s11b-coach-a, e43d29d0-e25e-4930-a772-61e3fe12338d) already exists.
2026-09-27 21:32:42.548 UTC [10232] STATEMENT:  INSERT INTO "public"."ScoutImportCompletion" ("id","coach_id","intent_id","terminal_status","completed_at") VALUES ($1,$2,$3,$4,$5) RETURNING "public"."ScoutImportCompletion"."id", "public"."ScoutImportCompletion"."coach_id", "public"."ScoutImportCompletion"."intent_id", "public"."ScoutImportCompletion"."terminal_status", "public"."ScoutImportCompletion"."final_counts", "public"."ScoutImportCompletion"."error_summary", "public"."ScoutImportCompletion"."completed_at"
2026-09-27 21:33:20.130 UTC [3866] LOG:  checkpoint starting: time
2026-09-27 21:33:29.161 UTC [3866] LOG:  checkpoint complete: wrote 91 buffers (0.6%); 0 WAL file(s) added, 0 removed, 0 recycled; write=9.031 s, sync=0.001 s, total=9.032 s; sync files=0, longest=0.000 s, average=0.000 s; distance=263 kB, estimate=13015 kB; lsn=0/2336570, redo lsn=0/2333898
2026-09-27 21:34:52.930 UTC [11722] ERROR:  duplicate key value violates unique constraint "ScoutImportCompletion_coach_id_intent_id_key"
2026-09-27 21:34:52.930 UTC [11722] DETAIL:  Key (coach_id, intent_id)=(s11d-coach-clean, 968cd8a2-df6d-48fb-8089-3e985448ad91) already exists.
2026-09-27 21:34:52.930 UTC [11722] STATEMENT:  INSERT INTO "public"."ScoutImportCompletion" ("id","coach_id","intent_id","terminal_status","completed_at") VALUES ($1,$2,$3,$4,$5) RETURNING "public"."ScoutImportCompletion"."id", "public"."ScoutImportCompletion"."coach_id", "public"."ScoutImportCompletion"."intent_id", "public"."ScoutImportCompletion"."terminal_status", "public"."ScoutImportCompletion"."final_counts", "public"."ScoutImportCompletion"."error_summary", "public"."ScoutImportCompletion"."completed_at"
2026-09-27 21:35:48.557 UTC [3865] LOG:  received fast shutdown request
2026-09-27 21:35:48.557 UTC [3865] LOG:  aborting any active transactions
2026-09-27 21:35:48.559 UTC [3865] LOG:  background worker "logical replication launcher" (PID 3871) exited with exit code 1
2026-09-27 21:35:48.559 UTC [3866] LOG:  shutting down
2026-09-27 21:35:48.559 UTC [3866] LOG:  checkpoint starting: shutdown immediate
2026-09-27 21:35:48.560 UTC [3866] LOG:  checkpoint complete: wrote 80 buffers (0.5%); 0 WAL file(s) added, 0 removed, 0 recycled; write=0.001 s, sync=0.001 s, total=0.002 s; sync files=0, longest=0.000 s, average=0.000 s; distance=103 kB, estimate=11724 kB; lsn=0/234D638, redo lsn=0/234D638
2026-09-27 21:35:48.568 UTC [3865] LOG:  database system is shut down
