OFFLINE_GUARD_OK stage=resume rev=6
LOCK_HELD /home/user/workspace/execution/test-validation.lock stage=resume pid=30911
TS=20260922T002932Z STAGE=resume RUNNER=s5-r3 REV=6 START=2026-09-22T00:29:32Z
WORKTREE=/home/user/workspace/worktrees/s5-r3 BRANCH=execute/20260921-s5-r3
HEAD=143d451ead6ccdbebd92ca3031ba7a89867d6cfc TREE=d0e122d35022377196908b7d132fc34c1af2fc6b CLEAN=yes DIRTY_FINGERPRINT=none
PACKAGE_LOCK_BLOB=354de3dae19449970497da6e4d87f0a1225a8f43 NODE_MODULES_PACKAGE_LOCK_SHA256=05bc530aa44bfa6df64f0daa8edb66c5181abf4bfbc309bd8da2c8aff37b6a44
node v20.20.1 npm 10.8.2 git 2.53.0 psql: psql (PostgreSQL) 18.6 (Ubuntu 18.6-0ubuntu0.26.04.1)
PIN host=127.0.0.1 port=54325 db=g2_s5_etq0_disposable admin=s5_super datadir=/home/user/pg17/clusters/s5 version=170006 cluster_marker=s5-disposable-pg17 db_marker=s5-g2-etq0-synthetic-disposable-fixture-safe-to-drop
PG_DIST=/home/user/pg17/dist postgres_sha256=23cd174849b273064c47d581b55be596be2f5cf0ee5d3e76c0146e2464bf873a version=postgres (PostgreSQL) 17.6
PROVENANCE artifact=https://repo1.maven.org/maven2/io/zonky/test/postgres/embedded-postgres-binaries-linux-amd64/17.6.0/embedded-postgres-binaries-linux-amd64-17.6.0.jar
PROVENANCE jar_sha256=23da5a044b4fb7a5a081a45008c95749c873305328d73f86aefd56922ce1d29d
PROVENANCE postgres_sha256=23cd174849b273064c47d581b55be596be2f5cf0ee5d3e76c0146e2464bf873a
PROVENANCE installed_by=execution/s2-composition/infra/setup-20-pg17.sh
PROVENANCE utc=2026-09-21T23:52:13Z
PROVENANCE result=success
DATA_DIRECTORY_STATE=present
G2_PG17_CONFIRM=g2_s5_etq0_disposable:54325
G2_PG17_DATABASE_URL=postgresql://s5_super@127.0.0.1:54325/g2_s5_etq0_disposable?schema=public&connection_limit=2
G2_PG17_DATA_DIRECTORY=/home/user/pg17/clusters/s5
G2_PG17_OLD_CLIENT=/home/user/workspace/execution/s5-r3/old-root-925780e0/.g2-old-client
G2_PG17_OLD_ROOT=/home/user/workspace/execution/s5-r3/old-root-925780e0
G2_PG17_PSQL=/usr/bin/psql
G2_PG17_SERVER_VERSION=170006
NODE_OPTIONS=--max-old-space-size=4096
PRISMA_GENERATE_SKIP_AUTOINSTALL=1
NPM_ROOT_FACT /home/user/package.json absent
NPM_ROOT_FACT /home/user/package-lock.json absent
NPM_ROOT_FACT /home/user/node_modules absent
NPM_ROOT_FACT /home/user/workspace/package.json absent
NPM_ROOT_FACT /home/user/workspace/package-lock.json absent
NPM_ROOT_FACT /home/user/workspace/node_modules absent
NPM_ROOT_FACT /home/user/workspace/execution/s5-r3/package.json absent
NPM_ROOT_FACT /home/user/workspace/execution/s5-r3/package-lock.json absent
NPM_ROOT_FACT /home/user/workspace/execution/s5-r3/node_modules absent
NPM_ROOT_FACT /home/user/workspace/execution/s5-r3/old-root-925780e0/package.json size=3621 sha256=afecdb3762df06075723dbe254a80bffe828b028bdb33576030d1ce0f936c5aa
NPM_ROOT_FACT /home/user/workspace/execution/s5-r3/old-root-925780e0/package-lock.json size=582661 sha256=b7fed5ed611c004615022cf69375b83956e9a69604807123fbe0e7965aea9c55
NPM_ROOT_FACT /home/user/workspace/execution/s5-r3/old-root-925780e0/node_modules symlink->/home/user/workspace/worktrees/s5-r3/node_modules
G2_PG17_PASSWORD=<from environment, not logged>
cpus=2 mem_mb=7966
CMD (cwd=/home/user/workspace/worktrees/s5-r3) 2026-09-22T00:29:33Z: npx jest test/scout/g2-pg17-db-guard.spec.ts
CMD (cwd=/home/user/workspace/worktrees/s5-r3) 2026-09-22T00:29:42Z: bash test/utils/g2-pg17-old-root.sh create
CMD (cwd=/home/user/workspace/execution/s5-r3) 2026-09-22T00:29:43Z: env S5_RUNNER_PID=30911 bash /home/user/workspace/execution/s5-r3/s5-fixture.sh start
LOCK_EXCLUSIVE_OK pid=30911
PREFLIGHT version=170006 cluster=s5-disposable-pg17 datadir=/home/user/pg17/clusters/s5 listen=127.0.0.1 addr=127.0.0.1 port=54325 user=s5_super super=t hosted_roles=0 dbs=[g2_s5_etq0_disposable postgres template0 template1] target_exists=1 target_marker=s5-g2-etq0-synthetic-disposable-fixture-safe-to-drop target_sessions=0
PREFLIGHT_OK target_exists=1
CMD (cwd=/home/user/workspace/worktrees/s5-r3) 2026-09-22T00:29:43Z: bash test/utils/g2-pg17-bootstrap.sh generate-only
CMD (cwd=/home/user/workspace/worktrees/s5-r3) 2026-09-22T00:29:54Z: npx jest --config jest.rls.config.js test/rls-g2-pg17-etq0.spec.ts --runInBand --testTimeout=180000
CMD (cwd=/home/user/workspace/execution/s5-r3) 2026-09-22T00:33:40Z: env S5_RUNNER_PID=30911 bash /home/user/workspace/execution/s5-r3/s5-fixture.sh stop
PROOF_EXIT=0 STAGE=resume STOP_RC=0 DAEMON=none TS=20260922T002932Z START=2026-09-22T00:29:32Z END=2026-09-22T00:33:40Z
