2026-09-22T05:32:07Z CANONICAL_LOCK_PATH_STAT exists mtime=2026-09-22 05:28:48.573839075 +0000 (not opened, not probed)
2026-09-22T05:32:08Z DERIVED_RUNNER /tmp/s5-r4-ctl-J6dAA5/X/s5-r4/run-proof.sh sha256=aff9c3882db8842151dde5bdc565342f146b9e0328b6d6679497bf86a0324692 from=19ab936a1562061caf4f8ee8426a5e18a998b22f3d33093a45a02b64ee3fc2c5 changed_lines=6 (expected <= 12: 6 constants x 2)
2026-09-22T05:32:08Z DERIVED_FIXTURE /tmp/s5-r4-ctl-J6dAA5/X/s5-r4/s5-fixture.sh sha256=c6b6fcab6a6094bf8fd75d70ef5ef9c95ccb571ea70d579598fd2b9ca80561c1 from=3a7d57bf951ab27e2161dc91db1d816f31d4af079ede076e7a2dfd1c44f3a721 changed_lines=2 (expected 2)
2026-09-22T05:32:08Z CONTROL_ROOT /tmp/s5-r4-ctl-J6dAA5
2026-09-22T05:32:08Z PRIVATE_LOGS_READY /tmp/s5-r4-ctl-J6dAA5/X/s5-r4/logs
2026-09-22T05:32:08Z DERIVED_FIXTURE /tmp/s5-r4-ctl-J6dAA5/X/s5-r4/pred-s5-fixture.sh sha256=40c73650166db5f31e3177bdeb5c4741f7537431631005bef2d571b530555025 from=a3292ccaa451b3e5efe854e048dc71bea24f0f8cd4cc4bb93662df2e4a99bae1 changed_lines=2 (expected 2)
2026-09-22T05:32:08Z PASS D0.defect PREDECESSOR: rc=0, printed DESTROY_OK and removed the directory while fake postmaster 15511 is still alive (frozen defect reproduced; this is the FAILING behaviour)
2026-09-22T05:32:10Z PASS D1.rc candidate destroy rc=4 with failing stop (expected 4)
2026-09-22T05:32:10Z PASS D1.refused DESTROY_REFUSED recorded, no DESTROY_OK
2026-09-22T05:32:10Z PASS D1.retained directory retained; fake postmaster untouched by removal
2026-09-22T05:32:10Z PASS D1.quarantine runner quarantined the lane (live postmaster after refused destroy)
2026-09-22T05:32:13Z PASS D2.rc candidate destroy rc=5 when removal fails (expected 5)
2026-09-22T05:32:13Z PASS D2.lines ALREADY_STOPPED then DESTROY_FAILED; no DESTROY_OK
2026-09-22T05:32:13Z PASS D2.retained directory retained after failed removal
2026-09-22T05:32:14Z PASS D3.rc destroy without confirmation refused rc=2 before any child
2026-09-22T05:32:14Z PASS D3.no_child no fixture child was started
2026-09-22T05:32:14Z PASS D3.retained directory and marker retained
2026-09-22T05:32:17Z PASS D4.rc confirmed destroy of a stopped marked cluster rc=0 (expected 0)
2026-09-22T05:32:17Z PASS D4.ok DESTROY_OK only after verified absence
2026-09-22T05:32:17Z PASS D5.derivation both derived fixtures differ from their sources only in the PG17_HOME line
2026-09-22T05:32:17Z SUMMARY pass=14 fail=0 result_log=/home/user/workspace/execution/s5-r4/control-results/control-20260922T053207Z.log
2026-09-22T05:32:17Z CONTROL_ROOT_RETAINED /tmp/s5-r4-ctl-J6dAA5 (keep=1 survivors_rc=0)
