  console.warn
    PG17_PROCESS {"name":"g2g_1","options":{"action":"start","coach":"s11a2-coach-a","intent":"aae7fecd-bb9c-4788-bae0-55b5062c17eb","host":"P2","role":"phone"},"result":{"intent_id":"aae7fecd-bb9c-4788-bae0-55b5062c17eb","mode":"server","phase":"discovering","execution_epoch":1,"accepted_start_at":"2026-09-27T20:51:19.009Z","deadline_at":"2026-09-27T20:56:19.009Z"},"queries":3,"pid":4215}

    [0m [90m 181 |[39m       }
     [90m 182 |[39m       [90m// Query shapes, outcomes, fixture identifiers and process IDs only; never parameters.[39m
    [31m[1m>[22m[39m[90m 183 |[39m       console[33m.[39mwarn(
     [90m     |[39m               [31m[1m^[22m[39m
     [90m 184 |[39m         [32m'PG17_PROCESS'[39m[33m,[39m
     [90m 185 |[39m         [33mJSON[39m[33m.[39mstringify({
     [90m 186 |[39m           name[33m,[39m[0m

      at settleWorker (test/utils/g2-s11-pg-harness.ts:183:15)
      at ChildProcess.<anonymous> (test/utils/g2-s11-pg-harness.ts:202:7)

  console.warn
    PG17_PROCESS {"name":"g2g_2","options":{"action":"declare","coach":"s11a2-coach-a","intent":"aae7fecd-bb9c-4788-bae0-55b5062c17eb","body":{"platforms":[{"source_platform":"s10_unseen","account_scope_id_digests":["265867792567e5ff6f7402a88f9c707517887390598b1adbee71a69fed4fba13"]},{"source_platform":"s11_second","account_scope_id_digests":["b41d70b4bc8498395519478765f5152138a16931722424835c9f7d72eb2658f9"]}]},"host":"P1","role":"ext"},"result":{"intent_id":"aae7fecd-bb9c-4788-bae0-55b5062c17eb","challenge_b64":"QnSqo3jWv/p2lnQQEv/dIx8VKX2KPv4Tf8P/7R5YphM=","declared_at":"2026-09-27T20:51:21.305Z"},"queries":10,"pid":4237}

    [0m [90m 181 |[39m       }
     [90m 182 |[39m       [90m// Query shapes, outcomes, fixture identifiers and process IDs only; never parameters.[39m
    [31m[1m>[22m[39m[90m 183 |[39m       console[33m.[39mwarn(
     [90m     |[39m               [31m[1m^[22m[39m
     [90m 184 |[39m         [32m'PG17_PROCESS'[39m[33m,[39m
     [90m 185 |[39m         [33mJSON[39m[33m.[39mstringify({
     [90m 186 |[39m           name[33m,[39m[0m

      at settleWorker (test/utils/g2-s11-pg-harness.ts:183:15)
      at ChildProcess.<anonymous> (test/utils/g2-s11-pg-harness.ts:202:7)

  console.warn
    PG17_PROCESS {"name":"g2g_3","options":{"action":"declare","coach":"s11a2-coach-a","intent":"aae7fecd-bb9c-4788-bae0-55b5062c17eb","body":{"platforms":[{"source_platform":"s11_second","account_scope_id_digests":["b41d70b4bc8498395519478765f5152138a16931722424835c9f7d72eb2658f9"]},{"source_platform":"s10_unseen","account_scope_id_digests":["265867792567e5ff6f7402a88f9c707517887390598b1adbee71a69fed4fba13"]}]},"host":"P2","role":"ext"},"result":{"intent_id":"aae7fecd-bb9c-4788-bae0-55b5062c17eb","challenge_b64":"QnSqo3jWv/p2lnQQEv/dIx8VKX2KPv4Tf8P/7R5YphM=","declared_at":"2026-09-27T20:51:21.305Z"},"queries":6,"pid":4258}

    [0m [90m 181 |[39m       }
     [90m 182 |[39m       [90m// Query shapes, outcomes, fixture identifiers and process IDs only; never parameters.[39m
    [31m[1m>[22m[39m[90m 183 |[39m       console[33m.[39mwarn(
     [90m     |[39m               [31m[1m^[22m[39m
     [90m 184 |[39m         [32m'PG17_PROCESS'[39m[33m,[39m
     [90m 185 |[39m         [33mJSON[39m[33m.[39mstringify({
     [90m 186 |[39m           name[33m,[39m[0m

      at settleWorker (test/utils/g2-s11-pg-harness.ts:183:15)
      at ChildProcess.<anonymous> (test/utils/g2-s11-pg-harness.ts:202:7)

  console.warn
    PG17_PROCESS {"name":"g2g_4","options":{"action":"ingest","coach":"s11a2-coach-a","intent":"aae7fecd-bb9c-4788-bae0-55b5062c17eb","body":{"entity_type":"u10-routines","sourcePlatform":"s10_unseen","entities":[{"sourceId":"u10-w-1","payload":{"u10_heading":"Synthetic Routine","u10_modality":"lift"}}]},"host":"P2","role":"ext"},"result":{"received":1,"deduped":0},"queries":8,"pid":4279}

    [0m [90m 181 |[39m       }
     [90m 182 |[39m       [90m// Query shapes, outcomes, fixture identifiers and process IDs only; never parameters.[39m
    [31m[1m>[22m[39m[90m 183 |[39m       console[33m.[39mwarn(
     [90m     |[39m               [31m[1m^[22m[39m
     [90m 184 |[39m         [32m'PG17_PROCESS'[39m[33m,[39m
     [90m 185 |[39m         [33mJSON[39m[33m.[39mstringify({
     [90m 186 |[39m           name[33m,[39m[0m

      at settleWorker (test/utils/g2-s11-pg-harness.ts:183:15)
      at ChildProcess.<anonymous> (test/utils/g2-s11-pg-harness.ts:202:7)

  console.warn
    PG17_PROCESS {"name":"g2g_5","options":{"action":"ingest","coach":"s11a2-coach-a","intent":"aae7fecd-bb9c-4788-bae0-55b5062c17eb","body":{"entity_type":"u10-sessions","sourcePlatform":"s10_unseen","entities":[{"sourceId":"u10-w-2","payload":{"u10_heading":"Synthetic Session","u10_modality":"run"}}]},"host":"P1","role":"ext"},"result":{"received":1,"deduped":0},"queries":8,"pid":4299}

    [0m [90m 181 |[39m       }
     [90m 182 |[39m       [90m// Query shapes, outcomes, fixture identifiers and process IDs only; never parameters.[39m
    [31m[1m>[22m[39m[90m 183 |[39m       console[33m.[39mwarn(
     [90m     |[39m               [31m[1m^[22m[39m
     [90m 184 |[39m         [32m'PG17_PROCESS'[39m[33m,[39m
     [90m 185 |[39m         [33mJSON[39m[33m.[39mstringify({
     [90m 186 |[39m           name[33m,[39m[0m

      at settleWorker (test/utils/g2-s11-pg-harness.ts:183:15)
      at ChildProcess.<anonymous> (test/utils/g2-s11-pg-harness.ts:202:7)

  console.warn
    PG17_PROCESS {"name":"g2g_6","options":{"action":"ingest","coach":"s11a2-coach-a","intent":"aae7fecd-bb9c-4788-bae0-55b5062c17eb","body":{"entity_type":"t11-blocks","sourcePlatform":"s11_second","entities":[{"sourceId":"t11-b-1","payload":{"t11_title":"Synthetic Block Two","t11_weeks":6,"t11_days":4}}]},"host":"P1","role":"ext"},"result":{"received":1,"deduped":0},"queries":8,"pid":4319}

    [0m [90m 181 |[39m       }
     [90m 182 |[39m       [90m// Query shapes, outcomes, fixture identifiers and process IDs only; never parameters.[39m
    [31m[1m>[22m[39m[90m 183 |[39m       console[33m.[39mwarn(
     [90m     |[39m               [31m[1m^[22m[39m
     [90m 184 |[39m         [32m'PG17_PROCESS'[39m[33m,[39m
     [90m 185 |[39m         [33mJSON[39m[33m.[39mstringify({
     [90m 186 |[39m           name[33m,[39m[0m

      at settleWorker (test/utils/g2-s11-pg-harness.ts:183:15)
      at ChildProcess.<anonymous> (test/utils/g2-s11-pg-harness.ts:202:7)

  console.warn
    PG17_PROCESS {"name":"g2g_7","options":{"action":"ingest","coach":"s11a2-coach-a","intent":"aae7fecd-bb9c-4788-bae0-55b5062c17eb","body":{"entity_type":"t11-routines","sourcePlatform":"s11_second","entities":[{"sourceId":"t11-r-1","payload":{"t11_title":"Synthetic Routine Two","t11_kind":"run"}}]},"host":"P2","role":"ext"},"result":{"received":1,"deduped":0},"queries":8,"pid":4339}

    [0m [90m 181 |[39m       }
     [90m 182 |[39m       [90m// Query shapes, outcomes, fixture identifiers and process IDs only; never parameters.[39m
    [31m[1m>[22m[39m[90m 183 |[39m       console[33m.[39mwarn(
     [90m     |[39m               [31m[1m^[22m[39m
     [90m 184 |[39m         [32m'PG17_PROCESS'[39m[33m,[39m
     [90m 185 |[39m         [33mJSON[39m[33m.[39mstringify({
     [90m 186 |[39m           name[33m,[39m[0m

      at settleWorker (test/utils/g2-s11-pg-harness.ts:183:15)
      at ChildProcess.<anonymous> (test/utils/g2-s11-pg-harness.ts:202:7)

  console.warn
    PG17_PROCESS {"name":"g2g_8","options":{"action":"observe","coach":"s11a2-coach-a","intent":"aae7fecd-bb9c-4788-bae0-55b5062c17eb","body":{"observations":[{"evidence_version":1,"source_platform":"s10_unseen","account_scope_id_digest":"265867792567e5ff6f7402a88f9c707517887390598b1adbee71a69fed4fba13","family":"clients","basis_kind":"source_signed_enumeration","mapping_spec_digest":"fecf009ed9463bf97766ab08a322f42f6fbe0124a90551a604f5b26def4ae3dc","statement_b64":"eyJhY2NvdW50X3Njb3BlX2lkX2RpZ2VzdCI6IjI2NTg2Nzc5MjU2N2U1ZmY2Zjc0MDJhODhmOWM3MDc1MTc4ODczOTA1OThiMWFkYmVlNzFhNjlmZWQ0ZmJhMTMiLCJjaGFsbGVuZ2VfYjY0IjoiUW5TcW8zald2L3AybG5RUUV2L2RJeDhWS1gyS1B2NFRmOFAvN1I1WXBoTT0iLCJkYXRlX3dpbmRvdyI6bnVsbCwiZmFtaWx5IjoiY2xpZW50cyIsImlkX3NldF9kaWdlc3QiOiJlM2IwYzQ0Mjk4ZmMxYzE0OWFmYmY0Yzg5OTZmYjkyNDI3YWU0MWU0NjQ5YjkzNGNhNDk1OTkxYjc4NTJiODU1IiwiaXNzdWVkX2F0IjoiMjAyNi0wOS0yN1QyMDo1MTozMi4zNDRaIiwib2JzZXJ2ZWRfdW5pcXVlIjowLCJzbmFwc2hvdF9yZWZfZGlnZXN0IjoiYzZiZTdjYTQ2OGI0M2ZiMzc5ODMyMzBhZjc4Y2JmMjcxMzBjNTU1ODQwNDk1OWJhZjFjNjczZWU5YjUzMzQ0YiIsInNvdXJjZV9wbGF0Zm9ybSI6InMxMF91bnNlZW4iLCJzdGF0ZW1lbnRfdmVyc2lvbiI6MSwidGVybWluYWwiOiJlbmRfb2ZfbGlzdCJ9","key_id":"s10_unseen.source.d2","signature_b64":"er3MZPZF9qWjx/p7hTgfUXTu7kPRF/4GIan/uhJ97kLn1tmHFJhL6lhPSbdBhLYejgq5X9Ou3yC/OnHg+YEcCw=="},{"evidence_version":1,"source_platform":"s10_unseen","account_scope_id_digest":"265867792567e5ff6f7402a88f9c707517887390598b1adbee71a69fed4fba13","family":"programs","basis_kind":"source_signed_enumeration","mapping_spec_digest":"fecf009ed9463bf97766ab08a322f42f6fbe0124a90551a604f5b26def4ae3dc","statement_b64":"eyJhY2NvdW50X3Njb3BlX2lkX2RpZ2VzdCI6IjI2NTg2Nzc5MjU2N2U1ZmY2Zjc0MDJhODhmOWM3MDc1MTc4ODczOTA1OThiMWFkYmVlNzFhNjlmZWQ0ZmJhMTMiLCJjaGFsbGVuZ2VfYjY0IjoiUW5TcW8zald2L3AybG5RUUV2L2RJeDhWS1gyS1B2NFRmOFAvN1I1WXBoTT0iLCJkYXRlX3dpbmRvdyI6bnVsbCwiZmFtaWx5IjoicHJvZ3JhbXMiLCJpZF9zZXRfZGlnZXN0IjoiZTNiMGM0NDI5OGZjMWMxNDlhZmJmNGM4OTk2ZmI5MjQyN2FlNDFlNDY0OWI5MzRjYTQ5NTk5MWI3ODUyYjg1NSIsImlzc3VlZF9hdCI6IjIwMjYtMDktMjdUMjA6NTE6MzIuMzQ0WiIsIm9ic2VydmVkX3VuaXF1ZSI6MCwic25hcHNob3RfcmVmX2RpZ2VzdCI6ImM2YmU3Y2E0NjhiNDNmYjM3OTgzMjMwYWY3OGNiZjI3MTMwYzU1NTg0MDQ5NTliYWYxYzY3M2VlOWI1MzM0NGIiLCJzb3VyY2VfcGxhdGZvcm0iOiJzMTBfdW5zZWVuIiwic3RhdGVtZW50X3ZlcnNpb24iOjEsInRlcm1pbmFsIjoiZW5kX29mX2xpc3QifQ==","key_id":"s10_unseen.source.d2","signature_b64":"G0zOsMRMR5dP5do3lIEEE//dfi4h4CFuz+BdjucKrj0kUKKyd+Qh0tOpcG/itdoTFGSc+E4B2grLB8BfzHfnAw=="},{"evidence_version":1,"source_platform":"s10_unseen","account_scope_id_digest":"265867792567e5ff6f7402a88f9c707517887390598b1adbee71a69fed4fba13","family":"workouts","basis_kind":"source_signed_enumeration","mapping_spec_digest":"fecf009ed9463bf97766ab08a322f42f6fbe0124a90551a604f5b26def4ae3dc","statement_b64":"eyJhY2NvdW50X3Njb3BlX2lkX2RpZ2VzdCI6IjI2NTg2Nzc5MjU2N2U1ZmY2Zjc0MDJhODhmOWM3MDc1MTc4ODczOTA1OThiMWFkYmVlNzFhNjlmZWQ0ZmJhMTMiLCJjaGFsbGVuZ2VfYjY0IjoiUW5TcW8zald2L3AybG5RUUV2L2RJeDhWS1gyS1B2NFRmOFAvN1I1WXBoTT0iLCJkYXRlX3dpbmRvdyI6bnVsbCwiZmFtaWx5Ijoid29ya291dHMiLCJpZF9zZXRfZGlnZXN0IjoiMmRjM2QxNzYxZTFlZTc5MjI0OGEyMjhmNmYzYmY3YjY4YzNiNGRlZjlkZWI0Nzk5Mzc4YTkwNzI1NTZmYWRkOSIsImlzc3VlZF9hdCI6IjIwMjYtMDktMjdUMjA6NTE6MzIuMzQ0WiIsIm9ic2VydmVkX3VuaXF1ZSI6Miwic25hcHNob3RfcmVmX2RpZ2VzdCI6ImM2YmU3Y2E0NjhiNDNmYjM3OTgzMjMwYWY3OGNiZjI3MTMwYzU1NTg0MDQ5NTliYWYxYzY3M2VlOWI1MzM0NGIiLCJzb3VyY2VfcGxhdGZvcm0iOiJzMTBfdW5zZWVuIiwic3RhdGVtZW50X3ZlcnNpb24iOjEsInRlcm1pbmFsIjoiZW5kX29mX2xpc3QifQ==","key_id":"s10_unseen.source.d2","signature_b64":"TnVs1K1WVk+sOSt1uJ3zvDL+SmzcmxsHylaYhZjtBVy4hfeh4Ud+X4nn/LaUGhnTAYmYIjfCBQp5uhWkROwiDw=="}]},"host":"P1","role":"ext"},"result":{"intent_id":"aae7fecd-bb9c-4788-bae0-55b5062c17eb","execution_epoch":1,"stored":3,"replayed":0},"queries":11,"pid":4366}

    [0m [90m 181 |[39m       }
     [90m 182 |[39m       [90m// Query shapes, outcomes, fixture identifiers and process IDs only; never parameters.[39m
    [31m[1m>[22m[39m[90m 183 |[39m       console[33m.[39mwarn(
     [90m     |[39m               [31m[1m^[22m[39m
     [90m 184 |[39m         [32m'PG17_PROCESS'[39m[33m,[39m
     [90m 185 |[39m         [33mJSON[39m[33m.[39mstringify({
     [90m 186 |[39m           name[33m,[39m[0m

      at settleWorker (test/utils/g2-s11-pg-harness.ts:183:15)
      at ChildProcess.<anonymous> (test/utils/g2-s11-pg-harness.ts:202:7)

  console.warn
    PG17_PROCESS {"name":"g2g_9","options":{"action":"observe","coach":"s11a2-coach-a","intent":"aae7fecd-bb9c-4788-bae0-55b5062c17eb","body":{"observations":[{"evidence_version":1,"source_platform":"s11_second","account_scope_id_digest":"b41d70b4bc8498395519478765f5152138a16931722424835c9f7d72eb2658f9","family":"programs","basis_kind":"source_signed_enumeration","mapping_spec_digest":"a330874b8c3c9d4a4b42d52728d6a3b09feada8411459ae0d0139c5c1e0d0c8e","statement_b64":"eyJhY2NvdW50X3Njb3BlX2lkX2RpZ2VzdCI6ImI0MWQ3MGI0YmM4NDk4Mzk1NTE5NDc4NzY1ZjUxNTIxMzhhMTY5MzE3MjI0MjQ4MzVjOWY3ZDcyZWIyNjU4ZjkiLCJjaGFsbGVuZ2VfYjY0IjoiUW5TcW8zald2L3AybG5RUUV2L2RJeDhWS1gyS1B2NFRmOFAvN1I1WXBoTT0iLCJkYXRlX3dpbmRvdyI6bnVsbCwiZmFtaWx5IjoicHJvZ3JhbXMiLCJpZF9zZXRfZGlnZXN0IjoiMDk0OWViZmU2ODY4OWFkOWQzZmNmZGIxNjI3MDYyMWE0MWE0YzM0NDQ0NjEwMDUzMmQzOWY4NGZmZDhkYjA1MiIsImlzc3VlZF9hdCI6IjIwMjYtMDktMjdUMjA6NTE6MzQuNTk5WiIsIm9ic2VydmVkX3VuaXF1ZSI6MSwic25hcHNob3RfcmVmX2RpZ2VzdCI6IjdmNjliMTk2NTRiN2ZlYjZhZTJjYWU3ZDllOTJlNDg4MzY4NDVjMWZjZmE2MGFjOTBlYTJlZDkxMjZhZGUwZjgiLCJzb3VyY2VfcGxhdGZvcm0iOiJzMTFfc2Vjb25kIiwic3RhdGVtZW50X3ZlcnNpb24iOjEsInRlcm1pbmFsIjoiZW5kX29mX2xpc3QifQ==","key_id":"s11_second.source.a2","signature_b64":"gSnbi5In4+V7n40zaur9mKov82Y2is0uCIIAFIbW9aq5VuxT0vapzQBb8xVInTKSsiHbabs10wy4EcWy29ZwCg=="},{"evidence_version":1,"source_platform":"s11_second","account_scope_id_digest":"b41d70b4bc8498395519478765f5152138a16931722424835c9f7d72eb2658f9","family":"workouts","basis_kind":"source_signed_enumeration","mapping_spec_digest":"a330874b8c3c9d4a4b42d52728d6a3b09feada8411459ae0d0139c5c1e0d0c8e","statement_b64":"eyJhY2NvdW50X3Njb3BlX2lkX2RpZ2VzdCI6ImI0MWQ3MGI0YmM4NDk4Mzk1NTE5NDc4NzY1ZjUxNTIxMzhhMTY5MzE3MjI0MjQ4MzVjOWY3ZDcyZWIyNjU4ZjkiLCJjaGFsbGVuZ2VfYjY0IjoiUW5TcW8zald2L3AybG5RUUV2L2RJeDhWS1gyS1B2NFRmOFAvN1I1WXBoTT0iLCJkYXRlX3dpbmRvdyI6bnVsbCwiZmFtaWx5Ijoid29ya291dHMiLCJpZF9zZXRfZGlnZXN0IjoiNTk0NmEzZDE4Njg2NDFhMjc1N2ViYTYzMmU0OWM5OWYyN2Q0NTQwYjM1NjBiMjIzNmNlNGZjY2ZhYzRkMGU4MSIsImlzc3VlZF9hdCI6IjIwMjYtMDktMjdUMjA6NTE6MzQuNTk5WiIsIm9ic2VydmVkX3VuaXF1ZSI6MSwic25hcHNob3RfcmVmX2RpZ2VzdCI6IjdmNjliMTk2NTRiN2ZlYjZhZTJjYWU3ZDllOTJlNDg4MzY4NDVjMWZjZmE2MGFjOTBlYTJlZDkxMjZhZGUwZjgiLCJzb3VyY2VfcGxhdGZvcm0iOiJzMTFfc2Vjb25kIiwic3RhdGVtZW50X3ZlcnNpb24iOjEsInRlcm1pbmFsIjoiZW5kX29mX2xpc3QifQ==","key_id":"s11_second.source.a2","signature_b64":"i5pY0+dVR3AeblDz9gNgl3UZKBT6MU8/kcLsyqvD+z6d2IN5IKZ1wjvwdpBw4zQxa8zGAujPHRMLkC+a5eeyBg=="}]},"host":"P2","role":"ext"},"result":{"intent_id":"aae7fecd-bb9c-4788-bae0-55b5062c17eb","execution_epoch":1,"stored":2,"replayed":0},"queries":10,"pid":4388}

    [0m [90m 181 |[39m       }
     [90m 182 |[39m       [90m// Query shapes, outcomes, fixture identifiers and process IDs only; never parameters.[39m
    [31m[1m>[22m[39m[90m 183 |[39m       console[33m.[39mwarn(
     [90m     |[39m               [31m[1m^[22m[39m
     [90m 184 |[39m         [32m'PG17_PROCESS'[39m[33m,[39m
     [90m 185 |[39m         [33mJSON[39m[33m.[39mstringify({
     [90m 186 |[39m           name[33m,[39m[0m

      at settleWorker (test/utils/g2-s11-pg-harness.ts:183:15)
      at ChildProcess.<anonymous> (test/utils/g2-s11-pg-harness.ts:202:7)

  console.warn
    PG17_PROCESS {"name":"g2g_10","options":{"action":"observe","coach":"s11a2-coach-a","intent":"aae7fecd-bb9c-4788-bae0-55b5062c17eb","body":{"observations":[{"evidence_version":1,"source_platform":"s11_second","account_scope_id_digest":"b41d70b4bc8498395519478765f5152138a16931722424835c9f7d72eb2658f9","family":"programs","basis_kind":"source_signed_enumeration","mapping_spec_digest":"a330874b8c3c9d4a4b42d52728d6a3b09feada8411459ae0d0139c5c1e0d0c8e","statement_b64":"eyJhY2NvdW50X3Njb3BlX2lkX2RpZ2VzdCI6ImI0MWQ3MGI0YmM4NDk4Mzk1NTE5NDc4NzY1ZjUxNTIxMzhhMTY5MzE3MjI0MjQ4MzVjOWY3ZDcyZWIyNjU4ZjkiLCJjaGFsbGVuZ2VfYjY0IjoiUW5TcW8zald2L3AybG5RUUV2L2RJeDhWS1gyS1B2NFRmOFAvN1I1WXBoTT0iLCJkYXRlX3dpbmRvdyI6bnVsbCwiZmFtaWx5IjoicHJvZ3JhbXMiLCJpZF9zZXRfZGlnZXN0IjoiMDk0OWViZmU2ODY4OWFkOWQzZmNmZGIxNjI3MDYyMWE0MWE0YzM0NDQ0NjEwMDUzMmQzOWY4NGZmZDhkYjA1MiIsImlzc3VlZF9hdCI6IjIwMjYtMDktMjdUMjA6NTE6MzQuNTk5WiIsIm9ic2VydmVkX3VuaXF1ZSI6MSwic25hcHNob3RfcmVmX2RpZ2VzdCI6IjdmNjliMTk2NTRiN2ZlYjZhZTJjYWU3ZDllOTJlNDg4MzY4NDVjMWZjZmE2MGFjOTBlYTJlZDkxMjZhZGUwZjgiLCJzb3VyY2VfcGxhdGZvcm0iOiJzMTFfc2Vjb25kIiwic3RhdGVtZW50X3ZlcnNpb24iOjEsInRlcm1pbmFsIjoiZW5kX29mX2xpc3QifQ==","key_id":"s11_second.source.a2","signature_b64":"gSnbi5In4+V7n40zaur9mKov82Y2is0uCIIAFIbW9aq5VuxT0vapzQBb8xVInTKSsiHbabs10wy4EcWy29ZwCg=="},{"evidence_version":1,"source_platform":"s11_second","account_scope_id_digest":"b41d70b4bc8498395519478765f5152138a16931722424835c9f7d72eb2658f9","family":"workouts","basis_kind":"source_signed_enumeration","mapping_spec_digest":"a330874b8c3c9d4a4b42d52728d6a3b09feada8411459ae0d0139c5c1e0d0c8e","statement_b64":"eyJhY2NvdW50X3Njb3BlX2lkX2RpZ2VzdCI6ImI0MWQ3MGI0YmM4NDk4Mzk1NTE5NDc4NzY1ZjUxNTIxMzhhMTY5MzE3MjI0MjQ4MzVjOWY3ZDcyZWIyNjU4ZjkiLCJjaGFsbGVuZ2VfYjY0IjoiUW5TcW8zald2L3AybG5RUUV2L2RJeDhWS1gyS1B2NFRmOFAvN1I1WXBoTT0iLCJkYXRlX3dpbmRvdyI6bnVsbCwiZmFtaWx5Ijoid29ya291dHMiLCJpZF9zZXRfZGlnZXN0IjoiNTk0NmEzZDE4Njg2NDFhMjc1N2ViYTYzMmU0OWM5OWYyN2Q0NTQwYjM1NjBiMjIzNmNlNGZjY2ZhYzRkMGU4MSIsImlzc3VlZF9hdCI6IjIwMjYtMDktMjdUMjA6NTE6MzQuNTk5WiIsIm9ic2VydmVkX3VuaXF1ZSI6MSwic25hcHNob3RfcmVmX2RpZ2VzdCI6IjdmNjliMTk2NTRiN2ZlYjZhZTJjYWU3ZDllOTJlNDg4MzY4NDVjMWZjZmE2MGFjOTBlYTJlZDkxMjZhZGUwZjgiLCJzb3VyY2VfcGxhdGZvcm0iOiJzMTFfc2Vjb25kIiwic3RhdGVtZW50X3ZlcnNpb24iOjEsInRlcm1pbmFsIjoiZW5kX29mX2xpc3QifQ==","key_id":"s11_second.source.a2","signature_b64":"i5pY0+dVR3AeblDz9gNgl3UZKBT6MU8/kcLsyqvD+z6d2IN5IKZ1wjvwdpBw4zQxa8zGAujPHRMLkC+a5eeyBg=="}]},"host":"P1","role":"ext"},"result":{"intent_id":"aae7fecd-bb9c-4788-bae0-55b5062c17eb","execution_epoch":1,"stored":0,"replayed":2},"queries":8,"pid":4407}

    [0m [90m 181 |[39m       }
     [90m 182 |[39m       [90m// Query shapes, outcomes, fixture identifiers and process IDs only; never parameters.[39m
    [31m[1m>[22m[39m[90m 183 |[39m       console[33m.[39mwarn(
     [90m     |[39m               [31m[1m^[22m[39m
     [90m 184 |[39m         [32m'PG17_PROCESS'[39m[33m,[39m
     [90m 185 |[39m         [33mJSON[39m[33m.[39mstringify({
     [90m 186 |[39m           name[33m,[39m[0m

      at settleWorker (test/utils/g2-s11-pg-harness.ts:183:15)
      at ChildProcess.<anonymous> (test/utils/g2-s11-pg-harness.ts:202:7)

  console.warn
    PG17_PROCESS {"name":"g2g_11","options":{"action":"complete","coach":"s11a2-coach-a","intent":"aae7fecd-bb9c-4788-bae0-55b5062c17eb","body":{"terminal_status":"success"},"host":"P2","role":"ext"},"result":{"acknowledged":true,"intent_id":"aae7fecd-bb9c-4788-bae0-55b5062c17eb"},"queries":86,"pid":4429}

    [0m [90m 181 |[39m       }
     [90m 182 |[39m       [90m// Query shapes, outcomes, fixture identifiers and process IDs only; never parameters.[39m
    [31m[1m>[22m[39m[90m 183 |[39m       console[33m.[39mwarn(
     [90m     |[39m               [31m[1m^[22m[39m
     [90m 184 |[39m         [32m'PG17_PROCESS'[39m[33m,[39m
     [90m 185 |[39m         [33mJSON[39m[33m.[39mstringify({
     [90m 186 |[39m           name[33m,[39m[0m

      at settleWorker (test/utils/g2-s11-pg-harness.ts:183:15)
      at ChildProcess.<anonymous> (test/utils/g2-s11-pg-harness.ts:202:7)

  console.warn
    PG17_PROCESS {"name":"g2g_12","options":{"action":"status","coach":"s11a2-coach-a","intent":"aae7fecd-bb9c-4788-bae0-55b5062c17eb","host":"P1","role":"phone"},"result":{"intent_id":"aae7fecd-bb9c-4788-bae0-55b5062c17eb","status":"complete","entity_counts":[{"entity_type":"t11-blocks","committed":1},{"entity_type":"t11-routines","committed":1},{"entity_type":"u10-routines","committed":1},{"entity_type":"u10-sessions","committed":1}],"started_at":"2026-09-27T20:51:25.652Z","completed_at":"2026-09-27T20:51:41.972Z","mode":"server","phase":"reconciling","accepted_start_at":"2026-09-27T20:51:19.009Z","deadline_at":"2026-09-27T20:56:19.009Z","last_observed_at":"2026-09-27T20:51:41.964Z","execution_epoch":1,"reason_code":null,"claimed_status":"success","families":[{"family":"t11-blocks","observed_unique":1,"staged_unique":1,"created_native":null,"already_present_verified":null,"rejected":0,"unresolved":0,"ledger":{"reconstructed":1,"skipped":0,"failed":0},"canonical_family":"programs","native_present_verified":1,"completeness_basis":"source_signed_enumeration","relationship_closure":"not_applicable","reasons":[],"qualifiers":[]},{"family":"t11-routines","observed_unique":null,"staged_unique":1,"created_native":null,"already_present_verified":null,"rejected":0,"unresolved":0,"ledger":{"reconstructed":1,"skipped":0,"failed":0},"canonical_family":"workouts","native_present_verified":1,"completeness_basis":"source_signed_enumeration","relationship_closure":"not_applicable","reasons":[],"qualifiers":[]},{"family":"u10-routines","observed_unique":null,"staged_unique":1,"created_native":null,"already_present_verified":null,"rejected":0,"unresolved":0,"ledger":{"reconstructed":1,"skipped":0,"failed":0},"canonical_family":"workouts","native_present_verified":1,"completeness_basis":"source_signed_enumeration","relationship_closure":"not_applicable","reasons":[],"qualifiers":[]},{"family":"u10-sessions","observed_unique":null,"staged_unique":1,"created_native":null,"already_present_verified":null,"rejected":0,"unresolved":0,"ledger":{"reconstructed":1,"skipped":0,"failed":0},"canonical_family":"workouts","native_present_verified":1,"completeness_basis":"source_signed_enumeration","relationship_closure":"not_applicable","reasons":[],"qualifiers":[]}]},"queries":9,"pid":4466}

    [0m [90m 181 |[39m       }
     [90m 182 |[39m       [90m// Query shapes, outcomes, fixture identifiers and process IDs only; never parameters.[39m
    [31m[1m>[22m[39m[90m 183 |[39m       console[33m.[39mwarn(
     [90m     |[39m               [31m[1m^[22m[39m
     [90m 184 |[39m         [32m'PG17_PROCESS'[39m[33m,[39m
     [90m 185 |[39m         [33mJSON[39m[33m.[39mstringify({
     [90m 186 |[39m           name[33m,[39m[0m

      at settleWorker (test/utils/g2-s11-pg-harness.ts:183:15)
      at ChildProcess.<anonymous> (test/utils/g2-s11-pg-harness.ts:202:7)

  console.warn
    PG17_PROCESS {"name":"g2g_13","options":{"action":"status","coach":"s11a2-coach-a","intent":"aae7fecd-bb9c-4788-bae0-55b5062c17eb","host":"P2","role":"phone"},"result":{"intent_id":"aae7fecd-bb9c-4788-bae0-55b5062c17eb","status":"complete","entity_counts":[{"entity_type":"t11-blocks","committed":1},{"entity_type":"t11-routines","committed":1},{"entity_type":"u10-routines","committed":1},{"entity_type":"u10-sessions","committed":1}],"started_at":"2026-09-27T20:51:25.652Z","completed_at":"2026-09-27T20:51:41.972Z","mode":"server","phase":"reconciling","accepted_start_at":"2026-09-27T20:51:19.009Z","deadline_at":"2026-09-27T20:56:19.009Z","last_observed_at":"2026-09-27T20:51:41.964Z","execution_epoch":1,"reason_code":null,"claimed_status":"success","families":[{"family":"t11-blocks","observed_unique":1,"staged_unique":1,"created_native":null,"already_present_verified":null,"rejected":0,"unresolved":0,"ledger":{"reconstructed":1,"skipped":0,"failed":0},"canonical_family":"programs","native_present_verified":1,"completeness_basis":"source_signed_enumeration","relationship_closure":"not_applicable","reasons":[],"qualifiers":[]},{"family":"t11-routines","observed_unique":null,"staged_unique":1,"created_native":null,"already_present_verified":null,"rejected":0,"unresolved":0,"ledger":{"reconstructed":1,"skipped":0,"failed":0},"canonical_family":"workouts","native_present_verified":1,"completeness_basis":"source_signed_enumeration","relationship_closure":"not_applicable","reasons":[],"qualifiers":[]},{"family":"u10-routines","observed_unique":null,"staged_unique":1,"created_native":null,"already_present_verified":null,"rejected":0,"unresolved":0,"ledger":{"reconstructed":1,"skipped":0,"failed":0},"canonical_family":"workouts","native_present_verified":1,"completeness_basis":"source_signed_enumeration","relationship_closure":"not_applicable","reasons":[],"qualifiers":[]},{"family":"u10-sessions","observed_unique":null,"staged_unique":1,"created_native":null,"already_present_verified":null,"rejected":0,"unresolved":0,"ledger":{"reconstructed":1,"skipped":0,"failed":0},"canonical_family":"workouts","native_present_verified":1,"completeness_basis":"source_signed_enumeration","relationship_closure":"not_applicable","reasons":[],"qualifiers":[]}]},"queries":9,"pid":4486}

    [0m [90m 181 |[39m       }
     [90m 182 |[39m       [90m// Query shapes, outcomes, fixture identifiers and process IDs only; never parameters.[39m
    [31m[1m>[22m[39m[90m 183 |[39m       console[33m.[39mwarn(
     [90m     |[39m               [31m[1m^[22m[39m
     [90m 184 |[39m         [32m'PG17_PROCESS'[39m[33m,[39m
     [90m 185 |[39m         [33mJSON[39m[33m.[39mstringify({
     [90m 186 |[39m           name[33m,[39m[0m

      at settleWorker (test/utils/g2-s11-pg-harness.ts:183:15)
      at ChildProcess.<anonymous> (test/utils/g2-s11-pg-harness.ts:202:7)

  console.warn
    PG17_PROCESS {"name":"g2g_14","options":{"action":"start","coach":"s11a2-coach-a","intent":"81edeb0f-089f-43fb-b31a-8a9216ae7b50","host":"P1","role":"phone"},"result":{"intent_id":"81edeb0f-089f-43fb-b31a-8a9216ae7b50","mode":"server","phase":"discovering","execution_epoch":1,"accepted_start_at":"2026-09-27T20:51:49.732Z","deadline_at":"2026-09-27T20:56:49.732Z"},"queries":3,"pid":4521}

    [0m [90m 181 |[39m       }
     [90m 182 |[39m       [90m// Query shapes, outcomes, fixture identifiers and process IDs only; never parameters.[39m
    [31m[1m>[22m[39m[90m 183 |[39m       console[33m.[39mwarn(
     [90m     |[39m               [31m[1m^[22m[39m
     [90m 184 |[39m         [32m'PG17_PROCESS'[39m[33m,[39m
     [90m 185 |[39m         [33mJSON[39m[33m.[39mstringify({
     [90m 186 |[39m           name[33m,[39m[0m

      at settleWorker (test/utils/g2-s11-pg-harness.ts:183:15)
      at ChildProcess.<anonymous> (test/utils/g2-s11-pg-harness.ts:202:7)

  console.warn
    PG17_PROCESS {"name":"g2g_15","options":{"action":"declare","coach":"s11a2-coach-a","intent":"81edeb0f-089f-43fb-b31a-8a9216ae7b50","body":{"platforms":[{"source_platform":"s10_unseen","account_scope_id_digests":["265867792567e5ff6f7402a88f9c707517887390598b1adbee71a69fed4fba13"]}]},"host":"P2","role":"ext"},"result":{"intent_id":"81edeb0f-089f-43fb-b31a-8a9216ae7b50","challenge_b64":"/ZGZAOMWYiLCaMi1mxNMTB4E+XOMJhzjXFuHgxAGIT4=","declared_at":"2026-09-27T20:51:51.963Z"},"queries":9,"pid":4543}

    [0m [90m 181 |[39m       }
     [90m 182 |[39m       [90m// Query shapes, outcomes, fixture identifiers and process IDs only; never parameters.[39m
    [31m[1m>[22m[39m[90m 183 |[39m       console[33m.[39mwarn(
     [90m     |[39m               [31m[1m^[22m[39m
     [90m 184 |[39m         [32m'PG17_PROCESS'[39m[33m,[39m
     [90m 185 |[39m         [33mJSON[39m[33m.[39mstringify({
     [90m 186 |[39m           name[33m,[39m[0m

      at settleWorker (test/utils/g2-s11-pg-harness.ts:183:15)
      at ChildProcess.<anonymous> (test/utils/g2-s11-pg-harness.ts:202:7)

  console.warn
    PG17_PROCESS {"name":"g2g_16","options":{"action":"ingest","coach":"s11a2-coach-a","intent":"81edeb0f-089f-43fb-b31a-8a9216ae7b50","body":{"entity_type":"u10-routines","sourcePlatform":"s10_unseen","entities":[{"sourceId":"u10-w-1","payload":{"u10_heading":"Synthetic Routine","u10_modality":"lift"}}]},"host":"P1","role":"ext"},"result":{"received":1,"deduped":0},"queries":8,"pid":4564}

    [0m [90m 181 |[39m       }
     [90m 182 |[39m       [90m// Query shapes, outcomes, fixture identifiers and process IDs only; never parameters.[39m
    [31m[1m>[22m[39m[90m 183 |[39m       console[33m.[39mwarn(
     [90m     |[39m               [31m[1m^[22m[39m
     [90m 184 |[39m         [32m'PG17_PROCESS'[39m[33m,[39m
     [90m 185 |[39m         [33mJSON[39m[33m.[39mstringify({
     [90m 186 |[39m           name[33m,[39m[0m

      at settleWorker (test/utils/g2-s11-pg-harness.ts:183:15)
      at ChildProcess.<anonymous> (test/utils/g2-s11-pg-harness.ts:202:7)

  console.warn
    PG17_PROCESS {"name":"g2g_17","options":{"action":"ingest","coach":"s11a2-coach-a","intent":"81edeb0f-089f-43fb-b31a-8a9216ae7b50","body":{"entity_type":"u10-sessions","sourcePlatform":"s10_unseen","entities":[{"sourceId":"u10-w-2","payload":{"u10_heading":"Synthetic Session","u10_modality":"run"}}]},"host":"P2","role":"ext"},"result":{"received":1,"deduped":0},"queries":8,"pid":4584}

    [0m [90m 181 |[39m       }
     [90m 182 |[39m       [90m// Query shapes, outcomes, fixture identifiers and process IDs only; never parameters.[39m
    [31m[1m>[22m[39m[90m 183 |[39m       console[33m.[39mwarn(
     [90m     |[39m               [31m[1m^[22m[39m
     [90m 184 |[39m         [32m'PG17_PROCESS'[39m[33m,[39m
     [90m 185 |[39m         [33mJSON[39m[33m.[39mstringify({
     [90m 186 |[39m           name[33m,[39m[0m

      at settleWorker (test/utils/g2-s11-pg-harness.ts:183:15)
      at ChildProcess.<anonymous> (test/utils/g2-s11-pg-harness.ts:202:7)

  console.warn
    PG17_PROCESS {"name":"g2g_18","options":{"action":"ingest","coach":"s11a2-coach-a","intent":"81edeb0f-089f-43fb-b31a-8a9216ae7b50","body":{"entity_type":"t11-blocks","sourcePlatform":"s11_second","entities":[{"sourceId":"t11-b-1","payload":{"t11_title":"Synthetic Block Two","t11_weeks":6,"t11_days":4}}]},"host":"P2","role":"ext"},"result":{"received":1,"deduped":0},"queries":8,"pid":4604}

    [0m [90m 181 |[39m       }
     [90m 182 |[39m       [90m// Query shapes, outcomes, fixture identifiers and process IDs only; never parameters.[39m
    [31m[1m>[22m[39m[90m 183 |[39m       console[33m.[39mwarn(
     [90m     |[39m               [31m[1m^[22m[39m
     [90m 184 |[39m         [32m'PG17_PROCESS'[39m[33m,[39m
     [90m 185 |[39m         [33mJSON[39m[33m.[39mstringify({
     [90m 186 |[39m           name[33m,[39m[0m

      at settleWorker (test/utils/g2-s11-pg-harness.ts:183:15)
      at ChildProcess.<anonymous> (test/utils/g2-s11-pg-harness.ts:202:7)

  console.warn
    PG17_PROCESS {"name":"g2g_19","options":{"action":"ingest","coach":"s11a2-coach-a","intent":"81edeb0f-089f-43fb-b31a-8a9216ae7b50","body":{"entity_type":"t11-routines","sourcePlatform":"s11_second","entities":[{"sourceId":"t11-r-1","payload":{"t11_title":"Synthetic Routine Two","t11_kind":"run"}}]},"host":"P1","role":"ext"},"result":{"received":1,"deduped":0},"queries":8,"pid":4625}

    [0m [90m 181 |[39m       }
     [90m 182 |[39m       [90m// Query shapes, outcomes, fixture identifiers and process IDs only; never parameters.[39m
    [31m[1m>[22m[39m[90m 183 |[39m       console[33m.[39mwarn(
     [90m     |[39m               [31m[1m^[22m[39m
     [90m 184 |[39m         [32m'PG17_PROCESS'[39m[33m,[39m
     [90m 185 |[39m         [33mJSON[39m[33m.[39mstringify({
     [90m 186 |[39m           name[33m,[39m[0m

      at settleWorker (test/utils/g2-s11-pg-harness.ts:183:15)
      at ChildProcess.<anonymous> (test/utils/g2-s11-pg-harness.ts:202:7)

  console.warn
    PG17_PROCESS {"name":"g2g_20","options":{"action":"observe","coach":"s11a2-coach-a","intent":"81edeb0f-089f-43fb-b31a-8a9216ae7b50","body":{"observations":[{"evidence_version":1,"source_platform":"s10_unseen","account_scope_id_digest":"265867792567e5ff6f7402a88f9c707517887390598b1adbee71a69fed4fba13","family":"clients","basis_kind":"source_signed_enumeration","mapping_spec_digest":"fecf009ed9463bf97766ab08a322f42f6fbe0124a90551a604f5b26def4ae3dc","statement_b64":"eyJhY2NvdW50X3Njb3BlX2lkX2RpZ2VzdCI6IjI2NTg2Nzc5MjU2N2U1ZmY2Zjc0MDJhODhmOWM3MDc1MTc4ODczOTA1OThiMWFkYmVlNzFhNjlmZWQ0ZmJhMTMiLCJjaGFsbGVuZ2VfYjY0IjoiL1pHWkFPTVdZaUxDYU1pMW14Tk1UQjRFK1hPTUpoempYRnVIZ3hBR0lUND0iLCJkYXRlX3dpbmRvdyI6bnVsbCwiZmFtaWx5IjoiY2xpZW50cyIsImlkX3NldF9kaWdlc3QiOiJlM2IwYzQ0Mjk4ZmMxYzE0OWFmYmY0Yzg5OTZmYjkyNDI3YWU0MWU0NjQ5YjkzNGNhNDk1OTkxYjc4NTJiODU1IiwiaXNzdWVkX2F0IjoiMjAyNi0wOS0yN1QyMDo1MjowMC45MjNaIiwib2JzZXJ2ZWRfdW5pcXVlIjowLCJzbmFwc2hvdF9yZWZfZGlnZXN0IjoiYzZiZTdjYTQ2OGI0M2ZiMzc5ODMyMzBhZjc4Y2JmMjcxMzBjNTU1ODQwNDk1OWJhZjFjNjczZWU5YjUzMzQ0YiIsInNvdXJjZV9wbGF0Zm9ybSI6InMxMF91bnNlZW4iLCJzdGF0ZW1lbnRfdmVyc2lvbiI6MSwidGVybWluYWwiOiJlbmRfb2ZfbGlzdCJ9","key_id":"s10_unseen.source.d2","signature_b64":"At3MsF+vp8BoXQ5PbuVtV/uNXmvHh8LbD/Bkb9Y1SQlejZRv+T1mdvsr3NRQlwXSoZOrI+BaLR17KHBx3+o6Dg=="},{"evidence_version":1,"source_platform":"s10_unseen","account_scope_id_digest":"265867792567e5ff6f7402a88f9c707517887390598b1adbee71a69fed4fba13","family":"programs","basis_kind":"source_signed_enumeration","mapping_spec_digest":"fecf009ed9463bf97766ab08a322f42f6fbe0124a90551a604f5b26def4ae3dc","statement_b64":"eyJhY2NvdW50X3Njb3BlX2lkX2RpZ2VzdCI6IjI2NTg2Nzc5MjU2N2U1ZmY2Zjc0MDJhODhmOWM3MDc1MTc4ODczOTA1OThiMWFkYmVlNzFhNjlmZWQ0ZmJhMTMiLCJjaGFsbGVuZ2VfYjY0IjoiL1pHWkFPTVdZaUxDYU1pMW14Tk1UQjRFK1hPTUpoempYRnVIZ3hBR0lUND0iLCJkYXRlX3dpbmRvdyI6bnVsbCwiZmFtaWx5IjoicHJvZ3JhbXMiLCJpZF9zZXRfZGlnZXN0IjoiZTNiMGM0NDI5OGZjMWMxNDlhZmJmNGM4OTk2ZmI5MjQyN2FlNDFlNDY0OWI5MzRjYTQ5NTk5MWI3ODUyYjg1NSIsImlzc3VlZF9hdCI6IjIwMjYtMDktMjdUMjA6NTI6MDAuOTIzWiIsIm9ic2VydmVkX3VuaXF1ZSI6MCwic25hcHNob3RfcmVmX2RpZ2VzdCI6ImM2YmU3Y2E0NjhiNDNmYjM3OTgzMjMwYWY3OGNiZjI3MTMwYzU1NTg0MDQ5NTliYWYxYzY3M2VlOWI1MzM0NGIiLCJzb3VyY2VfcGxhdGZvcm0iOiJzMTBfdW5zZWVuIiwic3RhdGVtZW50X3ZlcnNpb24iOjEsInRlcm1pbmFsIjoiZW5kX29mX2xpc3QifQ==","key_id":"s10_unseen.source.d2","signature_b64":"oybnI+dMkWjSNNa8eHs+L+Dpvp8rcLLDFbMrxWsJm3Om/hFYJsrSngZvXFcsGeV94z6PFOmPQ7lle8BWnyaWCQ=="},{"evidence_version":1,"source_platform":"s10_unseen","account_scope_id_digest":"265867792567e5ff6f7402a88f9c707517887390598b1adbee71a69fed4fba13","family":"workouts","basis_kind":"source_signed_enumeration","mapping_spec_digest":"fecf009ed9463bf97766ab08a322f42f6fbe0124a90551a604f5b26def4ae3dc","statement_b64":"eyJhY2NvdW50X3Njb3BlX2lkX2RpZ2VzdCI6IjI2NTg2Nzc5MjU2N2U1ZmY2Zjc0MDJhODhmOWM3MDc1MTc4ODczOTA1OThiMWFkYmVlNzFhNjlmZWQ0ZmJhMTMiLCJjaGFsbGVuZ2VfYjY0IjoiL1pHWkFPTVdZaUxDYU1pMW14Tk1UQjRFK1hPTUpoempYRnVIZ3hBR0lUND0iLCJkYXRlX3dpbmRvdyI6bnVsbCwiZmFtaWx5Ijoid29ya291dHMiLCJpZF9zZXRfZGlnZXN0IjoiMmRjM2QxNzYxZTFlZTc5MjI0OGEyMjhmNmYzYmY3YjY4YzNiNGRlZjlkZWI0Nzk5Mzc4YTkwNzI1NTZmYWRkOSIsImlzc3VlZF9hdCI6IjIwMjYtMDktMjdUMjA6NTI6MDAuOTIzWiIsIm9ic2VydmVkX3VuaXF1ZSI6Miwic25hcHNob3RfcmVmX2RpZ2VzdCI6ImM2YmU3Y2E0NjhiNDNmYjM3OTgzMjMwYWY3OGNiZjI3MTMwYzU1NTg0MDQ5NTliYWYxYzY3M2VlOWI1MzM0NGIiLCJzb3VyY2VfcGxhdGZvcm0iOiJzMTBfdW5zZWVuIiwic3RhdGVtZW50X3ZlcnNpb24iOjEsInRlcm1pbmFsIjoiZW5kX29mX2xpc3QifQ==","key_id":"s10_unseen.source.d2","signature_b64":"AzRePNq8BOud5uIs5o3eQ2iiL3ZCW//SdREKoyL8LuLU6CkRe7TR96cDVW5uvltPJdKNFG9rXT2wyvhjuvEwBw=="}]},"host":"P1","role":"ext"},"result":{"intent_id":"81edeb0f-089f-43fb-b31a-8a9216ae7b50","execution_epoch":1,"stored":3,"replayed":0},"queries":11,"pid":4649}

    [0m [90m 181 |[39m       }
     [90m 182 |[39m       [90m// Query shapes, outcomes, fixture identifiers and process IDs only; never parameters.[39m
    [31m[1m>[22m[39m[90m 183 |[39m       console[33m.[39mwarn(
     [90m     |[39m               [31m[1m^[22m[39m
     [90m 184 |[39m         [32m'PG17_PROCESS'[39m[33m,[39m
     [90m 185 |[39m         [33mJSON[39m[33m.[39mstringify({
     [90m 186 |[39m           name[33m,[39m[0m

      at settleWorker (test/utils/g2-s11-pg-harness.ts:183:15)
      at ChildProcess.<anonymous> (test/utils/g2-s11-pg-harness.ts:202:7)

  console.warn
    PG17_PROCESS {"name":"g2g_21","options":{"action":"observe","coach":"s11a2-coach-a","intent":"81edeb0f-089f-43fb-b31a-8a9216ae7b50","body":{"observations":[{"evidence_version":1,"source_platform":"s11_second","account_scope_id_digest":"b41d70b4bc8498395519478765f5152138a16931722424835c9f7d72eb2658f9","family":"programs","basis_kind":"source_signed_enumeration","mapping_spec_digest":"a330874b8c3c9d4a4b42d52728d6a3b09feada8411459ae0d0139c5c1e0d0c8e","statement_b64":"eyJhY2NvdW50X3Njb3BlX2lkX2RpZ2VzdCI6ImI0MWQ3MGI0YmM4NDk4Mzk1NTE5NDc4NzY1ZjUxNTIxMzhhMTY5MzE3MjI0MjQ4MzVjOWY3ZDcyZWIyNjU4ZjkiLCJjaGFsbGVuZ2VfYjY0IjoiL1pHWkFPTVdZaUxDYU1pMW14Tk1UQjRFK1hPTUpoempYRnVIZ3hBR0lUND0iLCJkYXRlX3dpbmRvdyI6bnVsbCwiZmFtaWx5IjoicHJvZ3JhbXMiLCJpZF9zZXRfZGlnZXN0IjoiMDk0OWViZmU2ODY4OWFkOWQzZmNmZGIxNjI3MDYyMWE0MWE0YzM0NDQ0NjEwMDUzMmQzOWY4NGZmZDhkYjA1MiIsImlzc3VlZF9hdCI6IjIwMjYtMDktMjdUMjA6NTI6MDMuMjk2WiIsIm9ic2VydmVkX3VuaXF1ZSI6MSwic25hcHNob3RfcmVmX2RpZ2VzdCI6IjdmNjliMTk2NTRiN2ZlYjZhZTJjYWU3ZDllOTJlNDg4MzY4NDVjMWZjZmE2MGFjOTBlYTJlZDkxMjZhZGUwZjgiLCJzb3VyY2VfcGxhdGZvcm0iOiJzMTFfc2Vjb25kIiwic3RhdGVtZW50X3ZlcnNpb24iOjEsInRlcm1pbmFsIjoiZW5kX29mX2xpc3QifQ==","key_id":"s11_second.source.a2","signature_b64":"F5Bl/QFdpQP+FRi/ILyl77j6983GnnkJs9/FwikKqO9ekimRT4WWhulA2LhOfWOOD6gekmjz4jX66HX9z2QDDQ=="},{"evidence_version":1,"source_platform":"s11_second","account_scope_id_digest":"b41d70b4bc8498395519478765f5152138a16931722424835c9f7d72eb2658f9","family":"workouts","basis_kind":"source_signed_enumeration","mapping_spec_digest":"a330874b8c3c9d4a4b42d52728d6a3b09feada8411459ae0d0139c5c1e0d0c8e","statement_b64":"eyJhY2NvdW50X3Njb3BlX2lkX2RpZ2VzdCI6ImI0MWQ3MGI0YmM4NDk4Mzk1NTE5NDc4NzY1ZjUxNTIxMzhhMTY5MzE3MjI0MjQ4MzVjOWY3ZDcyZWIyNjU4ZjkiLCJjaGFsbGVuZ2VfYjY0IjoiL1pHWkFPTVdZaUxDYU1pMW14Tk1UQjRFK1hPTUpoempYRnVIZ3hBR0lUND0iLCJkYXRlX3dpbmRvdyI6bnVsbCwiZmFtaWx5Ijoid29ya291dHMiLCJpZF9zZXRfZGlnZXN0IjoiNTk0NmEzZDE4Njg2NDFhMjc1N2ViYTYzMmU0OWM5OWYyN2Q0NTQwYjM1NjBiMjIzNmNlNGZjY2ZhYzRkMGU4MSIsImlzc3VlZF9hdCI6IjIwMjYtMDktMjdUMjA6NTI6MDMuMjk2WiIsIm9ic2VydmVkX3VuaXF1ZSI6MSwic25hcHNob3RfcmVmX2RpZ2VzdCI6IjdmNjliMTk2NTRiN2ZlYjZhZTJjYWU3ZDllOTJlNDg4MzY4NDVjMWZjZmE2MGFjOTBlYTJlZDkxMjZhZGUwZjgiLCJzb3VyY2VfcGxhdGZvcm0iOiJzMTFfc2Vjb25kIiwic3RhdGVtZW50X3ZlcnNpb24iOjEsInRlcm1pbmFsIjoiZW5kX29mX2xpc3QifQ==","key_id":"s11_second.source.a2","signature_b64":"HQ5u2m78i8Mm3sG0VnoMyMg9/RYMRyNweRh0IbVoVA5jC3nOhP7uRMQWYY9OPbwlz5GjN4NzozvczY8lGK8yAg=="}]},"host":"P2","role":"ext"},"failure":{"status":409,"message":"The observation names a platform, scope or family the run did not declare.","response":{"code":"observation_not_declared","message":"The observation names a platform, scope or family the run did not declare."}},"queries":8,"pid":4673}

    [0m [90m 181 |[39m       }
     [90m 182 |[39m       [90m// Query shapes, outcomes, fixture identifiers and process IDs only; never parameters.[39m
    [31m[1m>[22m[39m[90m 183 |[39m       console[33m.[39mwarn(
     [90m     |[39m               [31m[1m^[22m[39m
     [90m 184 |[39m         [32m'PG17_PROCESS'[39m[33m,[39m
     [90m 185 |[39m         [33mJSON[39m[33m.[39mstringify({
     [90m 186 |[39m           name[33m,[39m[0m

      at settleWorker (test/utils/g2-s11-pg-harness.ts:183:15)
      at ChildProcess.<anonymous> (test/utils/g2-s11-pg-harness.ts:202:7)

  console.warn
    PG17_PROCESS {"name":"g2g_22","options":{"action":"complete","coach":"s11a2-coach-a","intent":"81edeb0f-089f-43fb-b31a-8a9216ae7b50","body":{"terminal_status":"success"},"host":"P1","role":"ext"},"result":{"acknowledged":true,"intent_id":"81edeb0f-089f-43fb-b31a-8a9216ae7b50"},"queries":86,"pid":4694}

    [0m [90m 181 |[39m       }
     [90m 182 |[39m       [90m// Query shapes, outcomes, fixture identifiers and process IDs only; never parameters.[39m
    [31m[1m>[22m[39m[90m 183 |[39m       console[33m.[39mwarn(
     [90m     |[39m               [31m[1m^[22m[39m
     [90m 184 |[39m         [32m'PG17_PROCESS'[39m[33m,[39m
     [90m 185 |[39m         [33mJSON[39m[33m.[39mstringify({
     [90m 186 |[39m           name[33m,[39m[0m

      at settleWorker (test/utils/g2-s11-pg-harness.ts:183:15)
      at ChildProcess.<anonymous> (test/utils/g2-s11-pg-harness.ts:202:7)

  console.warn
    PG17_PROCESS {"name":"g2g_23","options":{"action":"status","coach":"s11a2-coach-a","intent":"81edeb0f-089f-43fb-b31a-8a9216ae7b50","host":"P1","role":"phone"},"result":{"intent_id":"81edeb0f-089f-43fb-b31a-8a9216ae7b50","status":"partial","entity_counts":[{"entity_type":"t11-blocks","committed":1},{"entity_type":"t11-routines","committed":1},{"entity_type":"u10-routines","committed":1},{"entity_type":"u10-sessions","committed":1}],"started_at":"2026-09-27T20:51:54.183Z","completed_at":"2026-09-27T20:52:08.085Z","mode":"server","phase":"reconciling","accepted_start_at":"2026-09-27T20:51:49.732Z","deadline_at":"2026-09-27T20:56:49.732Z","last_observed_at":"2026-09-27T20:52:08.077Z","execution_epoch":1,"reason_code":"coverage_basis_unknown","claimed_status":"success","families":[{"family":"t11-blocks","observed_unique":null,"staged_unique":1,"created_native":null,"already_present_verified":null,"rejected":0,"unresolved":0,"ledger":{"reconstructed":1,"skipped":0,"failed":0},"canonical_family":"programs","native_present_verified":1,"completeness_basis":"none","relationship_closure":"not_applicable","reasons":[],"qualifiers":[]},{"family":"t11-routines","observed_unique":null,"staged_unique":1,"created_native":null,"already_present_verified":null,"rejected":0,"unresolved":0,"ledger":{"reconstructed":1,"skipped":0,"failed":0},"canonical_family":"workouts","native_present_verified":1,"completeness_basis":"none","relationship_closure":"not_applicable","reasons":[],"qualifiers":[]},{"family":"u10-routines","observed_unique":null,"staged_unique":1,"created_native":null,"already_present_verified":null,"rejected":0,"unresolved":0,"ledger":{"reconstructed":1,"skipped":0,"failed":0},"canonical_family":"workouts","native_present_verified":1,"completeness_basis":"none","relationship_closure":"not_applicable","reasons":[],"qualifiers":[]},{"family":"u10-sessions","observed_unique":null,"staged_unique":1,"created_native":null,"already_present_verified":null,"rejected":0,"unresolved":0,"ledger":{"reconstructed":1,"skipped":0,"failed":0},"canonical_family":"workouts","native_present_verified":1,"completeness_basis":"none","relationship_closure":"not_applicable","reasons":[],"qualifiers":[]}]},"queries":9,"pid":4724}

    [0m [90m 181 |[39m       }
     [90m 182 |[39m       [90m// Query shapes, outcomes, fixture identifiers and process IDs only; never parameters.[39m
    [31m[1m>[22m[39m[90m 183 |[39m       console[33m.[39mwarn(
     [90m     |[39m               [31m[1m^[22m[39m
     [90m 184 |[39m         [32m'PG17_PROCESS'[39m[33m,[39m
     [90m 185 |[39m         [33mJSON[39m[33m.[39mstringify({
     [90m 186 |[39m           name[33m,[39m[0m

      at settleWorker (test/utils/g2-s11-pg-harness.ts:183:15)
      at ChildProcess.<anonymous> (test/utils/g2-s11-pg-harness.ts:202:7)

  console.warn
    PG17_PROCESS {"name":"g2g_24","options":{"action":"status","coach":"s11a2-coach-a","intent":"81edeb0f-089f-43fb-b31a-8a9216ae7b50","host":"P2","role":"phone"},"result":{"intent_id":"81edeb0f-089f-43fb-b31a-8a9216ae7b50","status":"partial","entity_counts":[{"entity_type":"t11-blocks","committed":1},{"entity_type":"t11-routines","committed":1},{"entity_type":"u10-routines","committed":1},{"entity_type":"u10-sessions","committed":1}],"started_at":"2026-09-27T20:51:54.183Z","completed_at":"2026-09-27T20:52:08.085Z","mode":"server","phase":"reconciling","accepted_start_at":"2026-09-27T20:51:49.732Z","deadline_at":"2026-09-27T20:56:49.732Z","last_observed_at":"2026-09-27T20:52:08.077Z","execution_epoch":1,"reason_code":"coverage_basis_unknown","claimed_status":"success","families":[{"family":"t11-blocks","observed_unique":null,"staged_unique":1,"created_native":null,"already_present_verified":null,"rejected":0,"unresolved":0,"ledger":{"reconstructed":1,"skipped":0,"failed":0},"canonical_family":"programs","native_present_verified":1,"completeness_basis":"none","relationship_closure":"not_applicable","reasons":[],"qualifiers":[]},{"family":"t11-routines","observed_unique":null,"staged_unique":1,"created_native":null,"already_present_verified":null,"rejected":0,"unresolved":0,"ledger":{"reconstructed":1,"skipped":0,"failed":0},"canonical_family":"workouts","native_present_verified":1,"completeness_basis":"none","relationship_closure":"not_applicable","reasons":[],"qualifiers":[]},{"family":"u10-routines","observed_unique":null,"staged_unique":1,"created_native":null,"already_present_verified":null,"rejected":0,"unresolved":0,"ledger":{"reconstructed":1,"skipped":0,"failed":0},"canonical_family":"workouts","native_present_verified":1,"completeness_basis":"none","relationship_closure":"not_applicable","reasons":[],"qualifiers":[]},{"family":"u10-sessions","observed_unique":null,"staged_unique":1,"created_native":null,"already_present_verified":null,"rejected":0,"unresolved":0,"ledger":{"reconstructed":1,"skipped":0,"failed":0},"canonical_family":"workouts","native_present_verified":1,"completeness_basis":"none","relationship_closure":"not_applicable","reasons":[],"qualifiers":[]}]},"queries":9,"pid":4744}

    [0m [90m 181 |[39m       }
     [90m 182 |[39m       [90m// Query shapes, outcomes, fixture identifiers and process IDs only; never parameters.[39m
    [31m[1m>[22m[39m[90m 183 |[39m       console[33m.[39mwarn(
     [90m     |[39m               [31m[1m^[22m[39m
     [90m 184 |[39m         [32m'PG17_PROCESS'[39m[33m,[39m
     [90m 185 |[39m         [33mJSON[39m[33m.[39mstringify({
     [90m 186 |[39m           name[33m,[39m[0m

      at settleWorker (test/utils/g2-s11-pg-harness.ts:183:15)
      at ChildProcess.<anonymous> (test/utils/g2-s11-pg-harness.ts:202:7)

  console.warn
    PG17_PROCESS {"name":"g2g_25","options":{"action":"start","coach":"s11a2-coach-a","intent":"9e57daea-5f4b-49f4-9929-ec076c16f335","host":"P2","role":"phone"},"result":{"intent_id":"9e57daea-5f4b-49f4-9929-ec076c16f335","mode":"server","phase":"discovering","execution_epoch":1,"accepted_start_at":"2026-09-27T20:52:14.950Z","deadline_at":"2026-09-27T20:57:14.950Z"},"queries":3,"pid":4770}

    [0m [90m 181 |[39m       }
     [90m 182 |[39m       [90m// Query shapes, outcomes, fixture identifiers and process IDs only; never parameters.[39m
    [31m[1m>[22m[39m[90m 183 |[39m       console[33m.[39mwarn(
     [90m     |[39m               [31m[1m^[22m[39m
     [90m 184 |[39m         [32m'PG17_PROCESS'[39m[33m,[39m
     [90m 185 |[39m         [33mJSON[39m[33m.[39mstringify({
     [90m 186 |[39m           name[33m,[39m[0m

      at settleWorker (test/utils/g2-s11-pg-harness.ts:183:15)
      at ChildProcess.<anonymous> (test/utils/g2-s11-pg-harness.ts:202:7)

  console.warn
    PG17_BLOCKED {"name":"g2g_27","rows":[{"type":"Lock","wait":"transactionid"}]}

    [0m [90m 213 |[39m [32m      FROM pg_stat_activity WHERE application_name=${quote(name)} AND wait_event_type='Lock'`[39m)[33m;[39m
     [90m 214 |[39m     [36mif[39m (rows[33m.[39mlength [33m>[39m [35m0[39m) {
    [31m[1m>[22m[39m[90m 215 |[39m       console[33m.[39mwarn([32m'PG17_BLOCKED'[39m[33m,[39m [33mJSON[39m[33m.[39mstringify({ name[33m,[39m rows }))[33m;[39m
     [90m     |[39m               [31m[1m^[22m[39m
     [90m 216 |[39m       [36mreturn[39m[33m;[39m
     [90m 217 |[39m     }
     [90m 218 |[39m     [36mawait[39m [36mnew[39m [33mPromise[39m((r) [33m=>[39m setTimeout(r[33m,[39m [35m25[39m))[33m;[39m[0m

      at Object.blocked (test/utils/g2-s11-pg-harness.ts:215:15)
      at Object.<anonymous> (test/scout/s11/journey-induction.pg.spec.ts:461:5)

  console.warn
    PG17_PROCESS {"name":"g2g_26","options":{"action":"declare","coach":"s11a2-coach-a","intent":"9e57daea-5f4b-49f4-9929-ec076c16f335","body":{"platforms":[{"source_platform":"s10_unseen","account_scope_id_digests":["265867792567e5ff6f7402a88f9c707517887390598b1adbee71a69fed4fba13"]},{"source_platform":"s11_second","account_scope_id_digests":["b41d70b4bc8498395519478765f5152138a16931722424835c9f7d72eb2658f9"]}]},"pause":"locked","txTimeout":60000,"host":"P1","role":"ext"},"result":{"intent_id":"9e57daea-5f4b-49f4-9929-ec076c16f335","challenge_b64":"+fgttgauLTUb2LFeBFeRWT0Lr5LGfYcttKMurmSu4tA=","declared_at":"2026-09-27T20:52:19.598Z"},"queries":10,"pid":4791}

    [0m [90m 181 |[39m       }
     [90m 182 |[39m       [90m// Query shapes, outcomes, fixture identifiers and process IDs only; never parameters.[39m
    [31m[1m>[22m[39m[90m 183 |[39m       console[33m.[39mwarn(
     [90m     |[39m               [31m[1m^[22m[39m
     [90m 184 |[39m         [32m'PG17_PROCESS'[39m[33m,[39m
     [90m 185 |[39m         [33mJSON[39m[33m.[39mstringify({
     [90m 186 |[39m           name[33m,[39m[0m

      at settleWorker (test/utils/g2-s11-pg-harness.ts:183:15)
      at ChildProcess.<anonymous> (test/utils/g2-s11-pg-harness.ts:202:7)

  console.warn
    PG17_PROCESS {"name":"g2g_27","options":{"action":"ingest","coach":"s11a2-coach-a","intent":"9e57daea-5f4b-49f4-9929-ec076c16f335","body":{"entity_type":"t11-blocks","sourcePlatform":"s11_second","entities":[{"sourceId":"t11-b-1","payload":{"t11_title":"Synthetic Block Two","t11_weeks":6,"t11_days":4}}]},"txTimeout":60000,"host":"P2","role":"ext"},"result":{"received":1,"deduped":0},"queries":8,"pid":4812}

    [0m [90m 181 |[39m       }
     [90m 182 |[39m       [90m// Query shapes, outcomes, fixture identifiers and process IDs only; never parameters.[39m
    [31m[1m>[22m[39m[90m 183 |[39m       console[33m.[39mwarn(
     [90m     |[39m               [31m[1m^[22m[39m
     [90m 184 |[39m         [32m'PG17_PROCESS'[39m[33m,[39m
     [90m 185 |[39m         [33mJSON[39m[33m.[39mstringify({
     [90m 186 |[39m           name[33m,[39m[0m

      at settleWorker (test/utils/g2-s11-pg-harness.ts:183:15)
      at ChildProcess.<anonymous> (test/utils/g2-s11-pg-harness.ts:202:7)

  console.warn
    PG17_PROCESS {"name":"g2g_28","options":{"action":"declare","coach":"s11a2-coach-a","intent":"9e57daea-5f4b-49f4-9929-ec076c16f335","body":{"platforms":[{"source_platform":"s10_unseen","account_scope_id_digests":["265867792567e5ff6f7402a88f9c707517887390598b1adbee71a69fed4fba13"]},{"source_platform":"s11_second","account_scope_id_digests":["b41d70b4bc8498395519478765f5152138a16931722424835c9f7d72eb2658f9"]}]},"host":"P2","role":"ext"},"result":{"intent_id":"9e57daea-5f4b-49f4-9929-ec076c16f335","challenge_b64":"+fgttgauLTUb2LFeBFeRWT0Lr5LGfYcttKMurmSu4tA=","declared_at":"2026-09-27T20:52:19.598Z"},"queries":6,"pid":4927}

    [0m [90m 181 |[39m       }
     [90m 182 |[39m       [90m// Query shapes, outcomes, fixture identifiers and process IDs only; never parameters.[39m
    [31m[1m>[22m[39m[90m 183 |[39m       console[33m.[39mwarn(
     [90m     |[39m               [31m[1m^[22m[39m
     [90m 184 |[39m         [32m'PG17_PROCESS'[39m[33m,[39m
     [90m 185 |[39m         [33mJSON[39m[33m.[39mstringify({
     [90m 186 |[39m           name[33m,[39m[0m

      at settleWorker (test/utils/g2-s11-pg-harness.ts:183:15)
      at ChildProcess.<anonymous> (test/utils/g2-s11-pg-harness.ts:202:7)

  console.warn
    PG17_PROCESS {"name":"g2g_29","options":{"action":"declare","coach":"s11a2-coach-a","intent":"9e57daea-5f4b-49f4-9929-ec076c16f335","body":{"platforms":[{"source_platform":"s10_unseen","account_scope_id_digests":["265867792567e5ff6f7402a88f9c707517887390598b1adbee71a69fed4fba13"]}]},"host":"P2","role":"ext"},"failure":{"status":409,"message":"The run already holds a different declaration; it is immutable.","response":{"code":"declaration_conflict","message":"The run already holds a different declaration; it is immutable."}},"queries":6,"pid":4946}

    [0m [90m 181 |[39m       }
     [90m 182 |[39m       [90m// Query shapes, outcomes, fixture identifiers and process IDs only; never parameters.[39m
    [31m[1m>[22m[39m[90m 183 |[39m       console[33m.[39mwarn(
     [90m     |[39m               [31m[1m^[22m[39m
     [90m 184 |[39m         [32m'PG17_PROCESS'[39m[33m,[39m
     [90m 185 |[39m         [33mJSON[39m[33m.[39mstringify({
     [90m 186 |[39m           name[33m,[39m[0m

      at settleWorker (test/utils/g2-s11-pg-harness.ts:183:15)
      at ChildProcess.<anonymous> (test/utils/g2-s11-pg-harness.ts:202:7)

  console.warn
    PG17_PROCESS {"name":"g2g_30","options":{"action":"start","coach":"s11a2-coach-a","intent":"fbbb6514-9029-4b0b-a0a9-5205409a1bec","host":"P1","role":"phone"},"result":{"intent_id":"fbbb6514-9029-4b0b-a0a9-5205409a1bec","mode":"server","phase":"discovering","execution_epoch":1,"accepted_start_at":"2026-09-27T20:52:26.463Z","deadline_at":"2026-09-27T20:57:26.463Z"},"queries":3,"pid":4974}

    [0m [90m 181 |[39m       }
     [90m 182 |[39m       [90m// Query shapes, outcomes, fixture identifiers and process IDs only; never parameters.[39m
    [31m[1m>[22m[39m[90m 183 |[39m       console[33m.[39mwarn(
     [90m     |[39m               [31m[1m^[22m[39m
     [90m 184 |[39m         [32m'PG17_PROCESS'[39m[33m,[39m
     [90m 185 |[39m         [33mJSON[39m[33m.[39mstringify({
     [90m 186 |[39m           name[33m,[39m[0m

      at settleWorker (test/utils/g2-s11-pg-harness.ts:183:15)
      at ChildProcess.<anonymous> (test/utils/g2-s11-pg-harness.ts:202:7)

  console.warn
    PG17_BLOCKED {"name":"g2g_32","rows":[{"type":"Lock","wait":"transactionid"}]}

    [0m [90m 213 |[39m [32m      FROM pg_stat_activity WHERE application_name=${quote(name)} AND wait_event_type='Lock'`[39m)[33m;[39m
     [90m 214 |[39m     [36mif[39m (rows[33m.[39mlength [33m>[39m [35m0[39m) {
    [31m[1m>[22m[39m[90m 215 |[39m       console[33m.[39mwarn([32m'PG17_BLOCKED'[39m[33m,[39m [33mJSON[39m[33m.[39mstringify({ name[33m,[39m rows }))[33m;[39m
     [90m     |[39m               [31m[1m^[22m[39m
     [90m 216 |[39m       [36mreturn[39m[33m;[39m
     [90m 217 |[39m     }
     [90m 218 |[39m     [36mawait[39m [36mnew[39m [33mPromise[39m((r) [33m=>[39m setTimeout(r[33m,[39m [35m25[39m))[33m;[39m[0m

      at Object.blocked (test/utils/g2-s11-pg-harness.ts:215:15)
      at Object.<anonymous> (test/scout/s11/journey-induction.pg.spec.ts:502:5)

  console.warn
    PG17_PROCESS {"name":"g2g_31","options":{"action":"ingest","coach":"s11a2-coach-a","intent":"fbbb6514-9029-4b0b-a0a9-5205409a1bec","body":{"entity_type":"t11-blocks","sourcePlatform":"s11_second","entities":[{"sourceId":"t11-b-1","payload":{"t11_title":"Synthetic Block Two","t11_weeks":6,"t11_days":4}}]},"pause":"gated","txTimeout":60000,"host":"P2","role":"ext"},"result":{"received":1,"deduped":0},"queries":8,"pid":4996}

    [0m [90m 181 |[39m       }
     [90m 182 |[39m       [90m// Query shapes, outcomes, fixture identifiers and process IDs only; never parameters.[39m
    [31m[1m>[22m[39m[90m 183 |[39m       console[33m.[39mwarn(
     [90m     |[39m               [31m[1m^[22m[39m
     [90m 184 |[39m         [32m'PG17_PROCESS'[39m[33m,[39m
     [90m 185 |[39m         [33mJSON[39m[33m.[39mstringify({
     [90m 186 |[39m           name[33m,[39m[0m

      at settleWorker (test/utils/g2-s11-pg-harness.ts:183:15)
      at ChildProcess.<anonymous> (test/utils/g2-s11-pg-harness.ts:202:7)

  console.warn
    PG17_PROCESS {"name":"g2g_32","options":{"action":"declare","coach":"s11a2-coach-a","intent":"fbbb6514-9029-4b0b-a0a9-5205409a1bec","body":{"platforms":[{"source_platform":"s10_unseen","account_scope_id_digests":["265867792567e5ff6f7402a88f9c707517887390598b1adbee71a69fed4fba13"]},{"source_platform":"s11_second","account_scope_id_digests":["b41d70b4bc8498395519478765f5152138a16931722424835c9f7d72eb2658f9"]}]},"txTimeout":60000,"host":"P1","role":"ext"},"failure":{"status":409,"message":"The run has already staged rows or a claim; it can no longer be declared.","response":{"code":"declaration_after_ingest","message":"The run has already staged rows or a claim; it can no longer be declared."}},"queries":8,"pid":5018}

    [0m [90m 181 |[39m       }
     [90m 182 |[39m       [90m// Query shapes, outcomes, fixture identifiers and process IDs only; never parameters.[39m
    [31m[1m>[22m[39m[90m 183 |[39m       console[33m.[39mwarn(
     [90m     |[39m               [31m[1m^[22m[39m
     [90m 184 |[39m         [32m'PG17_PROCESS'[39m[33m,[39m
     [90m 185 |[39m         [33mJSON[39m[33m.[39mstringify({
     [90m 186 |[39m           name[33m,[39m[0m

      at settleWorker (test/utils/g2-s11-pg-harness.ts:183:15)
      at ChildProcess.<anonymous> (test/utils/g2-s11-pg-harness.ts:202:7)

  console.warn
    PG17_PROCESS {"name":"g2g_33","options":{"action":"declare","coach":"s11a2-coach-a","intent":"fbbb6514-9029-4b0b-a0a9-5205409a1bec","body":{"platforms":[{"source_platform":"s10_unseen","account_scope_id_digests":["265867792567e5ff6f7402a88f9c707517887390598b1adbee71a69fed4fba13"]},{"source_platform":"s11_second","account_scope_id_digests":["b41d70b4bc8498395519478765f5152138a16931722424835c9f7d72eb2658f9"]}]},"host":"P2","role":"ext"},"failure":{"status":409,"message":"The run has already staged rows or a claim; it can no longer be declared.","response":{"code":"declaration_after_ingest","message":"The run has already staged rows or a claim; it can no longer be declared."}},"queries":8,"pid":5131}

    [0m [90m 181 |[39m       }
     [90m 182 |[39m       [90m// Query shapes, outcomes, fixture identifiers and process IDs only; never parameters.[39m
    [31m[1m>[22m[39m[90m 183 |[39m       console[33m.[39mwarn(
     [90m     |[39m               [31m[1m^[22m[39m
     [90m 184 |[39m         [32m'PG17_PROCESS'[39m[33m,[39m
     [90m 185 |[39m         [33mJSON[39m[33m.[39mstringify({
     [90m 186 |[39m           name[33m,[39m[0m

      at settleWorker (test/utils/g2-s11-pg-harness.ts:183:15)
      at ChildProcess.<anonymous> (test/utils/g2-s11-pg-harness.ts:202:7)

  console.warn
    PG17_PROCESS {"name":"g2g_34","options":{"action":"observe","coach":"s11a2-coach-a","intent":"fbbb6514-9029-4b0b-a0a9-5205409a1bec","body":{"observations":[{"evidence_version":1,"source_platform":"s11_second","account_scope_id_digest":"b41d70b4bc8498395519478765f5152138a16931722424835c9f7d72eb2658f9","family":"programs","basis_kind":"source_signed_enumeration","mapping_spec_digest":"a330874b8c3c9d4a4b42d52728d6a3b09feada8411459ae0d0139c5c1e0d0c8e","statement_b64":"eyJhY2NvdW50X3Njb3BlX2lkX2RpZ2VzdCI6ImI0MWQ3MGI0YmM4NDk4Mzk1NTE5NDc4NzY1ZjUxNTIxMzhhMTY5MzE3MjI0MjQ4MzVjOWY3ZDcyZWIyNjU4ZjkiLCJjaGFsbGVuZ2VfYjY0IjoiQndjSEJ3Y0hCd2NIQndjSEJ3Y0hCd2NIQndjSEJ3Y0hCd2NIQndjSEJ3Yz0iLCJkYXRlX3dpbmRvdyI6bnVsbCwiZmFtaWx5IjoicHJvZ3JhbXMiLCJpZF9zZXRfZGlnZXN0IjoiMDk0OWViZmU2ODY4OWFkOWQzZmNmZGIxNjI3MDYyMWE0MWE0YzM0NDQ0NjEwMDUzMmQzOWY4NGZmZDhkYjA1MiIsImlzc3VlZF9hdCI6IjIwMjYtMDktMjdUMjA6NTI6MzMuODM2WiIsIm9ic2VydmVkX3VuaXF1ZSI6MSwic25hcHNob3RfcmVmX2RpZ2VzdCI6IjdmNjliMTk2NTRiN2ZlYjZhZTJjYWU3ZDllOTJlNDg4MzY4NDVjMWZjZmE2MGFjOTBlYTJlZDkxMjZhZGUwZjgiLCJzb3VyY2VfcGxhdGZvcm0iOiJzMTFfc2Vjb25kIiwic3RhdGVtZW50X3ZlcnNpb24iOjEsInRlcm1pbmFsIjoiZW5kX29mX2xpc3QifQ==","key_id":"s11_second.source.a2","signature_b64":"nBtc5+cr9yJGpWWOuz3pHnOgPN9GJd86k6ugx9hOseahHJf9s0h5M7bGU7YjiI+DIH594IOhxCO+cjLPLBjTBw=="},{"evidence_version":1,"source_platform":"s11_second","account_scope_id_digest":"b41d70b4bc8498395519478765f5152138a16931722424835c9f7d72eb2658f9","family":"workouts","basis_kind":"source_signed_enumeration","mapping_spec_digest":"a330874b8c3c9d4a4b42d52728d6a3b09feada8411459ae0d0139c5c1e0d0c8e","statement_b64":"eyJhY2NvdW50X3Njb3BlX2lkX2RpZ2VzdCI6ImI0MWQ3MGI0YmM4NDk4Mzk1NTE5NDc4NzY1ZjUxNTIxMzhhMTY5MzE3MjI0MjQ4MzVjOWY3ZDcyZWIyNjU4ZjkiLCJjaGFsbGVuZ2VfYjY0IjoiQndjSEJ3Y0hCd2NIQndjSEJ3Y0hCd2NIQndjSEJ3Y0hCd2NIQndjSEJ3Yz0iLCJkYXRlX3dpbmRvdyI6bnVsbCwiZmFtaWx5Ijoid29ya291dHMiLCJpZF9zZXRfZGlnZXN0IjoiNTk0NmEzZDE4Njg2NDFhMjc1N2ViYTYzMmU0OWM5OWYyN2Q0NTQwYjM1NjBiMjIzNmNlNGZjY2ZhYzRkMGU4MSIsImlzc3VlZF9hdCI6IjIwMjYtMDktMjdUMjA6NTI6MzMuODM2WiIsIm9ic2VydmVkX3VuaXF1ZSI6MSwic25hcHNob3RfcmVmX2RpZ2VzdCI6IjdmNjliMTk2NTRiN2ZlYjZhZTJjYWU3ZDllOTJlNDg4MzY4NDVjMWZjZmE2MGFjOTBlYTJlZDkxMjZhZGUwZjgiLCJzb3VyY2VfcGxhdGZvcm0iOiJzMTFfc2Vjb25kIiwic3RhdGVtZW50X3ZlcnNpb24iOjEsInRlcm1pbmFsIjoiZW5kX29mX2xpc3QifQ==","key_id":"s11_second.source.a2","signature_b64":"DrThA4/rfKztt72X06yYT1pBazzsA435NJPQMLuAmDR6OgQH9elhFH2GCqPf0CsF04Doz6ACYziDFcs/fiHjBw=="}]},"host":"P1","role":"ext"},"failure":{"status":409,"message":"The run has no declaration; declare its platforms and scopes first.","response":{"code":"declaration_missing","message":"The run has no declaration; declare its platforms and scopes first."}},"queries":7,"pid":5155}

    [0m [90m 181 |[39m       }
     [90m 182 |[39m       [90m// Query shapes, outcomes, fixture identifiers and process IDs only; never parameters.[39m
    [31m[1m>[22m[39m[90m 183 |[39m       console[33m.[39mwarn(
     [90m     |[39m               [31m[1m^[22m[39m
     [90m 184 |[39m         [32m'PG17_PROCESS'[39m[33m,[39m
     [90m 185 |[39m         [33mJSON[39m[33m.[39mstringify({
     [90m 186 |[39m           name[33m,[39m[0m

      at settleWorker (test/utils/g2-s11-pg-harness.ts:183:15)
      at ChildProcess.<anonymous> (test/utils/g2-s11-pg-harness.ts:202:7)

PASS test/scout/s11/journey-induction.pg.spec.ts (88.937 s)
  S11-A2 induction — two sources, two hosts over one disposable PG (J09-J11)
    ✓ J09 declares, transfers and observes two platforms across two hosts and settles `complete` (30757 ms)
    ✓ J10 settles `partial` / `coverage_basis_unknown` with null counts for the undeclared platform (25226 ms)
    ✓ J11(a) declaration on P1 holds the run row first → declared, then the batch on P2 lands (11446 ms)
    ✓ J11(b) the batch on P2 holds the run row first → the batch lands, the declaration on P1 is refused (11994 ms)

Test Suites: 1 passed, 1 total
Tests:       4 passed, 4 total
Snapshots:   0 total
Time:        89.179 s
Ran all test suites within paths "test/scout/s11/journey-induction.pg.spec.ts".
