PASS test/scout/induction/digest.spec.ts (8.915 s)
FAIL test/scout/induction/verify.spec.ts
  ● R27 (evaluator half) — evaluator family-set agreement given the caller-supplied grouped_families › a family-set disagreement between the manifest and the caller-supplied grouped_families → known: false

    expect(received).toEqual(expected) // deep equality

    - Expected  - 2
    + Received  + 2

    @@ -2,16 +2,16 @@
        "clients": Object {
          "known": false,
        },
        "programs": Object {
          "basis_kind": "source_signed_enumeration",
    -     "covers_staged_identities": true,
    +     "covers_staged_identities": false,
          "known": true,
          "observed_unique": 1,
        },
        "workouts": Object {
          "basis_kind": "source_signed_enumeration",
    -     "covers_staged_identities": true,
    +     "covers_staged_identities": false,
          "known": true,
          "observed_unique": 3,
        },
      }

      720 |       ]),
      721 |     };
    > 722 |     expect(evaluateCoverage(input({ staged: [poisoned] }))).toEqual({
          |                                                             ^
      723 |       ...BASELINE,
      724 |       clients: UNKNOWN,
      725 |     });

      at Object.<anonymous> (test/scout/induction/verify.spec.ts:722:61)

PASS test/scout/induction/parse.spec.ts
PASS test/scout/induction/manifest-registry.spec.ts
PASS test/scout/induction/contract.spec.ts

Test Suites: 1 failed, 4 passed, 5 total
Tests:       1 failed, 83 passed, 84 total
Snapshots:   0 total
Time:        10.89 s
Ran all test suites within paths "test/scout/induction/contract.spec.ts", "test/scout/induction/digest.spec.ts", "test/scout/induction/manifest-registry.spec.ts", "test/scout/induction/parse.spec.ts", "test/scout/induction/verify.spec.ts".
