{
  "head": "c5a5ae12c5b3c3e32a4601c99319ad7c0d980057",
  "root": "/home/user/workspace/worktrees/s4",
  "cases": [
    "C5",
    "C6"
  ],
  "candidateShape": false,
  "observations": [
    {
      "case": "C5 coalescer: establishSession queued before refresh snapshot, then second caller",
      "fetchesAfterFirstCaller": [
        "R-new"
      ],
      "fetchesAfterSecondCaller": [
        "R-new"
      ],
      "parallelPresentationOfSameRefreshToken": false,
      "resultA": "A-m0",
      "resultC": "A-m0",
      "storedRefreshAfter": "R-rot0",
      "note": "observation only; not asserted"
    },
    {
      "case": "C6 same-epoch coalescing",
      "vals": [
        "A-k",
        "A-k"
      ],
      "fetches": 1
    }
  ],
  "unhandledRejections": 0,
  "pass": true,
  "failure": null,
  "scope": "actual shipped modules of the named root; real Response bodies on synthetic ReadableStreams; intercepted timers; single Node process; no browser, no network, no dependencies, no worktree writes"
}
