{
  "head": "c5a5ae12c5b3c3e32a4601c99319ad7c0d980057",
  "root": "/home/user/workspace/worktrees/s4",
  "cases": "all",
  "candidateShape": false,
  "observations": [
    {
      "case": "C1 pair: complete JSON, stream never closes, deadline fires",
      "liveDeadlineBeforeFire": 0,
      "stateAfterDeadline": "pending",
      "value": "PENDING",
      "requestSignalAborted": false,
      "streamCancelRequested": false,
      "sessionEstablishedSentAfterSettle": 0,
      "events": []
    },
    {
      "case": "C1 refresh: complete JSON, stream never closes, deadline fires",
      "liveDeadlineBeforeFire": 0,
      "stateAfterDeadline": "pending",
      "value": "PENDING",
      "streamCancelRequested": false,
      "storedRefreshAfter": "R-c1",
      "nextGetAccessToken": "PENDING",
      "fetchesTotal": 1,
      "events": []
    },
    {
      "case": "C2 pair: body stream errors with AbortError on deadline abort (browser-shaped)",
      "value": "PENDING",
      "requestSignalAborted": false,
      "streamErrored": false,
      "events": [],
      "spuriousCancelFailedLogged": false,
      "bodyBytesInConsole": false,
      "sessionEstablishedSent": 0
    },
    {
      "case": "C2 refresh: body stream errors with AbortError on deadline abort",
      "value": "PENDING",
      "streamErrored": null,
      "events": [],
      "spuriousCancelFailedLogged": false,
      "bodyBytesInConsole": false,
      "storedRefreshAfter": "R-c2"
    },
    {
      "case": "C5 coalescer: establishSession queued before refresh snapshot, then second caller",
      "fetchesAfterFirstCaller": [],
      "fetchesAfterSecondCaller": [],
      "parallelPresentationOfSameRefreshToken": false,
      "resultA": "PENDING",
      "resultC": "PENDING",
      "storedRefreshAfter": "R-new",
      "note": "observation only; not asserted"
    }
  ],
  "unhandledRejections": 0,
  "pass": false,
  "failure": {
    "name": "TypeError",
    "message": "release is not a function"
  },
  "scope": "actual shipped modules of the named root; real Response bodies on synthetic ReadableStreams; intercepted timers; single Node process; no browser, no network, no dependencies, no worktree writes"
}
