{
  "head": "84471e99b278e964f7cb3f6bf9c78491064c41b7",
  "root": "/home/user/workspace/worktrees/s4-r3",
  "cases": [
    "C5",
    "C6"
  ],
  "candidateShape": true,
  "observations": [
    {
      "case": "C5 coalescer: establishSession queued before refresh snapshot, then second caller",
      "fetchesAfterFirstCaller": [
        "R-new"
      ],
      "fetchesAfterSecondCaller": [
        "R-new",
        "R-new"
      ],
      "parallelPresentationOfSameRefreshToken": true,
      "resultA": "A-m0",
      "resultC": null,
      "storedRefreshAfter": "R-rot0",
      "note": "observation only; not asserted"
    },
    {
      "case": "C6 same-epoch coalescing",
      "vals": [
        "A-k",
        "A-k"
      ],
      "fetches": 1
    }
  ],
  "unhandledRejections": 0,
  "pass": true,
  "failure": null,
  "scope": "actual shipped modules of the named root; real Response bodies on synthetic ReadableStreams; intercepted timers; single Node process; no browser, no network, no dependencies, no worktree writes"
}
