label=hook-resolution-offline-proof head=d5cd9b8b0690a2e6f2c3fd8ff320a1ceb13d650c merge_head=5c7b42b3ea5be84e4c740fa5d7e42a94d5230d06 write_tree=a584a1b95423f95dae8daabf673ef3776604acbb node=v20.20.1 npm=10.8.2 NODE_OPTIONS='--max-old-space-size=4096' npm_config_offline='true' CHECKPOINT_DISABLE='1' PRISMA_GENERATE_SKIP_AUTOINSTALL='unset' cwd=/home/user/workspace/worktrees/s3-prep2 T=60 loadavg='0.16 0.74 1.19 1/113 28201' mem_avail_mb=7714 utc=2026-09-23T16:53:30Z
cmd: source $O/steps/chk.sh
export npm_config_offline=true
N0=$(ls -d "$HOME/.npm/_npx"/* 2>/dev/null | wc -l); echo "npx cache dirs before=$N0"
eq "readlink -f node_modules/.bin/prettier" "$TOOL/node_modules/prettier/bin/prettier.cjs" "$(readlink -f node_modules/.bin/prettier)"
eq "sha256 of resolved prettier" 6e922134a3c76fd4de202959bb6aef50bde0c994148075003a15569b7197906e "$(sha256sum "$(readlink -f node_modules/.bin/prettier)" | cut -d' ' -f1)"
eq "npx --no-install prettier --version" 3.9.6 "$(npx --no-install prettier --version 2>&1)"
OUT=$(npx prettier --version 2>&1); eq "npx prettier --version (hook form)" 3.9.6 "$OUT"
chk "no 'Need to install' prompt" bash -c "! printf '%s' \"$OUT\" | grep -qi 'need to install'"
eq "npx cache dirs unchanged" "$N0" "$(ls -d "$HOME/.npm/_npx"/* 2>/dev/null | wc -l)"
eq "npx --no-install tsc --version" "Version 5.9.3" "$(npx --no-install tsc --version 2>&1)"
eq "npx --no-install eslint --version" "v10.5.0" "$(npx --no-install eslint --version 2>&1)"
echo "which eslint on npx path: $(readlink -f node_modules/.bin/eslint)"
chk "checker present" test -f scripts/check-r75.js
node scripts/check-r75.js --mode=staged; r=$?; echo "staged-mode exit=$r"; eq "check-r75 staged exit" 0 "$r"
eq "CHECKPOINT_DISABLE" 1 "${CHECKPOINT_DISABLE-unset}"
eq "write-tree" a584a1b95423f95dae8daabf673ef3776604acbb "$(git write-tree)"
exit $FAIL
npx cache dirs before=0
postcheck: readlink -f node_modules/.bin/prettier rc=0 | /home/user/workspace/execution/s3-composition-prep/tooling/prettier-3.9.6/node_modules/prettier/bin/prettier.cjs
postcheck: sha256 of resolved prettier rc=0 | 6e922134a3c76fd4de202959bb6aef50bde0c994148075003a15569b7197906e
postcheck: npx --no-install prettier --version rc=0 | 3.9.6
postcheck: npx prettier --version (hook form) rc=0 | 3.9.6
postcheck: no 'Need to install' prompt rc=0 |  
postcheck: npx cache dirs unchanged rc=0 | 0
postcheck: npx --no-install tsc --version rc=0 | Version 5.9.3
postcheck: npx --no-install eslint --version rc=0 | v10.5.0
which eslint on npx path: /home/user/workspace/worktrees/s3-prep2/node_modules/eslint/bin/eslint.js
postcheck: checker present rc=0 |  
R75 --cached; policy=:.github/r75-policy.json
Counts are whole-file after (+) and before (-); net is the per-class change.
as any: +2 -2 net 0
OK — no positive token change
staged-mode exit=0
postcheck: check-r75 staged exit rc=0 | 0
postcheck: CHECKPOINT_DISABLE rc=0 | 1
postcheck: write-tree rc=0 | a584a1b95423f95dae8daabf673ef3776604acbb
exit=0 (124=timeout,137=killed) utc=2026-09-23T16:53:36Z write_tree_after=a584a1b95423f95dae8daabf673ef3776604acbb
step_status=0 utc=2026-09-23T16:53:36Z
