TS=20260922T001045Z STAGE=full RUNNER=s5-r3 REV=4 START=2026-09-22T00:10:45Z
WORKTREE=/home/user/workspace/worktrees/s5-r3 BRANCH=execute/20260921-s5-r3
HEAD=cf3e72f90ad63d40c1831d8b86141f2d16b7ba05 TREE=85d57e9d41dd9cce5699b32b669f90ea459fc01b CLEAN=yes DIRTY_FINGERPRINT=none
PACKAGE_LOCK_BLOB=354de3dae19449970497da6e4d87f0a1225a8f43 NODE_MODULES_PACKAGE_LOCK_SHA256=05bc530aa44bfa6df64f0daa8edb66c5181abf4bfbc309bd8da2c8aff37b6a44
node v20.20.1 npm 10.8.2 git 2.53.0 psql: psql (PostgreSQL) 18.6 (Ubuntu 18.6-0ubuntu0.26.04.1)
PIN host=127.0.0.1 port=54325 db=g2_s5_etq0_disposable admin=s5_super datadir=/home/user/pg17/clusters/s5 version=170006 cluster_marker=s5-disposable-pg17 db_marker=s5-g2-etq0-synthetic-disposable-fixture-safe-to-drop
PG_DIST=/home/user/pg17/dist postgres_sha256=23cd174849b273064c47d581b55be596be2f5cf0ee5d3e76c0146e2464bf873a version=postgres (PostgreSQL) 17.6
PROVENANCE artifact=https://repo1.maven.org/maven2/io/zonky/test/postgres/embedded-postgres-binaries-linux-amd64/17.6.0/embedded-postgres-binaries-linux-amd64-17.6.0.jar
PROVENANCE jar_sha256=23da5a044b4fb7a5a081a45008c95749c873305328d73f86aefd56922ce1d29d
PROVENANCE postgres_sha256=23cd174849b273064c47d581b55be596be2f5cf0ee5d3e76c0146e2464bf873a
PROVENANCE installed_by=execution/s2-composition/infra/setup-20-pg17.sh
PROVENANCE utc=2026-09-21T23:52:13Z
PROVENANCE result=success
DATA_DIRECTORY_STATE=absent
G2_PG17_CONFIRM=g2_s5_etq0_disposable:54325
G2_PG17_DATABASE_URL=postgresql://s5_super@127.0.0.1:54325/g2_s5_etq0_disposable?schema=public&connection_limit=2
G2_PG17_DATA_DIRECTORY=/home/user/pg17/clusters/s5
G2_PG17_OLD_CLIENT=/home/user/workspace/execution/s5-r3/old-client-925780e0
G2_PG17_OLD_ROOT=/home/user/workspace/execution/s5-r3/old-root-925780e0
G2_PG17_PSQL=/usr/bin/psql
G2_PG17_SERVER_VERSION=170006
NODE_OPTIONS=--max-old-space-size=4096
G2_PG17_PASSWORD=<from environment, not logged>
cpus=2 mem_mb=7966
