OFFLINE_GUARD_OK stage=reset rev=3
LOCK_HELD /home/user/workspace/execution/test-validation.lock stage=reset pid=5192
TS=20260921T233239Z STAGE=reset RUNNER=s5-r3 REV=3 START=2026-09-21T23:32:39Z
WORKTREE=/home/user/workspace/worktrees/s5-r3 BRANCH=execute/20260921-s5-r3
HEAD=9f38ab033b08ae30ce2fc62d0150520239d6a5c8 TREE=49d2e03cbb60d81d010bfc524ae2e1a4cd1f425a CLEAN=no DIRTY_FINGERPRINT=5fd085eea645315723ee0839afa1cff5a7b4b7cd8e3ee375b44df542977a8767
DIRTY_PATH  M test/rls-g2-pg17-etq0.spec.ts
 M test/scout/g2-pg17-db-guard.spec.ts
 M test/utils/g2-pg17-bootstrap.sh
 M test/utils/g2-pg17-db.ts
PACKAGE_LOCK_BLOB=354de3dae19449970497da6e4d87f0a1225a8f43 NODE_MODULES_PACKAGE_LOCK_SHA256=absent
node v20.20.1 npm 10.8.2 git 2.53.0 psql: psql (PostgreSQL) 18.0 (stub)
PIN host=127.0.0.1 port=54325 db=g2_s5_etq0_disposable admin=s5_super datadir=/home/user/pg17/clusters/s5 version=170006 cluster_marker=s5-disposable-pg17 db_marker=s5-g2-etq0-synthetic-disposable-fixture-safe-to-drop
G2_PG17_CONFIRM=g2_s5_etq0_disposable:54325
G2_PG17_DATABASE_URL=postgresql://s5_super@127.0.0.1:54325/g2_s5_etq0_disposable?schema=public&connection_limit=2
G2_PG17_DATA_DIRECTORY=/home/user/pg17/clusters/s5
G2_PG17_OLD_CLIENT=/home/user/workspace/execution/s5-r3/old-client-925780e0
G2_PG17_OLD_ROOT=/home/user/workspace/execution/s5-r3/old-root-925780e0
G2_PG17_PSQL=/home/user/workspace/execution/s5-r3/stubs/psql-stub.sh
G2_PG17_SERVER_VERSION=170006
NODE_OPTIONS=--max-old-space-size=4096
G2_PG17_PASSWORD=<from environment, not logged>
cpus=2 mem_mb=7966
PREFLIGHT version=170006 cluster=s5-disposable-pg17 datadir=/home/user/pg17/clusters/s5 listen=127.0.0.1 addr=127.0.0.1 port=54325 user=s5_super super=t hosted_roles=0 dbs=[postgres s5_tgp template0 template1 tgp_production] target_exists=0 target_marker=<absent> target_sessions=0
preflight: unexpected database 'tgp_production' on the cluster; foreign server refused
PROOF_EXIT=3 STAGE=reset TS=20260921T233239Z START=2026-09-21T23:32:39Z END=2026-09-21T23:32:39Z
