[32m[Nest] 6645  - [39m09/29/2026, 3:44:34 PM [32m    LOG[39m [38;5;3m[ScoutReconstructService] [39m[32mscout.reconstruct run pass completed {"intent_id":"75b87ffc-5bad-4dba-b780-619be71f513f","coach_id":"s10u-a","epoch":1,"stopped":null,"families":[{"token":"u10-routines","family":"workouts","staged":1,"reconstructed":1,"skipped":0,"failed":0,"stopped":null},{"token":"u10-sessions","family":"workouts","staged":1,"reconstructed":1,"skipped":0,"failed":0,"stopped":null}],"unmapped_families":[]}[39m
[32m[Nest] 6645  - [39m09/29/2026, 3:44:34 PM [32m    LOG[39m [38;5;3m[ScoutReconstructService] [39m[32mscout.reconstruct run pass completed {"intent_id":"55bd5792-a0f4-4d0d-9518-678861765b03","coach_id":"s10u-replay","epoch":1,"stopped":null,"families":[{"token":"u10-routines","family":"workouts","staged":1,"reconstructed":1,"skipped":0,"failed":0,"stopped":null},{"token":"u10-sessions","family":"workouts","staged":1,"reconstructed":1,"skipped":0,"failed":0,"stopped":null}],"unmapped_families":[]}[39m
[32m[Nest] 6645  - [39m09/29/2026, 3:44:34 PM [32m    LOG[39m [38;5;3m[ScoutReconstructService] [39m[32mscout.reconstruct run pass completed {"intent_id":"c921ee98-0d39-4901-bd04-d35ada5897e3","coach_id":"s10u-replay","epoch":1,"stopped":null,"families":[{"token":"u10-routines","family":"workouts","staged":1,"reconstructed":1,"skipped":0,"failed":0,"stopped":null},{"token":"u10-sessions","family":"workouts","staged":1,"reconstructed":1,"skipped":0,"failed":0,"stopped":null}],"unmapped_families":[]}[39m
[32m[Nest] 6645  - [39m09/29/2026, 3:44:34 PM [32m    LOG[39m [38;5;3m[ScoutReconstructService] [39m[32mscout.reconstruct run pass completed {"intent_id":"5ae43941-7f6d-4752-a754-fe93b28cd70d","coach_id":"s10u-b","epoch":1,"stopped":null,"families":[{"token":"u10-routines","family":"workouts","staged":1,"reconstructed":1,"skipped":0,"failed":0,"stopped":null},{"token":"u10-sessions","family":"workouts","staged":1,"reconstructed":1,"skipped":0,"failed":0,"stopped":null}],"unmapped_families":[]}[39m
[32m[Nest] 6645  - [39m09/29/2026, 3:44:35 PM [32m    LOG[39m [38;5;3m[ScoutReconstructService] [39m[32mscout.reconstruct run pass completed {"intent_id":"cfc3684c-2602-448a-9ca7-825fa8a7cbb2","coach_id":"s10u-c","epoch":1,"stopped":null,"families":[{"token":"u10-routines","family":"workouts","staged":1,"reconstructed":1,"skipped":0,"failed":0,"stopped":null},{"token":"u10-sessions","family":"workouts","staged":2,"reconstructed":2,"skipped":0,"failed":0,"stopped":null}],"unmapped_families":[]}[39m
[32m[Nest] 6645  - [39m09/29/2026, 3:44:35 PM [32m    LOG[39m [38;5;3m[ScoutReconstructService] [39m[32mscout.reconstruct run pass completed {"intent_id":"afffa4ec-cfec-4a4d-ab7e-35713b66471e","coach_id":"s10u-d","epoch":1,"stopped":null,"families":[{"token":"u10-routines","family":"workouts","staged":1,"reconstructed":1,"skipped":0,"failed":0,"stopped":null},{"token":"u10-sessions","family":"workouts","staged":1,"reconstructed":1,"skipped":0,"failed":0,"stopped":null},{"token":"client_history","family":null,"staged":1,"reconstructed":0,"skipped":1,"failed":0,"stopped":null}],"unmapped_families":["client_history"]}[39m
[32m[Nest] 6645  - [39m09/29/2026, 3:44:35 PM [32m    LOG[39m [38;5;3m[ScoutReconstructService] [39m[32mscout.reconstruct run pass completed {"intent_id":"6a38644d-b56e-4ae4-bfe6-1e03c2283a57","coach_id":"s10u-e","epoch":1,"stopped":null,"families":[{"token":"u10-routines","family":"workouts","staged":1,"reconstructed":1,"skipped":0,"failed":0,"stopped":null},{"token":"u10-sessions","family":"workouts","staged":1,"reconstructed":1,"skipped":0,"failed":0,"stopped":null}],"unmapped_families":[]}[39m
[32m[Nest] 6645  - [39m09/29/2026, 3:44:35 PM [32m    LOG[39m [38;5;3m[ScoutReconstructService] [39m[32mscout.reconstruct run pass completed {"intent_id":"ac605b05-5da3-45a1-93cf-ea4137e0421e","coach_id":"s10u-f","epoch":1,"stopped":null,"families":[{"token":"u10-routines","family":"workouts","staged":1,"reconstructed":1,"skipped":0,"failed":0,"stopped":null},{"token":"u10-sessions","family":"workouts","staged":1,"reconstructed":1,"skipped":0,"failed":0,"stopped":null}],"unmapped_families":[]}[39m
[32m[Nest] 6645  - [39m09/29/2026, 3:44:35 PM [32m    LOG[39m [38;5;3m[ScoutReconstructService] [39m[32mscout.reconstruct run pass completed {"intent_id":"f5a6f63e-fc8e-4e07-a595-0bb12217fbca","coach_id":"s10u-g","epoch":1,"stopped":null,"families":[{"token":"u10-routines","family":"workouts","staged":1,"reconstructed":1,"skipped":0,"failed":0,"stopped":null},{"token":"u10-sessions","family":"workouts","staged":1,"reconstructed":1,"skipped":0,"failed":0,"stopped":null},{"token":"programs","family":null,"staged":1,"reconstructed":0,"skipped":1,"failed":0,"stopped":null}],"unmapped_families":["programs"]}[39m
[32m[Nest] 6645  - [39m09/29/2026, 3:44:35 PM [32m    LOG[39m [38;5;3m[ScoutReconstructService] [39m[32mscout.reconstruct run pass completed {"intent_id":"30ee1f1c-f7ad-4aca-8296-7296da753ffb","coach_id":"s10u-h","epoch":1,"stopped":null,"families":[{"token":"u10-members","family":"clients","staged":2,"reconstructed":2,"skipped":0,"failed":0,"stopped":null},{"token":"u10-routines","family":"workouts","staged":1,"reconstructed":1,"skipped":0,"failed":0,"stopped":null},{"token":"u10-sessions","family":"workouts","staged":1,"reconstructed":1,"skipped":0,"failed":0,"stopped":null}],"unmapped_families":[]}[39m
[32m[Nest] 6645  - [39m09/29/2026, 3:44:36 PM [32m    LOG[39m [38;5;3m[ScoutReconstructService] [39m[32mscout.reconstruct run pass completed {"intent_id":"679c113c-f4ca-48cb-aaaf-df131a141cb8","coach_id":"s10u-i","epoch":1,"stopped":null,"families":[{"token":"u10-members","family":"clients","staged":3,"reconstructed":2,"skipped":1,"failed":0,"stopped":null},{"token":"u10-routines","family":"workouts","staged":1,"reconstructed":1,"skipped":0,"failed":0,"stopped":null},{"token":"u10-sessions","family":"workouts","staged":1,"reconstructed":1,"skipped":0,"failed":0,"stopped":null}],"unmapped_families":[]}[39m
PASS test/scout/s10/s10-unseen.pg.spec.ts (10.124 s)
  s10_unseen — NEW SOURCE → CORE DIFF = 0, live on PG17 (R39, R41)
    ✓ R39 (a) all declared units verified → complete (one settled basis, source-signed) (2609 ms)
    ✓ R41 replaying the intent over the same source ids creates no second native row (390 ms)
    ✓ R39 (b) nativeRules 'absent' → partial / unresolved_identities (230 ms)
    ✓ R39 (c) a client-linked row → partial (no native client principal, D-S8-2) (225 ms)
    ✓ R39 (d) staged undeclared client_history → unresolved_family (172 ms)
    ✓ R39 (e) one declared family unproven → coverage_basis_unknown (150 ms)
    ✓ R39 (f) extension-signed statements only → coverage_basis_unknown (148 ms)
    ✓ R27 live: canonical-token programs row is covered but unmapped by the pass → partial (204 ms)
    ✓ (h) staged clients rows → complete: the S8-D1 typed person handoff lets S9 verify the roster Persons (InvitePending, no User; roster_bridge_pending still carried) (256 ms)
    ✓ (i) A1 rail: a second raw client id that trims to the same person is refused → partial / unresolved_identities, ONE Person, one verified row (274 ms)

Test Suites: 1 passed, 1 total
Tests:       10 passed, 10 total
Snapshots:   0 total
Time:        10.271 s
Ran all test suites within paths "test/scout/s10/s10-unseen.pg.spec.ts".
