PASS test/contracts/importer-contract.spec.ts (61.188 s)
[31m[Nest] 10821  - [39m09/26/2026, 3:20:38 PM [31m  ERROR[39m [38;5;3m[ExtensionPairService] [39m[31mpair init: exhausted code-mint attempts[39m
[31m[Nest] 10821  - [39m09/26/2026, 3:20:38 PM [31m  ERROR[39m [38;5;3m[ExtensionPairService] [39m[31mpair init: exhausted code-mint attempts[39m
PASS src/extension-pair/__tests__/extension-pair.service.spec.ts
PASS src/extension-pair/__tests__/durable-session.spec.ts
[33m[Nest] 10821  - [39m09/26/2026, 3:20:39 PM [33m   WARN[39m [38;5;3m[ExtensionPairService] [39m[33msetup readiness read failed; readiness omitted (unknown)[39m
[33m[Nest] 10821  - [39m09/26/2026, 3:20:39 PM [33m   WARN[39m [38;5;3m[ExtensionPairService] [39m[33msetup readiness read failed; readiness omitted (unknown)[39m
[33m[Nest] 10821  - [39m09/26/2026, 3:20:39 PM [33m   WARN[39m [38;5;3m[ExtensionPairService] [39m[33msetup readiness read failed; readiness omitted (unknown)[39m
[33m[Nest] 10821  - [39m09/26/2026, 3:20:39 PM [33m   WARN[39m [38;5;3m[ExtensionPairService] [39m[33msetup readiness read failed; readiness omitted (unknown)[39m
[33m[Nest] 10821  - [39m09/26/2026, 3:20:39 PM [33m   WARN[39m [38;5;3m[ExtensionPairService] [39m[33msetup readiness read failed; readiness omitted (unknown)[39m
[33m[Nest] 10821  - [39m09/26/2026, 3:20:39 PM [33m   WARN[39m [38;5;3m[ExtensionPairService] [39m[33msetup readiness read failed; readiness omitted (unknown)[39m
[33m[Nest] 10821  - [39m09/26/2026, 3:20:39 PM [33m   WARN[39m [38;5;3m[ExtensionPairService] [39m[33msetup readiness read failed; readiness omitted (unknown)[39m
[33m[Nest] 10821  - [39m09/26/2026, 3:20:39 PM [33m   WARN[39m [38;5;3m[ExtensionPairService] [39m[33msetup readiness read failed; readiness omitted (unknown)[39m
[33m[Nest] 10821  - [39m09/26/2026, 3:20:39 PM [33m   WARN[39m [38;5;3m[ExtensionPairService] [39m[33msetup readiness read failed; readiness omitted (unknown)[39m
[33m[Nest] 10821  - [39m09/26/2026, 3:20:39 PM [33m   WARN[39m [38;5;3m[ExtensionPairService] [39m[33msetup readiness read failed; readiness omitted (unknown)[39m
[33m[Nest] 10821  - [39m09/26/2026, 3:20:39 PM [33m   WARN[39m [38;5;3m[ExtensionPairService] [39m[33msetup readiness read failed; readiness omitted (unknown)[39m
PASS src/extension-pair/__tests__/durable-intent.spec.ts
PASS src/extension-pair/__tests__/readiness.spec.ts
[33m[Nest] 10821  - [39m09/26/2026, 3:20:41 PM [33m   WARN[39m [38;5;3m[ExtensionPairService] [39m[33msetup readiness read failed; readiness omitted (unknown)[39m
[33m[Nest] 10821  - [39m09/26/2026, 3:20:41 PM [33m   WARN[39m [38;5;3m[ExtensionPairService] [39m[33msetup readiness read failed; readiness omitted (unknown)[39m
[33m[Nest] 10821  - [39m09/26/2026, 3:20:41 PM [33m   WARN[39m [38;5;3m[ExtensionPairService] [39m[33msetup readiness read failed; readiness omitted (unknown)[39m
PASS src/extension-pair/__tests__/extension-pair-redeem-contract.spec.ts
[31m[Nest] 10821  - [39m09/26/2026, 3:20:42 PM [31m  ERROR[39m [38;5;3m[AuthService] [39m[31mpair redeem: generateLink failed: no hashed_token[39m
[31m[Nest] 10821  - [39m09/26/2026, 3:20:42 PM [31m  ERROR[39m [38;5;3m[AuthService] [39m[31mpair redeem: verifyOtp failed: bad otp[39m
[31m[Nest] 10821  - [39m09/26/2026, 3:20:42 PM [31m  ERROR[39m [38;5;3m[AuthService] [39m[31mpair redeem: generateLink failed: supabase down[39m
PASS src/extension-pair/__tests__/auth-mint-extension-session.spec.ts
PASS src/extension-pair/__tests__/extension-pair.controller-wiring.spec.ts
PASS src/extension-pair/__tests__/extension-pair.dto.spec.ts
PASS src/extension-pair/__tests__/setup-recovery.spec.ts
PASS src/extension-pair/__tests__/extension-pair.controller.spec.ts
PASS src/extension-pair/__tests__/coach-guard-role.spec.ts

Test Suites: 12 passed, 12 total
Tests:       211 passed, 211 total
Snapshots:   0 total
Time:        67.124 s
Ran all test suites matching src/extension-pair/__tests__|test/contracts/importer-contract.spec.ts.
