{
  "probe": "bound-admission-probe",
  "auditor": "S4 R5 independent audit B",
  "repoRoot": "/home/user/workspace/worktrees/s4-r6",
  "head": "91990ae9aec72f47a67591892ac09fa1f59d2f16",
  "node": "v20.20.1",
  "elapsedMs": 1099,
  "pass": true,
  "failures": [],
  "record": {
    "S1.nothing_presented_while_pending": {
      "pass": true,
      "detail": []
    },
    "S1.old_bound_caller_null": {
      "pass": true,
      "detail": null
    },
    "S1.exactly_one_NEW_presentation_for_two_waiters": {
      "pass": true,
      "detail": [
        "NEW_RT"
      ]
    },
    "S1.both_new_callers_minted": {
      "pass": true,
      "detail": [
        "MINTED_FOR_NEW_RT",
        "MINTED_FOR_NEW_RT"
      ]
    },
    "S1.storage_rotated_by_new_session_only": {
      "pass": true,
      "detail": "ROTATED_FROM_NEW_RT"
    },
    "S2.unbound_run_presented_NEW_once": {
      "pass": true,
      "detail": [
        "NEW_RT"
      ]
    },
    "S2.unbound_caller_gets_current_token": {
      "pass": true,
      "detail": "MINTED_FOR_NEW_RT"
    },
    "S2.old_bound_joiner_refused_B_token": {
      "pass": true,
      "detail": null
    },
    "S2.storage_rotated_once": {
      "pass": true,
      "detail": "ROTATED_FROM_NEW_RT"
    },
    "S3.old_presented_on_wire": {
      "pass": true,
      "detail": [
        "OLD_RT"
      ]
    },
    "S3.new_bound_did_not_join_stale_and_presented_NEW_once": {
      "pass": true,
      "detail": [
        "OLD_RT",
        "NEW_RT"
      ]
    },
    "S3.stale_success_fenced_null": {
      "pass": true,
      "detail": null
    },
    "S3.B_not_overwritten_by_stale": {
      "pass": true,
      "detail": "NEW_RT"
    },
    "S3.new_caller_minted": {
      "pass": true
    },
    "S3.storage_rotated_by_B": {
      "pass": true,
      "detail": "ROTATED_FROM_NEW_RT"
    },
    "S4.old_established": {
      "pass": true
    },
    "S4.start_accepted_while_B_persisting": {
      "pass": true,
      "detail": {
        "ok": true
      }
    },
    "S4.B_acknowledged": {
      "pass": true
    },
    "S4.observed": {
      "refreshTokensPresented": [],
      "ingestBearers": [],
      "progressBearers": [],
      "completeBearers": [],
      "authRequired": 0,
      "lastStatus": "ingest_failed",
      "lastError": "import stopped — your TGP session changed during the import. Start the import again.",
      "storageRefreshToken": "NEW_RT",
      "snapshotErrors": [
        "import stopped — your TGP session changed during the import. Start the import again."
      ]
    },
    "S4.zero_tgp_requests": {
      "pass": true
    },
    "S4.replaced_detail": {
      "pass": true,
      "detail": "import stopped — your TGP session changed during the import. Start the import again."
    },
    "S4.no_auth_required": {
      "pass": true
    },
    "S4.B_intact": {
      "pass": true,
      "detail": "NEW_RT"
    },
    "S4.no_login_required_or_expired": {
      "pass": true,
      "detail": [
        "import stopped — your TGP session changed during the import. Start the import again."
      ]
    },
    "S4.hasSession_true": {
      "pass": true,
      "detail": {
        "ok": true,
        "hasSession": true
      }
    },
    "S4.single_flight_released": {
      "pass": true,
      "detail": {
        "ok": true
      }
    },
    "S5.old_established": {
      "pass": true
    },
    "S5.started": {
      "pass": true
    },
    "S5.B_acknowledged": {
      "pass": true
    },
    "S5.observed": {
      "refreshTokensPresented": [],
      "ingestBearers": [
        "Bearer OLD_ACCESS"
      ],
      "progressBearers": [],
      "completeBearers": [],
      "authRequired": 0,
      "lastStatus": "ingest_failed",
      "lastError": "import stopped — your TGP session changed during the import. Start the import again.",
      "storageRefreshToken": "NEW_RT",
      "snapshotErrors": [
        "import stopped — your TGP session changed during the import. Start the import again."
      ]
    },
    "S5.obsolete_run_presented_nothing": {
      "pass": true,
      "detail": []
    },
    "S5.B_unrotated": {
      "pass": true,
      "detail": "NEW_RT"
    },
    "S5.old_bearer_only": {
      "pass": true,
      "detail": [
        "Bearer OLD_ACCESS"
      ]
    },
    "S5.no_B_credentials_used": {
      "pass": true
    },
    "S5.no_complete": {
      "pass": true
    },
    "S5.replaced_detail_ingest_failed": {
      "pass": true,
      "detail": [
        "ingest_failed",
        "import stopped — your TGP session changed during the import. Start the import again."
      ]
    },
    "S5.no_auth_required": {
      "pass": true
    },
    "S5.hasSession_true": {
      "pass": true
    },
    "S6.bound_generation_cold": 5,
    "S6a.started": {
      "pass": true
    },
    "S6a.observed": {
      "refreshTokensPresented": [
        "OLD_RT"
      ],
      "ingestBearers": [
        "Bearer MINTED_FOR_OLD_RT",
        "Bearer MINTED_FOR_OLD_RT"
      ],
      "progressBearers": [
        "Bearer MINTED_FOR_OLD_RT"
      ],
      "completeBearers": [
        "Bearer MINTED_FOR_OLD_RT"
      ],
      "authRequired": 0,
      "lastStatus": "ingest_succeeded",
      "lastError": null,
      "storageRefreshToken": "ROTATED_FROM_OLD_RT",
      "snapshotErrors": []
    },
    "S6a.cold_preflight_presented_OLD_once": {
      "pass": true,
      "detail": [
        "OLD_RT"
      ]
    },
    "S6a.imported_under_minted_bearer": {
      "pass": true,
      "detail": [
        "Bearer MINTED_FOR_OLD_RT",
        "Bearer MINTED_FOR_OLD_RT"
      ]
    },
    "S6a.succeeded": {
      "pass": true,
      "detail": "ingest_succeeded"
    },
    "S6a.no_auth_required": {
      "pass": true
    },
    "S6b.started": {
      "pass": true
    },
    "S6b.B_acknowledged": {
      "pass": true
    },
    "S6b.observed": {
      "refreshTokensPresented": [
        "OLD_RT"
      ],
      "ingestBearers": [],
      "progressBearers": [],
      "completeBearers": [],
      "authRequired": 0,
      "lastStatus": null,
      "lastError": "import stopped — your TGP session changed during the import. Start the import again.",
      "storageRefreshToken": "NEW_RT",
      "snapshotErrors": [
        "import stopped — your TGP session changed during the import. Start the import again."
      ]
    },
    "S6b.only_OLD_presented": {
      "pass": true,
      "detail": [
        "OLD_RT"
      ]
    },
    "S6b.zero_ingest_progress_complete": {
      "pass": true
    },
    "S6b.replaced_not_login_required": {
      "pass": true,
      "detail": [
        "import stopped — your TGP session changed during the import. Start the import again."
      ]
    },
    "S6b.no_auth_required": {
      "pass": true
    },
    "S6b.B_intact_not_stale_rotated": {
      "pass": true,
      "detail": "NEW_RT"
    },
    "S6b.hasSession_true": {
      "pass": true
    },
    "S7.cold_generation_is_zero": {
      "pass": true,
      "detail": 0
    },
    "S7a.zero_bound_cold_presents_OLD_once": {
      "pass": true,
      "detail": [
        "OLD_RT"
      ]
    },
    "S7a.minted": {
      "pass": true
    },
    "S7a.rotated": {
      "pass": true,
      "detail": "ROTATED_FROM_OLD_RT"
    },
    "S7b.zero_bound_caller_no_session_after_B": {
      "pass": true,
      "detail": {
        "err": "no_session"
      }
    },
    "S7b.only_OLD_presented": {
      "pass": true,
      "detail": [
        "OLD_RT"
      ]
    },
    "S7b.B_intact": {
      "pass": true,
      "detail": "NEW_RT"
    }
  }
}
