STUB MODE — NOT EVIDENCE (stubs=/home/user/workspace/execution/e8d546f9/s2-v61/controls-proposed/stubs, private lock=/home/user/workspace/execution/op88/s2-v57/runtime/test-validation.lock)
lock acquired pid=10138 fd9=/home/user/workspace/execution/op88/s2-v57/runtime/test-validation.lock 2026-09-23T15:44:49Z purpose=s2-composition-proof out=/home/user/workspace/execution/op88/s2-v57/runner-selftest-r57/20260923T154449Z
start_utc=2026-09-23T15:44:49Z runner=/home/user/workspace/execution/e8d546f9/s2-v61/run-composition-r57-v5.7-when-granted.sh runner_sha256=efa273c7de7d4bcc34b6f5be0fae74e412d73a5e82fc9e504a0e2a4c10367e1c head=d5cd9b8b0690a2e6f2c3fd8ff320a1ceb13d650c tree=c0ab87d4dc584b2a7ccad53db16fa551b93fe359 dirty_lines=0 branch=HEAD
expect_head=d5cd9b8b0690a2e6f2c3fd8ff320a1ceb13d650c lock_sha256=62b05b908c835dae51e54af1e553d91f763a070da21813c4419d66e018d61390 expect_lock=62b05b908c835dae51e54af1e553d91f763a070da21813c4419d66e018d61390
cleanup_budget: reap_term=10s reap_kill=5s stop=20+3s status=5+2s scan_hash=3s worst=48s outer_grace=60s margin=12s
harness_sha256=c766a8d9d9e3a600be88a5bf2d60a108eabb88aac363fbe5acf85c96a973b867 release_sh_sha256=8831f8f744d1b42499c8eae7f34e21651c65cf3e831ab82d064434a36482f073
toolchain: timeout=timeout (uutils coreutils) 0.8.0 flock=flock from util-linux 2.41.3 setsid=setsid from util-linux 2.41.3 pgrep=pgrep from procps-ng 4.0.4 bash=5.3.9(1)-release lane_identity: NS=s2comp-r53 DB=s1_rls_s2comp_r53 PORT=54353
nproc=2 mem_free_mb=7721 disk_free=9.7G
closure files identical to 9742037b153221de565e651ad8ba3b721bc0fb31 (package-lock.json package.json prisma/schema.prisma)
STUB MODE: toolchain/node_modules/PG17/fixture-hash prechecks SKIPPED (not evidence); head/dirty/lockfile/closure checks above were REAL
client_boundary: CHECKPOINT_DISABLE=1 exported (stubs echo what they inherit)
10 guard-spec exit=0 stub guard spec (STUB — NOT EVIDENCE) fd9=closed
20 refusal-hosted exit=64 (expect 64) S1-GUARD REFUSED URL_HOST: S1_PG_SUPER_URL host must be the literal loopback address 127.0.0.1 (no hostnames, localhost, IPv6, sockets, remote endpoints)
21 refusal-noconfirm exit=64 (expect 64) S1-GUARD REFUSED CONFIRM: S1_PG_DISPOSABLE_CONFIRM is unset; this harness DROPS databases 's1_rls_s2comp_r53' and 's1_rls_s2comp_r53_lock' on 127.0.0.1:54353 and requires the literal confirmation 'DESTROY-127.0.0.1:54353/s1_rls_s2comp_r53,s1_rls_s2comp_r53_lock'
30 fixture-init exit=0 stub init fd9=/home/user/workspace/execution/op88/s2-v57/runtime/test-validation.lock caller=10587
31 fixture-start exit=0 stub started
32 fixture-status: stub status pid=10654 pgid=10641
lock still held by runner: HELD fd9=/home/user/workspace/execution/op88/s2-v57/runtime/test-validation.lock
DEADLINE: cleanup deadline started (50 s) reason=signal-TERM
SIGNAL SIGTERM at 2026-09-23T15:44:53Z during step '40-composition' (pid=10678 pgid=10678); owned work halts BEFORE any fixture stop; first_exit=143 (outer timeout itself reports 124)
HALT: live owned groups [10678] (current step '40-composition' pid=10678) → SIGTERM to each group (reap wait ≤10s, remaining 50s1790178343)
HALT: owned work still present after TERM → SIGKILL to groups [] (reap wait ≤5s)
HALT: step child pid=10678 reaped (wait status 15) after 15s
REAP FAILED: owned-work processes survive (listed in QUARANTINE.txt):
CLEANUP begin 2026-09-23T15:45:08Z first_exit=143 signal=TERM lock=HELD (held by this runner) budget: reap 10+5s, stop 20+3s, status 5+2s, scan/hash 3s → worst 48s; ENFORCED elapsed deadline 50s (remaining 35s) of outer grace 60s
QUARANTINE: owned work not reaped → fixture stop REFUSED, no further mutation (fixture_started=1). Nothing erased. Parent must inspect QUARANTINE.txt before any other slot.
CLEANUP: surviving processes/listeners after cleanup:
  survivor: 10699 s2r53-stub-escapee 40
LOCK: held by runner through cleanup (HELD); NOT safely handed off — quarantine/survivors; parent must inspect before granting another slot
end_utc=2026-09-23T15:45:08Z final_exit=143 first_exit=143 cleanup_exit=72 signal=TERM reap=FAILED cleanup_seconds=14.71 deadline_exceeded=no (enforced 50s, arithmetic worst 48s, grace 60s) owned_groups=[10678] retired_groups=[10300 10331 10459 10587 10612 10641] guard_spec=0 refusal_hosted=64 refusal_noconfirm=64 fixture=0 composition=interrupted(TERM) s1_r4_discriminator=notrun fixture_stop=REFUSED survivors=present (pre-receipt; authoritative final in RECEIPT.txt)
RECEIPT: receipt_status=ok final_exit=143 first_exit=143 cleanup_exit=72  PUBLICATION: status=ok publication_file=ok deadline_at_publication=no process_exit=143
