STUB MODE — NOT EVIDENCE (stubs=/home/user/workspace/execution/e8d546f9/s2-v61/controls-proposed/stubs, private lock=/home/user/workspace/execution/op88/s2-v57/runtime/test-validation.lock)
lock acquired pid=13382 fd9=/home/user/workspace/execution/op88/s2-v57/runtime/test-validation.lock 2026-09-23T15:45:14Z purpose=s2-composition-proof out=/home/user/workspace/execution/op88/s2-v57/runner-selftest-r57/20260923T154514Z
start_utc=2026-09-23T15:45:14Z runner=/home/user/workspace/execution/e8d546f9/s2-v61/run-composition-r57-v5.7-when-granted.sh runner_sha256=efa273c7de7d4bcc34b6f5be0fae74e412d73a5e82fc9e504a0e2a4c10367e1c head=d5cd9b8b0690a2e6f2c3fd8ff320a1ceb13d650c tree=c0ab87d4dc584b2a7ccad53db16fa551b93fe359 dirty_lines=0 branch=HEAD
expect_head=d5cd9b8b0690a2e6f2c3fd8ff320a1ceb13d650c lock_sha256=62b05b908c835dae51e54af1e553d91f763a070da21813c4419d66e018d61390 expect_lock=62b05b908c835dae51e54af1e553d91f763a070da21813c4419d66e018d61390
cleanup_budget: reap_term=10s reap_kill=5s stop=20+3s status=5+2s scan_hash=3s worst=48s outer_grace=60s margin=12s
harness_sha256=c766a8d9d9e3a600be88a5bf2d60a108eabb88aac363fbe5acf85c96a973b867 release_sh_sha256=8831f8f744d1b42499c8eae7f34e21651c65cf3e831ab82d064434a36482f073
toolchain: timeout=timeout (uutils coreutils) 0.8.0 flock=flock from util-linux 2.41.3 setsid=setsid from util-linux 2.41.3 pgrep=pgrep from procps-ng 4.0.4 bash=5.3.9(1)-release lane_identity: NS=s2comp-r53 DB=s1_rls_s2comp_r53 PORT=54353
nproc=2 mem_free_mb=7715 disk_free=9.7G
closure files identical to 9742037b153221de565e651ad8ba3b721bc0fb31 (package-lock.json package.json prisma/schema.prisma)
STUB MODE: toolchain/node_modules/PG17/fixture-hash prechecks SKIPPED (not evidence); head/dirty/lockfile/closure checks above were REAL
client_boundary: CHECKPOINT_DISABLE=1 exported (stubs echo what they inherit)
10 guard-spec exit=3 stub guard spec (STUB — NOT EVIDENCE) fd9=closed
DEADLINE: cleanup deadline started (50 s) reason=cleanup
CLEANUP begin 2026-09-23T15:45:15Z first_exit=3 signal=none lock=HELD (held by this runner) budget: reap 10+5s, stop 20+3s, status 5+2s, scan/hash 3s → worst 48s; ENFORCED elapsed deadline 50s (remaining 50s) of outer grace 60s
REAP ok: no owned-work process survives (owned groups [none] retired [13526], anchored scan)
CLEANUP: no surviving fixture/owned-work processes, nothing listening on 54353
LOCK: held by runner through cleanup (HELD); released by runner exit; no survivors (probe after exit with check-lock.sh)
end_utc=2026-09-23T15:45:15Z final_exit=3 first_exit=3 cleanup_exit=0 signal=none reap=ok cleanup_seconds=0.04 deadline_exceeded=no (enforced 50s, arithmetic worst 48s, grace 60s) owned_groups=[none] retired_groups=[13526] guard_spec=3 refusal_hosted=notrun refusal_noconfirm=notrun fixture=notrun composition=notrun s1_r4_discriminator=notrun fixture_stop=notrun survivors=none (pre-receipt; authoritative final in RECEIPT.txt)
RECEIPT: receipt_status=ok final_exit=3 first_exit=3 cleanup_exit=0  PUBLICATION: status=ok publication_file=ok deadline_at_publication=no process_exit=3
  enclosure k6 (group 13371) still has members after exit rc=3: [13441 /bin/sh /usr/bin/git status --porcelain --untracked-files=all;13444 sleep 1;13459 /bin/sh /usr/bin/git rev-parse --abbrev-ref HEAD;13461 sleep 1;13513 /bin/sh /usr/bin/git diff --quiet 9742037b153221de565e651ad8ba3b721bc0fb31 HEAD -- package-lock.json package.json prisma/schema.prisma;13514 sleep 1;] → retained as owned survivors (authority kept until cleaned)
