CMD: npx jest --config jest.rls.config.js test/rls-g2-pg17-etq0.spec.ts --runInBand --testTimeout=180000
FAIL rls-live test/rls-g2-pg17-etq0.spec.ts (17.816 s)
  stage 1: E on a populated narrow base with the actual O binary
    ✕ populates synthetic legacy history without a provenance column and O reconstructs 600 staged rows (1 ms)
    ✕ applies E: rows, OIDs, keys, RLS and policies preserved; column nullable without default
    ✕ keeps the actual O writer and readers working on E, creating NULL provenance (1 ms)
    ✕ retains forced RLS denial for anon/authenticated on every touched table, even with a hostile claim
    ✕ refuses a wrong public index owner in up on the populated base
    ✕ refuses a wrong public index owner in down on the populated base
    ✕ schema-qualifies both directions despite search_path decoys, leaving 1230 populated rows intact
    ✕ forced-RLS non-bypass owning role cannot drop hidden provenance (populated=true)
    ✕ forced-RLS non-bypass owning role cannot drop hidden provenance (populated=false) (1 ms)
    ✕ rolls E back only while every provenance is NULL, preserving rows, then re-applies (7 ms)
  stage 2: E recorded through the real release mechanism
    ✕ prisma migrate deploy applies exactly E on the populated database and records history
  stage 3: T provenance, atomicity, accounting and collisions on PostgreSQL 17
    ✕ claims historical NULL history at volume with honest multi-page accounting and identical replay
    ✕ claims only the exact coach/intent/family identity and leaves adjacent tenants untouched
    ✕ creates every outcome with actual provenance, isolates failures and replays honestly
    ✕ claims historical NULL on reconstructed attempts (1 ms)
    ✕ claims historical NULL on skipped attempts
    ✕ claims historical NULL on failed attempts
    ✕ rolls back new and pre-existing clients target changes on late mismatch (1 ms)
    ✕ rolls back new and pre-existing workouts target changes on late mismatch
    ✕ fail-stops mid-batch on a legacy provenance contradiction, keeping earlier committed rows and honest durable counts
    ✕ preserves success and reason on skip failure/skip, but still checks mismatch
    ✕ preserves success and reason on throw failure/skip, but still checks mismatch
    ✕ preserves success and reason on database failure/skip, but still checks mismatch
    ✕ rejects invalid staging before writes and preserves narrow staging/ledger identities
    ✕ cross-intent same source: same platform converges on one Person, different platform mints a second
    ✕ characterizes the retained narrow ledger collision: one intent cannot carry two platforms for one source
    ✕ characterizes actual O after T: provenance stays but O can downgrade success
  stage 3b: deterministically coordinated T/T and O/T processes on PostgreSQL 17
    ✕ concurrent success replays with false old winner converge on one target
    ✕ concurrent success replays with true old winner converge on one target
    ✕ two absent skip inserts observe real P2002 contention and bounded full-transaction retry
    ✕ retries real PostgreSQL serialization failure once for skip
    ✕ retries real PostgreSQL serialization failure once for throw
    ✕ retries real PostgreSQL serialization failure once for success
    ✕ exhausted real ledger serialization conflicts stop after two transactions with no invented tally
    ✕ success holds claim while a failing false old writer waits
    ✕ success holds claim while a failing true old writer waits
    ✕ success holds claim while a skipped false old writer waits
    ✕ success holds claim while a skipped true old writer waits
    ✕ T success upgrades serialized skip while target write is open (1 ms)
    ✕ T success upgrades serialized throw while target write is open
    ✕ concurrent different-platform NULL claims serialize and the loser rolls back target changes (1 ms)
  stage 4: Q0 real scoped reads, cursor boundaries and unchanged emission
    ✕ enumerates exact narrow-schema clients page union and retains NULL legacy history
    ✕ enumerates exact narrow-schema workouts page union and retains NULL legacy history
    ✕ characterizes clients ties ONLY in a temporary future-schema fixture
    ✕ characterizes workouts ties ONLY in a temporary future-schema fixture
    ✕ bounds clients cursor tokens at 8,192 characters and rejects every malformed shape without reflection (1 ms)
    ✕ bounds workouts cursor tokens at 8,192 characters and rejects every malformed shape without reflection
  stage 5: rollout recovery boundaries after T has claimed provenance
    ✕ refuses destructive E rollback while any claim exists, keeps history, and only a drained ledger can roll back
    ✕ E/down lock budgets fail atomically against a live writer transaction instead of queueing behind it

  ● stage 1: E on a populated narrow base with the actual O binary › populates synthetic legacy history without a provenance column and O reconstructs 600 staged rows

    Command failed: /usr/bin/psql -X -w -qAt -v ON_ERROR_STOP=1 postgresql://postgres@127.0.0.1:54325/g2_s5_etq0_disposable?connect_timeout=5
    ERROR:  permission denied to examine "data_directory"
    DETAIL:  Only roles with privileges of the "pg_read_all_settings" role may examine this parameter.

      33 | const adminUrl = asRole(G2_PG17_ADMIN_ROLE);
      34 |
    > 35 | const psqlRun = (url: string, args: string[], input?: string) => execFileSync(
         |                                                                              ^
      36 |   psql!, ['-X', '-w', '-qAt', '-v', 'ON_ERROR_STOP=1', ...args, url],
      37 |   { input, encoding: 'utf8', timeout: 60000, env: psqlEnv, stdio: [input === undefined ? 'ignore' : 'pipe', 'pipe', 'pipe'] },
      38 | ).trim();

      at psqlRun (test/utils/g2-pg17-harness.ts:35:78)
      at sql (test/utils/g2-pg17-harness.ts:39:46)
      at json (test/utils/g2-pg17-harness.ts:44:53)
      at Object.<anonymous> (test/rls-g2-pg17-etq0.spec.ts:27:24)

  ● stage 1: E on a populated narrow base with the actual O binary › applies E: rows, OIDs, keys, RLS and policies preserved; column nullable without default

    Command failed: /usr/bin/psql -X -w -qAt -v ON_ERROR_STOP=1 postgresql://postgres@127.0.0.1:54325/g2_s5_etq0_disposable?connect_timeout=5
    ERROR:  permission denied to examine "data_directory"
    DETAIL:  Only roles with privileges of the "pg_read_all_settings" role may examine this parameter.

      33 | const adminUrl = asRole(G2_PG17_ADMIN_ROLE);
      34 |
    > 35 | const psqlRun = (url: string, args: string[], input?: string) => execFileSync(
         |                                                                              ^
      36 |   psql!, ['-X', '-w', '-qAt', '-v', 'ON_ERROR_STOP=1', ...args, url],
      37 |   { input, encoding: 'utf8', timeout: 60000, env: psqlEnv, stdio: [input === undefined ? 'ignore' : 'pipe', 'pipe', 'pipe'] },
      38 | ).trim();

      at psqlRun (test/utils/g2-pg17-harness.ts:35:78)
      at sql (test/utils/g2-pg17-harness.ts:39:46)
      at json (test/utils/g2-pg17-harness.ts:44:53)
      at Object.<anonymous> (test/rls-g2-pg17-etq0.spec.ts:27:24)

  ● stage 1: E on a populated narrow base with the actual O binary › keeps the actual O writer and readers working on E, creating NULL provenance

    Command failed: /usr/bin/psql -X -w -qAt -v ON_ERROR_STOP=1 postgresql://postgres@127.0.0.1:54325/g2_s5_etq0_disposable?connect_timeout=5
    ERROR:  permission denied to examine "data_directory"
    DETAIL:  Only roles with privileges of the "pg_read_all_settings" role may examine this parameter.

      33 | const adminUrl = asRole(G2_PG17_ADMIN_ROLE);
      34 |
    > 35 | const psqlRun = (url: string, args: string[], input?: string) => execFileSync(
         |                                                                              ^
      36 |   psql!, ['-X', '-w', '-qAt', '-v', 'ON_ERROR_STOP=1', ...args, url],
      37 |   { input, encoding: 'utf8', timeout: 60000, env: psqlEnv, stdio: [input === undefined ? 'ignore' : 'pipe', 'pipe', 'pipe'] },
      38 | ).trim();

      at psqlRun (test/utils/g2-pg17-harness.ts:35:78)
      at sql (test/utils/g2-pg17-harness.ts:39:46)
      at json (test/utils/g2-pg17-harness.ts:44:53)
      at Object.<anonymous> (test/rls-g2-pg17-etq0.spec.ts:27:24)

  ● stage 1: E on a populated narrow base with the actual O binary › retains forced RLS denial for anon/authenticated on every touched table, even with a hostile claim

    Command failed: /usr/bin/psql -X -w -qAt -v ON_ERROR_STOP=1 postgresql://postgres@127.0.0.1:54325/g2_s5_etq0_disposable?connect_timeout=5
    ERROR:  permission denied to examine "data_directory"
    DETAIL:  Only roles with privileges of the "pg_read_all_settings" role may examine this parameter.

      33 | const adminUrl = asRole(G2_PG17_ADMIN_ROLE);
      34 |
    > 35 | const psqlRun = (url: string, args: string[], input?: string) => execFileSync(
         |                                                                              ^
      36 |   psql!, ['-X', '-w', '-qAt', '-v', 'ON_ERROR_STOP=1', ...args, url],
      37 |   { input, encoding: 'utf8', timeout: 60000, env: psqlEnv, stdio: [input === undefined ? 'ignore' : 'pipe', 'pipe', 'pipe'] },
      38 | ).trim();

      at psqlRun (test/utils/g2-pg17-harness.ts:35:78)
      at sql (test/utils/g2-pg17-harness.ts:39:46)
      at json (test/utils/g2-pg17-harness.ts:44:53)
      at Object.<anonymous> (test/rls-g2-pg17-etq0.spec.ts:27:24)

  ● stage 1: E on a populated narrow base with the actual O binary › refuses a wrong public index owner in up on the populated base

    Command failed: /usr/bin/psql -X -w -qAt -v ON_ERROR_STOP=1 postgresql://postgres@127.0.0.1:54325/g2_s5_etq0_disposable?connect_timeout=5
    ERROR:  permission denied to examine "data_directory"
    DETAIL:  Only roles with privileges of the "pg_read_all_settings" role may examine this parameter.

      33 | const adminUrl = asRole(G2_PG17_ADMIN_ROLE);
      34 |
    > 35 | const psqlRun = (url: string, args: string[], input?: string) => execFileSync(
         |                                                                              ^
      36 |   psql!, ['-X', '-w', '-qAt', '-v', 'ON_ERROR_STOP=1', ...args, url],
      37 |   { input, encoding: 'utf8', timeout: 60000, env: psqlEnv, stdio: [input === undefined ? 'ignore' : 'pipe', 'pipe', 'pipe'] },
      38 | ).trim();

      at psqlRun (test/utils/g2-pg17-harness.ts:35:78)
      at sql (test/utils/g2-pg17-harness.ts:39:46)
      at json (test/utils/g2-pg17-harness.ts:44:53)
      at Object.<anonymous> (test/rls-g2-pg17-etq0.spec.ts:27:24)

  ● stage 1: E on a populated narrow base with the actual O binary › refuses a wrong public index owner in down on the populated base

    Command failed: /usr/bin/psql -X -w -qAt -v ON_ERROR_STOP=1 postgresql://postgres@127.0.0.1:54325/g2_s5_etq0_disposable?connect_timeout=5
    ERROR:  permission denied to examine "data_directory"
    DETAIL:  Only roles with privileges of the "pg_read_all_settings" role may examine this parameter.

      33 | const adminUrl = asRole(G2_PG17_ADMIN_ROLE);
      34 |
    > 35 | const psqlRun = (url: string, args: string[], input?: string) => execFileSync(
         |                                                                              ^
      36 |   psql!, ['-X', '-w', '-qAt', '-v', 'ON_ERROR_STOP=1', ...args, url],
      37 |   { input, encoding: 'utf8', timeout: 60000, env: psqlEnv, stdio: [input === undefined ? 'ignore' : 'pipe', 'pipe', 'pipe'] },
      38 | ).trim();

      at psqlRun (test/utils/g2-pg17-harness.ts:35:78)
      at sql (test/utils/g2-pg17-harness.ts:39:46)
      at json (test/utils/g2-pg17-harness.ts:44:53)
      at Object.<anonymous> (test/rls-g2-pg17-etq0.spec.ts:27:24)

  ● stage 1: E on a populated narrow base with the actual O binary › schema-qualifies both directions despite search_path decoys, leaving 1230 populated rows intact

    Command failed: /usr/bin/psql -X -w -qAt -v ON_ERROR_STOP=1 postgresql://postgres@127.0.0.1:54325/g2_s5_etq0_disposable?connect_timeout=5
    ERROR:  permission denied to examine "data_directory"
    DETAIL:  Only roles with privileges of the "pg_read_all_settings" role may examine this parameter.

      33 | const adminUrl = asRole(G2_PG17_ADMIN_ROLE);
      34 |
    > 35 | const psqlRun = (url: string, args: string[], input?: string) => execFileSync(
         |                                                                              ^
      36 |   psql!, ['-X', '-w', '-qAt', '-v', 'ON_ERROR_STOP=1', ...args, url],
      37 |   { input, encoding: 'utf8', timeout: 60000, env: psqlEnv, stdio: [input === undefined ? 'ignore' : 'pipe', 'pipe', 'pipe'] },
      38 | ).trim();

      at psqlRun (test/utils/g2-pg17-harness.ts:35:78)
      at sql (test/utils/g2-pg17-harness.ts:39:46)
      at json (test/utils/g2-pg17-harness.ts:44:53)
      at Object.<anonymous> (test/rls-g2-pg17-etq0.spec.ts:27:24)

  ● stage 1: E on a populated narrow base with the actual O binary › forced-RLS non-bypass owning role cannot drop hidden provenance (populated=true)

    Command failed: /usr/bin/psql -X -w -qAt -v ON_ERROR_STOP=1 postgresql://postgres@127.0.0.1:54325/g2_s5_etq0_disposable?connect_timeout=5
    ERROR:  permission denied to examine "data_directory"
    DETAIL:  Only roles with privileges of the "pg_read_all_settings" role may examine this parameter.

      33 | const adminUrl = asRole(G2_PG17_ADMIN_ROLE);
      34 |
    > 35 | const psqlRun = (url: string, args: string[], input?: string) => execFileSync(
         |                                                                              ^
      36 |   psql!, ['-X', '-w', '-qAt', '-v', 'ON_ERROR_STOP=1', ...args, url],
      37 |   { input, encoding: 'utf8', timeout: 60000, env: psqlEnv, stdio: [input === undefined ? 'ignore' : 'pipe', 'pipe', 'pipe'] },
      38 | ).trim();

      at psqlRun (test/utils/g2-pg17-harness.ts:35:78)
      at sql (test/utils/g2-pg17-harness.ts:39:46)
      at json (test/utils/g2-pg17-harness.ts:44:53)
      at Object.<anonymous> (test/rls-g2-pg17-etq0.spec.ts:27:24)

  ● stage 1: E on a populated narrow base with the actual O binary › forced-RLS non-bypass owning role cannot drop hidden provenance (populated=false)

    Command failed: /usr/bin/psql -X -w -qAt -v ON_ERROR_STOP=1 postgresql://postgres@127.0.0.1:54325/g2_s5_etq0_disposable?connect_timeout=5
    ERROR:  permission denied to examine "data_directory"
    DETAIL:  Only roles with privileges of the "pg_read_all_settings" role may examine this parameter.

      33 | const adminUrl = asRole(G2_PG17_ADMIN_ROLE);
      34 |
    > 35 | const psqlRun = (url: string, args: string[], input?: string) => execFileSync(
         |                                                                              ^
      36 |   psql!, ['-X', '-w', '-qAt', '-v', 'ON_ERROR_STOP=1', ...args, url],
      37 |   { input, encoding: 'utf8', timeout: 60000, env: psqlEnv, stdio: [input === undefined ? 'ignore' : 'pipe', 'pipe', 'pipe'] },
      38 | ).trim();

      at psqlRun (test/utils/g2-pg17-harness.ts:35:78)
      at sql (test/utils/g2-pg17-harness.ts:39:46)
      at json (test/utils/g2-pg17-harness.ts:44:53)
      at Object.<anonymous> (test/rls-g2-pg17-etq0.spec.ts:27:24)

  ● stage 1: E on a populated narrow base with the actual O binary › rolls E back only while every provenance is NULL, preserving rows, then re-applies

    Command failed: /usr/bin/psql -X -w -qAt -v ON_ERROR_STOP=1 postgresql://postgres@127.0.0.1:54325/g2_s5_etq0_disposable?connect_timeout=5
    ERROR:  permission denied to examine "data_directory"
    DETAIL:  Only roles with privileges of the "pg_read_all_settings" role may examine this parameter.

      33 | const adminUrl = asRole(G2_PG17_ADMIN_ROLE);
      34 |
    > 35 | const psqlRun = (url: string, args: string[], input?: string) => execFileSync(
         |                                                                              ^
      36 |   psql!, ['-X', '-w', '-qAt', '-v', 'ON_ERROR_STOP=1', ...args, url],
      37 |   { input, encoding: 'utf8', timeout: 60000, env: psqlEnv, stdio: [input === undefined ? 'ignore' : 'pipe', 'pipe', 'pipe'] },
      38 | ).trim();

      at psqlRun (test/utils/g2-pg17-harness.ts:35:78)
      at sql (test/utils/g2-pg17-harness.ts:39:46)
      at json (test/utils/g2-pg17-harness.ts:44:53)
      at Object.<anonymous> (test/rls-g2-pg17-etq0.spec.ts:27:24)

  ● stage 2: E recorded through the real release mechanism › prisma migrate deploy applies exactly E on the populated database and records history

    Command failed: /usr/bin/psql -X -w -qAt -v ON_ERROR_STOP=1 postgresql://postgres@127.0.0.1:54325/g2_s5_etq0_disposable?connect_timeout=5
    ERROR:  permission denied to examine "data_directory"
    DETAIL:  Only roles with privileges of the "pg_read_all_settings" role may examine this parameter.

      33 | const adminUrl = asRole(G2_PG17_ADMIN_ROLE);
      34 |
    > 35 | const psqlRun = (url: string, args: string[], input?: string) => execFileSync(
         |                                                                              ^
      36 |   psql!, ['-X', '-w', '-qAt', '-v', 'ON_ERROR_STOP=1', ...args, url],
      37 |   { input, encoding: 'utf8', timeout: 60000, env: psqlEnv, stdio: [input === undefined ? 'ignore' : 'pipe', 'pipe', 'pipe'] },
      38 | ).trim();

      at psqlRun (test/utils/g2-pg17-harness.ts:35:78)
      at sql (test/utils/g2-pg17-harness.ts:39:46)
      at json (test/utils/g2-pg17-harness.ts:44:53)
      at Object.<anonymous> (test/rls-g2-pg17-etq0.spec.ts:27:24)

  ● stage 3: T provenance, atomicity, accounting and collisions on PostgreSQL 17 › claims historical NULL history at volume with honest multi-page accounting and identical replay

    Command failed: /usr/bin/psql -X -w -qAt -v ON_ERROR_STOP=1 postgresql://postgres@127.0.0.1:54325/g2_s5_etq0_disposable?connect_timeout=5
    ERROR:  permission denied to examine "data_directory"
    DETAIL:  Only roles with privileges of the "pg_read_all_settings" role may examine this parameter.

      33 | const adminUrl = asRole(G2_PG17_ADMIN_ROLE);
      34 |
    > 35 | const psqlRun = (url: string, args: string[], input?: string) => execFileSync(
         |                                                                              ^
      36 |   psql!, ['-X', '-w', '-qAt', '-v', 'ON_ERROR_STOP=1', ...args, url],
      37 |   { input, encoding: 'utf8', timeout: 60000, env: psqlEnv, stdio: [input === undefined ? 'ignore' : 'pipe', 'pipe', 'pipe'] },
      38 | ).trim();

      at psqlRun (test/utils/g2-pg17-harness.ts:35:78)
      at sql (test/utils/g2-pg17-harness.ts:39:46)
      at json (test/utils/g2-pg17-harness.ts:44:53)
      at Object.<anonymous> (test/rls-g2-pg17-etq0.spec.ts:27:24)

  ● stage 3: T provenance, atomicity, accounting and collisions on PostgreSQL 17 › claims only the exact coach/intent/family identity and leaves adjacent tenants untouched

    Command failed: /usr/bin/psql -X -w -qAt -v ON_ERROR_STOP=1 postgresql://postgres@127.0.0.1:54325/g2_s5_etq0_disposable?connect_timeout=5
    ERROR:  permission denied to examine "data_directory"
    DETAIL:  Only roles with privileges of the "pg_read_all_settings" role may examine this parameter.

      33 | const adminUrl = asRole(G2_PG17_ADMIN_ROLE);
      34 |
    > 35 | const psqlRun = (url: string, args: string[], input?: string) => execFileSync(
         |                                                                              ^
      36 |   psql!, ['-X', '-w', '-qAt', '-v', 'ON_ERROR_STOP=1', ...args, url],
      37 |   { input, encoding: 'utf8', timeout: 60000, env: psqlEnv, stdio: [input === undefined ? 'ignore' : 'pipe', 'pipe', 'pipe'] },
      38 | ).trim();

      at psqlRun (test/utils/g2-pg17-harness.ts:35:78)
      at sql (test/utils/g2-pg17-harness.ts:39:46)
      at json (test/utils/g2-pg17-harness.ts:44:53)
      at Object.<anonymous> (test/rls-g2-pg17-etq0.spec.ts:27:24)

  ● stage 3: T provenance, atomicity, accounting and collisions on PostgreSQL 17 › creates every outcome with actual provenance, isolates failures and replays honestly

    Command failed: /usr/bin/psql -X -w -qAt -v ON_ERROR_STOP=1 postgresql://postgres@127.0.0.1:54325/g2_s5_etq0_disposable?connect_timeout=5
    ERROR:  permission denied to examine "data_directory"
    DETAIL:  Only roles with privileges of the "pg_read_all_settings" role may examine this parameter.

      33 | const adminUrl = asRole(G2_PG17_ADMIN_ROLE);
      34 |
    > 35 | const psqlRun = (url: string, args: string[], input?: string) => execFileSync(
         |                                                                              ^
      36 |   psql!, ['-X', '-w', '-qAt', '-v', 'ON_ERROR_STOP=1', ...args, url],
      37 |   { input, encoding: 'utf8', timeout: 60000, env: psqlEnv, stdio: [input === undefined ? 'ignore' : 'pipe', 'pipe', 'pipe'] },
      38 | ).trim();

      at psqlRun (test/utils/g2-pg17-harness.ts:35:78)
      at sql (test/utils/g2-pg17-harness.ts:39:46)
      at json (test/utils/g2-pg17-harness.ts:44:53)
      at Object.<anonymous> (test/rls-g2-pg17-etq0.spec.ts:27:24)

  ● stage 3: T provenance, atomicity, accounting and collisions on PostgreSQL 17 › claims historical NULL on reconstructed attempts

    Command failed: /usr/bin/psql -X -w -qAt -v ON_ERROR_STOP=1 postgresql://postgres@127.0.0.1:54325/g2_s5_etq0_disposable?connect_timeout=5
    ERROR:  permission denied to examine "data_directory"
    DETAIL:  Only roles with privileges of the "pg_read_all_settings" role may examine this parameter.

      33 | const adminUrl = asRole(G2_PG17_ADMIN_ROLE);
      34 |
    > 35 | const psqlRun = (url: string, args: string[], input?: string) => execFileSync(
         |                                                                              ^
      36 |   psql!, ['-X', '-w', '-qAt', '-v', 'ON_ERROR_STOP=1', ...args, url],
      37 |   { input, encoding: 'utf8', timeout: 60000, env: psqlEnv, stdio: [input === undefined ? 'ignore' : 'pipe', 'pipe', 'pipe'] },
      38 | ).trim();

      at psqlRun (test/utils/g2-pg17-harness.ts:35:78)
      at sql (test/utils/g2-pg17-harness.ts:39:46)
      at json (test/utils/g2-pg17-harness.ts:44:53)
      at Object.<anonymous> (test/rls-g2-pg17-etq0.spec.ts:27:24)

  ● stage 3: T provenance, atomicity, accounting and collisions on PostgreSQL 17 › claims historical NULL on skipped attempts

    Command failed: /usr/bin/psql -X -w -qAt -v ON_ERROR_STOP=1 postgresql://postgres@127.0.0.1:54325/g2_s5_etq0_disposable?connect_timeout=5
    ERROR:  permission denied to examine "data_directory"
    DETAIL:  Only roles with privileges of the "pg_read_all_settings" role may examine this parameter.

      33 | const adminUrl = asRole(G2_PG17_ADMIN_ROLE);
      34 |
    > 35 | const psqlRun = (url: string, args: string[], input?: string) => execFileSync(
         |                                                                              ^
      36 |   psql!, ['-X', '-w', '-qAt', '-v', 'ON_ERROR_STOP=1', ...args, url],
      37 |   { input, encoding: 'utf8', timeout: 60000, env: psqlEnv, stdio: [input === undefined ? 'ignore' : 'pipe', 'pipe', 'pipe'] },
      38 | ).trim();

      at psqlRun (test/utils/g2-pg17-harness.ts:35:78)
      at sql (test/utils/g2-pg17-harness.ts:39:46)
      at json (test/utils/g2-pg17-harness.ts:44:53)
      at Object.<anonymous> (test/rls-g2-pg17-etq0.spec.ts:27:24)

  ● stage 3: T provenance, atomicity, accounting and collisions on PostgreSQL 17 › claims historical NULL on failed attempts

    Command failed: /usr/bin/psql -X -w -qAt -v ON_ERROR_STOP=1 postgresql://postgres@127.0.0.1:54325/g2_s5_etq0_disposable?connect_timeout=5
    ERROR:  permission denied to examine "data_directory"
    DETAIL:  Only roles with privileges of the "pg_read_all_settings" role may examine this parameter.

      33 | const adminUrl = asRole(G2_PG17_ADMIN_ROLE);
      34 |
    > 35 | const psqlRun = (url: string, args: string[], input?: string) => execFileSync(
         |                                                                              ^
      36 |   psql!, ['-X', '-w', '-qAt', '-v', 'ON_ERROR_STOP=1', ...args, url],
      37 |   { input, encoding: 'utf8', timeout: 60000, env: psqlEnv, stdio: [input === undefined ? 'ignore' : 'pipe', 'pipe', 'pipe'] },
      38 | ).trim();

      at psqlRun (test/utils/g2-pg17-harness.ts:35:78)
      at sql (test/utils/g2-pg17-harness.ts:39:46)
      at json (test/utils/g2-pg17-harness.ts:44:53)
      at Object.<anonymous> (test/rls-g2-pg17-etq0.spec.ts:27:24)

  ● stage 3: T provenance, atomicity, accounting and collisions on PostgreSQL 17 › rolls back new and pre-existing clients target changes on late mismatch

    Command failed: /usr/bin/psql -X -w -qAt -v ON_ERROR_STOP=1 postgresql://postgres@127.0.0.1:54325/g2_s5_etq0_disposable?connect_timeout=5
    ERROR:  permission denied to examine "data_directory"
    DETAIL:  Only roles with privileges of the "pg_read_all_settings" role may examine this parameter.

      33 | const adminUrl = asRole(G2_PG17_ADMIN_ROLE);
      34 |
    > 35 | const psqlRun = (url: string, args: string[], input?: string) => execFileSync(
         |                                                                              ^
      36 |   psql!, ['-X', '-w', '-qAt', '-v', 'ON_ERROR_STOP=1', ...args, url],
      37 |   { input, encoding: 'utf8', timeout: 60000, env: psqlEnv, stdio: [input === undefined ? 'ignore' : 'pipe', 'pipe', 'pipe'] },
      38 | ).trim();

      at psqlRun (test/utils/g2-pg17-harness.ts:35:78)
      at sql (test/utils/g2-pg17-harness.ts:39:46)
      at json (test/utils/g2-pg17-harness.ts:44:53)
      at Object.<anonymous> (test/rls-g2-pg17-etq0.spec.ts:27:24)

  ● stage 3: T provenance, atomicity, accounting and collisions on PostgreSQL 17 › rolls back new and pre-existing workouts target changes on late mismatch

    Command failed: /usr/bin/psql -X -w -qAt -v ON_ERROR_STOP=1 postgresql://postgres@127.0.0.1:54325/g2_s5_etq0_disposable?connect_timeout=5
    ERROR:  permission denied to examine "data_directory"
    DETAIL:  Only roles with privileges of the "pg_read_all_settings" role may examine this parameter.

      33 | const adminUrl = asRole(G2_PG17_ADMIN_ROLE);
      34 |
    > 35 | const psqlRun = (url: string, args: string[], input?: string) => execFileSync(
         |                                                                              ^
      36 |   psql!, ['-X', '-w', '-qAt', '-v', 'ON_ERROR_STOP=1', ...args, url],
      37 |   { input, encoding: 'utf8', timeout: 60000, env: psqlEnv, stdio: [input === undefined ? 'ignore' : 'pipe', 'pipe', 'pipe'] },
      38 | ).trim();

      at psqlRun (test/utils/g2-pg17-harness.ts:35:78)
      at sql (test/utils/g2-pg17-harness.ts:39:46)
      at json (test/utils/g2-pg17-harness.ts:44:53)
      at Object.<anonymous> (test/rls-g2-pg17-etq0.spec.ts:27:24)

  ● stage 3: T provenance, atomicity, accounting and collisions on PostgreSQL 17 › fail-stops mid-batch on a legacy provenance contradiction, keeping earlier committed rows and honest durable counts

    Command failed: /usr/bin/psql -X -w -qAt -v ON_ERROR_STOP=1 postgresql://postgres@127.0.0.1:54325/g2_s5_etq0_disposable?connect_timeout=5
    ERROR:  permission denied to examine "data_directory"
    DETAIL:  Only roles with privileges of the "pg_read_all_settings" role may examine this parameter.

      33 | const adminUrl = asRole(G2_PG17_ADMIN_ROLE);
      34 |
    > 35 | const psqlRun = (url: string, args: string[], input?: string) => execFileSync(
         |                                                                              ^
      36 |   psql!, ['-X', '-w', '-qAt', '-v', 'ON_ERROR_STOP=1', ...args, url],
      37 |   { input, encoding: 'utf8', timeout: 60000, env: psqlEnv, stdio: [input === undefined ? 'ignore' : 'pipe', 'pipe', 'pipe'] },
      38 | ).trim();

      at psqlRun (test/utils/g2-pg17-harness.ts:35:78)
      at sql (test/utils/g2-pg17-harness.ts:39:46)
      at json (test/utils/g2-pg17-harness.ts:44:53)
      at Object.<anonymous> (test/rls-g2-pg17-etq0.spec.ts:27:24)

  ● stage 3: T provenance, atomicity, accounting and collisions on PostgreSQL 17 › preserves success and reason on skip failure/skip, but still checks mismatch

    Command failed: /usr/bin/psql -X -w -qAt -v ON_ERROR_STOP=1 postgresql://postgres@127.0.0.1:54325/g2_s5_etq0_disposable?connect_timeout=5
    ERROR:  permission denied to examine "data_directory"
    DETAIL:  Only roles with privileges of the "pg_read_all_settings" role may examine this parameter.

      33 | const adminUrl = asRole(G2_PG17_ADMIN_ROLE);
      34 |
    > 35 | const psqlRun = (url: string, args: string[], input?: string) => execFileSync(
         |                                                                              ^
      36 |   psql!, ['-X', '-w', '-qAt', '-v', 'ON_ERROR_STOP=1', ...args, url],
      37 |   { input, encoding: 'utf8', timeout: 60000, env: psqlEnv, stdio: [input === undefined ? 'ignore' : 'pipe', 'pipe', 'pipe'] },
      38 | ).trim();

      at psqlRun (test/utils/g2-pg17-harness.ts:35:78)
      at sql (test/utils/g2-pg17-harness.ts:39:46)
      at json (test/utils/g2-pg17-harness.ts:44:53)
      at Object.<anonymous> (test/rls-g2-pg17-etq0.spec.ts:27:24)

  ● stage 3: T provenance, atomicity, accounting and collisions on PostgreSQL 17 › preserves success and reason on throw failure/skip, but still checks mismatch

    Command failed: /usr/bin/psql -X -w -qAt -v ON_ERROR_STOP=1 postgresql://postgres@127.0.0.1:54325/g2_s5_etq0_disposable?connect_timeout=5
    ERROR:  permission denied to examine "data_directory"
    DETAIL:  Only roles with privileges of the "pg_read_all_settings" role may examine this parameter.

      33 | const adminUrl = asRole(G2_PG17_ADMIN_ROLE);
      34 |
    > 35 | const psqlRun = (url: string, args: string[], input?: string) => execFileSync(
         |                                                                              ^
      36 |   psql!, ['-X', '-w', '-qAt', '-v', 'ON_ERROR_STOP=1', ...args, url],
      37 |   { input, encoding: 'utf8', timeout: 60000, env: psqlEnv, stdio: [input === undefined ? 'ignore' : 'pipe', 'pipe', 'pipe'] },
      38 | ).trim();

      at psqlRun (test/utils/g2-pg17-harness.ts:35:78)
      at sql (test/utils/g2-pg17-harness.ts:39:46)
      at json (test/utils/g2-pg17-harness.ts:44:53)
      at Object.<anonymous> (test/rls-g2-pg17-etq0.spec.ts:27:24)

  ● stage 3: T provenance, atomicity, accounting and collisions on PostgreSQL 17 › preserves success and reason on database failure/skip, but still checks mismatch

    Command failed: /usr/bin/psql -X -w -qAt -v ON_ERROR_STOP=1 postgresql://postgres@127.0.0.1:54325/g2_s5_etq0_disposable?connect_timeout=5
    ERROR:  permission denied to examine "data_directory"
    DETAIL:  Only roles with privileges of the "pg_read_all_settings" role may examine this parameter.

      33 | const adminUrl = asRole(G2_PG17_ADMIN_ROLE);
      34 |
    > 35 | const psqlRun = (url: string, args: string[], input?: string) => execFileSync(
         |                                                                              ^
      36 |   psql!, ['-X', '-w', '-qAt', '-v', 'ON_ERROR_STOP=1', ...args, url],
      37 |   { input, encoding: 'utf8', timeout: 60000, env: psqlEnv, stdio: [input === undefined ? 'ignore' : 'pipe', 'pipe', 'pipe'] },
      38 | ).trim();

      at psqlRun (test/utils/g2-pg17-harness.ts:35:78)
      at sql (test/utils/g2-pg17-harness.ts:39:46)
      at json (test/utils/g2-pg17-harness.ts:44:53)
      at Object.<anonymous> (test/rls-g2-pg17-etq0.spec.ts:27:24)

  ● stage 3: T provenance, atomicity, accounting and collisions on PostgreSQL 17 › rejects invalid staging before writes and preserves narrow staging/ledger identities

    Command failed: /usr/bin/psql -X -w -qAt -v ON_ERROR_STOP=1 postgresql://postgres@127.0.0.1:54325/g2_s5_etq0_disposable?connect_timeout=5
    ERROR:  permission denied to examine "data_directory"
    DETAIL:  Only roles with privileges of the "pg_read_all_settings" role may examine this parameter.

      33 | const adminUrl = asRole(G2_PG17_ADMIN_ROLE);
      34 |
    > 35 | const psqlRun = (url: string, args: string[], input?: string) => execFileSync(
         |                                                                              ^
      36 |   psql!, ['-X', '-w', '-qAt', '-v', 'ON_ERROR_STOP=1', ...args, url],
      37 |   { input, encoding: 'utf8', timeout: 60000, env: psqlEnv, stdio: [input === undefined ? 'ignore' : 'pipe', 'pipe', 'pipe'] },
      38 | ).trim();

      at psqlRun (test/utils/g2-pg17-harness.ts:35:78)
      at sql (test/utils/g2-pg17-harness.ts:39:46)
      at json (test/utils/g2-pg17-harness.ts:44:53)
      at Object.<anonymous> (test/rls-g2-pg17-etq0.spec.ts:27:24)

  ● stage 3: T provenance, atomicity, accounting and collisions on PostgreSQL 17 › cross-intent same source: same platform converges on one Person, different platform mints a second

    Command failed: /usr/bin/psql -X -w -qAt -v ON_ERROR_STOP=1 postgresql://postgres@127.0.0.1:54325/g2_s5_etq0_disposable?connect_timeout=5
    ERROR:  permission denied to examine "data_directory"
    DETAIL:  Only roles with privileges of the "pg_read_all_settings" role may examine this parameter.

      33 | const adminUrl = asRole(G2_PG17_ADMIN_ROLE);
      34 |
    > 35 | const psqlRun = (url: string, args: string[], input?: string) => execFileSync(
         |                                                                              ^
      36 |   psql!, ['-X', '-w', '-qAt', '-v', 'ON_ERROR_STOP=1', ...args, url],
      37 |   { input, encoding: 'utf8', timeout: 60000, env: psqlEnv, stdio: [input === undefined ? 'ignore' : 'pipe', 'pipe', 'pipe'] },
      38 | ).trim();

      at psqlRun (test/utils/g2-pg17-harness.ts:35:78)
      at sql (test/utils/g2-pg17-harness.ts:39:46)
      at json (test/utils/g2-pg17-harness.ts:44:53)
      at Object.<anonymous> (test/rls-g2-pg17-etq0.spec.ts:27:24)

  ● stage 3: T provenance, atomicity, accounting and collisions on PostgreSQL 17 › characterizes the retained narrow ledger collision: one intent cannot carry two platforms for one source

    Command failed: /usr/bin/psql -X -w -qAt -v ON_ERROR_STOP=1 postgresql://postgres@127.0.0.1:54325/g2_s5_etq0_disposable?connect_timeout=5
    ERROR:  permission denied to examine "data_directory"
    DETAIL:  Only roles with privileges of the "pg_read_all_settings" role may examine this parameter.

      33 | const adminUrl = asRole(G2_PG17_ADMIN_ROLE);
      34 |
    > 35 | const psqlRun = (url: string, args: string[], input?: string) => execFileSync(
         |                                                                              ^
      36 |   psql!, ['-X', '-w', '-qAt', '-v', 'ON_ERROR_STOP=1', ...args, url],
      37 |   { input, encoding: 'utf8', timeout: 60000, env: psqlEnv, stdio: [input === undefined ? 'ignore' : 'pipe', 'pipe', 'pipe'] },
      38 | ).trim();

      at psqlRun (test/utils/g2-pg17-harness.ts:35:78)
      at sql (test/utils/g2-pg17-harness.ts:39:46)
      at json (test/utils/g2-pg17-harness.ts:44:53)
      at Object.<anonymous> (test/rls-g2-pg17-etq0.spec.ts:27:24)

  ● stage 3: T provenance, atomicity, accounting and collisions on PostgreSQL 17 › characterizes actual O after T: provenance stays but O can downgrade success

    Command failed: /usr/bin/psql -X -w -qAt -v ON_ERROR_STOP=1 postgresql://postgres@127.0.0.1:54325/g2_s5_etq0_disposable?connect_timeout=5
    ERROR:  permission denied to examine "data_directory"
    DETAIL:  Only roles with privileges of the "pg_read_all_settings" role may examine this parameter.

      33 | const adminUrl = asRole(G2_PG17_ADMIN_ROLE);
      34 |
    > 35 | const psqlRun = (url: string, args: string[], input?: string) => execFileSync(
         |                                                                              ^
      36 |   psql!, ['-X', '-w', '-qAt', '-v', 'ON_ERROR_STOP=1', ...args, url],
      37 |   { input, encoding: 'utf8', timeout: 60000, env: psqlEnv, stdio: [input === undefined ? 'ignore' : 'pipe', 'pipe', 'pipe'] },
      38 | ).trim();

      at psqlRun (test/utils/g2-pg17-harness.ts:35:78)
      at sql (test/utils/g2-pg17-harness.ts:39:46)
      at json (test/utils/g2-pg17-harness.ts:44:53)
      at Object.<anonymous> (test/rls-g2-pg17-etq0.spec.ts:27:24)

  ● stage 3b: deterministically coordinated T/T and O/T processes on PostgreSQL 17 › concurrent success replays with false old winner converge on one target

    Command failed: /usr/bin/psql -X -w -qAt -v ON_ERROR_STOP=1 postgresql://postgres@127.0.0.1:54325/g2_s5_etq0_disposable?connect_timeout=5
    ERROR:  permission denied to examine "data_directory"
    DETAIL:  Only roles with privileges of the "pg_read_all_settings" role may examine this parameter.

      33 | const adminUrl = asRole(G2_PG17_ADMIN_ROLE);
      34 |
    > 35 | const psqlRun = (url: string, args: string[], input?: string) => execFileSync(
         |                                                                              ^
      36 |   psql!, ['-X', '-w', '-qAt', '-v', 'ON_ERROR_STOP=1', ...args, url],
      37 |   { input, encoding: 'utf8', timeout: 60000, env: psqlEnv, stdio: [input === undefined ? 'ignore' : 'pipe', 'pipe', 'pipe'] },
      38 | ).trim();

      at psqlRun (test/utils/g2-pg17-harness.ts:35:78)
      at sql (test/utils/g2-pg17-harness.ts:39:46)
      at json (test/utils/g2-pg17-harness.ts:44:53)
      at Object.<anonymous> (test/rls-g2-pg17-etq0.spec.ts:27:24)

  ● stage 3b: deterministically coordinated T/T and O/T processes on PostgreSQL 17 › concurrent success replays with true old winner converge on one target

    Command failed: /usr/bin/psql -X -w -qAt -v ON_ERROR_STOP=1 postgresql://postgres@127.0.0.1:54325/g2_s5_etq0_disposable?connect_timeout=5
    ERROR:  permission denied to examine "data_directory"
    DETAIL:  Only roles with privileges of the "pg_read_all_settings" role may examine this parameter.

      33 | const adminUrl = asRole(G2_PG17_ADMIN_ROLE);
      34 |
    > 35 | const psqlRun = (url: string, args: string[], input?: string) => execFileSync(
         |                                                                              ^
      36 |   psql!, ['-X', '-w', '-qAt', '-v', 'ON_ERROR_STOP=1', ...args, url],
      37 |   { input, encoding: 'utf8', timeout: 60000, env: psqlEnv, stdio: [input === undefined ? 'ignore' : 'pipe', 'pipe', 'pipe'] },
      38 | ).trim();

      at psqlRun (test/utils/g2-pg17-harness.ts:35:78)
      at sql (test/utils/g2-pg17-harness.ts:39:46)
      at json (test/utils/g2-pg17-harness.ts:44:53)
      at Object.<anonymous> (test/rls-g2-pg17-etq0.spec.ts:27:24)

  ● stage 3b: deterministically coordinated T/T and O/T processes on PostgreSQL 17 › two absent skip inserts observe real P2002 contention and bounded full-transaction retry

    Command failed: /usr/bin/psql -X -w -qAt -v ON_ERROR_STOP=1 postgresql://postgres@127.0.0.1:54325/g2_s5_etq0_disposable?connect_timeout=5
    ERROR:  permission denied to examine "data_directory"
    DETAIL:  Only roles with privileges of the "pg_read_all_settings" role may examine this parameter.

      33 | const adminUrl = asRole(G2_PG17_ADMIN_ROLE);
      34 |
    > 35 | const psqlRun = (url: string, args: string[], input?: string) => execFileSync(
         |                                                                              ^
      36 |   psql!, ['-X', '-w', '-qAt', '-v', 'ON_ERROR_STOP=1', ...args, url],
      37 |   { input, encoding: 'utf8', timeout: 60000, env: psqlEnv, stdio: [input === undefined ? 'ignore' : 'pipe', 'pipe', 'pipe'] },
      38 | ).trim();

      at psqlRun (test/utils/g2-pg17-harness.ts:35:78)
      at sql (test/utils/g2-pg17-harness.ts:39:46)
      at json (test/utils/g2-pg17-harness.ts:44:53)
      at Object.<anonymous> (test/rls-g2-pg17-etq0.spec.ts:27:24)

  ● stage 3b: deterministically coordinated T/T and O/T processes on PostgreSQL 17 › retries real PostgreSQL serialization failure once for skip

    Command failed: /usr/bin/psql -X -w -qAt -v ON_ERROR_STOP=1 postgresql://postgres@127.0.0.1:54325/g2_s5_etq0_disposable?connect_timeout=5
    ERROR:  permission denied to examine "data_directory"
    DETAIL:  Only roles with privileges of the "pg_read_all_settings" role may examine this parameter.

      33 | const adminUrl = asRole(G2_PG17_ADMIN_ROLE);
      34 |
    > 35 | const psqlRun = (url: string, args: string[], input?: string) => execFileSync(
         |                                                                              ^
      36 |   psql!, ['-X', '-w', '-qAt', '-v', 'ON_ERROR_STOP=1', ...args, url],
      37 |   { input, encoding: 'utf8', timeout: 60000, env: psqlEnv, stdio: [input === undefined ? 'ignore' : 'pipe', 'pipe', 'pipe'] },
      38 | ).trim();

      at psqlRun (test/utils/g2-pg17-harness.ts:35:78)
      at sql (test/utils/g2-pg17-harness.ts:39:46)
      at json (test/utils/g2-pg17-harness.ts:44:53)
      at Object.<anonymous> (test/rls-g2-pg17-etq0.spec.ts:27:24)

  ● stage 3b: deterministically coordinated T/T and O/T processes on PostgreSQL 17 › retries real PostgreSQL serialization failure once for throw

    Command failed: /usr/bin/psql -X -w -qAt -v ON_ERROR_STOP=1 postgresql://postgres@127.0.0.1:54325/g2_s5_etq0_disposable?connect_timeout=5
    ERROR:  permission denied to examine "data_directory"
    DETAIL:  Only roles with privileges of the "pg_read_all_settings" role may examine this parameter.

      33 | const adminUrl = asRole(G2_PG17_ADMIN_ROLE);
      34 |
    > 35 | const psqlRun = (url: string, args: string[], input?: string) => execFileSync(
         |                                                                              ^
      36 |   psql!, ['-X', '-w', '-qAt', '-v', 'ON_ERROR_STOP=1', ...args, url],
      37 |   { input, encoding: 'utf8', timeout: 60000, env: psqlEnv, stdio: [input === undefined ? 'ignore' : 'pipe', 'pipe', 'pipe'] },
      38 | ).trim();

      at psqlRun (test/utils/g2-pg17-harness.ts:35:78)
      at sql (test/utils/g2-pg17-harness.ts:39:46)
      at json (test/utils/g2-pg17-harness.ts:44:53)
      at Object.<anonymous> (test/rls-g2-pg17-etq0.spec.ts:27:24)

  ● stage 3b: deterministically coordinated T/T and O/T processes on PostgreSQL 17 › retries real PostgreSQL serialization failure once for success

    Command failed: /usr/bin/psql -X -w -qAt -v ON_ERROR_STOP=1 postgresql://postgres@127.0.0.1:54325/g2_s5_etq0_disposable?connect_timeout=5
    ERROR:  permission denied to examine "data_directory"
    DETAIL:  Only roles with privileges of the "pg_read_all_settings" role may examine this parameter.

      33 | const adminUrl = asRole(G2_PG17_ADMIN_ROLE);
      34 |
    > 35 | const psqlRun = (url: string, args: string[], input?: string) => execFileSync(
         |                                                                              ^
      36 |   psql!, ['-X', '-w', '-qAt', '-v', 'ON_ERROR_STOP=1', ...args, url],
      37 |   { input, encoding: 'utf8', timeout: 60000, env: psqlEnv, stdio: [input === undefined ? 'ignore' : 'pipe', 'pipe', 'pipe'] },
      38 | ).trim();

      at psqlRun (test/utils/g2-pg17-harness.ts:35:78)
      at sql (test/utils/g2-pg17-harness.ts:39:46)
      at json (test/utils/g2-pg17-harness.ts:44:53)
      at Object.<anonymous> (test/rls-g2-pg17-etq0.spec.ts:27:24)

  ● stage 3b: deterministically coordinated T/T and O/T processes on PostgreSQL 17 › exhausted real ledger serialization conflicts stop after two transactions with no invented tally

    Command failed: /usr/bin/psql -X -w -qAt -v ON_ERROR_STOP=1 postgresql://postgres@127.0.0.1:54325/g2_s5_etq0_disposable?connect_timeout=5
    ERROR:  permission denied to examine "data_directory"
    DETAIL:  Only roles with privileges of the "pg_read_all_settings" role may examine this parameter.

      33 | const adminUrl = asRole(G2_PG17_ADMIN_ROLE);
      34 |
    > 35 | const psqlRun = (url: string, args: string[], input?: string) => execFileSync(
         |                                                                              ^
      36 |   psql!, ['-X', '-w', '-qAt', '-v', 'ON_ERROR_STOP=1', ...args, url],
      37 |   { input, encoding: 'utf8', timeout: 60000, env: psqlEnv, stdio: [input === undefined ? 'ignore' : 'pipe', 'pipe', 'pipe'] },
      38 | ).trim();

      at psqlRun (test/utils/g2-pg17-harness.ts:35:78)
      at sql (test/utils/g2-pg17-harness.ts:39:46)
      at json (test/utils/g2-pg17-harness.ts:44:53)
      at Object.<anonymous> (test/rls-g2-pg17-etq0.spec.ts:27:24)

  ● stage 3b: deterministically coordinated T/T and O/T processes on PostgreSQL 17 › success holds claim while a failing false old writer waits

    Command failed: /usr/bin/psql -X -w -qAt -v ON_ERROR_STOP=1 postgresql://postgres@127.0.0.1:54325/g2_s5_etq0_disposable?connect_timeout=5
    ERROR:  permission denied to examine "data_directory"
    DETAIL:  Only roles with privileges of the "pg_read_all_settings" role may examine this parameter.

      33 | const adminUrl = asRole(G2_PG17_ADMIN_ROLE);
      34 |
    > 35 | const psqlRun = (url: string, args: string[], input?: string) => execFileSync(
         |                                                                              ^
      36 |   psql!, ['-X', '-w', '-qAt', '-v', 'ON_ERROR_STOP=1', ...args, url],
      37 |   { input, encoding: 'utf8', timeout: 60000, env: psqlEnv, stdio: [input === undefined ? 'ignore' : 'pipe', 'pipe', 'pipe'] },
      38 | ).trim();

      at psqlRun (test/utils/g2-pg17-harness.ts:35:78)
      at sql (test/utils/g2-pg17-harness.ts:39:46)
      at json (test/utils/g2-pg17-harness.ts:44:53)
      at Object.<anonymous> (test/rls-g2-pg17-etq0.spec.ts:27:24)

  ● stage 3b: deterministically coordinated T/T and O/T processes on PostgreSQL 17 › success holds claim while a failing true old writer waits

    Command failed: /usr/bin/psql -X -w -qAt -v ON_ERROR_STOP=1 postgresql://postgres@127.0.0.1:54325/g2_s5_etq0_disposable?connect_timeout=5
    ERROR:  permission denied to examine "data_directory"
    DETAIL:  Only roles with privileges of the "pg_read_all_settings" role may examine this parameter.

      33 | const adminUrl = asRole(G2_PG17_ADMIN_ROLE);
      34 |
    > 35 | const psqlRun = (url: string, args: string[], input?: string) => execFileSync(
         |                                                                              ^
      36 |   psql!, ['-X', '-w', '-qAt', '-v', 'ON_ERROR_STOP=1', ...args, url],
      37 |   { input, encoding: 'utf8', timeout: 60000, env: psqlEnv, stdio: [input === undefined ? 'ignore' : 'pipe', 'pipe', 'pipe'] },
      38 | ).trim();

      at psqlRun (test/utils/g2-pg17-harness.ts:35:78)
      at sql (test/utils/g2-pg17-harness.ts:39:46)
      at json (test/utils/g2-pg17-harness.ts:44:53)
      at Object.<anonymous> (test/rls-g2-pg17-etq0.spec.ts:27:24)

  ● stage 3b: deterministically coordinated T/T and O/T processes on PostgreSQL 17 › success holds claim while a skipped false old writer waits

    Command failed: /usr/bin/psql -X -w -qAt -v ON_ERROR_STOP=1 postgresql://postgres@127.0.0.1:54325/g2_s5_etq0_disposable?connect_timeout=5
    ERROR:  permission denied to examine "data_directory"
    DETAIL:  Only roles with privileges of the "pg_read_all_settings" role may examine this parameter.

      33 | const adminUrl = asRole(G2_PG17_ADMIN_ROLE);
      34 |
    > 35 | const psqlRun = (url: string, args: string[], input?: string) => execFileSync(
         |                                                                              ^
      36 |   psql!, ['-X', '-w', '-qAt', '-v', 'ON_ERROR_STOP=1', ...args, url],
      37 |   { input, encoding: 'utf8', timeout: 60000, env: psqlEnv, stdio: [input === undefined ? 'ignore' : 'pipe', 'pipe', 'pipe'] },
      38 | ).trim();

      at psqlRun (test/utils/g2-pg17-harness.ts:35:78)
      at sql (test/utils/g2-pg17-harness.ts:39:46)
      at json (test/utils/g2-pg17-harness.ts:44:53)
      at Object.<anonymous> (test/rls-g2-pg17-etq0.spec.ts:27:24)

  ● stage 3b: deterministically coordinated T/T and O/T processes on PostgreSQL 17 › success holds claim while a skipped true old writer waits

    Command failed: /usr/bin/psql -X -w -qAt -v ON_ERROR_STOP=1 postgresql://postgres@127.0.0.1:54325/g2_s5_etq0_disposable?connect_timeout=5
    ERROR:  permission denied to examine "data_directory"
    DETAIL:  Only roles with privileges of the "pg_read_all_settings" role may examine this parameter.

      33 | const adminUrl = asRole(G2_PG17_ADMIN_ROLE);
      34 |
    > 35 | const psqlRun = (url: string, args: string[], input?: string) => execFileSync(
         |                                                                              ^
      36 |   psql!, ['-X', '-w', '-qAt', '-v', 'ON_ERROR_STOP=1', ...args, url],
      37 |   { input, encoding: 'utf8', timeout: 60000, env: psqlEnv, stdio: [input === undefined ? 'ignore' : 'pipe', 'pipe', 'pipe'] },
      38 | ).trim();

      at psqlRun (test/utils/g2-pg17-harness.ts:35:78)
      at sql (test/utils/g2-pg17-harness.ts:39:46)
      at json (test/utils/g2-pg17-harness.ts:44:53)
      at Object.<anonymous> (test/rls-g2-pg17-etq0.spec.ts:27:24)

  ● stage 3b: deterministically coordinated T/T and O/T processes on PostgreSQL 17 › T success upgrades serialized skip while target write is open

    Command failed: /usr/bin/psql -X -w -qAt -v ON_ERROR_STOP=1 postgresql://postgres@127.0.0.1:54325/g2_s5_etq0_disposable?connect_timeout=5
    ERROR:  permission denied to examine "data_directory"
    DETAIL:  Only roles with privileges of the "pg_read_all_settings" role may examine this parameter.

      33 | const adminUrl = asRole(G2_PG17_ADMIN_ROLE);
      34 |
    > 35 | const psqlRun = (url: string, args: string[], input?: string) => execFileSync(
         |                                                                              ^
      36 |   psql!, ['-X', '-w', '-qAt', '-v', 'ON_ERROR_STOP=1', ...args, url],
      37 |   { input, encoding: 'utf8', timeout: 60000, env: psqlEnv, stdio: [input === undefined ? 'ignore' : 'pipe', 'pipe', 'pipe'] },
      38 | ).trim();

      at psqlRun (test/utils/g2-pg17-harness.ts:35:78)
      at sql (test/utils/g2-pg17-harness.ts:39:46)
      at json (test/utils/g2-pg17-harness.ts:44:53)
      at Object.<anonymous> (test/rls-g2-pg17-etq0.spec.ts:27:24)

  ● stage 3b: deterministically coordinated T/T and O/T processes on PostgreSQL 17 › T success upgrades serialized throw while target write is open

    Command failed: /usr/bin/psql -X -w -qAt -v ON_ERROR_STOP=1 postgresql://postgres@127.0.0.1:54325/g2_s5_etq0_disposable?connect_timeout=5
    ERROR:  permission denied to examine "data_directory"
    DETAIL:  Only roles with privileges of the "pg_read_all_settings" role may examine this parameter.

      33 | const adminUrl = asRole(G2_PG17_ADMIN_ROLE);
      34 |
    > 35 | const psqlRun = (url: string, args: string[], input?: string) => execFileSync(
         |                                                                              ^
      36 |   psql!, ['-X', '-w', '-qAt', '-v', 'ON_ERROR_STOP=1', ...args, url],
      37 |   { input, encoding: 'utf8', timeout: 60000, env: psqlEnv, stdio: [input === undefined ? 'ignore' : 'pipe', 'pipe', 'pipe'] },
      38 | ).trim();

      at psqlRun (test/utils/g2-pg17-harness.ts:35:78)
      at sql (test/utils/g2-pg17-harness.ts:39:46)
      at json (test/utils/g2-pg17-harness.ts:44:53)
      at Object.<anonymous> (test/rls-g2-pg17-etq0.spec.ts:27:24)

  ● stage 3b: deterministically coordinated T/T and O/T processes on PostgreSQL 17 › concurrent different-platform NULL claims serialize and the loser rolls back target changes

    Command failed: /usr/bin/psql -X -w -qAt -v ON_ERROR_STOP=1 postgresql://postgres@127.0.0.1:54325/g2_s5_etq0_disposable?connect_timeout=5
    ERROR:  permission denied to examine "data_directory"
    DETAIL:  Only roles with privileges of the "pg_read_all_settings" role may examine this parameter.

      33 | const adminUrl = asRole(G2_PG17_ADMIN_ROLE);
      34 |
    > 35 | const psqlRun = (url: string, args: string[], input?: string) => execFileSync(
         |                                                                              ^
      36 |   psql!, ['-X', '-w', '-qAt', '-v', 'ON_ERROR_STOP=1', ...args, url],
      37 |   { input, encoding: 'utf8', timeout: 60000, env: psqlEnv, stdio: [input === undefined ? 'ignore' : 'pipe', 'pipe', 'pipe'] },
      38 | ).trim();

      at psqlRun (test/utils/g2-pg17-harness.ts:35:78)
      at sql (test/utils/g2-pg17-harness.ts:39:46)
      at json (test/utils/g2-pg17-harness.ts:44:53)
      at Object.<anonymous> (test/rls-g2-pg17-etq0.spec.ts:27:24)

  ● stage 4: Q0 real scoped reads, cursor boundaries and unchanged emission › enumerates exact narrow-schema clients page union and retains NULL legacy history

    Command failed: /usr/bin/psql -X -w -qAt -v ON_ERROR_STOP=1 postgresql://postgres@127.0.0.1:54325/g2_s5_etq0_disposable?connect_timeout=5
    ERROR:  permission denied to examine "data_directory"
    DETAIL:  Only roles with privileges of the "pg_read_all_settings" role may examine this parameter.

      33 | const adminUrl = asRole(G2_PG17_ADMIN_ROLE);
      34 |
    > 35 | const psqlRun = (url: string, args: string[], input?: string) => execFileSync(
         |                                                                              ^
      36 |   psql!, ['-X', '-w', '-qAt', '-v', 'ON_ERROR_STOP=1', ...args, url],
      37 |   { input, encoding: 'utf8', timeout: 60000, env: psqlEnv, stdio: [input === undefined ? 'ignore' : 'pipe', 'pipe', 'pipe'] },
      38 | ).trim();

      at psqlRun (test/utils/g2-pg17-harness.ts:35:78)
      at sql (test/utils/g2-pg17-harness.ts:39:46)
      at json (test/utils/g2-pg17-harness.ts:44:53)
      at Object.<anonymous> (test/rls-g2-pg17-etq0.spec.ts:27:24)

  ● stage 4: Q0 real scoped reads, cursor boundaries and unchanged emission › enumerates exact narrow-schema workouts page union and retains NULL legacy history

    Command failed: /usr/bin/psql -X -w -qAt -v ON_ERROR_STOP=1 postgresql://postgres@127.0.0.1:54325/g2_s5_etq0_disposable?connect_timeout=5
    ERROR:  permission denied to examine "data_directory"
    DETAIL:  Only roles with privileges of the "pg_read_all_settings" role may examine this parameter.

      33 | const adminUrl = asRole(G2_PG17_ADMIN_ROLE);
      34 |
    > 35 | const psqlRun = (url: string, args: string[], input?: string) => execFileSync(
         |                                                                              ^
      36 |   psql!, ['-X', '-w', '-qAt', '-v', 'ON_ERROR_STOP=1', ...args, url],
      37 |   { input, encoding: 'utf8', timeout: 60000, env: psqlEnv, stdio: [input === undefined ? 'ignore' : 'pipe', 'pipe', 'pipe'] },
      38 | ).trim();

      at psqlRun (test/utils/g2-pg17-harness.ts:35:78)
      at sql (test/utils/g2-pg17-harness.ts:39:46)
      at json (test/utils/g2-pg17-harness.ts:44:53)
      at Object.<anonymous> (test/rls-g2-pg17-etq0.spec.ts:27:24)

  ● stage 4: Q0 real scoped reads, cursor boundaries and unchanged emission › characterizes clients ties ONLY in a temporary future-schema fixture

    Command failed: /usr/bin/psql -X -w -qAt -v ON_ERROR_STOP=1 postgresql://postgres@127.0.0.1:54325/g2_s5_etq0_disposable?connect_timeout=5
    ERROR:  permission denied to examine "data_directory"
    DETAIL:  Only roles with privileges of the "pg_read_all_settings" role may examine this parameter.

      33 | const adminUrl = asRole(G2_PG17_ADMIN_ROLE);
      34 |
    > 35 | const psqlRun = (url: string, args: string[], input?: string) => execFileSync(
         |                                                                              ^
      36 |   psql!, ['-X', '-w', '-qAt', '-v', 'ON_ERROR_STOP=1', ...args, url],
      37 |   { input, encoding: 'utf8', timeout: 60000, env: psqlEnv, stdio: [input === undefined ? 'ignore' : 'pipe', 'pipe', 'pipe'] },
      38 | ).trim();

      at psqlRun (test/utils/g2-pg17-harness.ts:35:78)
      at sql (test/utils/g2-pg17-harness.ts:39:46)
      at json (test/utils/g2-pg17-harness.ts:44:53)
      at Object.<anonymous> (test/rls-g2-pg17-etq0.spec.ts:27:24)

  ● stage 4: Q0 real scoped reads, cursor boundaries and unchanged emission › characterizes workouts ties ONLY in a temporary future-schema fixture

    Command failed: /usr/bin/psql -X -w -qAt -v ON_ERROR_STOP=1 postgresql://postgres@127.0.0.1:54325/g2_s5_etq0_disposable?connect_timeout=5
    ERROR:  permission denied to examine "data_directory"
    DETAIL:  Only roles with privileges of the "pg_read_all_settings" role may examine this parameter.

      33 | const adminUrl = asRole(G2_PG17_ADMIN_ROLE);
      34 |
    > 35 | const psqlRun = (url: string, args: string[], input?: string) => execFileSync(
         |                                                                              ^
      36 |   psql!, ['-X', '-w', '-qAt', '-v', 'ON_ERROR_STOP=1', ...args, url],
      37 |   { input, encoding: 'utf8', timeout: 60000, env: psqlEnv, stdio: [input === undefined ? 'ignore' : 'pipe', 'pipe', 'pipe'] },
      38 | ).trim();

      at psqlRun (test/utils/g2-pg17-harness.ts:35:78)
      at sql (test/utils/g2-pg17-harness.ts:39:46)
      at json (test/utils/g2-pg17-harness.ts:44:53)
      at Object.<anonymous> (test/rls-g2-pg17-etq0.spec.ts:27:24)

  ● stage 4: Q0 real scoped reads, cursor boundaries and unchanged emission › bounds clients cursor tokens at 8,192 characters and rejects every malformed shape without reflection

    Command failed: /usr/bin/psql -X -w -qAt -v ON_ERROR_STOP=1 postgresql://postgres@127.0.0.1:54325/g2_s5_etq0_disposable?connect_timeout=5
    ERROR:  permission denied to examine "data_directory"
    DETAIL:  Only roles with privileges of the "pg_read_all_settings" role may examine this parameter.

      33 | const adminUrl = asRole(G2_PG17_ADMIN_ROLE);
      34 |
    > 35 | const psqlRun = (url: string, args: string[], input?: string) => execFileSync(
         |                                                                              ^
      36 |   psql!, ['-X', '-w', '-qAt', '-v', 'ON_ERROR_STOP=1', ...args, url],
      37 |   { input, encoding: 'utf8', timeout: 60000, env: psqlEnv, stdio: [input === undefined ? 'ignore' : 'pipe', 'pipe', 'pipe'] },
      38 | ).trim();

      at psqlRun (test/utils/g2-pg17-harness.ts:35:78)
      at sql (test/utils/g2-pg17-harness.ts:39:46)
      at json (test/utils/g2-pg17-harness.ts:44:53)
      at Object.<anonymous> (test/rls-g2-pg17-etq0.spec.ts:27:24)

  ● stage 4: Q0 real scoped reads, cursor boundaries and unchanged emission › bounds workouts cursor tokens at 8,192 characters and rejects every malformed shape without reflection

    Command failed: /usr/bin/psql -X -w -qAt -v ON_ERROR_STOP=1 postgresql://postgres@127.0.0.1:54325/g2_s5_etq0_disposable?connect_timeout=5
    ERROR:  permission denied to examine "data_directory"
    DETAIL:  Only roles with privileges of the "pg_read_all_settings" role may examine this parameter.

      33 | const adminUrl = asRole(G2_PG17_ADMIN_ROLE);
      34 |
    > 35 | const psqlRun = (url: string, args: string[], input?: string) => execFileSync(
         |                                                                              ^
      36 |   psql!, ['-X', '-w', '-qAt', '-v', 'ON_ERROR_STOP=1', ...args, url],
      37 |   { input, encoding: 'utf8', timeout: 60000, env: psqlEnv, stdio: [input === undefined ? 'ignore' : 'pipe', 'pipe', 'pipe'] },
      38 | ).trim();

      at psqlRun (test/utils/g2-pg17-harness.ts:35:78)
      at sql (test/utils/g2-pg17-harness.ts:39:46)
      at json (test/utils/g2-pg17-harness.ts:44:53)
      at Object.<anonymous> (test/rls-g2-pg17-etq0.spec.ts:27:24)

  ● stage 5: rollout recovery boundaries after T has claimed provenance › refuses destructive E rollback while any claim exists, keeps history, and only a drained ledger can roll back

    Command failed: /usr/bin/psql -X -w -qAt -v ON_ERROR_STOP=1 postgresql://postgres@127.0.0.1:54325/g2_s5_etq0_disposable?connect_timeout=5
    ERROR:  permission denied to examine "data_directory"
    DETAIL:  Only roles with privileges of the "pg_read_all_settings" role may examine this parameter.

      33 | const adminUrl = asRole(G2_PG17_ADMIN_ROLE);
      34 |
    > 35 | const psqlRun = (url: string, args: string[], input?: string) => execFileSync(
         |                                                                              ^
      36 |   psql!, ['-X', '-w', '-qAt', '-v', 'ON_ERROR_STOP=1', ...args, url],
      37 |   { input, encoding: 'utf8', timeout: 60000, env: psqlEnv, stdio: [input === undefined ? 'ignore' : 'pipe', 'pipe', 'pipe'] },
      38 | ).trim();

      at psqlRun (test/utils/g2-pg17-harness.ts:35:78)
      at sql (test/utils/g2-pg17-harness.ts:39:46)
      at json (test/utils/g2-pg17-harness.ts:44:53)
      at Object.<anonymous> (test/rls-g2-pg17-etq0.spec.ts:27:24)

  ● stage 5: rollout recovery boundaries after T has claimed provenance › E/down lock budgets fail atomically against a live writer transaction instead of queueing behind it

    Command failed: /usr/bin/psql -X -w -qAt -v ON_ERROR_STOP=1 postgresql://postgres@127.0.0.1:54325/g2_s5_etq0_disposable?connect_timeout=5
    ERROR:  permission denied to examine "data_directory"
    DETAIL:  Only roles with privileges of the "pg_read_all_settings" role may examine this parameter.

      33 | const adminUrl = asRole(G2_PG17_ADMIN_ROLE);
      34 |
    > 35 | const psqlRun = (url: string, args: string[], input?: string) => execFileSync(
         |                                                                              ^
      36 |   psql!, ['-X', '-w', '-qAt', '-v', 'ON_ERROR_STOP=1', ...args, url],
      37 |   { input, encoding: 'utf8', timeout: 60000, env: psqlEnv, stdio: [input === undefined ? 'ignore' : 'pipe', 'pipe', 'pipe'] },
      38 | ).trim();

      at psqlRun (test/utils/g2-pg17-harness.ts:35:78)
      at sql (test/utils/g2-pg17-harness.ts:39:46)
      at json (test/utils/g2-pg17-harness.ts:44:53)
      at Object.<anonymous> (test/rls-g2-pg17-etq0.spec.ts:27:24)

Test Suites: 1 failed, 1 total
Tests:       49 failed, 49 total
Snapshots:   0 total
Time:        18.063 s
Ran all test suites matching test/rls-g2-pg17-etq0.spec.ts.
