pg_ctl: server is running (PID: 29556)
/home/user/pg17/dist/bin/postgres "-D" "/home/user/pg17/clusters/s5"
TS=20260920T181632Z STAGE=all
HEAD=65b1da27d9dab4f51f5fad6d8a05be8b64e53dde TREE=9bbc0223e809e8e9b10b541bbde98b11903be362
 M test/rls-g2-pg17-etq0.spec.ts
 M test/scout/g2-pg17-db-guard.spec.ts
 M test/utils/g2-pg17-bootstrap.sh
 M test/utils/g2-pg17-db.ts
 M test/utils/g2-pg17-harness.ts
node v20.20.1 npm 10.8.2 psql: psql (PostgreSQL) 18.6 (Ubuntu 18.6-0ubuntu0.26.04.1)
G2_PG17_CONFIRM=g2_s5_etq0_disposable:54325
G2_PG17_DATABASE_URL=postgresql://s5_super@127.0.0.1:54325/g2_s5_etq0_disposable?schema=public&connection_limit=2
G2_PG17_DATA_DIRECTORY=/home/user/pg17/clusters/s5
G2_PG17_OLD_CLIENT=/home/user/workspace/execution/s5-g2/old-client-925780e0
G2_PG17_OLD_ROOT=/home/user/workspace/execution/s5-g2/old-root-925780e0
G2_PG17_PSQL=/usr/bin/psql
G2_PG17_SERVER_VERSION=170006
NODE_OPTIONS=--max-old-space-size=4096
G2_PG17_PASSWORD=<from environment, not logged>
2
               total        used        free      shared  buff/cache   available
Mem:            7966         478        3699         136        4055        7487
CMD: npx jest test/scout/g2-pg17-db-guard.spec.ts
PASS test/scout/g2-pg17-db-guard.spec.ts (8.808 s)
  S5 G2 PG17 disposable target guard
    ✓ accepts a confirmed loopback target and strips only Prisma options for psql (7 ms)
    ✓ refuses unsafe or ambiguous target postgresql://s5_super@localhost:55417/g2_s5_etq0_disposable (15 ms)
    ✓ refuses unsafe or ambiguous target postgresql://s5_super@db.supabase.co:55417/g2_s5_etq0_disposable (1 ms)
    ✓ refuses unsafe or ambiguous target postgresql://s5_super@127.0.0.1:5432/g2_s5_etq0_disposable (2 ms)
    ✓ refuses unsafe or ambiguous target postgresql://s5_super@127.0.0.1:6543/g2_s5_etq0_disposable (1 ms)
    ✓ refuses unsafe or ambiguous target postgresql://s5_super@127.0.0.1:55439/g2_s5_etq0_disposable (1 ms)
    ✓ refuses unsafe or ambiguous target postgresql://s5_super@127.0.0.1:70000/g2_s5_etq0_disposable (11 ms)
    ✓ refuses unsafe or ambiguous target postgresql://s5_super@127.0.0.1:55417/g2_tq0_disposable (1 ms)
    ✓ refuses unsafe or ambiguous target postgresql://s5_super@127.0.0.1:55417/g2_ledger_expand_disposable (1 ms)
    ✓ refuses unsafe or ambiguous target postgresql://s5_super@127.0.0.1:55417/postgres (1 ms)
    ✓ refuses unsafe or ambiguous target postgresql://service_role@127.0.0.1:55417/g2_s5_etq0_disposable (1 ms)
    ✓ refuses unsafe or ambiguous target postgresql://s5_super:secret@127.0.0.1:55417/g2_s5_etq0_disposable (2 ms)
    ✓ refuses unsafe or ambiguous target postgresql://postgres@127.0.0.1:55417/g2_s5_etq0_disposable (1 ms)
    ✓ refuses unsafe or ambiguous target postgresql://s5_super@127.0.0.1:54321/g2_s5_etq0_disposable (1 ms)
    ✓ refuses unsafe or ambiguous target postgres://s5_super@127.0.0.1:55417/g2_s5_etq0_disposable (1 ms)
    ✓ refuses unsafe or ambiguous target postgresql://s5_super@127.0.0.1:55417/g2_s5_etq0_disposable?host=remote (1 ms)
    ✓ refuses unsafe or ambiguous target postgresql://s5_super@127.0.0.1:55417/g2_s5_etq0_disposable?sslmode=disable (18 ms)
    ✓ refuses unsafe or ambiguous target postgresql://s5_super@127.0.0.1:55417/g2_s5_etq0_disposable?options=-csearch_path%3Dprivate (1 ms)
    ✓ refuses unsafe or ambiguous target postgresql://s5_super@127.0.0.1:55417/g2_s5_etq0_disposable?schema=private
    ✓ refuses unsafe or ambiguous target postgresql://s5_super@127.0.0.1:55417/g2_s5_etq0_disposable?connection_limit=0
    ✓ refuses unsafe or ambiguous target postgresql://s5_super@127.0.0.1:55417/g2_s5_etq0_disposable?connection_limit=01 (1 ms)
    ✓ refuses unsafe or ambiguous target postgresql://s5_super@127.0.0.1:55417/g2_s5_etq0_disposable?connect_timeout=11 (1 ms)
    ✓ refuses unsafe or ambiguous target postgresql://s5_super@127.0.0.1:55417/g2_s5_etq0_disposable?schema=public&schema=public
    ✓ refuses unsafe or ambiguous target postgresql://s5_super@127.0.0.1:55417/g2_s5_etq0_disposable#fragment (1 ms)
    ✓ refuses absent, mistaken or port-mismatched confirmation (1 ms)
    ✓ attaches the fixture password only from the environment and only in plain form (3 ms)

Test Suites: 1 passed, 1 total
Tests:       26 passed, 26 total
Snapshots:   0 total
Time:        9.051 s
Ran all test suites matching test/scout/g2-pg17-db-guard.spec.ts.
CMD: bash test/utils/g2-pg17-bootstrap.sh
NOTICE:  role "postgres" has already been granted membership in role "anon" by role "s5_super"
NOTICE:  role "postgres" has already been granted membership in role "authenticated" by role "s5_super"
NOTICE:  role "postgres" has already been granted membership in role "service_role" by role "s5_super"
psql:/home/user/workspace/worktrees/s5-g2/scripts/ci/supabase-shim.sql:37: NOTICE:  role "postgres" has already been granted membership in role "anon" by role "s5_super"
psql:/home/user/workspace/worktrees/s5-g2/scripts/ci/supabase-shim.sql:37: NOTICE:  role "postgres" has already been granted membership in role "authenticated" by role "s5_super"
psql:/home/user/workspace/worktrees/s5-g2/scripts/ci/supabase-shim.sql:37: NOTICE:  role "postgres" has already been granted membership in role "service_role" by role "s5_super"
Prisma schema loaded from prisma/schema.prisma
Datasource "db": PostgreSQL database "g2_s5_etq0_disposable", schema "public" at "127.0.0.1:54325"

164 migrations found in prisma/migrations

Applying migration `00000000000000_baseline`
Applying migration `20260423190000_add_indexes_and_orphan_fks`
Applying migration `20260424000000_add_invite_codes`
Applying migration `20260424120000_add_coach_messages`
Applying migration `20260424180000_add_coach_nudges`
Applying migration `20260424200000_add_meal_plans_and_extend_checkins`
Applying migration `20260425030000_add_community_win_and_coach_guideline`
Applying migration `20260425030001_add_community_win_visibility`
Applying migration `20260427000000_add_owner_role_and_coach_profile`
Applying migration `20260427000100_add_saas_billing_and_drafts`
Applying migration `20260427120000_add_audit_log_and_gdpr_lifecycle`
Applying migration `20260428000000_add_client_coach_consent`
Applying migration `20260429210000_add_diet_and_workout_cadence_to_user_profile`
Applying migration `20260430000000_drop_doctrine_drift_remnants`
Applying migration `20260430120000_add_equipment_access_to_user_profile`
Applying migration `20260506000000_add_ptm_phase_1`
Applying migration `20260506010000_add_diagnostic_engine`
Applying migration `20260506020000_add_build_week`
Applying migration `20260506030000_add_coach_signals`
Applying migration `20260506040000_add_voice_notes_and_coach_onboarding`
Applying migration `20260506050000_add_first_win`
Applying migration `20260506060000_add_leaderboard`
Applying migration `20260507000000_add_notification_center`
Applying migration `20260507100000_add_gdpr_deletion_flow`
Applying migration `20260508000000_add_data_export`
Applying migration `20260508000000_add_workout_builder`
Applying migration `20260508000001_rls_workout_builder`
Applying migration `20260508000002_workout_exercise_soft_delete`
Applying migration `20260508000003_workout_builder_idempotency_and_completion`
Applying migration `20260509000000_add_sprint_b_macros_meals_insights`
Applying migration `20260509120000_coach_practice_type_stage3`
Applying migration `20260510000000_add_ai_gateway_audit_and_drafts`
Applying migration `20260510000000_add_team_mode`
Applying migration `20260510000001_team_audit_revenue_sharing_changed`
Applying migration `20260511000000_add_bloodwork`
Applying migration `20260512000000_concierge_scheduling`
Applying migration `20260513000000_food_logger_trainerize_floor`
Applying migration `20260515100000_add_secret_rotation_log`
Applying migration `20260516000000_kms_wrap_bloodwork_and_calendar`
Applying migration `20260517000000_booking_notifications`
Applying migration `20260520000000_setnull_owner_rels`
Applying migration `20260520000001_add_gcal_channel_tracking_to_calendar_connection`
Applying migration `20260521000000_add_connect_account`
Applying migration `20260524000000_add_sub_coach_assignment_and_idempotency`
Applying migration `20260525000000_sub_coach_rls_and_fks`
Applying migration `20260525120000_add_coach_brief_tables`
Applying migration `20260525130000_add_coach_brief_last_push_date`
Applying migration `20260525170000_data_export_one_active_per_user`
Applying migration `20260525180000_recent_auth_nonce`
Applying migration `20260528000000_stream1_coach_ai_credits`
Applying migration `20260528120000_stream1_round1_fixes`
Applying migration `20260530000000_coach_ai_engine_v1`
Applying migration `20260531000000_wearables_foundation`
Applying migration `20260601000000_add_connect_packages_purchases_customers`
Applying migration `20260601000000_add_email_send_log`
Applying migration `20260601000000_add_exercise_catalog_video`
Applying migration `20260602000000_add_connect_fee_split_and_dunning`
Applying migration `20260602000000_add_exercise_video_provider_fields`
Applying migration `20260603000000_add_connect_payout_reconciliation_refund_dispute`
Applying migration `20260604000000_add_team_profile_and_sub_coach_invite`
Applying migration `20260604000001_subcoach_invite_token_hash`
Applying migration `20260605000000_add_meal_plan_days_json`
Applying migration `20260606000000_add_expo_push_token`
Applying migration `20260606000001_payment_failure_event_unique`
Applying migration `20260606000002_food_entry_client_uuid`
Applying migration `20260606000003_rls_financial_tables`
Applying migration `20260607000000_rls_remaining_gaps`
Applying migration `20260607000001_workout_assignment_completion_payload`
Applying migration `20260608000000_rls_team_tables`
Applying migration `20260609000000_add_coach_direct_enabled`
Applying migration `20260610000000_fasting_unique_active`
Applying migration `20260611000000_invite_intended_email`
Applying migration `20260611000001_messagedraft_rls`
Applying migration `20260612000000_add_message_model_and_checkin_reviewed`
Applying migration `20260612000001_message_rls`
Applying migration `20260613000000_message_rls_split_update`
Applying migration `20260613000001_message_fk_cascade`
Applying migration `20260613000002_message_thread_reverse_index`
Applying migration `20260614000000_coach_subscription_tier`
Applying migration `20260614065425_add_coach_first_payment_notification`
Applying migration `20260615000000_drop_coach_direct_enabled`
Applying migration `20260616000000_add_message_reports_and_user_blocks`
Applying migration `20260617000000_fix_message_report_rls_participation_check`
Applying migration `20260618000000_add_rls_payment_revenue_tables`
Applying migration `20260619000000_add_churn_intervention`
Applying migration `20260620000000_workout_builder_p1_fixes`
Applying migration `20260621000000_fix_workout_rls_policies`
Applying migration `20260701235900_add_sub_coach_role_value`
Applying migration `20260702000000_fix_workout_rls_coach_role`
Applying migration `20260703000000_add_coach_brief_generation_lease`
Applying migration `20260703000001_add_coach_brief_push_ledger`
Applying migration `20260703000002_add_coach_brief_check_constraints`
Applying migration `20260704000000_coach_brief_push_ledger_bounded_retry`
Applying migration `20260704000000_rls01_helper_searchpath_hibp`
Applying migration `20260704000001_coach_brief_cwa_index_concurrent`
Applying migration `20260801000000_r43_storefront_phase1`
Applying migration `20260803000000_share_token_21char_invalidate_legacy`
Applying migration `20260804000000_guest_checkout_retryable_conversion`
Applying migration `20260805000000_guest_checkout_pii_retention`
Applying migration `20260806000000_share_link_expiry_revoke`
Applying migration `20260901000000_r46_landing_page_builder_phase1`
Applying migration `20260902000000_r47_landing_pages_phase3_crm_sync`
Applying migration `20260903000000_r47_lead_sync_persistent_state`
Applying migration `20260903000000_r52_landing_pages_renderer_v2`
Applying migration `20260920000000_r48_checkout_hardening`
Applying migration `20260921000000_add_refunded_disputed_to_guest_checkout_status`
Applying migration `20261001000000_dunning_v1`
Applying migration `20261002000000_dunning_v1_send_retry_cas`
Applying migration `20261002000000_nudge_v1`
Applying migration `20261110000000_ai_action_draft_materialised`
Applying migration `20261201000000_stream2_ai_execution_draft_links`
Applying migration `20261202000000_pr3_drip_schema_foundation`
Applying migration `20261203000000_pr7_meal_plan_drip_drop_unique`
Applying migration `20261203100000_pr6_packages_publish_pricing`
Applying migration `20261204000000_pr9_drip_resolver_marker`
Applying migration `20261205000000_pr10_scheduled_drop_retry_lock`
Applying migration `20261206000000_pr12_coach_media_upload_status`
Applying migration `20261207000000_pr14_client_purchase_landing_page_id_and_guest_subscription`
Applying migration `20261207000001_pr14_client_purchase_landing_page_idx_concurrent`
Applying migration `20261208000000_pr15_coach_new_purchase_prefs`
Applying migration `20261209000000_pr17_scheduled_drop_push_seq`
Applying migration `20261210000000_pr_wave0_ai_quota_ltv_peak`
Applying migration `20261211000000_add_sleep_consistency_metrics`
Applying migration `20261211000001_seed_sleep_consistency_metric_defs`
Applying migration `20261212000000_community_v1_1_schema`
Applying migration `20261212000000_rls_helper_search_path`
Applying migration `20261212010000_rls_tier2_coach_team`
Applying migration `20261213000000_rls_tier1_phi_financial_privacy`
Applying migration `20261213000000_rls_tier2_sessions`
Applying migration `20261213000000_rls_tier3_nutrition`
Applying migration `20261213000000_rls_tier3_workouts`
Applying migration `20261213000000_rls_tier4_learning_analytics`
Applying migration `20261213000000_rls_tier5_notifications_community`
Applying migration `20261214000000_dunning_v2_lockout_recovery`
Applying migration `20261215000000_b5_digital_contracts`
Applying migration `20261215000000_mwb_1_data_model`
Applying migration `20261215000000_payouts_v2_bank_payout_methods`
Applying migration `20261215000100_seed_b5_contract_templates`
Applying migration `20261215000200_contracts_rls`
Applying migration `20261215000300_named_regimes_and_partial_refund_decision`
Applying migration `20261216000000_add_roman_chat`
Applying migration `20261216000100_add_plan_context_payload`
Applying migration `20261216000200_community_classroom_posts`
Applying migration `20261217000000_community_voice_notes`
Applying migration `20261217000100_community_search_index`
Applying migration `20261217000200_community_wearable_prompts`
Applying migration `20261218000000_add_coach_reviewed_at`
Applying migration `20261218000100_rls_partial_refund_decision`
Applying migration `20261218000200_rename_decided_by_coach_user_id`
Applying migration `20261219000000_community_wearable_prompts_uuid_id`
Applying migration `20261219000000_conv_review_coach_reviewed_at_idx`
Applying migration `20261220000000_talent_marketplace_rls`
Applying migration `20261220000010_marketplace_idempotency_claim_nonce`
Applying migration `20261220000020_marketplace_abuse_signal_rls`
Applying migration `20261220000030_marketplace_connect_event`
Applying migration `20261220000031_application_applicant_listing_unique`
Applying migration `20261221000000_enable_pg_stat_statements`
Applying migration `20261221010000_add_signup_ref_to_user`
Applying migration `20261222000000_add_extension_pair_codes`
Applying migration `20261222000000_scout_ingest_entity`
Applying migration `20261222000000_scout_progress_and_completion`
Applying migration `20261223000100_scout_import_state`
Applying migration `20261223000200_scout_reconstruction`
Applying migration `20261223000300_scout_reconstructed_entity`

The following migration(s) have been applied:

migrations/
  └─ 00000000000000_baseline/
    └─ migration.sql
  └─ 20260423190000_add_indexes_and_orphan_fks/
    └─ migration.sql
  └─ 20260424000000_add_invite_codes/
    └─ migration.sql
  └─ 20260424120000_add_coach_messages/
    └─ migration.sql
  └─ 20260424180000_add_coach_nudges/
    └─ migration.sql
  └─ 20260424200000_add_meal_plans_and_extend_checkins/
    └─ migration.sql
  └─ 20260425030000_add_community_win_and_coach_guideline/
    └─ migration.sql
  └─ 20260425030001_add_community_win_visibility/
    └─ migration.sql
  └─ 20260427000000_add_owner_role_and_coach_profile/
    └─ migration.sql
  └─ 20260427000100_add_saas_billing_and_drafts/
    └─ migration.sql
  └─ 20260427120000_add_audit_log_and_gdpr_lifecycle/
    └─ migration.sql
  └─ 20260428000000_add_client_coach_consent/
    └─ migration.sql
  └─ 20260429210000_add_diet_and_workout_cadence_to_user_profile/
    └─ migration.sql
  └─ 20260430000000_drop_doctrine_drift_remnants/
    └─ migration.sql
  └─ 20260430120000_add_equipment_access_to_user_profile/
    └─ migration.sql
  └─ 20260506000000_add_ptm_phase_1/
    └─ migration.sql
  └─ 20260506010000_add_diagnostic_engine/
    └─ migration.sql
  └─ 20260506020000_add_build_week/
    └─ migration.sql
  └─ 20260506030000_add_coach_signals/
    └─ migration.sql
  └─ 20260506040000_add_voice_notes_and_coach_onboarding/
    └─ migration.sql
  └─ 20260506050000_add_first_win/
    └─ migration.sql
  └─ 20260506060000_add_leaderboard/
    └─ migration.sql
  └─ 20260507000000_add_notification_center/
    └─ migration.sql
  └─ 20260507100000_add_gdpr_deletion_flow/
    └─ migration.sql
  └─ 20260508000000_add_data_export/
    └─ migration.sql
  └─ 20260508000000_add_workout_builder/
    └─ migration.sql
  └─ 20260508000001_rls_workout_builder/
    └─ migration.sql
  └─ 20260508000002_workout_exercise_soft_delete/
    └─ migration.sql
  └─ 20260508000003_workout_builder_idempotency_and_completion/
    └─ migration.sql
  └─ 20260509000000_add_sprint_b_macros_meals_insights/
    └─ migration.sql
  └─ 20260509120000_coach_practice_type_stage3/
    └─ migration.sql
  └─ 20260510000000_add_ai_gateway_audit_and_drafts/
    └─ migration.sql
  └─ 20260510000000_add_team_mode/
    └─ migration.sql
  └─ 20260510000001_team_audit_revenue_sharing_changed/
    └─ migration.sql
  └─ 20260511000000_add_bloodwork/
    └─ migration.sql
  └─ 20260512000000_concierge_scheduling/
    └─ migration.sql
  └─ 20260513000000_food_logger_trainerize_floor/
    └─ migration.sql
  └─ 20260515100000_add_secret_rotation_log/
    └─ migration.sql
  └─ 20260516000000_kms_wrap_bloodwork_and_calendar/
    └─ migration.sql
  └─ 20260517000000_booking_notifications/
    └─ migration.sql
  └─ 20260520000000_setnull_owner_rels/
    └─ migration.sql
  └─ 20260520000001_add_gcal_channel_tracking_to_calendar_connection/
    └─ migration.sql
  └─ 20260521000000_add_connect_account/
    └─ migration.sql
  └─ 20260524000000_add_sub_coach_assignment_and_idempotency/
    └─ migration.sql
  └─ 20260525000000_sub_coach_rls_and_fks/
    └─ migration.sql
  └─ 20260525120000_add_coach_brief_tables/
    └─ migration.sql
  └─ 20260525130000_add_coach_brief_last_push_date/
    └─ migration.sql
  └─ 20260525170000_data_export_one_active_per_user/
    └─ migration.sql
  └─ 20260525180000_recent_auth_nonce/
    └─ migration.sql
  └─ 20260528000000_stream1_coach_ai_credits/
    └─ migration.sql
  └─ 20260528120000_stream1_round1_fixes/
    └─ migration.sql
  └─ 20260530000000_coach_ai_engine_v1/
    └─ migration.sql
  └─ 20260531000000_wearables_foundation/
    └─ migration.sql
  └─ 20260601000000_add_connect_packages_purchases_customers/
    └─ migration.sql
  └─ 20260601000000_add_email_send_log/
    └─ migration.sql
  └─ 20260601000000_add_exercise_catalog_video/
    └─ migration.sql
  └─ 20260602000000_add_connect_fee_split_and_dunning/
    └─ migration.sql
  └─ 20260602000000_add_exercise_video_provider_fields/
    └─ migration.sql
  └─ 20260603000000_add_connect_payout_reconciliation_refund_dispute/
    └─ migration.sql
  └─ 20260604000000_add_team_profile_and_sub_coach_invite/
    └─ migration.sql
  └─ 20260604000001_subcoach_invite_token_hash/
    └─ migration.sql
  └─ 20260605000000_add_meal_plan_days_json/
    └─ migration.sql
  └─ 20260606000000_add_expo_push_token/
    └─ migration.sql
  └─ 20260606000001_payment_failure_event_unique/
    └─ migration.sql
  └─ 20260606000002_food_entry_client_uuid/
    └─ migration.sql
  └─ 20260606000003_rls_financial_tables/
    └─ migration.sql
  └─ 20260607000000_rls_remaining_gaps/
    └─ migration.sql
  └─ 20260607000001_workout_assignment_completion_payload/
    └─ migration.sql
  └─ 20260608000000_rls_team_tables/
    └─ migration.sql
  └─ 20260609000000_add_coach_direct_enabled/
    └─ migration.sql
  └─ 20260610000000_fasting_unique_active/
    └─ migration.sql
  └─ 20260611000000_invite_intended_email/
    └─ migration.sql
  └─ 20260611000001_messagedraft_rls/
    └─ migration.sql
  └─ 20260612000000_add_message_model_and_checkin_reviewed/
    └─ migration.sql
  └─ 20260612000001_message_rls/
    └─ migration.sql
  └─ 20260613000000_message_rls_split_update/
    └─ migration.sql
  └─ 20260613000001_message_fk_cascade/
    └─ migration.sql
  └─ 20260613000002_message_thread_reverse_index/
    └─ migration.sql
  └─ 20260614000000_coach_subscription_tier/
    └─ migration.sql
  └─ 20260614065425_add_coach_first_payment_notification/
    └─ migration.sql
  └─ 20260615000000_drop_coach_direct_enabled/
    └─ migration.sql
  └─ 20260616000000_add_message_reports_and_user_blocks/
    └─ migration.sql
  └─ 20260617000000_fix_message_report_rls_participation_check/
    └─ migration.sql
  └─ 20260618000000_add_rls_payment_revenue_tables/
    └─ migration.sql
  └─ 20260619000000_add_churn_intervention/
    └─ migration.sql
  └─ 20260620000000_workout_builder_p1_fixes/
    └─ migration.sql
  └─ 20260621000000_fix_workout_rls_policies/
    └─ migration.sql
  └─ 20260701235900_add_sub_coach_role_value/
    └─ migration.sql
  └─ 20260702000000_fix_workout_rls_coach_role/
    └─ migration.sql
  └─ 20260703000000_add_coach_brief_generation_lease/
    └─ migration.sql
  └─ 20260703000001_add_coach_brief_push_ledger/
    └─ migration.sql
  └─ 20260703000002_add_coach_brief_check_constraints/
    └─ migration.sql
  └─ 20260704000000_coach_brief_push_ledger_bounded_retry/
    └─ migration.sql
  └─ 20260704000000_rls01_helper_searchpath_hibp/
    └─ migration.sql
  └─ 20260704000001_coach_brief_cwa_index_concurrent/
    └─ migration.sql
  └─ 20260801000000_r43_storefront_phase1/
    └─ migration.sql
  └─ 20260803000000_share_token_21char_invalidate_legacy/
    └─ migration.sql
  └─ 20260804000000_guest_checkout_retryable_conversion/
    └─ migration.sql
  └─ 20260805000000_guest_checkout_pii_retention/
    └─ migration.sql
  └─ 20260806000000_share_link_expiry_revoke/
    └─ migration.sql
  └─ 20260901000000_r46_landing_page_builder_phase1/
    └─ migration.sql
  └─ 20260902000000_r47_landing_pages_phase3_crm_sync/
    └─ migration.sql
  └─ 20260903000000_r47_lead_sync_persistent_state/
    └─ migration.sql
  └─ 20260903000000_r52_landing_pages_renderer_v2/
    └─ migration.sql
  └─ 20260920000000_r48_checkout_hardening/
    └─ migration.sql
  └─ 20260921000000_add_refunded_disputed_to_guest_checkout_status/
    └─ migration.sql
  └─ 20261001000000_dunning_v1/
    └─ migration.sql
  └─ 20261002000000_dunning_v1_send_retry_cas/
    └─ migration.sql
  └─ 20261002000000_nudge_v1/
    └─ migration.sql
  └─ 20261110000000_ai_action_draft_materialised/
    └─ migration.sql
  └─ 20261201000000_stream2_ai_execution_draft_links/
    └─ migration.sql
  └─ 20261202000000_pr3_drip_schema_foundation/
    └─ migration.sql
  └─ 20261203000000_pr7_meal_plan_drip_drop_unique/
    └─ migration.sql
  └─ 20261203100000_pr6_packages_publish_pricing/
    └─ migration.sql
  └─ 20261204000000_pr9_drip_resolver_marker/
    └─ migration.sql
  └─ 20261205000000_pr10_scheduled_drop_retry_lock/
    └─ migration.sql
  └─ 20261206000000_pr12_coach_media_upload_status/
    └─ migration.sql
  └─ 20261207000000_pr14_client_purchase_landing_page_id_and_guest_subscription/
    └─ migration.sql
  └─ 20261207000001_pr14_client_purchase_landing_page_idx_concurrent/
    └─ migration.sql
  └─ 20261208000000_pr15_coach_new_purchase_prefs/
    └─ migration.sql
  └─ 20261209000000_pr17_scheduled_drop_push_seq/
    └─ migration.sql
  └─ 20261210000000_pr_wave0_ai_quota_ltv_peak/
    └─ migration.sql
  └─ 20261211000000_add_sleep_consistency_metrics/
    └─ migration.sql
  └─ 20261211000001_seed_sleep_consistency_metric_defs/
    └─ migration.sql
  └─ 20261212000000_community_v1_1_schema/
    └─ migration.sql
  └─ 20261212000000_rls_helper_search_path/
    └─ migration.sql
  └─ 20261212010000_rls_tier2_coach_team/
    └─ migration.sql
  └─ 20261213000000_rls_tier1_phi_financial_privacy/
    └─ migration.sql
  └─ 20261213000000_rls_tier2_sessions/
    └─ migration.sql
  └─ 20261213000000_rls_tier3_nutrition/
    └─ migration.sql
  └─ 20261213000000_rls_tier3_workouts/
    └─ migration.sql
  └─ 20261213000000_rls_tier4_learning_analytics/
    └─ migration.sql
  └─ 20261213000000_rls_tier5_notifications_community/
    └─ migration.sql
  └─ 20261214000000_dunning_v2_lockout_recovery/
    └─ migration.sql
  └─ 20261215000000_b5_digital_contracts/
    └─ migration.sql
  └─ 20261215000000_mwb_1_data_model/
    └─ migration.sql
  └─ 20261215000000_payouts_v2_bank_payout_methods/
    └─ migration.sql
  └─ 20261215000100_seed_b5_contract_templates/
    └─ migration.sql
  └─ 20261215000200_contracts_rls/
    └─ migration.sql
  └─ 20261215000300_named_regimes_and_partial_refund_decision/
    └─ migration.sql
  └─ 20261216000000_add_roman_chat/
    └─ migration.sql
  └─ 20261216000100_add_plan_context_payload/
    └─ migration.sql
  └─ 20261216000200_community_classroom_posts/
    └─ migration.sql
  └─ 20261217000000_community_voice_notes/
    └─ migration.sql
  └─ 20261217000100_community_search_index/
    └─ migration.sql
  └─ 20261217000200_community_wearable_prompts/
    └─ migration.sql
  └─ 20261218000000_add_coach_reviewed_at/
    └─ migration.sql
  └─ 20261218000100_rls_partial_refund_decision/
    └─ migration.sql
  └─ 20261218000200_rename_decided_by_coach_user_id/
    └─ migration.sql
  └─ 20261219000000_community_wearable_prompts_uuid_id/
    └─ migration.sql
  └─ 20261219000000_conv_review_coach_reviewed_at_idx/
    └─ migration.sql
  └─ 20261220000000_talent_marketplace_rls/
    └─ migration.sql
  └─ 20261220000010_marketplace_idempotency_claim_nonce/
    └─ migration.sql
  └─ 20261220000020_marketplace_abuse_signal_rls/
    └─ migration.sql
  └─ 20261220000030_marketplace_connect_event/
    └─ migration.sql
  └─ 20261220000031_application_applicant_listing_unique/
    └─ migration.sql
  └─ 20261221000000_enable_pg_stat_statements/
    └─ migration.sql
  └─ 20261221010000_add_signup_ref_to_user/
    └─ migration.sql
  └─ 20261222000000_add_extension_pair_codes/
    └─ migration.sql
  └─ 20261222000000_scout_ingest_entity/
    └─ migration.sql
  └─ 20261222000000_scout_progress_and_completion/
    └─ migration.sql
  └─ 20261223000100_scout_import_state/
    └─ migration.sql
  └─ 20261223000200_scout_reconstruction/
    └─ migration.sql
  └─ 20261223000300_scout_reconstructed_entity/
    └─ migration.sql
      
All migrations have been successfully applied.
Warning: [Prisma auto-install on generate] Prisma could not find a package.json file in the inferred project root /home/user/workspace/execution/s5-g2. During the next step, when an auto-install of Prisma package(s) will be attempted, it will then be created by your package manager on the appropriate level if necessary.
{"database" : "g2_s5_etq0_disposable", "version" : "170006", "directory" : "/home/user/pg17/clusters/s5", "address" : "127.0.0.1", "port" : 54325, "applied" : 164}
G2_PG17_BOOTSTRAP_OK
CMD: npx jest --config jest.rls.config.js test/rls-g2-pg17-etq0.spec.ts --runInBand --testTimeout=180000
FAIL rls-live test/rls-g2-pg17-etq0.spec.ts (17.816 s)
  stage 1: E on a populated narrow base with the actual O binary
    ✕ populates synthetic legacy history without a provenance column and O reconstructs 600 staged rows (1 ms)
    ✕ applies E: rows, OIDs, keys, RLS and policies preserved; column nullable without default
    ✕ keeps the actual O writer and readers working on E, creating NULL provenance (1 ms)
    ✕ retains forced RLS denial for anon/authenticated on every touched table, even with a hostile claim
    ✕ refuses a wrong public index owner in up on the populated base
    ✕ refuses a wrong public index owner in down on the populated base
    ✕ schema-qualifies both directions despite search_path decoys, leaving 1230 populated rows intact
    ✕ forced-RLS non-bypass owning role cannot drop hidden provenance (populated=true)
    ✕ forced-RLS non-bypass owning role cannot drop hidden provenance (populated=false) (1 ms)
    ✕ rolls E back only while every provenance is NULL, preserving rows, then re-applies (7 ms)
  stage 2: E recorded through the real release mechanism
    ✕ prisma migrate deploy applies exactly E on the populated database and records history
  stage 3: T provenance, atomicity, accounting and collisions on PostgreSQL 17
    ✕ claims historical NULL history at volume with honest multi-page accounting and identical replay
    ✕ claims only the exact coach/intent/family identity and leaves adjacent tenants untouched
    ✕ creates every outcome with actual provenance, isolates failures and replays honestly
    ✕ claims historical NULL on reconstructed attempts (1 ms)
    ✕ claims historical NULL on skipped attempts
    ✕ claims historical NULL on failed attempts
    ✕ rolls back new and pre-existing clients target changes on late mismatch (1 ms)
    ✕ rolls back new and pre-existing workouts target changes on late mismatch
    ✕ fail-stops mid-batch on a legacy provenance contradiction, keeping earlier committed rows and honest durable counts
    ✕ preserves success and reason on skip failure/skip, but still checks mismatch
    ✕ preserves success and reason on throw failure/skip, but still checks mismatch
    ✕ preserves success and reason on database failure/skip, but still checks mismatch
    ✕ rejects invalid staging before writes and preserves narrow staging/ledger identities
    ✕ cross-intent same source: same platform converges on one Person, different platform mints a second
    ✕ characterizes the retained narrow ledger collision: one intent cannot carry two platforms for one source
    ✕ characterizes actual O after T: provenance stays but O can downgrade success
  stage 3b: deterministically coordinated T/T and O/T processes on PostgreSQL 17
    ✕ concurrent success replays with false old winner converge on one target
    ✕ concurrent success replays with true old winner converge on one target
    ✕ two absent skip inserts observe real P2002 contention and bounded full-transaction retry
    ✕ retries real PostgreSQL serialization failure once for skip
    ✕ retries real PostgreSQL serialization failure once for throw
    ✕ retries real PostgreSQL serialization failure once for success
    ✕ exhausted real ledger serialization conflicts stop after two transactions with no invented tally
    ✕ success holds claim while a failing false old writer waits
    ✕ success holds claim while a failing true old writer waits
    ✕ success holds claim while a skipped false old writer waits
    ✕ success holds claim while a skipped true old writer waits
    ✕ T success upgrades serialized skip while target write is open (1 ms)
    ✕ T success upgrades serialized throw while target write is open
    ✕ concurrent different-platform NULL claims serialize and the loser rolls back target changes (1 ms)
  stage 4: Q0 real scoped reads, cursor boundaries and unchanged emission
    ✕ enumerates exact narrow-schema clients page union and retains NULL legacy history
    ✕ enumerates exact narrow-schema workouts page union and retains NULL legacy history
    ✕ characterizes clients ties ONLY in a temporary future-schema fixture
    ✕ characterizes workouts ties ONLY in a temporary future-schema fixture
    ✕ bounds clients cursor tokens at 8,192 characters and rejects every malformed shape without reflection (1 ms)
    ✕ bounds workouts cursor tokens at 8,192 characters and rejects every malformed shape without reflection
  stage 5: rollout recovery boundaries after T has claimed provenance
    ✕ refuses destructive E rollback while any claim exists, keeps history, and only a drained ledger can roll back
    ✕ E/down lock budgets fail atomically against a live writer transaction instead of queueing behind it

  ● stage 1: E on a populated narrow base with the actual O binary › populates synthetic legacy history without a provenance column and O reconstructs 600 staged rows

    Command failed: /usr/bin/psql -X -w -qAt -v ON_ERROR_STOP=1 postgresql://postgres@127.0.0.1:54325/g2_s5_etq0_disposable?connect_timeout=5
    ERROR:  permission denied to examine "data_directory"
    DETAIL:  Only roles with privileges of the "pg_read_all_settings" role may examine this parameter.

      33 | const adminUrl = asRole(G2_PG17_ADMIN_ROLE);
      34 |
    > 35 | const psqlRun = (url: string, args: string[], input?: string) => execFileSync(
         |                                                                              ^
      36 |   psql!, ['-X', '-w', '-qAt', '-v', 'ON_ERROR_STOP=1', ...args, url],
      37 |   { input, encoding: 'utf8', timeout: 60000, env: psqlEnv, stdio: [input === undefined ? 'ignore' : 'pipe', 'pipe', 'pipe'] },
      38 | ).trim();

      at psqlRun (test/utils/g2-pg17-harness.ts:35:78)
      at sql (test/utils/g2-pg17-harness.ts:39:46)
      at json (test/utils/g2-pg17-harness.ts:44:53)
      at Object.<anonymous> (test/rls-g2-pg17-etq0.spec.ts:27:24)

  ● stage 1: E on a populated narrow base with the actual O binary › applies E: rows, OIDs, keys, RLS and policies preserved; column nullable without default

    Command failed: /usr/bin/psql -X -w -qAt -v ON_ERROR_STOP=1 postgresql://postgres@127.0.0.1:54325/g2_s5_etq0_disposable?connect_timeout=5
    ERROR:  permission denied to examine "data_directory"
    DETAIL:  Only roles with privileges of the "pg_read_all_settings" role may examine this parameter.

      33 | const adminUrl = asRole(G2_PG17_ADMIN_ROLE);
      34 |
    > 35 | const psqlRun = (url: string, args: string[], input?: string) => execFileSync(
         |                                                                              ^
      36 |   psql!, ['-X', '-w', '-qAt', '-v', 'ON_ERROR_STOP=1', ...args, url],
      37 |   { input, encoding: 'utf8', timeout: 60000, env: psqlEnv, stdio: [input === undefined ? 'ignore' : 'pipe', 'pipe', 'pipe'] },
      38 | ).trim();

      at psqlRun (test/utils/g2-pg17-harness.ts:35:78)
      at sql (test/utils/g2-pg17-harness.ts:39:46)
      at json (test/utils/g2-pg17-harness.ts:44:53)
      at Object.<anonymous> (test/rls-g2-pg17-etq0.spec.ts:27:24)

  ● stage 1: E on a populated narrow base with the actual O binary › keeps the actual O writer and readers working on E, creating NULL provenance

    Command failed: /usr/bin/psql -X -w -qAt -v ON_ERROR_STOP=1 postgresql://postgres@127.0.0.1:54325/g2_s5_etq0_disposable?connect_timeout=5
    ERROR:  permission denied to examine "data_directory"
    DETAIL:  Only roles with privileges of the "pg_read_all_settings" role may examine this parameter.

      33 | const adminUrl = asRole(G2_PG17_ADMIN_ROLE);
      34 |
    > 35 | const psqlRun = (url: string, args: string[], input?: string) => execFileSync(
         |                                                                              ^
      36 |   psql!, ['-X', '-w', '-qAt', '-v', 'ON_ERROR_STOP=1', ...args, url],
      37 |   { input, encoding: 'utf8', timeout: 60000, env: psqlEnv, stdio: [input === undefined ? 'ignore' : 'pipe', 'pipe', 'pipe'] },
      38 | ).trim();

      at psqlRun (test/utils/g2-pg17-harness.ts:35:78)
      at sql (test/utils/g2-pg17-harness.ts:39:46)
      at json (test/utils/g2-pg17-harness.ts:44:53)
      at Object.<anonymous> (test/rls-g2-pg17-etq0.spec.ts:27:24)

  ● stage 1: E on a populated narrow base with the actual O binary › retains forced RLS denial for anon/authenticated on every touched table, even with a hostile claim

    Command failed: /usr/bin/psql -X -w -qAt -v ON_ERROR_STOP=1 postgresql://postgres@127.0.0.1:54325/g2_s5_etq0_disposable?connect_timeout=5
    ERROR:  permission denied to examine "data_directory"
    DETAIL:  Only roles with privileges of the "pg_read_all_settings" role may examine this parameter.

      33 | const adminUrl = asRole(G2_PG17_ADMIN_ROLE);
      34 |
    > 35 | const psqlRun = (url: string, args: string[], input?: string) => execFileSync(
         |                                                                              ^
      36 |   psql!, ['-X', '-w', '-qAt', '-v', 'ON_ERROR_STOP=1', ...args, url],
      37 |   { input, encoding: 'utf8', timeout: 60000, env: psqlEnv, stdio: [input === undefined ? 'ignore' : 'pipe', 'pipe', 'pipe'] },
      38 | ).trim();

      at psqlRun (test/utils/g2-pg17-harness.ts:35:78)
      at sql (test/utils/g2-pg17-harness.ts:39:46)
      at json (test/utils/g2-pg17-harness.ts:44:53)
      at Object.<anonymous> (test/rls-g2-pg17-etq0.spec.ts:27:24)

  ● stage 1: E on a populated narrow base with the actual O binary › refuses a wrong public index owner in up on the populated base

    Command failed: /usr/bin/psql -X -w -qAt -v ON_ERROR_STOP=1 postgresql://postgres@127.0.0.1:54325/g2_s5_etq0_disposable?connect_timeout=5
    ERROR:  permission denied to examine "data_directory"
    DETAIL:  Only roles with privileges of the "pg_read_all_settings" role may examine this parameter.

      33 | const adminUrl = asRole(G2_PG17_ADMIN_ROLE);
      34 |
    > 35 | const psqlRun = (url: string, args: string[], input?: string) => execFileSync(
         |                                                                              ^
      36 |   psql!, ['-X', '-w', '-qAt', '-v', 'ON_ERROR_STOP=1', ...args, url],
      37 |   { input, encoding: 'utf8', timeout: 60000, env: psqlEnv, stdio: [input === undefined ? 'ignore' : 'pipe', 'pipe', 'pipe'] },
      38 | ).trim();

      at psqlRun (test/utils/g2-pg17-harness.ts:35:78)
      at sql (test/utils/g2-pg17-harness.ts:39:46)
      at json (test/utils/g2-pg17-harness.ts:44:53)
      at Object.<anonymous> (test/rls-g2-pg17-etq0.spec.ts:27:24)

  ● stage 1: E on a populated narrow base with the actual O binary › refuses a wrong public index owner in down on the populated base

    Command failed: /usr/bin/psql -X -w -qAt -v ON_ERROR_STOP=1 postgresql://postgres@127.0.0.1:54325/g2_s5_etq0_disposable?connect_timeout=5
    ERROR:  permission denied to examine "data_directory"
    DETAIL:  Only roles with privileges of the "pg_read_all_settings" role may examine this parameter.

      33 | const adminUrl = asRole(G2_PG17_ADMIN_ROLE);
      34 |
    > 35 | const psqlRun = (url: string, args: string[], input?: string) => execFileSync(
         |                                                                              ^
      36 |   psql!, ['-X', '-w', '-qAt', '-v', 'ON_ERROR_STOP=1', ...args, url],
      37 |   { input, encoding: 'utf8', timeout: 60000, env: psqlEnv, stdio: [input === undefined ? 'ignore' : 'pipe', 'pipe', 'pipe'] },
      38 | ).trim();

      at psqlRun (test/utils/g2-pg17-harness.ts:35:78)
      at sql (test/utils/g2-pg17-harness.ts:39:46)
      at json (test/utils/g2-pg17-harness.ts:44:53)
      at Object.<anonymous> (test/rls-g2-pg17-etq0.spec.ts:27:24)

  ● stage 1: E on a populated narrow base with the actual O binary › schema-qualifies both directions despite search_path decoys, leaving 1230 populated rows intact

    Command failed: /usr/bin/psql -X -w -qAt -v ON_ERROR_STOP=1 postgresql://postgres@127.0.0.1:54325/g2_s5_etq0_disposable?connect_timeout=5
    ERROR:  permission denied to examine "data_directory"
    DETAIL:  Only roles with privileges of the "pg_read_all_settings" role may examine this parameter.

      33 | const adminUrl = asRole(G2_PG17_ADMIN_ROLE);
      34 |
    > 35 | const psqlRun = (url: string, args: string[], input?: string) => execFileSync(
         |                                                                              ^
      36 |   psql!, ['-X', '-w', '-qAt', '-v', 'ON_ERROR_STOP=1', ...args, url],
      37 |   { input, encoding: 'utf8', timeout: 60000, env: psqlEnv, stdio: [input === undefined ? 'ignore' : 'pipe', 'pipe', 'pipe'] },
      38 | ).trim();

      at psqlRun (test/utils/g2-pg17-harness.ts:35:78)
      at sql (test/utils/g2-pg17-harness.ts:39:46)
      at json (test/utils/g2-pg17-harness.ts:44:53)
      at Object.<anonymous> (test/rls-g2-pg17-etq0.spec.ts:27:24)

  ● stage 1: E on a populated narrow base with the actual O binary › forced-RLS non-bypass owning role cannot drop hidden provenance (populated=true)

    Command failed: /usr/bin/psql -X -w -qAt -v ON_ERROR_STOP=1 postgresql://postgres@127.0.0.1:54325/g2_s5_etq0_disposable?connect_timeout=5
    ERROR:  permission denied to examine "data_directory"
    DETAIL:  Only roles with privileges of the "pg_read_all_settings" role may examine this parameter.

      33 | const adminUrl = asRole(G2_PG17_ADMIN_ROLE);
      34 |
    > 35 | const psqlRun = (url: string, args: string[], input?: string) => execFileSync(
         |                                                                              ^
      36 |   psql!, ['-X', '-w', '-qAt', '-v', 'ON_ERROR_STOP=1', ...args, url],
      37 |   { input, encoding: 'utf8', timeout: 60000, env: psqlEnv, stdio: [input === undefined ? 'ignore' : 'pipe', 'pipe', 'pipe'] },
      38 | ).trim();

      at psqlRun (test/utils/g2-pg17-harness.ts:35:78)
      at sql (test/utils/g2-pg17-harness.ts:39:46)
      at json (test/utils/g2-pg17-harness.ts:44:53)
      at Object.<anonymous> (test/rls-g2-pg17-etq0.spec.ts:27:24)

  ● stage 1: E on a populated narrow base with the actual O binary › forced-RLS non-bypass owning role cannot drop hidden provenance (populated=false)

    Command failed: /usr/bin/psql -X -w -qAt -v ON_ERROR_STOP=1 postgresql://postgres@127.0.0.1:54325/g2_s5_etq0_disposable?connect_timeout=5
    ERROR:  permission denied to examine "data_directory"
    DETAIL:  Only roles with privileges of the "pg_read_all_settings" role may examine this parameter.

      33 | const adminUrl = asRole(G2_PG17_ADMIN_ROLE);
      34 |
    > 35 | const psqlRun = (url: string, args: string[], input?: string) => execFileSync(
         |                                                                              ^
      36 |   psql!, ['-X', '-w', '-qAt', '-v', 'ON_ERROR_STOP=1', ...args, url],
      37 |   { input, encoding: 'utf8', timeout: 60000, env: psqlEnv, stdio: [input === undefined ? 'ignore' : 'pipe', 'pipe', 'pipe'] },
      38 | ).trim();

      at psqlRun (test/utils/g2-pg17-harness.ts:35:78)
      at sql (test/utils/g2-pg17-harness.ts:39:46)
      at json (test/utils/g2-pg17-harness.ts:44:53)
      at Object.<anonymous> (test/rls-g2-pg17-etq0.spec.ts:27:24)

  ● stage 1: E on a populated narrow base with the actual O binary › rolls E back only while every provenance is NULL, preserving rows, then re-applies

    Command failed: /usr/bin/psql -X -w -qAt -v ON_ERROR_STOP=1 postgresql://postgres@127.0.0.1:54325/g2_s5_etq0_disposable?connect_timeout=5
    ERROR:  permission denied to examine "data_directory"
    DETAIL:  Only roles with privileges of the "pg_read_all_settings" role may examine this parameter.

      33 | const adminUrl = asRole(G2_PG17_ADMIN_ROLE);
      34 |
    > 35 | const psqlRun = (url: string, args: string[], input?: string) => execFileSync(
         |                                                                              ^
      36 |   psql!, ['-X', '-w', '-qAt', '-v', 'ON_ERROR_STOP=1', ...args, url],
      37 |   { input, encoding: 'utf8', timeout: 60000, env: psqlEnv, stdio: [input === undefined ? 'ignore' : 'pipe', 'pipe', 'pipe'] },
      38 | ).trim();

      at psqlRun (test/utils/g2-pg17-harness.ts:35:78)
      at sql (test/utils/g2-pg17-harness.ts:39:46)
      at json (test/utils/g2-pg17-harness.ts:44:53)
      at Object.<anonymous> (test/rls-g2-pg17-etq0.spec.ts:27:24)

  ● stage 2: E recorded through the real release mechanism › prisma migrate deploy applies exactly E on the populated database and records history

    Command failed: /usr/bin/psql -X -w -qAt -v ON_ERROR_STOP=1 postgresql://postgres@127.0.0.1:54325/g2_s5_etq0_disposable?connect_timeout=5
    ERROR:  permission denied to examine "data_directory"
    DETAIL:  Only roles with privileges of the "pg_read_all_settings" role may examine this parameter.

      33 | const adminUrl = asRole(G2_PG17_ADMIN_ROLE);
      34 |
    > 35 | const psqlRun = (url: string, args: string[], input?: string) => execFileSync(
         |                                                                              ^
      36 |   psql!, ['-X', '-w', '-qAt', '-v', 'ON_ERROR_STOP=1', ...args, url],
      37 |   { input, encoding: 'utf8', timeout: 60000, env: psqlEnv, stdio: [input === undefined ? 'ignore' : 'pipe', 'pipe', 'pipe'] },
      38 | ).trim();

      at psqlRun (test/utils/g2-pg17-harness.ts:35:78)
      at sql (test/utils/g2-pg17-harness.ts:39:46)
      at json (test/utils/g2-pg17-harness.ts:44:53)
      at Object.<anonymous> (test/rls-g2-pg17-etq0.spec.ts:27:24)

  ● stage 3: T provenance, atomicity, accounting and collisions on PostgreSQL 17 › claims historical NULL history at volume with honest multi-page accounting and identical replay

    Command failed: /usr/bin/psql -X -w -qAt -v ON_ERROR_STOP=1 postgresql://postgres@127.0.0.1:54325/g2_s5_etq0_disposable?connect_timeout=5
    ERROR:  permission denied to examine "data_directory"
    DETAIL:  Only roles with privileges of the "pg_read_all_settings" role may examine this parameter.

      33 | const adminUrl = asRole(G2_PG17_ADMIN_ROLE);
      34 |
    > 35 | const psqlRun = (url: string, args: string[], input?: string) => execFileSync(
         |                                                                              ^
      36 |   psql!, ['-X', '-w', '-qAt', '-v', 'ON_ERROR_STOP=1', ...args, url],
      37 |   { input, encoding: 'utf8', timeout: 60000, env: psqlEnv, stdio: [input === undefined ? 'ignore' : 'pipe', 'pipe', 'pipe'] },
      38 | ).trim();

      at psqlRun (test/utils/g2-pg17-harness.ts:35:78)
      at sql (test/utils/g2-pg17-harness.ts:39:46)
      at json (test/utils/g2-pg17-harness.ts:44:53)
      at Object.<anonymous> (test/rls-g2-pg17-etq0.spec.ts:27:24)

  ● stage 3: T provenance, atomicity, accounting and collisions on PostgreSQL 17 › claims only the exact coach/intent/family identity and leaves adjacent tenants untouched

    Command failed: /usr/bin/psql -X -w -qAt -v ON_ERROR_STOP=1 postgresql://postgres@127.0.0.1:54325/g2_s5_etq0_disposable?connect_timeout=5
    ERROR:  permission denied to examine "data_directory"
    DETAIL:  Only roles with privileges of the "pg_read_all_settings" role may examine this parameter.

      33 | const adminUrl = asRole(G2_PG17_ADMIN_ROLE);
      34 |
    > 35 | const psqlRun = (url: string, args: string[], input?: string) => execFileSync(
         |                                                                              ^
      36 |   psql!, ['-X', '-w', '-qAt', '-v', 'ON_ERROR_STOP=1', ...args, url],
      37 |   { input, encoding: 'utf8', timeout: 60000, env: psqlEnv, stdio: [input === undefined ? 'ignore' : 'pipe', 'pipe', 'pipe'] },
      38 | ).trim();

      at psqlRun (test/utils/g2-pg17-harness.ts:35:78)
      at sql (test/utils/g2-pg17-harness.ts:39:46)
      at json (test/utils/g2-pg17-harness.ts:44:53)
      at Object.<anonymous> (test/rls-g2-pg17-etq0.spec.ts:27:24)

  ● stage 3: T provenance, atomicity, accounting and collisions on PostgreSQL 17 › creates every outcome with actual provenance, isolates failures and replays honestly

    Command failed: /usr/bin/psql -X -w -qAt -v ON_ERROR_STOP=1 postgresql://postgres@127.0.0.1:54325/g2_s5_etq0_disposable?connect_timeout=5
    ERROR:  permission denied to examine "data_directory"
    DETAIL:  Only roles with privileges of the "pg_read_all_settings" role may examine this parameter.

      33 | const adminUrl = asRole(G2_PG17_ADMIN_ROLE);
      34 |
    > 35 | const psqlRun = (url: string, args: string[], input?: string) => execFileSync(
         |                                                                              ^
      36 |   psql!, ['-X', '-w', '-qAt', '-v', 'ON_ERROR_STOP=1', ...args, url],
      37 |   { input, encoding: 'utf8', timeout: 60000, env: psqlEnv, stdio: [input === undefined ? 'ignore' : 'pipe', 'pipe', 'pipe'] },
      38 | ).trim();

      at psqlRun (test/utils/g2-pg17-harness.ts:35:78)
      at sql (test/utils/g2-pg17-harness.ts:39:46)
      at json (test/utils/g2-pg17-harness.ts:44:53)
      at Object.<anonymous> (test/rls-g2-pg17-etq0.spec.ts:27:24)

  ● stage 3: T provenance, atomicity, accounting and collisions on PostgreSQL 17 › claims historical NULL on reconstructed attempts

    Command failed: /usr/bin/psql -X -w -qAt -v ON_ERROR_STOP=1 postgresql://postgres@127.0.0.1:54325/g2_s5_etq0_disposable?connect_timeout=5
    ERROR:  permission denied to examine "data_directory"
    DETAIL:  Only roles with privileges of the "pg_read_all_settings" role may examine this parameter.

      33 | const adminUrl = asRole(G2_PG17_ADMIN_ROLE);
      34 |
    > 35 | const psqlRun = (url: string, args: string[], input?: string) => execFileSync(
         |                                                                              ^
      36 |   psql!, ['-X', '-w', '-qAt', '-v', 'ON_ERROR_STOP=1', ...args, url],
      37 |   { input, encoding: 'utf8', timeout: 60000, env: psqlEnv, stdio: [input === undefined ? 'ignore' : 'pipe', 'pipe', 'pipe'] },
      38 | ).trim();

      at psqlRun (test/utils/g2-pg17-harness.ts:35:78)
      at sql (test/utils/g2-pg17-harness.ts:39:46)
      at json (test/utils/g2-pg17-harness.ts:44:53)
      at Object.<anonymous> (test/rls-g2-pg17-etq0.spec.ts:27:24)

  ● stage 3: T provenance, atomicity, accounting and collisions on PostgreSQL 17 › claims historical NULL on skipped attempts

    Command failed: /usr/bin/psql -X -w -qAt -v ON_ERROR_STOP=1 postgresql://postgres@127.0.0.1:54325/g2_s5_etq0_disposable?connect_timeout=5
    ERROR:  permission denied to examine "data_directory"
    DETAIL:  Only roles with privileges of the "pg_read_all_settings" role may examine this parameter.

      33 | const adminUrl = asRole(G2_PG17_ADMIN_ROLE);
      34 |
    > 35 | const psqlRun = (url: string, args: string[], input?: string) => execFileSync(
         |                                                                              ^
      36 |   psql!, ['-X', '-w', '-qAt', '-v', 'ON_ERROR_STOP=1', ...args, url],
      37 |   { input, encoding: 'utf8', timeout: 60000, env: psqlEnv, stdio: [input === undefined ? 'ignore' : 'pipe', 'pipe', 'pipe'] },
      38 | ).trim();

      at psqlRun (test/utils/g2-pg17-harness.ts:35:78)
      at sql (test/utils/g2-pg17-harness.ts:39:46)
      at json (test/utils/g2-pg17-harness.ts:44:53)
      at Object.<anonymous> (test/rls-g2-pg17-etq0.spec.ts:27:24)

  ● stage 3: T provenance, atomicity, accounting and collisions on PostgreSQL 17 › claims historical NULL on failed attempts

    Command failed: /usr/bin/psql -X -w -qAt -v ON_ERROR_STOP=1 postgresql://postgres@127.0.0.1:54325/g2_s5_etq0_disposable?connect_timeout=5
    ERROR:  permission denied to examine "data_directory"
    DETAIL:  Only roles with privileges of the "pg_read_all_settings" role may examine this parameter.

      33 | const adminUrl = asRole(G2_PG17_ADMIN_ROLE);
      34 |
    > 35 | const psqlRun = (url: string, args: string[], input?: string) => execFileSync(
         |                                                                              ^
      36 |   psql!, ['-X', '-w', '-qAt', '-v', 'ON_ERROR_STOP=1', ...args, url],
      37 |   { input, encoding: 'utf8', timeout: 60000, env: psqlEnv, stdio: [input === undefined ? 'ignore' : 'pipe', 'pipe', 'pipe'] },
      38 | ).trim();

      at psqlRun (test/utils/g2-pg17-harness.ts:35:78)
      at sql (test/utils/g2-pg17-harness.ts:39:46)
      at json (test/utils/g2-pg17-harness.ts:44:53)
      at Object.<anonymous> (test/rls-g2-pg17-etq0.spec.ts:27:24)

  ● stage 3: T provenance, atomicity, accounting and collisions on PostgreSQL 17 › rolls back new and pre-existing clients target changes on late mismatch

    Command failed: /usr/bin/psql -X -w -qAt -v ON_ERROR_STOP=1 postgresql://postgres@127.0.0.1:54325/g2_s5_etq0_disposable?connect_timeout=5
    ERROR:  permission denied to examine "data_directory"
    DETAIL:  Only roles with privileges of the "pg_read_all_settings" role may examine this parameter.

      33 | const adminUrl = asRole(G2_PG17_ADMIN_ROLE);
      34 |
    > 35 | const psqlRun = (url: string, args: string[], input?: string) => execFileSync(
         |                                                                              ^
      36 |   psql!, ['-X', '-w', '-qAt', '-v', 'ON_ERROR_STOP=1', ...args, url],
      37 |   { input, encoding: 'utf8', timeout: 60000, env: psqlEnv, stdio: [input === undefined ? 'ignore' : 'pipe', 'pipe', 'pipe'] },
      38 | ).trim();

      at psqlRun (test/utils/g2-pg17-harness.ts:35:78)
      at sql (test/utils/g2-pg17-harness.ts:39:46)
      at json (test/utils/g2-pg17-harness.ts:44:53)
      at Object.<anonymous> (test/rls-g2-pg17-etq0.spec.ts:27:24)

  ● stage 3: T provenance, atomicity, accounting and collisions on PostgreSQL 17 › rolls back new and pre-existing workouts target changes on late mismatch

    Command failed: /usr/bin/psql -X -w -qAt -v ON_ERROR_STOP=1 postgresql://postgres@127.0.0.1:54325/g2_s5_etq0_disposable?connect_timeout=5
    ERROR:  permission denied to examine "data_directory"
    DETAIL:  Only roles with privileges of the "pg_read_all_settings" role may examine this parameter.

      33 | const adminUrl = asRole(G2_PG17_ADMIN_ROLE);
      34 |
    > 35 | const psqlRun = (url: string, args: string[], input?: string) => execFileSync(
         |                                                                              ^
      36 |   psql!, ['-X', '-w', '-qAt', '-v', 'ON_ERROR_STOP=1', ...args, url],
      37 |   { input, encoding: 'utf8', timeout: 60000, env: psqlEnv, stdio: [input === undefined ? 'ignore' : 'pipe', 'pipe', 'pipe'] },
      38 | ).trim();

      at psqlRun (test/utils/g2-pg17-harness.ts:35:78)
      at sql (test/utils/g2-pg17-harness.ts:39:46)
      at json (test/utils/g2-pg17-harness.ts:44:53)
      at Object.<anonymous> (test/rls-g2-pg17-etq0.spec.ts:27:24)

  ● stage 3: T provenance, atomicity, accounting and collisions on PostgreSQL 17 › fail-stops mid-batch on a legacy provenance contradiction, keeping earlier committed rows and honest durable counts

    Command failed: /usr/bin/psql -X -w -qAt -v ON_ERROR_STOP=1 postgresql://postgres@127.0.0.1:54325/g2_s5_etq0_disposable?connect_timeout=5
    ERROR:  permission denied to examine "data_directory"
    DETAIL:  Only roles with privileges of the "pg_read_all_settings" role may examine this parameter.

      33 | const adminUrl = asRole(G2_PG17_ADMIN_ROLE);
      34 |
    > 35 | const psqlRun = (url: string, args: string[], input?: string) => execFileSync(
         |                                                                              ^
      36 |   psql!, ['-X', '-w', '-qAt', '-v', 'ON_ERROR_STOP=1', ...args, url],
      37 |   { input, encoding: 'utf8', timeout: 60000, env: psqlEnv, stdio: [input === undefined ? 'ignore' : 'pipe', 'pipe', 'pipe'] },
      38 | ).trim();

      at psqlRun (test/utils/g2-pg17-harness.ts:35:78)
      at sql (test/utils/g2-pg17-harness.ts:39:46)
      at json (test/utils/g2-pg17-harness.ts:44:53)
      at Object.<anonymous> (test/rls-g2-pg17-etq0.spec.ts:27:24)

  ● stage 3: T provenance, atomicity, accounting and collisions on PostgreSQL 17 › preserves success and reason on skip failure/skip, but still checks mismatch

    Command failed: /usr/bin/psql -X -w -qAt -v ON_ERROR_STOP=1 postgresql://postgres@127.0.0.1:54325/g2_s5_etq0_disposable?connect_timeout=5
    ERROR:  permission denied to examine "data_directory"
    DETAIL:  Only roles with privileges of the "pg_read_all_settings" role may examine this parameter.

      33 | const adminUrl = asRole(G2_PG17_ADMIN_ROLE);
      34 |
    > 35 | const psqlRun = (url: string, args: string[], input?: string) => execFileSync(
         |                                                                              ^
      36 |   psql!, ['-X', '-w', '-qAt', '-v', 'ON_ERROR_STOP=1', ...args, url],
      37 |   { input, encoding: 'utf8', timeout: 60000, env: psqlEnv, stdio: [input === undefined ? 'ignore' : 'pipe', 'pipe', 'pipe'] },
      38 | ).trim();

      at psqlRun (test/utils/g2-pg17-harness.ts:35:78)
      at sql (test/utils/g2-pg17-harness.ts:39:46)
      at json (test/utils/g2-pg17-harness.ts:44:53)
      at Object.<anonymous> (test/rls-g2-pg17-etq0.spec.ts:27:24)

  ● stage 3: T provenance, atomicity, accounting and collisions on PostgreSQL 17 › preserves success and reason on throw failure/skip, but still checks mismatch

    Command failed: /usr/bin/psql -X -w -qAt -v ON_ERROR_STOP=1 postgresql://postgres@127.0.0.1:54325/g2_s5_etq0_disposable?connect_timeout=5
    ERROR:  permission denied to examine "data_directory"
    DETAIL:  Only roles with privileges of the "pg_read_all_settings" role may examine this parameter.

      33 | const adminUrl = asRole(G2_PG17_ADMIN_ROLE);
      34 |
    > 35 | const psqlRun = (url: string, args: string[], input?: string) => execFileSync(
         |                                                                              ^
      36 |   psql!, ['-X', '-w', '-qAt', '-v', 'ON_ERROR_STOP=1', ...args, url],
      37 |   { input, encoding: 'utf8', timeout: 60000, env: psqlEnv, stdio: [input === undefined ? 'ignore' : 'pipe', 'pipe', 'pipe'] },
      38 | ).trim();

      at psqlRun (test/utils/g2-pg17-harness.ts:35:78)
      at sql (test/utils/g2-pg17-harness.ts:39:46)
      at json (test/utils/g2-pg17-harness.ts:44:53)
      at Object.<anonymous> (test/rls-g2-pg17-etq0.spec.ts:27:24)

  ● stage 3: T provenance, atomicity, accounting and collisions on PostgreSQL 17 › preserves success and reason on database failure/skip, but still checks mismatch

    Command failed: /usr/bin/psql -X -w -qAt -v ON_ERROR_STOP=1 postgresql://postgres@127.0.0.1:54325/g2_s5_etq0_disposable?connect_timeout=5
    ERROR:  permission denied to examine "data_directory"
    DETAIL:  Only roles with privileges of the "pg_read_all_settings" role may examine this parameter.

      33 | const adminUrl = asRole(G2_PG17_ADMIN_ROLE);
      34 |
    > 35 | const psqlRun = (url: string, args: string[], input?: string) => execFileSync(
         |                                                                              ^
      36 |   psql!, ['-X', '-w', '-qAt', '-v', 'ON_ERROR_STOP=1', ...args, url],
      37 |   { input, encoding: 'utf8', timeout: 60000, env: psqlEnv, stdio: [input === undefined ? 'ignore' : 'pipe', 'pipe', 'pipe'] },
      38 | ).trim();

      at psqlRun (test/utils/g2-pg17-harness.ts:35:78)
      at sql (test/utils/g2-pg17-harness.ts:39:46)
      at json (test/utils/g2-pg17-harness.ts:44:53)
      at Object.<anonymous> (test/rls-g2-pg17-etq0.spec.ts:27:24)

  ● stage 3: T provenance, atomicity, accounting and collisions on PostgreSQL 17 › rejects invalid staging before writes and preserves narrow staging/ledger identities

    Command failed: /usr/bin/psql -X -w -qAt -v ON_ERROR_STOP=1 postgresql://postgres@127.0.0.1:54325/g2_s5_etq0_disposable?connect_timeout=5
    ERROR:  permission denied to examine "data_directory"
    DETAIL:  Only roles with privileges of the "pg_read_all_settings" role may examine this parameter.

      33 | const adminUrl = asRole(G2_PG17_ADMIN_ROLE);
      34 |
    > 35 | const psqlRun = (url: string, args: string[], input?: string) => execFileSync(
         |                                                                              ^
      36 |   psql!, ['-X', '-w', '-qAt', '-v', 'ON_ERROR_STOP=1', ...args, url],
      37 |   { input, encoding: 'utf8', timeout: 60000, env: psqlEnv, stdio: [input === undefined ? 'ignore' : 'pipe', 'pipe', 'pipe'] },
      38 | ).trim();

      at psqlRun (test/utils/g2-pg17-harness.ts:35:78)
      at sql (test/utils/g2-pg17-harness.ts:39:46)
      at json (test/utils/g2-pg17-harness.ts:44:53)
      at Object.<anonymous> (test/rls-g2-pg17-etq0.spec.ts:27:24)

  ● stage 3: T provenance, atomicity, accounting and collisions on PostgreSQL 17 › cross-intent same source: same platform converges on one Person, different platform mints a second

    Command failed: /usr/bin/psql -X -w -qAt -v ON_ERROR_STOP=1 postgresql://postgres@127.0.0.1:54325/g2_s5_etq0_disposable?connect_timeout=5
    ERROR:  permission denied to examine "data_directory"
    DETAIL:  Only roles with privileges of the "pg_read_all_settings" role may examine this parameter.

      33 | const adminUrl = asRole(G2_PG17_ADMIN_ROLE);
      34 |
    > 35 | const psqlRun = (url: string, args: string[], input?: string) => execFileSync(
         |                                                                              ^
      36 |   psql!, ['-X', '-w', '-qAt', '-v', 'ON_ERROR_STOP=1', ...args, url],
      37 |   { input, encoding: 'utf8', timeout: 60000, env: psqlEnv, stdio: [input === undefined ? 'ignore' : 'pipe', 'pipe', 'pipe'] },
      38 | ).trim();

      at psqlRun (test/utils/g2-pg17-harness.ts:35:78)
      at sql (test/utils/g2-pg17-harness.ts:39:46)
      at json (test/utils/g2-pg17-harness.ts:44:53)
      at Object.<anonymous> (test/rls-g2-pg17-etq0.spec.ts:27:24)

  ● stage 3: T provenance, atomicity, accounting and collisions on PostgreSQL 17 › characterizes the retained narrow ledger collision: one intent cannot carry two platforms for one source

    Command failed: /usr/bin/psql -X -w -qAt -v ON_ERROR_STOP=1 postgresql://postgres@127.0.0.1:54325/g2_s5_etq0_disposable?connect_timeout=5
    ERROR:  permission denied to examine "data_directory"
    DETAIL:  Only roles with privileges of the "pg_read_all_settings" role may examine this parameter.

      33 | const adminUrl = asRole(G2_PG17_ADMIN_ROLE);
      34 |
    > 35 | const psqlRun = (url: string, args: string[], input?: string) => execFileSync(
         |                                                                              ^
      36 |   psql!, ['-X', '-w', '-qAt', '-v', 'ON_ERROR_STOP=1', ...args, url],
      37 |   { input, encoding: 'utf8', timeout: 60000, env: psqlEnv, stdio: [input === undefined ? 'ignore' : 'pipe', 'pipe', 'pipe'] },
      38 | ).trim();

      at psqlRun (test/utils/g2-pg17-harness.ts:35:78)
      at sql (test/utils/g2-pg17-harness.ts:39:46)
      at json (test/utils/g2-pg17-harness.ts:44:53)
      at Object.<anonymous> (test/rls-g2-pg17-etq0.spec.ts:27:24)

  ● stage 3: T provenance, atomicity, accounting and collisions on PostgreSQL 17 › characterizes actual O after T: provenance stays but O can downgrade success

    Command failed: /usr/bin/psql -X -w -qAt -v ON_ERROR_STOP=1 postgresql://postgres@127.0.0.1:54325/g2_s5_etq0_disposable?connect_timeout=5
    ERROR:  permission denied to examine "data_directory"
    DETAIL:  Only roles with privileges of the "pg_read_all_settings" role may examine this parameter.

      33 | const adminUrl = asRole(G2_PG17_ADMIN_ROLE);
      34 |
    > 35 | const psqlRun = (url: string, args: string[], input?: string) => execFileSync(
         |                                                                              ^
      36 |   psql!, ['-X', '-w', '-qAt', '-v', 'ON_ERROR_STOP=1', ...args, url],
      37 |   { input, encoding: 'utf8', timeout: 60000, env: psqlEnv, stdio: [input === undefined ? 'ignore' : 'pipe', 'pipe', 'pipe'] },
      38 | ).trim();

      at psqlRun (test/utils/g2-pg17-harness.ts:35:78)
      at sql (test/utils/g2-pg17-harness.ts:39:46)
      at json (test/utils/g2-pg17-harness.ts:44:53)
      at Object.<anonymous> (test/rls-g2-pg17-etq0.spec.ts:27:24)

  ● stage 3b: deterministically coordinated T/T and O/T processes on PostgreSQL 17 › concurrent success replays with false old winner converge on one target

    Command failed: /usr/bin/psql -X -w -qAt -v ON_ERROR_STOP=1 postgresql://postgres@127.0.0.1:54325/g2_s5_etq0_disposable?connect_timeout=5
    ERROR:  permission denied to examine "data_directory"
    DETAIL:  Only roles with privileges of the "pg_read_all_settings" role may examine this parameter.

      33 | const adminUrl = asRole(G2_PG17_ADMIN_ROLE);
      34 |
    > 35 | const psqlRun = (url: string, args: string[], input?: string) => execFileSync(
         |                                                                              ^
      36 |   psql!, ['-X', '-w', '-qAt', '-v', 'ON_ERROR_STOP=1', ...args, url],
      37 |   { input, encoding: 'utf8', timeout: 60000, env: psqlEnv, stdio: [input === undefined ? 'ignore' : 'pipe', 'pipe', 'pipe'] },
      38 | ).trim();

      at psqlRun (test/utils/g2-pg17-harness.ts:35:78)
      at sql (test/utils/g2-pg17-harness.ts:39:46)
      at json (test/utils/g2-pg17-harness.ts:44:53)
      at Object.<anonymous> (test/rls-g2-pg17-etq0.spec.ts:27:24)

  ● stage 3b: deterministically coordinated T/T and O/T processes on PostgreSQL 17 › concurrent success replays with true old winner converge on one target

    Command failed: /usr/bin/psql -X -w -qAt -v ON_ERROR_STOP=1 postgresql://postgres@127.0.0.1:54325/g2_s5_etq0_disposable?connect_timeout=5
    ERROR:  permission denied to examine "data_directory"
    DETAIL:  Only roles with privileges of the "pg_read_all_settings" role may examine this parameter.

      33 | const adminUrl = asRole(G2_PG17_ADMIN_ROLE);
      34 |
    > 35 | const psqlRun = (url: string, args: string[], input?: string) => execFileSync(
         |                                                                              ^
      36 |   psql!, ['-X', '-w', '-qAt', '-v', 'ON_ERROR_STOP=1', ...args, url],
      37 |   { input, encoding: 'utf8', timeout: 60000, env: psqlEnv, stdio: [input === undefined ? 'ignore' : 'pipe', 'pipe', 'pipe'] },
      38 | ).trim();

      at psqlRun (test/utils/g2-pg17-harness.ts:35:78)
      at sql (test/utils/g2-pg17-harness.ts:39:46)
      at json (test/utils/g2-pg17-harness.ts:44:53)
      at Object.<anonymous> (test/rls-g2-pg17-etq0.spec.ts:27:24)

  ● stage 3b: deterministically coordinated T/T and O/T processes on PostgreSQL 17 › two absent skip inserts observe real P2002 contention and bounded full-transaction retry

    Command failed: /usr/bin/psql -X -w -qAt -v ON_ERROR_STOP=1 postgresql://postgres@127.0.0.1:54325/g2_s5_etq0_disposable?connect_timeout=5
    ERROR:  permission denied to examine "data_directory"
    DETAIL:  Only roles with privileges of the "pg_read_all_settings" role may examine this parameter.

      33 | const adminUrl = asRole(G2_PG17_ADMIN_ROLE);
      34 |
    > 35 | const psqlRun = (url: string, args: string[], input?: string) => execFileSync(
         |                                                                              ^
      36 |   psql!, ['-X', '-w', '-qAt', '-v', 'ON_ERROR_STOP=1', ...args, url],
      37 |   { input, encoding: 'utf8', timeout: 60000, env: psqlEnv, stdio: [input === undefined ? 'ignore' : 'pipe', 'pipe', 'pipe'] },
      38 | ).trim();

      at psqlRun (test/utils/g2-pg17-harness.ts:35:78)
      at sql (test/utils/g2-pg17-harness.ts:39:46)
      at json (test/utils/g2-pg17-harness.ts:44:53)
      at Object.<anonymous> (test/rls-g2-pg17-etq0.spec.ts:27:24)

  ● stage 3b: deterministically coordinated T/T and O/T processes on PostgreSQL 17 › retries real PostgreSQL serialization failure once for skip

    Command failed: /usr/bin/psql -X -w -qAt -v ON_ERROR_STOP=1 postgresql://postgres@127.0.0.1:54325/g2_s5_etq0_disposable?connect_timeout=5
    ERROR:  permission denied to examine "data_directory"
    DETAIL:  Only roles with privileges of the "pg_read_all_settings" role may examine this parameter.

      33 | const adminUrl = asRole(G2_PG17_ADMIN_ROLE);
      34 |
    > 35 | const psqlRun = (url: string, args: string[], input?: string) => execFileSync(
         |                                                                              ^
      36 |   psql!, ['-X', '-w', '-qAt', '-v', 'ON_ERROR_STOP=1', ...args, url],
      37 |   { input, encoding: 'utf8', timeout: 60000, env: psqlEnv, stdio: [input === undefined ? 'ignore' : 'pipe', 'pipe', 'pipe'] },
      38 | ).trim();

      at psqlRun (test/utils/g2-pg17-harness.ts:35:78)
      at sql (test/utils/g2-pg17-harness.ts:39:46)
      at json (test/utils/g2-pg17-harness.ts:44:53)
      at Object.<anonymous> (test/rls-g2-pg17-etq0.spec.ts:27:24)

  ● stage 3b: deterministically coordinated T/T and O/T processes on PostgreSQL 17 › retries real PostgreSQL serialization failure once for throw

    Command failed: /usr/bin/psql -X -w -qAt -v ON_ERROR_STOP=1 postgresql://postgres@127.0.0.1:54325/g2_s5_etq0_disposable?connect_timeout=5
    ERROR:  permission denied to examine "data_directory"
    DETAIL:  Only roles with privileges of the "pg_read_all_settings" role may examine this parameter.

      33 | const adminUrl = asRole(G2_PG17_ADMIN_ROLE);
      34 |
    > 35 | const psqlRun = (url: string, args: string[], input?: string) => execFileSync(
         |                                                                              ^
      36 |   psql!, ['-X', '-w', '-qAt', '-v', 'ON_ERROR_STOP=1', ...args, url],
      37 |   { input, encoding: 'utf8', timeout: 60000, env: psqlEnv, stdio: [input === undefined ? 'ignore' : 'pipe', 'pipe', 'pipe'] },
      38 | ).trim();

      at psqlRun (test/utils/g2-pg17-harness.ts:35:78)
      at sql (test/utils/g2-pg17-harness.ts:39:46)
      at json (test/utils/g2-pg17-harness.ts:44:53)
      at Object.<anonymous> (test/rls-g2-pg17-etq0.spec.ts:27:24)

  ● stage 3b: deterministically coordinated T/T and O/T processes on PostgreSQL 17 › retries real PostgreSQL serialization failure once for success

    Command failed: /usr/bin/psql -X -w -qAt -v ON_ERROR_STOP=1 postgresql://postgres@127.0.0.1:54325/g2_s5_etq0_disposable?connect_timeout=5
    ERROR:  permission denied to examine "data_directory"
    DETAIL:  Only roles with privileges of the "pg_read_all_settings" role may examine this parameter.

      33 | const adminUrl = asRole(G2_PG17_ADMIN_ROLE);
      34 |
    > 35 | const psqlRun = (url: string, args: string[], input?: string) => execFileSync(
         |                                                                              ^
      36 |   psql!, ['-X', '-w', '-qAt', '-v', 'ON_ERROR_STOP=1', ...args, url],
      37 |   { input, encoding: 'utf8', timeout: 60000, env: psqlEnv, stdio: [input === undefined ? 'ignore' : 'pipe', 'pipe', 'pipe'] },
      38 | ).trim();

      at psqlRun (test/utils/g2-pg17-harness.ts:35:78)
      at sql (test/utils/g2-pg17-harness.ts:39:46)
      at json (test/utils/g2-pg17-harness.ts:44:53)
      at Object.<anonymous> (test/rls-g2-pg17-etq0.spec.ts:27:24)

  ● stage 3b: deterministically coordinated T/T and O/T processes on PostgreSQL 17 › exhausted real ledger serialization conflicts stop after two transactions with no invented tally

    Command failed: /usr/bin/psql -X -w -qAt -v ON_ERROR_STOP=1 postgresql://postgres@127.0.0.1:54325/g2_s5_etq0_disposable?connect_timeout=5
    ERROR:  permission denied to examine "data_directory"
    DETAIL:  Only roles with privileges of the "pg_read_all_settings" role may examine this parameter.

      33 | const adminUrl = asRole(G2_PG17_ADMIN_ROLE);
      34 |
    > 35 | const psqlRun = (url: string, args: string[], input?: string) => execFileSync(
         |                                                                              ^
      36 |   psql!, ['-X', '-w', '-qAt', '-v', 'ON_ERROR_STOP=1', ...args, url],
      37 |   { input, encoding: 'utf8', timeout: 60000, env: psqlEnv, stdio: [input === undefined ? 'ignore' : 'pipe', 'pipe', 'pipe'] },
      38 | ).trim();

      at psqlRun (test/utils/g2-pg17-harness.ts:35:78)
      at sql (test/utils/g2-pg17-harness.ts:39:46)
      at json (test/utils/g2-pg17-harness.ts:44:53)
      at Object.<anonymous> (test/rls-g2-pg17-etq0.spec.ts:27:24)

  ● stage 3b: deterministically coordinated T/T and O/T processes on PostgreSQL 17 › success holds claim while a failing false old writer waits

    Command failed: /usr/bin/psql -X -w -qAt -v ON_ERROR_STOP=1 postgresql://postgres@127.0.0.1:54325/g2_s5_etq0_disposable?connect_timeout=5
    ERROR:  permission denied to examine "data_directory"
    DETAIL:  Only roles with privileges of the "pg_read_all_settings" role may examine this parameter.

      33 | const adminUrl = asRole(G2_PG17_ADMIN_ROLE);
      34 |
    > 35 | const psqlRun = (url: string, args: string[], input?: string) => execFileSync(
         |                                                                              ^
      36 |   psql!, ['-X', '-w', '-qAt', '-v', 'ON_ERROR_STOP=1', ...args, url],
      37 |   { input, encoding: 'utf8', timeout: 60000, env: psqlEnv, stdio: [input === undefined ? 'ignore' : 'pipe', 'pipe', 'pipe'] },
      38 | ).trim();

      at psqlRun (test/utils/g2-pg17-harness.ts:35:78)
      at sql (test/utils/g2-pg17-harness.ts:39:46)
      at json (test/utils/g2-pg17-harness.ts:44:53)
      at Object.<anonymous> (test/rls-g2-pg17-etq0.spec.ts:27:24)

  ● stage 3b: deterministically coordinated T/T and O/T processes on PostgreSQL 17 › success holds claim while a failing true old writer waits

    Command failed: /usr/bin/psql -X -w -qAt -v ON_ERROR_STOP=1 postgresql://postgres@127.0.0.1:54325/g2_s5_etq0_disposable?connect_timeout=5
    ERROR:  permission denied to examine "data_directory"
    DETAIL:  Only roles with privileges of the "pg_read_all_settings" role may examine this parameter.

      33 | const adminUrl = asRole(G2_PG17_ADMIN_ROLE);
      34 |
    > 35 | const psqlRun = (url: string, args: string[], input?: string) => execFileSync(
         |                                                                              ^
      36 |   psql!, ['-X', '-w', '-qAt', '-v', 'ON_ERROR_STOP=1', ...args, url],
      37 |   { input, encoding: 'utf8', timeout: 60000, env: psqlEnv, stdio: [input === undefined ? 'ignore' : 'pipe', 'pipe', 'pipe'] },
      38 | ).trim();

      at psqlRun (test/utils/g2-pg17-harness.ts:35:78)
      at sql (test/utils/g2-pg17-harness.ts:39:46)
      at json (test/utils/g2-pg17-harness.ts:44:53)
      at Object.<anonymous> (test/rls-g2-pg17-etq0.spec.ts:27:24)

  ● stage 3b: deterministically coordinated T/T and O/T processes on PostgreSQL 17 › success holds claim while a skipped false old writer waits

    Command failed: /usr/bin/psql -X -w -qAt -v ON_ERROR_STOP=1 postgresql://postgres@127.0.0.1:54325/g2_s5_etq0_disposable?connect_timeout=5
    ERROR:  permission denied to examine "data_directory"
    DETAIL:  Only roles with privileges of the "pg_read_all_settings" role may examine this parameter.

      33 | const adminUrl = asRole(G2_PG17_ADMIN_ROLE);
      34 |
    > 35 | const psqlRun = (url: string, args: string[], input?: string) => execFileSync(
         |                                                                              ^
      36 |   psql!, ['-X', '-w', '-qAt', '-v', 'ON_ERROR_STOP=1', ...args, url],
      37 |   { input, encoding: 'utf8', timeout: 60000, env: psqlEnv, stdio: [input === undefined ? 'ignore' : 'pipe', 'pipe', 'pipe'] },
      38 | ).trim();

      at psqlRun (test/utils/g2-pg17-harness.ts:35:78)
      at sql (test/utils/g2-pg17-harness.ts:39:46)
      at json (test/utils/g2-pg17-harness.ts:44:53)
      at Object.<anonymous> (test/rls-g2-pg17-etq0.spec.ts:27:24)

  ● stage 3b: deterministically coordinated T/T and O/T processes on PostgreSQL 17 › success holds claim while a skipped true old writer waits

    Command failed: /usr/bin/psql -X -w -qAt -v ON_ERROR_STOP=1 postgresql://postgres@127.0.0.1:54325/g2_s5_etq0_disposable?connect_timeout=5
    ERROR:  permission denied to examine "data_directory"
    DETAIL:  Only roles with privileges of the "pg_read_all_settings" role may examine this parameter.

      33 | const adminUrl = asRole(G2_PG17_ADMIN_ROLE);
      34 |
    > 35 | const psqlRun = (url: string, args: string[], input?: string) => execFileSync(
         |                                                                              ^
      36 |   psql!, ['-X', '-w', '-qAt', '-v', 'ON_ERROR_STOP=1', ...args, url],
      37 |   { input, encoding: 'utf8', timeout: 60000, env: psqlEnv, stdio: [input === undefined ? 'ignore' : 'pipe', 'pipe', 'pipe'] },
      38 | ).trim();

      at psqlRun (test/utils/g2-pg17-harness.ts:35:78)
      at sql (test/utils/g2-pg17-harness.ts:39:46)
      at json (test/utils/g2-pg17-harness.ts:44:53)
      at Object.<anonymous> (test/rls-g2-pg17-etq0.spec.ts:27:24)

  ● stage 3b: deterministically coordinated T/T and O/T processes on PostgreSQL 17 › T success upgrades serialized skip while target write is open

    Command failed: /usr/bin/psql -X -w -qAt -v ON_ERROR_STOP=1 postgresql://postgres@127.0.0.1:54325/g2_s5_etq0_disposable?connect_timeout=5
    ERROR:  permission denied to examine "data_directory"
    DETAIL:  Only roles with privileges of the "pg_read_all_settings" role may examine this parameter.

      33 | const adminUrl = asRole(G2_PG17_ADMIN_ROLE);
      34 |
    > 35 | const psqlRun = (url: string, args: string[], input?: string) => execFileSync(
         |                                                                              ^
      36 |   psql!, ['-X', '-w', '-qAt', '-v', 'ON_ERROR_STOP=1', ...args, url],
      37 |   { input, encoding: 'utf8', timeout: 60000, env: psqlEnv, stdio: [input === undefined ? 'ignore' : 'pipe', 'pipe', 'pipe'] },
      38 | ).trim();

      at psqlRun (test/utils/g2-pg17-harness.ts:35:78)
      at sql (test/utils/g2-pg17-harness.ts:39:46)
      at json (test/utils/g2-pg17-harness.ts:44:53)
      at Object.<anonymous> (test/rls-g2-pg17-etq0.spec.ts:27:24)

  ● stage 3b: deterministically coordinated T/T and O/T processes on PostgreSQL 17 › T success upgrades serialized throw while target write is open

    Command failed: /usr/bin/psql -X -w -qAt -v ON_ERROR_STOP=1 postgresql://postgres@127.0.0.1:54325/g2_s5_etq0_disposable?connect_timeout=5
    ERROR:  permission denied to examine "data_directory"
    DETAIL:  Only roles with privileges of the "pg_read_all_settings" role may examine this parameter.

      33 | const adminUrl = asRole(G2_PG17_ADMIN_ROLE);
      34 |
    > 35 | const psqlRun = (url: string, args: string[], input?: string) => execFileSync(
         |                                                                              ^
      36 |   psql!, ['-X', '-w', '-qAt', '-v', 'ON_ERROR_STOP=1', ...args, url],
      37 |   { input, encoding: 'utf8', timeout: 60000, env: psqlEnv, stdio: [input === undefined ? 'ignore' : 'pipe', 'pipe', 'pipe'] },
      38 | ).trim();

      at psqlRun (test/utils/g2-pg17-harness.ts:35:78)
      at sql (test/utils/g2-pg17-harness.ts:39:46)
      at json (test/utils/g2-pg17-harness.ts:44:53)
      at Object.<anonymous> (test/rls-g2-pg17-etq0.spec.ts:27:24)

  ● stage 3b: deterministically coordinated T/T and O/T processes on PostgreSQL 17 › concurrent different-platform NULL claims serialize and the loser rolls back target changes

    Command failed: /usr/bin/psql -X -w -qAt -v ON_ERROR_STOP=1 postgresql://postgres@127.0.0.1:54325/g2_s5_etq0_disposable?connect_timeout=5
    ERROR:  permission denied to examine "data_directory"
    DETAIL:  Only roles with privileges of the "pg_read_all_settings" role may examine this parameter.

      33 | const adminUrl = asRole(G2_PG17_ADMIN_ROLE);
      34 |
    > 35 | const psqlRun = (url: string, args: string[], input?: string) => execFileSync(
         |                                                                              ^
      36 |   psql!, ['-X', '-w', '-qAt', '-v', 'ON_ERROR_STOP=1', ...args, url],
      37 |   { input, encoding: 'utf8', timeout: 60000, env: psqlEnv, stdio: [input === undefined ? 'ignore' : 'pipe', 'pipe', 'pipe'] },
      38 | ).trim();

      at psqlRun (test/utils/g2-pg17-harness.ts:35:78)
      at sql (test/utils/g2-pg17-harness.ts:39:46)
      at json (test/utils/g2-pg17-harness.ts:44:53)
      at Object.<anonymous> (test/rls-g2-pg17-etq0.spec.ts:27:24)

  ● stage 4: Q0 real scoped reads, cursor boundaries and unchanged emission › enumerates exact narrow-schema clients page union and retains NULL legacy history

    Command failed: /usr/bin/psql -X -w -qAt -v ON_ERROR_STOP=1 postgresql://postgres@127.0.0.1:54325/g2_s5_etq0_disposable?connect_timeout=5
    ERROR:  permission denied to examine "data_directory"
    DETAIL:  Only roles with privileges of the "pg_read_all_settings" role may examine this parameter.

      33 | const adminUrl = asRole(G2_PG17_ADMIN_ROLE);
      34 |
    > 35 | const psqlRun = (url: string, args: string[], input?: string) => execFileSync(
         |                                                                              ^
      36 |   psql!, ['-X', '-w', '-qAt', '-v', 'ON_ERROR_STOP=1', ...args, url],
      37 |   { input, encoding: 'utf8', timeout: 60000, env: psqlEnv, stdio: [input === undefined ? 'ignore' : 'pipe', 'pipe', 'pipe'] },
      38 | ).trim();

      at psqlRun (test/utils/g2-pg17-harness.ts:35:78)
      at sql (test/utils/g2-pg17-harness.ts:39:46)
      at json (test/utils/g2-pg17-harness.ts:44:53)
      at Object.<anonymous> (test/rls-g2-pg17-etq0.spec.ts:27:24)

  ● stage 4: Q0 real scoped reads, cursor boundaries and unchanged emission › enumerates exact narrow-schema workouts page union and retains NULL legacy history

    Command failed: /usr/bin/psql -X -w -qAt -v ON_ERROR_STOP=1 postgresql://postgres@127.0.0.1:54325/g2_s5_etq0_disposable?connect_timeout=5
    ERROR:  permission denied to examine "data_directory"
    DETAIL:  Only roles with privileges of the "pg_read_all_settings" role may examine this parameter.

      33 | const adminUrl = asRole(G2_PG17_ADMIN_ROLE);
      34 |
    > 35 | const psqlRun = (url: string, args: string[], input?: string) => execFileSync(
         |                                                                              ^
      36 |   psql!, ['-X', '-w', '-qAt', '-v', 'ON_ERROR_STOP=1', ...args, url],
      37 |   { input, encoding: 'utf8', timeout: 60000, env: psqlEnv, stdio: [input === undefined ? 'ignore' : 'pipe', 'pipe', 'pipe'] },
      38 | ).trim();

      at psqlRun (test/utils/g2-pg17-harness.ts:35:78)
      at sql (test/utils/g2-pg17-harness.ts:39:46)
      at json (test/utils/g2-pg17-harness.ts:44:53)
      at Object.<anonymous> (test/rls-g2-pg17-etq0.spec.ts:27:24)

  ● stage 4: Q0 real scoped reads, cursor boundaries and unchanged emission › characterizes clients ties ONLY in a temporary future-schema fixture

    Command failed: /usr/bin/psql -X -w -qAt -v ON_ERROR_STOP=1 postgresql://postgres@127.0.0.1:54325/g2_s5_etq0_disposable?connect_timeout=5
    ERROR:  permission denied to examine "data_directory"
    DETAIL:  Only roles with privileges of the "pg_read_all_settings" role may examine this parameter.

      33 | const adminUrl = asRole(G2_PG17_ADMIN_ROLE);
      34 |
    > 35 | const psqlRun = (url: string, args: string[], input?: string) => execFileSync(
         |                                                                              ^
      36 |   psql!, ['-X', '-w', '-qAt', '-v', 'ON_ERROR_STOP=1', ...args, url],
      37 |   { input, encoding: 'utf8', timeout: 60000, env: psqlEnv, stdio: [input === undefined ? 'ignore' : 'pipe', 'pipe', 'pipe'] },
      38 | ).trim();

      at psqlRun (test/utils/g2-pg17-harness.ts:35:78)
      at sql (test/utils/g2-pg17-harness.ts:39:46)
      at json (test/utils/g2-pg17-harness.ts:44:53)
      at Object.<anonymous> (test/rls-g2-pg17-etq0.spec.ts:27:24)

  ● stage 4: Q0 real scoped reads, cursor boundaries and unchanged emission › characterizes workouts ties ONLY in a temporary future-schema fixture

    Command failed: /usr/bin/psql -X -w -qAt -v ON_ERROR_STOP=1 postgresql://postgres@127.0.0.1:54325/g2_s5_etq0_disposable?connect_timeout=5
    ERROR:  permission denied to examine "data_directory"
    DETAIL:  Only roles with privileges of the "pg_read_all_settings" role may examine this parameter.

      33 | const adminUrl = asRole(G2_PG17_ADMIN_ROLE);
      34 |
    > 35 | const psqlRun = (url: string, args: string[], input?: string) => execFileSync(
         |                                                                              ^
      36 |   psql!, ['-X', '-w', '-qAt', '-v', 'ON_ERROR_STOP=1', ...args, url],
      37 |   { input, encoding: 'utf8', timeout: 60000, env: psqlEnv, stdio: [input === undefined ? 'ignore' : 'pipe', 'pipe', 'pipe'] },
      38 | ).trim();

      at psqlRun (test/utils/g2-pg17-harness.ts:35:78)
      at sql (test/utils/g2-pg17-harness.ts:39:46)
      at json (test/utils/g2-pg17-harness.ts:44:53)
      at Object.<anonymous> (test/rls-g2-pg17-etq0.spec.ts:27:24)

  ● stage 4: Q0 real scoped reads, cursor boundaries and unchanged emission › bounds clients cursor tokens at 8,192 characters and rejects every malformed shape without reflection

    Command failed: /usr/bin/psql -X -w -qAt -v ON_ERROR_STOP=1 postgresql://postgres@127.0.0.1:54325/g2_s5_etq0_disposable?connect_timeout=5
    ERROR:  permission denied to examine "data_directory"
    DETAIL:  Only roles with privileges of the "pg_read_all_settings" role may examine this parameter.

      33 | const adminUrl = asRole(G2_PG17_ADMIN_ROLE);
      34 |
    > 35 | const psqlRun = (url: string, args: string[], input?: string) => execFileSync(
         |                                                                              ^
      36 |   psql!, ['-X', '-w', '-qAt', '-v', 'ON_ERROR_STOP=1', ...args, url],
      37 |   { input, encoding: 'utf8', timeout: 60000, env: psqlEnv, stdio: [input === undefined ? 'ignore' : 'pipe', 'pipe', 'pipe'] },
      38 | ).trim();

      at psqlRun (test/utils/g2-pg17-harness.ts:35:78)
      at sql (test/utils/g2-pg17-harness.ts:39:46)
      at json (test/utils/g2-pg17-harness.ts:44:53)
      at Object.<anonymous> (test/rls-g2-pg17-etq0.spec.ts:27:24)

  ● stage 4: Q0 real scoped reads, cursor boundaries and unchanged emission › bounds workouts cursor tokens at 8,192 characters and rejects every malformed shape without reflection

    Command failed: /usr/bin/psql -X -w -qAt -v ON_ERROR_STOP=1 postgresql://postgres@127.0.0.1:54325/g2_s5_etq0_disposable?connect_timeout=5
    ERROR:  permission denied to examine "data_directory"
    DETAIL:  Only roles with privileges of the "pg_read_all_settings" role may examine this parameter.

      33 | const adminUrl = asRole(G2_PG17_ADMIN_ROLE);
      34 |
    > 35 | const psqlRun = (url: string, args: string[], input?: string) => execFileSync(
         |                                                                              ^
      36 |   psql!, ['-X', '-w', '-qAt', '-v', 'ON_ERROR_STOP=1', ...args, url],
      37 |   { input, encoding: 'utf8', timeout: 60000, env: psqlEnv, stdio: [input === undefined ? 'ignore' : 'pipe', 'pipe', 'pipe'] },
      38 | ).trim();

      at psqlRun (test/utils/g2-pg17-harness.ts:35:78)
      at sql (test/utils/g2-pg17-harness.ts:39:46)
      at json (test/utils/g2-pg17-harness.ts:44:53)
      at Object.<anonymous> (test/rls-g2-pg17-etq0.spec.ts:27:24)

  ● stage 5: rollout recovery boundaries after T has claimed provenance › refuses destructive E rollback while any claim exists, keeps history, and only a drained ledger can roll back

    Command failed: /usr/bin/psql -X -w -qAt -v ON_ERROR_STOP=1 postgresql://postgres@127.0.0.1:54325/g2_s5_etq0_disposable?connect_timeout=5
    ERROR:  permission denied to examine "data_directory"
    DETAIL:  Only roles with privileges of the "pg_read_all_settings" role may examine this parameter.

      33 | const adminUrl = asRole(G2_PG17_ADMIN_ROLE);
      34 |
    > 35 | const psqlRun = (url: string, args: string[], input?: string) => execFileSync(
         |                                                                              ^
      36 |   psql!, ['-X', '-w', '-qAt', '-v', 'ON_ERROR_STOP=1', ...args, url],
      37 |   { input, encoding: 'utf8', timeout: 60000, env: psqlEnv, stdio: [input === undefined ? 'ignore' : 'pipe', 'pipe', 'pipe'] },
      38 | ).trim();

      at psqlRun (test/utils/g2-pg17-harness.ts:35:78)
      at sql (test/utils/g2-pg17-harness.ts:39:46)
      at json (test/utils/g2-pg17-harness.ts:44:53)
      at Object.<anonymous> (test/rls-g2-pg17-etq0.spec.ts:27:24)

  ● stage 5: rollout recovery boundaries after T has claimed provenance › E/down lock budgets fail atomically against a live writer transaction instead of queueing behind it

    Command failed: /usr/bin/psql -X -w -qAt -v ON_ERROR_STOP=1 postgresql://postgres@127.0.0.1:54325/g2_s5_etq0_disposable?connect_timeout=5
    ERROR:  permission denied to examine "data_directory"
    DETAIL:  Only roles with privileges of the "pg_read_all_settings" role may examine this parameter.

      33 | const adminUrl = asRole(G2_PG17_ADMIN_ROLE);
      34 |
    > 35 | const psqlRun = (url: string, args: string[], input?: string) => execFileSync(
         |                                                                              ^
      36 |   psql!, ['-X', '-w', '-qAt', '-v', 'ON_ERROR_STOP=1', ...args, url],
      37 |   { input, encoding: 'utf8', timeout: 60000, env: psqlEnv, stdio: [input === undefined ? 'ignore' : 'pipe', 'pipe', 'pipe'] },
      38 | ).trim();

      at psqlRun (test/utils/g2-pg17-harness.ts:35:78)
      at sql (test/utils/g2-pg17-harness.ts:39:46)
      at json (test/utils/g2-pg17-harness.ts:44:53)
      at Object.<anonymous> (test/rls-g2-pg17-etq0.spec.ts:27:24)

Test Suites: 1 failed, 1 total
Tests:       49 failed, 49 total
Snapshots:   0 total
Time:        18.063 s
Ran all test suites matching test/rls-g2-pg17-etq0.spec.ts.
PROOF_EXIT=1 STAGE=all TS=20260920T181632Z
