pg_ctl: server is running (PID: 29556)
/home/user/pg17/dist/bin/postgres "-D" "/home/user/pg17/clusters/s5"
TS=20260920T181914Z STAGE=live
HEAD=65b1da27d9dab4f51f5fad6d8a05be8b64e53dde TREE=9bbc0223e809e8e9b10b541bbde98b11903be362
 M test/rls-g2-pg17-etq0.spec.ts
 M test/scout/g2-pg17-db-guard.spec.ts
 M test/utils/g2-pg17-bootstrap.sh
 M test/utils/g2-pg17-db.ts
 M test/utils/g2-pg17-harness.ts
node v20.20.1 npm 10.8.2 psql: psql (PostgreSQL) 18.6 (Ubuntu 18.6-0ubuntu0.26.04.1)
G2_PG17_CONFIRM=g2_s5_etq0_disposable:54325
G2_PG17_DATABASE_URL=postgresql://s5_super@127.0.0.1:54325/g2_s5_etq0_disposable?schema=public&connection_limit=2
G2_PG17_DATA_DIRECTORY=/home/user/pg17/clusters/s5
G2_PG17_OLD_CLIENT=/home/user/workspace/execution/s5-g2/old-client-925780e0
G2_PG17_OLD_ROOT=/home/user/workspace/execution/s5-g2/old-root-925780e0
G2_PG17_PSQL=/usr/bin/psql
G2_PG17_SERVER_VERSION=170006
NODE_OPTIONS=--max-old-space-size=4096
G2_PG17_PASSWORD=<from environment, not logged>
2
               total        used        free      shared  buff/cache   available
Mem:            7966         475        3068         136        4690        7490
CMD: npx jest --config jest.rls.config.js test/rls-g2-pg17-etq0.spec.ts --runInBand --testTimeout=180000
  console.warn
    PG17_DATABASE {"port":54325,"user":"postgres","owner":"postgres","super":false,"address":"127.0.0.1","version":"170006","database":"g2_s5_etq0_disposable","bypassrls":true,"directory":"/home/user/pg17/clusters/s5"}

      41 |   expect(Number(identity.version)).toBeLessThan(180000);
      42 |   expect(directory).toMatch(/\/pg17\/clusters\/s5$/);
    > 43 |   console.warn('PG17_DATABASE', JSON.stringify(identity));
         |           ^
      44 |   // Bootstrap leaves the full 164-migration O history and NO E column/history.
      45 |   expect(appliedMigrations()).toBe('164');
      46 |   expect(sql(`SELECT count(*) FROM "_prisma_migrations" WHERE migration_name=${quote(E)}`)).toBe('0');

      at Object.<anonymous> (test/rls-g2-pg17-etq0.spec.ts:43:11)

FAIL rls-live test/rls-g2-pg17-etq0.spec.ts (17.094 s)
  stage 1: E on a populated narrow base with the actual O binary
    ✕ populates synthetic legacy history without a provenance column and O reconstructs 600 staged rows (1 ms)
    ✕ applies E: rows, OIDs, keys, RLS and policies preserved; column nullable without default
    ✕ keeps the actual O writer and readers working on E, creating NULL provenance
    ✕ retains forced RLS denial for anon/authenticated on every touched table, even with a hostile claim
    ✕ refuses a wrong public index owner in up on the populated base
    ✕ refuses a wrong public index owner in down on the populated base
    ✕ schema-qualifies both directions despite search_path decoys, leaving 1230 populated rows intact
    ✕ forced-RLS non-bypass owning role cannot drop hidden provenance (populated=true)
    ✕ forced-RLS non-bypass owning role cannot drop hidden provenance (populated=false)
    ✕ rolls E back only while every provenance is NULL, preserving rows, then re-applies
  stage 2: E recorded through the real release mechanism
    ✕ prisma migrate deploy applies exactly E on the populated database and records history
  stage 3: T provenance, atomicity, accounting and collisions on PostgreSQL 17
    ✕ claims historical NULL history at volume with honest multi-page accounting and identical replay
    ✕ claims only the exact coach/intent/family identity and leaves adjacent tenants untouched (4 ms)
    ✕ creates every outcome with actual provenance, isolates failures and replays honestly
    ✕ claims historical NULL on reconstructed attempts (5 ms)
    ✕ claims historical NULL on skipped attempts (1 ms)
    ✕ claims historical NULL on failed attempts
    ✕ rolls back new and pre-existing clients target changes on late mismatch
    ✕ rolls back new and pre-existing workouts target changes on late mismatch (1 ms)
    ✕ fail-stops mid-batch on a legacy provenance contradiction, keeping earlier committed rows and honest durable counts
    ✕ preserves success and reason on skip failure/skip, but still checks mismatch
    ✕ preserves success and reason on throw failure/skip, but still checks mismatch
    ✕ preserves success and reason on database failure/skip, but still checks mismatch
    ✕ rejects invalid staging before writes and preserves narrow staging/ledger identities
    ✕ cross-intent same source: same platform converges on one Person, different platform mints a second
    ✕ characterizes the retained narrow ledger collision: one intent cannot carry two platforms for one source
    ✕ characterizes actual O after T: provenance stays but O can downgrade success
  stage 3b: deterministically coordinated T/T and O/T processes on PostgreSQL 17
    ✕ concurrent success replays with false old winner converge on one target
    ✕ concurrent success replays with true old winner converge on one target (3 ms)
    ✕ two absent skip inserts observe real P2002 contention and bounded full-transaction retry
    ✕ retries real PostgreSQL serialization failure once for skip
    ✕ retries real PostgreSQL serialization failure once for throw
    ✕ retries real PostgreSQL serialization failure once for success (1 ms)
    ✕ exhausted real ledger serialization conflicts stop after two transactions with no invented tally
    ✕ success holds claim while a failing false old writer waits
    ✕ success holds claim while a failing true old writer waits
    ✕ success holds claim while a skipped false old writer waits
    ✕ success holds claim while a skipped true old writer waits
    ✕ T success upgrades serialized skip while target write is open
    ✕ T success upgrades serialized throw while target write is open
    ✕ concurrent different-platform NULL claims serialize and the loser rolls back target changes
  stage 4: Q0 real scoped reads, cursor boundaries and unchanged emission
    ✕ enumerates exact narrow-schema clients page union and retains NULL legacy history
    ✕ enumerates exact narrow-schema workouts page union and retains NULL legacy history
    ✕ characterizes clients ties ONLY in a temporary future-schema fixture
    ✕ characterizes workouts ties ONLY in a temporary future-schema fixture
    ✕ bounds clients cursor tokens at 8,192 characters and rejects every malformed shape without reflection
    ✕ bounds workouts cursor tokens at 8,192 characters and rejects every malformed shape without reflection (1 ms)
  stage 5: rollout recovery boundaries after T has claimed provenance
    ✕ refuses destructive E rollback while any claim exists, keeps history, and only a drained ledger can roll back
    ✕ E/down lock budgets fail atomically against a live writer transaction instead of queueing behind it

  ● stage 1: E on a populated narrow base with the actual O binary › populates synthetic legacy history without a provenance column and O reconstructs 600 staged rows

    expect(received).toBe(expected) // Object.is equality

    Expected: "t:t"
    Received: "true:true"

      54 |     expect(readFileSync(resolve(oldRoot!, 'src/scout', file), 'utf8')).toBe(gitShow(`${OLD_HEAD}:src/scout/${file}`));
      55 |   }
    > 56 |   expect(sql(`SELECT rolbypassrls||':'||rolcanlogin FROM pg_roles WHERE rolname='service_role'`)).toBe('t:t');
         |                                                                                                   ^
      57 |   expect(sql(`SELECT string_agg(rolsuper::text||':'||rolbypassrls::text,',' ORDER BY rolname)
      58 |     FROM pg_roles WHERE rolname IN ('anon','authenticated')`)).toBe('false:false,false:false');
      59 |   // Table privileges are granted (owner statement) so that the RLS stage proves POLICY denial,

      at Object.<anonymous> (test/rls-g2-pg17-etq0.spec.ts:56:99)

  ● stage 1: E on a populated narrow base with the actual O binary › applies E: rows, OIDs, keys, RLS and policies preserved; column nullable without default

    expect(received).toBe(expected) // Object.is equality

    Expected: "t:t"
    Received: "true:true"

      54 |     expect(readFileSync(resolve(oldRoot!, 'src/scout', file), 'utf8')).toBe(gitShow(`${OLD_HEAD}:src/scout/${file}`));
      55 |   }
    > 56 |   expect(sql(`SELECT rolbypassrls||':'||rolcanlogin FROM pg_roles WHERE rolname='service_role'`)).toBe('t:t');
         |                                                                                                   ^
      57 |   expect(sql(`SELECT string_agg(rolsuper::text||':'||rolbypassrls::text,',' ORDER BY rolname)
      58 |     FROM pg_roles WHERE rolname IN ('anon','authenticated')`)).toBe('false:false,false:false');
      59 |   // Table privileges are granted (owner statement) so that the RLS stage proves POLICY denial,

      at Object.<anonymous> (test/rls-g2-pg17-etq0.spec.ts:56:99)

  ● stage 1: E on a populated narrow base with the actual O binary › keeps the actual O writer and readers working on E, creating NULL provenance

    expect(received).toBe(expected) // Object.is equality

    Expected: "t:t"
    Received: "true:true"

      54 |     expect(readFileSync(resolve(oldRoot!, 'src/scout', file), 'utf8')).toBe(gitShow(`${OLD_HEAD}:src/scout/${file}`));
      55 |   }
    > 56 |   expect(sql(`SELECT rolbypassrls||':'||rolcanlogin FROM pg_roles WHERE rolname='service_role'`)).toBe('t:t');
         |                                                                                                   ^
      57 |   expect(sql(`SELECT string_agg(rolsuper::text||':'||rolbypassrls::text,',' ORDER BY rolname)
      58 |     FROM pg_roles WHERE rolname IN ('anon','authenticated')`)).toBe('false:false,false:false');
      59 |   // Table privileges are granted (owner statement) so that the RLS stage proves POLICY denial,

      at Object.<anonymous> (test/rls-g2-pg17-etq0.spec.ts:56:99)

  ● stage 1: E on a populated narrow base with the actual O binary › retains forced RLS denial for anon/authenticated on every touched table, even with a hostile claim

    expect(received).toBe(expected) // Object.is equality

    Expected: "t:t"
    Received: "true:true"

      54 |     expect(readFileSync(resolve(oldRoot!, 'src/scout', file), 'utf8')).toBe(gitShow(`${OLD_HEAD}:src/scout/${file}`));
      55 |   }
    > 56 |   expect(sql(`SELECT rolbypassrls||':'||rolcanlogin FROM pg_roles WHERE rolname='service_role'`)).toBe('t:t');
         |                                                                                                   ^
      57 |   expect(sql(`SELECT string_agg(rolsuper::text||':'||rolbypassrls::text,',' ORDER BY rolname)
      58 |     FROM pg_roles WHERE rolname IN ('anon','authenticated')`)).toBe('false:false,false:false');
      59 |   // Table privileges are granted (owner statement) so that the RLS stage proves POLICY denial,

      at Object.<anonymous> (test/rls-g2-pg17-etq0.spec.ts:56:99)

  ● stage 1: E on a populated narrow base with the actual O binary › refuses a wrong public index owner in up on the populated base

    expect(received).toBe(expected) // Object.is equality

    Expected: "t:t"
    Received: "true:true"

      54 |     expect(readFileSync(resolve(oldRoot!, 'src/scout', file), 'utf8')).toBe(gitShow(`${OLD_HEAD}:src/scout/${file}`));
      55 |   }
    > 56 |   expect(sql(`SELECT rolbypassrls||':'||rolcanlogin FROM pg_roles WHERE rolname='service_role'`)).toBe('t:t');
         |                                                                                                   ^
      57 |   expect(sql(`SELECT string_agg(rolsuper::text||':'||rolbypassrls::text,',' ORDER BY rolname)
      58 |     FROM pg_roles WHERE rolname IN ('anon','authenticated')`)).toBe('false:false,false:false');
      59 |   // Table privileges are granted (owner statement) so that the RLS stage proves POLICY denial,

      at Object.<anonymous> (test/rls-g2-pg17-etq0.spec.ts:56:99)

  ● stage 1: E on a populated narrow base with the actual O binary › refuses a wrong public index owner in down on the populated base

    expect(received).toBe(expected) // Object.is equality

    Expected: "t:t"
    Received: "true:true"

      54 |     expect(readFileSync(resolve(oldRoot!, 'src/scout', file), 'utf8')).toBe(gitShow(`${OLD_HEAD}:src/scout/${file}`));
      55 |   }
    > 56 |   expect(sql(`SELECT rolbypassrls||':'||rolcanlogin FROM pg_roles WHERE rolname='service_role'`)).toBe('t:t');
         |                                                                                                   ^
      57 |   expect(sql(`SELECT string_agg(rolsuper::text||':'||rolbypassrls::text,',' ORDER BY rolname)
      58 |     FROM pg_roles WHERE rolname IN ('anon','authenticated')`)).toBe('false:false,false:false');
      59 |   // Table privileges are granted (owner statement) so that the RLS stage proves POLICY denial,

      at Object.<anonymous> (test/rls-g2-pg17-etq0.spec.ts:56:99)

  ● stage 1: E on a populated narrow base with the actual O binary › schema-qualifies both directions despite search_path decoys, leaving 1230 populated rows intact

    expect(received).toBe(expected) // Object.is equality

    Expected: "t:t"
    Received: "true:true"

      54 |     expect(readFileSync(resolve(oldRoot!, 'src/scout', file), 'utf8')).toBe(gitShow(`${OLD_HEAD}:src/scout/${file}`));
      55 |   }
    > 56 |   expect(sql(`SELECT rolbypassrls||':'||rolcanlogin FROM pg_roles WHERE rolname='service_role'`)).toBe('t:t');
         |                                                                                                   ^
      57 |   expect(sql(`SELECT string_agg(rolsuper::text||':'||rolbypassrls::text,',' ORDER BY rolname)
      58 |     FROM pg_roles WHERE rolname IN ('anon','authenticated')`)).toBe('false:false,false:false');
      59 |   // Table privileges are granted (owner statement) so that the RLS stage proves POLICY denial,

      at Object.<anonymous> (test/rls-g2-pg17-etq0.spec.ts:56:99)

  ● stage 1: E on a populated narrow base with the actual O binary › forced-RLS non-bypass owning role cannot drop hidden provenance (populated=true)

    expect(received).toBe(expected) // Object.is equality

    Expected: "t:t"
    Received: "true:true"

      54 |     expect(readFileSync(resolve(oldRoot!, 'src/scout', file), 'utf8')).toBe(gitShow(`${OLD_HEAD}:src/scout/${file}`));
      55 |   }
    > 56 |   expect(sql(`SELECT rolbypassrls||':'||rolcanlogin FROM pg_roles WHERE rolname='service_role'`)).toBe('t:t');
         |                                                                                                   ^
      57 |   expect(sql(`SELECT string_agg(rolsuper::text||':'||rolbypassrls::text,',' ORDER BY rolname)
      58 |     FROM pg_roles WHERE rolname IN ('anon','authenticated')`)).toBe('false:false,false:false');
      59 |   // Table privileges are granted (owner statement) so that the RLS stage proves POLICY denial,

      at Object.<anonymous> (test/rls-g2-pg17-etq0.spec.ts:56:99)

  ● stage 1: E on a populated narrow base with the actual O binary › forced-RLS non-bypass owning role cannot drop hidden provenance (populated=false)

    expect(received).toBe(expected) // Object.is equality

    Expected: "t:t"
    Received: "true:true"

      54 |     expect(readFileSync(resolve(oldRoot!, 'src/scout', file), 'utf8')).toBe(gitShow(`${OLD_HEAD}:src/scout/${file}`));
      55 |   }
    > 56 |   expect(sql(`SELECT rolbypassrls||':'||rolcanlogin FROM pg_roles WHERE rolname='service_role'`)).toBe('t:t');
         |                                                                                                   ^
      57 |   expect(sql(`SELECT string_agg(rolsuper::text||':'||rolbypassrls::text,',' ORDER BY rolname)
      58 |     FROM pg_roles WHERE rolname IN ('anon','authenticated')`)).toBe('false:false,false:false');
      59 |   // Table privileges are granted (owner statement) so that the RLS stage proves POLICY denial,

      at Object.<anonymous> (test/rls-g2-pg17-etq0.spec.ts:56:99)

  ● stage 1: E on a populated narrow base with the actual O binary › rolls E back only while every provenance is NULL, preserving rows, then re-applies

    expect(received).toBe(expected) // Object.is equality

    Expected: "t:t"
    Received: "true:true"

      54 |     expect(readFileSync(resolve(oldRoot!, 'src/scout', file), 'utf8')).toBe(gitShow(`${OLD_HEAD}:src/scout/${file}`));
      55 |   }
    > 56 |   expect(sql(`SELECT rolbypassrls||':'||rolcanlogin FROM pg_roles WHERE rolname='service_role'`)).toBe('t:t');
         |                                                                                                   ^
      57 |   expect(sql(`SELECT string_agg(rolsuper::text||':'||rolbypassrls::text,',' ORDER BY rolname)
      58 |     FROM pg_roles WHERE rolname IN ('anon','authenticated')`)).toBe('false:false,false:false');
      59 |   // Table privileges are granted (owner statement) so that the RLS stage proves POLICY denial,

      at Object.<anonymous> (test/rls-g2-pg17-etq0.spec.ts:56:99)

  ● stage 2: E recorded through the real release mechanism › prisma migrate deploy applies exactly E on the populated database and records history

    expect(received).toBe(expected) // Object.is equality

    Expected: "t:t"
    Received: "true:true"

      54 |     expect(readFileSync(resolve(oldRoot!, 'src/scout', file), 'utf8')).toBe(gitShow(`${OLD_HEAD}:src/scout/${file}`));
      55 |   }
    > 56 |   expect(sql(`SELECT rolbypassrls||':'||rolcanlogin FROM pg_roles WHERE rolname='service_role'`)).toBe('t:t');
         |                                                                                                   ^
      57 |   expect(sql(`SELECT string_agg(rolsuper::text||':'||rolbypassrls::text,',' ORDER BY rolname)
      58 |     FROM pg_roles WHERE rolname IN ('anon','authenticated')`)).toBe('false:false,false:false');
      59 |   // Table privileges are granted (owner statement) so that the RLS stage proves POLICY denial,

      at Object.<anonymous> (test/rls-g2-pg17-etq0.spec.ts:56:99)

  ● stage 3: T provenance, atomicity, accounting and collisions on PostgreSQL 17 › claims historical NULL history at volume with honest multi-page accounting and identical replay

    expect(received).toBe(expected) // Object.is equality

    Expected: "t:t"
    Received: "true:true"

      54 |     expect(readFileSync(resolve(oldRoot!, 'src/scout', file), 'utf8')).toBe(gitShow(`${OLD_HEAD}:src/scout/${file}`));
      55 |   }
    > 56 |   expect(sql(`SELECT rolbypassrls||':'||rolcanlogin FROM pg_roles WHERE rolname='service_role'`)).toBe('t:t');
         |                                                                                                   ^
      57 |   expect(sql(`SELECT string_agg(rolsuper::text||':'||rolbypassrls::text,',' ORDER BY rolname)
      58 |     FROM pg_roles WHERE rolname IN ('anon','authenticated')`)).toBe('false:false,false:false');
      59 |   // Table privileges are granted (owner statement) so that the RLS stage proves POLICY denial,

      at Object.<anonymous> (test/rls-g2-pg17-etq0.spec.ts:56:99)

  ● stage 3: T provenance, atomicity, accounting and collisions on PostgreSQL 17 › claims only the exact coach/intent/family identity and leaves adjacent tenants untouched

    expect(received).toBe(expected) // Object.is equality

    Expected: "t:t"
    Received: "true:true"

      54 |     expect(readFileSync(resolve(oldRoot!, 'src/scout', file), 'utf8')).toBe(gitShow(`${OLD_HEAD}:src/scout/${file}`));
      55 |   }
    > 56 |   expect(sql(`SELECT rolbypassrls||':'||rolcanlogin FROM pg_roles WHERE rolname='service_role'`)).toBe('t:t');
         |                                                                                                   ^
      57 |   expect(sql(`SELECT string_agg(rolsuper::text||':'||rolbypassrls::text,',' ORDER BY rolname)
      58 |     FROM pg_roles WHERE rolname IN ('anon','authenticated')`)).toBe('false:false,false:false');
      59 |   // Table privileges are granted (owner statement) so that the RLS stage proves POLICY denial,

      at Object.<anonymous> (test/rls-g2-pg17-etq0.spec.ts:56:99)

  ● stage 3: T provenance, atomicity, accounting and collisions on PostgreSQL 17 › creates every outcome with actual provenance, isolates failures and replays honestly

    expect(received).toBe(expected) // Object.is equality

    Expected: "t:t"
    Received: "true:true"

      54 |     expect(readFileSync(resolve(oldRoot!, 'src/scout', file), 'utf8')).toBe(gitShow(`${OLD_HEAD}:src/scout/${file}`));
      55 |   }
    > 56 |   expect(sql(`SELECT rolbypassrls||':'||rolcanlogin FROM pg_roles WHERE rolname='service_role'`)).toBe('t:t');
         |                                                                                                   ^
      57 |   expect(sql(`SELECT string_agg(rolsuper::text||':'||rolbypassrls::text,',' ORDER BY rolname)
      58 |     FROM pg_roles WHERE rolname IN ('anon','authenticated')`)).toBe('false:false,false:false');
      59 |   // Table privileges are granted (owner statement) so that the RLS stage proves POLICY denial,

      at Object.<anonymous> (test/rls-g2-pg17-etq0.spec.ts:56:99)

  ● stage 3: T provenance, atomicity, accounting and collisions on PostgreSQL 17 › claims historical NULL on reconstructed attempts

    expect(received).toBe(expected) // Object.is equality

    Expected: "t:t"
    Received: "true:true"

      54 |     expect(readFileSync(resolve(oldRoot!, 'src/scout', file), 'utf8')).toBe(gitShow(`${OLD_HEAD}:src/scout/${file}`));
      55 |   }
    > 56 |   expect(sql(`SELECT rolbypassrls||':'||rolcanlogin FROM pg_roles WHERE rolname='service_role'`)).toBe('t:t');
         |                                                                                                   ^
      57 |   expect(sql(`SELECT string_agg(rolsuper::text||':'||rolbypassrls::text,',' ORDER BY rolname)
      58 |     FROM pg_roles WHERE rolname IN ('anon','authenticated')`)).toBe('false:false,false:false');
      59 |   // Table privileges are granted (owner statement) so that the RLS stage proves POLICY denial,

      at Object.<anonymous> (test/rls-g2-pg17-etq0.spec.ts:56:99)

  ● stage 3: T provenance, atomicity, accounting and collisions on PostgreSQL 17 › claims historical NULL on skipped attempts

    expect(received).toBe(expected) // Object.is equality

    Expected: "t:t"
    Received: "true:true"

      54 |     expect(readFileSync(resolve(oldRoot!, 'src/scout', file), 'utf8')).toBe(gitShow(`${OLD_HEAD}:src/scout/${file}`));
      55 |   }
    > 56 |   expect(sql(`SELECT rolbypassrls||':'||rolcanlogin FROM pg_roles WHERE rolname='service_role'`)).toBe('t:t');
         |                                                                                                   ^
      57 |   expect(sql(`SELECT string_agg(rolsuper::text||':'||rolbypassrls::text,',' ORDER BY rolname)
      58 |     FROM pg_roles WHERE rolname IN ('anon','authenticated')`)).toBe('false:false,false:false');
      59 |   // Table privileges are granted (owner statement) so that the RLS stage proves POLICY denial,

      at Object.<anonymous> (test/rls-g2-pg17-etq0.spec.ts:56:99)

  ● stage 3: T provenance, atomicity, accounting and collisions on PostgreSQL 17 › claims historical NULL on failed attempts

    expect(received).toBe(expected) // Object.is equality

    Expected: "t:t"
    Received: "true:true"

      54 |     expect(readFileSync(resolve(oldRoot!, 'src/scout', file), 'utf8')).toBe(gitShow(`${OLD_HEAD}:src/scout/${file}`));
      55 |   }
    > 56 |   expect(sql(`SELECT rolbypassrls||':'||rolcanlogin FROM pg_roles WHERE rolname='service_role'`)).toBe('t:t');
         |                                                                                                   ^
      57 |   expect(sql(`SELECT string_agg(rolsuper::text||':'||rolbypassrls::text,',' ORDER BY rolname)
      58 |     FROM pg_roles WHERE rolname IN ('anon','authenticated')`)).toBe('false:false,false:false');
      59 |   // Table privileges are granted (owner statement) so that the RLS stage proves POLICY denial,

      at Object.<anonymous> (test/rls-g2-pg17-etq0.spec.ts:56:99)

  ● stage 3: T provenance, atomicity, accounting and collisions on PostgreSQL 17 › rolls back new and pre-existing clients target changes on late mismatch

    expect(received).toBe(expected) // Object.is equality

    Expected: "t:t"
    Received: "true:true"

      54 |     expect(readFileSync(resolve(oldRoot!, 'src/scout', file), 'utf8')).toBe(gitShow(`${OLD_HEAD}:src/scout/${file}`));
      55 |   }
    > 56 |   expect(sql(`SELECT rolbypassrls||':'||rolcanlogin FROM pg_roles WHERE rolname='service_role'`)).toBe('t:t');
         |                                                                                                   ^
      57 |   expect(sql(`SELECT string_agg(rolsuper::text||':'||rolbypassrls::text,',' ORDER BY rolname)
      58 |     FROM pg_roles WHERE rolname IN ('anon','authenticated')`)).toBe('false:false,false:false');
      59 |   // Table privileges are granted (owner statement) so that the RLS stage proves POLICY denial,

      at Object.<anonymous> (test/rls-g2-pg17-etq0.spec.ts:56:99)

  ● stage 3: T provenance, atomicity, accounting and collisions on PostgreSQL 17 › rolls back new and pre-existing workouts target changes on late mismatch

    expect(received).toBe(expected) // Object.is equality

    Expected: "t:t"
    Received: "true:true"

      54 |     expect(readFileSync(resolve(oldRoot!, 'src/scout', file), 'utf8')).toBe(gitShow(`${OLD_HEAD}:src/scout/${file}`));
      55 |   }
    > 56 |   expect(sql(`SELECT rolbypassrls||':'||rolcanlogin FROM pg_roles WHERE rolname='service_role'`)).toBe('t:t');
         |                                                                                                   ^
      57 |   expect(sql(`SELECT string_agg(rolsuper::text||':'||rolbypassrls::text,',' ORDER BY rolname)
      58 |     FROM pg_roles WHERE rolname IN ('anon','authenticated')`)).toBe('false:false,false:false');
      59 |   // Table privileges are granted (owner statement) so that the RLS stage proves POLICY denial,

      at Object.<anonymous> (test/rls-g2-pg17-etq0.spec.ts:56:99)

  ● stage 3: T provenance, atomicity, accounting and collisions on PostgreSQL 17 › fail-stops mid-batch on a legacy provenance contradiction, keeping earlier committed rows and honest durable counts

    expect(received).toBe(expected) // Object.is equality

    Expected: "t:t"
    Received: "true:true"

      54 |     expect(readFileSync(resolve(oldRoot!, 'src/scout', file), 'utf8')).toBe(gitShow(`${OLD_HEAD}:src/scout/${file}`));
      55 |   }
    > 56 |   expect(sql(`SELECT rolbypassrls||':'||rolcanlogin FROM pg_roles WHERE rolname='service_role'`)).toBe('t:t');
         |                                                                                                   ^
      57 |   expect(sql(`SELECT string_agg(rolsuper::text||':'||rolbypassrls::text,',' ORDER BY rolname)
      58 |     FROM pg_roles WHERE rolname IN ('anon','authenticated')`)).toBe('false:false,false:false');
      59 |   // Table privileges are granted (owner statement) so that the RLS stage proves POLICY denial,

      at Object.<anonymous> (test/rls-g2-pg17-etq0.spec.ts:56:99)

  ● stage 3: T provenance, atomicity, accounting and collisions on PostgreSQL 17 › preserves success and reason on skip failure/skip, but still checks mismatch

    expect(received).toBe(expected) // Object.is equality

    Expected: "t:t"
    Received: "true:true"

      54 |     expect(readFileSync(resolve(oldRoot!, 'src/scout', file), 'utf8')).toBe(gitShow(`${OLD_HEAD}:src/scout/${file}`));
      55 |   }
    > 56 |   expect(sql(`SELECT rolbypassrls||':'||rolcanlogin FROM pg_roles WHERE rolname='service_role'`)).toBe('t:t');
         |                                                                                                   ^
      57 |   expect(sql(`SELECT string_agg(rolsuper::text||':'||rolbypassrls::text,',' ORDER BY rolname)
      58 |     FROM pg_roles WHERE rolname IN ('anon','authenticated')`)).toBe('false:false,false:false');
      59 |   // Table privileges are granted (owner statement) so that the RLS stage proves POLICY denial,

      at Object.<anonymous> (test/rls-g2-pg17-etq0.spec.ts:56:99)

  ● stage 3: T provenance, atomicity, accounting and collisions on PostgreSQL 17 › preserves success and reason on throw failure/skip, but still checks mismatch

    expect(received).toBe(expected) // Object.is equality

    Expected: "t:t"
    Received: "true:true"

      54 |     expect(readFileSync(resolve(oldRoot!, 'src/scout', file), 'utf8')).toBe(gitShow(`${OLD_HEAD}:src/scout/${file}`));
      55 |   }
    > 56 |   expect(sql(`SELECT rolbypassrls||':'||rolcanlogin FROM pg_roles WHERE rolname='service_role'`)).toBe('t:t');
         |                                                                                                   ^
      57 |   expect(sql(`SELECT string_agg(rolsuper::text||':'||rolbypassrls::text,',' ORDER BY rolname)
      58 |     FROM pg_roles WHERE rolname IN ('anon','authenticated')`)).toBe('false:false,false:false');
      59 |   // Table privileges are granted (owner statement) so that the RLS stage proves POLICY denial,

      at Object.<anonymous> (test/rls-g2-pg17-etq0.spec.ts:56:99)

  ● stage 3: T provenance, atomicity, accounting and collisions on PostgreSQL 17 › preserves success and reason on database failure/skip, but still checks mismatch

    expect(received).toBe(expected) // Object.is equality

    Expected: "t:t"
    Received: "true:true"

      54 |     expect(readFileSync(resolve(oldRoot!, 'src/scout', file), 'utf8')).toBe(gitShow(`${OLD_HEAD}:src/scout/${file}`));
      55 |   }
    > 56 |   expect(sql(`SELECT rolbypassrls||':'||rolcanlogin FROM pg_roles WHERE rolname='service_role'`)).toBe('t:t');
         |                                                                                                   ^
      57 |   expect(sql(`SELECT string_agg(rolsuper::text||':'||rolbypassrls::text,',' ORDER BY rolname)
      58 |     FROM pg_roles WHERE rolname IN ('anon','authenticated')`)).toBe('false:false,false:false');
      59 |   // Table privileges are granted (owner statement) so that the RLS stage proves POLICY denial,

      at Object.<anonymous> (test/rls-g2-pg17-etq0.spec.ts:56:99)

  ● stage 3: T provenance, atomicity, accounting and collisions on PostgreSQL 17 › rejects invalid staging before writes and preserves narrow staging/ledger identities

    expect(received).toBe(expected) // Object.is equality

    Expected: "t:t"
    Received: "true:true"

      54 |     expect(readFileSync(resolve(oldRoot!, 'src/scout', file), 'utf8')).toBe(gitShow(`${OLD_HEAD}:src/scout/${file}`));
      55 |   }
    > 56 |   expect(sql(`SELECT rolbypassrls||':'||rolcanlogin FROM pg_roles WHERE rolname='service_role'`)).toBe('t:t');
         |                                                                                                   ^
      57 |   expect(sql(`SELECT string_agg(rolsuper::text||':'||rolbypassrls::text,',' ORDER BY rolname)
      58 |     FROM pg_roles WHERE rolname IN ('anon','authenticated')`)).toBe('false:false,false:false');
      59 |   // Table privileges are granted (owner statement) so that the RLS stage proves POLICY denial,

      at Object.<anonymous> (test/rls-g2-pg17-etq0.spec.ts:56:99)

  ● stage 3: T provenance, atomicity, accounting and collisions on PostgreSQL 17 › cross-intent same source: same platform converges on one Person, different platform mints a second

    expect(received).toBe(expected) // Object.is equality

    Expected: "t:t"
    Received: "true:true"

      54 |     expect(readFileSync(resolve(oldRoot!, 'src/scout', file), 'utf8')).toBe(gitShow(`${OLD_HEAD}:src/scout/${file}`));
      55 |   }
    > 56 |   expect(sql(`SELECT rolbypassrls||':'||rolcanlogin FROM pg_roles WHERE rolname='service_role'`)).toBe('t:t');
         |                                                                                                   ^
      57 |   expect(sql(`SELECT string_agg(rolsuper::text||':'||rolbypassrls::text,',' ORDER BY rolname)
      58 |     FROM pg_roles WHERE rolname IN ('anon','authenticated')`)).toBe('false:false,false:false');
      59 |   // Table privileges are granted (owner statement) so that the RLS stage proves POLICY denial,

      at Object.<anonymous> (test/rls-g2-pg17-etq0.spec.ts:56:99)

  ● stage 3: T provenance, atomicity, accounting and collisions on PostgreSQL 17 › characterizes the retained narrow ledger collision: one intent cannot carry two platforms for one source

    expect(received).toBe(expected) // Object.is equality

    Expected: "t:t"
    Received: "true:true"

      54 |     expect(readFileSync(resolve(oldRoot!, 'src/scout', file), 'utf8')).toBe(gitShow(`${OLD_HEAD}:src/scout/${file}`));
      55 |   }
    > 56 |   expect(sql(`SELECT rolbypassrls||':'||rolcanlogin FROM pg_roles WHERE rolname='service_role'`)).toBe('t:t');
         |                                                                                                   ^
      57 |   expect(sql(`SELECT string_agg(rolsuper::text||':'||rolbypassrls::text,',' ORDER BY rolname)
      58 |     FROM pg_roles WHERE rolname IN ('anon','authenticated')`)).toBe('false:false,false:false');
      59 |   // Table privileges are granted (owner statement) so that the RLS stage proves POLICY denial,

      at Object.<anonymous> (test/rls-g2-pg17-etq0.spec.ts:56:99)

  ● stage 3: T provenance, atomicity, accounting and collisions on PostgreSQL 17 › characterizes actual O after T: provenance stays but O can downgrade success

    expect(received).toBe(expected) // Object.is equality

    Expected: "t:t"
    Received: "true:true"

      54 |     expect(readFileSync(resolve(oldRoot!, 'src/scout', file), 'utf8')).toBe(gitShow(`${OLD_HEAD}:src/scout/${file}`));
      55 |   }
    > 56 |   expect(sql(`SELECT rolbypassrls||':'||rolcanlogin FROM pg_roles WHERE rolname='service_role'`)).toBe('t:t');
         |                                                                                                   ^
      57 |   expect(sql(`SELECT string_agg(rolsuper::text||':'||rolbypassrls::text,',' ORDER BY rolname)
      58 |     FROM pg_roles WHERE rolname IN ('anon','authenticated')`)).toBe('false:false,false:false');
      59 |   // Table privileges are granted (owner statement) so that the RLS stage proves POLICY denial,

      at Object.<anonymous> (test/rls-g2-pg17-etq0.spec.ts:56:99)

  ● stage 3b: deterministically coordinated T/T and O/T processes on PostgreSQL 17 › concurrent success replays with false old winner converge on one target

    expect(received).toBe(expected) // Object.is equality

    Expected: "t:t"
    Received: "true:true"

      54 |     expect(readFileSync(resolve(oldRoot!, 'src/scout', file), 'utf8')).toBe(gitShow(`${OLD_HEAD}:src/scout/${file}`));
      55 |   }
    > 56 |   expect(sql(`SELECT rolbypassrls||':'||rolcanlogin FROM pg_roles WHERE rolname='service_role'`)).toBe('t:t');
         |                                                                                                   ^
      57 |   expect(sql(`SELECT string_agg(rolsuper::text||':'||rolbypassrls::text,',' ORDER BY rolname)
      58 |     FROM pg_roles WHERE rolname IN ('anon','authenticated')`)).toBe('false:false,false:false');
      59 |   // Table privileges are granted (owner statement) so that the RLS stage proves POLICY denial,

      at Object.<anonymous> (test/rls-g2-pg17-etq0.spec.ts:56:99)

  ● stage 3b: deterministically coordinated T/T and O/T processes on PostgreSQL 17 › concurrent success replays with true old winner converge on one target

    expect(received).toBe(expected) // Object.is equality

    Expected: "t:t"
    Received: "true:true"

      54 |     expect(readFileSync(resolve(oldRoot!, 'src/scout', file), 'utf8')).toBe(gitShow(`${OLD_HEAD}:src/scout/${file}`));
      55 |   }
    > 56 |   expect(sql(`SELECT rolbypassrls||':'||rolcanlogin FROM pg_roles WHERE rolname='service_role'`)).toBe('t:t');
         |                                                                                                   ^
      57 |   expect(sql(`SELECT string_agg(rolsuper::text||':'||rolbypassrls::text,',' ORDER BY rolname)
      58 |     FROM pg_roles WHERE rolname IN ('anon','authenticated')`)).toBe('false:false,false:false');
      59 |   // Table privileges are granted (owner statement) so that the RLS stage proves POLICY denial,

      at Object.<anonymous> (test/rls-g2-pg17-etq0.spec.ts:56:99)

  ● stage 3b: deterministically coordinated T/T and O/T processes on PostgreSQL 17 › two absent skip inserts observe real P2002 contention and bounded full-transaction retry

    expect(received).toBe(expected) // Object.is equality

    Expected: "t:t"
    Received: "true:true"

      54 |     expect(readFileSync(resolve(oldRoot!, 'src/scout', file), 'utf8')).toBe(gitShow(`${OLD_HEAD}:src/scout/${file}`));
      55 |   }
    > 56 |   expect(sql(`SELECT rolbypassrls||':'||rolcanlogin FROM pg_roles WHERE rolname='service_role'`)).toBe('t:t');
         |                                                                                                   ^
      57 |   expect(sql(`SELECT string_agg(rolsuper::text||':'||rolbypassrls::text,',' ORDER BY rolname)
      58 |     FROM pg_roles WHERE rolname IN ('anon','authenticated')`)).toBe('false:false,false:false');
      59 |   // Table privileges are granted (owner statement) so that the RLS stage proves POLICY denial,

      at Object.<anonymous> (test/rls-g2-pg17-etq0.spec.ts:56:99)

  ● stage 3b: deterministically coordinated T/T and O/T processes on PostgreSQL 17 › retries real PostgreSQL serialization failure once for skip

    expect(received).toBe(expected) // Object.is equality

    Expected: "t:t"
    Received: "true:true"

      54 |     expect(readFileSync(resolve(oldRoot!, 'src/scout', file), 'utf8')).toBe(gitShow(`${OLD_HEAD}:src/scout/${file}`));
      55 |   }
    > 56 |   expect(sql(`SELECT rolbypassrls||':'||rolcanlogin FROM pg_roles WHERE rolname='service_role'`)).toBe('t:t');
         |                                                                                                   ^
      57 |   expect(sql(`SELECT string_agg(rolsuper::text||':'||rolbypassrls::text,',' ORDER BY rolname)
      58 |     FROM pg_roles WHERE rolname IN ('anon','authenticated')`)).toBe('false:false,false:false');
      59 |   // Table privileges are granted (owner statement) so that the RLS stage proves POLICY denial,

      at Object.<anonymous> (test/rls-g2-pg17-etq0.spec.ts:56:99)

  ● stage 3b: deterministically coordinated T/T and O/T processes on PostgreSQL 17 › retries real PostgreSQL serialization failure once for throw

    expect(received).toBe(expected) // Object.is equality

    Expected: "t:t"
    Received: "true:true"

      54 |     expect(readFileSync(resolve(oldRoot!, 'src/scout', file), 'utf8')).toBe(gitShow(`${OLD_HEAD}:src/scout/${file}`));
      55 |   }
    > 56 |   expect(sql(`SELECT rolbypassrls||':'||rolcanlogin FROM pg_roles WHERE rolname='service_role'`)).toBe('t:t');
         |                                                                                                   ^
      57 |   expect(sql(`SELECT string_agg(rolsuper::text||':'||rolbypassrls::text,',' ORDER BY rolname)
      58 |     FROM pg_roles WHERE rolname IN ('anon','authenticated')`)).toBe('false:false,false:false');
      59 |   // Table privileges are granted (owner statement) so that the RLS stage proves POLICY denial,

      at Object.<anonymous> (test/rls-g2-pg17-etq0.spec.ts:56:99)

  ● stage 3b: deterministically coordinated T/T and O/T processes on PostgreSQL 17 › retries real PostgreSQL serialization failure once for success

    expect(received).toBe(expected) // Object.is equality

    Expected: "t:t"
    Received: "true:true"

      54 |     expect(readFileSync(resolve(oldRoot!, 'src/scout', file), 'utf8')).toBe(gitShow(`${OLD_HEAD}:src/scout/${file}`));
      55 |   }
    > 56 |   expect(sql(`SELECT rolbypassrls||':'||rolcanlogin FROM pg_roles WHERE rolname='service_role'`)).toBe('t:t');
         |                                                                                                   ^
      57 |   expect(sql(`SELECT string_agg(rolsuper::text||':'||rolbypassrls::text,',' ORDER BY rolname)
      58 |     FROM pg_roles WHERE rolname IN ('anon','authenticated')`)).toBe('false:false,false:false');
      59 |   // Table privileges are granted (owner statement) so that the RLS stage proves POLICY denial,

      at Object.<anonymous> (test/rls-g2-pg17-etq0.spec.ts:56:99)

  ● stage 3b: deterministically coordinated T/T and O/T processes on PostgreSQL 17 › exhausted real ledger serialization conflicts stop after two transactions with no invented tally

    expect(received).toBe(expected) // Object.is equality

    Expected: "t:t"
    Received: "true:true"

      54 |     expect(readFileSync(resolve(oldRoot!, 'src/scout', file), 'utf8')).toBe(gitShow(`${OLD_HEAD}:src/scout/${file}`));
      55 |   }
    > 56 |   expect(sql(`SELECT rolbypassrls||':'||rolcanlogin FROM pg_roles WHERE rolname='service_role'`)).toBe('t:t');
         |                                                                                                   ^
      57 |   expect(sql(`SELECT string_agg(rolsuper::text||':'||rolbypassrls::text,',' ORDER BY rolname)
      58 |     FROM pg_roles WHERE rolname IN ('anon','authenticated')`)).toBe('false:false,false:false');
      59 |   // Table privileges are granted (owner statement) so that the RLS stage proves POLICY denial,

      at Object.<anonymous> (test/rls-g2-pg17-etq0.spec.ts:56:99)

  ● stage 3b: deterministically coordinated T/T and O/T processes on PostgreSQL 17 › success holds claim while a failing false old writer waits

    expect(received).toBe(expected) // Object.is equality

    Expected: "t:t"
    Received: "true:true"

      54 |     expect(readFileSync(resolve(oldRoot!, 'src/scout', file), 'utf8')).toBe(gitShow(`${OLD_HEAD}:src/scout/${file}`));
      55 |   }
    > 56 |   expect(sql(`SELECT rolbypassrls||':'||rolcanlogin FROM pg_roles WHERE rolname='service_role'`)).toBe('t:t');
         |                                                                                                   ^
      57 |   expect(sql(`SELECT string_agg(rolsuper::text||':'||rolbypassrls::text,',' ORDER BY rolname)
      58 |     FROM pg_roles WHERE rolname IN ('anon','authenticated')`)).toBe('false:false,false:false');
      59 |   // Table privileges are granted (owner statement) so that the RLS stage proves POLICY denial,

      at Object.<anonymous> (test/rls-g2-pg17-etq0.spec.ts:56:99)

  ● stage 3b: deterministically coordinated T/T and O/T processes on PostgreSQL 17 › success holds claim while a failing true old writer waits

    expect(received).toBe(expected) // Object.is equality

    Expected: "t:t"
    Received: "true:true"

      54 |     expect(readFileSync(resolve(oldRoot!, 'src/scout', file), 'utf8')).toBe(gitShow(`${OLD_HEAD}:src/scout/${file}`));
      55 |   }
    > 56 |   expect(sql(`SELECT rolbypassrls||':'||rolcanlogin FROM pg_roles WHERE rolname='service_role'`)).toBe('t:t');
         |                                                                                                   ^
      57 |   expect(sql(`SELECT string_agg(rolsuper::text||':'||rolbypassrls::text,',' ORDER BY rolname)
      58 |     FROM pg_roles WHERE rolname IN ('anon','authenticated')`)).toBe('false:false,false:false');
      59 |   // Table privileges are granted (owner statement) so that the RLS stage proves POLICY denial,

      at Object.<anonymous> (test/rls-g2-pg17-etq0.spec.ts:56:99)

  ● stage 3b: deterministically coordinated T/T and O/T processes on PostgreSQL 17 › success holds claim while a skipped false old writer waits

    expect(received).toBe(expected) // Object.is equality

    Expected: "t:t"
    Received: "true:true"

      54 |     expect(readFileSync(resolve(oldRoot!, 'src/scout', file), 'utf8')).toBe(gitShow(`${OLD_HEAD}:src/scout/${file}`));
      55 |   }
    > 56 |   expect(sql(`SELECT rolbypassrls||':'||rolcanlogin FROM pg_roles WHERE rolname='service_role'`)).toBe('t:t');
         |                                                                                                   ^
      57 |   expect(sql(`SELECT string_agg(rolsuper::text||':'||rolbypassrls::text,',' ORDER BY rolname)
      58 |     FROM pg_roles WHERE rolname IN ('anon','authenticated')`)).toBe('false:false,false:false');
      59 |   // Table privileges are granted (owner statement) so that the RLS stage proves POLICY denial,

      at Object.<anonymous> (test/rls-g2-pg17-etq0.spec.ts:56:99)

  ● stage 3b: deterministically coordinated T/T and O/T processes on PostgreSQL 17 › success holds claim while a skipped true old writer waits

    expect(received).toBe(expected) // Object.is equality

    Expected: "t:t"
    Received: "true:true"

      54 |     expect(readFileSync(resolve(oldRoot!, 'src/scout', file), 'utf8')).toBe(gitShow(`${OLD_HEAD}:src/scout/${file}`));
      55 |   }
    > 56 |   expect(sql(`SELECT rolbypassrls||':'||rolcanlogin FROM pg_roles WHERE rolname='service_role'`)).toBe('t:t');
         |                                                                                                   ^
      57 |   expect(sql(`SELECT string_agg(rolsuper::text||':'||rolbypassrls::text,',' ORDER BY rolname)
      58 |     FROM pg_roles WHERE rolname IN ('anon','authenticated')`)).toBe('false:false,false:false');
      59 |   // Table privileges are granted (owner statement) so that the RLS stage proves POLICY denial,

      at Object.<anonymous> (test/rls-g2-pg17-etq0.spec.ts:56:99)

  ● stage 3b: deterministically coordinated T/T and O/T processes on PostgreSQL 17 › T success upgrades serialized skip while target write is open

    expect(received).toBe(expected) // Object.is equality

    Expected: "t:t"
    Received: "true:true"

      54 |     expect(readFileSync(resolve(oldRoot!, 'src/scout', file), 'utf8')).toBe(gitShow(`${OLD_HEAD}:src/scout/${file}`));
      55 |   }
    > 56 |   expect(sql(`SELECT rolbypassrls||':'||rolcanlogin FROM pg_roles WHERE rolname='service_role'`)).toBe('t:t');
         |                                                                                                   ^
      57 |   expect(sql(`SELECT string_agg(rolsuper::text||':'||rolbypassrls::text,',' ORDER BY rolname)
      58 |     FROM pg_roles WHERE rolname IN ('anon','authenticated')`)).toBe('false:false,false:false');
      59 |   // Table privileges are granted (owner statement) so that the RLS stage proves POLICY denial,

      at Object.<anonymous> (test/rls-g2-pg17-etq0.spec.ts:56:99)

  ● stage 3b: deterministically coordinated T/T and O/T processes on PostgreSQL 17 › T success upgrades serialized throw while target write is open

    expect(received).toBe(expected) // Object.is equality

    Expected: "t:t"
    Received: "true:true"

      54 |     expect(readFileSync(resolve(oldRoot!, 'src/scout', file), 'utf8')).toBe(gitShow(`${OLD_HEAD}:src/scout/${file}`));
      55 |   }
    > 56 |   expect(sql(`SELECT rolbypassrls||':'||rolcanlogin FROM pg_roles WHERE rolname='service_role'`)).toBe('t:t');
         |                                                                                                   ^
      57 |   expect(sql(`SELECT string_agg(rolsuper::text||':'||rolbypassrls::text,',' ORDER BY rolname)
      58 |     FROM pg_roles WHERE rolname IN ('anon','authenticated')`)).toBe('false:false,false:false');
      59 |   // Table privileges are granted (owner statement) so that the RLS stage proves POLICY denial,

      at Object.<anonymous> (test/rls-g2-pg17-etq0.spec.ts:56:99)

  ● stage 3b: deterministically coordinated T/T and O/T processes on PostgreSQL 17 › concurrent different-platform NULL claims serialize and the loser rolls back target changes

    expect(received).toBe(expected) // Object.is equality

    Expected: "t:t"
    Received: "true:true"

      54 |     expect(readFileSync(resolve(oldRoot!, 'src/scout', file), 'utf8')).toBe(gitShow(`${OLD_HEAD}:src/scout/${file}`));
      55 |   }
    > 56 |   expect(sql(`SELECT rolbypassrls||':'||rolcanlogin FROM pg_roles WHERE rolname='service_role'`)).toBe('t:t');
         |                                                                                                   ^
      57 |   expect(sql(`SELECT string_agg(rolsuper::text||':'||rolbypassrls::text,',' ORDER BY rolname)
      58 |     FROM pg_roles WHERE rolname IN ('anon','authenticated')`)).toBe('false:false,false:false');
      59 |   // Table privileges are granted (owner statement) so that the RLS stage proves POLICY denial,

      at Object.<anonymous> (test/rls-g2-pg17-etq0.spec.ts:56:99)

  ● stage 4: Q0 real scoped reads, cursor boundaries and unchanged emission › enumerates exact narrow-schema clients page union and retains NULL legacy history

    expect(received).toBe(expected) // Object.is equality

    Expected: "t:t"
    Received: "true:true"

      54 |     expect(readFileSync(resolve(oldRoot!, 'src/scout', file), 'utf8')).toBe(gitShow(`${OLD_HEAD}:src/scout/${file}`));
      55 |   }
    > 56 |   expect(sql(`SELECT rolbypassrls||':'||rolcanlogin FROM pg_roles WHERE rolname='service_role'`)).toBe('t:t');
         |                                                                                                   ^
      57 |   expect(sql(`SELECT string_agg(rolsuper::text||':'||rolbypassrls::text,',' ORDER BY rolname)
      58 |     FROM pg_roles WHERE rolname IN ('anon','authenticated')`)).toBe('false:false,false:false');
      59 |   // Table privileges are granted (owner statement) so that the RLS stage proves POLICY denial,

      at Object.<anonymous> (test/rls-g2-pg17-etq0.spec.ts:56:99)

  ● stage 4: Q0 real scoped reads, cursor boundaries and unchanged emission › enumerates exact narrow-schema workouts page union and retains NULL legacy history

    expect(received).toBe(expected) // Object.is equality

    Expected: "t:t"
    Received: "true:true"

      54 |     expect(readFileSync(resolve(oldRoot!, 'src/scout', file), 'utf8')).toBe(gitShow(`${OLD_HEAD}:src/scout/${file}`));
      55 |   }
    > 56 |   expect(sql(`SELECT rolbypassrls||':'||rolcanlogin FROM pg_roles WHERE rolname='service_role'`)).toBe('t:t');
         |                                                                                                   ^
      57 |   expect(sql(`SELECT string_agg(rolsuper::text||':'||rolbypassrls::text,',' ORDER BY rolname)
      58 |     FROM pg_roles WHERE rolname IN ('anon','authenticated')`)).toBe('false:false,false:false');
      59 |   // Table privileges are granted (owner statement) so that the RLS stage proves POLICY denial,

      at Object.<anonymous> (test/rls-g2-pg17-etq0.spec.ts:56:99)

  ● stage 4: Q0 real scoped reads, cursor boundaries and unchanged emission › characterizes clients ties ONLY in a temporary future-schema fixture

    expect(received).toBe(expected) // Object.is equality

    Expected: "t:t"
    Received: "true:true"

      54 |     expect(readFileSync(resolve(oldRoot!, 'src/scout', file), 'utf8')).toBe(gitShow(`${OLD_HEAD}:src/scout/${file}`));
      55 |   }
    > 56 |   expect(sql(`SELECT rolbypassrls||':'||rolcanlogin FROM pg_roles WHERE rolname='service_role'`)).toBe('t:t');
         |                                                                                                   ^
      57 |   expect(sql(`SELECT string_agg(rolsuper::text||':'||rolbypassrls::text,',' ORDER BY rolname)
      58 |     FROM pg_roles WHERE rolname IN ('anon','authenticated')`)).toBe('false:false,false:false');
      59 |   // Table privileges are granted (owner statement) so that the RLS stage proves POLICY denial,

      at Object.<anonymous> (test/rls-g2-pg17-etq0.spec.ts:56:99)

  ● stage 4: Q0 real scoped reads, cursor boundaries and unchanged emission › characterizes workouts ties ONLY in a temporary future-schema fixture

    expect(received).toBe(expected) // Object.is equality

    Expected: "t:t"
    Received: "true:true"

      54 |     expect(readFileSync(resolve(oldRoot!, 'src/scout', file), 'utf8')).toBe(gitShow(`${OLD_HEAD}:src/scout/${file}`));
      55 |   }
    > 56 |   expect(sql(`SELECT rolbypassrls||':'||rolcanlogin FROM pg_roles WHERE rolname='service_role'`)).toBe('t:t');
         |                                                                                                   ^
      57 |   expect(sql(`SELECT string_agg(rolsuper::text||':'||rolbypassrls::text,',' ORDER BY rolname)
      58 |     FROM pg_roles WHERE rolname IN ('anon','authenticated')`)).toBe('false:false,false:false');
      59 |   // Table privileges are granted (owner statement) so that the RLS stage proves POLICY denial,

      at Object.<anonymous> (test/rls-g2-pg17-etq0.spec.ts:56:99)

  ● stage 4: Q0 real scoped reads, cursor boundaries and unchanged emission › bounds clients cursor tokens at 8,192 characters and rejects every malformed shape without reflection

    expect(received).toBe(expected) // Object.is equality

    Expected: "t:t"
    Received: "true:true"

      54 |     expect(readFileSync(resolve(oldRoot!, 'src/scout', file), 'utf8')).toBe(gitShow(`${OLD_HEAD}:src/scout/${file}`));
      55 |   }
    > 56 |   expect(sql(`SELECT rolbypassrls||':'||rolcanlogin FROM pg_roles WHERE rolname='service_role'`)).toBe('t:t');
         |                                                                                                   ^
      57 |   expect(sql(`SELECT string_agg(rolsuper::text||':'||rolbypassrls::text,',' ORDER BY rolname)
      58 |     FROM pg_roles WHERE rolname IN ('anon','authenticated')`)).toBe('false:false,false:false');
      59 |   // Table privileges are granted (owner statement) so that the RLS stage proves POLICY denial,

      at Object.<anonymous> (test/rls-g2-pg17-etq0.spec.ts:56:99)

  ● stage 4: Q0 real scoped reads, cursor boundaries and unchanged emission › bounds workouts cursor tokens at 8,192 characters and rejects every malformed shape without reflection

    expect(received).toBe(expected) // Object.is equality

    Expected: "t:t"
    Received: "true:true"

      54 |     expect(readFileSync(resolve(oldRoot!, 'src/scout', file), 'utf8')).toBe(gitShow(`${OLD_HEAD}:src/scout/${file}`));
      55 |   }
    > 56 |   expect(sql(`SELECT rolbypassrls||':'||rolcanlogin FROM pg_roles WHERE rolname='service_role'`)).toBe('t:t');
         |                                                                                                   ^
      57 |   expect(sql(`SELECT string_agg(rolsuper::text||':'||rolbypassrls::text,',' ORDER BY rolname)
      58 |     FROM pg_roles WHERE rolname IN ('anon','authenticated')`)).toBe('false:false,false:false');
      59 |   // Table privileges are granted (owner statement) so that the RLS stage proves POLICY denial,

      at Object.<anonymous> (test/rls-g2-pg17-etq0.spec.ts:56:99)

  ● stage 5: rollout recovery boundaries after T has claimed provenance › refuses destructive E rollback while any claim exists, keeps history, and only a drained ledger can roll back

    expect(received).toBe(expected) // Object.is equality

    Expected: "t:t"
    Received: "true:true"

      54 |     expect(readFileSync(resolve(oldRoot!, 'src/scout', file), 'utf8')).toBe(gitShow(`${OLD_HEAD}:src/scout/${file}`));
      55 |   }
    > 56 |   expect(sql(`SELECT rolbypassrls||':'||rolcanlogin FROM pg_roles WHERE rolname='service_role'`)).toBe('t:t');
         |                                                                                                   ^
      57 |   expect(sql(`SELECT string_agg(rolsuper::text||':'||rolbypassrls::text,',' ORDER BY rolname)
      58 |     FROM pg_roles WHERE rolname IN ('anon','authenticated')`)).toBe('false:false,false:false');
      59 |   // Table privileges are granted (owner statement) so that the RLS stage proves POLICY denial,

      at Object.<anonymous> (test/rls-g2-pg17-etq0.spec.ts:56:99)

  ● stage 5: rollout recovery boundaries after T has claimed provenance › E/down lock budgets fail atomically against a live writer transaction instead of queueing behind it

    expect(received).toBe(expected) // Object.is equality

    Expected: "t:t"
    Received: "true:true"

      54 |     expect(readFileSync(resolve(oldRoot!, 'src/scout', file), 'utf8')).toBe(gitShow(`${OLD_HEAD}:src/scout/${file}`));
      55 |   }
    > 56 |   expect(sql(`SELECT rolbypassrls||':'||rolcanlogin FROM pg_roles WHERE rolname='service_role'`)).toBe('t:t');
         |                                                                                                   ^
      57 |   expect(sql(`SELECT string_agg(rolsuper::text||':'||rolbypassrls::text,',' ORDER BY rolname)
      58 |     FROM pg_roles WHERE rolname IN ('anon','authenticated')`)).toBe('false:false,false:false');
      59 |   // Table privileges are granted (owner statement) so that the RLS stage proves POLICY denial,

      at Object.<anonymous> (test/rls-g2-pg17-etq0.spec.ts:56:99)

Test Suites: 1 failed, 1 total
Tests:       49 failed, 49 total
Snapshots:   0 total
Time:        17.341 s, estimated 18 s
Ran all test suites matching test/rls-g2-pg17-etq0.spec.ts.
PROOF_EXIT=1 STAGE=live TS=20260920T181914Z
