2026-09-25T16:44:10Z ACQUIRED pid=17784 fd9 inode=674373 lslocks=1
2026-09-25T16:44:11Z NM_HIDDEN_LOCK=05bc530aa44bfa6df64f0daa8edb66c5181abf4bfbc309bd8da2c8aff37b6a44
2026-09-25T16:44:11Z NM_CLIENT_INDEX_DTS=9042e713ba5678c99959a345b7b18a60dfc186b2c7d890b8d9c3ed5c8f4edcc6
2026-09-25T16:44:11Z PREFIX_VERIFY rc=0 ok_lines=56 readlink=../lib/node_modules/prettier/bin/prettier.cjs
2026-09-25T16:44:11Z NPX_PRETTIER_VERSION=3.9.9
2026-09-25T16:44:12Z PRETTIER_CHECK_1 rc=0
2026-09-25T16:44:13Z ESLINT rc=0
checkpoint worker-correction-02-formatted-precommit: 2 entries, base a68cdac70d81aea384fdc99c01c9c983a08e80eb
2026-09-25T16:44:14Z STAGED_TREE=796f437fea80550a379b5f54dc485bc5dbba67e1 WORKER_BLOB=155ffdccd3d4e472cede84e7b11523d18201b450 WORKER_SHA=41bb197579ce39c4d91ded65da2c6a165c7de4d66ba07371e83511f3b49ec5ee
✔️ banned-cast-tokens (0.12 seconds)
✔️ tsc (44.98 seconds)
[38;2;0;0;0m╭[38;2;5;5;5m─[38;2;11;11;11m─[38;2;16;16;16m─[38;2;19;19;19m─[38;2;23;23;23m─[38;2;26;26;26m─[38;2;29;29;29m─[38;2;32;32;32m─[38;2;35;35;35m─[38;2;39;39;39m─[38;2;42;42;42m─[38;2;45;45;45m─[38;2;49;49;49m─[38;2;52;52;52m─[38;2;56;56;56m─[38;2;56;56;56m─[38;2;52;52;52m─[38;2;49;49;49m─[38;2;45;45;45m─[38;2;42;42;42m─[38;2;39;39;39m─[38;2;35;35;35m─[38;2;32;32;32m─[38;2;29;29;29m─[38;2;26;26;26m─[38;2;23;23;23m─[38;2;19;19;19m─[38;2;16;16;16m─[38;2;11;11;11m─[38;2;5;5;5m─[38;2;0;0;0m─[38;2;0;0;0m─[38;2;6;6;6m─[38;2;12;12;12m─[38;2;17;17;17m─[38;2;20;20;20m─[38;2;24;24;24m─[38;2;27;27;27m─[38;2;31;31;31m─[38;2;34;34;34m─[38;2;38;38;38m─[38;2;41;41;41m╮[m
[38;2;0;0;0m│[m 🥊 lefthook  v2.1.9   hook:  [1mcommit-msg[m [38;2;52;52;52m│[m
[38;2;6;6;6m╰[38;2;12;12;12m─[38;2;17;17;17m─[38;2;20;20;20m─[38;2;24;24;24m─[38;2;27;27;27m─[38;2;31;31;31m─[38;2;34;34;34m─[38;2;38;38;38m─[38;2;41;41;41m─[38;2;45;45;45m─[38;2;48;48;48m─[38;2;52;52;52m─[38;2;56;56;56m─[38;2;56;56;56m─[38;2;52;52;52m─[38;2;48;48;48m─[38;2;45;45;45m─[38;2;41;41;41m─[38;2;38;38;38m─[38;2;34;34;34m─[38;2;31;31;31m─[38;2;27;27;27m─[38;2;24;24;24m─[38;2;20;20;20m─[38;2;17;17;17m─[38;2;12;12;12m─[38;2;6;6;6m─[38;2;0;0;0m─[38;2;0;0;0m─[38;2;6;6;6m─[38;2;12;12;12m─[38;2;17;17;17m─[38;2;20;20;20m─[38;2;24;24;24m─[38;2;27;27;27m─[38;2;31;31;31m─[38;2;34;34;34m─[38;2;38;38;38m─[38;2;41;41;41m─[38;2;45;45;45m─[38;2;48;48;48m─[38;2;52;52;52m╯[m
┃  no-ai-tokens ❯ 

[38;2;56;56;56m  ────────────────────────────────────[m
summary: (done in 0.01 seconds)
✔️ no-ai-tokens (0.01 seconds)
[exec64/s7l-replacement df713fd9] test(scout): S7-L PG proof worker — resolve @prisma/client/runtime/library to the custom-output client runtime
 1 file changed, 14 insertions(+), 3 deletions(-)
2026-09-25T16:44:59Z GIT_COMMIT rc=0
2026-09-25T16:44:59Z HEAD=df713fd9217df524915348ef8a42c797f288dde1 TREE=796f437fea80550a379b5f54dc485bc5dbba67e1 author=Bradley Gleave <bradley@bradleytgpcoaching.com> / Bradley Gleave <bradley@bradleytgpcoaching.com> parent=a68cdac70d81aea384fdc99c01c9c983a08e80eb gp=54970cd937afc8dea689b33243961abfef8b9dd6 ggp=839b54c53ccb252f95b4ec63df0b08595bbe7698 base=93389265a846095b846fa8f1fb0dad782fb6ee9f
The bundle contains this ref:
df713fd9217df524915348ef8a42c797f288dde1 HEAD
The bundle requires this ref:
93389265a846095b846fa8f1fb0dad782fb6ee9f 
The bundle uses this hash algorithm: sha1
/home/user/workspace/tgp-private-evidence/execution/64e33dc7/s7l/bundle/v4/s7l-v4-df713fd9217d.bundle is okay
2026-09-25T16:45:00Z BUNDLE_THIN rc=0
/home/user/workspace/tgp-private-evidence/execution/64e33dc7/s7l/bundle/v4/s7l-v4-df713fd9217d-full-history.bundle is okay
The bundle contains these 2 refs:
df713fd9217df524915348ef8a42c797f288dde1 HEAD
df713fd9217df524915348ef8a42c797f288dde1 refs/heads/exec64/s7l-replacement
The bundle records a complete history.
The bundle uses this hash algorithm: sha1
2026-09-25T16:45:00Z BUNDLE_FULL rc=0
2026-09-25T16:45:01Z DONE head=df713fd9217df524915348ef8a42c797f288dde1 tree=796f437fea80550a379b5f54dc485bc5dbba67e1
2026-09-25T16:45:01Z RELEASING stage=done rc=0 (fd9 closes at exit; lock file preserved)
