./lib/node_modules/prettier/LICENSE: OK
./lib/node_modules/prettier/README.md: OK
./lib/node_modules/prettier/THIRD-PARTY-NOTICES.md: OK
./lib/node_modules/prettier/bin/prettier.cjs: OK
./lib/node_modules/prettier/doc.d.ts: OK
./lib/node_modules/prettier/doc.js: OK
./lib/node_modules/prettier/doc.mjs: OK
./lib/node_modules/prettier/index.cjs: OK
./lib/node_modules/prettier/index.d.ts: OK
./lib/node_modules/prettier/index.mjs: OK
./lib/node_modules/prettier/internal/experimental-cli-worker.mjs: OK
./lib/node_modules/prettier/internal/experimental-cli.mjs: OK
./lib/node_modules/prettier/internal/legacy-cli.mjs: OK
./lib/node_modules/prettier/package.json: OK
./lib/node_modules/prettier/plugins/acorn.d.ts: OK
./lib/node_modules/prettier/plugins/acorn.js: OK
./lib/node_modules/prettier/plugins/acorn.mjs: OK
./lib/node_modules/prettier/plugins/angular.d.ts: OK
./lib/node_modules/prettier/plugins/angular.js: OK
./lib/node_modules/prettier/plugins/angular.mjs: OK
./lib/node_modules/prettier/plugins/babel.d.ts: OK
./lib/node_modules/prettier/plugins/babel.js: OK
./lib/node_modules/prettier/plugins/babel.mjs: OK
./lib/node_modules/prettier/plugins/estree.d.ts: OK
./lib/node_modules/prettier/plugins/estree.js: OK
./lib/node_modules/prettier/plugins/estree.mjs: OK
./lib/node_modules/prettier/plugins/flow.d.ts: OK
./lib/node_modules/prettier/plugins/flow.js: OK
./lib/node_modules/prettier/plugins/flow.mjs: OK
./lib/node_modules/prettier/plugins/glimmer.d.ts: OK
./lib/node_modules/prettier/plugins/glimmer.js: OK
./lib/node_modules/prettier/plugins/glimmer.mjs: OK
./lib/node_modules/prettier/plugins/graphql.d.ts: OK
./lib/node_modules/prettier/plugins/graphql.js: OK
./lib/node_modules/prettier/plugins/graphql.mjs: OK
./lib/node_modules/prettier/plugins/html.d.ts: OK
./lib/node_modules/prettier/plugins/html.js: OK
./lib/node_modules/prettier/plugins/html.mjs: OK
./lib/node_modules/prettier/plugins/markdown.d.ts: OK
./lib/node_modules/prettier/plugins/markdown.js: OK
./lib/node_modules/prettier/plugins/markdown.mjs: OK
./lib/node_modules/prettier/plugins/meriyah.d.ts: OK
./lib/node_modules/prettier/plugins/meriyah.js: OK
./lib/node_modules/prettier/plugins/meriyah.mjs: OK
./lib/node_modules/prettier/plugins/postcss.d.ts: OK
./lib/node_modules/prettier/plugins/postcss.js: OK
./lib/node_modules/prettier/plugins/postcss.mjs: OK
./lib/node_modules/prettier/plugins/typescript.d.ts: OK
./lib/node_modules/prettier/plugins/typescript.js: OK
./lib/node_modules/prettier/plugins/typescript.mjs: OK
./lib/node_modules/prettier/plugins/yaml.d.ts: OK
./lib/node_modules/prettier/plugins/yaml.js: OK
./lib/node_modules/prettier/plugins/yaml.mjs: OK
./lib/node_modules/prettier/standalone.d.ts: OK
./lib/node_modules/prettier/standalone.js: OK
./lib/node_modules/prettier/standalone.mjs: OK
