2026-09-27T21:23:13Z START lane=s11 stage=ALL head=419a756da4e6eebc28e22b19d0c08d72549f6d4e target=/home/runner/work/growth-project-backend/growth-project-backend/target harness=63f8af92d3a3821758e28df0e063a5f63ecf17a5 stage_sh=6594c6d5ad223adad81584f5c2071a91f878e6c23486625860c4abce2e350597
2026-09-27T21:23:13Z SELECTED lane=s11 stages=[bootstrap  rls-g2-s11 journey-core readiness settle-redrive journey-induction journey-full guard ] need_pg=1
2026-09-27T21:23:13Z TOOLS node=v20.20.1 pg='postgres (PostgreSQL) 17.6' psql=/usr/lib/postgresql/18/bin/psql nproc=4 mem=15G
2026-09-27T21:23:13Z CLONE_OK head=419a756da4e6eebc28e22b19d0c08d72549f6d4e tree=6ce65c1b47b76df72fbcd005d479feec58553a16 pkg_lock=b7fed5ed611c004615022cf69375b83956e9a69604807123fbe0e7965aea9c55 migrations=173 last=20270124000000_scout_run_observation_expand
2026-09-27T21:23:19Z DEPS_OK client_index_dts=2c819c8a8e2fd4afb59578893122b8e9c406bc1dc7821e643e7ef359c04aa56c jest=30.4.1 prisma=6.19.3
2026-09-27T21:23:20Z PG_UP port=55650 pid=3865 data=/home/runner/work/_temp/lane-s11-ALL-3697/pg-data marker=s11-disposable-pg17 db=g2_s11_disposable role=s11_super
2026-09-27T21:23:24Z BOOTSTRAP_IDENTITY_OK data_directory=/home/runner/work/_temp/lane-s11-ALL-3697/pg-data server_version_num=170006 cluster_name=s11-disposable-pg17 db_marker_ok=yes applied=173 rows=173 dup=0 exact_set=yes last=20270124000000_scout_run_observation_expand port=55650
2026-09-27T21:23:24Z JEST_START rls-g2-s11 cfg=jest.rls.config.js bound=1500s files=[test/rls-g2-s11.spec.ts] static_it=6 lower_bound=0 kind=live
2026-09-27T21:24:18Z JEST_END rls-g2-s11 status=PASS rc=0 secs=54 | Test Suites: 1 passed, 1 total | Tests:       6 passed, 6 total
2026-09-27T21:24:18Z JEST_START journey-core cfg=jest.config.js bound=1500s files=[test/scout/s11/journey-core.pg.spec.ts] static_it=8 lower_bound=0 kind=live
2026-09-27T21:27:25Z JEST_END journey-core status=PASS rc=0 secs=187 | Test Suites: 1 passed, 1 total | Tests:       8 passed, 8 total
2026-09-27T21:27:25Z JEST_START readiness cfg=jest.config.js bound=900s files=[test/scout/s11/readiness.pg.spec.ts] static_it=6 lower_bound=0 kind=live
2026-09-27T21:28:45Z JEST_END readiness status=PASS rc=0 secs=80 | Test Suites: 1 passed, 1 total | Tests:       6 passed, 6 total
2026-09-27T21:28:45Z JEST_START settle-redrive cfg=jest.config.js bound=3000s files=[test/scout/s11/settle-redrive.pg.spec.ts] static_it=8 lower_bound=0 kind=live
2026-09-27T21:32:43Z JEST_END settle-redrive status=PASS rc=0 secs=238 | Test Suites: 1 passed, 1 total | Tests:       8 passed, 8 total
2026-09-27T21:32:43Z JEST_START journey-induction cfg=jest.config.js bound=3000s files=[test/scout/s11/journey-induction.pg.spec.ts] static_it=4 lower_bound=0 kind=live
2026-09-27T21:34:06Z JEST_END journey-induction status=PASS rc=0 secs=83 | Test Suites: 1 passed, 1 total | Tests:       4 passed, 4 total
2026-09-27T21:34:06Z JEST_START journey-full cfg=jest.config.js bound=4200s files=[test/scout/s11/journey-full.pg.spec.ts] static_it=6 lower_bound=0 kind=live
2026-09-27T21:35:39Z JEST_END journey-full status=PASS rc=0 secs=93 | Test Suites: 1 passed, 1 total | Tests:       6 passed, 6 total
2026-09-27T21:35:39Z JEST_START guard cfg=jest.config.js bound=300s files=[test/utils/g2-s11-db-guard.spec.ts] static_it=11 lower_bound=1 kind=guard
2026-09-27T21:35:48Z JEST_END guard status=PASS rc=0 secs=9 | Test Suites: 1 passed, 1 total | Tests:       95 passed, 95 total
2026-09-27T21:35:48Z POST_OK target clean at HEAD
2026-09-27T21:35:48Z TEARDOWN postmaster_alive=no port_listeners=0 bad=0
2026-09-27T21:35:48Z END rc=0 stage=done
