[2026-09-22T00:06:06Z] 08-probe-stale-reject-base wt=/home/user/workspace/worktrees/s4-r4 head=2bcf1563d85bc2109e99805e4ce1b06fce4dcdb3 tree=3e23f91824689d1f179a116af948eae0ed5ae170 dirty_paths=0 diff_sha256=e3b0c44298fc1c149afbf4c8996fb92427ae41e4649b934ca495991b7852b855 cmd: node /home/user/workspace/execution/s4-r4/scripts/stale-caller-probe.mjs /home/user/workspace/execution/s4-r4/artifacts/base-84471e99-export reject
{
  "probe": "stale-caller (S4-R3-A-02) mode=reject",
  "root": "/home/user/workspace/execution/s4-r4/artifacts/base-84471e99-export",
  "head": "84471e99b278e964f7cb3f6bf9c78491064c41b7 (from PROBE_HEAD; exported tree, no .git)",
  "node": "v20.20.1",
  "actualNetwork": false,
  "replacementAcknowledgement": {
    "ok": true
  },
  "immediatelyAfterReplacement": [
    [
      "tgp_refresh_token",
      "NEW_SYNTHETIC_REFRESH"
    ]
  ],
  "afterStaleCallerSettled": [],
  "finalSession": {
    "ok": true,
    "hasSession": false
  },
  "authRequiredCount": 1,
  "lastSnapshot": {
    "kind": "status_snapshot",
    "intent": null,
    "progress": [],
    "lastError": "session expired — please sign in again",
    "workerActive": true
  },
  "calls": [
    {
      "url": "https://app.truecoach.co/proxy/api/clients?per_page=25&page=1",
      "authorization": "Bearer SYNTHETIC_SOURCE"
    },
    {
      "url": "https://api.tgp.coach/api/scout/ingest",
      "authorization": "Bearer OLD_SYNTHETIC_ACCESS"
    },
    {
      "url": "https://api.tgp.coach/api/auth/extension/refresh",
      "authorization": null
    }
  ],
  "pass": false
}
[2026-09-22T00:06:06Z] 08-probe-stale-reject-base exit=1
