[preflight ok] head=2bcf1563d85bc2109e99805e4ce1b06fce4dcdb3 tree=3e23f91824689d1f179a116af948eae0ed5ae170 clean; base export verified against 84471e99b278e964f7cb3f6bf9c78491064c41b7
[2026-09-22T00:01:20Z] 01-npm-ci wt=/home/user/workspace/worktrees/s4-r4 head=2bcf1563d85bc2109e99805e4ce1b06fce4dcdb3 tree=3e23f91824689d1f179a116af948eae0ed5ae170 dirty_paths=0 diff_sha256=e3b0c44298fc1c149afbf4c8996fb92427ae41e4649b934ca495991b7852b855 cmd: npm ci --no-audit --no-fund

> tgp-importer-extension@0.3.0-rc.1 prepare
> lefthook install

sync hooks: ✔️(pre-commit)

added 133 packages in 3s
[2026-09-22T00:01:23Z] 01-npm-ci exit=0
[2026-09-22T00:01:23Z] 02-prettier-check wt=/home/user/workspace/worktrees/s4-r4 head=2bcf1563d85bc2109e99805e4ce1b06fce4dcdb3 tree=3e23f91824689d1f179a116af948eae0ed5ae170 dirty_paths=0 diff_sha256=e3b0c44298fc1c149afbf4c8996fb92427ae41e4649b934ca495991b7852b855 cmd: npx prettier --check background.js shared/session.js shared/log.js shared/replay/engine.js test/refresh-admission-epoch.spec.js test/session-ownership.spec.js
Checking formatting...
All matched files use Prettier code style!
[2026-09-22T00:01:24Z] 02-prettier-check exit=0
[2026-09-22T00:01:25Z] 03-vitest-focused wt=/home/user/workspace/worktrees/s4-r4 head=2bcf1563d85bc2109e99805e4ce1b06fce4dcdb3 tree=3e23f91824689d1f179a116af948eae0ed5ae170 dirty_paths=0 diff_sha256=e3b0c44298fc1c149afbf4c8996fb92427ae41e4649b934ca495991b7852b855 cmd: npx vitest run test/refresh-admission-epoch.spec.js test/session-ownership.spec.js test/refresh-coalesce.spec.js test/session-lifecycle.spec.js test/session-refresh-path.spec.js test/auth-body-deadline.spec.js test/start-import-hardening.spec.js test/ingest-auth.spec.js test/ingest-settlement.spec.js test/ingest-legacy-settlement.spec.js

[1m[30m[46m RUN [49m[39m[22m [36mv4.1.11 [39m[90m/home/user/workspace/worktrees/s4-r4[39m

 [32m✓[39m test/auth-body-deadline.spec.js [2m([22m[2m24 tests[22m[2m)[22m[32m 92[2mms[22m[39m
[90mstderr[2m | test/ingest-settlement.spec.js[2m > [22m[2msource auth loss — the started intent is still settled[2m > [22m[2mdoes not let a failed settlement mask the source failure
[22m[39m{"src":"tgp-importer","event":"settlement_network_error"}

 [32m✓[39m test/ingest-settlement.spec.js [2m([22m[2m21 tests[22m[2m)[22m[33m 13043[2mms[22m[39m
     [33m[2m✓[22m[39m does not re-settle a rejected complete as failed [33m 1011[2mms[22m[39m
     [33m[2m✓[22m[39m logs when the settlement POST fails on an engine-RETURNED failure, not just a throw [33m 1513[2mms[22m[39m
     [33m[2m✓[22m[39m settles success after one 401 + refresh + retry on the complete POST [33m 1011[2mms[22m[39m
     [33m[2m✓[22m[39m does not double-settle or break settlement-before-broadcast ordering on that retry [33m 1012[2mms[22m[39m
     [33m[2m✓[22m[39m still surfaces ingest_failed if the retried complete also 401s (no refresh available) [33m 1014[2mms[22m[39m
     [33m[2m✓[22m[39m routes to pairing without posting a complete it cannot authenticate [33m 3020[2mms[22m[39m
     [33m[2m✓[22m[39m flushes the final counts before settling a run that threw [33m 1013[2mms[22m[39m
     [33m[2m✓[22m[39m carries the committed counts on that final flush, not a reset [33m 1014[2mms[22m[39m
     [33m[2m✓[22m[39m still settles when every progress post is rejected [33m 1012[2mms[22m[39m
     [33m[2m✓[22m[39m puts no token material on that final flush [33m 1015[2mms[22m[39m
 [32m✓[39m test/start-import-hardening.spec.js [2m([22m[2m7 tests[22m[2m)[22m[33m 4642[2mms[22m[39m
     [33m[2m✓[22m[39m keeps the token out of broadcasts, storage, notifications, and ingest payloads [33m 1058[2mms[22m[39m
     [33m[2m✓[22m[39m reports ingest_failed and never broadcasts success when complete returns 500 [33m 1013[2mms[22m[39m
     [33m[2m✓[22m[39m finalises but reports ingest_partial (not success) when a page is skipped [33m 2527[2mms[22m[39m
 [32m✓[39m test/ingest-legacy-settlement.spec.js [2m([22m[2m10 tests[22m[2m)[22m[33m 30735[2mms[22m[39m
     [33m[2m✓[22m[39m settles terminal_status partial, not success, and shows the coach ingest_empty [33m 4065[2mms[22m[39m
     [33m[2m✓[22m[39m carries an error_summary telling the coach to verify, and an empty tally [33m 4011[2mms[22m[39m
     [33m[2m✓[22m[39m sends only ScoutCompleteDto fields and no token material [33m 4019[2mms[22m[39m
     [33m[2m✓[22m[39m does not raise an OS notification claiming the import completed [33m 4011[2mms[22m[39m
     [33m[2m✓[22m[39m settles success with final_counts keyed by entity type [33m 4041[2mms[22m[39m
     [33m[2m✓[22m[39m tallies exactly what the backend acked, summed per entity type [33m 4015[2mms[22m[39m
     [33m[2m✓[22m[39m carries no error_summary when records did come across [33m 4027[2mms[22m[39m
     [33m[2m✓[22m[39m fails the run rather than settling a tally that includes an unacked batch [33m 508[2mms[22m[39m
     [33m[2m✓[22m[39m carries the already-ACKed tally into the failure settlement, not an omission [33m 1515[2mms[22m[39m
     [33m[2m✓[22m[39m omits final_counts (rather than sending an empty object) when nothing was ACKed yet [33m 519[2mms[22m[39m
[90mstderr[2m | test/session-ownership.spec.js[2m > [22m[2ma run whose session is replaced mid-refresh (S4-R3-A-02)[2m > [22m[2mstale refresh TIMEOUT after replacement: no clear, no auth_required, run stops
[22m[39m{"src":"tgp-importer","event":"refresh_timeout"}

 [32m✓[39m test/session-ownership.spec.js [2m([22m[2m7 tests[22m[2m)[22m[33m 1137[2mms[22m[39m
     [33m[2m✓[22m[39m replacement with NO 401 at all: the next batch is not sent under the replacement's bearer [33m 1006[2mms[22m[39m
[90mstderr[2m | test/session-lifecycle.spec.js[2m > [22m[2mrefresh serialization vs logout (no stale resurrection)[2m > [22m[2ma rotation-persist FAILURE preserves prior state and fails closed (no torn pair)
[22m[39m{"src":"tgp-importer","event":"refresh_rotation_persist_failed"}

[90mstderr[2m | test/session-lifecycle.spec.js[2m > [22m[2mrefresh serialization vs logout (no stale resurrection)[2m > [22m[2ma refresh network error returns null and never throws out of refresh
[22m[39m{"src":"tgp-importer","event":"refresh_network_error"}

[90mstderr[2m | test/session-lifecycle.spec.js[2m > [22m[2mrefresh serialization vs logout (no stale resurrection)[2m > [22m[2ma refresh that times out returns null (bounded, never hangs)
[22m[39m{"src":"tgp-importer","event":"refresh_timeout"}

[90mstderr[2m | test/session-lifecycle.spec.js[2m > [22m[2mrefresh serialization vs logout (no stale resurrection)[2m > [22m[2ma malformed refresh body returns null (explicit parse, fail closed)
[22m[39m{"src":"tgp-importer","event":"refresh_body_parse_error"}

 [32m✓[39m test/session-lifecycle.spec.js [2m([22m[2m15 tests[22m[2m)[22m[32m 47[2mms[22m[39m
[90mstderr[2m | test/session-refresh-path.spec.js[2m > [22m[2mno refresh-token persistence regression[2m > [22m[2mkeeps the stored token when the network call rejects
[22m[39m{"src":"tgp-importer","event":"refresh_network_error"}

[90mstderr[2m | test/session-refresh-path.spec.js[2m > [22m[2mno refresh-token persistence regression[2m > [22m[2mkeeps the stored token when the response body is unparseable
[22m[39m{"src":"tgp-importer","event":"refresh_body_parse_error"}

 [32m✓[39m test/session-refresh-path.spec.js [2m([22m[2m19 tests[22m[2m)[22m[32m 33[2mms[22m[39m
 [32m✓[39m test/refresh-admission-epoch.spec.js [2m([22m[2m5 tests[22m[2m)[22m[32m 64[2mms[22m[39m
 [32m✓[39m test/ingest-auth.spec.js [2m([22m[2m4 tests[22m[2m)[22m[32m 69[2mms[22m[39m
 [32m✓[39m test/refresh-coalesce.spec.js [2m([22m[2m1 test[22m[2m)[22m[32m 44[2mms[22m[39m

[2m Test Files [22m [1m[32m10 passed[39m[22m[90m (10)[39m
[2m      Tests [22m [1m[32m113 passed[39m[22m[90m (113)[39m
[2m   Start at [22m 00:01:25
[2m   Duration [22m 51.39s[2m (transform 261ms, setup 0ms, import 274ms, tests 49.91s, environment 1ms)[22m

[2026-09-22T00:02:17Z] 03-vitest-focused exit=0
[2026-09-22T00:02:17Z] 04-vitest-full wt=/home/user/workspace/worktrees/s4-r4 head=2bcf1563d85bc2109e99805e4ce1b06fce4dcdb3 tree=3e23f91824689d1f179a116af948eae0ed5ae170 dirty_paths=0 diff_sha256=e3b0c44298fc1c149afbf4c8996fb92427ae41e4649b934ca495991b7852b855 cmd: npm test

> tgp-importer-extension@0.3.0-rc.1 test
> vitest run --passWithNoTests=false


[1m[30m[46m RUN [49m[39m[22m [36mv4.1.11 [39m[90m/home/user/workspace/worktrees/s4-r4[39m

 [32m✓[39m test/replay-blueprint.spec.js [2m([22m[2m227 tests[22m[2m)[22m[32m 55[2mms[22m[39m
 [32m✓[39m test/replay-engine.spec.js [2m([22m[2m50 tests[22m[2m)[22m[32m 58[2mms[22m[39m
 [32m✓[39m test/policy-gates.spec.js [2m([22m[2m106 tests[22m[2m)[22m[33m 83562[2mms[22m[39m
     [33m[2m✓[22m[39m rejects production reference: import "./test/fixtures/customer.json"; [33m 562[2mms[22m[39m
     [33m[2m✓[22m[39m rejects production reference: import value from "./fixtures/customer.js"; [33m 503[2mms[22m[39m
     [33m[2m✓[22m[39m rejects production reference: import("./__mocks__/customer.js"); [33m 500[2mms[22m[39m
     [33m[2m✓[22m[39m rejects production reference: const value = require("./mocks/customer.js"); [33m 508[2mms[22m[39m
     [33m[2m✓[22m[39m rejects production reference: import {
 value
} from "./test/fixtures/customer.js"; [33m 489[2mms[22m[39m
     [33m[2m✓[22m[39m rejects production reference: const value = require(`./fixtures/customer.js`); [33m 484[2mms[22m[39m
     [33m[2m✓[22m[39m rejects production reference: import(`./fixtures/customer.js`, { with: { type: "json" } }); [33m 502[2mms[22m[39m
     [33m[2m✓[22m[39m rejects production reference: import/* keep */"./mocks/customer.js"; [33m 478[2mms[22m[39m
     [33m[2m✓[22m[39m rejects production reference: const value = require (/* keep */ "./mocks/customer.js"); [33m 477[2mms[22m[39m
     [33m[2m✓[22m[39m rejects production reference: import value from "./fixtures/customer.json" with { type: "json" }; [33m 490[2mms[22m[39m
     [33m[2m✓[22m[39m rejects production reference: import("./test/fixt\u0075res/customer.js"); [33m 486[2mms[22m[39m
     [33m[2m✓[22m[39m rejects production reference: import("./test/" + "fixtures/customer.js"); [33m 496[2mms[22m[39m
     [33m[2m✓[22m[39m rejects production reference: import(`./${"fixtures"}/customer.js`); [33m 532[2mms[22m[39m
     [33m[2m✓[22m[39m rejects production reference: import(`./test/${"fixtures"}/customer.js`); [33m 518[2mms[22m[39m
     [33m[2m✓[22m[39m rejects production reference: const p = "./fixtures/customer.js"; import(p); [33m 532[2mms[22m[39m
     [33m[2m✓[22m[39m rejects production reference: import(String.raw`./fixtures/customer.js`); [33m 517[2mms[22m[39m
     [33m[2m✓[22m[39m rejects production reference: import(String.raw`./test/fixt${"ures"}/customer.js`); [33m 505[2mms[22m[39m
     [33m[2m✓[22m[39m rejects production reference: import(String.raw`./test/${`fixt${"ures"}`}/customer.js`); [33m 493[2mms[22m[39m
     [33m[2m✓[22m[39m accepts ordinary production imports [33m 492[2mms[22m[39m
     [33m[2m✓[22m[39m resolves shadowed const fixture paths in their lexical functions [33m 479[2mms[22m[39m
     [33m[2m✓[22m[39m rejects forbidden marker const state = 'STUB'; [33m 509[2mms[22m[39m
     [33m[2m✓[22m[39m rejects forbidden marker fetch('http://localhost:3000/api'); [33m 507[2mms[22m[39m
     [33m[2m✓[22m[39m rejects forbidden marker fetch('https://example.com/api'); [33m 490[2mms[22m[39m
     [33m[2m✓[22m[39m rejects forbidden marker const key = 'pk_test_123'; [33m 551[2mms[22m[39m
     [33m[2m✓[22m[39m rejects forbidden marker const state = 'MOCK'; [33m 493[2mms[22m[39m
     [33m[2m✓[22m[39m rejects forbidden marker const state = 'FAKE'; [33m 483[2mms[22m[39m
     [33m[2m✓[22m[39m rejects forbidden marker const state = 'PLACEHOLDER'; [33m 504[2mms[22m[39m
     [33m[2m✓[22m[39m rejects forbidden marker fetch('http://127.0.0.1:8080/api'); [33m 492[2mms[22m[39m
     [33m[2m✓[22m[39m rejects forbidden marker const state = "MO" + "CK"; [33m 516[2mms[22m[39m
     [33m[2m✓[22m[39m rejects forbidden marker const host = "http://127.0.0." + "1:8080"; [33m 508[2mms[22m[39m
     [33m[2m✓[22m[39m rejects forbidden marker const state = ['M','O','C','K'].join(''); [33m 508[2mms[22m[39m
     [33m[2m✓[22m[39m rejects forbidden marker const state = `M${"O"}CK`; [33m 512[2mms[22m[39m
     [33m[2m✓[22m[39m rejects forbidden marker const state = `MO${"CK"}`; [33m 514[2mms[22m[39m
     [33m[2m✓[22m[39m rejects forbidden marker const state = "\u004dOCK"; [33m 576[2mms[22m[39m
     [33m[2m✓[22m[39m rejects forbidden marker const left = "MO"; const state = left + "CK"; [33m 516[2mms[22m[39m
     [33m[2m✓[22m[39m rejects forbidden marker const state = String.fromCharCode(77, 79, 67, 75); [33m 496[2mms[22m[39m
     [33m[2m✓[22m[39m rejects forbidden marker const state = ["m", "o", "c", "k"].map((x) => x.toUpperCase()).join(""); [33m 534[2mms[22m[39m
     [33m[2m✓[22m[39m rejects forbidden marker const state = ["M", ...["O", "C"], "K"].join(""); [33m 540[2mms[22m[39m
     [33m[2m✓[22m[39m accepts defensive localhost text but reports only a static preflight [33m 518[2mms[22m[39m
     [33m[2m✓[22m[39m rejects an unwired or missing background entrypoint [33m 2025[2mms[22m[39m
     [33m[2m✓[22m[39m resolves shadowed composed markers in their lexical functions [33m 500[2mms[22m[39m
     [33m[2m✓[22m[39m rejects a banned addition in test/r75-mutant.ts [33m 1288[2mms[22m[39m
     [33m[2m✓[22m[39m rejects a banned addition in src/type-assertion.ts [33m 1326[2mms[22m[39m
     [33m[2m✓[22m[39m rejects a banned addition in src/r75-mutant.jsx [33m 1424[2mms[22m[39m
     [33m[2m✓[22m[39m rejects a banned addition in src/multiline.ts [33m 1274[2mms[22m[39m
     [33m[2m✓[22m[39m rejects a banned addition in src/comment.ts [33m 1393[2mms[22m[39m
     [33m[2m✓[22m[39m rejects a banned addition in src/catch.ts [33m 1397[2mms[22m[39m
     [33m[2m✓[22m[39m rejects a banned addition in src/catch-comment.ts [33m 1365[2mms[22m[39m
     [33m[2m✓[22m[39m rejects a banned addition in src/url.ts [33m 1307[2mms[22m[39m
     [33m[2m✓[22m[39m rejects a banned addition in src/string-comment.ts [33m 1324[2mms[22m[39m
     [33m[2m✓[22m[39m rejects a banned addition in src/string-block.ts [33m 1334[2mms[22m[39m
     [33m[2m✓[22m[39m rejects a banned addition in src/regex.ts [33m 1372[2mms[22m[39m
     [33m[2m✓[22m[39m rejects a banned addition in src/function.ts [33m 1362[2mms[22m[39m
     [33m[2m✓[22m[39m rejects a banned addition in src/empty-statement.ts [33m 1335[2mms[22m[39m
     [33m[2m✓[22m[39m rejects a banned addition in src/parenthesized.ts [33m 1292[2mms[22m[39m
     [33m[2m✓[22m[39m rejects a banned addition in src/void.ts [33m 1294[2mms[22m[39m
     [33m[2m✓[22m[39m does not mistake banned-looking string contents for executable syntax [33m 1339[2mms[22m[39m
     [33m[2m✓[22m[39m parses a changed line together with unchanged multiline context [33m 1359[2mms[22m[39m
     [33m[2m✓[22m[39m does not let a same-file removal mask an unrelated banned addition [33m 1295[2mms[22m[39m
     [33m[2m✓[22m[39m does not cancel identical findings between named functions [33m 1270[2mms[22m[39m
     [33m[2m✓[22m[39m does not cancel identical findings between assigned arrow functions [33m 1338[2mms[22m[39m
     [33m[2m✓[22m[39m does not cancel identical findings between anonymous callbacks [33m 1343[2mms[22m[39m
     [33m[2m✓[22m[39m preserves a callback finding across sibling insertions at every position [33m 1331[2mms[22m[39m
     [33m[2m✓[22m[39m does not cancel nested findings under different outer callbacks [33m 1299[2mms[22m[39m
     [33m[2m✓[22m[39m preserves a finding across harmless edits elsewhere in its callback [33m 1827[2mms[22m[39m
     [33m[2m✓[22m[39m preserves a finding when surrounding callback statements are deleted [33m 1843[2mms[22m[39m
     [33m[2m✓[22m[39m tracks callbacks with different bodies at the same call site independently [33m 1850[2mms[22m[39m
     [33m[2m✓[22m[39m rejects a duplicate-path transfer when surrounding statements swap [33m 1908[2mms[22m[39m
     [33m[2m✓[22m[39m preserves a duplicate-path finding when complete callbacks reorder [33m 1891[2mms[22m[39m
     [33m[2m✓[22m[39m rejects a new finding in a third duplicate-path callback [33m 1788[2mms[22m[39m
     [33m[2m✓[22m[39m does not collide duplicate and nested function names [33m 1863[2mms[22m[39m
     [33m[2m✓[22m[39m preserves grandfathered findings across a pure rename [33m 1864[2mms[22m[39m
     [33m[2m✓[22m[39m treats the hostile filename "evil$(touch PWNED).ts" only as data [33m 1561[2mms[22m[39m
     [33m[2m✓[22m[39m treats the hostile filename "evil`touch PWNED`.ts" only as data [33m 1288[2mms[22m[39m
     [33m[2m✓[22m[39m treats the hostile filename "evil\"quote.ts" only as data [33m 1295[2mms[22m[39m
     [33m[2m✓[22m[39m treats the hostile filename "evil'quote.ts" only as data [33m 1386[2mms[22m[39m
     [33m[2m✓[22m[39m treats the hostile filename "evil\nnewline.ts" only as data [33m 1314[2mms[22m[39m
     [33m[2m✓[22m[39m treats the hostile filename "-leading-dash.ts" only as data [33m 1355[2mms[22m[39m
     [33m[2m✓[22m[39m treats the hostile filename "evil;&|<>.ts" only as data [33m 1317[2mms[22m[39m
     [33m[2m✓[22m[39m checks merge-commit author and committer identity [33m 1588[2mms[22m[39m
     [33m[2m✓[22m[39m rejects a semantic error in test JavaScript through both entrypoints [33m 3379[2mms[22m[39m
 [32m✓[39m test/blueprint-input.spec.js [2m([22m[2m132 tests[22m[2m)[22m[32m 54[2mms[22m[39m
[90mstderr[2m | test/ingest-settlement.spec.js[2m > [22m[2msource auth loss — the started intent is still settled[2m > [22m[2mdoes not let a failed settlement mask the source failure
[22m[39m{"src":"tgp-importer","event":"settlement_network_error"}

 [32m✓[39m test/ingest-settlement.spec.js [2m([22m[2m21 tests[22m[2m)[22m[33m 13085[2mms[22m[39m
     [33m[2m✓[22m[39m does not re-settle a rejected complete as failed [33m 1010[2mms[22m[39m
     [33m[2m✓[22m[39m logs when the settlement POST fails on an engine-RETURNED failure, not just a throw [33m 1515[2mms[22m[39m
     [33m[2m✓[22m[39m settles success after one 401 + refresh + retry on the complete POST [33m 1012[2mms[22m[39m
     [33m[2m✓[22m[39m does not double-settle or break settlement-before-broadcast ordering on that retry [33m 1015[2mms[22m[39m
     [33m[2m✓[22m[39m still surfaces ingest_failed if the retried complete also 401s (no refresh available) [33m 1012[2mms[22m[39m
     [33m[2m✓[22m[39m routes to pairing without posting a complete it cannot authenticate [33m 3020[2mms[22m[39m
     [33m[2m✓[22m[39m flushes the final counts before settling a run that threw [33m 1024[2mms[22m[39m
     [33m[2m✓[22m[39m carries the committed counts on that final flush, not a reset [33m 1024[2mms[22m[39m
     [33m[2m✓[22m[39m still settles when every progress post is rejected [33m 1013[2mms[22m[39m
     [33m[2m✓[22m[39m puts no token material on that final flush [33m 1016[2mms[22m[39m
 [32m✓[39m test/auth-body-deadline.spec.js [2m([22m[2m24 tests[22m[2m)[22m[32m 72[2mms[22m[39m
[90mstderr[2m | test/ingest-complete-contract.spec.js[2m > [22m[2mingest/complete — required terminal_status[2m > [22m[2mstill surfaces the source failure to the coach when the settlement itself fails
[22m[39m{"src":"tgp-importer","event":"settlement_network_error"}

 [32m✓[39m test/ingest-complete-contract.spec.js [2m([22m[2m24 tests[22m[2m)[22m[33m 18957[2mms[22m[39m
     [33m[2m✓[22m[39m sends terminal_status success for a populated clean walk [33m 1052[2mms[22m[39m
     [33m[2m✓[22m[39m uses the backend's enum member 'success', never the engine's word 'complete' [33m 1010[2mms[22m[39m
     [33m[2m✓[22m[39m still surfaces the source failure to the coach when the settlement itself fails [33m 1515[2mms[22m[39m
     [33m[2m✓[22m[39m never sends `platform` (not on ScoutCompleteDto, so forbidNonWhitelisted 400s) [33m 1011[2mms[22m[39m
     [33m[2m✓[22m[39m sends only fields declared on ScoutCompleteDto [33m 1020[2mms[22m[39m
     [33m[2m✓[22m[39m carries the run's intent_id [33m 1011[2mms[22m[39m
     [33m[2m✓[22m[39m reports final_counts and omits error_summary on a clean success [33m 1012[2mms[22m[39m
     [33m[2m✓[22m[39m never reports pages or a bare total as if they were entity types [33m 1019[2mms[22m[39m
     [33m[2m✓[22m[39m keeps a zero-yield entity type visible in the tally [33m 1009[2mms[22m[39m
     [33m[2m✓[22m[39m posts complete with the TGP bearer, as JSON [33m 1010[2mms[22m[39m
     [33m[2m✓[22m[39m says staged, not migration complete, for a clean populated walk [33m 1011[2mms[22m[39m
     [33m[2m✓[22m[39m posts progress with the DTO field names during a real run [33m 1014[2mms[22m[39m
     [33m[2m✓[22m[39m mints and persists a non-secret device id in local storage [33m 1010[2mms[22m[39m
     [33m[2m✓[22m[39m reuses the persisted device id across runs rather than minting a new one [33m 2021[2mms[22m[39m
     [33m[2m✓[22m[39m does not fail the import when every progress post is rejected [33m 1013[2mms[22m[39m
     [33m[2m✓[22m[39m does not fail the import when the device id cannot be read or persisted [33m 1012[2mms[22m[39m
     [33m[2m✓[22m[39m never puts token material on the progress wire [33m 1017[2mms[22m[39m
 [32m✓[39m test/capture.spec.js [2m([22m[2m33 tests[22m[2m)[22m[32m 26[2mms[22m[39m
[90mstderr[2m | test/start-import.spec.js[2m > [22m[2mstart_import — source auth loss fails closed without a TGP logout[2m > [22m[2mmaps a source 401 to a source-specific failure and keeps the TGP tokens
[22m[39m{"src":"tgp-importer","event":"settlement_network_error"}

[90mstderr[2m | test/start-import.spec.js[2m > [22m[2mstart_import — source auth loss fails closed without a TGP logout[2m > [22m[2mmaps a source 403 the same way (forbidden is also a source auth loss)
[22m[39m{"src":"tgp-importer","event":"settlement_network_error"}

[90mstderr[2m | test/start-import.spec.js[2m > [22m[2mstart_import — a non-auth source error fails the run without a re-pair[2m > [22m[2msurfaces a source 500 as a generic ingest failure (NOT a sign-in prompt)
[22m[39m{"src":"tgp-importer","event":"settlement_network_error"}

[90mstderr[2m | test/start-import.spec.js[2m > [22m[2mstart_import — an absent source token sends no Authorization header[2m > [22m[2momits Authorization entirely when the producer yields no token
[22m[39m{"src":"tgp-importer","event":"refresh_timeout"}

 [32m✓[39m test/start-import.spec.js [2m([22m[2m13 tests[22m[2m)[22m[33m 22707[2mms[22m[39m
     [33m[2m✓[22m[39m authenticates every source request, ingests, completes, and succeeds [33m 1013[2mms[22m[39m
     [33m[2m✓[22m[39m confines the crawl to the observed tab origin (never an off-origin host) [33m 10008[2mms[22m[39m
     [33m[2m✓[22m[39m surfaces a source 500 as a generic ingest failure (NOT a sign-in prompt) [33m 1521[2mms[22m[39m
     [33m[2m✓[22m[39m omits Authorization entirely when the producer yields no token [33m 10013[2mms[22m[39m
 [32m✓[39m test/transfer-outcome-popup.spec.js [2m([22m[2m33 tests[22m[2m)[22m[32m 68[2mms[22m[39m
 [32m✓[39m test/capture-policy.spec.js [2m([22m[2m132 tests[22m[2m)[22m[32m 81[2mms[22m[39m
 [32m✓[39m test/capture-edge.spec.js [2m([22m[2m36 tests[22m[2m)[22m[32m 126[2mms[22m[39m
 [32m✓[39m test/replay-engine-edge.spec.js [2m([22m[2m16 tests[22m[2m)[22m[32m 28[2mms[22m[39m
 [32m✓[39m test/progress-reporter.spec.js [2m([22m[2m36 tests[22m[2m)[22m[32m 22[2mms[22m[39m
 [32m✓[39m test/blueprint-shapes.spec.js [2m([22m[2m60 tests[22m[2m)[22m[32m 22[2mms[22m[39m
 [32m✓[39m test/capture-buffer.spec.js [2m([22m[2m65 tests[22m[2m)[22m[32m 75[2mms[22m[39m
 [32m✓[39m test/blueprint-url-templates.spec.js [2m([22m[2m54 tests[22m[2m)[22m[32m 21[2mms[22m[39m
 [32m✓[39m test/ingest-legacy-settlement.spec.js [2m([22m[2m10 tests[22m[2m)[22m[33m 30718[2mms[22m[39m
     [33m[2m✓[22m[39m settles terminal_status partial, not success, and shows the coach ingest_empty [33m 4064[2mms[22m[39m
     [33m[2m✓[22m[39m carries an error_summary telling the coach to verify, and an empty tally [33m 4017[2mms[22m[39m
     [33m[2m✓[22m[39m sends only ScoutCompleteDto fields and no token material [33m 4018[2mms[22m[39m
     [33m[2m✓[22m[39m does not raise an OS notification claiming the import completed [33m 4021[2mms[22m[39m
     [33m[2m✓[22m[39m settles success with final_counts keyed by entity type [33m 4048[2mms[22m[39m
     [33m[2m✓[22m[39m tallies exactly what the backend acked, summed per entity type [33m 4010[2mms[22m[39m
     [33m[2m✓[22m[39m carries no error_summary when records did come across [33m 4006[2mms[22m[39m
     [33m[2m✓[22m[39m fails the run rather than settling a tally that includes an unacked batch [33m 508[2mms[22m[39m
     [33m[2m✓[22m[39m carries the already-ACKed tally into the failure settlement, not an omission [33m 1511[2mms[22m[39m
     [33m[2m✓[22m[39m omits final_counts (rather than sending an empty object) when nothing was ACKed yet [33m 512[2mms[22m[39m
 [32m✓[39m test/start-import-hardening.spec.js [2m([22m[2m7 tests[22m[2m)[22m[33m 4646[2mms[22m[39m
     [33m[2m✓[22m[39m keeps the token out of broadcasts, storage, notifications, and ingest payloads [33m 1048[2mms[22m[39m
     [33m[2m✓[22m[39m reports ingest_failed and never broadcasts success when complete returns 500 [33m 1013[2mms[22m[39m
     [33m[2m✓[22m[39m finalises but reports ingest_partial (not success) when a page is skipped [33m 2525[2mms[22m[39m
[90mstderr[2m | test/session-ownership.spec.js[2m > [22m[2ma run whose session is replaced mid-refresh (S4-R3-A-02)[2m > [22m[2mstale refresh TIMEOUT after replacement: no clear, no auth_required, run stops
[22m[39m{"src":"tgp-importer","event":"refresh_timeout"}

 [32m✓[39m test/session-ownership.spec.js [2m([22m[2m7 tests[22m[2m)[22m[33m 1132[2mms[22m[39m
     [33m[2m✓[22m[39m replacement with NO 401 at all: the next batch is not sent under the replacement's bearer [33m 1006[2mms[22m[39m
 [32m✓[39m test/replay-truecoach-e2e.spec.js [2m([22m[2m4 tests[22m[2m)[22m[32m 98[2mms[22m[39m
[90mstderr[2m | test/session-lifecycle.spec.js[2m > [22m[2mrefresh serialization vs logout (no stale resurrection)[2m > [22m[2ma rotation-persist FAILURE preserves prior state and fails closed (no torn pair)
[22m[39m{"src":"tgp-importer","event":"refresh_rotation_persist_failed"}

[90mstderr[2m | test/session-lifecycle.spec.js[2m > [22m[2mrefresh serialization vs logout (no stale resurrection)[2m > [22m[2ma refresh network error returns null and never throws out of refresh
[22m[39m{"src":"tgp-importer","event":"refresh_network_error"}

[90mstderr[2m | test/session-lifecycle.spec.js[2m > [22m[2mrefresh serialization vs logout (no stale resurrection)[2m > [22m[2ma refresh that times out returns null (bounded, never hangs)
[22m[39m{"src":"tgp-importer","event":"refresh_timeout"}

[90mstderr[2m | test/session-lifecycle.spec.js[2m > [22m[2mrefresh serialization vs logout (no stale resurrection)[2m > [22m[2ma malformed refresh body returns null (explicit parse, fail closed)
[22m[39m{"src":"tgp-importer","event":"refresh_body_parse_error"}

 [32m✓[39m test/session-lifecycle.spec.js [2m([22m[2m15 tests[22m[2m)[22m[32m 35[2mms[22m[39m
 [32m✓[39m test/replay-state.spec.js [2m([22m[2m42 tests[22m[2m)[22m[32m 16[2mms[22m[39m
 [32m✓[39m test/credential-policy-regression.spec.js [2m([22m[2m60 tests[22m[2m)[22m[32m 29[2mms[22m[39m
 [32m✓[39m test/session-establishment.spec.js [2m([22m[2m19 tests[22m[2m)[22m[32m 128[2mms[22m[39m
 [32m✓[39m test/package-integrity.spec.js [2m([22m[2m15 tests[22m[2m)[22m[32m 286[2mms[22m[39m
 [32m✓[39m test/refresh-admission-epoch.spec.js [2m([22m[2m5 tests[22m[2m)[22m[32m 64[2mms[22m[39m
[90mstderr[2m | test/session-refresh-path.spec.js[2m > [22m[2mno refresh-token persistence regression[2m > [22m[2mkeeps the stored token when the network call rejects
[22m[39m{"src":"tgp-importer","event":"refresh_network_error"}

[90mstderr[2m | test/session-refresh-path.spec.js[2m > [22m[2mno refresh-token persistence regression[2m > [22m[2mkeeps the stored token when the response body is unparseable
[22m[39m{"src":"tgp-importer","event":"refresh_body_parse_error"}

 [32m✓[39m test/session-refresh-path.spec.js [2m([22m[2m19 tests[22m[2m)[22m[32m 39[2mms[22m[39m
 [32m✓[39m test/transfer-outcome-wire.spec.js [2m([22m[2m12 tests[22m[2m)[22m[32m 186[2mms[22m[39m
 [32m✓[39m test/source-fetch-boundary.spec.js [2m([22m[2m16 tests[22m[2m)[22m[32m 149[2mms[22m[39m
 [32m✓[39m test/conformance-alpha.spec.js [2m([22m[2m14 tests[22m[2m)[22m[32m 19[2mms[22m[39m
 [32m✓[39m test/replay-boundary-fix.spec.js [2m([22m[2m82 tests[22m[2m)[22m[32m 38[2mms[22m[39m
[90mstderr[2m | test/pairing.spec.js[2m > [22m[2mfinite timeout + explicit body parsing[2m > [22m[2mmaps a redeem timeout to distinct, user-visible copy (never hangs)
[22m[39m{"src":"tgp-importer","event":"pair_timeout"}

[90mstderr[2m | test/pairing.spec.js[2m > [22m[2mfinite timeout + explicit body parsing[2m > [22m[2mtreats a malformed 2xx body as an unexpected response (explicit map, no silent swallow)
[22m[39m{"src":"tgp-importer","event":"pair_body_parse_error"}

[90mstderr[2m | test/pairing.spec.js[2m > [22m[2mfinite timeout + explicit body parsing[2m > [22m[2mtreats a malformed error body as a generic failure (explicit map)
[22m[39m{"src":"tgp-importer","event":"pair_body_parse_error"}

[90mstderr[2m | test/pairing.spec.js[2m > [22m[2mdegenerate responses fail closed[2m > [22m[2msurfaces a network failure without leaking anything
[22m[39m{"src":"tgp-importer","event":"pair_network_error"}

 [32m✓[39m test/pairing.spec.js [2m([22m[2m20 tests[22m[2m)[22m[32m 20[2mms[22m[39m
 [32m✓[39m test/transfer-outcome-model.spec.js [2m([22m[2m37 tests[22m[2m)[22m[32m 28[2mms[22m[39m
 [32m✓[39m test/replay-backoff.spec.js [2m([22m[2m20 tests[22m[2m)[22m[32m 14[2mms[22m[39m
 [32m✓[39m test/policy-alignment.spec.js [2m([22m[2m19 tests[22m[2m)[22m[33m 7959[2mms[22m[39m
     [33m[2m✓[22m[39m checks a large source-only change: clean [33m 1264[2mms[22m[39m
     [33m[2m✓[22m[39m checks a large source-only change: silent catch [33m 1447[2mms[22m[39m
     [33m[2m✓[22m[39m checks a large source-only change: dependency pin [33m 1366[2mms[22m[39m
     [33m[2m✓[22m[39m checks a large source-only change: author [33m 1341[2mms[22m[39m
     [33m[2m✓[22m[39m checks a large source-only change: committer [33m 1385[2mms[22m[39m
 [32m✓[39m test/popup-start-import.spec.js [2m([22m[2m12 tests[22m[2m)[22m[32m 25[2mms[22m[39m
 [32m✓[39m test/ingest-acknowledgement.spec.js [2m([22m[2m17 tests[22m[2m)[22m[32m 229[2mms[22m[39m
 [32m✓[39m test/replay-pagination-outcome.spec.js [2m([22m[2m9 tests[22m[2m)[22m[33m 319[2mms[22m[39m
 [32m✓[39m test/replay-empty-outcome.spec.js [2m([22m[2m10 tests[22m[2m)[22m[32m 10[2mms[22m[39m
 [32m✓[39m test/net.spec.js [2m([22m[2m11 tests[22m[2m)[22m[32m 14[2mms[22m[39m
 [32m✓[39m test/replay-entity-counts.spec.js [2m([22m[2m6 tests[22m[2m)[22m[32m 9[2mms[22m[39m
 [32m✓[39m test/content-entrypoint.spec.js [2m([22m[2m7 tests[22m[2m)[22m[32m 15[2mms[22m[39m
 [32m✓[39m test/capture-fixtures.spec.js [2m([22m[2m4 tests[22m[2m)[22m[32m 14[2mms[22m[39m
 [32m✓[39m test/replay-truecoach-blueprint.spec.js [2m([22m[2m11 tests[22m[2m)[22m[32m 9[2mms[22m[39m
 [32m✓[39m test/router-principal-gate.spec.js [2m([22m[2m9 tests[22m[2m)[22m[32m 126[2mms[22m[39m
 [32m✓[39m test/net-retry-after.spec.js [2m([22m[2m29 tests[22m[2m)[22m[32m 25[2mms[22m[39m
 [32m✓[39m test/content-collector.spec.js [2m([22m[2m10 tests[22m[2m)[22m[32m 14[2mms[22m[39m
 [32m✓[39m test/storage-policy.spec.js [2m([22m[2m5 tests[22m[2m)[22m[32m 8[2mms[22m[39m
 [32m✓[39m test/replay-array-boundary.spec.js [2m([22m[2m24 tests[22m[2m)[22m[32m 20[2mms[22m[39m
 [32m✓[39m test/ingest-auth.spec.js [2m([22m[2m4 tests[22m[2m)[22m[32m 55[2mms[22m[39m
 [32m✓[39m test/capture-lifecycle.spec.js [2m([22m[2m6 tests[22m[2m)[22m[32m 15[2mms[22m[39m
 [32m✓[39m test/blueprint-c2a-fixture.spec.js [2m([22m[2m5 tests[22m[2m)[22m[32m 15[2mms[22m[39m
 [32m✓[39m test/capture-extra.spec.js [2m([22m[2m13 tests[22m[2m)[22m[32m 11[2mms[22m[39m
 [32m✓[39m test/replay-lastskip.spec.js [2m([22m[2m4 tests[22m[2m)[22m[32m 8[2mms[22m[39m
 [32m✓[39m test/replay-resolve.spec.js [2m([22m[2m8 tests[22m[2m)[22m[32m 8[2mms[22m[39m
 [32m✓[39m test/ingest-envelope.spec.js [2m([22m[2m6 tests[22m[2m)[22m[32m 6[2mms[22m[39m
 [32m✓[39m test/protocol.spec.js [2m([22m[2m7 tests[22m[2m)[22m[32m 5[2mms[22m[39m
 [32m✓[39m test/log.spec.js [2m([22m[2m4 tests[22m[2m)[22m[32m 6[2mms[22m[39m
 [32m✓[39m test/popup-staging.spec.js [2m([22m[2m2 tests[22m[2m)[22m[32m 11[2mms[22m[39m
 [32m✓[39m test/ingest-timeout-bound.spec.js [2m([22m[2m3 tests[22m[2m)[22m[32m 5[2mms[22m[39m
 [32m✓[39m test/refresh-coalesce.spec.js [2m([22m[2m1 test[22m[2m)[22m[32m 38[2mms[22m[39m
 [32m✓[39m test/ingest-ack-cancellation.spec.js [2m([22m[2m1 test[22m[2m)[22m[32m 27[2mms[22m[39m
 [32m✓[39m test/pair-ui-catch.spec.js [2m([22m[2m1 test[22m[2m)[22m[32m 3[2mms[22m[39m

[2m Test Files [22m [1m[32m64 passed[39m[22m[90m (64)[39m
[2m      Tests [22m [1m[32m1714 passed[39m[22m[90m (1714)[39m
[2m   Start at [22m 00:02:18
[2m   Duration [22m 196.18s[2m (transform 1.04s, setup 0ms, import 2.97s, tests 185.67s, environment 7ms)[22m

[2026-09-22T00:05:34Z] 04-vitest-full exit=0
[2026-09-22T00:05:34Z] 05-gitleaks-install wt=/home/user/workspace/worktrees/s4-r4 head=2bcf1563d85bc2109e99805e4ce1b06fce4dcdb3 tree=3e23f91824689d1f179a116af948eae0ed5ae170 dirty_paths=0 diff_sha256=e3b0c44298fc1c149afbf4c8996fb92427ae41e4649b934ca495991b7852b855 cmd: bash scripts/install-gitleaks.sh /home/user/.local/tgp-gitleaks
Installed checksum-verified gitleaks 8.30.0; add /home/user/.local/tgp-gitleaks to PATH.
[2026-09-22T00:05:35Z] 05-gitleaks-install exit=0
[2026-09-22T00:05:35Z] 06-gates wt=/home/user/workspace/worktrees/s4-r4 head=2bcf1563d85bc2109e99805e4ce1b06fce4dcdb3 tree=3e23f91824689d1f179a116af948eae0ed5ae170 dirty_paths=0 diff_sha256=e3b0c44298fc1c149afbf4c8996fb92427ae41e4649b934ca495991b7852b855 cmd: npm run gates

> tgp-importer-extension@0.3.0-rc.1 gates
> npm run check:banned && npm run check:flags && npm run check:fixtures && npm run check:production-preflight && npm run check:hooks && npm run lint && npm run type-check && npm run format:check


> tgp-importer-extension@0.3.0-rc.1 check:banned
> node scripts/check-banned.mjs

OK: banned-token net clean (source patterns + main commit identity)

> tgp-importer-extension@0.3.0-rc.1 check:flags
> node scripts/check-flag-discipline.mjs

flag discipline — PAIRING_ENABLED=true (sole auth path)
OK: sole auth path is enabled — no dark-merged dead-end

> tgp-importer-extension@0.3.0-rc.1 check:fixtures
> node scripts/check-production-fixtures.mjs

production fixture exclusion — scanned=44 violations=0
OK: production modules do not reference test fixtures or mocks

> tgp-importer-extension@0.3.0-rc.1 check:production-preflight
> node scripts/check-deploy-readiness.mjs

PRODUCTION STATIC PREFLIGHT (manifest, entrypoint, markers only)
PASS  manifest-v3
PASS  background-worker-declared
PASS  background-worker-exists
PASS  version-format
PASS  forbidden-production-markers
EXIT: STATIC PREFLIGHT CHECKS CLEAR

> tgp-importer-extension@0.3.0-rc.1 check:hooks
> node scripts/check-hook-config.mjs

OK: pinned pre-commit hook semantically checks the effective 116-file production/test/scripts set and formatting

> tgp-importer-extension@0.3.0-rc.1 lint
> eslint --max-warnings=0 --config scripts/eslint.config.mjs .


> tgp-importer-extension@0.3.0-rc.1 type-check
> tsc -p jsconfig.json && tsc -p jsconfig.scripts.json


> tgp-importer-extension@0.3.0-rc.1 format:check
> node scripts/check-format.mjs

OK: Prettier checked 51 tracked files with no ignored or unformatted file
[2026-09-22T00:06:05Z] 06-gates exit=0
[2026-09-22T00:06:06Z] 07-probe-stale-reject-candidate wt=/home/user/workspace/worktrees/s4-r4 head=2bcf1563d85bc2109e99805e4ce1b06fce4dcdb3 tree=3e23f91824689d1f179a116af948eae0ed5ae170 dirty_paths=0 diff_sha256=e3b0c44298fc1c149afbf4c8996fb92427ae41e4649b934ca495991b7852b855 cmd: node /home/user/workspace/execution/s4-r4/scripts/stale-caller-probe.mjs /home/user/workspace/worktrees/s4-r4 reject
{
  "probe": "stale-caller (S4-R3-A-02) mode=reject",
  "root": "/home/user/workspace/worktrees/s4-r4",
  "head": "2bcf1563d85bc2109e99805e4ce1b06fce4dcdb3",
  "node": "v20.20.1",
  "actualNetwork": false,
  "replacementAcknowledgement": {
    "ok": true
  },
  "immediatelyAfterReplacement": [
    [
      "tgp_refresh_token",
      "NEW_SYNTHETIC_REFRESH"
    ]
  ],
  "afterStaleCallerSettled": [
    [
      "tgp_refresh_token",
      "NEW_SYNTHETIC_REFRESH"
    ]
  ],
  "finalSession": {
    "ok": true,
    "hasSession": true
  },
  "authRequiredCount": 0,
  "lastSnapshot": {
    "kind": "status_snapshot",
    "intent": {
      "intentId": "imp-1790035566221",
      "platform": "truecoach",
      "status": "ingest_failed"
    },
    "progress": [],
    "lastError": "import stopped — your TGP session changed during the import. Start the import again.",
    "pendingTransfer": {
      "entityType": "clients",
      "count": 1
    },
    "workerActive": true
  },
  "calls": [
    {
      "url": "https://app.truecoach.co/proxy/api/clients?per_page=25&page=1",
      "authorization": "Bearer SYNTHETIC_SOURCE"
    },
    {
      "url": "https://api.tgp.coach/api/scout/ingest",
      "authorization": "Bearer OLD_SYNTHETIC_ACCESS"
    },
    {
      "url": "https://api.tgp.coach/api/auth/extension/refresh",
      "authorization": null
    }
  ],
  "pass": true
}
[2026-09-22T00:06:06Z] 07-probe-stale-reject-candidate exit=0
[2026-09-22T00:06:06Z] 08-probe-stale-reject-base wt=/home/user/workspace/worktrees/s4-r4 head=2bcf1563d85bc2109e99805e4ce1b06fce4dcdb3 tree=3e23f91824689d1f179a116af948eae0ed5ae170 dirty_paths=0 diff_sha256=e3b0c44298fc1c149afbf4c8996fb92427ae41e4649b934ca495991b7852b855 cmd: node /home/user/workspace/execution/s4-r4/scripts/stale-caller-probe.mjs /home/user/workspace/execution/s4-r4/artifacts/base-84471e99-export reject
{
  "probe": "stale-caller (S4-R3-A-02) mode=reject",
  "root": "/home/user/workspace/execution/s4-r4/artifacts/base-84471e99-export",
  "head": "84471e99b278e964f7cb3f6bf9c78491064c41b7 (from PROBE_HEAD; exported tree, no .git)",
  "node": "v20.20.1",
  "actualNetwork": false,
  "replacementAcknowledgement": {
    "ok": true
  },
  "immediatelyAfterReplacement": [
    [
      "tgp_refresh_token",
      "NEW_SYNTHETIC_REFRESH"
    ]
  ],
  "afterStaleCallerSettled": [],
  "finalSession": {
    "ok": true,
    "hasSession": false
  },
  "authRequiredCount": 1,
  "lastSnapshot": {
    "kind": "status_snapshot",
    "intent": null,
    "progress": [],
    "lastError": "session expired — please sign in again",
    "workerActive": true
  },
  "calls": [
    {
      "url": "https://app.truecoach.co/proxy/api/clients?per_page=25&page=1",
      "authorization": "Bearer SYNTHETIC_SOURCE"
    },
    {
      "url": "https://api.tgp.coach/api/scout/ingest",
      "authorization": "Bearer OLD_SYNTHETIC_ACCESS"
    },
    {
      "url": "https://api.tgp.coach/api/auth/extension/refresh",
      "authorization": null
    }
  ],
  "pass": false
}
[2026-09-22T00:06:06Z] 08-probe-stale-reject-base exit=1
[08 ok] predecessor fails on the intended A-02 predicate (exit 1, authRequired=1, hasSession=false)
[2026-09-22T00:06:07Z] 09-package wt=/home/user/workspace/worktrees/s4-r4 head=2bcf1563d85bc2109e99805e4ce1b06fce4dcdb3 tree=3e23f91824689d1f179a116af948eae0ed5ae170 dirty_paths=0 diff_sha256=e3b0c44298fc1c149afbf4c8996fb92427ae41e4649b934ca495991b7852b855 cmd: npm run package

> tgp-importer-extension@0.3.0-rc.1 package
> node scripts/package-extension.mjs

packaged 36 files -> /home/user/workspace/worktrees/s4-r4/dist/tgp-importer-extension-0.3.0-rc.1.zip
zip sha256 6fe9a7be4be782e2bb28b77f1f6ef55a89db2c4ab8f3ff8bb966bc9dfed82858 (223016 bytes)
source 2bcf1563d85bc2109e99805e4ce1b06fce4dcdb3
[2026-09-22T00:06:08Z] 09-package exit=0
[09 ok] fresh package tgp-importer-extension-0.3.0-rc.1.zip sha256=6fe9a7be4be782e2bb28b77f1f6ef55a89db2c4ab8f3ff8bb966bc9dfed82858
[2026-09-22T00:06:08Z] 10-browser-proof-positive wt=/home/user/workspace/worktrees/s4-r4 head=2bcf1563d85bc2109e99805e4ce1b06fce4dcdb3 tree=3e23f91824689d1f179a116af948eae0ed5ae170 dirty_paths=0 diff_sha256=e3b0c44298fc1c149afbf4c8996fb92427ae41e4649b934ca495991b7852b855 cmd: node scripts/browser-load-proof.mjs --zip /home/user/workspace/worktrees/s4-r4/dist/tgp-importer-extension-0.3.0-rc.1.zip --out /home/user/workspace/execution/s4-r4/artifacts/browser-proof-positive.json --chrome /home/user/.cache/ms-playwright/chromium-1217/chrome-linux64/chrome
browser load proof aborted: Error: CDP timeout: Browser.getVersion
    at Timeout._onTimeout (file:///home/user/workspace/worktrees/s4-r4/scripts/browser-load-proof.mjs:120:42)
    at listOnTimeout (node:internal/timers:581:17)
    at process.processTimers (node:internal/timers:519:7)
package sha256 6fe9a7be4be782e2bb28b77f1f6ef55a89db2c4ab8f3ff8bb966bc9dfed82858; evidence /home/user/workspace/execution/s4-r4/artifacts/browser-proof-positive.json; 1 failed
[2026-09-22T00:06:24Z] 10-browser-proof-positive exit=1
RUN STOPPED at 10-browser-proof-positive: positive step exited 1
