2026-09-26T03:54:49Z ACQUIRED pid=26496 fd9 inode=692282 lslocks=1 donor=/home/user/workspace/worktrees/1910a060-s8f/node_modules prefix=/home/user/workspace/execution/1910a060/runtime/tools/prettier-3.9.9 base=5407efae319fd913e973c87f3be0d49786c4a3e0
2026-09-26T03:54:49Z node=v20.20.1 npm=10.8.2
27125 /bin/sh /usr/bin/git rev-parse HEAD:prisma/migrations
27142 /bin/sh /usr/bin/git status --porcelain --untracked-files=all -- prisma package.json package-lock.json
2026-09-26T03:54:52Z WARN other heavy processes present (recorded)
2026-09-26T03:54:52Z DONOR_HEAD=e1ec2fecb71f315b6721d426ba0dacb84f304498 DONOR_HIDDEN_LOCK=05bc530aa44bfa6df64f0daa8edb66c5181abf4bfbc309bd8da2c8aff37b6a44 DONOR_CLIENT_INDEX_DTS=9042e713ba5678c99959a345b7b18a60dfc186b2c7d890b8d9c3ed5c8f4edcc6 DONOR_CLIENT_SCHEMA=b84392033ab86776533007505c31f57930307a210844067a7407ed20d25abf3e DONOR_ENTRIES=649
2026-09-26T03:55:11Z CP_A rc=0 secs=19 NM_ENTRIES=649 NM_HIDDEN_LOCK=05bc530aa44bfa6df64f0daa8edb66c5181abf4bfbc309bd8da2c8aff37b6a44 NM_CLIENT_INDEX_DTS=9042e713ba5678c99959a345b7b18a60dfc186b2c7d890b8d9c3ed5c8f4edcc6
2026-09-26T03:55:11Z NM_CLIENT_INDEX_DTS=9042e713ba5678c99959a345b7b18a60dfc186b2c7d890b8d9c3ed5c8f4edcc6 NM_CLIENT_SCHEMA=b84392033ab86776533007505c31f57930307a210844067a7407ed20d25abf3e
2026-09-26T03:55:11Z LEFTHOOK_VERSION=2.1.9
2026-09-26T03:55:12Z LEFTHOOK_INSTALL rc=0
2026-09-26T03:55:12Z LEFTHOOK_VERSION_CHECK=2.1.9 expect=2.1.9
2026-09-26T03:55:12Z HOOK_RAW own pre-commit=8a5c2b090fb944889c923a5e0454df5a36e942ecde9e297450d3efbf3f861b0c commit-msg=8d1bdcbc055f7e719acbbc22856f0532eb67f9f0094fce27c8b87a10bbd96a3e | ref(/home/user/workspace/worktrees/1910a060-s8f) pre-commit=e21bece648d1a2a72fa38e1323dc61d3558e349ff25f764d1c98b494f8af06b1 commit-msg=277018c46292e87a96e872b68fc792b09f7e1359cafd7ec891ae1586387160b9
2026-09-26T03:55:12Z HOOK_NORMALIZED own pre-commit=9dcf80f409a026d9d672c015b6356ff3983f08a0541d2283b58c3fb1af5c0298 commit-msg=4ab9b41920737c96c2b28aba37fbf9d30024fc79e0e8cf5d1860303ff2e69f87 | ref pre-commit=9dcf80f409a026d9d672c015b6356ff3983f08a0541d2283b58c3fb1af5c0298 commit-msg=4ab9b41920737c96c2b28aba37fbf9d30024fc79e0e8cf5d1860303ff2e69f87
2026-09-26T03:55:12Z HOOK_OK own hooks reference /home/user/workspace/worktrees/d3a9-s9c-r2/node_modules/lefthook-linux-x64/bin/lefthook
2026-09-26T03:55:12Z PREFIX_VERIFY rc=0 ok_lines=56 manifest_lines=56 readlink=../lib/node_modules/prettier/bin/prettier.cjs
2026-09-26T03:55:13Z NPX_PRETTIER_VERSION=3.9.9
2026-09-26T03:55:13Z PREFORMAT docs/contracts/importer-openapi.json sha256=2db3f27f482d4b26012924bbcf14437df7ac62cf834eebeccffc2d6a27665098 lines=2859
2026-09-26T03:55:13Z PREFORMAT src/scout/lifecycle/lifecycle.service.ts sha256=15a5c326a3eadf840330330101699d3f984508519309fc5e278bd267e95a2745 lines=906
2026-09-26T03:55:13Z PREFORMAT src/scout/lifecycle/reason-codes.ts sha256=74f1962ae412dbf80e938b40ec8954f14954c8980cf6f8b389aca0f8b1b92d14 lines=108
2026-09-26T03:55:13Z PREFORMAT src/scout/reconstruct/native/native-rules.ts sha256=1a2bc47cabbb0901975f3e911cf224820154b791dc803fc8b6516c4e3ceecbd5 lines=836
2026-09-26T03:55:13Z PREFORMAT src/scout/scout.dto.ts sha256=02a52db72bf46ddd36420b08c6d5ad73c6d6c61f7d8dc4873ab027623dab756a lines=449
2026-09-26T03:55:13Z PREFORMAT src/scout/scout.module.ts sha256=854e50cf68190031891a7a8139df5592dafb4d7fb4f23810c8356f10780c740c lines=68
2026-09-26T03:55:13Z PREFORMAT src/scout/scout.service.spec.ts sha256=07e947c8eae76b70bd638569213744c0eddbe447856e47870480108cf395a42a lines=1171
2026-09-26T03:55:13Z PREFORMAT src/scout/scout.service.ts sha256=adff9ab7852d73a305f8f34292593443d2af4168c87920a2d8c49012cec06ac3 lines=576
2026-09-26T03:55:13Z PREFORMAT test/contracts/importer-contract.spec.ts sha256=594113ec16095be9fee9829054588e04541831edef010704146dea2207fce5fe lines=1137
2026-09-26T03:55:13Z PREFORMAT test/scout/lifecycle/arbiter.spec.ts sha256=4957155f8f7ef911437d50718e835c93d7869596fbe46f888c31f3f996ae6c02 lines=208
2026-09-26T03:55:13Z PREFORMAT test/scout/lifecycle/lifecycle.service.spec.ts sha256=8e375e7574aa8606e4355725824b938b9b79e089b5e292235f3a128bbb781b3c lines=1245
2026-09-26T03:55:13Z PREFORMAT test/scout/orchestration/settle-hook.spec.ts sha256=397dcb2f8d889af9c2f4a4b53fc334d576fc9a3d655b3a84cf97cda9de435ca2 lines=358
2026-09-26T03:55:13Z PREFORMAT src/scout/lifecycle/reason-domains.ts sha256=1a5e5e1875b14023be43a060ec36497b0362bf22fce7b672b792d0414864140a lines=86
2026-09-26T03:55:13Z PREFORMAT test/rls-g2-s9c.spec.ts sha256=b5558da4f8bb8654b89e1294a745baf05272f31ae28ae9cfb19ce629f834707c lines=617
2026-09-26T03:55:13Z PREFORMAT test/scout/g2-s9c-db-guard.spec.ts sha256=6154b2d0a669ec4723fec0144e6edc652ef8fdc06b158db41e3337b25ef84276 lines=225
2026-09-26T03:55:13Z PREFORMAT test/scout/reconciliation/catalogue-parity.spec.ts sha256=4bc4d12d742796e0d17e91e80d8ab81b17b39c7e9c030fd6ce0066ca8a2d26d4 lines=93
2026-09-26T03:55:13Z PREFORMAT test/utils/g2-s9c-bootstrap.sh sha256=7981e8e3a20151da25f768dc2b388e2e0dec0964110ccd13bbd885ce0d6b757a lines=232
2026-09-26T03:55:13Z PREFORMAT test/utils/g2-s9c-db.ts sha256=d265c9e346b9294def9415f949c41511050cf333ef8eb8f8fa0567091c1aa360 lines=158
2026-09-26T03:55:13Z PREFORMAT test/utils/g2-s9c-harness.ts sha256=4c720422b37de1d4352f720fe24745fea4204f221d7dd33b08d06c22bfce07ca lines=271
2026-09-26T03:55:13Z PREFORMAT test/utils/g2-s9c-pg-harness.ts sha256=ea3e77c6937ff8672041bf5ef226cd0908070bcabd4454200ea12aa503bc3b41 lines=255
2026-09-26T03:55:13Z PREFORMAT test/utils/g2-s9c-worker.cjs sha256=4ef2e3b0b015207e9de00828cb410799ef7f87c3a96a707caf2c5ce37b58e9d6 lines=298
2026-09-26T03:55:13Z PREFORMAT docs/decisions/2026-09-25-s9-reconciliation.md sha256=1e9d724f922ff3c4c2b0142227c7bad04a0d505a3f805a73175645e324bf53ae lines=719
2026-09-26T03:55:13Z PRETTIER_FILES=src/scout/lifecycle/lifecycle.service.ts src/scout/lifecycle/reason-codes.ts src/scout/reconstruct/native/native-rules.ts src/scout/scout.dto.ts src/scout/scout.module.ts src/scout/scout.service.spec.ts src/scout/scout.service.ts test/contracts/importer-contract.spec.ts test/scout/lifecycle/arbiter.spec.ts test/scout/lifecycle/lifecycle.service.spec.ts test/scout/orchestration/settle-hook.spec.ts src/scout/lifecycle/reason-domains.ts test/rls-g2-s9c.spec.ts test/scout/g2-s9c-db-guard.spec.ts test/scout/reconciliation/catalogue-parity.spec.ts test/utils/g2-s9c-db.ts test/utils/g2-s9c-harness.ts test/utils/g2-s9c-pg-harness.ts test/utils/g2-s9c-worker.cjs docs/decisions/2026-09-25-s9-reconciliation.md 
2026-09-26T03:55:15Z PRETTIER_CHECK_1 rc=0
2026-09-26T03:55:15Z POSTFORMAT docs/contracts/importer-openapi.json sha256=2db3f27f482d4b26012924bbcf14437df7ac62cf834eebeccffc2d6a27665098 lines=2859
2026-09-26T03:55:15Z POSTFORMAT src/scout/lifecycle/lifecycle.service.ts sha256=15a5c326a3eadf840330330101699d3f984508519309fc5e278bd267e95a2745 lines=906
2026-09-26T03:55:15Z POSTFORMAT src/scout/lifecycle/reason-codes.ts sha256=74f1962ae412dbf80e938b40ec8954f14954c8980cf6f8b389aca0f8b1b92d14 lines=108
2026-09-26T03:55:15Z POSTFORMAT src/scout/reconstruct/native/native-rules.ts sha256=1a2bc47cabbb0901975f3e911cf224820154b791dc803fc8b6516c4e3ceecbd5 lines=836
2026-09-26T03:55:15Z POSTFORMAT src/scout/scout.dto.ts sha256=02a52db72bf46ddd36420b08c6d5ad73c6d6c61f7d8dc4873ab027623dab756a lines=449
2026-09-26T03:55:15Z POSTFORMAT src/scout/scout.module.ts sha256=854e50cf68190031891a7a8139df5592dafb4d7fb4f23810c8356f10780c740c lines=68
2026-09-26T03:55:15Z POSTFORMAT src/scout/scout.service.spec.ts sha256=07e947c8eae76b70bd638569213744c0eddbe447856e47870480108cf395a42a lines=1171
2026-09-26T03:55:15Z POSTFORMAT src/scout/scout.service.ts sha256=adff9ab7852d73a305f8f34292593443d2af4168c87920a2d8c49012cec06ac3 lines=576
2026-09-26T03:55:15Z POSTFORMAT test/contracts/importer-contract.spec.ts sha256=594113ec16095be9fee9829054588e04541831edef010704146dea2207fce5fe lines=1137
2026-09-26T03:55:15Z POSTFORMAT test/scout/lifecycle/arbiter.spec.ts sha256=4957155f8f7ef911437d50718e835c93d7869596fbe46f888c31f3f996ae6c02 lines=208
2026-09-26T03:55:15Z POSTFORMAT test/scout/lifecycle/lifecycle.service.spec.ts sha256=8e375e7574aa8606e4355725824b938b9b79e089b5e292235f3a128bbb781b3c lines=1245
2026-09-26T03:55:15Z POSTFORMAT test/scout/orchestration/settle-hook.spec.ts sha256=397dcb2f8d889af9c2f4a4b53fc334d576fc9a3d655b3a84cf97cda9de435ca2 lines=358
2026-09-26T03:55:15Z POSTFORMAT src/scout/lifecycle/reason-domains.ts sha256=1a5e5e1875b14023be43a060ec36497b0362bf22fce7b672b792d0414864140a lines=86
2026-09-26T03:55:15Z POSTFORMAT test/rls-g2-s9c.spec.ts sha256=b5558da4f8bb8654b89e1294a745baf05272f31ae28ae9cfb19ce629f834707c lines=617
2026-09-26T03:55:15Z POSTFORMAT test/scout/g2-s9c-db-guard.spec.ts sha256=6154b2d0a669ec4723fec0144e6edc652ef8fdc06b158db41e3337b25ef84276 lines=225
2026-09-26T03:55:15Z POSTFORMAT test/scout/reconciliation/catalogue-parity.spec.ts sha256=4bc4d12d742796e0d17e91e80d8ab81b17b39c7e9c030fd6ce0066ca8a2d26d4 lines=93
2026-09-26T03:55:15Z POSTFORMAT test/utils/g2-s9c-bootstrap.sh sha256=7981e8e3a20151da25f768dc2b388e2e0dec0964110ccd13bbd885ce0d6b757a lines=232
2026-09-26T03:55:15Z POSTFORMAT test/utils/g2-s9c-db.ts sha256=d265c9e346b9294def9415f949c41511050cf333ef8eb8f8fa0567091c1aa360 lines=158
2026-09-26T03:55:15Z POSTFORMAT test/utils/g2-s9c-harness.ts sha256=4c720422b37de1d4352f720fe24745fea4204f221d7dd33b08d06c22bfce07ca lines=271
2026-09-26T03:55:15Z POSTFORMAT test/utils/g2-s9c-pg-harness.ts sha256=ea3e77c6937ff8672041bf5ef226cd0908070bcabd4454200ea12aa503bc3b41 lines=255
2026-09-26T03:55:15Z POSTFORMAT test/utils/g2-s9c-worker.cjs sha256=4ef2e3b0b015207e9de00828cb410799ef7f87c3a96a707caf2c5ce37b58e9d6 lines=298
2026-09-26T03:55:15Z POSTFORMAT docs/decisions/2026-09-25-s9-reconciliation.md sha256=1e9d724f922ff3c4c2b0142227c7bad04a0d505a3f805a73175645e324bf53ae lines=719
2026-09-26T03:55:15Z DOC_DELTA_POSTFORMAT 87/0 (pre-format 87/0; additions may differ only by prettier reflow of Addendum B)
2026-09-26T03:55:18Z ESLINT rc=0 files=19
2026-09-26T03:56:05Z TSC rc=0 lines=0
2026-09-26T03:56:05Z R75_WORKTREE not run: scripts/check-r75.js at BASE has only --mode=staged|range (no worktree mode; S9B-GATE-2 rc=2). R75 is enforced by --mode=staged at STAGE=stage and by the pre-commit hook.
2026-09-26T03:56:35Z CONTRACT_GEN rc=0 Wrote /home/user/workspace/worktrees/d3a9-s9c-r2/docs/contracts/importer-openapi.json (15 paths, 37 schemas) sha256=2db3f27f482d4b26012924bbcf14437df7ac62cf834eebeccffc2d6a27665098
2026-09-26T03:56:35Z CONTRACT_STABLE sha256=2db3f27f482d4b26012924bbcf14437df7ac62cf834eebeccffc2d6a27665098
2026-09-26T03:57:19Z JEST_CONTRACT rc=0
Test Suites: 1 passed, 1 total
Tests:       57 passed, 57 total
2026-09-26T03:58:09Z JEST_TARGETED rc=0 suites_expected=16
Test Suites: 16 passed, 16 total
Tests:       613 passed, 613 total
Snapshots:   0 total
Time:        49.382 s, estimated 51 s
2026-09-26T04:07:24Z JEST_FULL rc=0 secs=555
Test Suites: 12 skipped, 582 passed, 582 of 594 total
Tests:       159 skipped, 5 todo, 9419 passed, 9583 total
Snapshots:   6 passed, 6 total
Time:        554.08 s
2026-09-26T04:07:26Z STAGED_TREE=02e7b312c7a318e80c1e468854ef2555a10e8873
2026-09-26T04:07:26Z STAGED_BLOB docs/contracts/importer-openapi.json 752f9dbe1a6bdee0c20504a35dce60757880d427
2026-09-26T04:07:26Z STAGED_BLOB src/scout/lifecycle/lifecycle.service.ts 11f623061ac32ed9abb5a39620a2daa0ac753b27
2026-09-26T04:07:26Z STAGED_BLOB src/scout/lifecycle/reason-codes.ts 29b744a8c4a6df5bbee15a4b6607b172a45aa619
2026-09-26T04:07:26Z STAGED_BLOB src/scout/reconstruct/native/native-rules.ts ac9186a7340a7d842a7395e9b29a9b74013b1fc7
2026-09-26T04:07:26Z STAGED_BLOB src/scout/scout.dto.ts 49993d35f1361b87decddfad8856c234086b46ea
2026-09-26T04:07:26Z STAGED_BLOB src/scout/scout.module.ts 5cfff73889800e7f115348c9cd8664e6e2d51b83
2026-09-26T04:07:26Z STAGED_BLOB src/scout/scout.service.spec.ts b58b0f281a0724fc8a16ca4cf8e26af0b29b5358
2026-09-26T04:07:27Z STAGED_BLOB src/scout/scout.service.ts 598bd5e03b910746f354fbc538730c527d552e6c
2026-09-26T04:07:27Z STAGED_BLOB test/contracts/importer-contract.spec.ts 8820b2dd4f2d2fc07d6c39a262ccb82287e1b7f6
2026-09-26T04:07:27Z STAGED_BLOB test/scout/lifecycle/arbiter.spec.ts e4b06c97173ac6e60786ee17993165f638687ff6
2026-09-26T04:07:27Z STAGED_BLOB test/scout/lifecycle/lifecycle.service.spec.ts edbc3aa482fd34e87e91361d8fe3176e953c2e05
2026-09-26T04:07:27Z STAGED_BLOB test/scout/orchestration/settle-hook.spec.ts b5bb4b6db12e0626059615d8c920020e47cf372d
2026-09-26T04:07:27Z STAGED_BLOB src/scout/lifecycle/reason-domains.ts 5354128fbc0f70a05d8b726d0fa98dc9c2a8e25c
2026-09-26T04:07:27Z STAGED_BLOB test/rls-g2-s9c.spec.ts c4b4458d134226b9b101832f00fe9a481e15013b
2026-09-26T04:07:27Z STAGED_BLOB test/scout/g2-s9c-db-guard.spec.ts 83c08c9241decdcd539155bad497998475acd9be
2026-09-26T04:07:27Z STAGED_BLOB test/scout/reconciliation/catalogue-parity.spec.ts 6e2c345f7344bc4ad9adcc449cf6c6a35bf6c601
2026-09-26T04:07:27Z STAGED_BLOB test/utils/g2-s9c-bootstrap.sh 1cf3b0a5a14fbf352226780a3c0f01058fea2b6b
2026-09-26T04:07:27Z STAGED_BLOB test/utils/g2-s9c-db.ts ec787d0ed8f5171aca4ca171c6abd9a449d5171c
2026-09-26T04:07:27Z STAGED_BLOB test/utils/g2-s9c-harness.ts fc6a9b4bd90e1f0c64a24c34470d7137e1facd89
2026-09-26T04:07:27Z STAGED_BLOB test/utils/g2-s9c-pg-harness.ts 3065b620ac6bc29f010e0bad94c6beca26b8cdd1
2026-09-26T04:07:27Z STAGED_BLOB test/utils/g2-s9c-worker.cjs ec3015fb73b086848890392a17b2c200c90553ed
2026-09-26T04:07:28Z STAGED_BLOB docs/decisions/2026-09-25-s9-reconciliation.md 5c52731e786d0e8e5dc32e27a6d2bbbdcbe157ae
2026-09-26T04:07:30Z R75_STAGED rc=0
summary: (done in 48.12 seconds)
✔️ prod-readiness-quick (0.04 seconds)
✔️ banned-cast-tokens (0.75 seconds)
✔️ prettier (5.15 seconds)
✔️ eslint (5.27 seconds)
✔️ tsc (48.10 seconds)
[38;2;0;0;0m╭[38;2;5;5;5m─[38;2;11;11;11m─[38;2;16;16;16m─[38;2;19;19;19m─[38;2;23;23;23m─[38;2;26;26;26m─[38;2;29;29;29m─[38;2;32;32;32m─[38;2;35;35;35m─[38;2;39;39;39m─[38;2;42;42;42m─[38;2;45;45;45m─[38;2;49;49;49m─[38;2;52;52;52m─[38;2;56;56;56m─[38;2;56;56;56m─[38;2;52;52;52m─[38;2;49;49;49m─[38;2;45;45;45m─[38;2;42;42;42m─[38;2;39;39;39m─[38;2;35;35;35m─[38;2;32;32;32m─[38;2;29;29;29m─[38;2;26;26;26m─[38;2;23;23;23m─[38;2;19;19;19m─[38;2;16;16;16m─[38;2;11;11;11m─[38;2;5;5;5m─[38;2;0;0;0m─[38;2;0;0;0m─[38;2;6;6;6m─[38;2;12;12;12m─[38;2;17;17;17m─[38;2;20;20;20m─[38;2;24;24;24m─[38;2;27;27;27m─[38;2;31;31;31m─[38;2;34;34;34m─[38;2;38;38;38m─[38;2;41;41;41m╮[m
[38;2;0;0;0m│[m 🥊 lefthook  v2.1.9   hook:  [1mcommit-msg[m [38;2;52;52;52m│[m
[38;2;6;6;6m╰[38;2;12;12;12m─[38;2;17;17;17m─[38;2;20;20;20m─[38;2;24;24;24m─[38;2;27;27;27m─[38;2;31;31;31m─[38;2;34;34;34m─[38;2;38;38;38m─[38;2;41;41;41m─[38;2;45;45;45m─[38;2;48;48;48m─[38;2;52;52;52m─[38;2;56;56;56m─[38;2;56;56;56m─[38;2;52;52;52m─[38;2;48;48;48m─[38;2;45;45;45m─[38;2;41;41;41m─[38;2;38;38;38m─[38;2;34;34;34m─[38;2;31;31;31m─[38;2;27;27;27m─[38;2;24;24;24m─[38;2;20;20;20m─[38;2;17;17;17m─[38;2;12;12;12m─[38;2;6;6;6m─[38;2;0;0;0m─[38;2;0;0;0m─[38;2;6;6;6m─[38;2;12;12;12m─[38;2;17;17;17m─[38;2;20;20;20m─[38;2;24;24;24m─[38;2;27;27;27m─[38;2;31;31;31m─[38;2;34;34;34m─[38;2;38;38;38m─[38;2;41;41;41m─[38;2;45;45;45m─[38;2;48;48;48m─[38;2;52;52;52m╯[m
┃  no-ai-tokens ❯ 

[38;2;56;56;56m  ────────────────────────────────────[m
summary: (done in 0.01 seconds)
✔️ no-ai-tokens (0.01 seconds)
[exec-d3a9/s9c-r2 2e9f6c05] feat(scout): S9-C reconciliation wiring in settle hook and status read
 22 files changed, 3984 insertions(+), 32 deletions(-)
 create mode 100644 src/scout/lifecycle/reason-domains.ts
 create mode 100644 test/rls-g2-s9c.spec.ts
 create mode 100644 test/scout/g2-s9c-db-guard.spec.ts
 create mode 100644 test/scout/reconciliation/catalogue-parity.spec.ts
 create mode 100755 test/utils/g2-s9c-bootstrap.sh
 create mode 100644 test/utils/g2-s9c-db.ts
 create mode 100644 test/utils/g2-s9c-harness.ts
 create mode 100644 test/utils/g2-s9c-pg-harness.ts
 create mode 100644 test/utils/g2-s9c-worker.cjs
2026-09-26T04:08:18Z GIT_COMMIT rc=0
2026-09-26T04:08:19Z HEAD=2e9f6c054b86b749b58a9232c79153a872d9ec18 TREE=02e7b312c7a318e80c1e468854ef2555a10e8873 author=Bradley Gleave <bradley@bradleytgpcoaching.com> / Bradley Gleave <bradley@bradleytgpcoaching.com> / 2026-09-26T04:07:30Z parent=5407efae319fd913e973c87f3be0d49786c4a3e0
2026-09-26T04:08:22Z DONE head=2e9f6c054b86b749b58a9232c79153a872d9ec18 tree=02e7b312c7a318e80c1e468854ef2555a10e8873 (not pushed; parent owns landing; PG proof is a separate grant via ../binding/v1)
2026-09-26T04:08:22Z RELEASING stage=done rc=0 (fd9 closes at exit; lock file preserved)
