[32m[Nest] 6711  - [39m09/27/2026, 9:25:49 PM [32m    LOG[39m [38;5;3m[ScoutReconstructService] [39m[32mscout.reconstruct run pass completed {"intent_id":"a352f117-e97b-4836-8ebd-e093453dcefa","coach_id":"s10u-a","epoch":1,"stopped":null,"families":[{"token":"u10-routines","family":"workouts","staged":1,"reconstructed":1,"skipped":0,"failed":0,"stopped":null},{"token":"u10-sessions","family":"workouts","staged":1,"reconstructed":1,"skipped":0,"failed":0,"stopped":null}],"unmapped_families":[]}[39m
[32m[Nest] 6711  - [39m09/27/2026, 9:25:49 PM [32m    LOG[39m [38;5;3m[ScoutReconstructService] [39m[32mscout.reconstruct run pass completed {"intent_id":"c9b4227e-b39e-423b-927a-9c35f3f7aab0","coach_id":"s10u-replay","epoch":1,"stopped":null,"families":[{"token":"u10-routines","family":"workouts","staged":1,"reconstructed":1,"skipped":0,"failed":0,"stopped":null},{"token":"u10-sessions","family":"workouts","staged":1,"reconstructed":1,"skipped":0,"failed":0,"stopped":null}],"unmapped_families":[]}[39m
[32m[Nest] 6711  - [39m09/27/2026, 9:25:49 PM [32m    LOG[39m [38;5;3m[ScoutReconstructService] [39m[32mscout.reconstruct run pass completed {"intent_id":"c0382c81-9c56-4fb1-9a76-9553d929c07d","coach_id":"s10u-replay","epoch":1,"stopped":null,"families":[{"token":"u10-routines","family":"workouts","staged":1,"reconstructed":1,"skipped":0,"failed":0,"stopped":null},{"token":"u10-sessions","family":"workouts","staged":1,"reconstructed":1,"skipped":0,"failed":0,"stopped":null}],"unmapped_families":[]}[39m
[32m[Nest] 6711  - [39m09/27/2026, 9:25:49 PM [32m    LOG[39m [38;5;3m[ScoutReconstructService] [39m[32mscout.reconstruct run pass completed {"intent_id":"304c9f38-21fc-40ec-86fd-e841706e9794","coach_id":"s10u-b","epoch":1,"stopped":null,"families":[{"token":"u10-routines","family":"workouts","staged":1,"reconstructed":1,"skipped":0,"failed":0,"stopped":null},{"token":"u10-sessions","family":"workouts","staged":1,"reconstructed":1,"skipped":0,"failed":0,"stopped":null}],"unmapped_families":[]}[39m
[32m[Nest] 6711  - [39m09/27/2026, 9:25:50 PM [32m    LOG[39m [38;5;3m[ScoutReconstructService] [39m[32mscout.reconstruct run pass completed {"intent_id":"3046af4b-565c-40cd-9d27-5c1accd63ed5","coach_id":"s10u-c","epoch":1,"stopped":null,"families":[{"token":"u10-routines","family":"workouts","staged":1,"reconstructed":1,"skipped":0,"failed":0,"stopped":null},{"token":"u10-sessions","family":"workouts","staged":2,"reconstructed":2,"skipped":0,"failed":0,"stopped":null}],"unmapped_families":[]}[39m
[32m[Nest] 6711  - [39m09/27/2026, 9:25:50 PM [32m    LOG[39m [38;5;3m[ScoutReconstructService] [39m[32mscout.reconstruct run pass completed {"intent_id":"645ac49f-18e6-416c-aa71-d46c88658469","coach_id":"s10u-d","epoch":1,"stopped":null,"families":[{"token":"u10-routines","family":"workouts","staged":1,"reconstructed":1,"skipped":0,"failed":0,"stopped":null},{"token":"u10-sessions","family":"workouts","staged":1,"reconstructed":1,"skipped":0,"failed":0,"stopped":null},{"token":"client_history","family":null,"staged":1,"reconstructed":0,"skipped":1,"failed":0,"stopped":null}],"unmapped_families":["client_history"]}[39m
[32m[Nest] 6711  - [39m09/27/2026, 9:25:50 PM [32m    LOG[39m [38;5;3m[ScoutReconstructService] [39m[32mscout.reconstruct run pass completed {"intent_id":"659de38f-7e88-47a4-b537-389e40e6c209","coach_id":"s10u-e","epoch":1,"stopped":null,"families":[{"token":"u10-routines","family":"workouts","staged":1,"reconstructed":1,"skipped":0,"failed":0,"stopped":null},{"token":"u10-sessions","family":"workouts","staged":1,"reconstructed":1,"skipped":0,"failed":0,"stopped":null}],"unmapped_families":[]}[39m
[32m[Nest] 6711  - [39m09/27/2026, 9:25:50 PM [32m    LOG[39m [38;5;3m[ScoutReconstructService] [39m[32mscout.reconstruct run pass completed {"intent_id":"38387143-9fdc-4af9-aacf-ad2ab55171da","coach_id":"s10u-f","epoch":1,"stopped":null,"families":[{"token":"u10-routines","family":"workouts","staged":1,"reconstructed":1,"skipped":0,"failed":0,"stopped":null},{"token":"u10-sessions","family":"workouts","staged":1,"reconstructed":1,"skipped":0,"failed":0,"stopped":null}],"unmapped_families":[]}[39m
[32m[Nest] 6711  - [39m09/27/2026, 9:25:50 PM [32m    LOG[39m [38;5;3m[ScoutReconstructService] [39m[32mscout.reconstruct run pass completed {"intent_id":"c32ce6f9-449c-466b-8f81-42f1f8845d47","coach_id":"s10u-g","epoch":1,"stopped":null,"families":[{"token":"u10-routines","family":"workouts","staged":1,"reconstructed":1,"skipped":0,"failed":0,"stopped":null},{"token":"u10-sessions","family":"workouts","staged":1,"reconstructed":1,"skipped":0,"failed":0,"stopped":null},{"token":"programs","family":null,"staged":1,"reconstructed":0,"skipped":1,"failed":0,"stopped":null}],"unmapped_families":["programs"]}[39m
[32m[Nest] 6711  - [39m09/27/2026, 9:25:51 PM [32m    LOG[39m [38;5;3m[ScoutReconstructService] [39m[32mscout.reconstruct run pass completed {"intent_id":"2c7850e9-bb0d-436b-b715-1f4ed1d23706","coach_id":"s10u-h","epoch":1,"stopped":null,"families":[{"token":"u10-members","family":"clients","staged":2,"reconstructed":2,"skipped":0,"failed":0,"stopped":null},{"token":"u10-routines","family":"workouts","staged":1,"reconstructed":1,"skipped":0,"failed":0,"stopped":null},{"token":"u10-sessions","family":"workouts","staged":1,"reconstructed":1,"skipped":0,"failed":0,"stopped":null}],"unmapped_families":[]}[39m
[32m[Nest] 6711  - [39m09/27/2026, 9:25:51 PM [32m    LOG[39m [38;5;3m[ScoutReconstructService] [39m[32mscout.reconstruct run pass completed {"intent_id":"d6e579f4-34ae-4637-a5cd-b440fccdef91","coach_id":"s10u-i","epoch":1,"stopped":null,"families":[{"token":"u10-members","family":"clients","staged":3,"reconstructed":2,"skipped":1,"failed":0,"stopped":null},{"token":"u10-routines","family":"workouts","staged":1,"reconstructed":1,"skipped":0,"failed":0,"stopped":null},{"token":"u10-sessions","family":"workouts","staged":1,"reconstructed":1,"skipped":0,"failed":0,"stopped":null}],"unmapped_families":[]}[39m
PASS test/scout/s10/s10-unseen.pg.spec.ts (11.231 s)
  s10_unseen — NEW SOURCE → CORE DIFF = 0, live on PG17 (R39, R41)
    ✓ R39 (a) all declared units verified → complete (one settled basis, source-signed) (2884 ms)
    ✓ R41 replaying the intent over the same source ids creates no second native row (448 ms)
    ✓ R39 (b) nativeRules 'absent' → partial / unresolved_identities (211 ms)
    ✓ R39 (c) a client-linked row → partial (no native client principal, D-S8-2) (233 ms)
    ✓ R39 (d) staged undeclared client_history → unresolved_family (170 ms)
    ✓ R39 (e) one declared family unproven → coverage_basis_unknown (152 ms)
    ✓ R39 (f) extension-signed statements only → coverage_basis_unknown (159 ms)
    ✓ R27 live: canonical-token programs row is covered but unmapped by the pass → partial (211 ms)
    ✓ (h) staged clients rows → complete: the S8-D1 typed person handoff lets S9 verify the roster Persons (InvitePending, no User; roster_bridge_pending still carried) (266 ms)
    ✓ (i) A1 rail: a second raw client id that trims to the same person is refused → partial / unresolved_identities, ONE Person, one verified row (252 ms)

Test Suites: 1 passed, 1 total
Tests:       10 passed, 10 total
Snapshots:   0 total
Time:        11.414 s
Ran all test suites within paths "test/scout/s10/s10-unseen.pg.spec.ts".
