PASS rls-live test/rls-g2-s10b.spec.ts (147.229 s)
  ● Console

    console.warn
      PG17_PROCESS {"name":"g2s10b_1","options":{"action":"start","coach":"coach","intent":"810a8e62-ce8e-4793-83d3-b0481c6ae1a6"},"result":{"intent_id":"810a8e62-ce8e-4793-83d3-b0481c6ae1a6","mode":"server","phase":"discovering","execution_epoch":1,"accepted_start_at":"2026-09-27T17:51:44.055Z","deadline_at":"2026-09-27T17:56:44.055Z"},"queries":3,"pid":25027}

      168 |       }
      169 |       // Query shapes, outcomes, fixture identifiers and process IDs only; never parameters.
    > 170 |       console.warn(
          |               ^
      171 |         'PG17_PROCESS',
      172 |         JSON.stringify({
      173 |           name,

      at settleWorker (test/utils/g2-s10b-pg-harness.ts:170:15)
      at ChildProcess.<anonymous> (test/utils/g2-s10b-pg-harness.ts:189:7)

    console.warn
      PG17_PROCESS {"name":"g2s10b_2","options":{"registry":{"synthetic-src-a":["clients","programs","workouts"],"synthetic-src-b":["clients"]},"action":"declare","coach":"coach","intent":"810a8e62-ce8e-4793-83d3-b0481c6ae1a6"},"result":{"intent_id":"810a8e62-ce8e-4793-83d3-b0481c6ae1a6","challenge_b64":"/dbXEqBUnTlR4Aca6yvMQSbFM/hGJlD0XEWfGEX/DCc=","declared_at":"2026-09-27T17:51:46.252Z"},"queries":11,"pid":25065}

      168 |       }
      169 |       // Query shapes, outcomes, fixture identifiers and process IDs only; never parameters.
    > 170 |       console.warn(
          |               ^
      171 |         'PG17_PROCESS',
      172 |         JSON.stringify({
      173 |           name,

      at settleWorker (test/utils/g2-s10b-pg-harness.ts:170:15)
      at ChildProcess.<anonymous> (test/utils/g2-s10b-pg-harness.ts:189:7)

    console.warn
      PG17_PROCESS {"name":"g2s10b_3","options":{"registry":{"synthetic-src-a":["clients","programs","workouts"],"synthetic-src-b":["clients"]},"action":"declare","coach":"coach","intent":"810a8e62-ce8e-4793-83d3-b0481c6ae1a6"},"result":{"intent_id":"810a8e62-ce8e-4793-83d3-b0481c6ae1a6","challenge_b64":"/dbXEqBUnTlR4Aca6yvMQSbFM/hGJlD0XEWfGEX/DCc=","declared_at":"2026-09-27T17:51:46.252Z"},"queries":6,"pid":25096}

      168 |       }
      169 |       // Query shapes, outcomes, fixture identifiers and process IDs only; never parameters.
    > 170 |       console.warn(
          |               ^
      171 |         'PG17_PROCESS',
      172 |         JSON.stringify({
      173 |           name,

      at settleWorker (test/utils/g2-s10b-pg-harness.ts:170:15)
      at ChildProcess.<anonymous> (test/utils/g2-s10b-pg-harness.ts:189:7)

    console.warn
      PG17_PROCESS {"name":"g2s10b_4","options":{"action":"start","coach":"coach","intent":"cefec96e-c387-426c-8614-31533f7786ed"},"result":{"intent_id":"cefec96e-c387-426c-8614-31533f7786ed","mode":"server","phase":"discovering","execution_epoch":1,"accepted_start_at":"2026-09-27T17:51:50.498Z","deadline_at":"2026-09-27T17:56:50.498Z"},"queries":3,"pid":25133}

      168 |       }
      169 |       // Query shapes, outcomes, fixture identifiers and process IDs only; never parameters.
    > 170 |       console.warn(
          |               ^
      171 |         'PG17_PROCESS',
      172 |         JSON.stringify({
      173 |           name,

      at settleWorker (test/utils/g2-s10b-pg-harness.ts:170:15)
      at ChildProcess.<anonymous> (test/utils/g2-s10b-pg-harness.ts:189:7)

    console.warn
      PG17_PROCESS {"name":"g2s10b_5","options":{"registry":{"synthetic-src-a":["clients","programs","workouts"],"synthetic-src-b":["clients"]},"action":"declare","coach":"coach","intent":"cefec96e-c387-426c-8614-31533f7786ed"},"result":{"intent_id":"cefec96e-c387-426c-8614-31533f7786ed","challenge_b64":"dUVqCLPsfcGHzHiIiamcsKWyJ4nUrqjS8JtGAU2oDAA=","declared_at":"2026-09-27T17:51:52.526Z"},"queries":11,"pid":25162}

      168 |       }
      169 |       // Query shapes, outcomes, fixture identifiers and process IDs only; never parameters.
    > 170 |       console.warn(
          |               ^
      171 |         'PG17_PROCESS',
      172 |         JSON.stringify({
      173 |           name,

      at settleWorker (test/utils/g2-s10b-pg-harness.ts:170:15)
      at ChildProcess.<anonymous> (test/utils/g2-s10b-pg-harness.ts:189:7)

    console.warn
      PG17_PROCESS {"name":"g2s10b_6","options":{"registry":{"synthetic-src-a":["clients","programs","workouts"],"synthetic-src-b":["clients"]},"action":"declare","coach":"coach","intent":"cefec96e-c387-426c-8614-31533f7786ed"},"failure":{"status":409,"message":"The run already holds a different declaration; it is immutable.","response":{"code":"declaration_conflict","message":"The run already holds a different declaration; it is immutable."},"injected":false},"queries":6,"pid":25195}

      168 |       }
      169 |       // Query shapes, outcomes, fixture identifiers and process IDs only; never parameters.
    > 170 |       console.warn(
          |               ^
      171 |         'PG17_PROCESS',
      172 |         JSON.stringify({
      173 |           name,

      at settleWorker (test/utils/g2-s10b-pg-harness.ts:170:15)
      at ChildProcess.<anonymous> (test/utils/g2-s10b-pg-harness.ts:189:7)

    console.warn
      PG17_PROCESS {"name":"g2s10b_7","options":{"registry":{"synthetic-src-a":["clients","programs","workouts"],"synthetic-src-b":["clients"]},"action":"declare","coach":"coach","intent":"cefec96e-c387-426c-8614-31533f7786ed"},"failure":{"status":409,"message":"The run already holds a different declaration; it is immutable.","response":{"code":"declaration_conflict","message":"The run already holds a different declaration; it is immutable."},"injected":false},"queries":6,"pid":25226}

      168 |       }
      169 |       // Query shapes, outcomes, fixture identifiers and process IDs only; never parameters.
    > 170 |       console.warn(
          |               ^
      171 |         'PG17_PROCESS',
      172 |         JSON.stringify({
      173 |           name,

      at settleWorker (test/utils/g2-s10b-pg-harness.ts:170:15)
      at ChildProcess.<anonymous> (test/utils/g2-s10b-pg-harness.ts:189:7)

    console.warn
      PG17_PROCESS {"name":"g2s10b_8","options":{"action":"start","coach":"coach","intent":"59f6b301-7ccd-4433-b5a1-37f81b11558d"},"result":{"intent_id":"59f6b301-7ccd-4433-b5a1-37f81b11558d","mode":"server","phase":"discovering","execution_epoch":1,"accepted_start_at":"2026-09-27T17:51:58.761Z","deadline_at":"2026-09-27T17:56:58.761Z"},"queries":3,"pid":25263}

      168 |       }
      169 |       // Query shapes, outcomes, fixture identifiers and process IDs only; never parameters.
    > 170 |       console.warn(
          |               ^
      171 |         'PG17_PROCESS',
      172 |         JSON.stringify({
      173 |           name,

      at settleWorker (test/utils/g2-s10b-pg-harness.ts:170:15)
      at ChildProcess.<anonymous> (test/utils/g2-s10b-pg-harness.ts:189:7)

    console.warn
      PG17_PROCESS {"name":"g2s10b_9","options":{"registry":{"synthetic-src-a":["clients","programs","workouts"],"synthetic-src-b":["clients"]},"action":"declare","coach":"coach","intent":"59f6b301-7ccd-4433-b5a1-37f81b11558d"},"failure":{"status":400,"message":"platforms must be a non-empty list of unique canonical slugs, each with a non-empty unique list of 64-hex scope digests","response":{"message":"platforms must be a non-empty list of unique canonical slugs, each with a non-empty unique list of 64-hex scope digests","error":"Bad Request","statusCode":400},"injected":false},"queries":0,"pid":25292}

      168 |       }
      169 |       // Query shapes, outcomes, fixture identifiers and process IDs only; never parameters.
    > 170 |       console.warn(
          |               ^
      171 |         'PG17_PROCESS',
      172 |         JSON.stringify({
      173 |           name,

      at settleWorker (test/utils/g2-s10b-pg-harness.ts:170:15)
      at ChildProcess.<anonymous> (test/utils/g2-s10b-pg-harness.ts:189:7)

    console.warn
      PG17_PROCESS {"name":"g2s10b_10","options":{"registry":{"synthetic-src-a":["clients","programs","workouts"],"synthetic-src-b":["clients"]},"action":"declare","coach":"coach","intent":"59f6b301-7ccd-4433-b5a1-37f81b11558d"},"failure":{"status":400,"message":"platforms must be a non-empty list of unique canonical slugs, each with a non-empty unique list of 64-hex scope digests","response":{"message":"platforms must be a non-empty list of unique canonical slugs, each with a non-empty unique list of 64-hex scope digests","error":"Bad Request","statusCode":400},"injected":false},"queries":0,"pid":25320}

      168 |       }
      169 |       // Query shapes, outcomes, fixture identifiers and process IDs only; never parameters.
    > 170 |       console.warn(
          |               ^
      171 |         'PG17_PROCESS',
      172 |         JSON.stringify({
      173 |           name,

      at settleWorker (test/utils/g2-s10b-pg-harness.ts:170:15)
      at ChildProcess.<anonymous> (test/utils/g2-s10b-pg-harness.ts:189:7)

    console.warn
      PG17_PROCESS {"name":"g2s10b_11","options":{"registry":{"synthetic-src-a":["clients","programs","workouts"],"synthetic-src-b":["clients"]},"action":"declare","coach":"coach","intent":"59f6b301-7ccd-4433-b5a1-37f81b11558d"},"failure":{"status":400,"message":"platforms must be a non-empty list of unique canonical slugs, each with a non-empty unique list of 64-hex scope digests","response":{"message":"platforms must be a non-empty list of unique canonical slugs, each with a non-empty unique list of 64-hex scope digests","error":"Bad Request","statusCode":400},"injected":false},"queries":0,"pid":25346}

      168 |       }
      169 |       // Query shapes, outcomes, fixture identifiers and process IDs only; never parameters.
    > 170 |       console.warn(
          |               ^
      171 |         'PG17_PROCESS',
      172 |         JSON.stringify({
      173 |           name,

      at settleWorker (test/utils/g2-s10b-pg-harness.ts:170:15)
      at ChildProcess.<anonymous> (test/utils/g2-s10b-pg-harness.ts:189:7)

    console.warn
      PG17_PROCESS {"name":"g2s10b_12","options":{"registry":{"synthetic-src-a":["clients","programs","workouts"],"synthetic-src-b":["clients"]},"action":"declare","coach":"coach","intent":"59f6b301-7ccd-4433-b5a1-37f81b11558d"},"failure":{"status":400,"message":"platforms must be a non-empty list of unique canonical slugs, each with a non-empty unique list of 64-hex scope digests","response":{"message":"platforms must be a non-empty list of unique canonical slugs, each with a non-empty unique list of 64-hex scope digests","error":"Bad Request","statusCode":400},"injected":false},"queries":0,"pid":25372}

      168 |       }
      169 |       // Query shapes, outcomes, fixture identifiers and process IDs only; never parameters.
    > 170 |       console.warn(
          |               ^
      171 |         'PG17_PROCESS',
      172 |         JSON.stringify({
      173 |           name,

      at settleWorker (test/utils/g2-s10b-pg-harness.ts:170:15)
      at ChildProcess.<anonymous> (test/utils/g2-s10b-pg-harness.ts:189:7)

    console.warn
      PG17_PROCESS {"name":"g2s10b_13","options":{"registry":{"synthetic-src-a":["clients","programs","workouts"],"synthetic-src-b":["clients"]},"action":"declare","coach":"coach","intent":"59f6b301-7ccd-4433-b5a1-37f81b11558d"},"failure":{"status":409,"message":"The run has already staged rows or a claim; it can no longer be declared.","response":{"code":"declaration_after_ingest","message":"The run has already staged rows or a claim; it can no longer be declared."},"injected":false},"queries":8,"pid":25402}

      168 |       }
      169 |       // Query shapes, outcomes, fixture identifiers and process IDs only; never parameters.
    > 170 |       console.warn(
          |               ^
      171 |         'PG17_PROCESS',
      172 |         JSON.stringify({
      173 |           name,

      at settleWorker (test/utils/g2-s10b-pg-harness.ts:170:15)
      at ChildProcess.<anonymous> (test/utils/g2-s10b-pg-harness.ts:189:7)

    console.warn
      PG17_PROCESS {"name":"g2s10b_14","options":{"action":"start","coach":"coach","intent":"dd776fe8-198b-495c-abca-6212f03d0479"},"result":{"intent_id":"dd776fe8-198b-495c-abca-6212f03d0479","mode":"server","phase":"discovering","execution_epoch":1,"accepted_start_at":"2026-09-27T17:52:10.249Z","deadline_at":"2026-09-27T17:57:10.249Z"},"queries":3,"pid":25439}

      168 |       }
      169 |       // Query shapes, outcomes, fixture identifiers and process IDs only; never parameters.
    > 170 |       console.warn(
          |               ^
      171 |         'PG17_PROCESS',
      172 |         JSON.stringify({
      173 |           name,

      at settleWorker (test/utils/g2-s10b-pg-harness.ts:170:15)
      at ChildProcess.<anonymous> (test/utils/g2-s10b-pg-harness.ts:189:7)

    console.warn
      PG17_PROCESS {"name":"g2s10b_15","options":{"registry":{"synthetic-src-a":["clients","programs","workouts"],"synthetic-src-b":["clients"]},"action":"declare","coach":"coach","intent":"dd776fe8-198b-495c-abca-6212f03d0479","failAfter":{"model":"scoutRunDeclaration","n":2}},"failure":{"status":500,"message":"Internal server error","injected":true},"queries":10,"pid":25468}

      168 |       }
      169 |       // Query shapes, outcomes, fixture identifiers and process IDs only; never parameters.
    > 170 |       console.warn(
          |               ^
      171 |         'PG17_PROCESS',
      172 |         JSON.stringify({
      173 |           name,

      at settleWorker (test/utils/g2-s10b-pg-harness.ts:170:15)
      at ChildProcess.<anonymous> (test/utils/g2-s10b-pg-harness.ts:189:7)

    console.warn
      PG17_PROCESS {"name":"g2s10b_16","options":{"action":"start","coach":"coach","intent":"43da52f4-6991-403f-b8fc-3f0a40513005"},"result":{"intent_id":"43da52f4-6991-403f-b8fc-3f0a40513005","mode":"server","phase":"discovering","execution_epoch":1,"accepted_start_at":"2026-09-27T17:52:14.268Z","deadline_at":"2026-09-27T17:57:14.268Z"},"queries":3,"pid":25508}

      168 |       }
      169 |       // Query shapes, outcomes, fixture identifiers and process IDs only; never parameters.
    > 170 |       console.warn(
          |               ^
      171 |         'PG17_PROCESS',
      172 |         JSON.stringify({
      173 |           name,

      at settleWorker (test/utils/g2-s10b-pg-harness.ts:170:15)
      at ChildProcess.<anonymous> (test/utils/g2-s10b-pg-harness.ts:189:7)

    console.warn
      PG17_PROCESS {"name":"g2s10b_17","options":{"action":"cancel","coach":"coach","intent":"43da52f4-6991-403f-b8fc-3f0a40513005"},"result":{"intent_id":"43da52f4-6991-403f-b8fc-3f0a40513005","status":"cancelled","execution_epoch":2},"queries":8,"pid":25538}

      168 |       }
      169 |       // Query shapes, outcomes, fixture identifiers and process IDs only; never parameters.
    > 170 |       console.warn(
          |               ^
      171 |         'PG17_PROCESS',
      172 |         JSON.stringify({
      173 |           name,

      at settleWorker (test/utils/g2-s10b-pg-harness.ts:170:15)
      at ChildProcess.<anonymous> (test/utils/g2-s10b-pg-harness.ts:189:7)

    console.warn
      PG17_PROCESS {"name":"g2s10b_18","options":{"registry":{"synthetic-src-a":["clients","programs","workouts"],"synthetic-src-b":["clients"]},"action":"declare","coach":"coach","intent":"43da52f4-6991-403f-b8fc-3f0a40513005"},"failure":{"status":409,"message":"The run for this intent is fenced; no further writes are accepted.","response":{"code":"run_fenced","message":"The run for this intent is fenced; no further writes are accepted.","fence_reason":"cancelled"},"injected":false},"queries":5,"pid":25568}

      168 |       }
      169 |       // Query shapes, outcomes, fixture identifiers and process IDs only; never parameters.
    > 170 |       console.warn(
          |               ^
      171 |         'PG17_PROCESS',
      172 |         JSON.stringify({
      173 |           name,

      at settleWorker (test/utils/g2-s10b-pg-harness.ts:170:15)
      at ChildProcess.<anonymous> (test/utils/g2-s10b-pg-harness.ts:189:7)

    console.warn
      PG17_PROCESS {"name":"g2s10b_19","options":{"action":"start","coach":"other-coach","intent":"77696539-eead-4c6d-ac41-c07219187a4e"},"result":{"intent_id":"77696539-eead-4c6d-ac41-c07219187a4e","mode":"server","phase":"discovering","execution_epoch":1,"accepted_start_at":"2026-09-27T17:52:24.261Z","deadline_at":"2026-09-27T17:57:24.261Z"},"queries":3,"pid":25603}

      168 |       }
      169 |       // Query shapes, outcomes, fixture identifiers and process IDs only; never parameters.
    > 170 |       console.warn(
          |               ^
      171 |         'PG17_PROCESS',
      172 |         JSON.stringify({
      173 |           name,

      at settleWorker (test/utils/g2-s10b-pg-harness.ts:170:15)
      at ChildProcess.<anonymous> (test/utils/g2-s10b-pg-harness.ts:189:7)

    console.warn
      PG17_PROCESS {"name":"g2s10b_20","options":{"registry":{"synthetic-src-a":["clients","programs","workouts"],"synthetic-src-b":["clients"]},"action":"declare","coach":"other-coach","intent":"77696539-eead-4c6d-ac41-c07219187a4e"},"failure":{"status":409,"message":"The run for this intent is fenced; no further writes are accepted.","response":{"code":"run_fenced","message":"The run for this intent is fenced; no further writes are accepted.","fence_reason":"timed_out"},"injected":false},"queries":13,"pid":25634}

      168 |       }
      169 |       // Query shapes, outcomes, fixture identifiers and process IDs only; never parameters.
    > 170 |       console.warn(
          |               ^
      171 |         'PG17_PROCESS',
      172 |         JSON.stringify({
      173 |           name,

      at settleWorker (test/utils/g2-s10b-pg-harness.ts:170:15)
      at ChildProcess.<anonymous> (test/utils/g2-s10b-pg-harness.ts:189:7)

    console.warn
      PG17_PROCESS {"name":"g2s10b_21","options":{"registry":{"synthetic-src-a":["clients","programs","workouts"],"synthetic-src-b":["clients"]},"action":"declare","coach":"coach","intent":"intent_legacy_s10b"},"failure":{"status":409,"message":"This intent names a legacy run, which the server does not own.","response":{"code":"legacy_run","message":"This intent names a legacy run, which the server does not own."},"injected":false},"queries":6,"pid":25669}

      168 |       }
      169 |       // Query shapes, outcomes, fixture identifiers and process IDs only; never parameters.
    > 170 |       console.warn(
          |               ^
      171 |         'PG17_PROCESS',
      172 |         JSON.stringify({
      173 |           name,

      at settleWorker (test/utils/g2-s10b-pg-harness.ts:170:15)
      at ChildProcess.<anonymous> (test/utils/g2-s10b-pg-harness.ts:189:7)

    console.warn
      PG17_PROCESS {"name":"g2s10b_22","options":{"action":"start","coach":"coach","intent":"b13b6884-8301-410c-9be3-ae57f49fd930"},"result":{"intent_id":"b13b6884-8301-410c-9be3-ae57f49fd930","mode":"server","phase":"discovering","execution_epoch":1,"accepted_start_at":"2026-09-27T17:52:30.660Z","deadline_at":"2026-09-27T17:57:30.660Z"},"queries":3,"pid":25702}

      168 |       }
      169 |       // Query shapes, outcomes, fixture identifiers and process IDs only; never parameters.
    > 170 |       console.warn(
          |               ^
      171 |         'PG17_PROCESS',
      172 |         JSON.stringify({
      173 |           name,

      at settleWorker (test/utils/g2-s10b-pg-harness.ts:170:15)
      at ChildProcess.<anonymous> (test/utils/g2-s10b-pg-harness.ts:189:7)

    console.warn
      PG17_PROCESS {"name":"g2s10b_23","options":{"registry":{"synthetic-src-a":["clients","programs","workouts"],"synthetic-src-b":["clients"]},"action":"declare","coach":"other-coach","intent":"b13b6884-8301-410c-9be3-ae57f49fd930"},"failure":{"status":404,"message":"Not Found","response":{"message":"Not Found","statusCode":404},"injected":false},"queries":7,"pid":25732}

      168 |       }
      169 |       // Query shapes, outcomes, fixture identifiers and process IDs only; never parameters.
    > 170 |       console.warn(
          |               ^
      171 |         'PG17_PROCESS',
      172 |         JSON.stringify({
      173 |           name,

      at settleWorker (test/utils/g2-s10b-pg-harness.ts:170:15)
      at ChildProcess.<anonymous> (test/utils/g2-s10b-pg-harness.ts:189:7)

    console.warn
      PG17_PROCESS {"name":"g2s10b_24","options":{"action":"start","coach":"coach","intent":"2cb22cc3-5e16-4233-b233-6ffc87b40fad"},"result":{"intent_id":"2cb22cc3-5e16-4233-b233-6ffc87b40fad","mode":"server","phase":"discovering","execution_epoch":1,"accepted_start_at":"2026-09-27T17:52:35.060Z","deadline_at":"2026-09-27T17:57:35.060Z"},"queries":3,"pid":25771}

      168 |       }
      169 |       // Query shapes, outcomes, fixture identifiers and process IDs only; never parameters.
    > 170 |       console.warn(
          |               ^
      171 |         'PG17_PROCESS',
      172 |         JSON.stringify({
      173 |           name,

      at settleWorker (test/utils/g2-s10b-pg-harness.ts:170:15)
      at ChildProcess.<anonymous> (test/utils/g2-s10b-pg-harness.ts:189:7)

    console.warn
      PG17_PROCESS {"name":"g2s10b_25","options":{"registry":{"synthetic-src-a":["clients","programs","workouts"],"synthetic-src-b":["clients"]},"action":"observe","coach":"coach","intent":"2cb22cc3-5e16-4233-b233-6ffc87b40fad"},"failure":{"status":409,"message":"The run has no declaration; declare its platforms and scopes first.","response":{"code":"declaration_missing","message":"The run has no declaration; declare its platforms and scopes first."},"injected":false},"queries":7,"pid":25802}

      168 |       }
      169 |       // Query shapes, outcomes, fixture identifiers and process IDs only; never parameters.
    > 170 |       console.warn(
          |               ^
      171 |         'PG17_PROCESS',
      172 |         JSON.stringify({
      173 |           name,

      at settleWorker (test/utils/g2-s10b-pg-harness.ts:170:15)
      at ChildProcess.<anonymous> (test/utils/g2-s10b-pg-harness.ts:189:7)

    console.warn
      PG17_PROCESS {"name":"g2s10b_26","options":{"registry":{"synthetic-src-a":["clients","programs","workouts"],"synthetic-src-b":["clients"]},"action":"declare","coach":"coach","intent":"2cb22cc3-5e16-4233-b233-6ffc87b40fad"},"result":{"intent_id":"2cb22cc3-5e16-4233-b233-6ffc87b40fad","challenge_b64":"Am0k5Eiw/QKAk+7fLL/osCLm+dV0tsvHmYAAkY7bJiA=","declared_at":"2026-09-27T17:52:39.194Z"},"queries":11,"pid":25831}

      168 |       }
      169 |       // Query shapes, outcomes, fixture identifiers and process IDs only; never parameters.
    > 170 |       console.warn(
          |               ^
      171 |         'PG17_PROCESS',
      172 |         JSON.stringify({
      173 |           name,

      at settleWorker (test/utils/g2-s10b-pg-harness.ts:170:15)
      at ChildProcess.<anonymous> (test/utils/g2-s10b-pg-harness.ts:189:7)

    console.warn
      PG17_PROCESS {"name":"g2s10b_27","options":{"registry":{"synthetic-src-a":["clients","programs","workouts"],"synthetic-src-b":["clients"]},"action":"observe","coach":"coach","intent":"2cb22cc3-5e16-4233-b233-6ffc87b40fad"},"result":{"intent_id":"2cb22cc3-5e16-4233-b233-6ffc87b40fad","execution_epoch":1,"stored":2,"replayed":0},"queries":10,"pid":25860}

      168 |       }
      169 |       // Query shapes, outcomes, fixture identifiers and process IDs only; never parameters.
    > 170 |       console.warn(
          |               ^
      171 |         'PG17_PROCESS',
      172 |         JSON.stringify({
      173 |           name,

      at settleWorker (test/utils/g2-s10b-pg-harness.ts:170:15)
      at ChildProcess.<anonymous> (test/utils/g2-s10b-pg-harness.ts:189:7)

    console.warn
      PG17_PROCESS {"name":"g2s10b_28","options":{"registry":{"synthetic-src-a":["clients","programs","workouts"],"synthetic-src-b":["clients"]},"action":"observe","coach":"coach","intent":"2cb22cc3-5e16-4233-b233-6ffc87b40fad"},"result":{"intent_id":"2cb22cc3-5e16-4233-b233-6ffc87b40fad","execution_epoch":1,"stored":0,"replayed":1},"queries":8,"pid":25902}

      168 |       }
      169 |       // Query shapes, outcomes, fixture identifiers and process IDs only; never parameters.
    > 170 |       console.warn(
          |               ^
      171 |         'PG17_PROCESS',
      172 |         JSON.stringify({
      173 |           name,

      at settleWorker (test/utils/g2-s10b-pg-harness.ts:170:15)
      at ChildProcess.<anonymous> (test/utils/g2-s10b-pg-harness.ts:189:7)

    console.warn
      PG17_PROCESS {"name":"g2s10b_29","options":{"registry":{"synthetic-src-a":["clients","programs","workouts"],"synthetic-src-b":["clients"]},"action":"observe","coach":"coach","intent":"2cb22cc3-5e16-4233-b233-6ffc87b40fad"},"failure":{"status":409,"message":"A different observation is already stored for this unit and epoch.","response":{"code":"observation_conflict","message":"A different observation is already stored for this unit and epoch."},"injected":false},"queries":8,"pid":25933}

      168 |       }
      169 |       // Query shapes, outcomes, fixture identifiers and process IDs only; never parameters.
    > 170 |       console.warn(
          |               ^
      171 |         'PG17_PROCESS',
      172 |         JSON.stringify({
      173 |           name,

      at settleWorker (test/utils/g2-s10b-pg-harness.ts:170:15)
      at ChildProcess.<anonymous> (test/utils/g2-s10b-pg-harness.ts:189:7)

    console.warn
      PG17_PROCESS {"name":"g2s10b_30","options":{"action":"start","coach":"coach","intent":"e025e12d-38fc-44f5-958c-0bd81af0cdca"},"result":{"intent_id":"e025e12d-38fc-44f5-958c-0bd81af0cdca","mode":"server","phase":"discovering","execution_epoch":1,"accepted_start_at":"2026-09-27T17:52:48.031Z","deadline_at":"2026-09-27T17:57:48.031Z"},"queries":3,"pid":25970}

      168 |       }
      169 |       // Query shapes, outcomes, fixture identifiers and process IDs only; never parameters.
    > 170 |       console.warn(
          |               ^
      171 |         'PG17_PROCESS',
      172 |         JSON.stringify({
      173 |           name,

      at settleWorker (test/utils/g2-s10b-pg-harness.ts:170:15)
      at ChildProcess.<anonymous> (test/utils/g2-s10b-pg-harness.ts:189:7)

    console.warn
      PG17_PROCESS {"name":"g2s10b_31","options":{"registry":{"synthetic-src-a":["clients","programs","workouts"],"synthetic-src-b":["clients"]},"action":"declare","coach":"coach","intent":"e025e12d-38fc-44f5-958c-0bd81af0cdca"},"result":{"intent_id":"e025e12d-38fc-44f5-958c-0bd81af0cdca","challenge_b64":"iNqfywnYqsff7rIxZtfpvV5HMJkBYLpq8xkWavYSiIc=","declared_at":"2026-09-27T17:52:50.160Z"},"queries":11,"pid":26009}

      168 |       }
      169 |       // Query shapes, outcomes, fixture identifiers and process IDs only; never parameters.
    > 170 |       console.warn(
          |               ^
      171 |         'PG17_PROCESS',
      172 |         JSON.stringify({
      173 |           name,

      at settleWorker (test/utils/g2-s10b-pg-harness.ts:170:15)
      at ChildProcess.<anonymous> (test/utils/g2-s10b-pg-harness.ts:189:7)

    console.warn
      PG17_PROCESS {"name":"g2s10b_32","options":{"registry":{"synthetic-src-a":["clients","programs","workouts"],"synthetic-src-b":["clients"]},"action":"observe","coach":"coach","intent":"e025e12d-38fc-44f5-958c-0bd81af0cdca"},"result":{"intent_id":"e025e12d-38fc-44f5-958c-0bd81af0cdca","execution_epoch":1,"stored":1,"replayed":0},"queries":9,"pid":26038}

      168 |       }
      169 |       // Query shapes, outcomes, fixture identifiers and process IDs only; never parameters.
    > 170 |       console.warn(
          |               ^
      171 |         'PG17_PROCESS',
      172 |         JSON.stringify({
      173 |           name,

      at settleWorker (test/utils/g2-s10b-pg-harness.ts:170:15)
      at ChildProcess.<anonymous> (test/utils/g2-s10b-pg-harness.ts:189:7)

    console.warn
      PG17_PROCESS {"name":"g2s10b_33","options":{"registry":{"synthetic-src-a":["clients","programs","workouts"],"synthetic-src-b":["clients"]},"action":"observe","coach":"coach","intent":"e025e12d-38fc-44f5-958c-0bd81af0cdca"},"result":{"intent_id":"e025e12d-38fc-44f5-958c-0bd81af0cdca","execution_epoch":2,"stored":1,"replayed":0},"queries":9,"pid":26071}

      168 |       }
      169 |       // Query shapes, outcomes, fixture identifiers and process IDs only; never parameters.
    > 170 |       console.warn(
          |               ^
      171 |         'PG17_PROCESS',
      172 |         JSON.stringify({
      173 |           name,

      at settleWorker (test/utils/g2-s10b-pg-harness.ts:170:15)
      at ChildProcess.<anonymous> (test/utils/g2-s10b-pg-harness.ts:189:7)

    console.warn
      PG17_PROCESS {"name":"g2s10b_34","options":{"action":"start","coach":"coach","intent":"2bfc2a03-bf3f-4562-be36-2080109f7b7e"},"result":{"intent_id":"2bfc2a03-bf3f-4562-be36-2080109f7b7e","mode":"server","phase":"discovering","execution_epoch":1,"accepted_start_at":"2026-09-27T17:52:57.246Z","deadline_at":"2026-09-27T17:57:57.246Z"},"queries":3,"pid":26109}

      168 |       }
      169 |       // Query shapes, outcomes, fixture identifiers and process IDs only; never parameters.
    > 170 |       console.warn(
          |               ^
      171 |         'PG17_PROCESS',
      172 |         JSON.stringify({
      173 |           name,

      at settleWorker (test/utils/g2-s10b-pg-harness.ts:170:15)
      at ChildProcess.<anonymous> (test/utils/g2-s10b-pg-harness.ts:189:7)

    console.warn
      PG17_PROCESS {"name":"g2s10b_35","options":{"registry":{"synthetic-src-a":["clients","programs","workouts"],"synthetic-src-b":["clients"]},"action":"declare","coach":"coach","intent":"2bfc2a03-bf3f-4562-be36-2080109f7b7e"},"result":{"intent_id":"2bfc2a03-bf3f-4562-be36-2080109f7b7e","challenge_b64":"TxfxENyojrQxdvBMiSAkbOT/OgOyFbze5Yu++54+jU0=","declared_at":"2026-09-27T17:52:59.039Z"},"queries":12,"pid":26138}

      168 |       }
      169 |       // Query shapes, outcomes, fixture identifiers and process IDs only; never parameters.
    > 170 |       console.warn(
          |               ^
      171 |         'PG17_PROCESS',
      172 |         JSON.stringify({
      173 |           name,

      at settleWorker (test/utils/g2-s10b-pg-harness.ts:170:15)
      at ChildProcess.<anonymous> (test/utils/g2-s10b-pg-harness.ts:189:7)

    console.warn
      PG17_PROCESS {"name":"g2s10b_36","options":{"registry":{"synthetic-src-a":["clients","programs","workouts"],"synthetic-src-b":["clients"]},"action":"observe","coach":"coach","intent":"2bfc2a03-bf3f-4562-be36-2080109f7b7e"},"failure":{"status":409,"message":"The observation names a platform, scope or family the run did not declare.","response":{"code":"observation_not_declared","message":"The observation names a platform, scope or family the run did not declare."},"injected":false},"queries":9,"pid":26167}

      168 |       }
      169 |       // Query shapes, outcomes, fixture identifiers and process IDs only; never parameters.
    > 170 |       console.warn(
          |               ^
      171 |         'PG17_PROCESS',
      172 |         JSON.stringify({
      173 |           name,

      at settleWorker (test/utils/g2-s10b-pg-harness.ts:170:15)
      at ChildProcess.<anonymous> (test/utils/g2-s10b-pg-harness.ts:189:7)

    console.warn
      PG17_PROCESS {"name":"g2s10b_37","options":{"registry":{"synthetic-src-a":["clients","programs","workouts"],"synthetic-src-b":["clients"]},"action":"observe","coach":"coach","intent":"2bfc2a03-bf3f-4562-be36-2080109f7b7e"},"failure":{"status":409,"message":"The observation names a platform, scope or family the run did not declare.","response":{"code":"observation_not_declared","message":"The observation names a platform, scope or family the run did not declare."},"injected":false},"queries":9,"pid":26198}

      168 |       }
      169 |       // Query shapes, outcomes, fixture identifiers and process IDs only; never parameters.
    > 170 |       console.warn(
          |               ^
      171 |         'PG17_PROCESS',
      172 |         JSON.stringify({
      173 |           name,

      at settleWorker (test/utils/g2-s10b-pg-harness.ts:170:15)
      at ChildProcess.<anonymous> (test/utils/g2-s10b-pg-harness.ts:189:7)

    console.warn
      PG17_PROCESS {"name":"g2s10b_38","options":{"registry":{"synthetic-src-a":["clients","programs","workouts"],"synthetic-src-b":["clients"]},"action":"observe","coach":"coach","intent":"2bfc2a03-bf3f-4562-be36-2080109f7b7e"},"failure":{"status":409,"message":"The observation names a platform, scope or family the run did not declare.","response":{"code":"observation_not_declared","message":"The observation names a platform, scope or family the run did not declare."},"injected":false},"queries":9,"pid":26227}

      168 |       }
      169 |       // Query shapes, outcomes, fixture identifiers and process IDs only; never parameters.
    > 170 |       console.warn(
          |               ^
      171 |         'PG17_PROCESS',
      172 |         JSON.stringify({
      173 |           name,

      at settleWorker (test/utils/g2-s10b-pg-harness.ts:170:15)
      at ChildProcess.<anonymous> (test/utils/g2-s10b-pg-harness.ts:189:7)

    console.warn
      PG17_PROCESS {"name":"g2s10b_39","options":{"action":"start","coach":"coach","intent":"547c2d17-8d2b-4cec-8e1e-be7cfe8bf201"},"result":{"intent_id":"547c2d17-8d2b-4cec-8e1e-be7cfe8bf201","mode":"server","phase":"discovering","execution_epoch":1,"accepted_start_at":"2026-09-27T17:53:06.522Z","deadline_at":"2026-09-27T17:58:06.522Z"},"queries":3,"pid":26264}

      168 |       }
      169 |       // Query shapes, outcomes, fixture identifiers and process IDs only; never parameters.
    > 170 |       console.warn(
          |               ^
      171 |         'PG17_PROCESS',
      172 |         JSON.stringify({
      173 |           name,

      at settleWorker (test/utils/g2-s10b-pg-harness.ts:170:15)
      at ChildProcess.<anonymous> (test/utils/g2-s10b-pg-harness.ts:189:7)

    console.warn
      PG17_PROCESS {"name":"g2s10b_40","options":{"registry":{"synthetic-src-a":["clients","programs","workouts"],"synthetic-src-b":["clients"]},"action":"declare","coach":"coach","intent":"547c2d17-8d2b-4cec-8e1e-be7cfe8bf201"},"result":{"intent_id":"547c2d17-8d2b-4cec-8e1e-be7cfe8bf201","challenge_b64":"pRkTrfFDtjma94/5BXXaVV5MyZxGPh4kcvXHzdA5tJc=","declared_at":"2026-09-27T17:53:08.349Z"},"queries":11,"pid":26293}

      168 |       }
      169 |       // Query shapes, outcomes, fixture identifiers and process IDs only; never parameters.
    > 170 |       console.warn(
          |               ^
      171 |         'PG17_PROCESS',
      172 |         JSON.stringify({
      173 |           name,

      at settleWorker (test/utils/g2-s10b-pg-harness.ts:170:15)
      at ChildProcess.<anonymous> (test/utils/g2-s10b-pg-harness.ts:189:7)

    console.warn
      PG17_PROCESS {"name":"g2s10b_41","options":{"registry":{"synthetic-src-a":["clients","programs","workouts"],"synthetic-src-b":["clients"]},"action":"observe","coach":"coach","intent":"547c2d17-8d2b-4cec-8e1e-be7cfe8bf201","failAfter":{"model":"scoutRunObservation","n":1}},"failure":{"status":500,"message":"Internal server error","injected":true},"queries":9,"pid":26322}

      168 |       }
      169 |       // Query shapes, outcomes, fixture identifiers and process IDs only; never parameters.
    > 170 |       console.warn(
          |               ^
      171 |         'PG17_PROCESS',
      172 |         JSON.stringify({
      173 |           name,

      at settleWorker (test/utils/g2-s10b-pg-harness.ts:170:15)
      at ChildProcess.<anonymous> (test/utils/g2-s10b-pg-harness.ts:189:7)

    console.warn
      PG17_PROCESS {"name":"g2s10b_42","options":{"action":"start","coach":"coach","intent":"953f1175-abe3-4861-b0f8-53c1238ce401"},"result":{"intent_id":"953f1175-abe3-4861-b0f8-53c1238ce401","mode":"server","phase":"discovering","execution_epoch":1,"accepted_start_at":"2026-09-27T17:53:12.101Z","deadline_at":"2026-09-27T17:58:12.101Z"},"queries":3,"pid":26359}

      168 |       }
      169 |       // Query shapes, outcomes, fixture identifiers and process IDs only; never parameters.
    > 170 |       console.warn(
          |               ^
      171 |         'PG17_PROCESS',
      172 |         JSON.stringify({
      173 |           name,

      at settleWorker (test/utils/g2-s10b-pg-harness.ts:170:15)
      at ChildProcess.<anonymous> (test/utils/g2-s10b-pg-harness.ts:189:7)

    console.warn
      PG17_PROCESS {"name":"g2s10b_43","options":{"registry":{"synthetic-src-a":["clients","programs","workouts"],"synthetic-src-b":["clients"]},"action":"declare","coach":"coach","intent":"953f1175-abe3-4861-b0f8-53c1238ce401"},"result":{"intent_id":"953f1175-abe3-4861-b0f8-53c1238ce401","challenge_b64":"hld1zZoSVObCdoFMcaLz1PGPuxoSjaiEbD6kswu0PJY=","declared_at":"2026-09-27T17:53:13.848Z"},"queries":11,"pid":26391}

      168 |       }
      169 |       // Query shapes, outcomes, fixture identifiers and process IDs only; never parameters.
    > 170 |       console.warn(
          |               ^
      171 |         'PG17_PROCESS',
      172 |         JSON.stringify({
      173 |           name,

      at settleWorker (test/utils/g2-s10b-pg-harness.ts:170:15)
      at ChildProcess.<anonymous> (test/utils/g2-s10b-pg-harness.ts:189:7)

    console.warn
      PG17_PROCESS {"name":"g2s10b_44","options":{"registry":{"synthetic-src-a":["clients","programs","workouts"],"synthetic-src-b":["clients"]},"action":"observe","coach":"coach","intent":"953f1175-abe3-4861-b0f8-53c1238ce401","rawBytes":32769},"failure":{"status":400,"message":"observation body rejected: too_large","response":{"message":"observation body rejected: too_large","error":"Bad Request","statusCode":400},"injected":false},"queries":0,"pid":26420}

      168 |       }
      169 |       // Query shapes, outcomes, fixture identifiers and process IDs only; never parameters.
    > 170 |       console.warn(
          |               ^
      171 |         'PG17_PROCESS',
      172 |         JSON.stringify({
      173 |           name,

      at settleWorker (test/utils/g2-s10b-pg-harness.ts:170:15)
      at ChildProcess.<anonymous> (test/utils/g2-s10b-pg-harness.ts:189:7)

    console.warn
      PG17_PROCESS {"name":"g2s10b_45","options":{"registry":{"synthetic-src-a":["clients","programs","workouts"],"synthetic-src-b":["clients"]},"action":"observe","coach":"other-coach","intent":"953f1175-abe3-4861-b0f8-53c1238ce401"},"failure":{"status":404,"message":"Not Found","response":{"message":"Not Found","statusCode":404},"injected":false},"queries":7,"pid":26447}

      168 |       }
      169 |       // Query shapes, outcomes, fixture identifiers and process IDs only; never parameters.
    > 170 |       console.warn(
          |               ^
      171 |         'PG17_PROCESS',
      172 |         JSON.stringify({
      173 |           name,

      at settleWorker (test/utils/g2-s10b-pg-harness.ts:170:15)
      at ChildProcess.<anonymous> (test/utils/g2-s10b-pg-harness.ts:189:7)

    console.warn
      PG17_PROCESS {"name":"g2s10b_46","options":{"action":"complete","coach":"coach","intent":"953f1175-abe3-4861-b0f8-53c1238ce401"},"result":{"acknowledged":true,"intent_id":"953f1175-abe3-4861-b0f8-53c1238ce401"},"queries":27,"pid":26476}

      168 |       }
      169 |       // Query shapes, outcomes, fixture identifiers and process IDs only; never parameters.
    > 170 |       console.warn(
          |               ^
      171 |         'PG17_PROCESS',
      172 |         JSON.stringify({
      173 |           name,

      at settleWorker (test/utils/g2-s10b-pg-harness.ts:170:15)
      at ChildProcess.<anonymous> (test/utils/g2-s10b-pg-harness.ts:189:7)

    console.warn
      PG17_PROCESS {"name":"g2s10b_47","options":{"registry":{"synthetic-src-a":["clients","programs","workouts"],"synthetic-src-b":["clients"]},"action":"observe","coach":"coach","intent":"953f1175-abe3-4861-b0f8-53c1238ce401"},"failure":{"status":409,"message":"The run for this intent has already reached a terminal state.","response":{"code":"run_terminal","message":"The run for this intent has already reached a terminal state."},"injected":false},"queries":5,"pid":26508}

      168 |       }
      169 |       // Query shapes, outcomes, fixture identifiers and process IDs only; never parameters.
    > 170 |       console.warn(
          |               ^
      171 |         'PG17_PROCESS',
      172 |         JSON.stringify({
      173 |           name,

      at settleWorker (test/utils/g2-s10b-pg-harness.ts:170:15)
      at ChildProcess.<anonymous> (test/utils/g2-s10b-pg-harness.ts:189:7)

    console.warn
      PG17_PROCESS {"name":"g2s10b_48","options":{"action":"start","coach":"coach","intent":"49225abf-67a7-444b-8e7d-0fcb67566368"},"result":{"intent_id":"49225abf-67a7-444b-8e7d-0fcb67566368","mode":"server","phase":"discovering","execution_epoch":1,"accepted_start_at":"2026-09-27T17:53:24.527Z","deadline_at":"2026-09-27T17:58:24.527Z"},"queries":3,"pid":26704}

      168 |       }
      169 |       // Query shapes, outcomes, fixture identifiers and process IDs only; never parameters.
    > 170 |       console.warn(
          |               ^
      171 |         'PG17_PROCESS',
      172 |         JSON.stringify({
      173 |           name,

      at settleWorker (test/utils/g2-s10b-pg-harness.ts:170:15)
      at ChildProcess.<anonymous> (test/utils/g2-s10b-pg-harness.ts:189:7)

    console.warn
      PG17_BLOCKED {"name":"g2s10b_49","rows":[{"type":"Lock","wait":"transactionid"}]}

      200 |       FROM pg_stat_activity WHERE application_name=${quote(name)} AND wait_event_type='Lock'`);
      201 |     if (rows.length > 0) {
    > 202 |       console.warn('PG17_BLOCKED', JSON.stringify({ name, rows }));
          |               ^
      203 |       return;
      204 |     }
      205 |     await new Promise((r) => setTimeout(r, 25));

      at blocked (test/utils/g2-s10b-pg-harness.ts:202:15)
      at Object.<anonymous> (test/rls-g2-s10b.spec.ts:573:5)

    console.warn
      PG17_PROCESS {"name":"g2s10b_49","options":{"registry":{"synthetic-src-a":["clients","programs","workouts"],"synthetic-src-b":["clients"]},"action":"declare","coach":"coach","intent":"49225abf-67a7-444b-8e7d-0fcb67566368"},"failure":{"status":409,"message":"The run has already staged rows or a claim; it can no longer be declared.","response":{"code":"declaration_after_ingest","message":"The run has already staged rows or a claim; it can no longer be declared."},"injected":false},"queries":8,"pid":26735}

      168 |       }
      169 |       // Query shapes, outcomes, fixture identifiers and process IDs only; never parameters.
    > 170 |       console.warn(
          |               ^
      171 |         'PG17_PROCESS',
      172 |         JSON.stringify({
      173 |           name,

      at settleWorker (test/utils/g2-s10b-pg-harness.ts:170:15)
      at ChildProcess.<anonymous> (test/utils/g2-s10b-pg-harness.ts:189:7)

    console.warn
      PG17_PROCESS {"name":"g2s10b_50","options":{"action":"start","coach":"coach","intent":"a00793a6-784c-4663-afba-f771ae956229"},"result":{"intent_id":"a00793a6-784c-4663-afba-f771ae956229","mode":"server","phase":"discovering","execution_epoch":1,"accepted_start_at":"2026-09-27T17:53:28.716Z","deadline_at":"2026-09-27T17:58:28.716Z"},"queries":3,"pid":26853}

      168 |       }
      169 |       // Query shapes, outcomes, fixture identifiers and process IDs only; never parameters.
    > 170 |       console.warn(
          |               ^
      171 |         'PG17_PROCESS',
      172 |         JSON.stringify({
      173 |           name,

      at settleWorker (test/utils/g2-s10b-pg-harness.ts:170:15)
      at ChildProcess.<anonymous> (test/utils/g2-s10b-pg-harness.ts:189:7)

    console.warn
      PG17_BLOCKED {"name":"g2s10b_52","rows":[{"type":"Lock","wait":"transactionid"}]}

      200 |       FROM pg_stat_activity WHERE application_name=${quote(name)} AND wait_event_type='Lock'`);
      201 |     if (rows.length > 0) {
    > 202 |       console.warn('PG17_BLOCKED', JSON.stringify({ name, rows }));
          |               ^
      203 |       return;
      204 |     }
      205 |     await new Promise((r) => setTimeout(r, 25));

      at blocked (test/utils/g2-s10b-pg-harness.ts:202:15)
      at Object.<anonymous> (test/rls-g2-s10b.spec.ts:594:5)

    console.warn
      PG17_PROCESS {"name":"g2s10b_52","options":{"action":"ingest","coach":"coach","intent":"a00793a6-784c-4663-afba-f771ae956229"},"result":{"received":1,"deduped":0},"queries":8,"pid":26911}

      168 |       }
      169 |       // Query shapes, outcomes, fixture identifiers and process IDs only; never parameters.
    > 170 |       console.warn(
          |               ^
      171 |         'PG17_PROCESS',
      172 |         JSON.stringify({
      173 |           name,

      at settleWorker (test/utils/g2-s10b-pg-harness.ts:170:15)
      at ChildProcess.<anonymous> (test/utils/g2-s10b-pg-harness.ts:189:7)

    console.warn
      PG17_PROCESS {"name":"g2s10b_51","options":{"registry":{"synthetic-src-a":["clients","programs","workouts"],"synthetic-src-b":["clients"]},"action":"declare","coach":"coach","intent":"a00793a6-784c-4663-afba-f771ae956229","pause":"locked","txTimeout":60000},"result":{"intent_id":"a00793a6-784c-4663-afba-f771ae956229","challenge_b64":"3UKlEQykWsQCZtZ2r1Ni9r7utM3zJZAWlt725PmEqsk=","declared_at":"2026-09-27T17:53:32.575Z"},"queries":11,"pid":26882}

      168 |       }
      169 |       // Query shapes, outcomes, fixture identifiers and process IDs only; never parameters.
    > 170 |       console.warn(
          |               ^
      171 |         'PG17_PROCESS',
      172 |         JSON.stringify({
      173 |           name,

      at settleWorker (test/utils/g2-s10b-pg-harness.ts:170:15)
      at ChildProcess.<anonymous> (test/utils/g2-s10b-pg-harness.ts:189:7)

    console.warn
      PG17_PROCESS {"name":"g2s10b_53","options":{"action":"start","coach":"coach","intent":"6894b422-de85-4052-ab30-ae8bd54681a0"},"result":{"intent_id":"6894b422-de85-4052-ab30-ae8bd54681a0","mode":"server","phase":"discovering","execution_epoch":1,"accepted_start_at":"2026-09-27T17:53:34.471Z","deadline_at":"2026-09-27T17:58:34.471Z"},"queries":3,"pid":27031}

      168 |       }
      169 |       // Query shapes, outcomes, fixture identifiers and process IDs only; never parameters.
    > 170 |       console.warn(
          |               ^
      171 |         'PG17_PROCESS',
      172 |         JSON.stringify({
      173 |           name,

      at settleWorker (test/utils/g2-s10b-pg-harness.ts:170:15)
      at ChildProcess.<anonymous> (test/utils/g2-s10b-pg-harness.ts:189:7)

    console.warn
      PG17_PROCESS {"name":"g2s10b_54","options":{"registry":{"synthetic-src-a":["clients","programs","workouts"],"synthetic-src-b":["clients"]},"action":"declare","coach":"coach","intent":"6894b422-de85-4052-ab30-ae8bd54681a0"},"result":{"intent_id":"6894b422-de85-4052-ab30-ae8bd54681a0","challenge_b64":"bRFq2pE9SbEbvw5U/EAibDbXCuoDddIeQPLLUZdEEa0=","declared_at":"2026-09-27T17:53:36.315Z"},"queries":11,"pid":27060}

      168 |       }
      169 |       // Query shapes, outcomes, fixture identifiers and process IDs only; never parameters.
    > 170 |       console.warn(
          |               ^
      171 |         'PG17_PROCESS',
      172 |         JSON.stringify({
      173 |           name,

      at settleWorker (test/utils/g2-s10b-pg-harness.ts:170:15)
      at ChildProcess.<anonymous> (test/utils/g2-s10b-pg-harness.ts:189:7)

    console.warn
      PG17_BLOCKED {"name":"g2s10b_56","rows":[{"type":"Lock","wait":"transactionid"}]}

      200 |       FROM pg_stat_activity WHERE application_name=${quote(name)} AND wait_event_type='Lock'`);
      201 |     if (rows.length > 0) {
    > 202 |       console.warn('PG17_BLOCKED', JSON.stringify({ name, rows }));
          |               ^
      203 |       return;
      204 |     }
      205 |     await new Promise((r) => setTimeout(r, 25));

      at blocked (test/utils/g2-s10b-pg-harness.ts:202:15)
      at Object.<anonymous> (test/rls-g2-s10b.spec.ts:623:5)

    console.warn
      PG17_PROCESS {"name":"g2s10b_56","options":{"registry":{"synthetic-src-a":["clients","programs","workouts"],"synthetic-src-b":["clients"]},"action":"observe","coach":"coach","intent":"6894b422-de85-4052-ab30-ae8bd54681a0"},"failure":{"status":409,"message":"The run has already been claimed; no further observations are accepted.","response":{"code":"observation_after_claim","message":"The run has already been claimed; no further observations are accepted."},"injected":false},"queries":6,"pid":27120}

      168 |       }
      169 |       // Query shapes, outcomes, fixture identifiers and process IDs only; never parameters.
    > 170 |       console.warn(
          |               ^
      171 |         'PG17_PROCESS',
      172 |         JSON.stringify({
      173 |           name,

      at settleWorker (test/utils/g2-s10b-pg-harness.ts:170:15)
      at ChildProcess.<anonymous> (test/utils/g2-s10b-pg-harness.ts:189:7)

    console.warn
      PG17_PROCESS {"name":"g2s10b_55","options":{"action":"complete","coach":"coach","intent":"6894b422-de85-4052-ab30-ae8bd54681a0","pause":"gated","txTimeout":60000},"result":{"acknowledged":true,"intent_id":"6894b422-de85-4052-ab30-ae8bd54681a0"},"queries":27,"pid":27090}

      168 |       }
      169 |       // Query shapes, outcomes, fixture identifiers and process IDs only; never parameters.
    > 170 |       console.warn(
          |               ^
      171 |         'PG17_PROCESS',
      172 |         JSON.stringify({
      173 |           name,

      at settleWorker (test/utils/g2-s10b-pg-harness.ts:170:15)
      at ChildProcess.<anonymous> (test/utils/g2-s10b-pg-harness.ts:189:7)

    console.warn
      PG17_PROCESS {"name":"g2s10b_57","options":{"action":"start","coach":"coach","intent":"48037606-dd5d-4b77-af91-65975173812f"},"result":{"intent_id":"48037606-dd5d-4b77-af91-65975173812f","mode":"server","phase":"discovering","execution_epoch":1,"accepted_start_at":"2026-09-27T17:53:42.122Z","deadline_at":"2026-09-27T17:58:42.122Z"},"queries":3,"pid":27239}

      168 |       }
      169 |       // Query shapes, outcomes, fixture identifiers and process IDs only; never parameters.
    > 170 |       console.warn(
          |               ^
      171 |         'PG17_PROCESS',
      172 |         JSON.stringify({
      173 |           name,

      at settleWorker (test/utils/g2-s10b-pg-harness.ts:170:15)
      at ChildProcess.<anonymous> (test/utils/g2-s10b-pg-harness.ts:189:7)

    console.warn
      PG17_PROCESS {"name":"g2s10b_58","options":{"registry":{"synthetic-src-a":["clients","programs","workouts"],"synthetic-src-b":["clients"]},"action":"declare","coach":"coach","intent":"48037606-dd5d-4b77-af91-65975173812f"},"result":{"intent_id":"48037606-dd5d-4b77-af91-65975173812f","challenge_b64":"pLbZva8EMX+zUUDUXANqiphP5wG7kteolFVJTu8NxsI=","declared_at":"2026-09-27T17:53:43.860Z"},"queries":11,"pid":27270}

      168 |       }
      169 |       // Query shapes, outcomes, fixture identifiers and process IDs only; never parameters.
    > 170 |       console.warn(
          |               ^
      171 |         'PG17_PROCESS',
      172 |         JSON.stringify({
      173 |           name,

      at settleWorker (test/utils/g2-s10b-pg-harness.ts:170:15)
      at ChildProcess.<anonymous> (test/utils/g2-s10b-pg-harness.ts:189:7)

    console.warn
      PG17_BLOCKED {"name":"g2s10b_60","rows":[{"type":"Lock","wait":"transactionid"}]}

      200 |       FROM pg_stat_activity WHERE application_name=${quote(name)} AND wait_event_type='Lock'`);
      201 |     if (rows.length > 0) {
    > 202 |       console.warn('PG17_BLOCKED', JSON.stringify({ name, rows }));
          |               ^
      203 |       return;
      204 |     }
      205 |     await new Promise((r) => setTimeout(r, 25));

      at blocked (test/utils/g2-s10b-pg-harness.ts:202:15)
      at Object.<anonymous> (test/rls-g2-s10b.spec.ts:647:5)

    console.warn
      PG17_PROCESS {"name":"g2s10b_59","options":{"registry":{"synthetic-src-a":["clients","programs","workouts"],"synthetic-src-b":["clients"]},"action":"observe","coach":"coach","intent":"48037606-dd5d-4b77-af91-65975173812f","pause":"locked","txTimeout":60000},"result":{"intent_id":"48037606-dd5d-4b77-af91-65975173812f","execution_epoch":1,"stored":1,"replayed":0},"queries":9,"pid":27316}

      168 |       }
      169 |       // Query shapes, outcomes, fixture identifiers and process IDs only; never parameters.
    > 170 |       console.warn(
          |               ^
      171 |         'PG17_PROCESS',
      172 |         JSON.stringify({
      173 |           name,

      at settleWorker (test/utils/g2-s10b-pg-harness.ts:170:15)
      at ChildProcess.<anonymous> (test/utils/g2-s10b-pg-harness.ts:189:7)

    console.warn
      PG17_PROCESS {"name":"g2s10b_60","options":{"action":"complete","coach":"coach","intent":"48037606-dd5d-4b77-af91-65975173812f"},"result":{"acknowledged":true,"intent_id":"48037606-dd5d-4b77-af91-65975173812f"},"queries":27,"pid":27345}

      168 |       }
      169 |       // Query shapes, outcomes, fixture identifiers and process IDs only; never parameters.
    > 170 |       console.warn(
          |               ^
      171 |         'PG17_PROCESS',
      172 |         JSON.stringify({
      173 |           name,

      at settleWorker (test/utils/g2-s10b-pg-harness.ts:170:15)
      at ChildProcess.<anonymous> (test/utils/g2-s10b-pg-harness.ts:189:7)

PASS rls-live test/rls-g2-s10c.spec.ts (73.024 s)
  ● Console

    console.warn
      PG17_PROCESS {"name":"g2s10b_1","options":{"action":"start","coach":"coach","intent":"c4241358-a222-4c25-9459-7689b1a8be86"},"result":{"intent_id":"c4241358-a222-4c25-9459-7689b1a8be86","mode":"server","phase":"discovering","execution_epoch":1,"accepted_start_at":"2026-09-27T17:53:50.922Z","deadline_at":"2026-09-27T17:58:50.922Z"},"queries":3,"pid":27543}

      168 |       }
      169 |       // Query shapes, outcomes, fixture identifiers and process IDs only; never parameters.
    > 170 |       console.warn(
          |               ^
      171 |         'PG17_PROCESS',
      172 |         JSON.stringify({
      173 |           name,

      at settleWorker (test/utils/g2-s10b-pg-harness.ts:170:15)
      at ChildProcess.<anonymous> (test/utils/g2-s10b-pg-harness.ts:189:7)

    console.warn
      PG17_PROCESS {"name":"g2s10b_2","options":{"registry":{"synthetic-src-a":["clients","programs","workouts"],"synthetic-src-b":["clients"]},"action":"declare","coach":"coach","intent":"c4241358-a222-4c25-9459-7689b1a8be86"},"result":{"intent_id":"c4241358-a222-4c25-9459-7689b1a8be86","challenge_b64":"RQ7g8MROs7CvofX+mrQeWQ+HcDH1guRUeTTlUgeomAA=","declared_at":"2026-09-27T17:53:52.745Z"},"queries":11,"pid":27574}

      168 |       }
      169 |       // Query shapes, outcomes, fixture identifiers and process IDs only; never parameters.
    > 170 |       console.warn(
          |               ^
      171 |         'PG17_PROCESS',
      172 |         JSON.stringify({
      173 |           name,

      at settleWorker (test/utils/g2-s10b-pg-harness.ts:170:15)
      at ChildProcess.<anonymous> (test/utils/g2-s10b-pg-harness.ts:189:7)

    console.warn
      PG17_PROCESS {"name":"g2s10b_3","options":{"registry":{"synthetic-src-a":["clients","programs","workouts"],"synthetic-src-b":["clients"]},"action":"observe","coach":"coach","intent":"c4241358-a222-4c25-9459-7689b1a8be86"},"result":{"intent_id":"c4241358-a222-4c25-9459-7689b1a8be86","execution_epoch":1,"stored":1,"replayed":0},"queries":9,"pid":27607}

      168 |       }
      169 |       // Query shapes, outcomes, fixture identifiers and process IDs only; never parameters.
    > 170 |       console.warn(
          |               ^
      171 |         'PG17_PROCESS',
      172 |         JSON.stringify({
      173 |           name,

      at settleWorker (test/utils/g2-s10b-pg-harness.ts:170:15)
      at ChildProcess.<anonymous> (test/utils/g2-s10b-pg-harness.ts:189:7)

    console.warn
      PG17_PROCESS {"name":"g2s10b_4","options":{"action":"complete","coach":"coach","intent":"c4241358-a222-4c25-9459-7689b1a8be86"},"result":{"acknowledged":true,"intent_id":"c4241358-a222-4c25-9459-7689b1a8be86"},"queries":47,"pid":27641}

      168 |       }
      169 |       // Query shapes, outcomes, fixture identifiers and process IDs only; never parameters.
    > 170 |       console.warn(
          |               ^
      171 |         'PG17_PROCESS',
      172 |         JSON.stringify({
      173 |           name,

      at settleWorker (test/utils/g2-s10b-pg-harness.ts:170:15)
      at ChildProcess.<anonymous> (test/utils/g2-s10b-pg-harness.ts:189:7)

    console.warn
      PG17_PROCESS {"name":"g2s10b_5","options":{"action":"start","coach":"coach","intent":"4eb96e2c-3567-421a-aa31-6c99137e124d"},"result":{"intent_id":"4eb96e2c-3567-421a-aa31-6c99137e124d","mode":"server","phase":"discovering","execution_epoch":1,"accepted_start_at":"2026-09-27T17:53:58.394Z","deadline_at":"2026-09-27T17:58:58.394Z"},"queries":3,"pid":27685}

      168 |       }
      169 |       // Query shapes, outcomes, fixture identifiers and process IDs only; never parameters.
    > 170 |       console.warn(
          |               ^
      171 |         'PG17_PROCESS',
      172 |         JSON.stringify({
      173 |           name,

      at settleWorker (test/utils/g2-s10b-pg-harness.ts:170:15)
      at ChildProcess.<anonymous> (test/utils/g2-s10b-pg-harness.ts:189:7)

    console.warn
      PG17_PROCESS {"name":"g2s10b_6","options":{"registry":{"synthetic-src-a":["clients","programs","workouts"],"synthetic-src-b":["clients"]},"action":"declare","coach":"coach","intent":"4eb96e2c-3567-421a-aa31-6c99137e124d"},"result":{"intent_id":"4eb96e2c-3567-421a-aa31-6c99137e124d","challenge_b64":"OkHjox0zbjtPiiig4x811WqhAMMb1A9t3G80FT2M6sc=","declared_at":"2026-09-27T17:54:00.113Z"},"queries":11,"pid":27714}

      168 |       }
      169 |       // Query shapes, outcomes, fixture identifiers and process IDs only; never parameters.
    > 170 |       console.warn(
          |               ^
      171 |         'PG17_PROCESS',
      172 |         JSON.stringify({
      173 |           name,

      at settleWorker (test/utils/g2-s10b-pg-harness.ts:170:15)
      at ChildProcess.<anonymous> (test/utils/g2-s10b-pg-harness.ts:189:7)

    console.warn
      PG17_PROCESS {"name":"g2s10b_7","options":{"registry":{"synthetic-src-a":["clients","programs","workouts"],"synthetic-src-b":["clients"]},"action":"observe","coach":"coach","intent":"4eb96e2c-3567-421a-aa31-6c99137e124d"},"result":{"intent_id":"4eb96e2c-3567-421a-aa31-6c99137e124d","execution_epoch":1,"stored":1,"replayed":0},"queries":9,"pid":27747}

      168 |       }
      169 |       // Query shapes, outcomes, fixture identifiers and process IDs only; never parameters.
    > 170 |       console.warn(
          |               ^
      171 |         'PG17_PROCESS',
      172 |         JSON.stringify({
      173 |           name,

      at settleWorker (test/utils/g2-s10b-pg-harness.ts:170:15)
      at ChildProcess.<anonymous> (test/utils/g2-s10b-pg-harness.ts:189:7)

    console.warn
      PG17_PROCESS {"name":"g2s10b_8","options":{"action":"complete","coach":"coach","intent":"4eb96e2c-3567-421a-aa31-6c99137e124d"},"result":{"acknowledged":true,"intent_id":"4eb96e2c-3567-421a-aa31-6c99137e124d"},"queries":47,"pid":27782}

      168 |       }
      169 |       // Query shapes, outcomes, fixture identifiers and process IDs only; never parameters.
    > 170 |       console.warn(
          |               ^
      171 |         'PG17_PROCESS',
      172 |         JSON.stringify({
      173 |           name,

      at settleWorker (test/utils/g2-s10b-pg-harness.ts:170:15)
      at ChildProcess.<anonymous> (test/utils/g2-s10b-pg-harness.ts:189:7)

    console.warn
      PG17_PROCESS {"name":"g2s10b_9","options":{"action":"complete","coach":"coach","intent":"4eb96e2c-3567-421a-aa31-6c99137e124d"},"result":{"acknowledged":true,"intent_id":"4eb96e2c-3567-421a-aa31-6c99137e124d"},"queries":8,"pid":27814}

      168 |       }
      169 |       // Query shapes, outcomes, fixture identifiers and process IDs only; never parameters.
    > 170 |       console.warn(
          |               ^
      171 |         'PG17_PROCESS',
      172 |         JSON.stringify({
      173 |           name,

      at settleWorker (test/utils/g2-s10b-pg-harness.ts:170:15)
      at ChildProcess.<anonymous> (test/utils/g2-s10b-pg-harness.ts:189:7)

    console.warn
      PG17_PROCESS {"name":"g2s10b_10","options":{"action":"start","coach":"coach","intent":"9af0e41f-9f30-458c-8b5b-ddd205ba9a56"},"result":{"intent_id":"9af0e41f-9f30-458c-8b5b-ddd205ba9a56","mode":"server","phase":"discovering","execution_epoch":1,"accepted_start_at":"2026-09-27T17:54:07.598Z","deadline_at":"2026-09-27T17:59:07.598Z"},"queries":3,"pid":27854}

      168 |       }
      169 |       // Query shapes, outcomes, fixture identifiers and process IDs only; never parameters.
    > 170 |       console.warn(
          |               ^
      171 |         'PG17_PROCESS',
      172 |         JSON.stringify({
      173 |           name,

      at settleWorker (test/utils/g2-s10b-pg-harness.ts:170:15)
      at ChildProcess.<anonymous> (test/utils/g2-s10b-pg-harness.ts:189:7)

    console.warn
      PG17_PROCESS {"name":"g2s10b_11","options":{"registry":{"synthetic-src-a":["clients","programs","workouts"],"synthetic-src-b":["clients"]},"action":"declare","coach":"coach","intent":"9af0e41f-9f30-458c-8b5b-ddd205ba9a56"},"result":{"intent_id":"9af0e41f-9f30-458c-8b5b-ddd205ba9a56","challenge_b64":"JAm6I3T6NpQujEDbE5+4Gj0Dx3mH/TcuSTTHwRozyTU=","declared_at":"2026-09-27T17:54:09.629Z"},"queries":11,"pid":27883}

      168 |       }
      169 |       // Query shapes, outcomes, fixture identifiers and process IDs only; never parameters.
    > 170 |       console.warn(
          |               ^
      171 |         'PG17_PROCESS',
      172 |         JSON.stringify({
      173 |           name,

      at settleWorker (test/utils/g2-s10b-pg-harness.ts:170:15)
      at ChildProcess.<anonymous> (test/utils/g2-s10b-pg-harness.ts:189:7)

    console.warn
      PG17_PROCESS {"name":"g2s10b_12","options":{"registry":{"synthetic-src-a":["clients","programs","workouts"],"synthetic-src-b":["clients"]},"action":"observe","coach":"coach","intent":"9af0e41f-9f30-458c-8b5b-ddd205ba9a56"},"result":{"intent_id":"9af0e41f-9f30-458c-8b5b-ddd205ba9a56","execution_epoch":1,"stored":1,"replayed":0},"queries":9,"pid":27918}

      168 |       }
      169 |       // Query shapes, outcomes, fixture identifiers and process IDs only; never parameters.
    > 170 |       console.warn(
          |               ^
      171 |         'PG17_PROCESS',
      172 |         JSON.stringify({
      173 |           name,

      at settleWorker (test/utils/g2-s10b-pg-harness.ts:170:15)
      at ChildProcess.<anonymous> (test/utils/g2-s10b-pg-harness.ts:189:7)

    console.warn
      PG17_PROCESS {"name":"g2s10b_13","options":{"action":"complete","coach":"coach","intent":"9af0e41f-9f30-458c-8b5b-ddd205ba9a56"},"result":{"acknowledged":true,"intent_id":"9af0e41f-9f30-458c-8b5b-ddd205ba9a56"},"queries":47,"pid":27954}

      168 |       }
      169 |       // Query shapes, outcomes, fixture identifiers and process IDs only; never parameters.
    > 170 |       console.warn(
          |               ^
      171 |         'PG17_PROCESS',
      172 |         JSON.stringify({
      173 |           name,

      at settleWorker (test/utils/g2-s10b-pg-harness.ts:170:15)
      at ChildProcess.<anonymous> (test/utils/g2-s10b-pg-harness.ts:189:7)

    console.warn
      PG17_PROCESS {"name":"g2s10b_14","options":{"action":"start","coach":"coach","intent":"f8cb467b-c45d-4d28-81d6-ed021fcbfaf9"},"result":{"intent_id":"f8cb467b-c45d-4d28-81d6-ed021fcbfaf9","mode":"server","phase":"discovering","execution_epoch":1,"accepted_start_at":"2026-09-27T17:54:15.333Z","deadline_at":"2026-09-27T17:59:15.333Z"},"queries":3,"pid":28009}

      168 |       }
      169 |       // Query shapes, outcomes, fixture identifiers and process IDs only; never parameters.
    > 170 |       console.warn(
          |               ^
      171 |         'PG17_PROCESS',
      172 |         JSON.stringify({
      173 |           name,

      at settleWorker (test/utils/g2-s10b-pg-harness.ts:170:15)
      at ChildProcess.<anonymous> (test/utils/g2-s10b-pg-harness.ts:189:7)

    console.warn
      PG17_PROCESS {"name":"g2s10b_15","options":{"registry":{"synthetic-src-a":["clients","programs","workouts"],"synthetic-src-b":["clients"]},"action":"declare","coach":"coach","intent":"f8cb467b-c45d-4d28-81d6-ed021fcbfaf9"},"result":{"intent_id":"f8cb467b-c45d-4d28-81d6-ed021fcbfaf9","challenge_b64":"6BV9MpMNx9XKJBrkdSq/FzjDrJsgLrQ7/a2ZFawCvkI=","declared_at":"2026-09-27T17:54:17.306Z"},"queries":11,"pid":28040}

      168 |       }
      169 |       // Query shapes, outcomes, fixture identifiers and process IDs only; never parameters.
    > 170 |       console.warn(
          |               ^
      171 |         'PG17_PROCESS',
      172 |         JSON.stringify({
      173 |           name,

      at settleWorker (test/utils/g2-s10b-pg-harness.ts:170:15)
      at ChildProcess.<anonymous> (test/utils/g2-s10b-pg-harness.ts:189:7)

    console.warn
      PG17_PROCESS {"name":"g2s10b_16","options":{"registry":{"synthetic-src-a":["clients","programs","workouts"],"synthetic-src-b":["clients"]},"action":"observe","coach":"coach","intent":"f8cb467b-c45d-4d28-81d6-ed021fcbfaf9"},"result":{"intent_id":"f8cb467b-c45d-4d28-81d6-ed021fcbfaf9","execution_epoch":1,"stored":1,"replayed":0},"queries":9,"pid":28086}

      168 |       }
      169 |       // Query shapes, outcomes, fixture identifiers and process IDs only; never parameters.
    > 170 |       console.warn(
          |               ^
      171 |         'PG17_PROCESS',
      172 |         JSON.stringify({
      173 |           name,

      at settleWorker (test/utils/g2-s10b-pg-harness.ts:170:15)
      at ChildProcess.<anonymous> (test/utils/g2-s10b-pg-harness.ts:189:7)

    console.warn
      PG17_PROCESS {"name":"g2s10b_17","options":{"action":"fence","coach":"coach","intent":"f8cb467b-c45d-4d28-81d6-ed021fcbfaf9"},"result":{"terminal_status":"blocked","reason_code":"revoked","execution_epoch":2},"queries":7,"pid":28119}

      168 |       }
      169 |       // Query shapes, outcomes, fixture identifiers and process IDs only; never parameters.
    > 170 |       console.warn(
          |               ^
      171 |         'PG17_PROCESS',
      172 |         JSON.stringify({
      173 |           name,

      at settleWorker (test/utils/g2-s10b-pg-harness.ts:170:15)
      at ChildProcess.<anonymous> (test/utils/g2-s10b-pg-harness.ts:189:7)

    console.warn
      PG17_PROCESS {"name":"g2s10b_18","options":{"action":"complete","coach":"coach","intent":"f8cb467b-c45d-4d28-81d6-ed021fcbfaf9"},"result":{"acknowledged":true,"intent_id":"f8cb467b-c45d-4d28-81d6-ed021fcbfaf9"},"queries":8,"pid":28154}

      168 |       }
      169 |       // Query shapes, outcomes, fixture identifiers and process IDs only; never parameters.
    > 170 |       console.warn(
          |               ^
      171 |         'PG17_PROCESS',
      172 |         JSON.stringify({
      173 |           name,

      at settleWorker (test/utils/g2-s10b-pg-harness.ts:170:15)
      at ChildProcess.<anonymous> (test/utils/g2-s10b-pg-harness.ts:189:7)

    console.warn
      PG17_PROCESS {"name":"g2s10b_19","options":{"action":"start","coach":"coach","intent":"b90c5f47-5d7d-427c-bd82-d4af26ac31de"},"result":{"intent_id":"b90c5f47-5d7d-427c-bd82-d4af26ac31de","mode":"server","phase":"discovering","execution_epoch":1,"accepted_start_at":"2026-09-27T17:54:24.739Z","deadline_at":"2026-09-27T17:59:24.739Z"},"queries":3,"pid":28194}

      168 |       }
      169 |       // Query shapes, outcomes, fixture identifiers and process IDs only; never parameters.
    > 170 |       console.warn(
          |               ^
      171 |         'PG17_PROCESS',
      172 |         JSON.stringify({
      173 |           name,

      at settleWorker (test/utils/g2-s10b-pg-harness.ts:170:15)
      at ChildProcess.<anonymous> (test/utils/g2-s10b-pg-harness.ts:189:7)

    console.warn
      PG17_PROCESS {"name":"g2s10b_20","options":{"registry":{"synthetic-src-a":["clients","programs","workouts"],"synthetic-src-b":["clients"]},"action":"declare","coach":"coach","intent":"b90c5f47-5d7d-427c-bd82-d4af26ac31de"},"result":{"intent_id":"b90c5f47-5d7d-427c-bd82-d4af26ac31de","challenge_b64":"opMITXpwa5ro9CAio6J+WFrAo3h8NOoU8x2MamslXU8=","declared_at":"2026-09-27T17:54:26.606Z"},"queries":11,"pid":28223}

      168 |       }
      169 |       // Query shapes, outcomes, fixture identifiers and process IDs only; never parameters.
    > 170 |       console.warn(
          |               ^
      171 |         'PG17_PROCESS',
      172 |         JSON.stringify({
      173 |           name,

      at settleWorker (test/utils/g2-s10b-pg-harness.ts:170:15)
      at ChildProcess.<anonymous> (test/utils/g2-s10b-pg-harness.ts:189:7)

    console.warn
      PG17_PROCESS {"name":"g2s10b_21","options":{"registry":{"synthetic-src-a":["clients","programs","workouts"],"synthetic-src-b":["clients"]},"action":"observe","coach":"coach","intent":"b90c5f47-5d7d-427c-bd82-d4af26ac31de"},"result":{"intent_id":"b90c5f47-5d7d-427c-bd82-d4af26ac31de","execution_epoch":1,"stored":1,"replayed":0},"queries":9,"pid":28256}

      168 |       }
      169 |       // Query shapes, outcomes, fixture identifiers and process IDs only; never parameters.
    > 170 |       console.warn(
          |               ^
      171 |         'PG17_PROCESS',
      172 |         JSON.stringify({
      173 |           name,

      at settleWorker (test/utils/g2-s10b-pg-harness.ts:170:15)
      at ChildProcess.<anonymous> (test/utils/g2-s10b-pg-harness.ts:189:7)

    console.warn
      PG17_PROCESS {"name":"g2s10b_22","options":{"action":"complete","coach":"coach","intent":"b90c5f47-5d7d-427c-bd82-d4af26ac31de","failAfter":{"model":"scoutRunSettledBasis","n":0}},"failure":{"status":500,"message":"Internal server error","injected":true},"queries":46,"pid":28289}

      168 |       }
      169 |       // Query shapes, outcomes, fixture identifiers and process IDs only; never parameters.
    > 170 |       console.warn(
          |               ^
      171 |         'PG17_PROCESS',
      172 |         JSON.stringify({
      173 |           name,

      at settleWorker (test/utils/g2-s10b-pg-harness.ts:170:15)
      at ChildProcess.<anonymous> (test/utils/g2-s10b-pg-harness.ts:189:7)

    console.warn
      PG17_PROCESS {"name":"g2s10b_23","options":{"action":"complete","coach":"coach","intent":"b90c5f47-5d7d-427c-bd82-d4af26ac31de"},"result":{"acknowledged":true,"intent_id":"b90c5f47-5d7d-427c-bd82-d4af26ac31de"},"queries":52,"pid":28323}

      168 |       }
      169 |       // Query shapes, outcomes, fixture identifiers and process IDs only; never parameters.
    > 170 |       console.warn(
          |               ^
      171 |         'PG17_PROCESS',
      172 |         JSON.stringify({
      173 |           name,

      at settleWorker (test/utils/g2-s10b-pg-harness.ts:170:15)
      at ChildProcess.<anonymous> (test/utils/g2-s10b-pg-harness.ts:189:7)

    console.warn
      PG17_PROCESS {"name":"g2s10b_24","options":{"action":"start","coach":"coach","intent":"41ec1997-9c84-47fb-ad8a-82edada9df89"},"result":{"intent_id":"41ec1997-9c84-47fb-ad8a-82edada9df89","mode":"server","phase":"discovering","execution_epoch":1,"accepted_start_at":"2026-09-27T17:54:33.911Z","deadline_at":"2026-09-27T17:59:33.911Z"},"queries":3,"pid":28365}

      168 |       }
      169 |       // Query shapes, outcomes, fixture identifiers and process IDs only; never parameters.
    > 170 |       console.warn(
          |               ^
      171 |         'PG17_PROCESS',
      172 |         JSON.stringify({
      173 |           name,

      at settleWorker (test/utils/g2-s10b-pg-harness.ts:170:15)
      at ChildProcess.<anonymous> (test/utils/g2-s10b-pg-harness.ts:189:7)

    console.warn
      PG17_PROCESS {"name":"g2s10b_25","options":{"registry":{"synthetic-src-a":["clients","programs","workouts"],"synthetic-src-b":["clients"]},"action":"declare","coach":"coach","intent":"41ec1997-9c84-47fb-ad8a-82edada9df89"},"result":{"intent_id":"41ec1997-9c84-47fb-ad8a-82edada9df89","challenge_b64":"8CrLCCzwsfDnsflh5r41UP0Bpbo0gJQaRkcReK8TUrs=","declared_at":"2026-09-27T17:54:35.614Z"},"queries":11,"pid":28394}

      168 |       }
      169 |       // Query shapes, outcomes, fixture identifiers and process IDs only; never parameters.
    > 170 |       console.warn(
          |               ^
      171 |         'PG17_PROCESS',
      172 |         JSON.stringify({
      173 |           name,

      at settleWorker (test/utils/g2-s10b-pg-harness.ts:170:15)
      at ChildProcess.<anonymous> (test/utils/g2-s10b-pg-harness.ts:189:7)

    console.warn
      PG17_PROCESS {"name":"g2s10b_26","options":{"registry":{"synthetic-src-a":["clients","programs","workouts"],"synthetic-src-b":["clients"]},"action":"observe","coach":"coach","intent":"41ec1997-9c84-47fb-ad8a-82edada9df89"},"result":{"intent_id":"41ec1997-9c84-47fb-ad8a-82edada9df89","execution_epoch":1,"stored":1,"replayed":0},"queries":9,"pid":28428}

      168 |       }
      169 |       // Query shapes, outcomes, fixture identifiers and process IDs only; never parameters.
    > 170 |       console.warn(
          |               ^
      171 |         'PG17_PROCESS',
      172 |         JSON.stringify({
      173 |           name,

      at settleWorker (test/utils/g2-s10b-pg-harness.ts:170:15)
      at ChildProcess.<anonymous> (test/utils/g2-s10b-pg-harness.ts:189:7)

    console.warn
      PG17_BLOCKED {"name":"g2s10b_28","rows":[{"type":"Lock","wait":"transactionid"}]}

      200 |       FROM pg_stat_activity WHERE application_name=${quote(name)} AND wait_event_type='Lock'`);
      201 |     if (rows.length > 0) {
    > 202 |       console.warn('PG17_BLOCKED', JSON.stringify({ name, rows }));
          |               ^
      203 |       return;
      204 |     }
      205 |     await new Promise((r) => setTimeout(r, 25));

      at blocked (test/utils/g2-s10b-pg-harness.ts:202:15)
      at Object.<anonymous> (test/rls-g2-s10c.spec.ts:262:5)

    console.warn
      PG17_PROCESS {"name":"g2s10b_28","options":{"action":"complete","coach":"coach","intent":"41ec1997-9c84-47fb-ad8a-82edada9df89"},"result":{"acknowledged":true,"intent_id":"41ec1997-9c84-47fb-ad8a-82edada9df89"},"queries":8,"pid":28491}

      168 |       }
      169 |       // Query shapes, outcomes, fixture identifiers and process IDs only; never parameters.
    > 170 |       console.warn(
          |               ^
      171 |         'PG17_PROCESS',
      172 |         JSON.stringify({
      173 |           name,

      at settleWorker (test/utils/g2-s10b-pg-harness.ts:170:15)
      at ChildProcess.<anonymous> (test/utils/g2-s10b-pg-harness.ts:189:7)

    console.warn
      PG17_PROCESS {"name":"g2s10b_27","options":{"action":"complete","coach":"coach","intent":"41ec1997-9c84-47fb-ad8a-82edada9df89","pause":"locked","txTimeout":60000},"result":{"acknowledged":true,"intent_id":"41ec1997-9c84-47fb-ad8a-82edada9df89"},"queries":47,"pid":28461}

      168 |       }
      169 |       // Query shapes, outcomes, fixture identifiers and process IDs only; never parameters.
    > 170 |       console.warn(
          |               ^
      171 |         'PG17_PROCESS',
      172 |         JSON.stringify({
      173 |           name,

      at settleWorker (test/utils/g2-s10b-pg-harness.ts:170:15)
      at ChildProcess.<anonymous> (test/utils/g2-s10b-pg-harness.ts:189:7)

    console.warn
      PG17_PROCESS {"name":"g2s10b_29","options":{"action":"start","coach":"coach","intent":"a07a2c6c-0e85-4801-a381-1573a085e9b2"},"result":{"intent_id":"a07a2c6c-0e85-4801-a381-1573a085e9b2","mode":"server","phase":"discovering","execution_epoch":1,"accepted_start_at":"2026-09-27T17:54:43.164Z","deadline_at":"2026-09-27T17:59:43.164Z"},"queries":3,"pid":28612}

      168 |       }
      169 |       // Query shapes, outcomes, fixture identifiers and process IDs only; never parameters.
    > 170 |       console.warn(
          |               ^
      171 |         'PG17_PROCESS',
      172 |         JSON.stringify({
      173 |           name,

      at settleWorker (test/utils/g2-s10b-pg-harness.ts:170:15)
      at ChildProcess.<anonymous> (test/utils/g2-s10b-pg-harness.ts:189:7)

    console.warn
      PG17_PROCESS {"name":"g2s10b_30","options":{"registry":{"synthetic-src-a":["clients","programs","workouts"],"synthetic-src-b":["clients"]},"action":"declare","coach":"coach","intent":"a07a2c6c-0e85-4801-a381-1573a085e9b2"},"result":{"intent_id":"a07a2c6c-0e85-4801-a381-1573a085e9b2","challenge_b64":"TWMEwY46aOCJH73V+uGTXMaxwZJXhhMC2Sjb9O9ybo4=","declared_at":"2026-09-27T17:54:44.957Z"},"queries":11,"pid":28641}

      168 |       }
      169 |       // Query shapes, outcomes, fixture identifiers and process IDs only; never parameters.
    > 170 |       console.warn(
          |               ^
      171 |         'PG17_PROCESS',
      172 |         JSON.stringify({
      173 |           name,

      at settleWorker (test/utils/g2-s10b-pg-harness.ts:170:15)
      at ChildProcess.<anonymous> (test/utils/g2-s10b-pg-harness.ts:189:7)

    console.warn
      PG17_PROCESS {"name":"g2s10b_31","options":{"registry":{"synthetic-src-a":["clients","programs","workouts"],"synthetic-src-b":["clients"]},"action":"observe","coach":"coach","intent":"a07a2c6c-0e85-4801-a381-1573a085e9b2"},"result":{"intent_id":"a07a2c6c-0e85-4801-a381-1573a085e9b2","execution_epoch":1,"stored":1,"replayed":0},"queries":9,"pid":28674}

      168 |       }
      169 |       // Query shapes, outcomes, fixture identifiers and process IDs only; never parameters.
    > 170 |       console.warn(
          |               ^
      171 |         'PG17_PROCESS',
      172 |         JSON.stringify({
      173 |           name,

      at settleWorker (test/utils/g2-s10b-pg-harness.ts:170:15)
      at ChildProcess.<anonymous> (test/utils/g2-s10b-pg-harness.ts:189:7)

    console.warn
      PG17_PROCESS {"name":"g2s10b_32","options":{"action":"complete","coach":"coach","intent":"a07a2c6c-0e85-4801-a381-1573a085e9b2"},"result":{"acknowledged":true,"intent_id":"a07a2c6c-0e85-4801-a381-1573a085e9b2"},"queries":47,"pid":28707}

      168 |       }
      169 |       // Query shapes, outcomes, fixture identifiers and process IDs only; never parameters.
    > 170 |       console.warn(
          |               ^
      171 |         'PG17_PROCESS',
      172 |         JSON.stringify({
      173 |           name,

      at settleWorker (test/utils/g2-s10b-pg-harness.ts:170:15)
      at ChildProcess.<anonymous> (test/utils/g2-s10b-pg-harness.ts:189:7)

    console.warn
      PG17_PROCESS {"name":"g2s10b_33","options":{"action":"status","coach":"coach","intent":"a07a2c6c-0e85-4801-a381-1573a085e9b2"},"result":{"intent_id":"a07a2c6c-0e85-4801-a381-1573a085e9b2","status":"partial","entity_counts":[{"entity_type":"clients","committed":2}],"started_at":"2026-09-27T17:54:44.994Z","completed_at":"2026-09-27T17:54:48.621Z","mode":"server","phase":"reconciling","accepted_start_at":"2026-09-27T17:54:43.164Z","deadline_at":"2026-09-27T17:59:43.164Z","last_observed_at":"2026-09-27T17:54:48.616Z","execution_epoch":1,"reason_code":"unresolved_family","claimed_status":"success","families":[{"family":"clients","observed_unique":null,"staged_unique":2,"created_native":null,"already_present_verified":null,"rejected":2,"unresolved":0,"ledger":{"reconstructed":0,"skipped":2,"failed":0},"canonical_family":null,"native_present_verified":0,"completeness_basis":"none","relationship_closure":"not_applicable","reasons":[{"code":"unsupported_platform:synthetic-src-a","count":2}],"qualifiers":[]}]},"queries":9,"pid":28737}

      168 |       }
      169 |       // Query shapes, outcomes, fixture identifiers and process IDs only; never parameters.
    > 170 |       console.warn(
          |               ^
      171 |         'PG17_PROCESS',
      172 |         JSON.stringify({
      173 |           name,

      at settleWorker (test/utils/g2-s10b-pg-harness.ts:170:15)
      at ChildProcess.<anonymous> (test/utils/g2-s10b-pg-harness.ts:189:7)

    console.warn
      PG17_PROCESS {"name":"g2s10b_34","options":{"action":"status","coach":"coach","intent":"a07a2c6c-0e85-4801-a381-1573a085e9b2"},"result":{"intent_id":"a07a2c6c-0e85-4801-a381-1573a085e9b2","status":"partial","entity_counts":[{"entity_type":"clients","committed":3}],"started_at":"2026-09-27T17:54:44.994Z","completed_at":"2026-09-27T17:54:48.621Z","mode":"server","phase":"reconciling","accepted_start_at":"2026-09-27T17:54:43.164Z","deadline_at":"2026-09-27T17:59:43.164Z","last_observed_at":"2026-09-27T17:54:48.616Z","execution_epoch":1,"reason_code":"unresolved_family","claimed_status":"success","families":[{"family":"clients","observed_unique":null,"staged_unique":3,"created_native":null,"already_present_verified":null,"rejected":2,"unresolved":0,"ledger":{"reconstructed":0,"skipped":2,"failed":0},"canonical_family":null,"native_present_verified":0,"completeness_basis":"none","relationship_closure":"not_applicable","reasons":[{"code":"unsupported_platform:synthetic-src-a","count":2}],"qualifiers":[]}]},"queries":9,"pid":28773}

      168 |       }
      169 |       // Query shapes, outcomes, fixture identifiers and process IDs only; never parameters.
    > 170 |       console.warn(
          |               ^
      171 |         'PG17_PROCESS',
      172 |         JSON.stringify({
      173 |           name,

      at settleWorker (test/utils/g2-s10b-pg-harness.ts:170:15)
      at ChildProcess.<anonymous> (test/utils/g2-s10b-pg-harness.ts:189:7)

    console.warn
      PG17_PROCESS {"name":"g2s10b_35","options":{"action":"start","coach":"coach","intent":"b7dc5ec2-579d-4b09-bb40-0b93492a6b15"},"result":{"intent_id":"b7dc5ec2-579d-4b09-bb40-0b93492a6b15","mode":"server","phase":"discovering","execution_epoch":1,"accepted_start_at":"2026-09-27T17:54:53.987Z","deadline_at":"2026-09-27T17:59:53.987Z"},"queries":3,"pid":28815}

      168 |       }
      169 |       // Query shapes, outcomes, fixture identifiers and process IDs only; never parameters.
    > 170 |       console.warn(
          |               ^
      171 |         'PG17_PROCESS',
      172 |         JSON.stringify({
      173 |           name,

      at settleWorker (test/utils/g2-s10b-pg-harness.ts:170:15)
      at ChildProcess.<anonymous> (test/utils/g2-s10b-pg-harness.ts:189:7)

    console.warn
      PG17_PROCESS {"name":"g2s10b_36","options":{"registry":{"synthetic-src-a":["clients","programs","workouts"],"synthetic-src-b":["clients"]},"action":"declare","coach":"coach","intent":"b7dc5ec2-579d-4b09-bb40-0b93492a6b15"},"result":{"intent_id":"b7dc5ec2-579d-4b09-bb40-0b93492a6b15","challenge_b64":"HFVpPLwtV18GJ7XhaNeEYDoQvTgMepGLoT/WWn0IE2s=","declared_at":"2026-09-27T17:54:55.760Z"},"queries":11,"pid":28844}

      168 |       }
      169 |       // Query shapes, outcomes, fixture identifiers and process IDs only; never parameters.
    > 170 |       console.warn(
          |               ^
      171 |         'PG17_PROCESS',
      172 |         JSON.stringify({
      173 |           name,

      at settleWorker (test/utils/g2-s10b-pg-harness.ts:170:15)
      at ChildProcess.<anonymous> (test/utils/g2-s10b-pg-harness.ts:189:7)

    console.warn
      PG17_PROCESS {"name":"g2s10b_37","options":{"registry":{"synthetic-src-a":["clients","programs","workouts"],"synthetic-src-b":["clients"]},"action":"observe","coach":"coach","intent":"b7dc5ec2-579d-4b09-bb40-0b93492a6b15"},"result":{"intent_id":"b7dc5ec2-579d-4b09-bb40-0b93492a6b15","execution_epoch":1,"stored":1,"replayed":0},"queries":9,"pid":28878}

      168 |       }
      169 |       // Query shapes, outcomes, fixture identifiers and process IDs only; never parameters.
    > 170 |       console.warn(
          |               ^
      171 |         'PG17_PROCESS',
      172 |         JSON.stringify({
      173 |           name,

      at settleWorker (test/utils/g2-s10b-pg-harness.ts:170:15)
      at ChildProcess.<anonymous> (test/utils/g2-s10b-pg-harness.ts:189:7)

    console.warn
      PG17_PROCESS {"name":"g2s10b_38","options":{"action":"complete","coach":"coach","intent":"b7dc5ec2-579d-4b09-bb40-0b93492a6b15"},"result":{"acknowledged":true,"intent_id":"b7dc5ec2-579d-4b09-bb40-0b93492a6b15"},"queries":47,"pid":28911}

      168 |       }
      169 |       // Query shapes, outcomes, fixture identifiers and process IDs only; never parameters.
    > 170 |       console.warn(
          |               ^
      171 |         'PG17_PROCESS',
      172 |         JSON.stringify({
      173 |           name,

      at settleWorker (test/utils/g2-s10b-pg-harness.ts:170:15)
      at ChildProcess.<anonymous> (test/utils/g2-s10b-pg-harness.ts:189:7)

    console.warn
      PG17_PROCESS {"name":"g2s10b_39","options":{"action":"status","coach":"other-coach","intent":"b7dc5ec2-579d-4b09-bb40-0b93492a6b15"},"failure":{"status":404,"message":"Not Found","response":{"message":"Not Found","statusCode":404},"injected":false},"queries":6,"pid":28941}

      168 |       }
      169 |       // Query shapes, outcomes, fixture identifiers and process IDs only; never parameters.
    > 170 |       console.warn(
          |               ^
      171 |         'PG17_PROCESS',
      172 |         JSON.stringify({
      173 |           name,

      at settleWorker (test/utils/g2-s10b-pg-harness.ts:170:15)
      at ChildProcess.<anonymous> (test/utils/g2-s10b-pg-harness.ts:189:7)


Test Suites: 2 passed, 2 total
Tests:       32 passed, 32 total
Snapshots:   0 total
Time:        220.62 s
Ran all test suites within paths "test/rls-g2-s10b.spec.ts", "test/rls-g2-s10c.spec.ts".
