2026-09-27 17:51:14.420 UTC [24422] LOG:  starting PostgreSQL 17.6 on x86_64-pc-linux-gnu, compiled by gcc (Ubuntu 7.5.0-3ubuntu1~18.04) 7.5.0, 64-bit
2026-09-27 17:51:14.420 UTC [24422] LOG:  listening on IPv4 address "127.0.0.1", port 55650
2026-09-27 17:51:14.420 UTC [24422] LOG:  listening on Unix socket "/home/user/workspace/execution/42d8c5b5/proof-scratch/s10b-baseline-s10b-23716/s/.s.PGSQL.55650"
2026-09-27 17:51:14.422 UTC [24425] LOG:  database system was shut down at 2026-09-27 17:51:05 UTC
2026-09-27 17:51:14.424 UTC [24422] LOG:  database system is ready to accept connections
2026-09-27 17:53:21.459 UTC [26551] ERROR:  permission denied for table ScoutRunDeclaration
2026-09-27 17:53:21.459 UTC [26551] STATEMENT:  SELECT count(*) FROM "ScoutRunDeclaration"
2026-09-27 17:53:21.479 UTC [26553] ERROR:  permission denied for table ScoutRunDeclaration
2026-09-27 17:53:21.479 UTC [26553] STATEMENT:  SELECT count(*) FROM "ScoutRunDeclaration"
2026-09-27 17:53:21.498 UTC [26555] ERROR:  permission denied for table ScoutRunObservation
2026-09-27 17:53:21.498 UTC [26555] STATEMENT:  SELECT count(*) FROM "ScoutRunObservation"
2026-09-27 17:53:21.516 UTC [26557] ERROR:  permission denied for table ScoutRunObservation
2026-09-27 17:53:21.516 UTC [26557] STATEMENT:  SELECT count(*) FROM "ScoutRunObservation"
2026-09-27 17:53:21.534 UTC [26559] ERROR:  permission denied for table ScoutRunSettledBasis
2026-09-27 17:53:21.534 UTC [26559] STATEMENT:  SELECT count(*) FROM "ScoutRunSettledBasis"
2026-09-27 17:53:21.553 UTC [26561] ERROR:  permission denied for table ScoutRunSettledBasis
2026-09-27 17:53:21.553 UTC [26561] STATEMENT:  SELECT count(*) FROM "ScoutRunSettledBasis"
2026-09-27 17:53:21.572 UTC [26563] ERROR:  permission denied for table ScoutRunDeclaration
2026-09-27 17:53:21.572 UTC [26563] STATEMENT:  INSERT INTO "ScoutRunDeclaration" (coach_id,intent_id,source_platform,account_scope_id_digest,challenge,declared_at)
	    VALUES ('coach','b67560c4-775c-41d0-a59f-343f87cd7de6','synthetic-src-b',
	      encode(digest('synthetic-scope-1','sha256'),'hex'),decode(repeat('07',32),'hex'),
	      '2026-09-26 00:00:00')
2026-09-27 17:53:21.711 UTC [26577] ERROR:  insert or update on table "ScoutRunDeclaration" violates foreign key constraint "ScoutRunDeclaration_coach_id_intent_id_fkey"
2026-09-27 17:53:21.711 UTC [26577] DETAIL:  Key (coach_id, intent_id)=(other-coach, a4e44255-8619-4bc9-ae35-bef127988e89) is not present in table "ScoutImport".
2026-09-27 17:53:21.711 UTC [26577] STATEMENT:  INSERT INTO "ScoutRunDeclaration" (coach_id,intent_id,source_platform,account_scope_id_digest,challenge,declared_at)
	    VALUES ('other-coach','a4e44255-8619-4bc9-ae35-bef127988e89','synthetic-src-a',
	      encode(digest('synthetic-scope-1','sha256'),'hex'),decode(repeat('07',32),'hex'),
	      '2026-09-26 00:00:00')
2026-09-27 17:53:21.736 UTC [26579] ERROR:  insert or update on table "ScoutRunObservation" violates foreign key constraint "ScoutRunObservation_coach_id_intent_id_fkey"
2026-09-27 17:53:21.736 UTC [26579] DETAIL:  Key (coach_id, intent_id)=(other-coach, a4e44255-8619-4bc9-ae35-bef127988e89) is not present in table "ScoutImport".
2026-09-27 17:53:21.736 UTC [26579] STATEMENT:  INSERT INTO "ScoutRunObservation" (id,coach_id,intent_id,execution_epoch,source_platform,account_scope_id_digest,
	      family,basis_kind,evidence,evidence_digest,received_at)
	    VALUES (gen_random_uuid()::text,'other-coach','a4e44255-8619-4bc9-ae35-bef127988e89',1,'synthetic-src-a',
	      encode(digest('synthetic-scope-1','sha256'),'hex'),'clients','source_signed_enumeration',
	      '{"evidence_version":1}'::jsonb,encode(digest('synthetic-evidence','sha256'),'hex'),'2026-09-26 00:00:00')
2026-09-27 17:53:21.754 UTC [26581] ERROR:  insert or update on table "ScoutRunSettledBasis" violates foreign key constraint "ScoutRunSettledBasis_coach_id_intent_id_fkey"
2026-09-27 17:53:21.754 UTC [26581] DETAIL:  Key (coach_id, intent_id)=(other-coach, a4e44255-8619-4bc9-ae35-bef127988e89) is not present in table "ScoutImport".
2026-09-27 17:53:21.754 UTC [26581] STATEMENT:  INSERT INTO "ScoutRunSettledBasis" (coach_id,intent_id,execution_epoch,report_version,report,observation_digests,settled_at)
	    VALUES ('other-coach','a4e44255-8619-4bc9-ae35-bef127988e89',1,1,'{}'::jsonb,ARRAY[encode(digest('synthetic-evidence','sha256'),'hex')],'2026-09-26 00:00:00')
2026-09-27 17:53:21.773 UTC [26583] ERROR:  insert or update on table "ScoutRunObservation" violates foreign key constraint "ScoutRunObservation_declaration_fkey"
2026-09-27 17:53:21.773 UTC [26583] DETAIL:  Key (coach_id, intent_id, source_platform, account_scope_id_digest)=(coach, a4e44255-8619-4bc9-ae35-bef127988e89, synthetic-src-b, 92931c14ca0d532d778df624c261f6298f778663ccfc6ad704f774833c7491b3) is not present in table "ScoutRunDeclaration".
2026-09-27 17:53:21.773 UTC [26583] STATEMENT:  INSERT INTO "ScoutRunObservation" (id,coach_id,intent_id,execution_epoch,source_platform,account_scope_id_digest,
	      family,basis_kind,evidence,evidence_digest,received_at)
	    VALUES (gen_random_uuid()::text,'coach','a4e44255-8619-4bc9-ae35-bef127988e89',1,'synthetic-src-b',
	      encode(digest('synthetic-scope-1','sha256'),'hex'),'clients','source_signed_enumeration',
	      '{"evidence_version":1}'::jsonb,encode(digest('synthetic-evidence','sha256'),'hex'),'2026-09-26 00:00:00')
2026-09-27 17:53:21.865 UTC [26593] ERROR:  permission denied for table ScoutRunDeclaration
2026-09-27 17:53:21.865 UTC [26593] STATEMENT:  UPDATE "ScoutRunDeclaration" SET coach_id=coach_id
2026-09-27 17:53:21.880 UTC [26595] ERROR:  permission denied for table ScoutRunDeclaration
2026-09-27 17:53:21.880 UTC [26595] STATEMENT:  DELETE FROM "ScoutRunDeclaration"
2026-09-27 17:53:21.900 UTC [26597] ERROR:  G2-S10B insert-only: UPDATE on ScoutRunDeclaration refused
2026-09-27 17:53:21.900 UTC [26597] CONTEXT:  PL/pgSQL function public.scout_run_observation_insert_only() line 4 at RAISE
2026-09-27 17:53:21.900 UTC [26597] STATEMENT:  UPDATE "ScoutRunDeclaration" SET coach_id=coach_id
2026-09-27 17:53:21.922 UTC [26599] ERROR:  G2-S10B insert-only: DELETE on ScoutRunDeclaration refused
2026-09-27 17:53:21.922 UTC [26599] CONTEXT:  PL/pgSQL function public.scout_run_observation_insert_only() line 4 at RAISE
2026-09-27 17:53:21.922 UTC [26599] STATEMENT:  DELETE FROM "ScoutRunDeclaration"
2026-09-27 17:53:21.938 UTC [26601] ERROR:  cannot truncate a table referenced in a foreign key constraint
2026-09-27 17:53:21.938 UTC [26601] DETAIL:  Table "ScoutRunObservation" references "ScoutRunDeclaration".
2026-09-27 17:53:21.938 UTC [26601] HINT:  Truncate table "ScoutRunObservation" at the same time, or use TRUNCATE ... CASCADE.
2026-09-27 17:53:21.938 UTC [26601] STATEMENT:  TRUNCATE "ScoutRunDeclaration"
2026-09-27 17:53:21.969 UTC [26605] ERROR:  permission denied for table ScoutRunObservation
2026-09-27 17:53:21.969 UTC [26605] STATEMENT:  UPDATE "ScoutRunObservation" SET coach_id=coach_id
2026-09-27 17:53:21.986 UTC [26607] ERROR:  permission denied for table ScoutRunObservation
2026-09-27 17:53:21.986 UTC [26607] STATEMENT:  DELETE FROM "ScoutRunObservation"
2026-09-27 17:53:22.004 UTC [26609] ERROR:  G2-S10B insert-only: UPDATE on ScoutRunObservation refused
2026-09-27 17:53:22.004 UTC [26609] CONTEXT:  PL/pgSQL function public.scout_run_observation_insert_only() line 4 at RAISE
2026-09-27 17:53:22.004 UTC [26609] STATEMENT:  UPDATE "ScoutRunObservation" SET coach_id=coach_id
2026-09-27 17:53:22.030 UTC [26611] ERROR:  G2-S10B insert-only: DELETE on ScoutRunObservation refused
2026-09-27 17:53:22.030 UTC [26611] CONTEXT:  PL/pgSQL function public.scout_run_observation_insert_only() line 4 at RAISE
2026-09-27 17:53:22.030 UTC [26611] STATEMENT:  DELETE FROM "ScoutRunObservation"
2026-09-27 17:53:22.047 UTC [26613] ERROR:  G2-S10B insert-only: TRUNCATE on ScoutRunObservation refused
2026-09-27 17:53:22.047 UTC [26613] CONTEXT:  PL/pgSQL function public.scout_run_observation_insert_only() line 4 at RAISE
2026-09-27 17:53:22.047 UTC [26613] STATEMENT:  TRUNCATE "ScoutRunObservation"
2026-09-27 17:53:22.079 UTC [26617] ERROR:  permission denied for table ScoutRunSettledBasis
2026-09-27 17:53:22.079 UTC [26617] STATEMENT:  UPDATE "ScoutRunSettledBasis" SET coach_id=coach_id
2026-09-27 17:53:22.095 UTC [26619] ERROR:  permission denied for table ScoutRunSettledBasis
2026-09-27 17:53:22.095 UTC [26619] STATEMENT:  DELETE FROM "ScoutRunSettledBasis"
2026-09-27 17:53:22.114 UTC [26621] ERROR:  G2-S10B insert-only: UPDATE on ScoutRunSettledBasis refused
2026-09-27 17:53:22.114 UTC [26621] CONTEXT:  PL/pgSQL function public.scout_run_observation_insert_only() line 4 at RAISE
2026-09-27 17:53:22.114 UTC [26621] STATEMENT:  UPDATE "ScoutRunSettledBasis" SET coach_id=coach_id
2026-09-27 17:53:22.132 UTC [26623] ERROR:  G2-S10B insert-only: DELETE on ScoutRunSettledBasis refused
2026-09-27 17:53:22.132 UTC [26623] CONTEXT:  PL/pgSQL function public.scout_run_observation_insert_only() line 4 at RAISE
2026-09-27 17:53:22.132 UTC [26623] STATEMENT:  DELETE FROM "ScoutRunSettledBasis"
2026-09-27 17:53:22.148 UTC [26625] ERROR:  G2-S10B insert-only: TRUNCATE on ScoutRunSettledBasis refused
2026-09-27 17:53:22.148 UTC [26625] CONTEXT:  PL/pgSQL function public.scout_run_observation_insert_only() line 4 at RAISE
2026-09-27 17:53:22.148 UTC [26625] STATEMENT:  TRUNCATE "ScoutRunSettledBasis"
2026-09-27 17:53:22.246 UTC [26637] ERROR:  permission denied for table ScoutRunObservation
2026-09-27 17:53:22.246 UTC [26637] CONTEXT:  SQL statement "DELETE FROM public."ScoutRunObservation""
	PL/pgSQL function g2_s10b_probe_delete() line 2 at SQL statement
2026-09-27 17:53:22.246 UTC [26637] STATEMENT:  INSERT INTO public.g2_s10b_probe VALUES (1);
2026-09-27 17:53:22.494 UTC [26671] ERROR:  G2-S10B declaration challenge differs within one run
2026-09-27 17:53:22.494 UTC [26671] CONTEXT:  PL/pgSQL function public.scout_run_declaration_one_challenge() line 11 at RAISE
2026-09-27 17:53:22.494 UTC [26671] STATEMENT:  INSERT INTO "ScoutRunDeclaration" (coach_id,intent_id,source_platform,account_scope_id_digest,challenge,declared_at)
	    VALUES ('other-coach','1cca8dd0-1a14-463e-966c-db8f0d4ed7f0','synthetic-src-b',
	      encode(digest('synthetic-scope-1','sha256'),'hex'),decode(repeat('08',32),'hex'),
	      '2026-09-26 00:00:00')
2026-09-27 17:53:22.509 UTC [26673] ERROR:  G2-S10B declaration challenge differs within one run
2026-09-27 17:53:22.509 UTC [26673] CONTEXT:  PL/pgSQL function public.scout_run_declaration_one_challenge() line 11 at RAISE
2026-09-27 17:53:22.509 UTC [26673] STATEMENT:  INSERT INTO "ScoutRunDeclaration" (coach_id,intent_id,source_platform,account_scope_id_digest,challenge,declared_at)
	    VALUES ('other-coach','1cca8dd0-1a14-463e-966c-db8f0d4ed7f0','synthetic-src-b',
	      encode(digest('synthetic-scope-1','sha256'),'hex'),decode(repeat('07',32),'hex'),
	      '2026-09-26 00:00:01')
2026-09-27 17:53:22.609 UTC [26687] ERROR:  new row for relation "ScoutRunDeclaration" violates check constraint "ScoutRunDeclaration_scope_digest_check"
2026-09-27 17:53:22.609 UTC [26687] DETAIL:  Failing row contains (coach, 9878aee9-4770-4ca1-995f-4e18d6cfcb12, synthetic-src-a, raw-account-id, \x07070707070707070707070707070707070707070707070707070707070707..., 2026-09-26 00:00:00).
2026-09-27 17:53:22.609 UTC [26687] STATEMENT:  INSERT INTO "ScoutRunDeclaration" (coach_id,intent_id,source_platform,account_scope_id_digest,challenge,declared_at)
	    VALUES ('coach','9878aee9-4770-4ca1-995f-4e18d6cfcb12','synthetic-src-a',
	      'raw-account-id',decode(repeat('07',32),'hex'),
	      '2026-09-26 00:00:00')
2026-09-27 17:53:22.629 UTC [26689] ERROR:  new row for relation "ScoutRunDeclaration" violates check constraint "ScoutRunDeclaration_challenge_check"
2026-09-27 17:53:22.629 UTC [26689] DETAIL:  Failing row contains (coach, 9878aee9-4770-4ca1-995f-4e18d6cfcb12, synthetic-src-a, 92931c14ca0d532d778df624c261f6298f778663ccfc6ad704f774833c7491b3, \x00, 2026-09-26 00:00:00).
2026-09-27 17:53:22.629 UTC [26689] STATEMENT:  INSERT INTO "ScoutRunDeclaration" (coach_id,intent_id,source_platform,account_scope_id_digest,challenge,declared_at)
	    VALUES ('coach','9878aee9-4770-4ca1-995f-4e18d6cfcb12','synthetic-src-a',
	      encode(digest('synthetic-scope-1','sha256'),'hex'),decode('00','hex'),
	      '2026-09-26 00:00:00')
2026-09-27 17:53:22.659 UTC [26693] ERROR:  new row for relation "ScoutRunObservation" violates check constraint "ScoutRunObservation_family_check"
2026-09-27 17:53:22.659 UTC [26693] DETAIL:  Failing row contains (5f41d2b4-8c9d-4abd-a117-5c472fd2c0e6, coach, 9878aee9-4770-4ca1-995f-4e18d6cfcb12, 1, synthetic-src-a, 92931c14ca0d532d778df624c261f6298f778663ccfc6ad704f774833c7491b3, notes, source_signed_enumeration, {"evidence_version": 1}, 3c5763d016c26246a8b8906f3eacf399cb980b20b7efd076acc4435ffd307789, 2026-09-26 00:00:00).
2026-09-27 17:53:22.659 UTC [26693] STATEMENT:  INSERT INTO "ScoutRunObservation" (id,coach_id,intent_id,execution_epoch,source_platform,account_scope_id_digest,
	      family,basis_kind,evidence,evidence_digest,received_at)
	    VALUES (gen_random_uuid()::text,'coach','9878aee9-4770-4ca1-995f-4e18d6cfcb12',1,'synthetic-src-a',
	      encode(digest('synthetic-scope-1','sha256'),'hex'),'notes','source_signed_enumeration',
	      '{"evidence_version":1}'::jsonb,encode(digest('synthetic-evidence','sha256'),'hex'),'2026-09-26 00:00:00')
2026-09-27 17:53:22.673 UTC [26695] ERROR:  new row for relation "ScoutRunObservation" violates check constraint "ScoutRunObservation_epoch_check"
2026-09-27 17:53:22.673 UTC [26695] DETAIL:  Failing row contains (c6afa5e4-7580-41ed-9191-59aa829e0d6b, coach, 9878aee9-4770-4ca1-995f-4e18d6cfcb12, 0, synthetic-src-a, 92931c14ca0d532d778df624c261f6298f778663ccfc6ad704f774833c7491b3, clients, source_signed_enumeration, {"evidence_version": 1}, 3c5763d016c26246a8b8906f3eacf399cb980b20b7efd076acc4435ffd307789, 2026-09-26 00:00:00).
2026-09-27 17:53:22.673 UTC [26695] STATEMENT:  INSERT INTO "ScoutRunObservation" (id,coach_id,intent_id,execution_epoch,source_platform,account_scope_id_digest,
	      family,basis_kind,evidence,evidence_digest,received_at)
	    VALUES (gen_random_uuid()::text,'coach','9878aee9-4770-4ca1-995f-4e18d6cfcb12',0,'synthetic-src-a',
	      encode(digest('synthetic-scope-1','sha256'),'hex'),'clients','source_signed_enumeration',
	      '{"evidence_version":1}'::jsonb,encode(digest('synthetic-evidence','sha256'),'hex'),'2026-09-26 00:00:00')
2026-09-27 17:53:22.687 UTC [26697] ERROR:  new row for relation "ScoutRunObservation" violates check constraint "ScoutRunObservation_evidence_digest_check"
2026-09-27 17:53:22.687 UTC [26697] DETAIL:  Failing row contains (de920caa-4da8-42ae-beda-be2b0a576fd0, coach, 9878aee9-4770-4ca1-995f-4e18d6cfcb12, 1, synthetic-src-a, 92931c14ca0d532d778df624c261f6298f778663ccfc6ad704f774833c7491b3, clients, source_signed_enumeration, {"evidence_version": 1}, not-hex                                                         , 2026-09-26 00:00:00).
2026-09-27 17:53:22.687 UTC [26697] STATEMENT:  INSERT INTO "ScoutRunObservation" (id,coach_id,intent_id,execution_epoch,source_platform,account_scope_id_digest,
	      family,basis_kind,evidence,evidence_digest,received_at)
	    VALUES (gen_random_uuid()::text,'coach','9878aee9-4770-4ca1-995f-4e18d6cfcb12',1,'synthetic-src-a',
	      encode(digest('synthetic-scope-1','sha256'),'hex'),'clients','source_signed_enumeration',
	      '{"evidence_version":1}'::jsonb,'not-hex','2026-09-26 00:00:00')
2026-09-27 17:53:47.721 UTC [27476] ERROR:  Run declaration or observation state exists; retain schema and use compatible forward repair
2026-09-27 17:53:47.721 UTC [27476] CONTEXT:  PL/pgSQL function inline_code_block line 50 at RAISE
2026-09-27 17:53:47.721 UTC [27476] STATEMENT:  DO $$
	BEGIN
	  -- S10-B exactly as shipped. Presence is tested first (by name, no regclass cast) so a pre-S10-B
	  -- database or a rerun receives this fixed text, not a raw undefined-table error; the table
	  -- locks are taken only once the relations are known to exist.
	  IF (
	    SELECT count(*) FROM pg_catalog.pg_class t
	    WHERE t.oid IN (to_regclass('public."ScoutRunDeclaration"'), to_regclass('public."ScoutRunObservation"'),
	                    to_regclass('public."ScoutRunSettledBasis"'))
	      AND t.relkind = 'r' AND t.relrowsecurity AND t.relforcerowsecurity
	  ) <> 3 OR to_regprocedure('public.scout_run_observation_insert_only()') IS NULL
	    OR to_regprocedure('public.scout_run_declaration_one_challenge()') IS NULL THEN
	    RAISE EXCEPTION 'G2-S10B observation tables absent';
	  END IF;
	  LOCK TABLE public."ScoutRunObservation", public."ScoutRunDeclaration", public."ScoutRunSettledBasis"
	    IN ACCESS EXCLUSIVE MODE;
	  IF (
	    SELECT count(*) FROM pg_catalog.pg_constraint c
	    WHERE c.contype = 'f' AND c.convalidated
	      AND c.confrelid IN (to_regclass('public."ScoutImport"'), to_regclass('public."ScoutRunDeclaration"'))
	      AND c.conname IN ('ScoutRunDeclaration_coach_id_intent_id_fkey', 'ScoutRunObservation_coach_id_intent_id_fkey',
	                        'ScoutRunObservation_declaration_fkey', 'ScoutRunSettledBasis_coach_id_intent_id_fkey')
	  ) <> 4 OR NOT EXISTS (
	    SELECT 1 FROM pg_catalog.pg_index i
	    WHERE i.indexrelid = to_regclass('public."ScoutRunObservation_unit_key"')
	      AND i.indrelid = 'public."ScoutRunObservation"'::regclass
	      AND i.indisunique AND i.indisvalid AND i.indpred IS NULL
	      AND pg_get_indexdef(i.indexrelid) =
	        'CREATE UNIQUE INDEX "ScoutRunObservation_unit_key" ON public."ScoutRunObservation" USING btree (coach_id, intent_id, execution_epoch, source_platform, account_scope_id_digest, family)'
	  ) OR (
	    SELECT count(*) FROM pg_catalog.pg_trigger g
	    WHERE NOT g.tgisinternal
	      AND g.tgrelid IN ('public."ScoutRunDeclaration"'::regclass, 'public."ScoutRunObservation"'::regclass,
	                        'public."ScoutRunSettledBasis"'::regclass)
	      AND g.tgname IN ('ScoutRunDeclaration_one_challenge', 'ScoutRunDeclaration_insert_only',
	                       'ScoutRunDeclaration_no_truncate', 'ScoutRunObservation_insert_only',
	                       'ScoutRunObservation_no_truncate', 'ScoutRunSettledBasis_insert_only',
	                       'ScoutRunSettledBasis_no_truncate')
	  ) <> 7 OR (
	    SELECT count(*) FROM pg_catalog.pg_policy p
	    WHERE p.polrelid IN ('public."ScoutRunDeclaration"'::regclass, 'public."ScoutRunObservation"'::regclass,
	                         'public."ScoutRunSettledBasis"'::regclass)
	  ) <> 9 THEN
	    RAISE EXCEPTION 'G2-S10B observation tables absent';
	  END IF;
	  -- Refuse to erase recorded S10 facts. Fixed, identifier-free text; nothing is named.
	  IF EXISTS (SELECT 1 FROM public."ScoutRunDeclaration")
	    OR EXISTS (SELECT 1 FROM public."ScoutRunObservation")
	    OR EXISTS (SELECT 1 FROM public."ScoutRunSettledBasis") THEN
	    RAISE EXCEPTION 'Run declaration or observation state exists; retain schema and use compatible forward repair';
	  END IF;
	END $$;
2026-09-27 17:53:47.835 UTC [27492] ERROR:  G2-S10B observation tables absent
2026-09-27 17:53:47.835 UTC [27492] CONTEXT:  PL/pgSQL function inline_code_block line 13 at RAISE
2026-09-27 17:53:47.835 UTC [27492] STATEMENT:  DO $$
	BEGIN
	  -- S10-B exactly as shipped. Presence is tested first (by name, no regclass cast) so a pre-S10-B
	  -- database or a rerun receives this fixed text, not a raw undefined-table error; the table
	  -- locks are taken only once the relations are known to exist.
	  IF (
	    SELECT count(*) FROM pg_catalog.pg_class t
	    WHERE t.oid IN (to_regclass('public."ScoutRunDeclaration"'), to_regclass('public."ScoutRunObservation"'),
	                    to_regclass('public."ScoutRunSettledBasis"'))
	      AND t.relkind = 'r' AND t.relrowsecurity AND t.relforcerowsecurity
	  ) <> 3 OR to_regprocedure('public.scout_run_observation_insert_only()') IS NULL
	    OR to_regprocedure('public.scout_run_declaration_one_challenge()') IS NULL THEN
	    RAISE EXCEPTION 'G2-S10B observation tables absent';
	  END IF;
	  LOCK TABLE public."ScoutRunObservation", public."ScoutRunDeclaration", public."ScoutRunSettledBasis"
	    IN ACCESS EXCLUSIVE MODE;
	  IF (
	    SELECT count(*) FROM pg_catalog.pg_constraint c
	    WHERE c.contype = 'f' AND c.convalidated
	      AND c.confrelid IN (to_regclass('public."ScoutImport"'), to_regclass('public."ScoutRunDeclaration"'))
	      AND c.conname IN ('ScoutRunDeclaration_coach_id_intent_id_fkey', 'ScoutRunObservation_coach_id_intent_id_fkey',
	                        'ScoutRunObservation_declaration_fkey', 'ScoutRunSettledBasis_coach_id_intent_id_fkey')
	  ) <> 4 OR NOT EXISTS (
	    SELECT 1 FROM pg_catalog.pg_index i
	    WHERE i.indexrelid = to_regclass('public."ScoutRunObservation_unit_key"')
	      AND i.indrelid = 'public."ScoutRunObservation"'::regclass
	      AND i.indisunique AND i.indisvalid AND i.indpred IS NULL
	      AND pg_get_indexdef(i.indexrelid) =
	        'CREATE UNIQUE INDEX "ScoutRunObservation_unit_key" ON public."ScoutRunObservation" USING btree (coach_id, intent_id, execution_epoch, source_platform, account_scope_id_digest, family)'
	  ) OR (
	    SELECT count(*) FROM pg_catalog.pg_trigger g
	    WHERE NOT g.tgisinternal
	      AND g.tgrelid IN ('public."ScoutRunDeclaration"'::regclass, 'public."ScoutRunObservation"'::regclass,
	                        'public."ScoutRunSettledBasis"'::regclass)
	      AND g.tgname IN ('ScoutRunDeclaration_one_challenge', 'ScoutRunDeclaration_insert_only',
	                       'ScoutRunDeclaration_no_truncate', 'ScoutRunObservation_insert_only',
	                       'ScoutRunObservation_no_truncate', 'ScoutRunSettledBasis_insert_only',
	                       'ScoutRunSettledBasis_no_truncate')
	  ) <> 7 OR (
	    SELECT count(*) FROM pg_catalog.pg_policy p
	    WHERE p.polrelid IN ('public."ScoutRunDeclaration"'::regclass, 'public."ScoutRunObservation"'::regclass,
	                         'public."ScoutRunSettledBasis"'::regclass)
	  ) <> 9 THEN
	    RAISE EXCEPTION 'G2-S10B observation tables absent';
	  END IF;
	  -- Refuse to erase recorded S10 facts. Fixed, identifier-free text; nothing is named.
	  IF EXISTS (SELECT 1 FROM public."ScoutRunDeclaration")
	    OR EXISTS (SELECT 1 FROM public."ScoutRunObservation")
	    OR EXISTS (SELECT 1 FROM public."ScoutRunSettledBasis") THEN
	    RAISE EXCEPTION 'Run declaration or observation state exists; retain schema and use compatible forward repair';
	  END IF;
	END $$;
2026-09-27 17:53:47.924 UTC [27502] ERROR:  G2-S10B observation tables already present
2026-09-27 17:53:47.924 UTC [27502] CONTEXT:  PL/pgSQL function inline_code_block line 48 at RAISE
2026-09-27 17:53:47.924 UTC [27502] STATEMENT:  DO $$
	BEGIN
	  -- Accepted run identity: the (coach_id, intent_id) key on an RLS-forced table, exactly as shipped.
	  IF NOT EXISTS (
	    SELECT 1 FROM pg_catalog.pg_index i
	    JOIN pg_catalog.pg_class t ON t.oid = i.indrelid
	    WHERE i.indexrelid = to_regclass('public."ScoutImport_coach_id_intent_id_key"')
	      AND i.indrelid = to_regclass('public."ScoutImport"')
	      AND t.relkind = 'r' AND t.relrowsecurity AND t.relforcerowsecurity
	      AND i.indisunique AND i.indisvalid AND i.indisready AND i.indimmediate
	      AND i.indnkeyatts = i.indnatts AND i.indpred IS NULL AND i.indexprs IS NULL
	      AND pg_get_indexdef(i.indexrelid) =
	        'CREATE UNIQUE INDEX "ScoutImport_coach_id_intent_id_key" ON public."ScoutImport" USING btree (coach_id, intent_id)'
	  ) THEN
	    RAISE EXCEPTION 'G2-S10B unexpected run identity prerequisite';
	  END IF;
	  -- Run key columns exactly as shipped, and S7-L1's epoch (the observation binding) present.
	  IF NOT EXISTS (
	    SELECT 1 FROM pg_catalog.pg_attribute a
	    WHERE a.attrelid = 'public."ScoutImport"'::regclass AND a.attname = 'coach_id'
	      AND NOT a.attisdropped AND a.atttypid = 'text'::regtype AND a.attnotnull
	  ) OR NOT EXISTS (
	    SELECT 1 FROM pg_catalog.pg_attribute a
	    WHERE a.attrelid = 'public."ScoutImport"'::regclass AND a.attname = 'intent_id'
	      AND NOT a.attisdropped AND a.atttypid = 'text'::regtype AND a.attnotnull
	  ) OR NOT EXISTS (
	    SELECT 1 FROM pg_catalog.pg_attribute a
	    WHERE a.attrelid = 'public."ScoutImport"'::regclass AND a.attname = 'execution_epoch'
	      AND NOT a.attisdropped AND a.atttypid = 'int4'::regtype AND a.attnotnull
	  ) THEN
	    RAISE EXCEPTION 'G2-S10B unexpected run column prerequisite';
	  END IF;
	  -- Nothing this file creates may already exist under its name: refused, never dropped or adopted.
	  IF to_regclass('public."ScoutRunDeclaration"') IS NOT NULL
	    OR to_regclass('public."ScoutRunObservation"') IS NOT NULL
	    OR to_regclass('public."ScoutRunSettledBasis"') IS NOT NULL
	    OR to_regclass('public."ScoutRunDeclaration_pkey"') IS NOT NULL
	    OR to_regclass('public."ScoutRunObservation_pkey"') IS NOT NULL
	    OR to_regclass('public."ScoutRunObservation_unit_key"') IS NOT NULL
	    OR to_regclass('public."ScoutRunSettledBasis_pkey"') IS NOT NULL
	    OR to_regprocedure('public.scout_run_observation_insert_only()') IS NOT NULL
	    OR to_regprocedure('public.scout_run_declaration_one_challenge()') IS NOT NULL
	    OR EXISTS (
	      SELECT 1 FROM pg_catalog.pg_constraint
	      WHERE connamespace = 'public'::regnamespace
	        AND conname LIKE ANY (ARRAY['ScoutRunDeclaration\_%', 'ScoutRunObservation\_%', 'ScoutRunSettledBasis\_%'])
	    ) THEN
	    RAISE EXCEPTION 'G2-S10B observation tables already present';
	  END IF;
	END $$;
2026-09-27 17:54:31.924 UTC [28354] ERROR:  duplicate key value violates unique constraint "ScoutImportCompletion_coach_id_intent_id_key"
2026-09-27 17:54:31.924 UTC [28354] DETAIL:  Key (coach_id, intent_id)=(coach, b90c5f47-5d7d-427c-bd82-d4af26ac31de) already exists.
2026-09-27 17:54:31.924 UTC [28354] STATEMENT:  INSERT INTO "public"."ScoutImportCompletion" ("id","coach_id","intent_id","terminal_status","completed_at") VALUES ($1,$2,$3,$4,$5) RETURNING "public"."ScoutImportCompletion"."id", "public"."ScoutImportCompletion"."coach_id", "public"."ScoutImportCompletion"."intent_id", "public"."ScoutImportCompletion"."terminal_status", "public"."ScoutImportCompletion"."final_counts", "public"."ScoutImportCompletion"."error_summary", "public"."ScoutImportCompletion"."completed_at"
2026-09-27 17:55:17.918 UTC [24422] LOG:  received fast shutdown request
2026-09-27 17:55:17.918 UTC [24422] LOG:  aborting any active transactions
2026-09-27 17:55:17.919 UTC [24422] LOG:  background worker "logical replication launcher" (PID 24428) exited with exit code 1
2026-09-27 17:55:17.920 UTC [24423] LOG:  shutting down
2026-09-27 17:55:17.920 UTC [24423] LOG:  checkpoint starting: shutdown immediate
2026-09-27 17:55:17.955 UTC [24423] LOG:  checkpoint complete: wrote 1857 buffers (11.3%); 0 WAL file(s) added, 0 removed, 1 recycled; write=0.034 s, sync=0.001 s, total=0.035 s; sync files=0, longest=0.000 s, average=0.000 s; distance=14871 kB, estimate=14871 kB; lsn=0/235F360, redo lsn=0/235F360
2026-09-27 17:55:17.965 UTC [24422] LOG:  database system is shut down
