FAIL src/components/coach/__tests__/ExtensionPairingPanel.test.tsx
  ● ExtensionPairingPanel — lifecycle rendering › names the server-owned identity from useCurrentUser in the checklist

    expect(instance).toHaveTextContent()

    Expected instance to have text content:
      Jordan Coach
    Received:
      Connected to TGP as Jordan Coach ✓

      140 |     mockHookState = { status: 'paired', code: null };
      141 |     const { getByTestId } = await render(<ExtensionPairingPanel platformId="truecoach" />);
    > 142 |     expect(getByTestId('pairing-check-identity')).toHaveTextContent('Jordan Coach');
          |                                                   ^
      143 |   });
      144 |
      145 |   it('falls back to email when no display name has resolved', async () => {

      at Object.toHaveTextContent (src/components/coach/__tests__/ExtensionPairingPanel.test.tsx:142:51)
      at asyncGeneratorStep (node_modules/@babel/runtime/helpers/asyncToGenerator.js:3:17)
      at _next (node_modules/@babel/runtime/helpers/asyncToGenerator.js:17:9)

  ● ExtensionPairingPanel — lifecycle rendering › falls back to email when no display name has resolved

    expect(instance).toHaveTextContent()

    Expected instance to have text content:
      coach@example.com
    Received:
      Connected to TGP as coach@example.com ✓

      147 |     mockHookState = { status: 'paired', code: null };
      148 |     const { getByTestId } = await render(<ExtensionPairingPanel platformId="truecoach" />);
    > 149 |     expect(getByTestId('pairing-check-identity')).toHaveTextContent('coach@example.com');
          |                                                   ^
      150 |   });
      151 |
      152 |   it('shows the truthful checklist: importer available, identity, and previous platform not yet known', async () => {

      at Object.toHaveTextContent (src/components/coach/__tests__/ExtensionPairingPanel.test.tsx:149:51)
      at asyncGeneratorStep (node_modules/@babel/runtime/helpers/asyncToGenerator.js:3:17)
      at _next (node_modules/@babel/runtime/helpers/asyncToGenerator.js:17:9)

  ● ExtensionPairingPanel — lifecycle rendering › shows the truthful checklist: importer available, identity, and previous platform not yet known

    expect(instance).toHaveTextContent()

    Expected instance to have text content:
      Importer available
    Received:
      Importer available ✓

      153 |     mockHookState = { status: 'paired', code: null };
      154 |     const { getByTestId } = await render(<ExtensionPairingPanel platformId="truecoach" />);
    > 155 |     expect(getByTestId('pairing-check-importer')).toHaveTextContent('Importer available');
          |                                                   ^
      156 |     expect(getByTestId('pairing-check-platform')).toHaveTextContent('Not yet known');
      157 |   });
      158 |

      at Object.toHaveTextContent (src/components/coach/__tests__/ExtensionPairingPanel.test.tsx:155:51)
      at asyncGeneratorStep (node_modules/@babel/runtime/helpers/asyncToGenerator.js:3:17)
      at _next (node_modules/@babel/runtime/helpers/asyncToGenerator.js:17:9)

  ● ExtensionPairingPanel — lifecycle rendering › shows the instructional primary action with no URL or locator

    expect(instance).toHaveTextContent()

    Expected instance to have text content:
      Continue on your computer
    Received:
      Connected to your computerImporter available ✓Connected to TGP as Jordan Coach ✓Previous platformNot yet knownContinue on your computerReview clients

      160 |     mockHookState = { status: 'paired', code: null };
      161 |     const { getByTestId, toJSON } = await render(<ExtensionPairingPanel platformId="truecoach" />);
    > 162 |     expect(getByTestId('pairing-paired')).toHaveTextContent('Continue on your computer');
          |                                           ^
      163 |     const serialized = JSON.stringify(toJSON());
      164 |     expect(serialized).not.toMatch(/https?:\/\//);
      165 |   });

      at Object.toHaveTextContent (src/components/coach/__tests__/ExtensionPairingPanel.test.tsx:162:43)
      at asyncGeneratorStep (node_modules/@babel/runtime/helpers/asyncToGenerator.js:3:17)
      at _next (node_modules/@babel/runtime/helpers/asyncToGenerator.js:17:9)

PASS src/components/coach/__tests__/ExtensionPairingPanel.a11y.test.tsx
FAIL src/components/coach/__tests__/ExtensionPairingPanel.reconstruct.test.tsx
  ● paired state — what actually renders instead › shows the truthful confirmation and checklist in place of the removed sections

    expect(instance).toHaveTextContent()

    Expected instance to have text content:
      Connected to your computer
    Received:
      Connected to your computerImporter available ✓Connected to TGP as Jordan Coach ✓Previous platformNot yet knownContinue on your computerReview clients

      164 |   it('shows the truthful confirmation and checklist in place of the removed sections', async () => {
      165 |     const { getByTestId } = await renderPaired();
    > 166 |     expect(getByTestId('pairing-paired')).toHaveTextContent('Connected to your computer');
          |                                           ^
      167 |     expect(getByTestId('pairing-checklist')).toBeTruthy();
      168 |     expect(getByTestId('pairing-check-platform')).toHaveTextContent('Not yet known');
      169 |   });

      at Object.toHaveTextContent (src/components/coach/__tests__/ExtensionPairingPanel.reconstruct.test.tsx:166:43)
      at asyncGeneratorStep (node_modules/@babel/runtime/helpers/asyncToGenerator.js:3:17)
      at _next (node_modules/@babel/runtime/helpers/asyncToGenerator.js:17:9)

PASS src/components/coach/__tests__/ExtensionPairingPanel.copy.test.tsx
PASS src/screens/coach/__tests__/ImportDataScreen.test.tsx (7.089 s)
  ● Console

    console.error
      An update to ImportDataScreen inside a test was not wrapped in act(...).
      
      When testing, code that causes React state updates should be wrapped into act(...):
      
      act(() => {
        /* fire events that update state */
      });
      /* assert on the output */
      
      This ensures that you're testing the behavior the user would see in the browser. Learn more at https://react.dev/link/wrap-tests-with-act

      107 |       await Linking.openURL(safe);
      108 |       track(AnalyticsEvents.IMPORT_LOGIN_OPENED, { platform: platformId });
    > 109 |       setState({ phase: 'awaitingExtension', platformId });
          |       ^
      110 |     } catch {
      111 |       track(AnalyticsEvents.IMPORT_LOGIN_OPEN_FAILED, { platform: platformId, reason: 'open_failed' });
      112 |       setState({ phase: 'failed', message: "We couldn't open that site in your browser. Please try again." });

      at node_modules/react-reconciler/cjs/react-reconciler.development.js:16307:19
      at runWithFiberInDEV (node_modules/react-reconciler/cjs/react-reconciler.development.js:2508:13)
      at warnIfUpdatesNotWrappedWithActDEV (node_modules/react-reconciler/cjs/react-reconciler.development.js:16306:9)
      at scheduleUpdateOnFiber (node_modules/react-reconciler/cjs/react-reconciler.development.js:14070:11)
      at dispatchSetStateInternal (node_modules/react-reconciler/cjs/react-reconciler.development.js:6784:13)
      at dispatchSetState (node_modules/react-reconciler/cjs/react-reconciler.development.js:6741:7)
      at setState (src/screens/coach/ImportDataScreen.tsx:109:7)
      at asyncGeneratorStep (node_modules/@babel/runtime/helpers/asyncToGenerator.js:3:17)
      at _next (node_modules/@babel/runtime/helpers/asyncToGenerator.js:17:9)

    console.error
      An update to ImportDataScreen inside a test was not wrapped in act(...).
      
      When testing, code that causes React state updates should be wrapped into act(...):
      
      act(() => {
        /* fire events that update state */
      });
      /* assert on the output */
      
      This ensures that you're testing the behavior the user would see in the browser. Learn more at https://react.dev/link/wrap-tests-with-act

      107 |       await Linking.openURL(safe);
      108 |       track(AnalyticsEvents.IMPORT_LOGIN_OPENED, { platform: platformId });
    > 109 |       setState({ phase: 'awaitingExtension', platformId });
          |       ^
      110 |     } catch {
      111 |       track(AnalyticsEvents.IMPORT_LOGIN_OPEN_FAILED, { platform: platformId, reason: 'open_failed' });
      112 |       setState({ phase: 'failed', message: "We couldn't open that site in your browser. Please try again." });

      at node_modules/react-reconciler/cjs/react-reconciler.development.js:16307:19
      at runWithFiberInDEV (node_modules/react-reconciler/cjs/react-reconciler.development.js:2508:13)
      at warnIfUpdatesNotWrappedWithActDEV (node_modules/react-reconciler/cjs/react-reconciler.development.js:16306:9)
      at scheduleUpdateOnFiber (node_modules/react-reconciler/cjs/react-reconciler.development.js:14070:11)
      at dispatchSetStateInternal (node_modules/react-reconciler/cjs/react-reconciler.development.js:6784:13)
      at dispatchSetState (node_modules/react-reconciler/cjs/react-reconciler.development.js:6741:7)
      at setState (src/screens/coach/ImportDataScreen.tsx:109:7)
      at asyncGeneratorStep (node_modules/@babel/runtime/helpers/asyncToGenerator.js:3:17)
      at _next (node_modules/@babel/runtime/helpers/asyncToGenerator.js:17:9)

PASS src/screens/coach/__tests__/ImportDataScreen.restore.test.tsx

Test Suites: 2 failed, 4 passed, 6 total
Tests:       5 failed, 132 passed, 137 total
Snapshots:   0 total
Time:        9.625 s
Ran all test suites within paths "src/components/coach/__tests__/ExtensionPairingPanel.test.tsx", "src/components/coach/__tests__/ExtensionPairingPanel.copy.test.tsx", "src/components/coach/__tests__/ExtensionPairingPanel.a11y.test.tsx", "src/components/coach/__tests__/ExtensionPairingPanel.reconstruct.test.tsx", "src/screens/coach/__tests__/ImportDataScreen.test.tsx", "src/screens/coach/__tests__/ImportDataScreen.restore.test.tsx".
