PASS test/contracts/importer-contract.spec.ts (60.048 s)
[31m[Nest] 13695  - [39m09/24/2026, 6:05:17 AM [31m  ERROR[39m [38;5;3m[ExtensionPairService] [39m[31mpair init: exhausted code-mint attempts[39m
[31m[Nest] 13695  - [39m09/24/2026, 6:05:17 AM [31m  ERROR[39m [38;5;3m[ExtensionPairService] [39m[31mpair init: exhausted code-mint attempts[39m
PASS src/extension-pair/__tests__/extension-pair.service.spec.ts
PASS src/extension-pair/__tests__/durable-session.spec.ts
PASS src/extension-pair/__tests__/durable-intent.spec.ts
PASS src/extension-pair/__tests__/extension-pair-redeem-contract.spec.ts
[31m[Nest] 13695  - [39m09/24/2026, 6:05:20 AM [31m  ERROR[39m [38;5;3m[AuthService] [39m[31mpair redeem: generateLink failed: no hashed_token[39m
[31m[Nest] 13695  - [39m09/24/2026, 6:05:20 AM [31m  ERROR[39m [38;5;3m[AuthService] [39m[31mpair redeem: verifyOtp failed: bad otp[39m
[31m[Nest] 13695  - [39m09/24/2026, 6:05:20 AM [31m  ERROR[39m [38;5;3m[AuthService] [39m[31mpair redeem: generateLink failed: supabase down[39m
PASS src/extension-pair/__tests__/auth-mint-extension-session.spec.ts
PASS src/extension-pair/__tests__/extension-pair.controller-wiring.spec.ts
PASS src/extension-pair/__tests__/extension-pair.dto.spec.ts
PASS src/extension-pair/__tests__/setup-recovery.spec.ts
PASS src/extension-pair/__tests__/extension-pair.controller.spec.ts
PASS src/extension-pair/__tests__/coach-guard-role.spec.ts

Test Suites: 11 passed, 11 total
Tests:       190 passed, 190 total
Snapshots:   0 total
Time:        66.333 s
Ran all test suites matching test/contracts/importer-contract.spec.ts|src/extension-pair/__tests__.
