[2026-09-22T00:30:36Z] R5-06-r4stale-success-candidate wt=/home/user/workspace/worktrees/s4-r5 head=2bcf1563d85bc2109e99805e4ce1b06fce4dcdb3 tree=3e23f91824689d1f179a116af948eae0ed5ae170 dirty_paths=2 diff_sha256=de8083d0c1558d6b0a9822ec58556aecfb8dbbcd51e9731f4f6ae1b95aa09314 cmd: node /home/user/workspace/execution/s4-r4/scripts/stale-caller-probe.mjs /home/user/workspace/worktrees/s4-r5 success
{
  "probe": "stale-caller (S4-R3-A-02) mode=success",
  "root": "/home/user/workspace/worktrees/s4-r5",
  "head": "2bcf1563d85bc2109e99805e4ce1b06fce4dcdb3",
  "node": "v20.20.1",
  "actualNetwork": false,
  "replacementAcknowledgement": {
    "ok": true
  },
  "immediatelyAfterReplacement": [
    [
      "tgp_refresh_token",
      "NEW_SYNTHETIC_REFRESH"
    ]
  ],
  "afterStaleCallerSettled": [
    [
      "tgp_refresh_token",
      "NEW_SYNTHETIC_REFRESH"
    ]
  ],
  "finalSession": {
    "ok": true,
    "hasSession": true
  },
  "authRequiredCount": 0,
  "lastSnapshot": {
    "kind": "status_snapshot",
    "intent": {
      "intentId": "imp-1790037036260",
      "platform": "truecoach",
      "status": "ingest_failed"
    },
    "progress": [],
    "lastError": "import stopped — your TGP session changed during the import. Start the import again.",
    "pendingTransfer": {
      "entityType": "clients",
      "count": 1
    },
    "workerActive": true
  },
  "calls": [
    {
      "url": "https://app.truecoach.co/proxy/api/clients?per_page=25&page=1",
      "authorization": "Bearer SYNTHETIC_SOURCE"
    },
    {
      "url": "https://api.tgp.coach/api/scout/ingest",
      "authorization": "Bearer OLD_SYNTHETIC_ACCESS"
    },
    {
      "url": "https://api.tgp.coach/api/auth/extension/refresh",
      "authorization": null
    }
  ],
  "pass": true
}
[2026-09-22T00:30:36Z] R5-06-r4stale-success-candidate exit=0
