[2026-09-22T00:28:47Z] R5-02-a01-predecessor-2bcf wt=/home/user/workspace/worktrees/s4-r4 head=2bcf1563d85bc2109e99805e4ce1b06fce4dcdb3 tree=3e23f91824689d1f179a116af948eae0ed5ae170 dirty_paths=0 diff_sha256=e3b0c44298fc1c149afbf4c8996fb92427ae41e4649b934ca495991b7852b855 cmd: node /home/user/workspace/execution/s4-r5/scripts/a01-preflight-barrier-discriminator.mjs /home/user/workspace/worktrees/s4-r4 --expect defect
{
  "probe": "a01-preflight-barrier-discriminator",
  "derivedFrom": "execution/audits/s4-r4/a/preflight-barrier-probe.mjs sha256 14a07ea7dfd39c4d1d8a1f73e0434610e5cce88dcf4f41a423f4812722c35896",
  "root": "/home/user/workspace/worktrees/s4-r4",
  "head": "2bcf1563d85bc2109e99805e4ce1b06fce4dcdb3",
  "expectation": "defect",
  "started": "2026-09-22T00:28:47.284Z",
  "ended": "2026-09-22T00:28:49.340Z",
  "durationMs": 2056,
  "node": "v20.20.1",
  "network": false,
  "pass": true,
  "failures": [],
  "checks": {
    "control.imports_under_old_minted_bearer_on_all_routes": {
      "pass": true,
      "detail": [
        [
          "auth/extension/refresh",
          null
        ],
        [
          "clients?per_page=25&page=1",
          "Bearer SOURCE"
        ],
        [
          "scout/ingest",
          "Bearer OLD_MINTED_A"
        ],
        [
          "scout/progress",
          "Bearer OLD_MINTED_A"
        ],
        [
          "clients?per_page=25&page=2",
          "Bearer SOURCE"
        ],
        [
          "clients/c1/notes",
          "Bearer SOURCE"
        ],
        [
          "scout/progress",
          "Bearer OLD_MINTED_A"
        ],
        [
          "scout/ingest/complete",
          "Bearer OLD_MINTED_A"
        ]
      ]
    },
    "control.no_auth_required": {
      "pass": true,
      "detail": 0
    },
    "control.terminal_succeeded": {
      "pass": true,
      "detail": "ingest_succeeded"
    },
    "replaced.predecessor_reproduces_A01_B_bearer_on_all_routes": {
      "pass": true,
      "detail": [
        "/api/scout/ingest",
        "/api/scout/progress",
        "/api/scout/ingest/complete"
      ]
    },
    "replaced.predecessor_terminal_succeeded_under_B": {
      "pass": true,
      "detail": "ingest_succeeded"
    }
  },
  "results": [
    {
      "replace": false,
      "startAck": {
        "ok": true
      },
      "replacementAck": null,
      "calls": [
        {
          "url": "https://api.tgp.coach/api/auth/extension/refresh",
          "bearer": null,
          "refreshToken": "OLD_R"
        },
        {
          "url": "https://app.truecoach.co/proxy/api/clients?per_page=25&page=1",
          "bearer": "Bearer SOURCE",
          "refreshToken": null
        },
        {
          "url": "https://api.tgp.coach/api/scout/ingest",
          "bearer": "Bearer OLD_MINTED_A",
          "refreshToken": null
        },
        {
          "url": "https://api.tgp.coach/api/scout/progress",
          "bearer": "Bearer OLD_MINTED_A",
          "refreshToken": null
        },
        {
          "url": "https://app.truecoach.co/proxy/api/clients?per_page=25&page=2",
          "bearer": "Bearer SOURCE",
          "refreshToken": null
        },
        {
          "url": "https://app.truecoach.co/proxy/api/clients/c1/notes",
          "bearer": "Bearer SOURCE",
          "refreshToken": null
        },
        {
          "url": "https://api.tgp.coach/api/scout/progress",
          "bearer": "Bearer OLD_MINTED_A",
          "refreshToken": null
        },
        {
          "url": "https://api.tgp.coach/api/scout/ingest/complete",
          "bearer": "Bearer OLD_MINTED_A",
          "refreshToken": null
        }
      ],
      "session": [
        [
          "tgp_refresh_token",
          "OLD_ROTATED_R"
        ]
      ],
      "sessionState": {
        "ok": true,
        "hasSession": true
      },
      "authRequired": 0,
      "lastSnapshot": {
        "kind": "status_snapshot",
        "intent": {
          "intentId": "imp-1790036927330",
          "platform": "truecoach",
          "status": "ingest_succeeded"
        },
        "progress": [
          {
            "entityType": "clients",
            "sent": 1
          },
          {
            "entityType": "notes",
            "sent": 0
          }
        ],
        "lastError": null,
        "pendingTransfer": null,
        "staging": {
          "clients": {
            "received": 1,
            "inserted": 1,
            "deduped": 0
          }
        },
        "workerActive": true
      }
    },
    {
      "replace": true,
      "startAck": {
        "ok": true
      },
      "replacementAck": {
        "ok": true
      },
      "calls": [
        {
          "url": "https://api.tgp.coach/api/auth/extension/refresh",
          "bearer": null,
          "refreshToken": "OLD_R"
        },
        {
          "url": "https://app.truecoach.co/proxy/api/clients?per_page=25&page=1",
          "bearer": "Bearer SOURCE",
          "refreshToken": null
        },
        {
          "url": "https://api.tgp.coach/api/scout/ingest",
          "bearer": "Bearer NEW_A",
          "refreshToken": null
        },
        {
          "url": "https://api.tgp.coach/api/scout/progress",
          "bearer": "Bearer NEW_A",
          "refreshToken": null
        },
        {
          "url": "https://app.truecoach.co/proxy/api/clients?per_page=25&page=2",
          "bearer": "Bearer SOURCE",
          "refreshToken": null
        },
        {
          "url": "https://app.truecoach.co/proxy/api/clients/c1/notes",
          "bearer": "Bearer SOURCE",
          "refreshToken": null
        },
        {
          "url": "https://api.tgp.coach/api/scout/progress",
          "bearer": "Bearer NEW_A",
          "refreshToken": null
        },
        {
          "url": "https://api.tgp.coach/api/scout/ingest/complete",
          "bearer": "Bearer NEW_A",
          "refreshToken": null
        }
      ],
      "session": [
        [
          "tgp_refresh_token",
          "NEW_R"
        ]
      ],
      "sessionState": {
        "ok": true,
        "hasSession": true
      },
      "authRequired": 0,
      "lastSnapshot": {
        "kind": "status_snapshot",
        "intent": {
          "intentId": "imp-1790036928337",
          "platform": "truecoach",
          "status": "ingest_succeeded"
        },
        "progress": [
          {
            "entityType": "clients",
            "sent": 1
          },
          {
            "entityType": "notes",
            "sent": 0
          }
        ],
        "lastError": null,
        "pendingTransfer": null,
        "staging": {
          "clients": {
            "received": 1,
            "inserted": 1,
            "deduped": 0
          }
        },
        "workerActive": true
      }
    }
  ]
}
[2026-09-22T00:28:49Z] R5-02-a01-predecessor-2bcf exit=0
