[2026-09-22T00:46:12Z] R5-18-r4stale-reject-candidate-88287cff wt=/home/user/workspace/worktrees/s4-r5 head=88287cff47240aa58b5f0fea5da08670f1e87df6 tree=a2879859882770f45b88f1651438436fd96376f9 dirty_paths=0 diff_sha256=e3b0c44298fc1c149afbf4c8996fb92427ae41e4649b934ca495991b7852b855 cmd: node /home/user/workspace/execution/s4-r4/scripts/stale-caller-probe.mjs /home/user/workspace/worktrees/s4-r5 reject
{
  "probe": "stale-caller (S4-R3-A-02) mode=reject",
  "root": "/home/user/workspace/worktrees/s4-r5",
  "head": "88287cff47240aa58b5f0fea5da08670f1e87df6",
  "node": "v20.20.1",
  "actualNetwork": false,
  "replacementAcknowledgement": {
    "ok": true
  },
  "immediatelyAfterReplacement": [
    [
      "tgp_refresh_token",
      "NEW_SYNTHETIC_REFRESH"
    ]
  ],
  "afterStaleCallerSettled": [
    [
      "tgp_refresh_token",
      "NEW_SYNTHETIC_REFRESH"
    ]
  ],
  "finalSession": {
    "ok": true,
    "hasSession": true
  },
  "authRequiredCount": 0,
  "lastSnapshot": {
    "kind": "status_snapshot",
    "intent": {
      "intentId": "imp-1790037972710",
      "platform": "truecoach",
      "status": "ingest_failed"
    },
    "progress": [],
    "lastError": "import stopped — your TGP session changed during the import. Start the import again.",
    "pendingTransfer": {
      "entityType": "clients",
      "count": 1
    },
    "workerActive": true
  },
  "calls": [
    {
      "url": "https://app.truecoach.co/proxy/api/clients?per_page=25&page=1",
      "authorization": "Bearer SYNTHETIC_SOURCE"
    },
    {
      "url": "https://api.tgp.coach/api/scout/ingest",
      "authorization": "Bearer OLD_SYNTHETIC_ACCESS"
    },
    {
      "url": "https://api.tgp.coach/api/auth/extension/refresh",
      "authorization": null
    }
  ],
  "pass": true
}
[2026-09-22T00:46:12Z] R5-18-r4stale-reject-candidate-88287cff exit=0
