[2026-09-22T00:46:13Z] R5-19-a01-candidate-expect-defect-must-fail wt=/home/user/workspace/worktrees/s4-r5 head=88287cff47240aa58b5f0fea5da08670f1e87df6 tree=a2879859882770f45b88f1651438436fd96376f9 dirty_paths=0 diff_sha256=e3b0c44298fc1c149afbf4c8996fb92427ae41e4649b934ca495991b7852b855 cmd: node /home/user/workspace/execution/s4-r5/scripts/a01-preflight-barrier-discriminator.mjs /home/user/workspace/worktrees/s4-r5 --expect defect
{
  "probe": "a01-preflight-barrier-discriminator",
  "derivedFrom": "execution/audits/s4-r4/a/preflight-barrier-probe.mjs sha256 14a07ea7dfd39c4d1d8a1f73e0434610e5cce88dcf4f41a423f4812722c35896",
  "root": "/home/user/workspace/worktrees/s4-r5",
  "head": "88287cff47240aa58b5f0fea5da08670f1e87df6",
  "expectation": "defect",
  "started": "2026-09-22T00:46:13.302Z",
  "ended": "2026-09-22T00:46:14.351Z",
  "durationMs": 1050,
  "node": "v20.20.1",
  "network": false,
  "pass": false,
  "failures": [
    "replaced.predecessor_reproduces_A01_B_bearer_on_all_routes",
    "replaced.predecessor_terminal_succeeded_under_B"
  ],
  "checks": {
    "control.imports_under_old_minted_bearer_on_all_routes": {
      "pass": true,
      "detail": [
        [
          "auth/extension/refresh",
          null
        ],
        [
          "clients?per_page=25&page=1",
          "Bearer SOURCE"
        ],
        [
          "scout/ingest",
          "Bearer OLD_MINTED_A"
        ],
        [
          "scout/progress",
          "Bearer OLD_MINTED_A"
        ],
        [
          "clients?per_page=25&page=2",
          "Bearer SOURCE"
        ],
        [
          "clients/c1/notes",
          "Bearer SOURCE"
        ],
        [
          "scout/progress",
          "Bearer OLD_MINTED_A"
        ],
        [
          "scout/ingest/complete",
          "Bearer OLD_MINTED_A"
        ]
      ]
    },
    "control.no_auth_required": {
      "pass": true,
      "detail": 0
    },
    "control.terminal_succeeded": {
      "pass": true,
      "detail": "ingest_succeeded"
    },
    "replaced.predecessor_reproduces_A01_B_bearer_on_all_routes": {
      "pass": false,
      "detail": []
    },
    "replaced.predecessor_terminal_succeeded_under_B": {
      "pass": false
    }
  },
  "results": [
    {
      "replace": false,
      "startAck": {
        "ok": true
      },
      "replacementAck": null,
      "calls": [
        {
          "url": "https://api.tgp.coach/api/auth/extension/refresh",
          "bearer": null,
          "refreshToken": "OLD_R"
        },
        {
          "url": "https://app.truecoach.co/proxy/api/clients?per_page=25&page=1",
          "bearer": "Bearer SOURCE",
          "refreshToken": null
        },
        {
          "url": "https://api.tgp.coach/api/scout/ingest",
          "bearer": "Bearer OLD_MINTED_A",
          "refreshToken": null
        },
        {
          "url": "https://api.tgp.coach/api/scout/progress",
          "bearer": "Bearer OLD_MINTED_A",
          "refreshToken": null
        },
        {
          "url": "https://app.truecoach.co/proxy/api/clients?per_page=25&page=2",
          "bearer": "Bearer SOURCE",
          "refreshToken": null
        },
        {
          "url": "https://app.truecoach.co/proxy/api/clients/c1/notes",
          "bearer": "Bearer SOURCE",
          "refreshToken": null
        },
        {
          "url": "https://api.tgp.coach/api/scout/progress",
          "bearer": "Bearer OLD_MINTED_A",
          "refreshToken": null
        },
        {
          "url": "https://api.tgp.coach/api/scout/ingest/complete",
          "bearer": "Bearer OLD_MINTED_A",
          "refreshToken": null
        }
      ],
      "session": [
        [
          "tgp_refresh_token",
          "OLD_ROTATED_R"
        ]
      ],
      "sessionState": {
        "ok": true,
        "hasSession": true
      },
      "authRequired": 0,
      "lastSnapshot": {
        "kind": "status_snapshot",
        "intent": {
          "intentId": "imp-1790037973344",
          "platform": "truecoach",
          "status": "ingest_succeeded"
        },
        "progress": [
          {
            "entityType": "clients",
            "sent": 1
          },
          {
            "entityType": "notes",
            "sent": 0
          }
        ],
        "lastError": null,
        "pendingTransfer": null,
        "staging": {
          "clients": {
            "received": 1,
            "inserted": 1,
            "deduped": 0
          }
        },
        "workerActive": true
      }
    },
    {
      "replace": true,
      "startAck": {
        "ok": true
      },
      "replacementAck": {
        "ok": true
      },
      "calls": [
        {
          "url": "https://api.tgp.coach/api/auth/extension/refresh",
          "bearer": null,
          "refreshToken": "OLD_R"
        }
      ],
      "session": [
        [
          "tgp_refresh_token",
          "NEW_R"
        ]
      ],
      "sessionState": {
        "ok": true,
        "hasSession": true
      },
      "authRequired": 0,
      "lastSnapshot": {
        "kind": "status_snapshot",
        "intent": null,
        "progress": [],
        "lastError": "import stopped — your TGP session changed during the import. Start the import again.",
        "workerActive": true
      }
    }
  ]
}
[2026-09-22T00:46:14Z] R5-19-a01-candidate-expect-defect-must-fail exit=1
