[2026-09-22T00:45:33Z] R5-13-checkpoint-commit wt=/home/user/workspace/worktrees/s4-r5 head=2bcf1563d85bc2109e99805e4ce1b06fce4dcdb3 tree=3e23f91824689d1f179a116af948eae0ed5ae170 dirty_paths=6 diff_sha256=1373c70f2e7a8ce49215c9492ce8096685b7cac5c126c264601d811e4d018ed4 cmd: git -C /home/user/workspace/worktrees/s4-r5 commit --quiet -F /tmp/r5-commit-msg.txt
[38;2;0;0;0m╭[38;2;5;5;5m─[38;2;11;11;11m─[38;2;16;16;16m─[38;2;19;19;19m─[38;2;23;23;23m─[38;2;26;26;26m─[38;2;29;29;29m─[38;2;32;32;32m─[38;2;35;35;35m─[38;2;39;39;39m─[38;2;42;42;42m─[38;2;45;45;45m─[38;2;49;49;49m─[38;2;52;52;52m─[38;2;56;56;56m─[38;2;56;56;56m─[38;2;52;52;52m─[38;2;49;49;49m─[38;2;45;45;45m─[38;2;42;42;42m─[38;2;39;39;39m─[38;2;35;35;35m─[38;2;32;32;32m─[38;2;29;29;29m─[38;2;26;26;26m─[38;2;23;23;23m─[38;2;19;19;19m─[38;2;16;16;16m─[38;2;11;11;11m─[38;2;5;5;5m─[38;2;0;0;0m─[38;2;0;0;0m─[38;2;5;5;5m─[38;2;11;11;11m─[38;2;16;16;16m─[38;2;19;19;19m─[38;2;23;23;23m─[38;2;26;26;26m─[38;2;29;29;29m─[38;2;32;32;32m─[38;2;35;35;35m─[38;2;39;39;39m─[38;2;42;42;42m╮[m
[38;2;0;0;0m│[m 🥊 lefthook  v2.1.12   hook:  [1mpre-commit[m [38;2;52;52;52m│[m
[38;2;6;6;6m╰[38;2;12;12;12m─[38;2;17;17;17m─[38;2;20;20;20m─[38;2;24;24;24m─[38;2;27;27;27m─[38;2;31;31;31m─[38;2;34;34;34m─[38;2;38;38;38m─[38;2;41;41;41m─[38;2;45;45;45m─[38;2;48;48;48m─[38;2;52;52;52m─[38;2;56;56;56m─[38;2;56;56;56m─[38;2;52;52;52m─[38;2;48;48;48m─[38;2;45;45;45m─[38;2;41;41;41m─[38;2;38;38;38m─[38;2;34;34;34m─[38;2;31;31;31m─[38;2;27;27;27m─[38;2;24;24;24m─[38;2;20;20;20m─[38;2;17;17;17m─[38;2;12;12;12m─[38;2;6;6;6m─[38;2;0;0;0m─[38;2;0;0;0m─[38;2;5;5;5m─[38;2;11;11;11m─[38;2;16;16;16m─[38;2;19;19;19m─[38;2;23;23;23m─[38;2;26;26;26m─[38;2;29;29;29m─[38;2;32;32;32m─[38;2;35;35;35m─[38;2;39;39;39m─[38;2;42;42;42m─[38;2;45;45;45m─[38;2;49;49;49m─[38;2;52;52;52m╯[m
┃  deploy-readiness ❯ 

> tgp-importer-extension@0.3.0-rc.1 check:production-preflight
> node scripts/check-deploy-readiness.mjs

PRODUCTION STATIC PREFLIGHT (manifest, entrypoint, markers only)
PASS  manifest-v3
PASS  background-worker-declared
PASS  background-worker-exists
PASS  version-format
PASS  forbidden-production-markers
EXIT: STATIC PREFLIGHT CHECKS CLEAR

┃  secrets ❯ 
[]

┃  banned ❯ 

> tgp-importer-extension@0.3.0-rc.1 check:banned
> node scripts/check-banned.mjs

OK: banned-token net clean (source patterns + main commit identity)

┃  lint ❯ 

> tgp-importer-extension@0.3.0-rc.1 lint
> eslint --max-warnings=0 --config scripts/eslint.config.mjs .


┃  format ❯ 

> tgp-importer-extension@0.3.0-rc.1 format:check
> node scripts/check-format.mjs

OK: Prettier checked 52 tracked files with no ignored or unformatted file

┃  type-check ❯ 

> tgp-importer-extension@0.3.0-rc.1 type-check
> tsc -p jsconfig.json && tsc -p jsconfig.scripts.json


[38;2;56;56;56m  ────────────────────────────────────[m
summary: (done in 10.52 seconds)
✔️ deploy-readiness (3.20 seconds)
✔️ secrets (4.12 seconds)
✔️ banned (4.18 seconds)
✔️ lint (5.56 seconds)
✔️ format (5.66 seconds)
✔️ type-check (10.52 seconds)
[2026-09-22T00:45:44Z] R5-13-checkpoint-commit exit=0
