[2026-09-22T00:46:43Z] R5-21-reviewerB-original-probe-candidate-88287cff wt=/home/user/workspace/worktrees/s4-r5 head=88287cff47240aa58b5f0fea5da08670f1e87df6 tree=a2879859882770f45b88f1651438436fd96376f9 dirty_paths=0 diff_sha256=e3b0c44298fc1c149afbf4c8996fb92427ae41e4649b934ca495991b7852b855 cmd: node /home/user/workspace/execution/audits/s4-r4/b/probes/pending-admission-replacement-probe.mjs /home/user/workspace/worktrees/s4-r5
{
  "probe": "pending-admission-replacement-probe",
  "auditor": "S4 R4 independent audit B",
  "repoRoot": "/home/user/workspace/worktrees/s4-r5",
  "head": "88287cff47240aa58b5f0fea5da08670f1e87df6",
  "node": "v20.20.1",
  "elapsedMs": 68,
  "pass": false,
  "failures": [
    "PC.pending_run_presented_NEW_RT_exactly_once",
    "PC.replacement_rotated_by_that_refresh",
    "PC.memory_access_is_minted_for_NEW"
  ],
  "record": {
    "PA.nothing_presented_before_transitions": {
      "pass": true,
      "detail": []
    },
    "PA.establish_ok": {
      "pass": true,
      "detail": {
        "ok": true
      }
    },
    "PA.one_fetch_presenting_NEW_only": {
      "pass": true,
      "detail": [
        "NEW_REFRESH"
      ]
    },
    "PA.joiner_did_not_start_second_fetch": {
      "pass": true,
      "detail": [
        "NEW_REFRESH"
      ]
    },
    "PA.both_callers_minted": {
      "pass": true,
      "detail": [
        "MINTED",
        "MINTED"
      ]
    },
    "PA.storage_rotated": {
      "pass": true,
      "detail": "ROTATED"
    },
    "PA.memory_minted": {
      "pass": true
    },
    "PC.old_session_established": {
      "pass": true,
      "detail": {
        "ok": true
      }
    },
    "PC.import_started": {
      "pass": true,
      "detail": {
        "ok": true
      }
    },
    "PC.no_refresh_presented_while_establish_holds_lock": {
      "pass": true,
      "detail": 0
    },
    "PC.replacement_acknowledged": {
      "pass": true,
      "detail": {
        "ok": true
      }
    },
    "observed": {
      "refreshTokensPresented": [],
      "ingestBearers": [
        "Bearer OLD_ACCESS"
      ],
      "completeCalls": 0,
      "authRequired": 0,
      "lastStatus": "ingest_failed",
      "lastError": "import stopped — your TGP session changed during the import. Start the import again.",
      "storageRefreshToken": "NEW_RT",
      "generationOld": 1,
      "generationNow": 2
    },
    "PC.pending_run_presented_NEW_RT_exactly_once": {
      "pass": false,
      "detail": []
    },
    "PC.replacement_rotated_by_that_refresh": {
      "pass": false,
      "detail": "NEW_RT"
    },
    "PC.memory_access_is_minted_for_NEW": {
      "pass": false
    },
    "PC.old_run_stopped_ingest_failed": {
      "pass": true,
      "detail": "ingest_failed"
    },
    "PC.replaced_detail": {
      "pass": true,
      "detail": "import stopped — your TGP session changed during the import. Start the import again."
    },
    "PC.no_auth_required": {
      "pass": true,
      "detail": 0
    },
    "PC.no_complete_call": {
      "pass": true,
      "detail": 0
    },
    "PC.no_ingest_under_NEW_or_minted_bearer": {
      "pass": true,
      "detail": [
        "Bearer OLD_ACCESS"
      ]
    },
    "PC.no_expired_message_anywhere": {
      "pass": true
    },
    "PC.session_state_has_session": {
      "pass": true,
      "detail": {
        "ok": true,
        "hasSession": true
      }
    },
    "PC.single_flight_released": {
      "pass": true,
      "detail": {
        "ok": true
      }
    },
    "spec_invariant_old_run_never_presented_NEW_RT": true
  }
}
[2026-09-22T00:46:44Z] R5-21-reviewerB-original-probe-candidate-88287cff exit=1
