2026-09-26T04:14:57Z RUN s9c-compose pid=17538 user=user node=v20.20.1 git=git version 2.53.0
2026-09-26T04:14:57Z LOCK acquired fd9 inode=692282 (released at exit; file preserved)
2026-09-26T04:14:58Z REMOTE integration/importer=a4af8e330bd4d6f882f0aebd411200b76d651aba main=1c10e2a19b35bbb4fb17fe7c5aab6fa613e74c47 land_refs=24
The bundle contains this ref:
2e9f6c054b86b749b58a9232c79153a872d9ec18 refs/heads/exec-d3a9/s9c-r2
The bundle requires this ref:
5407efae319fd913e973c87f3be0d49786c4a3e0 
The bundle uses this hash algorithm: sha1
/home/user/workspace/tgp-private-evidence/execution/1910a060/landing/bundles/s9c-2e9f6c054b86.bundle is okay
2026-09-26T04:15:20Z S9C exact 2e9f6c054b86b749b58a9232c79153a872d9ec18 tree=02e7b312c7a318e80c1e468854ef2555a10e8873 parent=5407efae319fd913e973c87f3be0d49786c4a3e0 raw=3f6899d22568025d9e2eb3ee5f3dac176fdb0bb64c2869e7f78b90c985857be6 blobs==gate receipt (22) bundle=ff37a0a6cf463d09f11982b38d6d51d36d4a1d58892eff0e9cb7fec56ee02844
2026-09-26T04:15:21Z HYGIENE ok 2 commit(s) 5407efae..a4af8e33
2026-09-26T04:15:21Z HYGIENE ok 1 commit(s) 5407efae..2e9f6c05
2026-09-26T04:15:22Z SCOPE ok docs=[docs/contracts/importer-openapi.json docs/decisions/2026-09-25-s9-reconciliation.md] reconstruct=[src/scout/reconstruct/native/native-rules.ts] prisma/package unchanged; S9 doc append-only
2026-09-26T04:15:23Z DISK node_modules=733584K avail=3149728K
2026-09-26T04:15:44Z LEFTHOOK_VERSION=2.1.9 expect=2.1.9
2026-09-26T04:15:44Z HOOK_RAW own pre-commit=64260a08427440e8fe597360be8fcdc193a4dc4b25b003a92eb9303c4b536cb1 commit-msg=4ccdabf5f5a7f3989b6409f41f80d912b2e47076daa1b8eb496cb7ab166e87e2 | ref(/home/user/workspace/worktrees/1910a060-s8f) pre-commit=e21bece648d1a2a72fa38e1323dc61d3558e349ff25f764d1c98b494f8af06b1 commit-msg=277018c46292e87a96e872b68fc792b09f7e1359cafd7ec891ae1586387160b9
2026-09-26T04:15:44Z HOOK_NORMALIZED own pre-commit=9dcf80f409a026d9d672c015b6356ff3983f08a0541d2283b58c3fb1af5c0298 commit-msg=4ab9b41920737c96c2b28aba37fbf9d30024fc79e0e8cf5d1860303ff2e69f87 | ref pre-commit=9dcf80f409a026d9d672c015b6356ff3983f08a0541d2283b58c3fb1af5c0298 commit-msg=4ab9b41920737c96c2b28aba37fbf9d30024fc79e0e8cf5d1860303ff2e69f87
2026-09-26T04:15:44Z HOOK_OK own hooks reference /home/user/workspace/worktrees/d3a9-land-s9c/node_modules/lefthook-linux-x64/bin/lefthook
2026-09-26T04:15:45Z RUNTIME wt=/home/user/workspace/worktrees/d3a9-land-s9c branch=land-d3a9/s9c nm_lock=05bc530aa44bfa6df64f0daa8edb66c5181abf4bfbc309bd8da2c8aff37b6a44 client=9042e713ba5678c99959a345b7b18a60dfc186b2c7d890b8d9c3ed5c8f4edcc6 prettier=3.9.9 hooks ok
2026-09-26T04:15:46Z MERGED (uncommitted) tree=944562f61f3f8fcef28a4f0f558fa930322bb388
2026-09-26T04:21:44Z JEST rc=0 Test Suites: 10 skipped, 49 passed, 49 of 59 total Tests:       113 skipped, 2038 passed, 2151 total 
[38;2;0;0;0m╭[38;2;5;5;5m─[38;2;11;11;11m─[38;2;16;16;16m─[38;2;19;19;19m─[38;2;23;23;23m─[38;2;26;26;26m─[38;2;29;29;29m─[38;2;32;32;32m─[38;2;35;35;35m─[38;2;39;39;39m─[38;2;42;42;42m─[38;2;45;45;45m─[38;2;49;49;49m─[38;2;52;52;52m─[38;2;56;56;56m─[38;2;56;56;56m─[38;2;52;52;52m─[38;2;49;49;49m─[38;2;45;45;45m─[38;2;42;42;42m─[38;2;39;39;39m─[38;2;35;35;35m─[38;2;32;32;32m─[38;2;29;29;29m─[38;2;26;26;26m─[38;2;23;23;23m─[38;2;19;19;19m─[38;2;16;16;16m─[38;2;11;11;11m─[38;2;5;5;5m─[38;2;0;0;0m─[38;2;0;0;0m─[38;2;6;6;6m─[38;2;12;12;12m─[38;2;17;17;17m─[38;2;20;20;20m─[38;2;24;24;24m─[38;2;27;27;27m─[38;2;31;31;31m─[38;2;34;34;34m─[38;2;38;38;38m─[38;2;41;41;41m╮[m
[38;2;0;0;0m│[m 🥊 lefthook  v2.1.9   hook:  [1mpre-commit[m [38;2;52;52;52m│[m
[38;2;6;6;6m╰[38;2;12;12;12m─[38;2;17;17;17m─[38;2;20;20;20m─[38;2;24;24;24m─[38;2;27;27;27m─[38;2;31;31;31m─[38;2;34;34;34m─[38;2;38;38;38m─[38;2;41;41;41m─[38;2;45;45;45m─[38;2;48;48;48m─[38;2;52;52;52m─[38;2;56;56;56m─[38;2;56;56;56m─[38;2;52;52;52m─[38;2;48;48;48m─[38;2;45;45;45m─[38;2;41;41;41m─[38;2;38;38;38m─[38;2;34;34;34m─[38;2;31;31;31m─[38;2;27;27;27m─[38;2;24;24;24m─[38;2;20;20;20m─[38;2;17;17;17m─[38;2;12;12;12m─[38;2;6;6;6m─[38;2;0;0;0m─[38;2;0;0;0m─[38;2;6;6;6m─[38;2;12;12;12m─[38;2;17;17;17m─[38;2;20;20;20m─[38;2;24;24;24m─[38;2;27;27;27m─[38;2;31;31;31m─[38;2;34;34;34m─[38;2;38;38;38m─[38;2;41;41;41m─[38;2;45;45;45m─[38;2;48;48;48m─[38;2;52;52;52m╯[m
┃  prod-readiness-quick ❯ 

┃  banned-cast-tokens ❯ 
R75 --cached; policy=:.github/r75-policy.json
Counts are whole-file after (+) and before (-); net is the per-class change.
OK — no positive token change

┃  prettier ❯ 
Checking formatting...
All matched files use Prettier code style!

┃  eslint ❯ 

┃  tsc ❯ 

[38;2;56;56;56m  ────────────────────────────────────[m
summary: (done in 48.83 seconds)
✔️ prod-readiness-quick (0.01 seconds)
✔️ banned-cast-tokens (0.68 seconds)
✔️ prettier (5.16 seconds)
✔️ eslint (5.83 seconds)
✔️ tsc (48.82 seconds)
[38;2;0;0;0m╭[38;2;5;5;5m─[38;2;11;11;11m─[38;2;16;16;16m─[38;2;19;19;19m─[38;2;23;23;23m─[38;2;26;26;26m─[38;2;29;29;29m─[38;2;32;32;32m─[38;2;35;35;35m─[38;2;39;39;39m─[38;2;42;42;42m─[38;2;45;45;45m─[38;2;49;49;49m─[38;2;52;52;52m─[38;2;56;56;56m─[38;2;56;56;56m─[38;2;52;52;52m─[38;2;49;49;49m─[38;2;45;45;45m─[38;2;42;42;42m─[38;2;39;39;39m─[38;2;35;35;35m─[38;2;32;32;32m─[38;2;29;29;29m─[38;2;26;26;26m─[38;2;23;23;23m─[38;2;19;19;19m─[38;2;16;16;16m─[38;2;11;11;11m─[38;2;5;5;5m─[38;2;0;0;0m─[38;2;0;0;0m─[38;2;6;6;6m─[38;2;12;12;12m─[38;2;17;17;17m─[38;2;20;20;20m─[38;2;24;24;24m─[38;2;27;27;27m─[38;2;31;31;31m─[38;2;34;34;34m─[38;2;38;38;38m─[38;2;41;41;41m╮[m
[38;2;0;0;0m│[m 🥊 lefthook  v2.1.9   hook:  [1mcommit-msg[m [38;2;52;52;52m│[m
[38;2;6;6;6m╰[38;2;12;12;12m─[38;2;17;17;17m─[38;2;20;20;20m─[38;2;24;24;24m─[38;2;27;27;27m─[38;2;31;31;31m─[38;2;34;34;34m─[38;2;38;38;38m─[38;2;41;41;41m─[38;2;45;45;45m─[38;2;48;48;48m─[38;2;52;52;52m─[38;2;56;56;56m─[38;2;56;56;56m─[38;2;52;52;52m─[38;2;48;48;48m─[38;2;45;45;45m─[38;2;41;41;41m─[38;2;38;38;38m─[38;2;34;34;34m─[38;2;31;31;31m─[38;2;27;27;27m─[38;2;24;24;24m─[38;2;20;20;20m─[38;2;17;17;17m─[38;2;12;12;12m─[38;2;6;6;6m─[38;2;0;0;0m─[38;2;0;0;0m─[38;2;6;6;6m─[38;2;12;12;12m─[38;2;17;17;17m─[38;2;20;20;20m─[38;2;24;24;24m─[38;2;27;27;27m─[38;2;31;31;31m─[38;2;34;34;34m─[38;2;38;38;38m─[38;2;41;41;41m─[38;2;45;45;45m─[38;2;48;48;48m─[38;2;52;52;52m╯[m
┃  no-ai-tokens ❯ 

[38;2;56;56;56m  ────────────────────────────────────[m
summary: (done in 0.02 seconds)
✔️ no-ai-tokens (0.02 seconds)
[land-d3a9/s9c e6f20300] Merge S9-C reconciliation wiring (2e9f6c05) into integration/importer
2026-09-26T04:22:34Z HYGIENE ok 2 commit(s) a4af8e33..e6f20300
The bundle contains this ref:
e6f20300b495fa9eee9539ae58d30e3b60e5a78c refs/heads/land-d3a9/s9c
The bundle requires these 2 refs:
5407efae319fd913e973c87f3be0d49786c4a3e0 
a4af8e330bd4d6f882f0aebd411200b76d651aba 
The bundle uses this hash algorithm: sha1
/home/user/workspace/tgp-private-evidence/execution/1910a060/landing/run/s9c-compose-20260926T041457Z/export/land-s9c-e6f20300b495.bundle is okay
2026-09-26T04:22:35Z DONE compose merge=e6f20300b495fa9eee9539ae58d30e3b60e5a78c tree=944562f61f3f8fcef28a4f0f558fa930322bb388 (not pushed)
