START 2026-09-24T20:48:28Z pid=10582 head_expect=29e60705d8c4e1228fd1d2f248c7e53b6b8e56dd fixture_expect=29db46ad3189ca12bd507e79cd2f2b87c3c375aeb454f6db76973bb467ad4bc3 node=v20.20.1
PRECONDITIONS_OK 2026-09-24T20:48:30Z server='postgres (PostgreSQL) 17.6' psql='psql (PostgreSQL) 18.6 (Ubuntu 18.6-0ubuntu0.26.04.1)' jest=30.4.1 pg17_provenance='postgres_sha256=23cd174849b273064c47d581b55be596be2f5cf0ee5d3e76c0146e2464bf873a result=success '
PREFLIGHT s5_cluster=ABSENT (recorded as-is, not reconstructed)
PREFLIGHT c1_cluster=ABSENT
PREFLIGHT b_cluster=ABSENT
PREFLIGHT r_cluster=ABSENT
PREFLIGHT_OK 2026-09-24T20:48:31Z ndir=absent port55481=free postgres_procs=0 worktree_porcelain_sha=e3b0c44298fc1c149afbf4c8996fb92427ae41e4649b934ca495991b7852b855
FIXTURE_INIT rc=0 2026-09-24T20:48:42Z
FIXTURE_START rc=0 2026-09-24T20:48:42Z
OLD_ROOT rc=0 2026-09-24T20:48:44Z head=7d2895e1fe03ea82353e8ce0b07aacaf66af74c8
BOOTSTRAP rc=0 2026-09-24T20:48:53Z
IDENTITY_OK 2026-09-24T20:48:54Z data_directory=/home/user/pg17/clusters/nq1/pg-data server_version_num=170006 cluster_name=nq1-disposable-pg17
JEST_START 2026-09-24T20:48:54Z cmd='./node_modules/.bin/jest --config jest.rls.config.js test/rls-g2-nq1.spec.ts --runInBand --ci'
JEST_END rc=0 2026-09-24T20:54:49Z
Test Suites: 1 passed, 1 total
Tests:       20 passed, 20 total
Snapshots:   0 total
Time:        354.69 s
FIXTURE_STOP rc=0 2026-09-24T20:54:49Z
STOP_STATE_OK postgres_procs=0 port55481=free datadir_retained=/home/user/pg17/clusters/nq1/pg-data
POST s5_cluster=ABSENT unchanged
POST_OK 2026-09-24T20:54:50Z receipts=/home/user/workspace/execution/cf8ff737/nq1/runtime/run/RECEIPTS.sha256
END rc=0 stage=done 2026-09-24T20:54:50Z
