[2026-09-20T22:57:07Z] 08-git-commit head=c5a5ae12c5b3c3e32a4601c99319ad7c0d980057 tree=5f3c8f6a729427ce6c23bcb1ba18dc7b986b7447 dirty_paths=5 cmd: git -C /home/user/workspace/worktrees/s4-r3 commit -q -F -
[38;2;0;0;0m╭[38;2;5;5;5m─[38;2;11;11;11m─[38;2;16;16;16m─[38;2;19;19;19m─[38;2;23;23;23m─[38;2;26;26;26m─[38;2;29;29;29m─[38;2;32;32;32m─[38;2;35;35;35m─[38;2;39;39;39m─[38;2;42;42;42m─[38;2;45;45;45m─[38;2;49;49;49m─[38;2;52;52;52m─[38;2;56;56;56m─[38;2;56;56;56m─[38;2;52;52;52m─[38;2;49;49;49m─[38;2;45;45;45m─[38;2;42;42;42m─[38;2;39;39;39m─[38;2;35;35;35m─[38;2;32;32;32m─[38;2;29;29;29m─[38;2;26;26;26m─[38;2;23;23;23m─[38;2;19;19;19m─[38;2;16;16;16m─[38;2;11;11;11m─[38;2;5;5;5m─[38;2;0;0;0m─[38;2;0;0;0m─[38;2;5;5;5m─[38;2;11;11;11m─[38;2;16;16;16m─[38;2;19;19;19m─[38;2;23;23;23m─[38;2;26;26;26m─[38;2;29;29;29m─[38;2;32;32;32m─[38;2;35;35;35m─[38;2;39;39;39m─[38;2;42;42;42m╮[m
[38;2;0;0;0m│[m 🥊 lefthook  v2.1.12   hook:  [1mpre-commit[m [38;2;52;52;52m│[m
[38;2;6;6;6m╰[38;2;12;12;12m─[38;2;17;17;17m─[38;2;20;20;20m─[38;2;24;24;24m─[38;2;27;27;27m─[38;2;31;31;31m─[38;2;34;34;34m─[38;2;38;38;38m─[38;2;41;41;41m─[38;2;45;45;45m─[38;2;48;48;48m─[38;2;52;52;52m─[38;2;56;56;56m─[38;2;56;56;56m─[38;2;52;52;52m─[38;2;48;48;48m─[38;2;45;45;45m─[38;2;41;41;41m─[38;2;38;38;38m─[38;2;34;34;34m─[38;2;31;31;31m─[38;2;27;27;27m─[38;2;24;24;24m─[38;2;20;20;20m─[38;2;17;17;17m─[38;2;12;12;12m─[38;2;6;6;6m─[38;2;0;0;0m─[38;2;0;0;0m─[38;2;5;5;5m─[38;2;11;11;11m─[38;2;16;16;16m─[38;2;19;19;19m─[38;2;23;23;23m─[38;2;26;26;26m─[38;2;29;29;29m─[38;2;32;32;32m─[38;2;35;35;35m─[38;2;39;39;39m─[38;2;42;42;42m─[38;2;45;45;45m─[38;2;49;49;49m─[38;2;52;52;52m╯[m
┃  banned ❯ 

> tgp-importer-extension@0.3.0-rc.1 check:banned
> node scripts/check-banned.mjs

OK: banned-token net clean (source patterns + origin/main commit identity)

┃  deploy-readiness ❯ 

> tgp-importer-extension@0.3.0-rc.1 check:production-preflight
> node scripts/check-deploy-readiness.mjs

PRODUCTION STATIC PREFLIGHT (manifest, entrypoint, markers only)
PASS  manifest-v3
PASS  background-worker-declared
PASS  background-worker-exists
PASS  version-format
PASS  forbidden-production-markers
EXIT: STATIC PREFLIGHT CHECKS CLEAR

┃  secrets ❯ 
[]

┃  lint ❯ 

> tgp-importer-extension@0.3.0-rc.1 lint
> eslint --max-warnings=0 --config scripts/eslint.config.mjs .


┃  format ❯ 

> tgp-importer-extension@0.3.0-rc.1 format:check
> node scripts/check-format.mjs

OK: Prettier checked 49 tracked files with no ignored or unformatted file

┃  type-check ❯ 

> tgp-importer-extension@0.3.0-rc.1 type-check
> tsc -p jsconfig.json && tsc -p jsconfig.scripts.json


[38;2;56;56;56m  ────────────────────────────────────[m
summary: (done in 10.23 seconds)
✔️ banned (3.87 seconds)
✔️ deploy-readiness (4.07 seconds)
✔️ secrets (4.14 seconds)
✔️ lint (5.12 seconds)
✔️ format (5.45 seconds)
✔️ type-check (10.22 seconds)
[2026-09-20T22:57:17Z] 08-git-commit exit=0
