[2026-09-20T23:02:02Z] 12-browser-proof head=84471e99b278e964f7cb3f6bf9c78491064c41b7 tree=f31a978034d0aa8a2c39615ade5ec0255a19b1d0 dirty_paths=0 cmd: bash -c cd /home/user/workspace/worktrees/s4-r3 && ZIP=dist/tgp-importer-extension-0.3.0-rc.1.zip && echo zip_sha256=$(sha256sum $ZIP | cut -d' ' -f1) && echo '== positive ==' && timeout 240 node scripts/browser-load-proof.mjs --chrome /home/user/.cache/ms-playwright/chromium-1217/chrome-linux64/chrome --zip $ZIP --out /home/user/workspace/execution/s4-r3/logs/browser-load-proof.84471e9.positive.json; echo positive_exit=$?; echo '== negative control ==' && timeout 240 node scripts/browser-load-proof.mjs --negative-control --chrome /home/user/.cache/ms-playwright/chromium-1217/chrome-linux64/chrome --zip $ZIP --out /home/user/workspace/execution/s4-r3/logs/browser-load-proof.84471e9.negative-control.json; echo negative_control_exit=$?
zip_sha256=90883cad44cd78b60a18ab232aba0b965ae40ab6edb99054138cac61c0f6a9a7
== positive ==
PASS worker runtime bindings present and message router registered within 15s
PASS attached worker is the packaged extension (id, URL path and manifest identity agree)
PASS worker registered its message router
PASS popup loaded, learned there is no session, and redirected to the pairing view
PASS content script isolated world created on the synthetic source origin
PASS worker collects the synthetic source token over the internal message boundary
PASS worker receives an honest { ok: false } when the page holds no session
PASS chrome.storage is bound in the worker (storage permission honoured)
PASS synthetic token never reaches extension storage or console output
PASS no runtime exceptions in worker, popup or content script
PASS every network request observed on page, popup and worker sessions targeted the synthetic host or the extension origin (all other hosts resolve NOTFOUND by resolver rule)
package sha256 90883cad44cd78b60a18ab232aba0b965ae40ab6edb99054138cac61c0f6a9a7; evidence /home/user/workspace/execution/s4-r3/logs/browser-load-proof.84471e9.positive.json; 0 failed
positive_exit=0
== negative control ==
PASS worker runtime bindings present and message router registered within 15s
PASS attached worker is the packaged extension (id, URL path and manifest identity agree)
PASS worker registered its message router
PASS popup loaded, learned there is no session, and redirected to the pairing view
PASS content script isolated world created on the synthetic source origin
FAIL worker collects the synthetic source token over the internal message boundary
FAIL worker receives an honest { ok: false } when the page holds no session
PASS chrome.storage is bound in the worker (storage permission honoured)
PASS synthetic token never reaches extension storage or console output
FAIL no runtime exceptions in worker, popup or content script
PASS every network request observed on page, popup and worker sessions targeted the synthetic host or the extension origin (all other hosts resolve NOTFOUND by resolver rule)
package sha256 90883cad44cd78b60a18ab232aba0b965ae40ab6edb99054138cac61c0f6a9a7; evidence /home/user/workspace/execution/s4-r3/logs/browser-load-proof.84471e9.negative-control.json; 3 failed
negative control: DETECTED — noReceiver=true syntaxExceptionSeen=true unrelatedFailures=0
negative_control_exit=0
[2026-09-20T23:02:34Z] 12-browser-proof exit=0
