== S1+S2 composition proof start_utc=2026-09-23T16:22:44Z pid=13278 host=127.0.0.1:54353 db=s1_rls_s2comp_r53 db2=s1_rls_s2comp_r53_lock out=/home/user/workspace/execution/op88/s2-v57/composition-r57/20260923T162230Z/harness
head=d5cd9b8b0690a2e6f2c3fd8ff320a1ceb13d650c tree=c0ab87d4dc584b2a7ccad53db16fa551b93fe359 parents=21ea3252de90cab66c591cf907b65a0ee7eef879
clean=yes
c0_tree_commit=d5cd9b8b0690a2e6f2c3fd8ff320a1ceb13d650c (candidate HEAD export minus S1-owned paths: prisma/migrations/20261224000000_rls_close_public_exposure test/db)
sha256 8831f8f744d1b42499c8eae7f34e21651c65cf3e831ab82d064434a36482f073  scripts/release.sh  blob=c86b3ab961cb0569369d28e95278be4aa9669d03
sha256 0922729c5096faf6025ebb093ba7993c218d193c84f9c8c918f195b9331a8fb4  scripts/release-required-verifiers.txt  blob=bfc2c5fe50a4a6ea65e7a04c35fd4e8061f3586d
sha256 72b0ad5a07cd6ccbcc1e88ef94e311606fb1a85d97f0efa6c38cf87de3cae344  prisma/migrations/20261224000000_rls_close_public_exposure/migration.sql  blob=586ffad41d832bbcbb93379c217d1e8dd5b6b005
sha256 dd7dd6f33f03fb0738e635530e69299741c1ec4d6e6a848e15ed937a74a7bdeb  prisma/migrations/20261224000000_rls_close_public_exposure/down.sql  blob=b1990b02fb63f00c00fa57d7c8f517b52b1d2dc2
sha256 266e62e9ed6def7491e886c1f9648ce31dd95d62931c839fb84db2b3140a9448  prisma/migrations/20261224000000_rls_close_public_exposure/verify.sql  blob=11836f0c4ae4361feb75ef3554e0ac504f5fb267
sha256 6f66e43624fd7ad4337b9b4b67e108fc2192230e8b6e8cc4287b193fe997a8ec  test/db/_support/s1-target-guard.sh  blob=81e305493796a2d8fede288abce1c260afb61020
sha256 e8c42d2e6f2173f0d4acbf5cf47316c4aefaad23aee023e6e08171a6e536da60  test/db/_support/supabase-like-bootstrap.sql  blob=3bf835115ad540fde27a8ec6c04a7e4262150754
sha256 719a8d0971bf98c284e6e79915e48a73e23d544703790936958a74b608358014  prisma/migrations/rls_fitness_backend.sql  blob=db4aa89e8b68964d87def6a3a939ccf9583802aa
sha256 62b05b908c835dae51e54af1e553d91f763a070da21813c4419d66e018d61390  package-lock.json  blob=a23abae6298ff4312d65320ffb700dee2c8c4f06
psql=/usr/lib/postgresql/18/bin/psql psql (PostgreSQL) 18.6 (Ubuntu 18.6-0ubuntu0.26.04.1)
node=/usr/local/bin/node v20.20.1
prisma_cli=/home/user/workspace/worktrees/s2-runner53/node_modules/prisma/build/index.js sha256=c2a77456b70e8ba1e640e122824ed694433828a7c0d76ff3db7fc376b4b0e1a0
prisma_version: Prisma schema loaded from prisma/schema.prisma;prisma : 6.19.3;@prisma/client : 6.19.3;Computed binaryTarget : debian-openssl-3.0.x;Operating System : linux;Architecture : x64;Node.js : v20.20.1;TypeScript : 5.9.3;Query Engine (Node-API) : libquery-engine c2990dca591cba766e3b7ef5d9e8a84796e47ab7 (at node_modules/@prisma/engines/libquery_engine-debian-openssl-3.0.x.so.node);PSL : @prisma/prisma-schema-wasm 7.1.1-3.c2990dca591cba766e3b7ef5d9e8a84796e47ab7;Schema Engine : schema-engine-cli c2990dca591cba766e3b7ef5d9e8a84796e47ab7 (at node_modules/@prisma/engines/schema-engine-debian-openssl-3.0.x);Default Engines Hash : c2990dca591cba766e3b7ef5d9e8a84796e47ab7;Studio : 0.511.0;
npx_resolves_to=prisma : 6.19.3
PATH=/home/user/pg17/dist/bin:/usr/lib/postgresql/18/bin:/usr/local/sbin:/usr/local/bin:/usr/sbin:/usr/bin:/sbin:/bin
server_version=17.6 cluster=s1-disposable-pg17 datadir=/home/user/pg17/clusters/s2comp-r53
migration_dirs_total=165 (candidate included)
PASS  C0 tree: candidate-HEAD export minus S1-owned paths (prisma/migrations/20261224000000_rls_close_public_exposure test/db) has release.sh identical to integrated head
PASS  C0 tree: S2-only tree has NO S1 verifier (and no prisma/migrations/20261224000000_rls_close_public_exposure, no test/db)
== C0 dir=/tmp/tmp.aziAnOiy0d/s2only start=2026-09-23T16:22:48Z end=2026-09-23T16:22:50Z release_sh_exit=1 log=/home/user/workspace/execution/op88/s2-v57/composition-r57/20260923T162230Z/harness/C0.release.log
      captured tmp artifact: release_verifiers_discovered.txt
PASS  C0: S2-only release.sh exits 1
PASS  C0: refuses with 'REQUIRED catalog verifier missing'
PASS  C0: prisma CLI present in that tree (refusal is not 'prisma missing'; banner shows the pinned version)
PASS  C0: no 'step 1:' reached (no migrate status)
PASS  C0: no connection attempt (no P1001 / Can't reach)
PASS  C0: /tmp/prisma_migrate.log never created
PASS  C0: no success banner
== C0b dir=/tmp/tmp.aziAnOiy0d/nover start=2026-09-23T16:22:50Z end=2026-09-23T16:22:52Z release_sh_exit=1 log=/home/user/workspace/execution/op88/s2-v57/composition-r57/20260923T162230Z/harness/C0b.release.log
      captured tmp artifact: release_verifiers_discovered.txt
PASS  C0b: integrated tree minus verify.sql exits 1
PASS  C0b: names the missing required verifier
PASS  C0b: no 'step 1:' reached, no DB contact
== P: pre-state preparation start_utc=2026-09-23T16:22:52Z
      parent migration directories in the temp copy (candidate removed): 164
PASS  P1 (s1_rls_s2comp_r53): REAL prisma migrate deploy of the parent chain as non-superuser postgres exits 0
PASS  P1 (s1_rls_s2comp_r53): parent chain applied count == parent directories (164)
PASS  P1 (s1_rls_s2comp_r53): _prisma_migrations holds exactly 164 finished rows (genuine ledger)
PASS  P1 (s1_rls_s2comp_r53): out-of-band rls_fitness_backend.sql applied (production pre-state twin)
PASS  P1 (s1_rls_s2comp_r53): verify.sql FAILS on the pre-state via psql (exposure present, candidate pending)
PASS  P1 (s1_rls_s2comp_r53): candidate row absent from ledger before release
PASS  P2 (s1_rls_s2comp_r53_lock): REAL prisma migrate deploy of the parent chain as non-superuser postgres exits 0
PASS  P2 (s1_rls_s2comp_r53_lock): parent chain applied count == parent directories (164)
PASS  P2 (s1_rls_s2comp_r53_lock): _prisma_migrations holds exactly 164 finished rows (genuine ledger)
PASS  P2 (s1_rls_s2comp_r53_lock): out-of-band rls_fitness_backend.sql applied (production pre-state twin)
PASS  P2 (s1_rls_s2comp_r53_lock): verify.sql FAILS on the pre-state via psql (exposure present, candidate pending)
PASS  P2 (s1_rls_s2comp_r53_lock): candidate row absent from ledger before release
      first/last parent migration applied: Applying migration `00000000000000_baseline` Applying migration `20261223000300_scout_reconstructed_entity` 
== C1 dir=/home/user/workspace/worktrees/s2-runner53 start=2026-09-23T16:22:56Z end=2026-09-23T16:23:03Z release_sh_exit=0 log=/home/user/workspace/execution/op88/s2-v57/composition-r57/20260923T162230Z/harness/C1.release.log
      captured tmp artifact: prisma_migrate.log
      captured tmp artifact: prisma_status.log
      captured tmp artifact: prisma_verifier.log
      captured tmp artifact: prisma_verify.log
      captured tmp artifact: release_verifiers_discovered.txt
PASS  C1: release.sh exits 0
PASS  C1: step 0 accepted the contract: verifiers_required = 1 (all present)
PASS  C1: step 1 saw exactly the candidate pending (pending_before=1)
PASS  C1: step 2 ran real migrate deploy and applied the candidate
PASS  C1: step 4 invoked the discovered verifier
PASS  C1: verifiers_passed=1 verifiers_required=1
      C1 ALL_APPLIED=165 (expected 165)
PASS  C1: ALL_APPLIED == parent chain + candidate
PASS  C1v: ledger row for the candidate is finished (deploy was real)
PASS  C1v: ledger total == parent chain + candidate
      C1v: prisma db execute route exposes exit code only; NOTICE text present in prisma_verifier.log: 0
PASS  C1v: same verify.sql via psql stop-on-error exits 0 on the released state
PASS  C1v: psql route prints S1's OK line (18 relations, 4 partitions)
== C2 dir=/home/user/workspace/worktrees/s2-runner53 start=2026-09-23T16:23:03Z end=2026-09-23T16:23:10Z release_sh_exit=0 log=/home/user/workspace/execution/op88/s2-v57/composition-r57/20260923T162230Z/harness/C2.release.log
      captured tmp artifact: prisma_migrate.log
      captured tmp artifact: prisma_status.log
      captured tmp artifact: prisma_verifier.log
      captured tmp artifact: prisma_verify.log
      captured tmp artifact: release_verifiers_discovered.txt
PASS  C2: release.sh exits 0 again
PASS  C2: nothing pending (pending_before=0)
PASS  C2: verifier still invoked
PASS  C2: verifiers_passed=1
PASS  C3 setup: S1 down.sql applied out of band (--single-transaction)
== C3 dir=/home/user/workspace/worktrees/s2-runner53 start=2026-09-23T16:23:10Z end=2026-09-23T16:23:17Z release_sh_exit=1 log=/home/user/workspace/execution/op88/s2-v57/composition-r57/20260923T162230Z/harness/C3.release.log
      captured tmp artifact: prisma_migrate.log
      captured tmp artifact: prisma_status.log
      captured tmp artifact: prisma_verifier.log
      captured tmp artifact: prisma_verify.log
      captured tmp artifact: release_verifiers_discovered.txt
PASS  C3: release.sh exits 1 (verifier failure propagates)
PASS  C3: step 3 still reported 'up to date' (ledger untouched by out-of-band reversal)
PASS  C3: step 4 banner 'catalog verifier FAILED' names the S1 verifier
PASS  C3: Prisma's real error text (S1 EXPOSURE class) appears in the release log tail
PASS  C3: no success banner
PASS  C4 setup: direct re-apply of migration.sql (psql --single-transaction) exits 0
== C4 dir=/home/user/workspace/worktrees/s2-runner53 start=2026-09-23T16:23:17Z end=2026-09-23T16:23:24Z release_sh_exit=0 log=/home/user/workspace/execution/op88/s2-v57/composition-r57/20260923T162230Z/harness/C4.release.log
      captured tmp artifact: prisma_migrate.log
      captured tmp artifact: prisma_status.log
      captured tmp artifact: prisma_verifier.log
      captured tmp artifact: prisma_verify.log
      captured tmp artifact: release_verifiers_discovered.txt
PASS  C4: release.sh exits 0 after recovery
PASS  C4: verifiers_passed=1
== C5 dir=/home/user/workspace/worktrees/s2-runner53 start=2026-09-23T16:23:24Z end=2026-09-23T16:23:31Z release_sh_exit=1 log=/home/user/workspace/execution/op88/s2-v57/composition-r57/20260923T162230Z/harness/C5.release.log
      captured tmp artifact: prisma_migrate.log
      captured tmp artifact: prisma_status.log
      captured tmp artifact: prisma_verifier.log
      captured tmp artifact: prisma_verify.log
      captured tmp artifact: release_verifiers_discovered.txt
PASS  C5: release.sh exits 1 on allowed-path drift
PASS  C5: ALLOWED-PATH class reported (0 exposure; 1 allowed-path)
PASS  C5: names the lost privilege
== C5r dir=/home/user/workspace/worktrees/s2-runner53 start=2026-09-23T16:23:31Z end=2026-09-23T16:23:38Z release_sh_exit=0 log=/home/user/workspace/execution/op88/s2-v57/composition-r57/20260923T162230Z/harness/C5r.release.log
      captured tmp artifact: prisma_migrate.log
      captured tmp artifact: prisma_status.log
      captured tmp artifact: prisma_verifier.log
      captured tmp artifact: prisma_verify.log
      captured tmp artifact: release_verifiers_discovered.txt
PASS  C5r: release.sh exits 0 after restoring the grant
PASS  C7 setup: blocker holds a lock on community_messages_2027_01
== C7 dir=/home/user/workspace/worktrees/s2-runner53 start=2026-09-23T16:23:39Z end=2026-09-23T16:23:48Z release_sh_exit=1 log=/home/user/workspace/execution/op88/s2-v57/composition-r57/20260923T162230Z/harness/C7.release.log
      captured tmp artifact: prisma_migrate.log
      captured tmp artifact: prisma_status.log
      captured tmp artifact: release_verifiers_discovered.txt
PASS  C7: release.sh exits non-zero while the late-stage lock is held
      C7 exit=1 elapsed=9s
PASS  C7: failure banner from the ERR trap with Prisma's own output tail
PASS  C7: Prisma's real failure text (P3018 / lock timeout 55P03) is in the release log
PASS  C7: the failing migration named is the candidate
PASS  C7: no step 4 / no success banner
PASS  C7: failed deploy recorded in ledger (finished_at null, rolled_back_at null)
psql:prisma/migrations/20261224000000_rls_close_public_exposure/verify.sql:236: ERROR:  S1-DB-01 VERIFY FAILED (258 exposure problem(s); 19 allowed-path problem(s)): EXPOSURE: "ClientAssetGrant": RLS not enabled; "ClientAssetGrant": RLS not forced; "ClientAssetGrant": restrictive deny-all policy for anon missing; "ClientAssetGrant": anon still holds SELECT; "ClientAssetGrant": anon still holds INSERT; "ClientAssetGrant": anon still holds UPDATE; "ClientAssetGrant": anon still holds DELETE; "ClientAssetGrant": anon still holds TRUNCATE; "ClientAssetGrant": restrictive deny-all policy for authenticated missing; "ClientAssetGrant": authenticated still holds SELECT; "ClientAssetGrant": authenticated still holds INSERT; "ClientAssetGrant": authenticated still holds UPDATE; "ClientAssetGrant": authenticated still holds DELETE; "ClientAssetGrant": authenticated still holds TRUNCATE; "CoachMediaAsset": RLS not enabled; "CoachMediaAsset": RLS not forced; "CoachMediaAsset": restrictive deny-all policy for anon missing; "CoachMediaAsset": anon still holds SELECT; "CoachMediaAsset": anon still holds INSERT; "CoachMediaAsset": anon still holds UPDATE; "CoachMediaAsset": anon still holds DELETE; "CoachMediaAsset": anon still holds TRUNCATE; "CoachMediaAsset": restrictive deny-all policy for authenticated missing; "CoachMediaAsset": authenticated still holds SELECT; "CoachMediaAsset": authenticated still holds INSERT; "CoachMediaAsset": authenticated still holds UPDATE; "CoachMediaAsset": authenticated still holds DELETE; "CoachMediaAsset": authenticated still holds TRUNCATE; "CoachPackageContent": RLS not enabled; "CoachPackageContent": RLS not forced; "CoachPackageContent": restrictive deny-all policy for anon missing; "CoachPackageContent": anon still holds SELECT; "CoachPackageContent": anon still holds INSERT; "CoachPackageContent": anon still holds UPDATE; "CoachPackageContent": anon still holds DELETE; "CoachPackageContent": anon still holds TRUNCATE; "CoachPackageContent": restrictive deny-all policy for authenticated missing; "CoachPackageContent": authenticated still holds SELECT; "CoachPackageContent": authenticated still holds INSERT; "CoachPackageContent": authenticated still holds UPDATE; "CoachPackageContent": authenticated still holds DELETE; "CoachPackageContent": authenticated still holds TRUNCATE; "DripResolverMarker": RLS not enabled; "DripResolverMarker": RLS not forced; "DripResolverMarker": restrictive deny-all policy for anon missing; "DripResolverMarker": anon still holds SELECT; "DripResolverMarker": anon still holds INSERT; "DripResolverMarker": anon still holds UPDATE; "DripResolverMarker": anon still holds DELETE; "DripResolverMarker": anon still holds TRUNCATE; "DripResolverMarker": restrictive deny-all policy for authenticated missing; "DripResolverMarker": authenticated still holds SELECT; "DripResolverMarker": authenticated still holds INSERT; "DripResolverMarker": authenticated still holds UPDATE; "DripResolverMarker": authenticated still holds DELETE; "DripResolverMarker": authenticated still holds TRUNCATE; "DunningAttempt": RLS not enabled; "DunningAttempt": RLS not forced; "DunningAttempt": restrictive deny-all policy for anon missing; "DunningAttempt": anon still holds SELECT; "DunningAttempt": anon still holds INSERT; "DunningAttempt": anon still holds UPDATE; "DunningAttempt": anon still holds DELETE; "DunningAttempt": anon still holds TRUNCATE; "DunningAttempt": restrictive deny-all policy for authenticated missing; "DunningAttempt": authenticated still holds SELECT; "DunningAttempt": authenticated still holds INSERT; "DunningAttempt": authenticated still holds UPDATE; "DunningAttempt": authenticated still holds DELETE; "DunningAttempt": authenticated still holds TRUNCATE; "MuxProcessedEvent": RLS not enabled; "MuxProcessedEvent": RLS not forced; "MuxProcessedEvent": restrictive deny-all policy for anon missing; "MuxProcessedEvent": anon still holds SELECT; "MuxProcessedEvent": anon still holds INSERT; "MuxProcessedEvent": anon still holds UPDATE; "MuxProcessedEvent": anon still holds DELETE; "MuxProcessedEvent": anon still holds TRUNCATE; "MuxProcessedEvent": restrictive deny-all policy for authenticated missing; "MuxProcessedEvent": authenticated still holds SELECT; "MuxProcessedEvent": authenticated still holds INSERT; "MuxProcessedEvent": authenticated still holds UPDATE; "MuxProcessedEvent": authenticated still holds DELETE; "MuxProcessedEvent": authenticated still holds TRUNCATE; "NudgeLog": RLS not enabled; "NudgeLog": RLS not forced; "NudgeLog": restrictive deny-all policy for anon missing; "NudgeLog": anon still holds SELECT; "NudgeLog": anon still holds INSERT; "NudgeLog": anon still holds UPDATE; "NudgeLog": anon still holds DELETE; "NudgeLog": anon still holds TRUNCATE; "NudgeLog": restrictive deny-all policy for authenticated missing; "NudgeLog": authenticated still holds SELECT; "NudgeLog": authenticated still holds INSERT; "NudgeLog": authenticated still holds UPDATE; "NudgeLog": authenticated still holds DELETE; "NudgeLog": authenticated still holds TRUNCATE; "PaymentRecoveryToken": RLS not enabled; "PaymentRecoveryToken": RLS not forced; "PaymentRecoveryToken": restrictive deny-all policy for anon missing; "PaymentRecoveryToken": anon still holds SELECT; "PaymentRecoveryToken": anon still holds INSERT; "PaymentRecoveryToken": anon still holds UPDATE; "PaymentRecoveryToken": anon still holds DELETE; "PaymentRecoveryToken": anon still holds TRUNCATE; "PaymentRecoveryToken": restrictive deny-all policy for authenticated missing; "PaymentRecoveryToken": authenticated still holds SELECT; "PaymentRecoveryToken": authenticated still holds INSERT; "PaymentRecoveryToken": authenticated still holds UPDATE; "PaymentRecoveryToken": authenticated still holds DELETE; "PaymentRecoveryToken": authenticated still holds TRUNCATE; "PayoutMethod": RLS not enabled; "PayoutMethod": RLS not forced; "PayoutMethod": restrictive deny-all policy for anon missing; "PayoutMethod": anon still holds SELECT; "PayoutMethod": anon still holds INSERT; "PayoutMethod": anon still holds UPDATE; "PayoutMethod": anon still holds DELETE; "PayoutMethod": anon still holds TRUNCATE; "PayoutMethod": restrictive deny-all policy for authenticated missing; "PayoutMethod": authenticated still holds SELECT; "PayoutMethod": authenticated still holds INSERT; "PayoutMethod": authenticated still holds UPDATE; "PayoutMethod": authenticated still holds DELETE; "PayoutMethod": authenticated still holds TRUNCATE; "PurchaseFanout": RLS not enabled; "PurchaseFanout": RLS not forced; "PurchaseFanout": restrictive deny-all policy for anon missing; "PurchaseFanout": anon still holds SELECT; "PurchaseFanout": anon still holds INSERT; "PurchaseFanout": anon still holds UPDATE; "PurchaseFanout": anon still holds DELETE; "PurchaseFanout": anon still holds TRUNCATE; "PurchaseFanout": restrictive deny-all policy for authenticated missing; "PurchaseFanout": authenticated still holds SELECT; "PurchaseFanout": authenticated still holds INSERT; "PurchaseFanout": authenticated still holds UPDATE; "PurchaseFanout": authenticated still holds DELETE; "PurchaseFanout": authenticated still holds TRUNCATE; "ScheduledDrop": RLS not enabled; "ScheduledDrop": RLS not forced; "ScheduledDrop": restrictive deny-all policy for anon missing; "ScheduledDrop": anon still holds SELECT; "ScheduledDrop": anon still holds INSERT; "ScheduledDrop": anon still holds UPDATE; "ScheduledDrop": anon still holds DELETE; "ScheduledDrop": anon still holds TRUNCATE; "ScheduledDrop": restrictive deny-all policy for authenticated missing; "ScheduledDrop": authenticated still holds SELECT; "ScheduledDrop": authenticated still holds INSERT; "ScheduledDrop": authenticated still holds UPDATE; "ScheduledDrop": authenticated still holds DELETE; "ScheduledDrop": authenticated still holds TRUNCATE; "UserAIQuota": RLS not enabled; "UserAIQuota": RLS not forced; "UserAIQuota": restrictive deny-all policy for anon missing; "UserAIQuota": anon still holds SELECT; "UserAIQuota": anon still holds INSERT; "UserAIQuota": anon still holds UPDATE; "UserAIQuota": anon still holds DELETE; "UserAIQuota": anon still holds TRUNCATE; "UserAIQuota": restrictive deny-all policy for authenticated missing; "UserAIQuota": authenticated still holds SELECT; "UserAIQuota": authenticated still holds INSERT; "UserAIQuota": authenticated still holds UPDATE; "UserAIQuota": authenticated still holds DELETE; "UserAIQuota": authenticated still holds TRUNCATE; coach_ltv_peak: RLS not enabled; coach_ltv_peak: RLS not forced; coach_ltv_peak: restrictive deny-all policy for anon missing; coach_ltv_peak: anon still holds SELECT; coach_ltv_peak: anon still holds INSERT; coach_ltv_peak: anon still holds UPDATE; coach_ltv_peak: anon still holds DELETE; coach_ltv_peak: anon still holds TRUNCATE; coach_ltv_peak: restrictive deny-all policy for authenticated missing; coach_ltv_peak: authenticated still holds SELECT; coach_ltv_peak: authenticated still holds INSERT; coach_ltv_peak: authenticated still holds UPDATE; coach_ltv_peak: authenticated still holds DELETE; coach_ltv_peak: authenticated still holds TRUNCATE; recent_auth_nonce: RLS not enabled; recent_auth_nonce: RLS not forced; recent_auth_nonce: restrictive deny-all policy for anon missing; recent_auth_nonce: anon still holds SELECT; recent_auth_nonce: anon still holds INSERT; recent_auth_nonce: anon still holds UPDATE; recent_auth_nonce: anon still holds DELETE; recent_auth_nonce: anon still holds TRUNCATE; recent_auth_nonce: restrictive deny-all policy for authenticated missing; recent_auth_nonce: authenticated still holds SELECT; recent_auth_nonce: authenticated still holds INSERT; recent_auth_nonce: authenticated still holds UPDATE; recent_auth_nonce: authenticated still holds DELETE; recent_auth_nonce: authenticated still holds TRUNCATE; community_messages_2026_12: RLS not enabled; community_messages_2026_12: RLS not forced; community_messages_2026_12: restrictive deny-all policy for anon missing; community_messages_2026_12: anon still holds SELECT; community_messages_2026_12: anon still holds INSERT; community_messages_2026_12: anon still holds UPDATE; community_messages_2026_12: anon still holds DELETE; community_messages_2026_12: anon still holds TRUNCATE; community_messages_2026_12: restrictive deny-all policy for authenticated missing; community_messages_2026_12: authenticated still holds SELECT; community_messages_2026_12: authenticated still holds INSERT; community_messages_2026_12: authenticated still holds UPDATE; community_messages_2026_12: authenticated still holds DELETE; community_messages_2026_12: authenticated still holds TRUNCATE; community_messages_2027_01: RLS not enabled; community_messages_2027_01: RLS not forced; community_messages_2027_01: restrictive deny-all policy for anon missing; community_messages_2027_01: anon still holds SELECT; community_messages_2027_01: anon still holds INSERT; community_messages_2027_01: anon still holds UPDATE; community_messages_2027_01: anon still holds DELETE; community_messages_2027_01: anon still holds TRUNCATE; community_messages_2027_01: restrictive deny-all policy for authenticated missing; community_messages_2027_01: authenticated still holds SELECT; community_messages_2027_01: authenticated still holds INSERT; community_messages_2027_01: authenticated still holds UPDATE; community_messages_2027_01: authenticated still holds DELETE; community_messages_2027_01: authenticated still holds TRUNCATE; community_messages_2027_02: RLS not enabled; community_messages_2027_02: RLS not forced; community_messages_2027_02: restrictive deny-all policy for anon missing; community_messages_2027_02: anon still holds SELECT; community_messages_2027_02: anon still holds INSERT; community_messages_2027_02: anon still holds UPDATE; community_messages_2027_02: anon still holds DELETE; community_messages_2027_02: anon still holds TRUNCATE; community_messages_2027_02: restrictive deny-all policy for authenticated missing; community_messages_2027_02: authenticated still holds SELECT; community_messages_2027_02: authenticated still holds INSERT; community_messages_2027_02: authenticated still holds UPDATE; community_messages_2027_02: authenticated still holds DELETE; community_messages_2027_02: authenticated still holds TRUNCATE; community_messages_default: RLS not enabled; community_messages_default: RLS not forced; community_messages_default: restrictive deny-all policy for anon missing; community_messages_default: anon still holds SELECT; community_messages_default: anon still holds INSERT; community_messages_default: anon still holds UPDATE; community_messages_default: anon still holds DELETE; community_messages_default: anon still holds TRUNCATE; community_messages_default: restrictive deny-all policy for authenticated missing; community_messages_default: authenticated still holds SELECT; community_messages_default: authenticated still holds INSERT; community_messages_default: authenticated still holds UPDATE; community_messages_default: authenticated still holds DELETE; community_messages_default: authenticated still holds TRUNCATE; public.community_messages_create_month_partition: search_path not pinned to pg_catalog, public, pg_temp (found none); public.community_messages_create_month_partition: anon can EXECUTE; public.community_messages_create_month_partition: authenticated can EXECUTE; app.is_community_workspace_coach: search_path not pinned to '' (found none); app.is_community_workspace_member: search_path not pinned to '' (found none); app.shares_community_cohort: search_path not pinned to '' (found none) || ALLOWED-PATH: "ClientAssetGrant": service_role bypass policy (ALL, USING true, WITH CHECK true) missing; "CoachMediaAsset": service_role bypass policy (ALL, USING true, WITH CHECK true) missing; "CoachPackageContent": service_role bypass policy (ALL, USING true, WITH CHECK true) missing; "DripResolverMarker": service_role bypass policy (ALL, USING true, WITH CHECK true) missing; "DunningAttempt": service_role bypass policy (ALL, USING true, WITH CHECK true) missing; "MuxProcessedEvent": service_role bypass policy (ALL, USING true, WITH CHECK true) missing; "NudgeLog": service_role bypass policy (ALL, USING true, WITH CHECK true) missing; "PaymentRecoveryToken": service_role bypass policy (ALL, USING true, WITH CHECK true) missing; "PayoutMethod": service_role bypass policy (ALL, USING true, WITH CHECK true) missing; "PurchaseFanout": service_role bypass policy (ALL, USING true, WITH CHECK true) missing; "ScheduledDrop": service_role bypass policy (ALL, USING true, WITH CHECK true) missing; "UserAIQuota": service_role bypass policy (ALL, USING true, WITH CHECK true) missing; coach_ltv_peak: service_role bypass policy (ALL, USING true, WITH CHECK true) missing; recent_auth_nonce: service_role bypass policy (ALL, USING true, WITH CHECK true) missing; community_messages_2026_12: service_role bypass policy (ALL, USING true, WITH CHECK true) missing; community_messages_2027_01: service_role bypass policy (ALL, USING true, WITH CHECK true) missing; community_messages_2027_02: service_role bypass policy (ALL, USING true, WITH CHECK true) missing; community_messages_default: service_role bypass policy (ALL, USING true, WITH CHECK true) missing; PRECONDITION/INSTALL: 4 of 5 S1-DB-01 functions present with the expected signature
CONTEXT:  PL/pgSQL function inline_code_block line 163 at RAISE
PASS  C7: whole-file rollback — verify.sql still fails via psql (pre-state intact)
PASS  C7: blocker released
PASS  C8 setup: prisma migrate resolve --rolled-back succeeds on the REAL failed row
== C8 dir=/home/user/workspace/worktrees/s2-runner53 start=2026-09-23T16:23:49Z end=2026-09-23T16:23:56Z release_sh_exit=0 log=/home/user/workspace/execution/op88/s2-v57/composition-r57/20260923T162230Z/harness/C8.release.log
      captured tmp artifact: prisma_migrate.log
      captured tmp artifact: prisma_status.log
      captured tmp artifact: prisma_verifier.log
      captured tmp artifact: prisma_verify.log
      captured tmp artifact: release_verifiers_discovered.txt
PASS  C8: release.sh exits 0 after failed-row recovery
PASS  C8: step 2 really re-applied the candidate after the rolled-back row (Applying migration line)
PASS  C8: ALL_APPLIED == parent chain + candidate (rolled-back row excluded, read through @prisma/client)
PASS  C8: verifiers_passed=1
PASS  C8: ledger total == parent chain + candidate (rolled-back row excluded)
PASS  post-run: worktree still clean (release.sh/contract/S1 files untouched)
== 68 passed, 0 failed (server 17.6, head d5cd9b8, end_utc=2026-09-23T16:23:56Z)
