== scout dir + guards start_utc=2026-09-24T22:15:15Z head=7ab9cc379e6d06187bb912cfd3442f28570ae46f
PASS test/scout/reconstruct/scout-reconstruct.service.spec.ts (9.552 s)
PASS test/scout/entities/scout-entities.service.spec.ts
PASS test/scout/roster/scout-roster.service.spec.ts
PASS test/scout/reconstruct/conformance-alpha.e2e.spec.ts
PASS test/scout/reconstruct/scout-reconstruct.families.spec.ts
PASS test/scout/scout-diagnostics-boundary.spec.ts
PASS src/scout/scout-ledger-backfill.spec.ts
PASS test/scout/scout-cursor.spec.ts
PASS test/scout/reconstruct/conformance-alpha.mapper.spec.ts
PASS test/scout/entities/scout-entities.contract.spec.ts
PASS test/scout/reconstruct/scout-reconstruct.migration.spec.ts
PASS test/scout/entities/scout-entities.rls.live.spec.ts
PASS test/scout/entities/scout-entities.controller.spec.ts
PASS test/scout/reconstruct/truecoach-entity.mapper.spec.ts
PASS test/scout/reconstruct/source-mapper-registry.spec.ts
PASS test/scout/reconstruct/scout-reconstruct.controller.spec.ts
PASS test/scout/reconstruct/scout-reconstructed-entity.migration.spec.ts
PASS test/scout/roster/scout-roster.controller.spec.ts
PASS test/scout/g2-c-db-guard.spec.ts
PASS test/scout/scout-diagnostics-public-cause.spec.ts
PASS test/scout/scout-diagnostics-public.spec.ts
PASS test/scout/g2-nq1-db-guard.spec.ts
PASS test/scout/g2-r-ready-db-guard.spec.ts
PASS test/scout/g2-b-drain-db-guard.spec.ts
PASS test/scout/g2-pg17-db-guard.spec.ts
PASS test/scout/reconstruct/truecoach-clients.mapper.spec.ts
PASS test/scout/scout-diagnostics.integrity.spec.ts
PASS test/scout/reconstruct/scout-reconstruct.flag.spec.ts
PASS test/scout/entities/scout-entities.flag.spec.ts
PASS test/scout/roster/scout-roster.flag.spec.ts
PASS test/scout/g2-ledger-target.spec.ts
PASS test/scout/g2-tq0-db-guard.spec.ts
PASS test/scout/scout-ingest.validation.integration.spec.ts
PASS src/scout/lifecycle/lifecycle.service.spec.ts
PASS test/scout/scout-ingest.controller.spec.ts
PASS src/scout/scout.service.spec.ts
PASS src/scout/scout.controller.spec.ts
PASS test/scout/scout-ingest.service.spec.ts
PASS src/scout/lifecycle/lifecycle.controller.spec.ts
PASS src/scout/scout.dto.spec.ts
PASS src/scout/lifecycle/arbiter.spec.ts
PASS test/scout/g2-s7l-db-guard.spec.ts
PASS test/scout/scout-ingest.idempotency.spec.ts
Test Suites: 43 passed, 43 total
Tests:       5 skipped, 870 passed, 875 total
jest_rc=0
== end_utc=2026-09-24T22:15:43Z
