  console.info
    [S6-P1 T0] mode=d51-singleton authenticated write landed on: ["TGP_RQ_CACHE_V1:anonymous"]

      at Object.info (src/services/__tests__/persistedQueryCache.hazardControls.test.tsx:152:13)

  console.error
    You seem to have overlapping act() calls, this is not supported. Be sure to await previous act() calls before making a new one.

      at popActScope (node_modules/react/cjs/react.development.js:556:17)
      at node_modules/react/cjs/react.development.js:844:17

  console.error
    You seem to have overlapping act() calls, this is not supported. Be sure to await previous act() calls before making a new one.

      at popActScope (node_modules/react/cjs/react.development.js:556:17)
      at node_modules/react/cjs/react.development.js:844:17

  console.error
    You seem to have overlapping act() calls, this is not supported. Be sure to await previous act() calls before making a new one.

      at popActScope (node_modules/react/cjs/react.development.js:556:17)
      at node_modules/react/cjs/react.development.js:844:17

  console.error
    You seem to have overlapping act() calls, this is not supported. Be sure to await previous act() calls before making a new one.

      at popActScope (node_modules/react/cjs/react.development.js:556:17)
      at node_modules/react/cjs/react.development.js:844:17

  console.error
    You seem to have overlapping act() calls, this is not supported. Be sure to await previous act() calls before making a new one.

      at popActScope (node_modules/react/cjs/react.development.js:556:17)
      at node_modules/react/cjs/react.development.js:844:17

  console.error
    You seem to have overlapping act() calls, this is not supported. Be sure to await previous act() calls before making a new one.

      at popActScope (node_modules/react/cjs/react.development.js:556:17)
      at node_modules/react/cjs/react.development.js:844:17

FAIL src/services/__tests__/persistedQueryCache.hazardControls.test.tsx (12.43 s)
  S6-P1 hazard controls [mode=d51-singleton]
    ✓ T-WIRING: the adapter mirrors the shipped composition of this tree (3 ms)
    ✓ T0 (fingerprint): where does an authenticated write land on this composition? (2753 ms)
    ✓ T1 (H1): authenticated cold start restores B's queries from the SHARED anonymous key (40 ms)
    ✓ T2 (H2): after a NON-signOut logout, sign-in as C keeps B in memory and re-persists B for C (1268 ms)
    ✕ T3 (H3): a cache update landing during signOut survives on disk after the purge (process killed within ~1 s) (1290 ms)
    ✕ T4 (H6 positive control — must PASS before AND after): normal signOut leaves nothing to restore (2797 ms)

  ● S6-P1 hazard controls [mode=d51-singleton] › T3 (H3): a cache update landing during signOut survives on disk after the purge (process killed within ~1 s)

    expect(received).toBe(expected) // Object.is equality

    Expected: true
    Received: false

    [0m [90m 212 |[39m
     [90m 213 |[39m     [90m// "Process killed" here: no further timers. HAZARD ASSERTION (true on d51, false post-fix):[39m
    [31m[1m>[22m[39m[90m 214 |[39m     expect([36mawait[39m onDisk([32m'user-B'[39m))[33m.[39mtoBe([36mtrue[39m)[33m;[39m
     [90m     |[39m                                    [31m[1m^[22m[39m
     [90m 215 |[39m   })[33m;[39m
     [90m 216 |[39m
     [90m 217 |[39m   it([32m'T4 (H6 positive control — must PASS before AND after): normal signOut leaves nothing to restore'[39m[33m,[39m [36masync[39m () [33m=>[39m {[0m

      at Object.toBe (src/services/__tests__/persistedQueryCache.hazardControls.test.tsx:214:36)
      at asyncGeneratorStep (node_modules/@babel/runtime/helpers/asyncToGenerator.js:3:17)
      at _next (node_modules/@babel/runtime/helpers/asyncToGenerator.js:17:9)

  ● S6-P1 hazard controls [mode=d51-singleton] › T4 (H6 positive control — must PASS before AND after): normal signOut leaves nothing to restore

    Unable to find an element with testID: me

    [0m [90m 236 |[39m     r[33m.[39munmount()[33m;[39m
     [90m 237 |[39m     [36mconst[39m again [33m=[39m [36mawait[39m mountForCurrentInputs()[33m;[39m
    [31m[1m>[22m[39m[90m 238 |[39m     expect(again[33m.[39mgetByTestId([32m'me'[39m)[33m.[39mprops[33m.[39mchildren)[33m.[39mtoBe([32m'none'[39m)[33m;[39m
     [90m     |[39m                  [31m[1m^[22m[39m
     [90m 239 |[39m   })[33m;[39m
     [90m 240 |[39m })[33m;[39m
     [90m 241 |[39m[0m

      at Object.getByTestId (src/services/__tests__/persistedQueryCache.hazardControls.test.tsx:238:18)
      at asyncGeneratorStep (node_modules/@babel/runtime/helpers/asyncToGenerator.js:3:17)
      at _next (node_modules/@babel/runtime/helpers/asyncToGenerator.js:17:9)

Test Suites: 1 failed, 1 total
Tests:       2 failed, 4 passed, 6 total
Snapshots:   0 total
Time:        14.663 s
Ran all test suites matching /src\/services\/__tests__\/persistedQueryCache.hazardControls.test.tsx/i.
Jest did not exit one second after the test run has completed.

'This usually means that there are asynchronous operations that weren't stopped in your tests. Consider running Jest with `--detectOpenHandles` to troubleshoot this issue.
Terminated
