2026-09-27 20:50:59.251 UTC [3747] LOG:  starting PostgreSQL 17.6 on x86_64-pc-linux-gnu, compiled by gcc (Ubuntu 7.5.0-3ubuntu1~18.04) 7.5.0, 64-bit
2026-09-27 20:50:59.251 UTC [3747] LOG:  listening on IPv4 address "127.0.0.1", port 55650
2026-09-27 20:50:59.251 UTC [3747] LOG:  listening on Unix socket "/home/runner/work/_temp/lane-s10b-rls-s10b-s10c-3585/s/.s.PGSQL.55650"
2026-09-27 20:50:59.252 UTC [3750] LOG:  database system was shut down at 2026-09-27 20:50:59 UTC
2026-09-27 20:50:59.255 UTC [3747] LOG:  database system is ready to accept connections
2026-09-27 20:52:45.306 UTC [5146] ERROR:  permission denied for table ScoutRunDeclaration
2026-09-27 20:52:45.306 UTC [5146] STATEMENT:  SELECT count(*) FROM "ScoutRunDeclaration"
2026-09-27 20:52:45.329 UTC [5148] ERROR:  permission denied for table ScoutRunDeclaration
2026-09-27 20:52:45.329 UTC [5148] STATEMENT:  SELECT count(*) FROM "ScoutRunDeclaration"
2026-09-27 20:52:45.352 UTC [5150] ERROR:  permission denied for table ScoutRunObservation
2026-09-27 20:52:45.352 UTC [5150] STATEMENT:  SELECT count(*) FROM "ScoutRunObservation"
2026-09-27 20:52:45.374 UTC [5152] ERROR:  permission denied for table ScoutRunObservation
2026-09-27 20:52:45.374 UTC [5152] STATEMENT:  SELECT count(*) FROM "ScoutRunObservation"
2026-09-27 20:52:45.397 UTC [5154] ERROR:  permission denied for table ScoutRunSettledBasis
2026-09-27 20:52:45.397 UTC [5154] STATEMENT:  SELECT count(*) FROM "ScoutRunSettledBasis"
2026-09-27 20:52:45.420 UTC [5156] ERROR:  permission denied for table ScoutRunSettledBasis
2026-09-27 20:52:45.420 UTC [5156] STATEMENT:  SELECT count(*) FROM "ScoutRunSettledBasis"
2026-09-27 20:52:45.443 UTC [5158] ERROR:  permission denied for table ScoutRunDeclaration
2026-09-27 20:52:45.443 UTC [5158] STATEMENT:  INSERT INTO "ScoutRunDeclaration" (coach_id,intent_id,source_platform,account_scope_id_digest,challenge,declared_at)
	    VALUES ('coach','29c3f76c-e816-4b47-8bd9-6af2ecfb363b','synthetic-src-b',
	      encode(digest('synthetic-scope-1','sha256'),'hex'),decode(repeat('07',32),'hex'),
	      '2026-09-26 00:00:00')
2026-09-27 20:52:45.624 UTC [5172] ERROR:  insert or update on table "ScoutRunDeclaration" violates foreign key constraint "ScoutRunDeclaration_coach_id_intent_id_fkey"
2026-09-27 20:52:45.624 UTC [5172] DETAIL:  Key (coach_id, intent_id)=(other-coach, ba91eb54-24e3-4fbd-ace1-277590ce4a1f) is not present in table "ScoutImport".
2026-09-27 20:52:45.624 UTC [5172] STATEMENT:  INSERT INTO "ScoutRunDeclaration" (coach_id,intent_id,source_platform,account_scope_id_digest,challenge,declared_at)
	    VALUES ('other-coach','ba91eb54-24e3-4fbd-ace1-277590ce4a1f','synthetic-src-a',
	      encode(digest('synthetic-scope-1','sha256'),'hex'),decode(repeat('07',32),'hex'),
	      '2026-09-26 00:00:00')
2026-09-27 20:52:45.649 UTC [5174] ERROR:  insert or update on table "ScoutRunObservation" violates foreign key constraint "ScoutRunObservation_coach_id_intent_id_fkey"
2026-09-27 20:52:45.649 UTC [5174] DETAIL:  Key (coach_id, intent_id)=(other-coach, ba91eb54-24e3-4fbd-ace1-277590ce4a1f) is not present in table "ScoutImport".
2026-09-27 20:52:45.649 UTC [5174] STATEMENT:  INSERT INTO "ScoutRunObservation" (id,coach_id,intent_id,execution_epoch,source_platform,account_scope_id_digest,
	      family,basis_kind,evidence,evidence_digest,received_at)
	    VALUES (gen_random_uuid()::text,'other-coach','ba91eb54-24e3-4fbd-ace1-277590ce4a1f',1,'synthetic-src-a',
	      encode(digest('synthetic-scope-1','sha256'),'hex'),'clients','source_signed_enumeration',
	      '{"evidence_version":1}'::jsonb,encode(digest('synthetic-evidence','sha256'),'hex'),'2026-09-26 00:00:00')
2026-09-27 20:52:45.673 UTC [5176] ERROR:  insert or update on table "ScoutRunSettledBasis" violates foreign key constraint "ScoutRunSettledBasis_coach_id_intent_id_fkey"
2026-09-27 20:52:45.673 UTC [5176] DETAIL:  Key (coach_id, intent_id)=(other-coach, ba91eb54-24e3-4fbd-ace1-277590ce4a1f) is not present in table "ScoutImport".
2026-09-27 20:52:45.673 UTC [5176] STATEMENT:  INSERT INTO "ScoutRunSettledBasis" (coach_id,intent_id,execution_epoch,report_version,report,observation_digests,settled_at)
	    VALUES ('other-coach','ba91eb54-24e3-4fbd-ace1-277590ce4a1f',1,1,'{}'::jsonb,ARRAY[encode(digest('synthetic-evidence','sha256'),'hex')],'2026-09-26 00:00:00')
2026-09-27 20:52:45.698 UTC [5178] ERROR:  insert or update on table "ScoutRunObservation" violates foreign key constraint "ScoutRunObservation_declaration_fkey"
2026-09-27 20:52:45.698 UTC [5178] DETAIL:  Key (coach_id, intent_id, source_platform, account_scope_id_digest)=(coach, ba91eb54-24e3-4fbd-ace1-277590ce4a1f, synthetic-src-b, 92931c14ca0d532d778df624c261f6298f778663ccfc6ad704f774833c7491b3) is not present in table "ScoutRunDeclaration".
2026-09-27 20:52:45.698 UTC [5178] STATEMENT:  INSERT INTO "ScoutRunObservation" (id,coach_id,intent_id,execution_epoch,source_platform,account_scope_id_digest,
	      family,basis_kind,evidence,evidence_digest,received_at)
	    VALUES (gen_random_uuid()::text,'coach','ba91eb54-24e3-4fbd-ace1-277590ce4a1f',1,'synthetic-src-b',
	      encode(digest('synthetic-scope-1','sha256'),'hex'),'clients','source_signed_enumeration',
	      '{"evidence_version":1}'::jsonb,encode(digest('synthetic-evidence','sha256'),'hex'),'2026-09-26 00:00:00')
2026-09-27 20:52:45.822 UTC [5188] ERROR:  permission denied for table ScoutRunDeclaration
2026-09-27 20:52:45.822 UTC [5188] STATEMENT:  UPDATE "ScoutRunDeclaration" SET coach_id=coach_id
2026-09-27 20:52:45.844 UTC [5190] ERROR:  permission denied for table ScoutRunDeclaration
2026-09-27 20:52:45.844 UTC [5190] STATEMENT:  DELETE FROM "ScoutRunDeclaration"
2026-09-27 20:52:45.868 UTC [5192] ERROR:  G2-S10B insert-only: UPDATE on ScoutRunDeclaration refused
2026-09-27 20:52:45.868 UTC [5192] CONTEXT:  PL/pgSQL function public.scout_run_observation_insert_only() line 4 at RAISE
2026-09-27 20:52:45.868 UTC [5192] STATEMENT:  UPDATE "ScoutRunDeclaration" SET coach_id=coach_id
2026-09-27 20:52:45.891 UTC [5194] ERROR:  G2-S10B insert-only: DELETE on ScoutRunDeclaration refused
2026-09-27 20:52:45.891 UTC [5194] CONTEXT:  PL/pgSQL function public.scout_run_observation_insert_only() line 4 at RAISE
2026-09-27 20:52:45.891 UTC [5194] STATEMENT:  DELETE FROM "ScoutRunDeclaration"
2026-09-27 20:52:45.914 UTC [5196] ERROR:  cannot truncate a table referenced in a foreign key constraint
2026-09-27 20:52:45.914 UTC [5196] DETAIL:  Table "ScoutRunObservation" references "ScoutRunDeclaration".
2026-09-27 20:52:45.914 UTC [5196] HINT:  Truncate table "ScoutRunObservation" at the same time, or use TRUNCATE ... CASCADE.
2026-09-27 20:52:45.914 UTC [5196] STATEMENT:  TRUNCATE "ScoutRunDeclaration"
2026-09-27 20:52:45.959 UTC [5200] ERROR:  permission denied for table ScoutRunObservation
2026-09-27 20:52:45.959 UTC [5200] STATEMENT:  UPDATE "ScoutRunObservation" SET coach_id=coach_id
2026-09-27 20:52:45.982 UTC [5202] ERROR:  permission denied for table ScoutRunObservation
2026-09-27 20:52:45.982 UTC [5202] STATEMENT:  DELETE FROM "ScoutRunObservation"
2026-09-27 20:52:46.005 UTC [5204] ERROR:  G2-S10B insert-only: UPDATE on ScoutRunObservation refused
2026-09-27 20:52:46.005 UTC [5204] CONTEXT:  PL/pgSQL function public.scout_run_observation_insert_only() line 4 at RAISE
2026-09-27 20:52:46.005 UTC [5204] STATEMENT:  UPDATE "ScoutRunObservation" SET coach_id=coach_id
2026-09-27 20:52:46.034 UTC [5206] ERROR:  G2-S10B insert-only: DELETE on ScoutRunObservation refused
2026-09-27 20:52:46.034 UTC [5206] CONTEXT:  PL/pgSQL function public.scout_run_observation_insert_only() line 4 at RAISE
2026-09-27 20:52:46.034 UTC [5206] STATEMENT:  DELETE FROM "ScoutRunObservation"
2026-09-27 20:52:46.058 UTC [5208] ERROR:  G2-S10B insert-only: TRUNCATE on ScoutRunObservation refused
2026-09-27 20:52:46.058 UTC [5208] CONTEXT:  PL/pgSQL function public.scout_run_observation_insert_only() line 4 at RAISE
2026-09-27 20:52:46.058 UTC [5208] STATEMENT:  TRUNCATE "ScoutRunObservation"
2026-09-27 20:52:46.103 UTC [5212] ERROR:  permission denied for table ScoutRunSettledBasis
2026-09-27 20:52:46.103 UTC [5212] STATEMENT:  UPDATE "ScoutRunSettledBasis" SET coach_id=coach_id
2026-09-27 20:52:46.126 UTC [5214] ERROR:  permission denied for table ScoutRunSettledBasis
2026-09-27 20:52:46.126 UTC [5214] STATEMENT:  DELETE FROM "ScoutRunSettledBasis"
2026-09-27 20:52:46.149 UTC [5216] ERROR:  G2-S10B insert-only: UPDATE on ScoutRunSettledBasis refused
2026-09-27 20:52:46.149 UTC [5216] CONTEXT:  PL/pgSQL function public.scout_run_observation_insert_only() line 4 at RAISE
2026-09-27 20:52:46.149 UTC [5216] STATEMENT:  UPDATE "ScoutRunSettledBasis" SET coach_id=coach_id
2026-09-27 20:52:46.173 UTC [5218] ERROR:  G2-S10B insert-only: DELETE on ScoutRunSettledBasis refused
2026-09-27 20:52:46.173 UTC [5218] CONTEXT:  PL/pgSQL function public.scout_run_observation_insert_only() line 4 at RAISE
2026-09-27 20:52:46.173 UTC [5218] STATEMENT:  DELETE FROM "ScoutRunSettledBasis"
2026-09-27 20:52:46.196 UTC [5220] ERROR:  G2-S10B insert-only: TRUNCATE on ScoutRunSettledBasis refused
2026-09-27 20:52:46.196 UTC [5220] CONTEXT:  PL/pgSQL function public.scout_run_observation_insert_only() line 4 at RAISE
2026-09-27 20:52:46.196 UTC [5220] STATEMENT:  TRUNCATE "ScoutRunSettledBasis"
2026-09-27 20:52:46.344 UTC [5232] ERROR:  permission denied for table ScoutRunObservation
2026-09-27 20:52:46.344 UTC [5232] CONTEXT:  SQL statement "DELETE FROM public."ScoutRunObservation""
	PL/pgSQL function g2_s10b_probe_delete() line 2 at SQL statement
2026-09-27 20:52:46.344 UTC [5232] STATEMENT:  INSERT INTO public.g2_s10b_probe VALUES (1);
2026-09-27 20:52:46.758 UTC [5266] ERROR:  G2-S10B declaration challenge differs within one run
2026-09-27 20:52:46.758 UTC [5266] CONTEXT:  PL/pgSQL function public.scout_run_declaration_one_challenge() line 11 at RAISE
2026-09-27 20:52:46.758 UTC [5266] STATEMENT:  INSERT INTO "ScoutRunDeclaration" (coach_id,intent_id,source_platform,account_scope_id_digest,challenge,declared_at)
	    VALUES ('other-coach','656a9249-1bc8-49c6-8180-df56cc0a9ead','synthetic-src-b',
	      encode(digest('synthetic-scope-1','sha256'),'hex'),decode(repeat('08',32),'hex'),
	      '2026-09-26 00:00:00')
2026-09-27 20:52:46.783 UTC [5268] ERROR:  G2-S10B declaration challenge differs within one run
2026-09-27 20:52:46.783 UTC [5268] CONTEXT:  PL/pgSQL function public.scout_run_declaration_one_challenge() line 11 at RAISE
2026-09-27 20:52:46.783 UTC [5268] STATEMENT:  INSERT INTO "ScoutRunDeclaration" (coach_id,intent_id,source_platform,account_scope_id_digest,challenge,declared_at)
	    VALUES ('other-coach','656a9249-1bc8-49c6-8180-df56cc0a9ead','synthetic-src-b',
	      encode(digest('synthetic-scope-1','sha256'),'hex'),decode(repeat('07',32),'hex'),
	      '2026-09-26 00:00:01')
2026-09-27 20:52:46.962 UTC [5282] ERROR:  new row for relation "ScoutRunDeclaration" violates check constraint "ScoutRunDeclaration_scope_digest_check"
2026-09-27 20:52:46.962 UTC [5282] DETAIL:  Failing row contains (coach, 188bf089-4a5b-4391-823b-e74303ac8fb2, synthetic-src-a, raw-account-id, \x07070707070707070707070707070707070707070707070707070707070707..., 2026-09-26 00:00:00).
2026-09-27 20:52:46.962 UTC [5282] STATEMENT:  INSERT INTO "ScoutRunDeclaration" (coach_id,intent_id,source_platform,account_scope_id_digest,challenge,declared_at)
	    VALUES ('coach','188bf089-4a5b-4391-823b-e74303ac8fb2','synthetic-src-a',
	      'raw-account-id',decode(repeat('07',32),'hex'),
	      '2026-09-26 00:00:00')
2026-09-27 20:52:46.987 UTC [5284] ERROR:  new row for relation "ScoutRunDeclaration" violates check constraint "ScoutRunDeclaration_challenge_check"
2026-09-27 20:52:46.987 UTC [5284] DETAIL:  Failing row contains (coach, 188bf089-4a5b-4391-823b-e74303ac8fb2, synthetic-src-a, 92931c14ca0d532d778df624c261f6298f778663ccfc6ad704f774833c7491b3, \x00, 2026-09-26 00:00:00).
2026-09-27 20:52:46.987 UTC [5284] STATEMENT:  INSERT INTO "ScoutRunDeclaration" (coach_id,intent_id,source_platform,account_scope_id_digest,challenge,declared_at)
	    VALUES ('coach','188bf089-4a5b-4391-823b-e74303ac8fb2','synthetic-src-a',
	      encode(digest('synthetic-scope-1','sha256'),'hex'),decode('00','hex'),
	      '2026-09-26 00:00:00')
2026-09-27 20:52:47.035 UTC [5288] ERROR:  new row for relation "ScoutRunObservation" violates check constraint "ScoutRunObservation_family_check"
2026-09-27 20:52:47.035 UTC [5288] DETAIL:  Failing row contains (3cffd549-293f-4f66-b0e5-7c7f91f00a8b, coach, 188bf089-4a5b-4391-823b-e74303ac8fb2, 1, synthetic-src-a, 92931c14ca0d532d778df624c261f6298f778663ccfc6ad704f774833c7491b3, notes, source_signed_enumeration, {"evidence_version": 1}, 3c5763d016c26246a8b8906f3eacf399cb980b20b7efd076acc4435ffd307789, 2026-09-26 00:00:00).
2026-09-27 20:52:47.035 UTC [5288] STATEMENT:  INSERT INTO "ScoutRunObservation" (id,coach_id,intent_id,execution_epoch,source_platform,account_scope_id_digest,
	      family,basis_kind,evidence,evidence_digest,received_at)
	    VALUES (gen_random_uuid()::text,'coach','188bf089-4a5b-4391-823b-e74303ac8fb2',1,'synthetic-src-a',
	      encode(digest('synthetic-scope-1','sha256'),'hex'),'notes','source_signed_enumeration',
	      '{"evidence_version":1}'::jsonb,encode(digest('synthetic-evidence','sha256'),'hex'),'2026-09-26 00:00:00')
2026-09-27 20:52:47.059 UTC [5290] ERROR:  new row for relation "ScoutRunObservation" violates check constraint "ScoutRunObservation_epoch_check"
2026-09-27 20:52:47.059 UTC [5290] DETAIL:  Failing row contains (be9524ce-36e0-4d4e-a1c0-278952eca4c9, coach, 188bf089-4a5b-4391-823b-e74303ac8fb2, 0, synthetic-src-a, 92931c14ca0d532d778df624c261f6298f778663ccfc6ad704f774833c7491b3, clients, source_signed_enumeration, {"evidence_version": 1}, 3c5763d016c26246a8b8906f3eacf399cb980b20b7efd076acc4435ffd307789, 2026-09-26 00:00:00).
2026-09-27 20:52:47.059 UTC [5290] STATEMENT:  INSERT INTO "ScoutRunObservation" (id,coach_id,intent_id,execution_epoch,source_platform,account_scope_id_digest,
	      family,basis_kind,evidence,evidence_digest,received_at)
	    VALUES (gen_random_uuid()::text,'coach','188bf089-4a5b-4391-823b-e74303ac8fb2',0,'synthetic-src-a',
	      encode(digest('synthetic-scope-1','sha256'),'hex'),'clients','source_signed_enumeration',
	      '{"evidence_version":1}'::jsonb,encode(digest('synthetic-evidence','sha256'),'hex'),'2026-09-26 00:00:00')
2026-09-27 20:52:47.083 UTC [5292] ERROR:  new row for relation "ScoutRunObservation" violates check constraint "ScoutRunObservation_evidence_digest_check"
2026-09-27 20:52:47.083 UTC [5292] DETAIL:  Failing row contains (29bf8201-9c1e-422f-a810-1e400351d052, coach, 188bf089-4a5b-4391-823b-e74303ac8fb2, 1, synthetic-src-a, 92931c14ca0d532d778df624c261f6298f778663ccfc6ad704f774833c7491b3, clients, source_signed_enumeration, {"evidence_version": 1}, not-hex                                                         , 2026-09-26 00:00:00).
2026-09-27 20:52:47.083 UTC [5292] STATEMENT:  INSERT INTO "ScoutRunObservation" (id,coach_id,intent_id,execution_epoch,source_platform,account_scope_id_digest,
	      family,basis_kind,evidence,evidence_digest,received_at)
	    VALUES (gen_random_uuid()::text,'coach','188bf089-4a5b-4391-823b-e74303ac8fb2',1,'synthetic-src-a',
	      encode(digest('synthetic-scope-1','sha256'),'hex'),'clients','source_signed_enumeration',
	      '{"evidence_version":1}'::jsonb,'not-hex','2026-09-26 00:00:00')
2026-09-27 20:53:10.440 UTC [5851] ERROR:  Run declaration or observation state exists; retain schema and use compatible forward repair
2026-09-27 20:53:10.440 UTC [5851] CONTEXT:  PL/pgSQL function inline_code_block line 50 at RAISE
2026-09-27 20:53:10.440 UTC [5851] STATEMENT:  DO $$
	BEGIN
	  -- S10-B exactly as shipped. Presence is tested first (by name, no regclass cast) so a pre-S10-B
	  -- database or a rerun receives this fixed text, not a raw undefined-table error; the table
	  -- locks are taken only once the relations are known to exist.
	  IF (
	    SELECT count(*) FROM pg_catalog.pg_class t
	    WHERE t.oid IN (to_regclass('public."ScoutRunDeclaration"'), to_regclass('public."ScoutRunObservation"'),
	                    to_regclass('public."ScoutRunSettledBasis"'))
	      AND t.relkind = 'r' AND t.relrowsecurity AND t.relforcerowsecurity
	  ) <> 3 OR to_regprocedure('public.scout_run_observation_insert_only()') IS NULL
	    OR to_regprocedure('public.scout_run_declaration_one_challenge()') IS NULL THEN
	    RAISE EXCEPTION 'G2-S10B observation tables absent';
	  END IF;
	  LOCK TABLE public."ScoutRunObservation", public."ScoutRunDeclaration", public."ScoutRunSettledBasis"
	    IN ACCESS EXCLUSIVE MODE;
	  IF (
	    SELECT count(*) FROM pg_catalog.pg_constraint c
	    WHERE c.contype = 'f' AND c.convalidated
	      AND c.confrelid IN (to_regclass('public."ScoutImport"'), to_regclass('public."ScoutRunDeclaration"'))
	      AND c.conname IN ('ScoutRunDeclaration_coach_id_intent_id_fkey', 'ScoutRunObservation_coach_id_intent_id_fkey',
	                        'ScoutRunObservation_declaration_fkey', 'ScoutRunSettledBasis_coach_id_intent_id_fkey')
	  ) <> 4 OR NOT EXISTS (
	    SELECT 1 FROM pg_catalog.pg_index i
	    WHERE i.indexrelid = to_regclass('public."ScoutRunObservation_unit_key"')
	      AND i.indrelid = 'public."ScoutRunObservation"'::regclass
	      AND i.indisunique AND i.indisvalid AND i.indpred IS NULL
	      AND pg_get_indexdef(i.indexrelid) =
	        'CREATE UNIQUE INDEX "ScoutRunObservation_unit_key" ON public."ScoutRunObservation" USING btree (coach_id, intent_id, execution_epoch, source_platform, account_scope_id_digest, family)'
	  ) OR (
	    SELECT count(*) FROM pg_catalog.pg_trigger g
	    WHERE NOT g.tgisinternal
	      AND g.tgrelid IN ('public."ScoutRunDeclaration"'::regclass, 'public."ScoutRunObservation"'::regclass,
	                        'public."ScoutRunSettledBasis"'::regclass)
	      AND g.tgname IN ('ScoutRunDeclaration_one_challenge', 'ScoutRunDeclaration_insert_only',
	                       'ScoutRunDeclaration_no_truncate', 'ScoutRunObservation_insert_only',
	                       'ScoutRunObservation_no_truncate', 'ScoutRunSettledBasis_insert_only',
	                       'ScoutRunSettledBasis_no_truncate')
	  ) <> 7 OR (
	    SELECT count(*) FROM pg_catalog.pg_policy p
	    WHERE p.polrelid IN ('public."ScoutRunDeclaration"'::regclass, 'public."ScoutRunObservation"'::regclass,
	                         'public."ScoutRunSettledBasis"'::regclass)
	  ) <> 9 THEN
	    RAISE EXCEPTION 'G2-S10B observation tables absent';
	  END IF;
	  -- Refuse to erase recorded S10 facts. Fixed, identifier-free text; nothing is named.
	  IF EXISTS (SELECT 1 FROM public."ScoutRunDeclaration")
	    OR EXISTS (SELECT 1 FROM public."ScoutRunObservation")
	    OR EXISTS (SELECT 1 FROM public."ScoutRunSettledBasis") THEN
	    RAISE EXCEPTION 'Run declaration or observation state exists; retain schema and use compatible forward repair';
	  END IF;
	END $$;
2026-09-27 20:53:10.633 UTC [5867] ERROR:  G2-S10B observation tables absent
2026-09-27 20:53:10.633 UTC [5867] CONTEXT:  PL/pgSQL function inline_code_block line 13 at RAISE
2026-09-27 20:53:10.633 UTC [5867] STATEMENT:  DO $$
	BEGIN
	  -- S10-B exactly as shipped. Presence is tested first (by name, no regclass cast) so a pre-S10-B
	  -- database or a rerun receives this fixed text, not a raw undefined-table error; the table
	  -- locks are taken only once the relations are known to exist.
	  IF (
	    SELECT count(*) FROM pg_catalog.pg_class t
	    WHERE t.oid IN (to_regclass('public."ScoutRunDeclaration"'), to_regclass('public."ScoutRunObservation"'),
	                    to_regclass('public."ScoutRunSettledBasis"'))
	      AND t.relkind = 'r' AND t.relrowsecurity AND t.relforcerowsecurity
	  ) <> 3 OR to_regprocedure('public.scout_run_observation_insert_only()') IS NULL
	    OR to_regprocedure('public.scout_run_declaration_one_challenge()') IS NULL THEN
	    RAISE EXCEPTION 'G2-S10B observation tables absent';
	  END IF;
	  LOCK TABLE public."ScoutRunObservation", public."ScoutRunDeclaration", public."ScoutRunSettledBasis"
	    IN ACCESS EXCLUSIVE MODE;
	  IF (
	    SELECT count(*) FROM pg_catalog.pg_constraint c
	    WHERE c.contype = 'f' AND c.convalidated
	      AND c.confrelid IN (to_regclass('public."ScoutImport"'), to_regclass('public."ScoutRunDeclaration"'))
	      AND c.conname IN ('ScoutRunDeclaration_coach_id_intent_id_fkey', 'ScoutRunObservation_coach_id_intent_id_fkey',
	                        'ScoutRunObservation_declaration_fkey', 'ScoutRunSettledBasis_coach_id_intent_id_fkey')
	  ) <> 4 OR NOT EXISTS (
	    SELECT 1 FROM pg_catalog.pg_index i
	    WHERE i.indexrelid = to_regclass('public."ScoutRunObservation_unit_key"')
	      AND i.indrelid = 'public."ScoutRunObservation"'::regclass
	      AND i.indisunique AND i.indisvalid AND i.indpred IS NULL
	      AND pg_get_indexdef(i.indexrelid) =
	        'CREATE UNIQUE INDEX "ScoutRunObservation_unit_key" ON public."ScoutRunObservation" USING btree (coach_id, intent_id, execution_epoch, source_platform, account_scope_id_digest, family)'
	  ) OR (
	    SELECT count(*) FROM pg_catalog.pg_trigger g
	    WHERE NOT g.tgisinternal
	      AND g.tgrelid IN ('public."ScoutRunDeclaration"'::regclass, 'public."ScoutRunObservation"'::regclass,
	                        'public."ScoutRunSettledBasis"'::regclass)
	      AND g.tgname IN ('ScoutRunDeclaration_one_challenge', 'ScoutRunDeclaration_insert_only',
	                       'ScoutRunDeclaration_no_truncate', 'ScoutRunObservation_insert_only',
	                       'ScoutRunObservation_no_truncate', 'ScoutRunSettledBasis_insert_only',
	                       'ScoutRunSettledBasis_no_truncate')
	  ) <> 7 OR (
	    SELECT count(*) FROM pg_catalog.pg_policy p
	    WHERE p.polrelid IN ('public."ScoutRunDeclaration"'::regclass, 'public."ScoutRunObservation"'::regclass,
	                         'public."ScoutRunSettledBasis"'::regclass)
	  ) <> 9 THEN
	    RAISE EXCEPTION 'G2-S10B observation tables absent';
	  END IF;
	  -- Refuse to erase recorded S10 facts. Fixed, identifier-free text; nothing is named.
	  IF EXISTS (SELECT 1 FROM public."ScoutRunDeclaration")
	    OR EXISTS (SELECT 1 FROM public."ScoutRunObservation")
	    OR EXISTS (SELECT 1 FROM public."ScoutRunSettledBasis") THEN
	    RAISE EXCEPTION 'Run declaration or observation state exists; retain schema and use compatible forward repair';
	  END IF;
	END $$;
2026-09-27 20:53:10.771 UTC [5877] ERROR:  G2-S10B observation tables already present
2026-09-27 20:53:10.771 UTC [5877] CONTEXT:  PL/pgSQL function inline_code_block line 48 at RAISE
2026-09-27 20:53:10.771 UTC [5877] STATEMENT:  DO $$
	BEGIN
	  -- Accepted run identity: the (coach_id, intent_id) key on an RLS-forced table, exactly as shipped.
	  IF NOT EXISTS (
	    SELECT 1 FROM pg_catalog.pg_index i
	    JOIN pg_catalog.pg_class t ON t.oid = i.indrelid
	    WHERE i.indexrelid = to_regclass('public."ScoutImport_coach_id_intent_id_key"')
	      AND i.indrelid = to_regclass('public."ScoutImport"')
	      AND t.relkind = 'r' AND t.relrowsecurity AND t.relforcerowsecurity
	      AND i.indisunique AND i.indisvalid AND i.indisready AND i.indimmediate
	      AND i.indnkeyatts = i.indnatts AND i.indpred IS NULL AND i.indexprs IS NULL
	      AND pg_get_indexdef(i.indexrelid) =
	        'CREATE UNIQUE INDEX "ScoutImport_coach_id_intent_id_key" ON public."ScoutImport" USING btree (coach_id, intent_id)'
	  ) THEN
	    RAISE EXCEPTION 'G2-S10B unexpected run identity prerequisite';
	  END IF;
	  -- Run key columns exactly as shipped, and S7-L1's epoch (the observation binding) present.
	  IF NOT EXISTS (
	    SELECT 1 FROM pg_catalog.pg_attribute a
	    WHERE a.attrelid = 'public."ScoutImport"'::regclass AND a.attname = 'coach_id'
	      AND NOT a.attisdropped AND a.atttypid = 'text'::regtype AND a.attnotnull
	  ) OR NOT EXISTS (
	    SELECT 1 FROM pg_catalog.pg_attribute a
	    WHERE a.attrelid = 'public."ScoutImport"'::regclass AND a.attname = 'intent_id'
	      AND NOT a.attisdropped AND a.atttypid = 'text'::regtype AND a.attnotnull
	  ) OR NOT EXISTS (
	    SELECT 1 FROM pg_catalog.pg_attribute a
	    WHERE a.attrelid = 'public."ScoutImport"'::regclass AND a.attname = 'execution_epoch'
	      AND NOT a.attisdropped AND a.atttypid = 'int4'::regtype AND a.attnotnull
	  ) THEN
	    RAISE EXCEPTION 'G2-S10B unexpected run column prerequisite';
	  END IF;
	  -- Nothing this file creates may already exist under its name: refused, never dropped or adopted.
	  IF to_regclass('public."ScoutRunDeclaration"') IS NOT NULL
	    OR to_regclass('public."ScoutRunObservation"') IS NOT NULL
	    OR to_regclass('public."ScoutRunSettledBasis"') IS NOT NULL
	    OR to_regclass('public."ScoutRunDeclaration_pkey"') IS NOT NULL
	    OR to_regclass('public."ScoutRunObservation_pkey"') IS NOT NULL
	    OR to_regclass('public."ScoutRunObservation_unit_key"') IS NOT NULL
	    OR to_regclass('public."ScoutRunSettledBasis_pkey"') IS NOT NULL
	    OR to_regprocedure('public.scout_run_observation_insert_only()') IS NOT NULL
	    OR to_regprocedure('public.scout_run_declaration_one_challenge()') IS NOT NULL
	    OR EXISTS (
	      SELECT 1 FROM pg_catalog.pg_constraint
	      WHERE connamespace = 'public'::regnamespace
	        AND conname LIKE ANY (ARRAY['ScoutRunDeclaration\_%', 'ScoutRunObservation\_%', 'ScoutRunSettledBasis\_%'])
	    ) THEN
	    RAISE EXCEPTION 'G2-S10B observation tables already present';
	  END IF;
	END $$;
2026-09-27 20:53:52.573 UTC [6437] ERROR:  duplicate key value violates unique constraint "ScoutImportCompletion_coach_id_intent_id_key"
2026-09-27 20:53:52.573 UTC [6437] DETAIL:  Key (coach_id, intent_id)=(coach, 74dae897-2899-4458-b3cc-50ff7088b9be) already exists.
2026-09-27 20:53:52.573 UTC [6437] STATEMENT:  INSERT INTO "public"."ScoutImportCompletion" ("id","coach_id","intent_id","terminal_status","completed_at") VALUES ($1,$2,$3,$4,$5) RETURNING "public"."ScoutImportCompletion"."id", "public"."ScoutImportCompletion"."coach_id", "public"."ScoutImportCompletion"."intent_id", "public"."ScoutImportCompletion"."terminal_status", "public"."ScoutImportCompletion"."final_counts", "public"."ScoutImportCompletion"."error_summary", "public"."ScoutImportCompletion"."completed_at"
2026-09-27 20:54:21.506 UTC [3747] LOG:  received fast shutdown request
2026-09-27 20:54:21.506 UTC [3747] LOG:  aborting any active transactions
2026-09-27 20:54:21.507 UTC [3747] LOG:  background worker "logical replication launcher" (PID 3753) exited with exit code 1
2026-09-27 20:54:21.508 UTC [3748] LOG:  shutting down
2026-09-27 20:54:21.508 UTC [3748] LOG:  checkpoint starting: shutdown immediate
2026-09-27 20:54:21.521 UTC [3748] LOG:  checkpoint complete: wrote 1814 buffers (11.1%); 0 WAL file(s) added, 0 removed, 1 recycled; write=0.012 s, sync=0.001 s, total=0.014 s; sync files=0, longest=0.000 s, average=0.000 s; distance=14700 kB, estimate=14700 kB; lsn=0/2334A38, redo lsn=0/2334A38
2026-09-27 20:54:21.530 UTC [3747] LOG:  database system is shut down
