launch_utc=2026-09-22T00:08:11Z pid=9048 pgid=9048 sid=9048 cmd: env -u S2_RUNNER_STUBS -u S2_EXPECT_HEAD -u S2_COMP_DB -u S2_KEEP_FIXTURE timeout --foreground -k 60 2100 bash /home/user/workspace/execution/s2-composition/run-composition-when-granted.sh
lock acquired pid=9057 fd9=/home/user/workspace/execution/test-validation.lock 2026-09-22T00:08:11Z purpose=s2-composition-proof out=/home/user/workspace/execution/s2-composition/composition/20260922T000811Z
start_utc=2026-09-22T00:08:11Z runner=/home/user/workspace/execution/s2-composition/run-composition-when-granted.sh runner_sha256=2d09fd68a5cf530a423887c28b4726b1ae9266d4d8bb16bd6e913df90f7a0f0c head=9742037b153221de565e651ad8ba3b721bc0fb31 tree=5469fbefcdbb7001151e7a02084951e3c57a5dfe dirty_lines=0 branch=execute/20260921-s2-composition
expect_head=9742037b153221de565e651ad8ba3b721bc0fb31 lock_sha256=62b05b908c835dae51e54af1e553d91f763a070da21813c4419d66e018d61390 expect_lock=62b05b908c835dae51e54af1e553d91f763a070da21813c4419d66e018d61390
node=v20.20.1 npm=10.8.2 psql=psql (PostgreSQL) 18.6 (Ubuntu 18.6-0ubuntu0.26.04.1) postgres=postgres (PostgreSQL) 17.6
prisma=Prisma schema loaded from prisma/schema.prisma;prisma : 6.19.3;@prisma/client : 6.19.3;Computed binaryTarget : debian-openssl-3.0.x;Operating System : linux;Architecture : x64;Node.js : v20.20.1;TypeScript : 5.9.3;Query Engine (Node-API) : libquery-engine c2990dca591cba766e3b7ef5d9e8a84796e47ab7 (at node_modules/@prisma/engines/libquery_engine-debian-openssl-3.0.x.so.node);PSL : @prisma/prisma-schema-wasm 7.1.1-3.c2990dca591cba766e3b7ef5d9e8a84796e47ab7;Schema Engine : schema-engine-cli c2990dca591cba766e3b7ef5d9e8a84796e47ab7 (at node_modules/@prisma/engines/schema-engine-debian-openssl-3.0.x);Default Engines Hash : c2990dca591cba766e3b7ef5d9e8a84796e47ab7;Studio : 0.511.0;
prisma_cli_sha256=c2a77456b70e8ba1e640e122824ed694433828a7c0d76ff3db7fc376b4b0e1a0 harness_sha256=499b3836d830f2d748371de074817ebe7a20402a7ec9fd1af1537dbbb8bfcb56 fixture_sha256=08987e4cd566e0ee7ee8ef76ac4c39bc327ffd92fb85dfaf52fac8058d8df44c
install_stamp: head=9742037b153221de565e651ad8ba3b721bc0fb31
install_stamp: lock=62b05b908c835dae51e54af1e553d91f763a070da21813c4419d66e018d61390
install_stamp: prisma_cli_sha256=c2a77456b70e8ba1e640e122824ed694433828a7c0d76ff3db7fc376b4b0e1a0
install_stamp: installed_by=execution/s2-composition/infra/setup-30-npm-ci.sh
install_stamp: utc=2026-09-21T23:57:59Z
install_stamp: log=/home/user/workspace/execution/s2-composition/infra/logs/setup-30-npm-ci-20260921T235249Z.log
install_stamp: result=success
nproc=2 mem_free_mb=7687 disk_free=7.1G
10 guard-spec exit=0 == 72 passed, 0 failed (guard spec, offline, head 9742037b)
20 refusal-hosted exit=64 (expect 64) S1-GUARD REFUSED URL_HOST: S1_PG_SUPER_URL host must be the literal loopback address 127.0.0.1 (no hostnames, localhost, IPv6, sockets, remote endpoints)
21 refusal-noconfirm exit=64 (expect 64) S1-GUARD REFUSED CONFIRM: S1_PG_DISPOSABLE_CONFIRM is unset; this harness DROPS databases 's1_rls_s2comp' and 's1_rls_s2comp_lock' on 127.0.0.1:54321 and requires the literal confirmation 'DESTROY-127.0.0.1:54321/s1_rls_s2comp,s1_rls_s2comp_lock'
30 fixture-init exit=0 lock: /home/user/workspace/execution/test-validation.lock inherited fd9 from caller pid=9057
31 fixture-start exit=0 PostgreSQL 17.6 on x86_64-pc-linux-gnu, compiled by gcc (Ubuntu 7.5.0-3ubuntu1~18.04) 7.5.0, 64-bit | cluster=s1-disposable-pg17 | datadir=/home/user/pg17/clusters/s2comp | addr=127.0.0.1:54321 | dbs=postgres,template0,template1
32 fixture-status: pg_ctl: server is running (PID: 10957)
lock still held by runner: yes fd9=/home/user/workspace/execution/test-validation.lock
40 composition exit=1 end_utc=2026-09-22T00:09:39Z == 63 passed, 4 failed (server 17.6, head 9742037b, end_utc=2026-09-22T00:09:39Z)
50 fixture-stop exit=0 stopped
51 fixture-status-after-stop: pg_ctl: no server running
CLEANUP: no surviving fixture/harness processes, nothing listening on 54321
LOCK: released by runner exit; no survivors (probe after exit with check-lock.sh)
end_utc=2026-09-22T00:09:39Z final_exit=1 guard_spec=0 fixture=0 composition=1 s1_r4_discriminator=notrun fixture_stop=0 survivors=none
end_utc=2026-09-22T00:09:39Z exit=1
