2026-09-27 18:00:38.400 UTC [31332] LOG:  starting PostgreSQL 17.6 on x86_64-pc-linux-gnu, compiled by gcc (Ubuntu 7.5.0-3ubuntu1~18.04) 7.5.0, 64-bit
2026-09-27 18:00:38.400 UTC [31332] LOG:  listening on IPv4 address "127.0.0.1", port 55650
2026-09-27 18:00:38.400 UTC [31332] LOG:  listening on Unix socket "/home/user/workspace/execution/42d8c5b5/proof-scratch/s10b-s10b-v1-30324/s/.s.PGSQL.55650"
2026-09-27 18:00:38.401 UTC [31335] LOG:  database system was shut down at 2026-09-27 18:00:31 UTC
2026-09-27 18:00:38.403 UTC [31332] LOG:  database system is ready to accept connections
2026-09-27 18:02:58.764 UTC [1613] ERROR:  permission denied for table ScoutRunDeclaration
2026-09-27 18:02:58.764 UTC [1613] STATEMENT:  SELECT count(*) FROM "ScoutRunDeclaration"
2026-09-27 18:02:58.904 UTC [1615] ERROR:  permission denied for table ScoutRunDeclaration
2026-09-27 18:02:58.904 UTC [1615] STATEMENT:  SELECT count(*) FROM "ScoutRunDeclaration"
2026-09-27 18:02:59.211 UTC [1617] ERROR:  permission denied for table ScoutRunObservation
2026-09-27 18:02:59.211 UTC [1617] STATEMENT:  SELECT count(*) FROM "ScoutRunObservation"
2026-09-27 18:02:59.617 UTC [1619] ERROR:  permission denied for table ScoutRunObservation
2026-09-27 18:02:59.617 UTC [1619] STATEMENT:  SELECT count(*) FROM "ScoutRunObservation"
2026-09-27 18:02:59.925 UTC [1621] ERROR:  permission denied for table ScoutRunSettledBasis
2026-09-27 18:02:59.925 UTC [1621] STATEMENT:  SELECT count(*) FROM "ScoutRunSettledBasis"
2026-09-27 18:03:00.334 UTC [1623] ERROR:  permission denied for table ScoutRunSettledBasis
2026-09-27 18:03:00.334 UTC [1623] STATEMENT:  SELECT count(*) FROM "ScoutRunSettledBasis"
2026-09-27 18:03:00.644 UTC [1625] ERROR:  permission denied for table ScoutRunDeclaration
2026-09-27 18:03:00.644 UTC [1625] STATEMENT:  INSERT INTO "ScoutRunDeclaration" (coach_id,intent_id,source_platform,account_scope_id_digest,challenge,declared_at)
	    VALUES ('coach','3bb1aaf0-8e36-48b3-b197-d1019ca8bca3','synthetic-src-b',
	      encode(digest('synthetic-scope-1','sha256'),'hex'),decode(repeat('07',32),'hex'),
	      '2026-09-26 00:00:00')
2026-09-27 18:03:01.141 UTC [1648] ERROR:  insert or update on table "ScoutRunDeclaration" violates foreign key constraint "ScoutRunDeclaration_coach_id_intent_id_fkey"
2026-09-27 18:03:01.141 UTC [1648] DETAIL:  Key (coach_id, intent_id)=(other-coach, a0db625d-ec81-4225-b847-e9342e6a3b39) is not present in table "ScoutImport".
2026-09-27 18:03:01.141 UTC [1648] STATEMENT:  INSERT INTO "ScoutRunDeclaration" (coach_id,intent_id,source_platform,account_scope_id_digest,challenge,declared_at)
	    VALUES ('other-coach','a0db625d-ec81-4225-b847-e9342e6a3b39','synthetic-src-a',
	      encode(digest('synthetic-scope-1','sha256'),'hex'),decode(repeat('07',32),'hex'),
	      '2026-09-26 00:00:00')
2026-09-27 18:03:01.359 UTC [1650] ERROR:  insert or update on table "ScoutRunObservation" violates foreign key constraint "ScoutRunObservation_coach_id_intent_id_fkey"
2026-09-27 18:03:01.359 UTC [1650] DETAIL:  Key (coach_id, intent_id)=(other-coach, a0db625d-ec81-4225-b847-e9342e6a3b39) is not present in table "ScoutImport".
2026-09-27 18:03:01.359 UTC [1650] STATEMENT:  INSERT INTO "ScoutRunObservation" (id,coach_id,intent_id,execution_epoch,source_platform,account_scope_id_digest,
	      family,basis_kind,evidence,evidence_digest,received_at)
	    VALUES (gen_random_uuid()::text,'other-coach','a0db625d-ec81-4225-b847-e9342e6a3b39',1,'synthetic-src-a',
	      encode(digest('synthetic-scope-1','sha256'),'hex'),'clients','source_signed_enumeration',
	      '{"evidence_version":1}'::jsonb,encode(digest('synthetic-evidence','sha256'),'hex'),'2026-09-26 00:00:00')
2026-09-27 18:03:01.764 UTC [1652] ERROR:  insert or update on table "ScoutRunSettledBasis" violates foreign key constraint "ScoutRunSettledBasis_coach_id_intent_id_fkey"
2026-09-27 18:03:01.764 UTC [1652] DETAIL:  Key (coach_id, intent_id)=(other-coach, a0db625d-ec81-4225-b847-e9342e6a3b39) is not present in table "ScoutImport".
2026-09-27 18:03:01.764 UTC [1652] STATEMENT:  INSERT INTO "ScoutRunSettledBasis" (coach_id,intent_id,execution_epoch,report_version,report,observation_digests,settled_at)
	    VALUES ('other-coach','a0db625d-ec81-4225-b847-e9342e6a3b39',1,1,'{}'::jsonb,ARRAY[encode(digest('synthetic-evidence','sha256'),'hex')],'2026-09-26 00:00:00')
2026-09-27 18:03:02.095 UTC [1654] ERROR:  insert or update on table "ScoutRunObservation" violates foreign key constraint "ScoutRunObservation_declaration_fkey"
2026-09-27 18:03:02.095 UTC [1654] DETAIL:  Key (coach_id, intent_id, source_platform, account_scope_id_digest)=(coach, a0db625d-ec81-4225-b847-e9342e6a3b39, synthetic-src-b, 92931c14ca0d532d778df624c261f6298f778663ccfc6ad704f774833c7491b3) is not present in table "ScoutRunDeclaration".
2026-09-27 18:03:02.095 UTC [1654] STATEMENT:  INSERT INTO "ScoutRunObservation" (id,coach_id,intent_id,execution_epoch,source_platform,account_scope_id_digest,
	      family,basis_kind,evidence,evidence_digest,received_at)
	    VALUES (gen_random_uuid()::text,'coach','a0db625d-ec81-4225-b847-e9342e6a3b39',1,'synthetic-src-b',
	      encode(digest('synthetic-scope-1','sha256'),'hex'),'clients','source_signed_enumeration',
	      '{"evidence_version":1}'::jsonb,encode(digest('synthetic-evidence','sha256'),'hex'),'2026-09-26 00:00:00')
2026-09-27 18:03:02.547 UTC [1664] ERROR:  permission denied for table ScoutRunDeclaration
2026-09-27 18:03:02.547 UTC [1664] STATEMENT:  UPDATE "ScoutRunDeclaration" SET coach_id=coach_id
2026-09-27 18:03:02.896 UTC [1666] ERROR:  permission denied for table ScoutRunDeclaration
2026-09-27 18:03:02.896 UTC [1666] STATEMENT:  DELETE FROM "ScoutRunDeclaration"
2026-09-27 18:03:03.205 UTC [1668] ERROR:  G2-S10B insert-only: UPDATE on ScoutRunDeclaration refused
2026-09-27 18:03:03.205 UTC [1668] CONTEXT:  PL/pgSQL function public.scout_run_observation_insert_only() line 4 at RAISE
2026-09-27 18:03:03.205 UTC [1668] STATEMENT:  UPDATE "ScoutRunDeclaration" SET coach_id=coach_id
2026-09-27 18:03:03.619 UTC [1672] ERROR:  G2-S10B insert-only: DELETE on ScoutRunDeclaration refused
2026-09-27 18:03:03.619 UTC [1672] CONTEXT:  PL/pgSQL function public.scout_run_observation_insert_only() line 4 at RAISE
2026-09-27 18:03:03.619 UTC [1672] STATEMENT:  DELETE FROM "ScoutRunDeclaration"
2026-09-27 18:03:04.020 UTC [1677] ERROR:  cannot truncate a table referenced in a foreign key constraint
2026-09-27 18:03:04.020 UTC [1677] DETAIL:  Table "ScoutRunObservation" references "ScoutRunDeclaration".
2026-09-27 18:03:04.020 UTC [1677] HINT:  Truncate table "ScoutRunObservation" at the same time, or use TRUNCATE ... CASCADE.
2026-09-27 18:03:04.020 UTC [1677] STATEMENT:  TRUNCATE "ScoutRunDeclaration"
2026-09-27 18:03:04.444 UTC [1691] ERROR:  permission denied for table ScoutRunObservation
2026-09-27 18:03:04.444 UTC [1691] STATEMENT:  UPDATE "ScoutRunObservation" SET coach_id=coach_id
2026-09-27 18:03:04.834 UTC [1693] ERROR:  permission denied for table ScoutRunObservation
2026-09-27 18:03:04.834 UTC [1693] STATEMENT:  DELETE FROM "ScoutRunObservation"
2026-09-27 18:03:05.142 UTC [1695] ERROR:  G2-S10B insert-only: UPDATE on ScoutRunObservation refused
2026-09-27 18:03:05.142 UTC [1695] CONTEXT:  PL/pgSQL function public.scout_run_observation_insert_only() line 4 at RAISE
2026-09-27 18:03:05.142 UTC [1695] STATEMENT:  UPDATE "ScoutRunObservation" SET coach_id=coach_id
2026-09-27 18:03:05.569 UTC [1697] ERROR:  G2-S10B insert-only: DELETE on ScoutRunObservation refused
2026-09-27 18:03:05.569 UTC [1697] CONTEXT:  PL/pgSQL function public.scout_run_observation_insert_only() line 4 at RAISE
2026-09-27 18:03:05.569 UTC [1697] STATEMENT:  DELETE FROM "ScoutRunObservation"
2026-09-27 18:03:05.863 UTC [1699] ERROR:  G2-S10B insert-only: TRUNCATE on ScoutRunObservation refused
2026-09-27 18:03:05.863 UTC [1699] CONTEXT:  PL/pgSQL function public.scout_run_observation_insert_only() line 4 at RAISE
2026-09-27 18:03:05.863 UTC [1699] STATEMENT:  TRUNCATE "ScoutRunObservation"
2026-09-27 18:03:06.285 UTC [1703] ERROR:  permission denied for table ScoutRunSettledBasis
2026-09-27 18:03:06.285 UTC [1703] STATEMENT:  UPDATE "ScoutRunSettledBasis" SET coach_id=coach_id
2026-09-27 18:03:06.577 UTC [1705] ERROR:  permission denied for table ScoutRunSettledBasis
2026-09-27 18:03:06.577 UTC [1705] STATEMENT:  DELETE FROM "ScoutRunSettledBasis"
2026-09-27 18:03:06.885 UTC [1707] ERROR:  G2-S10B insert-only: UPDATE on ScoutRunSettledBasis refused
2026-09-27 18:03:06.885 UTC [1707] CONTEXT:  PL/pgSQL function public.scout_run_observation_insert_only() line 4 at RAISE
2026-09-27 18:03:06.885 UTC [1707] STATEMENT:  UPDATE "ScoutRunSettledBasis" SET coach_id=coach_id
2026-09-27 18:03:07.292 UTC [1709] ERROR:  G2-S10B insert-only: DELETE on ScoutRunSettledBasis refused
2026-09-27 18:03:07.292 UTC [1709] CONTEXT:  PL/pgSQL function public.scout_run_observation_insert_only() line 4 at RAISE
2026-09-27 18:03:07.292 UTC [1709] STATEMENT:  DELETE FROM "ScoutRunSettledBasis"
2026-09-27 18:03:07.600 UTC [1711] ERROR:  G2-S10B insert-only: TRUNCATE on ScoutRunSettledBasis refused
2026-09-27 18:03:07.600 UTC [1711] CONTEXT:  PL/pgSQL function public.scout_run_observation_insert_only() line 4 at RAISE
2026-09-27 18:03:07.600 UTC [1711] STATEMENT:  TRUNCATE "ScoutRunSettledBasis"
2026-09-27 18:03:08.402 UTC [1735] ERROR:  permission denied for table ScoutRunObservation
2026-09-27 18:03:08.402 UTC [1735] CONTEXT:  SQL statement "DELETE FROM public."ScoutRunObservation""
	PL/pgSQL function g2_s10b_probe_delete() line 2 at SQL statement
2026-09-27 18:03:08.402 UTC [1735] STATEMENT:  INSERT INTO public.g2_s10b_probe VALUES (1);
2026-09-27 18:03:08.943 UTC [1769] ERROR:  G2-S10B declaration challenge differs within one run
2026-09-27 18:03:08.943 UTC [1769] CONTEXT:  PL/pgSQL function public.scout_run_declaration_one_challenge() line 11 at RAISE
2026-09-27 18:03:08.943 UTC [1769] STATEMENT:  INSERT INTO "ScoutRunDeclaration" (coach_id,intent_id,source_platform,account_scope_id_digest,challenge,declared_at)
	    VALUES ('other-coach','5967d71b-74f2-4159-a2f0-9df37923e00d','synthetic-src-b',
	      encode(digest('synthetic-scope-1','sha256'),'hex'),decode(repeat('08',32),'hex'),
	      '2026-09-26 00:00:00')
2026-09-27 18:03:09.125 UTC [1771] ERROR:  G2-S10B declaration challenge differs within one run
2026-09-27 18:03:09.125 UTC [1771] CONTEXT:  PL/pgSQL function public.scout_run_declaration_one_challenge() line 11 at RAISE
2026-09-27 18:03:09.125 UTC [1771] STATEMENT:  INSERT INTO "ScoutRunDeclaration" (coach_id,intent_id,source_platform,account_scope_id_digest,challenge,declared_at)
	    VALUES ('other-coach','5967d71b-74f2-4159-a2f0-9df37923e00d','synthetic-src-b',
	      encode(digest('synthetic-scope-1','sha256'),'hex'),decode(repeat('07',32),'hex'),
	      '2026-09-26 00:00:01')
2026-09-27 18:03:09.616 UTC [1785] ERROR:  new row for relation "ScoutRunDeclaration" violates check constraint "ScoutRunDeclaration_scope_digest_check"
2026-09-27 18:03:09.616 UTC [1785] DETAIL:  Failing row contains (coach, 8ed3d87c-b095-47f3-8070-9bad51bf8bf8, synthetic-src-a, raw-account-id, \x07070707070707070707070707070707070707070707070707070707070707..., 2026-09-26 00:00:00).
2026-09-27 18:03:09.616 UTC [1785] STATEMENT:  INSERT INTO "ScoutRunDeclaration" (coach_id,intent_id,source_platform,account_scope_id_digest,challenge,declared_at)
	    VALUES ('coach','8ed3d87c-b095-47f3-8070-9bad51bf8bf8','synthetic-src-a',
	      'raw-account-id',decode(repeat('07',32),'hex'),
	      '2026-09-26 00:00:00')
2026-09-27 18:03:09.841 UTC [1787] ERROR:  new row for relation "ScoutRunDeclaration" violates check constraint "ScoutRunDeclaration_challenge_check"
2026-09-27 18:03:09.841 UTC [1787] DETAIL:  Failing row contains (coach, 8ed3d87c-b095-47f3-8070-9bad51bf8bf8, synthetic-src-a, 92931c14ca0d532d778df624c261f6298f778663ccfc6ad704f774833c7491b3, \x00, 2026-09-26 00:00:00).
2026-09-27 18:03:09.841 UTC [1787] STATEMENT:  INSERT INTO "ScoutRunDeclaration" (coach_id,intent_id,source_platform,account_scope_id_digest,challenge,declared_at)
	    VALUES ('coach','8ed3d87c-b095-47f3-8070-9bad51bf8bf8','synthetic-src-a',
	      encode(digest('synthetic-scope-1','sha256'),'hex'),decode('00','hex'),
	      '2026-09-26 00:00:00')
2026-09-27 18:03:10.163 UTC [1791] ERROR:  new row for relation "ScoutRunObservation" violates check constraint "ScoutRunObservation_family_check"
2026-09-27 18:03:10.163 UTC [1791] DETAIL:  Failing row contains (93289e6f-ca67-458e-ace0-03afae9c93e1, coach, 8ed3d87c-b095-47f3-8070-9bad51bf8bf8, 1, synthetic-src-a, 92931c14ca0d532d778df624c261f6298f778663ccfc6ad704f774833c7491b3, notes, source_signed_enumeration, {"evidence_version": 1}, 3c5763d016c26246a8b8906f3eacf399cb980b20b7efd076acc4435ffd307789, 2026-09-26 00:00:00).
2026-09-27 18:03:10.163 UTC [1791] STATEMENT:  INSERT INTO "ScoutRunObservation" (id,coach_id,intent_id,execution_epoch,source_platform,account_scope_id_digest,
	      family,basis_kind,evidence,evidence_digest,received_at)
	    VALUES (gen_random_uuid()::text,'coach','8ed3d87c-b095-47f3-8070-9bad51bf8bf8',1,'synthetic-src-a',
	      encode(digest('synthetic-scope-1','sha256'),'hex'),'notes','source_signed_enumeration',
	      '{"evidence_version":1}'::jsonb,encode(digest('synthetic-evidence','sha256'),'hex'),'2026-09-26 00:00:00')
2026-09-27 18:03:10.555 UTC [1793] ERROR:  new row for relation "ScoutRunObservation" violates check constraint "ScoutRunObservation_epoch_check"
2026-09-27 18:03:10.555 UTC [1793] DETAIL:  Failing row contains (6a693072-e862-4599-b2b3-733dca5d5f93, coach, 8ed3d87c-b095-47f3-8070-9bad51bf8bf8, 0, synthetic-src-a, 92931c14ca0d532d778df624c261f6298f778663ccfc6ad704f774833c7491b3, clients, source_signed_enumeration, {"evidence_version": 1}, 3c5763d016c26246a8b8906f3eacf399cb980b20b7efd076acc4435ffd307789, 2026-09-26 00:00:00).
2026-09-27 18:03:10.555 UTC [1793] STATEMENT:  INSERT INTO "ScoutRunObservation" (id,coach_id,intent_id,execution_epoch,source_platform,account_scope_id_digest,
	      family,basis_kind,evidence,evidence_digest,received_at)
	    VALUES (gen_random_uuid()::text,'coach','8ed3d87c-b095-47f3-8070-9bad51bf8bf8',0,'synthetic-src-a',
	      encode(digest('synthetic-scope-1','sha256'),'hex'),'clients','source_signed_enumeration',
	      '{"evidence_version":1}'::jsonb,encode(digest('synthetic-evidence','sha256'),'hex'),'2026-09-26 00:00:00')
2026-09-27 18:03:10.964 UTC [1795] ERROR:  new row for relation "ScoutRunObservation" violates check constraint "ScoutRunObservation_evidence_digest_check"
2026-09-27 18:03:10.964 UTC [1795] DETAIL:  Failing row contains (05905acd-7d96-4318-8676-de2dafaa15f1, coach, 8ed3d87c-b095-47f3-8070-9bad51bf8bf8, 1, synthetic-src-a, 92931c14ca0d532d778df624c261f6298f778663ccfc6ad704f774833c7491b3, clients, source_signed_enumeration, {"evidence_version": 1}, not-hex                                                         , 2026-09-26 00:00:00).
2026-09-27 18:03:10.964 UTC [1795] STATEMENT:  INSERT INTO "ScoutRunObservation" (id,coach_id,intent_id,execution_epoch,source_platform,account_scope_id_digest,
	      family,basis_kind,evidence,evidence_digest,received_at)
	    VALUES (gen_random_uuid()::text,'coach','8ed3d87c-b095-47f3-8070-9bad51bf8bf8',1,'synthetic-src-a',
	      encode(digest('synthetic-scope-1','sha256'),'hex'),'clients','source_signed_enumeration',
	      '{"evidence_version":1}'::jsonb,'not-hex','2026-09-26 00:00:00')
2026-09-27 18:04:05.904 UTC [3057] ERROR:  Run declaration or observation state exists; retain schema and use compatible forward repair
2026-09-27 18:04:05.904 UTC [3057] CONTEXT:  PL/pgSQL function inline_code_block line 50 at RAISE
2026-09-27 18:04:05.904 UTC [3057] STATEMENT:  DO $$
	BEGIN
	  -- S10-B exactly as shipped. Presence is tested first (by name, no regclass cast) so a pre-S10-B
	  -- database or a rerun receives this fixed text, not a raw undefined-table error; the table
	  -- locks are taken only once the relations are known to exist.
	  IF (
	    SELECT count(*) FROM pg_catalog.pg_class t
	    WHERE t.oid IN (to_regclass('public."ScoutRunDeclaration"'), to_regclass('public."ScoutRunObservation"'),
	                    to_regclass('public."ScoutRunSettledBasis"'))
	      AND t.relkind = 'r' AND t.relrowsecurity AND t.relforcerowsecurity
	  ) <> 3 OR to_regprocedure('public.scout_run_observation_insert_only()') IS NULL
	    OR to_regprocedure('public.scout_run_declaration_one_challenge()') IS NULL THEN
	    RAISE EXCEPTION 'G2-S10B observation tables absent';
	  END IF;
	  LOCK TABLE public."ScoutRunObservation", public."ScoutRunDeclaration", public."ScoutRunSettledBasis"
	    IN ACCESS EXCLUSIVE MODE;
	  IF (
	    SELECT count(*) FROM pg_catalog.pg_constraint c
	    WHERE c.contype = 'f' AND c.convalidated
	      AND c.confrelid IN (to_regclass('public."ScoutImport"'), to_regclass('public."ScoutRunDeclaration"'))
	      AND c.conname IN ('ScoutRunDeclaration_coach_id_intent_id_fkey', 'ScoutRunObservation_coach_id_intent_id_fkey',
	                        'ScoutRunObservation_declaration_fkey', 'ScoutRunSettledBasis_coach_id_intent_id_fkey')
	  ) <> 4 OR NOT EXISTS (
	    SELECT 1 FROM pg_catalog.pg_index i
	    WHERE i.indexrelid = to_regclass('public."ScoutRunObservation_unit_key"')
	      AND i.indrelid = 'public."ScoutRunObservation"'::regclass
	      AND i.indisunique AND i.indisvalid AND i.indpred IS NULL
	      AND pg_get_indexdef(i.indexrelid) =
	        'CREATE UNIQUE INDEX "ScoutRunObservation_unit_key" ON public."ScoutRunObservation" USING btree (coach_id, intent_id, execution_epoch, source_platform, account_scope_id_digest, family)'
	  ) OR (
	    SELECT count(*) FROM pg_catalog.pg_trigger g
	    WHERE NOT g.tgisinternal
	      AND g.tgrelid IN ('public."ScoutRunDeclaration"'::regclass, 'public."ScoutRunObservation"'::regclass,
	                        'public."ScoutRunSettledBasis"'::regclass)
	      AND g.tgname IN ('ScoutRunDeclaration_one_challenge', 'ScoutRunDeclaration_insert_only',
	                       'ScoutRunDeclaration_no_truncate', 'ScoutRunObservation_insert_only',
	                       'ScoutRunObservation_no_truncate', 'ScoutRunSettledBasis_insert_only',
	                       'ScoutRunSettledBasis_no_truncate')
	  ) <> 7 OR (
	    SELECT count(*) FROM pg_catalog.pg_policy p
	    WHERE p.polrelid IN ('public."ScoutRunDeclaration"'::regclass, 'public."ScoutRunObservation"'::regclass,
	                         'public."ScoutRunSettledBasis"'::regclass)
	  ) <> 9 THEN
	    RAISE EXCEPTION 'G2-S10B observation tables absent';
	  END IF;
	  -- Refuse to erase recorded S10 facts. Fixed, identifier-free text; nothing is named.
	  IF EXISTS (SELECT 1 FROM public."ScoutRunDeclaration")
	    OR EXISTS (SELECT 1 FROM public."ScoutRunObservation")
	    OR EXISTS (SELECT 1 FROM public."ScoutRunSettledBasis") THEN
	    RAISE EXCEPTION 'Run declaration or observation state exists; retain schema and use compatible forward repair';
	  END IF;
	END $$;
2026-09-27 18:04:06.794 UTC [3073] ERROR:  G2-S10B observation tables absent
2026-09-27 18:04:06.794 UTC [3073] CONTEXT:  PL/pgSQL function inline_code_block line 13 at RAISE
2026-09-27 18:04:06.794 UTC [3073] STATEMENT:  DO $$
	BEGIN
	  -- S10-B exactly as shipped. Presence is tested first (by name, no regclass cast) so a pre-S10-B
	  -- database or a rerun receives this fixed text, not a raw undefined-table error; the table
	  -- locks are taken only once the relations are known to exist.
	  IF (
	    SELECT count(*) FROM pg_catalog.pg_class t
	    WHERE t.oid IN (to_regclass('public."ScoutRunDeclaration"'), to_regclass('public."ScoutRunObservation"'),
	                    to_regclass('public."ScoutRunSettledBasis"'))
	      AND t.relkind = 'r' AND t.relrowsecurity AND t.relforcerowsecurity
	  ) <> 3 OR to_regprocedure('public.scout_run_observation_insert_only()') IS NULL
	    OR to_regprocedure('public.scout_run_declaration_one_challenge()') IS NULL THEN
	    RAISE EXCEPTION 'G2-S10B observation tables absent';
	  END IF;
	  LOCK TABLE public."ScoutRunObservation", public."ScoutRunDeclaration", public."ScoutRunSettledBasis"
	    IN ACCESS EXCLUSIVE MODE;
	  IF (
	    SELECT count(*) FROM pg_catalog.pg_constraint c
	    WHERE c.contype = 'f' AND c.convalidated
	      AND c.confrelid IN (to_regclass('public."ScoutImport"'), to_regclass('public."ScoutRunDeclaration"'))
	      AND c.conname IN ('ScoutRunDeclaration_coach_id_intent_id_fkey', 'ScoutRunObservation_coach_id_intent_id_fkey',
	                        'ScoutRunObservation_declaration_fkey', 'ScoutRunSettledBasis_coach_id_intent_id_fkey')
	  ) <> 4 OR NOT EXISTS (
	    SELECT 1 FROM pg_catalog.pg_index i
	    WHERE i.indexrelid = to_regclass('public."ScoutRunObservation_unit_key"')
	      AND i.indrelid = 'public."ScoutRunObservation"'::regclass
	      AND i.indisunique AND i.indisvalid AND i.indpred IS NULL
	      AND pg_get_indexdef(i.indexrelid) =
	        'CREATE UNIQUE INDEX "ScoutRunObservation_unit_key" ON public."ScoutRunObservation" USING btree (coach_id, intent_id, execution_epoch, source_platform, account_scope_id_digest, family)'
	  ) OR (
	    SELECT count(*) FROM pg_catalog.pg_trigger g
	    WHERE NOT g.tgisinternal
	      AND g.tgrelid IN ('public."ScoutRunDeclaration"'::regclass, 'public."ScoutRunObservation"'::regclass,
	                        'public."ScoutRunSettledBasis"'::regclass)
	      AND g.tgname IN ('ScoutRunDeclaration_one_challenge', 'ScoutRunDeclaration_insert_only',
	                       'ScoutRunDeclaration_no_truncate', 'ScoutRunObservation_insert_only',
	                       'ScoutRunObservation_no_truncate', 'ScoutRunSettledBasis_insert_only',
	                       'ScoutRunSettledBasis_no_truncate')
	  ) <> 7 OR (
	    SELECT count(*) FROM pg_catalog.pg_policy p
	    WHERE p.polrelid IN ('public."ScoutRunDeclaration"'::regclass, 'public."ScoutRunObservation"'::regclass,
	                         'public."ScoutRunSettledBasis"'::regclass)
	  ) <> 9 THEN
	    RAISE EXCEPTION 'G2-S10B observation tables absent';
	  END IF;
	  -- Refuse to erase recorded S10 facts. Fixed, identifier-free text; nothing is named.
	  IF EXISTS (SELECT 1 FROM public."ScoutRunDeclaration")
	    OR EXISTS (SELECT 1 FROM public."ScoutRunObservation")
	    OR EXISTS (SELECT 1 FROM public."ScoutRunSettledBasis") THEN
	    RAISE EXCEPTION 'Run declaration or observation state exists; retain schema and use compatible forward repair';
	  END IF;
	END $$;
2026-09-27 18:04:08.018 UTC [3083] ERROR:  G2-S10B observation tables already present
2026-09-27 18:04:08.018 UTC [3083] CONTEXT:  PL/pgSQL function inline_code_block line 48 at RAISE
2026-09-27 18:04:08.018 UTC [3083] STATEMENT:  DO $$
	BEGIN
	  -- Accepted run identity: the (coach_id, intent_id) key on an RLS-forced table, exactly as shipped.
	  IF NOT EXISTS (
	    SELECT 1 FROM pg_catalog.pg_index i
	    JOIN pg_catalog.pg_class t ON t.oid = i.indrelid
	    WHERE i.indexrelid = to_regclass('public."ScoutImport_coach_id_intent_id_key"')
	      AND i.indrelid = to_regclass('public."ScoutImport"')
	      AND t.relkind = 'r' AND t.relrowsecurity AND t.relforcerowsecurity
	      AND i.indisunique AND i.indisvalid AND i.indisready AND i.indimmediate
	      AND i.indnkeyatts = i.indnatts AND i.indpred IS NULL AND i.indexprs IS NULL
	      AND pg_get_indexdef(i.indexrelid) =
	        'CREATE UNIQUE INDEX "ScoutImport_coach_id_intent_id_key" ON public."ScoutImport" USING btree (coach_id, intent_id)'
	  ) THEN
	    RAISE EXCEPTION 'G2-S10B unexpected run identity prerequisite';
	  END IF;
	  -- Run key columns exactly as shipped, and S7-L1's epoch (the observation binding) present.
	  IF NOT EXISTS (
	    SELECT 1 FROM pg_catalog.pg_attribute a
	    WHERE a.attrelid = 'public."ScoutImport"'::regclass AND a.attname = 'coach_id'
	      AND NOT a.attisdropped AND a.atttypid = 'text'::regtype AND a.attnotnull
	  ) OR NOT EXISTS (
	    SELECT 1 FROM pg_catalog.pg_attribute a
	    WHERE a.attrelid = 'public."ScoutImport"'::regclass AND a.attname = 'intent_id'
	      AND NOT a.attisdropped AND a.atttypid = 'text'::regtype AND a.attnotnull
	  ) OR NOT EXISTS (
	    SELECT 1 FROM pg_catalog.pg_attribute a
	    WHERE a.attrelid = 'public."ScoutImport"'::regclass AND a.attname = 'execution_epoch'
	      AND NOT a.attisdropped AND a.atttypid = 'int4'::regtype AND a.attnotnull
	  ) THEN
	    RAISE EXCEPTION 'G2-S10B unexpected run column prerequisite';
	  END IF;
	  -- Nothing this file creates may already exist under its name: refused, never dropped or adopted.
	  IF to_regclass('public."ScoutRunDeclaration"') IS NOT NULL
	    OR to_regclass('public."ScoutRunObservation"') IS NOT NULL
	    OR to_regclass('public."ScoutRunSettledBasis"') IS NOT NULL
	    OR to_regclass('public."ScoutRunDeclaration_pkey"') IS NOT NULL
	    OR to_regclass('public."ScoutRunObservation_pkey"') IS NOT NULL
	    OR to_regclass('public."ScoutRunObservation_unit_key"') IS NOT NULL
	    OR to_regclass('public."ScoutRunSettledBasis_pkey"') IS NOT NULL
	    OR to_regprocedure('public.scout_run_observation_insert_only()') IS NOT NULL
	    OR to_regprocedure('public.scout_run_declaration_one_challenge()') IS NOT NULL
	    OR EXISTS (
	      SELECT 1 FROM pg_catalog.pg_constraint
	      WHERE connamespace = 'public'::regnamespace
	        AND conname LIKE ANY (ARRAY['ScoutRunDeclaration\_%', 'ScoutRunObservation\_%', 'ScoutRunSettledBasis\_%'])
	    ) THEN
	    RAISE EXCEPTION 'G2-S10B observation tables already present';
	  END IF;
	END $$;
2026-09-27 18:05:03.923 UTC [4014] ERROR:  duplicate key value violates unique constraint "ScoutImportCompletion_coach_id_intent_id_key"
2026-09-27 18:05:03.923 UTC [4014] DETAIL:  Key (coach_id, intent_id)=(coach, 0c7c87cb-355d-40e1-a20c-15786ad4550e) already exists.
2026-09-27 18:05:03.923 UTC [4014] STATEMENT:  INSERT INTO "public"."ScoutImportCompletion" ("id","coach_id","intent_id","terminal_status","completed_at") VALUES ($1,$2,$3,$4,$5) RETURNING "public"."ScoutImportCompletion"."id", "public"."ScoutImportCompletion"."coach_id", "public"."ScoutImportCompletion"."intent_id", "public"."ScoutImportCompletion"."terminal_status", "public"."ScoutImportCompletion"."final_counts", "public"."ScoutImportCompletion"."error_summary", "public"."ScoutImportCompletion"."completed_at"
2026-09-27 18:05:38.501 UTC [31333] LOG:  checkpoint starting: time
2026-09-27 18:05:54.021 UTC [31332] LOG:  received fast shutdown request
2026-09-27 18:05:54.021 UTC [31332] LOG:  aborting any active transactions
2026-09-27 18:05:54.025 UTC [31332] LOG:  background worker "logical replication launcher" (PID 31338) exited with exit code 1
2026-09-27 18:05:54.058 UTC [31333] LOG:  checkpoint complete: wrote 1815 buffers (11.1%); 0 WAL file(s) added, 0 removed, 1 recycled; write=15.555 s, sync=0.001 s, total=15.558 s; sync files=0, longest=0.000 s, average=0.000 s; distance=14705 kB, estimate=14705 kB; lsn=0/2361F20, redo lsn=0/2335BD0
2026-09-27 18:05:54.059 UTC [31333] LOG:  shutting down
2026-09-27 18:05:54.059 UTC [31333] LOG:  checkpoint starting: shutdown immediate
2026-09-27 18:05:54.067 UTC [31333] LOG:  checkpoint complete: wrote 44 buffers (0.3%); 0 WAL file(s) added, 0 removed, 0 recycled; write=0.008 s, sync=0.001 s, total=0.009 s; sync files=0, longest=0.000 s, average=0.000 s; distance=176 kB, estimate=13252 kB; lsn=0/2361F98, redo lsn=0/2361F98
2026-09-27 18:05:54.072 UTC [31332] LOG:  database system is shut down
