ok   .github/workflows/fly-db-secrets-set.yml: all run: steps executed under 10 hostile payloads + allowed app
ok   .github/workflows/fly-feature-flags-set.yml: all run: steps executed under 10 hostile payloads + allowed app
ok   .github/workflows/fly-launch-env-set.yml: all run: steps executed under 10 hostile payloads + allowed app
FAIL .github/workflows/fly-logs-dump.yml [dump/Live-capture a machine boot] payload='x$(printf hostile > "$MARKER")y': hostile payload EXECUTED (marker written) exit=1
FAIL .github/workflows/fly-logs-dump.yml [dump/Live-capture a machine boot] payload='x$(printf hostile > "$MARKER")y': hostile app string was split/altered: ['machine', 'list', '--app', 'xy', '--json']
FAIL .github/workflows/fly-logs-dump.yml [dump/Live-capture a machine boot] payload='x`printf hostile > "$MARKER"`y': hostile payload EXECUTED (marker written) exit=1
FAIL .github/workflows/fly-logs-dump.yml [dump/Live-capture a machine boot] payload='x`printf hostile > "$MARKER"`y': hostile app string was split/altered: ['machine', 'list', '--app', 'xy', '--json']
FAIL .github/workflows/fly-logs-dump.yml [dump/Live-capture a machine boot] payload='x"; printf hostile > "$MARKER"; echo "': hostile payload EXECUTED (marker written) exit=1
FAIL .github/workflows/fly-logs-dump.yml [dump/Live-capture a machine boot] payload='x"; printf hostile > "$MARKER"; echo "': hostile app string was split/altered: ['machine', 'list', '--app', 'x']
FAIL .github/workflows/fly-logs-dump.yml [dump/Live-capture a machine boot] payload='x\'; printf hostile > "$MARKER"; echo \: hostile app string was split/altered: ['machine', 'list', '--app', "x'; printf hostile > /tmp/tmp5t5uyi9g/marker; echo '", '--json']
FAIL .github/workflows/fly-logs-dump.yml [dump/Live-capture a machine boot] payload='x\nprintf hostile > "$MARKER"\n': hostile app string was split/altered: ['machine', 'list', '--app', 'x\nprintf hostile > /tmp/tmp5t5uyi9g/marker\n', '--json']
FAIL .github/workflows/fly-logs-dump.yml [dump/Live-capture a machine boot] payload='x; printf hostile > "$MARKER" #': hostile app string was split/altered: ['machine', 'list', '--app', 'x; printf hostile > /tmp/tmp5t5uyi9g/marker #', '--json']
FAIL .github/workflows/fly-logs-dump.yml [dump/Live-capture a machine boot] payload='x && printf hostile > "$MARKER"': hostile app string was split/altered: ['machine', 'list', '--app', 'x && printf hostile > /tmp/tmp5t5uyi9g/marker', '--json']
FAIL .github/workflows/fly-logs-dump.yml [dump/Live-capture a machine boot] payload='x | printf hostile > "$MARKER"': hostile app string was split/altered: ['machine', 'list', '--app', 'x | printf hostile > /tmp/tmp5t5uyi9g/marker', '--json']
FAIL .github/workflows/fly-logs-dump.yml [dump/Live-capture a machine boot] payload='$MARKER': hostile app string was split/altered: ['machine', 'list', '--app', '/tmp/tmp5t5uyi9g/marker', '--json']
ok   .github/workflows/fly-logs-dump.yml: all run: steps executed under 10 hostile payloads + allowed app
ok   .github/workflows/fly-logs.yml: all run: steps executed under 10 hostile payloads + allowed app
FAIL .github/workflows/fly-recent-auth-set.yml [set-secrets/Set recent-auth secrets on Fly] payload='x$(printf hostile > "$MARKER")y': hostile payload EXECUTED (marker written) exit=0
FAIL .github/workflows/fly-recent-auth-set.yml [set-secrets/Set recent-auth secrets on Fly] payload='x$(printf hostile > "$MARKER")y': hostile app string was split/altered: ['secrets', 'set', 'RECENT_AUTH_SECRET=fake-RECENT_AUTH_SECRET', 'RECENT_AUTH_TTL_MS=fake-RECENT_AUTH_TTL_MS', '--app', 'xy']
FAIL .github/workflows/fly-recent-auth-set.yml [set-secrets/Set recent-auth secrets on Fly] payload='x`printf hostile > "$MARKER"`y': hostile payload EXECUTED (marker written) exit=0
FAIL .github/workflows/fly-recent-auth-set.yml [set-secrets/Set recent-auth secrets on Fly] payload='x`printf hostile > "$MARKER"`y': hostile app string was split/altered: ['secrets', 'set', 'RECENT_AUTH_SECRET=fake-RECENT_AUTH_SECRET', 'RECENT_AUTH_TTL_MS=fake-RECENT_AUTH_TTL_MS', '--app', 'xy']
FAIL .github/workflows/fly-recent-auth-set.yml [set-secrets/Set recent-auth secrets on Fly] payload='x"; printf hostile > "$MARKER"; echo "': hostile payload EXECUTED (marker written) exit=0
FAIL .github/workflows/fly-recent-auth-set.yml [set-secrets/Set recent-auth secrets on Fly] payload='x"; printf hostile > "$MARKER"; echo "': hostile app string was split/altered: ['secrets', 'set', 'RECENT_AUTH_SECRET=fake-RECENT_AUTH_SECRET', 'RECENT_AUTH_TTL_MS=fake-RECENT_AUTH_TTL_MS', '--app', 'x']
FAIL .github/workflows/fly-recent-auth-set.yml [set-secrets/Set recent-auth secrets on Fly] payload='x\'; printf hostile > "$MARKER"; echo \: hostile app string was split/altered: ['secrets', 'set', 'RECENT_AUTH_SECRET=fake-RECENT_AUTH_SECRET', 'RECENT_AUTH_TTL_MS=fake-RECENT_AUTH_TTL_MS', '--app', "x'; printf hostile > /tmp/tmp5t5uyi9g/marker; echo '"]
FAIL .github/workflows/fly-recent-auth-set.yml [set-secrets/Set recent-auth secrets on Fly] payload='x\nprintf hostile > "$MARKER"\n': hostile app string was split/altered: ['secrets', 'set', 'RECENT_AUTH_SECRET=fake-RECENT_AUTH_SECRET', 'RECENT_AUTH_TTL_MS=fake-RECENT_AUTH_TTL_MS', '--app', 'x\nprintf hostile > /tmp/tmp5t5uyi9g/marker\n']
FAIL .github/workflows/fly-recent-auth-set.yml [set-secrets/Set recent-auth secrets on Fly] payload='x; printf hostile > "$MARKER" #': hostile app string was split/altered: ['secrets', 'set', 'RECENT_AUTH_SECRET=fake-RECENT_AUTH_SECRET', 'RECENT_AUTH_TTL_MS=fake-RECENT_AUTH_TTL_MS', '--app', 'x; printf hostile > /tmp/tmp5t5uyi9g/marker #']
FAIL .github/workflows/fly-recent-auth-set.yml [set-secrets/Set recent-auth secrets on Fly] payload='x && printf hostile > "$MARKER"': hostile app string was split/altered: ['secrets', 'set', 'RECENT_AUTH_SECRET=fake-RECENT_AUTH_SECRET', 'RECENT_AUTH_TTL_MS=fake-RECENT_AUTH_TTL_MS', '--app', 'x && printf hostile > /tmp/tmp5t5uyi9g/marker']
FAIL .github/workflows/fly-recent-auth-set.yml [set-secrets/Set recent-auth secrets on Fly] payload='x | printf hostile > "$MARKER"': hostile app string was split/altered: ['secrets', 'set', 'RECENT_AUTH_SECRET=fake-RECENT_AUTH_SECRET', 'RECENT_AUTH_TTL_MS=fake-RECENT_AUTH_TTL_MS', '--app', 'x | printf hostile > /tmp/tmp5t5uyi9g/marker']
FAIL .github/workflows/fly-recent-auth-set.yml [set-secrets/Set recent-auth secrets on Fly] payload='$MARKER': hostile app string was split/altered: ['secrets', 'set', 'RECENT_AUTH_SECRET=fake-RECENT_AUTH_SECRET', 'RECENT_AUTH_TTL_MS=fake-RECENT_AUTH_TTL_MS', '--app', '/tmp/tmp5t5uyi9g/marker']
FAIL .github/workflows/fly-recent-auth-set.yml [set-secrets/Validate presence] payload='x$(printf hostile > "$MARKER")y': hostile payload EXECUTED (marker written) exit=0
FAIL .github/workflows/fly-recent-auth-set.yml [set-secrets/Validate presence] payload='x$(printf hostile > "$MARKER")y': hostile app string was split/altered: ['secrets', 'list', '--app', 'xy']
FAIL .github/workflows/fly-recent-auth-set.yml [set-secrets/Validate presence] payload='x`printf hostile > "$MARKER"`y': hostile payload EXECUTED (marker written) exit=0
FAIL .github/workflows/fly-recent-auth-set.yml [set-secrets/Validate presence] payload='x`printf hostile > "$MARKER"`y': hostile app string was split/altered: ['secrets', 'list', '--app', 'xy']
FAIL .github/workflows/fly-recent-auth-set.yml [set-secrets/Validate presence] payload='x"; printf hostile > "$MARKER"; echo "': hostile payload EXECUTED (marker written) exit=0
FAIL .github/workflows/fly-recent-auth-set.yml [set-secrets/Validate presence] payload='x"; printf hostile > "$MARKER"; echo "': hostile app string was split/altered: ['secrets', 'list', '--app', 'x']
FAIL .github/workflows/fly-recent-auth-set.yml [set-secrets/Validate presence] payload='x\'; printf hostile > "$MARKER"; echo \: hostile app string was split/altered: ['secrets', 'list', '--app', "x'; printf hostile > /tmp/tmp5t5uyi9g/marker; echo '"]
FAIL .github/workflows/fly-recent-auth-set.yml [set-secrets/Validate presence] payload='x\nprintf hostile > "$MARKER"\n': hostile app string was split/altered: ['secrets', 'list', '--app', 'x\nprintf hostile > /tmp/tmp5t5uyi9g/marker\n']
FAIL .github/workflows/fly-recent-auth-set.yml [set-secrets/Validate presence] payload='x; printf hostile > "$MARKER" #': hostile app string was split/altered: ['secrets', 'list', '--app', 'x; printf hostile > /tmp/tmp5t5uyi9g/marker #']
FAIL .github/workflows/fly-recent-auth-set.yml [set-secrets/Validate presence] payload='x && printf hostile > "$MARKER"': hostile app string was split/altered: ['secrets', 'list', '--app', 'x && printf hostile > /tmp/tmp5t5uyi9g/marker']
FAIL .github/workflows/fly-recent-auth-set.yml [set-secrets/Validate presence] payload='x | printf hostile > "$MARKER"': hostile app string was split/altered: ['secrets', 'list', '--app', 'x | printf hostile > /tmp/tmp5t5uyi9g/marker']
FAIL .github/workflows/fly-recent-auth-set.yml [set-secrets/Validate presence] payload='$MARKER': hostile app string was split/altered: ['secrets', 'list', '--app', '/tmp/tmp5t5uyi9g/marker']
ok   .github/workflows/fly-recent-auth-set.yml: all run: steps executed under 10 hostile payloads + allowed app
FAIL .github/workflows/fly-secrets-list.yml [list/List secret names] payload='x$(printf hostile > "$MARKER")y': hostile payload EXECUTED (marker written) exit=0
FAIL .github/workflows/fly-secrets-list.yml [list/List secret names] payload='x$(printf hostile > "$MARKER")y': hostile app string was split/altered: ['secrets', 'list', '--app', 'xy']
FAIL .github/workflows/fly-secrets-list.yml [list/List secret names] payload='x`printf hostile > "$MARKER"`y': hostile payload EXECUTED (marker written) exit=0
FAIL .github/workflows/fly-secrets-list.yml [list/List secret names] payload='x`printf hostile > "$MARKER"`y': hostile app string was split/altered: ['secrets', 'list', '--app', 'xy']
FAIL .github/workflows/fly-secrets-list.yml [list/List secret names] payload='x"; printf hostile > "$MARKER"; echo "': hostile payload EXECUTED (marker written) exit=0
FAIL .github/workflows/fly-secrets-list.yml [list/List secret names] payload='x"; printf hostile > "$MARKER"; echo "': hostile app string was split/altered: ['secrets', 'list', '--app', 'x']
FAIL .github/workflows/fly-secrets-list.yml [list/List secret names] payload='x\'; printf hostile > "$MARKER"; echo \: hostile app string was split/altered: ['secrets', 'list', '--app', "x'; printf hostile > /tmp/tmp5t5uyi9g/marker; echo '"]
FAIL .github/workflows/fly-secrets-list.yml [list/List secret names] payload='x\nprintf hostile > "$MARKER"\n': hostile app string was split/altered: ['secrets', 'list', '--app', 'x\nprintf hostile > /tmp/tmp5t5uyi9g/marker\n']
FAIL .github/workflows/fly-secrets-list.yml [list/List secret names] payload='x; printf hostile > "$MARKER" #': hostile app string was split/altered: ['secrets', 'list', '--app', 'x; printf hostile > /tmp/tmp5t5uyi9g/marker #']
FAIL .github/workflows/fly-secrets-list.yml [list/List secret names] payload='x && printf hostile > "$MARKER"': hostile app string was split/altered: ['secrets', 'list', '--app', 'x && printf hostile > /tmp/tmp5t5uyi9g/marker']
FAIL .github/workflows/fly-secrets-list.yml [list/List secret names] payload='x | printf hostile > "$MARKER"': hostile app string was split/altered: ['secrets', 'list', '--app', 'x | printf hostile > /tmp/tmp5t5uyi9g/marker']
FAIL .github/workflows/fly-secrets-list.yml [list/List secret names] payload='$MARKER': hostile app string was split/altered: ['secrets', 'list', '--app', '/tmp/tmp5t5uyi9g/marker']
ok   .github/workflows/fly-secrets-list.yml: all run: steps executed under 10 hostile payloads + allowed app
ok   .github/workflows/fly-secrets-set.yml: all run: steps executed under 10 hostile payloads + allowed app
step executions=264 failures=48
probe exit=1
