  console.warn
    PG17_PROCESS {"name":"g2g_1","options":{"action":"pair-init","coach":"s11-coach-a","body":{},"host":"P1","role":"phone"},"result":{"pairing_code":"082449","expires_at":"2026-09-27T18:59:19.855Z","import_intent_id":"1a79a67c-4e78-48db-80b5-b510dbd46c23"},"queries":11,"pid":31894}

      181 |       }
      182 |       // Query shapes, outcomes, fixture identifiers and process IDs only; never parameters.
    > 183 |       console.warn(
          |               ^
      184 |         'PG17_PROCESS',
      185 |         JSON.stringify({
      186 |           name,

      at settleWorker (test/utils/g2-s11-pg-harness.ts:183:15)
      at ChildProcess.<anonymous> (test/utils/g2-s11-pg-harness.ts:202:7)

  console.warn
    PG17_PROCESS {"name":"g2g_2","options":{"action":"pair-current","coach":"s11-coach-a","body":{},"host":"P1","role":"phone"},"result":{"status":"pending","import_intent_id":"1a79a67c-4e78-48db-80b5-b510dbd46c23","chosen_platform":"s11-label","readiness":{"run":"none","source_declared":false,"declared_platforms":null}},"queries":3,"pid":31925}

      181 |       }
      182 |       // Query shapes, outcomes, fixture identifiers and process IDs only; never parameters.
    > 183 |       console.warn(
          |               ^
      184 |         'PG17_PROCESS',
      185 |         JSON.stringify({
      186 |           name,

      at settleWorker (test/utils/g2-s11-pg-harness.ts:183:15)
      at ChildProcess.<anonymous> (test/utils/g2-s11-pg-harness.ts:202:7)

  console.warn
    PG17_PROCESS {"name":"g2g_3","options":{"action":"pair-redeem","coach":"unauthenticated","body":{"code":"082449"},"host":"P2","role":"ext"},"result":{"access_token":"synthetic-access-1","refresh_token":"synthetic-refresh-1","chosen_platform":"s11-label","import_intent_id":"1a79a67c-4e78-48db-80b5-b510dbd46c23"},"queries":10,"pid":31954}

      181 |       }
      182 |       // Query shapes, outcomes, fixture identifiers and process IDs only; never parameters.
    > 183 |       console.warn(
          |               ^
      184 |         'PG17_PROCESS',
      185 |         JSON.stringify({
      186 |           name,

      at settleWorker (test/utils/g2-s11-pg-harness.ts:183:15)
      at ChildProcess.<anonymous> (test/utils/g2-s11-pg-harness.ts:202:7)

  console.warn
    PG17_PROCESS {"name":"g2g_4","options":{"action":"pair-redeem","coach":"unauthenticated","body":{"code":"082449"},"host":"P1","role":"ext"},"failure":{"status":410,"message":"Pairing code already used.","response":{"code":"already_used","message":"Pairing code already used."}},"queries":1,"pid":32002}

      181 |       }
      182 |       // Query shapes, outcomes, fixture identifiers and process IDs only; never parameters.
    > 183 |       console.warn(
          |               ^
      184 |         'PG17_PROCESS',
      185 |         JSON.stringify({
      186 |           name,

      at settleWorker (test/utils/g2-s11-pg-harness.ts:183:15)
      at ChildProcess.<anonymous> (test/utils/g2-s11-pg-harness.ts:202:7)

  console.warn
    PG17_PROCESS {"name":"g2g_5","options":{"action":"pair-current","coach":"s11-coach-a","body":{},"host":"P1","role":"phone"},"result":{"status":"paired","import_intent_id":"1a79a67c-4e78-48db-80b5-b510dbd46c23","chosen_platform":"s11-label","readiness":{"run":"none","source_declared":false,"declared_platforms":null}},"queries":3,"pid":32031}

      181 |       }
      182 |       // Query shapes, outcomes, fixture identifiers and process IDs only; never parameters.
    > 183 |       console.warn(
          |               ^
      184 |         'PG17_PROCESS',
      185 |         JSON.stringify({
      186 |           name,

      at settleWorker (test/utils/g2-s11-pg-harness.ts:183:15)
      at ChildProcess.<anonymous> (test/utils/g2-s11-pg-harness.ts:202:7)

  console.warn
    PG17_PROCESS {"name":"g2g_6","options":{"action":"pair-session","coach":"s11-coach-a","intent":"1a79a67c-4e78-48db-80b5-b510dbd46c23","host":"P2","role":"phone"},"result":{"status":"paired","import_intent_id":"1a79a67c-4e78-48db-80b5-b510dbd46c23","chosen_platform":"s11-label","readiness":{"run":"none","source_declared":false,"declared_platforms":null}},"queries":3,"pid":32060}

      181 |       }
      182 |       // Query shapes, outcomes, fixture identifiers and process IDs only; never parameters.
    > 183 |       console.warn(
          |               ^
      184 |         'PG17_PROCESS',
      185 |         JSON.stringify({
      186 |           name,

      at settleWorker (test/utils/g2-s11-pg-harness.ts:183:15)
      at ChildProcess.<anonymous> (test/utils/g2-s11-pg-harness.ts:202:7)

  console.warn
    PG17_PROCESS {"name":"g2g_7","options":{"action":"start","coach":"s11-coach-a","intent":"1a79a67c-4e78-48db-80b5-b510dbd46c23","host":"P2","role":"phone"},"result":{"intent_id":"1a79a67c-4e78-48db-80b5-b510dbd46c23","mode":"server","phase":"discovering","execution_epoch":1,"accepted_start_at":"2026-09-27T18:57:48.625Z","deadline_at":"2026-09-27T19:02:48.625Z"},"queries":3,"pid":32094}

      181 |       }
      182 |       // Query shapes, outcomes, fixture identifiers and process IDs only; never parameters.
    > 183 |       console.warn(
          |               ^
      184 |         'PG17_PROCESS',
      185 |         JSON.stringify({
      186 |           name,

      at settleWorker (test/utils/g2-s11-pg-harness.ts:183:15)
      at ChildProcess.<anonymous> (test/utils/g2-s11-pg-harness.ts:202:7)

  console.warn
    PG17_PROCESS {"name":"g2g_8","options":{"action":"start","coach":"s11-coach-a","intent":"1a79a67c-4e78-48db-80b5-b510dbd46c23","host":"P1","role":"phone"},"result":{"intent_id":"1a79a67c-4e78-48db-80b5-b510dbd46c23","mode":"server","phase":"discovering","execution_epoch":1,"accepted_start_at":"2026-09-27T18:57:48.625Z","deadline_at":"2026-09-27T19:02:48.625Z"},"queries":2,"pid":32128}

      181 |       }
      182 |       // Query shapes, outcomes, fixture identifiers and process IDs only; never parameters.
    > 183 |       console.warn(
          |               ^
      184 |         'PG17_PROCESS',
      185 |         JSON.stringify({
      186 |           name,

      at settleWorker (test/utils/g2-s11-pg-harness.ts:183:15)
      at ChildProcess.<anonymous> (test/utils/g2-s11-pg-harness.ts:202:7)

  console.warn
    PG17_PROCESS {"name":"g2g_9","options":{"action":"pair-init","coach":"s11-coach-a","body":{},"host":"P1","role":"phone"},"result":{"pairing_code":"339606","expires_at":"2026-09-27T18:59:58.187Z","import_intent_id":"e37072da-7ce7-4e1e-b78e-6ea2f231cd6c"},"queries":11,"pid":32167}

      181 |       }
      182 |       // Query shapes, outcomes, fixture identifiers and process IDs only; never parameters.
    > 183 |       console.warn(
          |               ^
      184 |         'PG17_PROCESS',
      185 |         JSON.stringify({
      186 |           name,

      at settleWorker (test/utils/g2-s11-pg-harness.ts:183:15)
      at ChildProcess.<anonymous> (test/utils/g2-s11-pg-harness.ts:202:7)

  console.warn
    PG17_PROCESS {"name":"g2g_10","options":{"action":"pair-redeem","coach":"unauthenticated","body":{"code":"339606"},"host":"P2","role":"ext"},"result":{"access_token":"synthetic-access-1","refresh_token":"synthetic-refresh-1","chosen_platform":"s11-label","import_intent_id":"e37072da-7ce7-4e1e-b78e-6ea2f231cd6c"},"queries":10,"pid":32196}

      181 |       }
      182 |       // Query shapes, outcomes, fixture identifiers and process IDs only; never parameters.
    > 183 |       console.warn(
          |               ^
      184 |         'PG17_PROCESS',
      185 |         JSON.stringify({
      186 |           name,

      at settleWorker (test/utils/g2-s11-pg-harness.ts:183:15)
      at ChildProcess.<anonymous> (test/utils/g2-s11-pg-harness.ts:202:7)

  console.warn
    PG17_PROCESS {"name":"g2g_11","options":{"action":"start","coach":"s11-coach-a","intent":"e37072da-7ce7-4e1e-b78e-6ea2f231cd6c","host":"P2","role":"phone"},"result":{"intent_id":"e37072da-7ce7-4e1e-b78e-6ea2f231cd6c","mode":"server","phase":"discovering","execution_epoch":1,"accepted_start_at":"2026-09-27T18:58:05.139Z","deadline_at":"2026-09-27T19:03:05.139Z"},"queries":3,"pid":32245}

      181 |       }
      182 |       // Query shapes, outcomes, fixture identifiers and process IDs only; never parameters.
    > 183 |       console.warn(
          |               ^
      184 |         'PG17_PROCESS',
      185 |         JSON.stringify({
      186 |           name,

      at settleWorker (test/utils/g2-s11-pg-harness.ts:183:15)
      at ChildProcess.<anonymous> (test/utils/g2-s11-pg-harness.ts:202:7)

  console.warn
    PG17_PROCESS {"name":"g2g_12","options":{"action":"ingest","coach":"s11-coach-a","intent":"e37072da-7ce7-4e1e-b78e-6ea2f231cd6c","body":{"entity_type":"people","entities":[{"sourceId":"p-1","payload":{"name":"Synthetic p-1"}},{"sourceId":"p-2","payload":{"name":"Synthetic p-2"}}]},"host":"P1","role":"ext"},"result":{"received":2,"deduped":0},"queries":8,"pid":32274}

      181 |       }
      182 |       // Query shapes, outcomes, fixture identifiers and process IDs only; never parameters.
    > 183 |       console.warn(
          |               ^
      184 |         'PG17_PROCESS',
      185 |         JSON.stringify({
      186 |           name,

      at settleWorker (test/utils/g2-s11-pg-harness.ts:183:15)
      at ChildProcess.<anonymous> (test/utils/g2-s11-pg-harness.ts:202:7)

  console.warn
    PG17_PROCESS {"name":"g2g_13","options":{"action":"ingest","coach":"s11-coach-a","intent":"e37072da-7ce7-4e1e-b78e-6ea2f231cd6c","body":{"entity_type":"blocks","entities":[{"sourceId":"blk-1","payload":{"title":"Base Block","weeks":4,"days":3,"notes":"synthetic"}}]},"host":"P2","role":"ext"},"result":{"received":1,"deduped":0},"queries":8,"pid":32305}

      181 |       }
      182 |       // Query shapes, outcomes, fixture identifiers and process IDs only; never parameters.
    > 183 |       console.warn(
          |               ^
      184 |         'PG17_PROCESS',
      185 |         JSON.stringify({
      186 |           name,

      at settleWorker (test/utils/g2-s11-pg-harness.ts:183:15)
      at ChildProcess.<anonymous> (test/utils/g2-s11-pg-harness.ts:202:7)

  console.warn
    PG17_PROCESS {"name":"g2g_14","options":{"action":"ingest","coach":"s11-coach-a","intent":"e37072da-7ce7-4e1e-b78e-6ea2f231cd6c","body":{"entity_type":"routines","entities":[{"sourceId":"rt-1","payload":{"title":"Push Day","kind":"lift","minutes":45,"exercises":[{"id":"e1","exercise":"11111111-1111-4111-8111-111111111111","sets":3,"reps":8,"kg":100}]}}]},"host":"P1","role":"ext"},"result":{"received":1,"deduped":0},"queries":8,"pid":32335}

      181 |       }
      182 |       // Query shapes, outcomes, fixture identifiers and process IDs only; never parameters.
    > 183 |       console.warn(
          |               ^
      184 |         'PG17_PROCESS',
      185 |         JSON.stringify({
      186 |           name,

      at settleWorker (test/utils/g2-s11-pg-harness.ts:183:15)
      at ChildProcess.<anonymous> (test/utils/g2-s11-pg-harness.ts:202:7)

  console.warn
    PG17_PROCESS {"name":"g2g_15","options":{"action":"ingest","coach":"s11-coach-a","intent":"e37072da-7ce7-4e1e-b78e-6ea2f231cd6c","body":{"entity_type":"log","entities":[{"sourceId":"h-1","payload":{"title":"note"}}]},"host":"P2","role":"ext"},"result":{"received":1,"deduped":0},"queries":8,"pid":32367}

      181 |       }
      182 |       // Query shapes, outcomes, fixture identifiers and process IDs only; never parameters.
    > 183 |       console.warn(
          |               ^
      184 |         'PG17_PROCESS',
      185 |         JSON.stringify({
      186 |           name,

      at settleWorker (test/utils/g2-s11-pg-harness.ts:183:15)
      at ChildProcess.<anonymous> (test/utils/g2-s11-pg-harness.ts:202:7)

  console.warn
    PG17_PROCESS {"name":"g2g_16","options":{"action":"status","coach":"s11-coach-a","intent":"e37072da-7ce7-4e1e-b78e-6ea2f231cd6c","host":"P1","role":"phone"},"result":{"intent_id":"e37072da-7ce7-4e1e-b78e-6ea2f231cd6c","status":"running","entity_counts":[{"entity_type":"blocks","committed":1},{"entity_type":"log","committed":1},{"entity_type":"people","committed":2},{"entity_type":"routines","committed":1}],"started_at":"2026-09-27T18:58:07.387Z","completed_at":null,"mode":"server","phase":"transferring","accepted_start_at":"2026-09-27T18:58:05.139Z","deadline_at":"2026-09-27T19:03:05.139Z","last_observed_at":"2026-09-27T18:58:13.870Z","execution_epoch":1,"reason_code":null,"claimed_status":null,"families":[{"family":"blocks","observed_unique":null,"staged_unique":1,"created_native":null,"already_present_verified":null,"rejected":null,"unresolved":null,"ledger":{"reconstructed":0,"skipped":0,"failed":0}},{"family":"log","observed_unique":null,"staged_unique":1,"created_native":null,"already_present_verified":null,"rejected":null,"unresolved":null,"ledger":{"reconstructed":0,"skipped":0,"failed":0}},{"family":"people","observed_unique":null,"staged_unique":2,"created_native":null,"already_present_verified":null,"rejected":null,"unresolved":null,"ledger":{"reconstructed":0,"skipped":0,"failed":0}},{"family":"routines","observed_unique":null,"staged_unique":1,"created_native":null,"already_present_verified":null,"rejected":null,"unresolved":null,"ledger":{"reconstructed":0,"skipped":0,"failed":0}}]},"queries":8,"pid":32410}

      181 |       }
      182 |       // Query shapes, outcomes, fixture identifiers and process IDs only; never parameters.
    > 183 |       console.warn(
          |               ^
      184 |         'PG17_PROCESS',
      185 |         JSON.stringify({
      186 |           name,

      at settleWorker (test/utils/g2-s11-pg-harness.ts:183:15)
      at ChildProcess.<anonymous> (test/utils/g2-s11-pg-harness.ts:202:7)

  console.warn
    PG17_PROCESS {"name":"g2g_17","options":{"action":"status","coach":"s11-coach-a","intent":"e37072da-7ce7-4e1e-b78e-6ea2f231cd6c","host":"P2","role":"phone"},"result":{"intent_id":"e37072da-7ce7-4e1e-b78e-6ea2f231cd6c","status":"running","entity_counts":[{"entity_type":"blocks","committed":1},{"entity_type":"log","committed":1},{"entity_type":"people","committed":2},{"entity_type":"routines","committed":1}],"started_at":"2026-09-27T18:58:07.387Z","completed_at":null,"mode":"server","phase":"transferring","accepted_start_at":"2026-09-27T18:58:05.139Z","deadline_at":"2026-09-27T19:03:05.139Z","last_observed_at":"2026-09-27T18:58:13.870Z","execution_epoch":1,"reason_code":null,"claimed_status":null,"families":[{"family":"blocks","observed_unique":null,"staged_unique":1,"created_native":null,"already_present_verified":null,"rejected":null,"unresolved":null,"ledger":{"reconstructed":0,"skipped":0,"failed":0}},{"family":"log","observed_unique":null,"staged_unique":1,"created_native":null,"already_present_verified":null,"rejected":null,"unresolved":null,"ledger":{"reconstructed":0,"skipped":0,"failed":0}},{"family":"people","observed_unique":null,"staged_unique":2,"created_native":null,"already_present_verified":null,"rejected":null,"unresolved":null,"ledger":{"reconstructed":0,"skipped":0,"failed":0}},{"family":"routines","observed_unique":null,"staged_unique":1,"created_native":null,"already_present_verified":null,"rejected":null,"unresolved":null,"ledger":{"reconstructed":0,"skipped":0,"failed":0}}]},"queries":8,"pid":32440}

      181 |       }
      182 |       // Query shapes, outcomes, fixture identifiers and process IDs only; never parameters.
    > 183 |       console.warn(
          |               ^
      184 |         'PG17_PROCESS',
      185 |         JSON.stringify({
      186 |           name,

      at settleWorker (test/utils/g2-s11-pg-harness.ts:183:15)
      at ChildProcess.<anonymous> (test/utils/g2-s11-pg-harness.ts:202:7)

  console.warn
    PG17_PROCESS {"name":"g2g_18","options":{"action":"complete","coach":"s11-coach-a","intent":"e37072da-7ce7-4e1e-b78e-6ea2f231cd6c","body":{"terminal_status":"success"},"host":"P1","role":"ext"},"result":{"acknowledged":true,"intent_id":"e37072da-7ce7-4e1e-b78e-6ea2f231cd6c"},"queries":93,"pid":32470}

      181 |       }
      182 |       // Query shapes, outcomes, fixture identifiers and process IDs only; never parameters.
    > 183 |       console.warn(
          |               ^
      184 |         'PG17_PROCESS',
      185 |         JSON.stringify({
      186 |           name,

      at settleWorker (test/utils/g2-s11-pg-harness.ts:183:15)
      at ChildProcess.<anonymous> (test/utils/g2-s11-pg-harness.ts:202:7)

  console.warn
    PG17_PROCESS {"name":"g2g_19","options":{"action":"complete","coach":"s11-coach-a","intent":"e37072da-7ce7-4e1e-b78e-6ea2f231cd6c","body":{"terminal_status":"success"},"host":"P2","role":"ext"},"result":{"acknowledged":true,"intent_id":"e37072da-7ce7-4e1e-b78e-6ea2f231cd6c"},"queries":8,"pid":32504}

      181 |       }
      182 |       // Query shapes, outcomes, fixture identifiers and process IDs only; never parameters.
    > 183 |       console.warn(
          |               ^
      184 |         'PG17_PROCESS',
      185 |         JSON.stringify({
      186 |           name,

      at settleWorker (test/utils/g2-s11-pg-harness.ts:183:15)
      at ChildProcess.<anonymous> (test/utils/g2-s11-pg-harness.ts:202:7)

  console.warn
    PG17_PROCESS {"name":"g2g_20","options":{"action":"status","coach":"s11-coach-a","intent":"e37072da-7ce7-4e1e-b78e-6ea2f231cd6c","host":"P2","role":"phone"},"result":{"intent_id":"e37072da-7ce7-4e1e-b78e-6ea2f231cd6c","status":"partial","entity_counts":[{"entity_type":"blocks","committed":1},{"entity_type":"log","committed":1},{"entity_type":"people","committed":2},{"entity_type":"routines","committed":1}],"started_at":"2026-09-27T18:58:07.387Z","completed_at":"2026-09-27T18:58:20.287Z","mode":"server","phase":"reconciling","accepted_start_at":"2026-09-27T18:58:05.139Z","deadline_at":"2026-09-27T19:03:05.139Z","last_observed_at":"2026-09-27T18:58:20.282Z","execution_epoch":1,"reason_code":"unresolved_identities","claimed_status":"success","families":[{"family":"blocks","observed_unique":null,"staged_unique":1,"created_native":null,"already_present_verified":null,"rejected":0,"unresolved":0,"ledger":{"reconstructed":1,"skipped":0,"failed":0},"canonical_family":"programs","native_present_verified":1,"completeness_basis":"none","relationship_closure":"not_applicable","reasons":[],"qualifiers":[]},{"family":"log","observed_unique":null,"staged_unique":1,"created_native":null,"already_present_verified":null,"rejected":1,"unresolved":0,"ledger":{"reconstructed":0,"skipped":1,"failed":0},"canonical_family":"client_history","native_present_verified":0,"completeness_basis":"none","relationship_closure":"not_applicable","reasons":[{"code":"unsupported_platform:s11-proof","count":1}],"qualifiers":[]},{"family":"people","observed_unique":null,"staged_unique":2,"created_native":null,"already_present_verified":null,"rejected":2,"unresolved":0,"ledger":{"reconstructed":0,"skipped":2,"failed":0},"canonical_family":"clients","native_present_verified":0,"completeness_basis":"none","relationship_closure":"not_applicable","reasons":[{"code":"unsupported_platform:s11-proof","count":2}],"qualifiers":["roster_bridge_pending"]},{"family":"routines","observed_unique":null,"staged_unique":1,"created_native":null,"already_present_verified":null,"rejected":0,"unresolved":0,"ledger":{"reconstructed":1,"skipped":0,"failed":0},"canonical_family":"workouts","native_present_verified":1,"completeness_basis":"none","relationship_closure":"verified","reasons":[],"qualifiers":[]}]},"queries":9,"pid":32551}

      181 |       }
      182 |       // Query shapes, outcomes, fixture identifiers and process IDs only; never parameters.
    > 183 |       console.warn(
          |               ^
      184 |         'PG17_PROCESS',
      185 |         JSON.stringify({
      186 |           name,

      at settleWorker (test/utils/g2-s11-pg-harness.ts:183:15)
      at ChildProcess.<anonymous> (test/utils/g2-s11-pg-harness.ts:202:7)

  console.warn
    PG17_PROCESS {"name":"g2g_21","options":{"action":"status","coach":"s11-coach-a","intent":"e37072da-7ce7-4e1e-b78e-6ea2f231cd6c","host":"P1","role":"phone"},"result":{"intent_id":"e37072da-7ce7-4e1e-b78e-6ea2f231cd6c","status":"partial","entity_counts":[{"entity_type":"blocks","committed":1},{"entity_type":"log","committed":1},{"entity_type":"people","committed":2},{"entity_type":"routines","committed":1}],"started_at":"2026-09-27T18:58:07.387Z","completed_at":"2026-09-27T18:58:20.287Z","mode":"server","phase":"reconciling","accepted_start_at":"2026-09-27T18:58:05.139Z","deadline_at":"2026-09-27T19:03:05.139Z","last_observed_at":"2026-09-27T18:58:20.282Z","execution_epoch":1,"reason_code":"unresolved_identities","claimed_status":"success","families":[{"family":"blocks","observed_unique":null,"staged_unique":1,"created_native":null,"already_present_verified":null,"rejected":0,"unresolved":0,"ledger":{"reconstructed":1,"skipped":0,"failed":0},"canonical_family":"programs","native_present_verified":1,"completeness_basis":"none","relationship_closure":"not_applicable","reasons":[],"qualifiers":[]},{"family":"log","observed_unique":null,"staged_unique":1,"created_native":null,"already_present_verified":null,"rejected":1,"unresolved":0,"ledger":{"reconstructed":0,"skipped":1,"failed":0},"canonical_family":"client_history","native_present_verified":0,"completeness_basis":"none","relationship_closure":"not_applicable","reasons":[{"code":"unsupported_platform:s11-proof","count":1}],"qualifiers":[]},{"family":"people","observed_unique":null,"staged_unique":2,"created_native":null,"already_present_verified":null,"rejected":2,"unresolved":0,"ledger":{"reconstructed":0,"skipped":2,"failed":0},"canonical_family":"clients","native_present_verified":0,"completeness_basis":"none","relationship_closure":"not_applicable","reasons":[{"code":"unsupported_platform:s11-proof","count":2}],"qualifiers":["roster_bridge_pending"]},{"family":"routines","observed_unique":null,"staged_unique":1,"created_native":null,"already_present_verified":null,"rejected":0,"unresolved":0,"ledger":{"reconstructed":1,"skipped":0,"failed":0},"canonical_family":"workouts","native_present_verified":1,"completeness_basis":"none","relationship_closure":"verified","reasons":[],"qualifiers":[]}]},"queries":9,"pid":32581}

      181 |       }
      182 |       // Query shapes, outcomes, fixture identifiers and process IDs only; never parameters.
    > 183 |       console.warn(
          |               ^
      184 |         'PG17_PROCESS',
      185 |         JSON.stringify({
      186 |           name,

      at settleWorker (test/utils/g2-s11-pg-harness.ts:183:15)
      at ChildProcess.<anonymous> (test/utils/g2-s11-pg-harness.ts:202:7)

  console.warn
    PG17_PROCESS {"name":"g2g_22","options":{"action":"roster","coach":"s11-coach-a","intent":"e37072da-7ce7-4e1e-b78e-6ea2f231cd6c","host":"P1","role":"phone"},"result":{"intent_id":"e37072da-7ce7-4e1e-b78e-6ea2f231cd6c","accounting":{"staged":2,"reconstructed":0,"skipped":2,"failed":0,"unclassified":0},"persons":[],"page":{"limit":50,"next_cursor":null,"has_more":false},"roster_bridge_pending":true},"queries":9,"pid":32613}

      181 |       }
      182 |       // Query shapes, outcomes, fixture identifiers and process IDs only; never parameters.
    > 183 |       console.warn(
          |               ^
      184 |         'PG17_PROCESS',
      185 |         JSON.stringify({
      186 |           name,

      at settleWorker (test/utils/g2-s11-pg-harness.ts:183:15)
      at ChildProcess.<anonymous> (test/utils/g2-s11-pg-harness.ts:202:7)

  console.warn
    PG17_PROCESS {"name":"g2g_23","options":{"action":"roster","coach":"s11-coach-a","intent":"e37072da-7ce7-4e1e-b78e-6ea2f231cd6c","host":"P2","role":"phone"},"result":{"intent_id":"e37072da-7ce7-4e1e-b78e-6ea2f231cd6c","accounting":{"staged":2,"reconstructed":0,"skipped":2,"failed":0,"unclassified":0},"persons":[],"page":{"limit":50,"next_cursor":null,"has_more":false},"roster_bridge_pending":true},"queries":9,"pid":32643}

      181 |       }
      182 |       // Query shapes, outcomes, fixture identifiers and process IDs only; never parameters.
    > 183 |       console.warn(
          |               ^
      184 |         'PG17_PROCESS',
      185 |         JSON.stringify({
      186 |           name,

      at settleWorker (test/utils/g2-s11-pg-harness.ts:183:15)
      at ChildProcess.<anonymous> (test/utils/g2-s11-pg-harness.ts:202:7)

  console.warn
    PG17_PROCESS {"name":"g2g_24","options":{"action":"entities","coach":"s11-coach-a","intent":"e37072da-7ce7-4e1e-b78e-6ea2f231cd6c","body":{"family":"workouts"},"host":"P2","role":"phone"},"result":{"intent_id":"e37072da-7ce7-4e1e-b78e-6ea2f231cd6c","family":"workouts","entities":[{"id":"623fe8c5-3e02-4ce6-bfcd-c28d1e7948e7","target_kind":"workout_plan","native_id":"623fe8c5-3e02-4ce6-bfcd-c28d1e7948e7","source_platform":"s11-proof","entity_type":"workouts","source_id":"rt-1","client_source_id":null,"label":"Push Day","created_at":"2026-09-27T18:58:20.275Z","updated_at":"2026-09-27T18:58:20.275Z"}],"page_count":1,"next_cursor":null,"unclassified_staged":0},"queries":11,"pid":32684}

      181 |       }
      182 |       // Query shapes, outcomes, fixture identifiers and process IDs only; never parameters.
    > 183 |       console.warn(
          |               ^
      184 |         'PG17_PROCESS',
      185 |         JSON.stringify({
      186 |           name,

      at settleWorker (test/utils/g2-s11-pg-harness.ts:183:15)
      at ChildProcess.<anonymous> (test/utils/g2-s11-pg-harness.ts:202:7)

  console.warn
    PG17_PROCESS {"name":"g2g_25","options":{"action":"entities","coach":"s11-coach-a","intent":"e37072da-7ce7-4e1e-b78e-6ea2f231cd6c","body":{"family":"workouts"},"host":"P1","role":"phone"},"result":{"intent_id":"e37072da-7ce7-4e1e-b78e-6ea2f231cd6c","family":"workouts","entities":[{"id":"623fe8c5-3e02-4ce6-bfcd-c28d1e7948e7","target_kind":"workout_plan","native_id":"623fe8c5-3e02-4ce6-bfcd-c28d1e7948e7","source_platform":"s11-proof","entity_type":"workouts","source_id":"rt-1","client_source_id":null,"label":"Push Day","created_at":"2026-09-27T18:58:20.275Z","updated_at":"2026-09-27T18:58:20.275Z"}],"page_count":1,"next_cursor":null,"unclassified_staged":0},"queries":11,"pid":32713}

      181 |       }
      182 |       // Query shapes, outcomes, fixture identifiers and process IDs only; never parameters.
    > 183 |       console.warn(
          |               ^
      184 |         'PG17_PROCESS',
      185 |         JSON.stringify({
      186 |           name,

      at settleWorker (test/utils/g2-s11-pg-harness.ts:183:15)
      at ChildProcess.<anonymous> (test/utils/g2-s11-pg-harness.ts:202:7)

  console.warn
    PG17_PROCESS {"name":"g2g_26","options":{"action":"pair-init","coach":"s11-coach-a","body":{},"host":"P1","role":"phone"},"result":{"pairing_code":"551050","expires_at":"2026-09-27T19:00:37.312Z","import_intent_id":"b9aa0780-e0b4-4ab9-b475-93febfc51670"},"queries":11,"pid":32750}

      181 |       }
      182 |       // Query shapes, outcomes, fixture identifiers and process IDs only; never parameters.
    > 183 |       console.warn(
          |               ^
      184 |         'PG17_PROCESS',
      185 |         JSON.stringify({
      186 |           name,

      at settleWorker (test/utils/g2-s11-pg-harness.ts:183:15)
      at ChildProcess.<anonymous> (test/utils/g2-s11-pg-harness.ts:202:7)

  console.warn
    PG17_PROCESS {"name":"g2g_27","options":{"action":"pair-redeem","coach":"unauthenticated","body":{"code":"551050"},"host":"P2","role":"ext"},"result":{"access_token":"synthetic-access-1","refresh_token":"synthetic-refresh-1","chosen_platform":"s11-label","import_intent_id":"b9aa0780-e0b4-4ab9-b475-93febfc51670"},"queries":10,"pid":320}

      181 |       }
      182 |       // Query shapes, outcomes, fixture identifiers and process IDs only; never parameters.
    > 183 |       console.warn(
          |               ^
      184 |         'PG17_PROCESS',
      185 |         JSON.stringify({
      186 |           name,

      at settleWorker (test/utils/g2-s11-pg-harness.ts:183:15)
      at ChildProcess.<anonymous> (test/utils/g2-s11-pg-harness.ts:202:7)

  console.warn
    PG17_PROCESS {"name":"g2g_28","options":{"action":"start","coach":"s11-coach-a","intent":"b9aa0780-e0b4-4ab9-b475-93febfc51670","host":"P2","role":"phone"},"result":{"intent_id":"b9aa0780-e0b4-4ab9-b475-93febfc51670","mode":"server","phase":"discovering","execution_epoch":1,"accepted_start_at":"2026-09-27T18:58:41.577Z","deadline_at":"2026-09-27T19:03:41.577Z"},"queries":3,"pid":349}

      181 |       }
      182 |       // Query shapes, outcomes, fixture identifiers and process IDs only; never parameters.
    > 183 |       console.warn(
          |               ^
      184 |         'PG17_PROCESS',
      185 |         JSON.stringify({
      186 |           name,

      at settleWorker (test/utils/g2-s11-pg-harness.ts:183:15)
      at ChildProcess.<anonymous> (test/utils/g2-s11-pg-harness.ts:202:7)

  console.warn
    PG17_PROCESS {"name":"g2g_29","options":{"action":"ingest","coach":"s11-coach-a","intent":"b9aa0780-e0b4-4ab9-b475-93febfc51670","body":{"entity_type":"people","entities":[{"sourceId":"p-1","payload":{"name":"Synthetic p-1"}}]},"host":"P1","role":"ext"},"result":{"received":1,"deduped":0},"queries":8,"pid":381}

      181 |       }
      182 |       // Query shapes, outcomes, fixture identifiers and process IDs only; never parameters.
    > 183 |       console.warn(
          |               ^
      184 |         'PG17_PROCESS',
      185 |         JSON.stringify({
      186 |           name,

      at settleWorker (test/utils/g2-s11-pg-harness.ts:183:15)
      at ChildProcess.<anonymous> (test/utils/g2-s11-pg-harness.ts:202:7)

  console.warn
    PG17_PROCESS {"name":"g2g_31","options":{"action":"status","coach":"s11-coach-a","intent":"b9aa0780-e0b4-4ab9-b475-93febfc51670","host":"P2","role":"phone"},"result":{"intent_id":"b9aa0780-e0b4-4ab9-b475-93febfc51670","status":"running","entity_counts":[{"entity_type":"people","committed":1}],"started_at":"2026-09-27T18:58:43.628Z","completed_at":null,"mode":"server","phase":"transferring","accepted_start_at":"2026-09-27T18:58:41.577Z","deadline_at":"2026-09-27T19:03:41.577Z","last_observed_at":"2026-09-27T18:58:45.743Z","execution_epoch":1,"reason_code":null,"claimed_status":null,"families":[{"family":"people","observed_unique":null,"staged_unique":1,"created_native":null,"already_present_verified":null,"rejected":null,"unresolved":null,"ledger":{"reconstructed":0,"skipped":0,"failed":0}}]},"queries":8,"pid":479}

      181 |       }
      182 |       // Query shapes, outcomes, fixture identifiers and process IDs only; never parameters.
    > 183 |       console.warn(
          |               ^
      184 |         'PG17_PROCESS',
      185 |         JSON.stringify({
      186 |           name,

      at settleWorker (test/utils/g2-s11-pg-harness.ts:183:15)
      at ChildProcess.<anonymous> (test/utils/g2-s11-pg-harness.ts:202:7)

  console.warn
    PG17_PROCESS {"name":"g2g_30","options":{"action":"progress","coach":"s11-coach-a","intent":"b9aa0780-e0b4-4ab9-b475-93febfc51670","body":{"flush":true,"progress":[{"entity_type":"people","count_committed":1,"total_estimated":7}]},"pause":"cached","host":"P1","role":"ext"},"result":{"recorded":true,"flushed":true},"queries":8,"pid":411}

      181 |       }
      182 |       // Query shapes, outcomes, fixture identifiers and process IDs only; never parameters.
    > 183 |       console.warn(
          |               ^
      184 |         'PG17_PROCESS',
      185 |         JSON.stringify({
      186 |           name,

      at settleWorker (test/utils/g2-s11-pg-harness.ts:183:15)
      at ChildProcess.<anonymous> (test/utils/g2-s11-pg-harness.ts:202:7)

  console.warn
    PG17_PROCESS {"name":"g2g_32","options":{"action":"status","coach":"s11-coach-a","intent":"b9aa0780-e0b4-4ab9-b475-93febfc51670","host":"P2","role":"phone"},"result":{"intent_id":"b9aa0780-e0b4-4ab9-b475-93febfc51670","status":"running","entity_counts":[{"entity_type":"people","committed":1}],"started_at":"2026-09-27T18:58:43.628Z","completed_at":null,"mode":"server","phase":"transferring","accepted_start_at":"2026-09-27T18:58:41.577Z","deadline_at":"2026-09-27T19:03:41.577Z","last_observed_at":"2026-09-27T18:58:45.743Z","execution_epoch":1,"reason_code":null,"claimed_status":null,"families":[{"family":"people","observed_unique":null,"staged_unique":1,"created_native":null,"already_present_verified":null,"rejected":null,"unresolved":null,"ledger":{"reconstructed":0,"skipped":0,"failed":0}}]},"queries":8,"pid":519}

      181 |       }
      182 |       // Query shapes, outcomes, fixture identifiers and process IDs only; never parameters.
    > 183 |       console.warn(
          |               ^
      184 |         'PG17_PROCESS',
      185 |         JSON.stringify({
      186 |           name,

      at settleWorker (test/utils/g2-s11-pg-harness.ts:183:15)
      at ChildProcess.<anonymous> (test/utils/g2-s11-pg-harness.ts:202:7)

  console.warn
    PG17_PROCESS {"name":"g2g_33","options":{"action":"pair-init","coach":"s11-coach-a","body":{},"host":"P1","role":"phone"},"result":{"pairing_code":"506977","expires_at":"2026-09-27T19:00:52.446Z","import_intent_id":"5bdfe0c1-8824-4144-964e-961dea4c2ff1"},"queries":11,"pid":555}

      181 |       }
      182 |       // Query shapes, outcomes, fixture identifiers and process IDs only; never parameters.
    > 183 |       console.warn(
          |               ^
      184 |         'PG17_PROCESS',
      185 |         JSON.stringify({
      186 |           name,

      at settleWorker (test/utils/g2-s11-pg-harness.ts:183:15)
      at ChildProcess.<anonymous> (test/utils/g2-s11-pg-harness.ts:202:7)

  console.warn
    PG17_PROCESS {"name":"g2g_34","options":{"action":"pair-redeem","coach":"unauthenticated","body":{"code":"506977"},"host":"P2","role":"ext"},"result":{"access_token":"synthetic-access-1","refresh_token":"synthetic-refresh-1","chosen_platform":"s11-label","import_intent_id":"5bdfe0c1-8824-4144-964e-961dea4c2ff1"},"queries":10,"pid":598}

      181 |       }
      182 |       // Query shapes, outcomes, fixture identifiers and process IDs only; never parameters.
    > 183 |       console.warn(
          |               ^
      184 |         'PG17_PROCESS',
      185 |         JSON.stringify({
      186 |           name,

      at settleWorker (test/utils/g2-s11-pg-harness.ts:183:15)
      at ChildProcess.<anonymous> (test/utils/g2-s11-pg-harness.ts:202:7)

  console.warn
    PG17_PROCESS {"name":"g2g_35","options":{"action":"start","coach":"s11-coach-a","intent":"5bdfe0c1-8824-4144-964e-961dea4c2ff1","host":"P2","role":"phone"},"result":{"intent_id":"5bdfe0c1-8824-4144-964e-961dea4c2ff1","mode":"server","phase":"discovering","execution_epoch":1,"accepted_start_at":"2026-09-27T18:58:56.793Z","deadline_at":"2026-09-27T19:03:56.793Z"},"queries":3,"pid":627}

      181 |       }
      182 |       // Query shapes, outcomes, fixture identifiers and process IDs only; never parameters.
    > 183 |       console.warn(
          |               ^
      184 |         'PG17_PROCESS',
      185 |         JSON.stringify({
      186 |           name,

      at settleWorker (test/utils/g2-s11-pg-harness.ts:183:15)
      at ChildProcess.<anonymous> (test/utils/g2-s11-pg-harness.ts:202:7)

  console.warn
    PG17_PROCESS {"name":"g2g_36","options":{"action":"ingest","coach":"s11-coach-a","intent":"5bdfe0c1-8824-4144-964e-961dea4c2ff1","body":{"entity_type":"people","entities":[{"sourceId":"p-1","payload":{"name":"Synthetic p-1"}}]},"host":"P1","role":"ext"},"result":{"received":1,"deduped":0},"queries":8,"pid":656}

      181 |       }
      182 |       // Query shapes, outcomes, fixture identifiers and process IDs only; never parameters.
    > 183 |       console.warn(
          |               ^
      184 |         'PG17_PROCESS',
      185 |         JSON.stringify({
      186 |           name,

      at settleWorker (test/utils/g2-s11-pg-harness.ts:183:15)
      at ChildProcess.<anonymous> (test/utils/g2-s11-pg-harness.ts:202:7)

  console.warn
    PG17_PROCESS {"name":"g2g_37","options":{"action":"ingest","coach":"s11-coach-a","intent":"5bdfe0c1-8824-4144-964e-961dea4c2ff1","body":{"entity_type":"people","entities":[{"sourceId":"p-2","payload":{"name":"Synthetic p-2"}}]},"host":"P2","role":"ext"},"result":{"received":1,"deduped":0},"queries":8,"pid":687}

      181 |       }
      182 |       // Query shapes, outcomes, fixture identifiers and process IDs only; never parameters.
    > 183 |       console.warn(
          |               ^
      184 |         'PG17_PROCESS',
      185 |         JSON.stringify({
      186 |           name,

      at settleWorker (test/utils/g2-s11-pg-harness.ts:183:15)
      at ChildProcess.<anonymous> (test/utils/g2-s11-pg-harness.ts:202:7)

  console.warn
    PG17_PROCESS {"name":"g2g_38","options":{"action":"status","coach":"s11-coach-a","intent":"5bdfe0c1-8824-4144-964e-961dea4c2ff1","host":"P2","role":"phone"},"result":{"intent_id":"5bdfe0c1-8824-4144-964e-961dea4c2ff1","status":"running","entity_counts":[{"entity_type":"people","committed":2}],"started_at":"2026-09-27T18:58:58.970Z","completed_at":null,"mode":"server","phase":"transferring","accepted_start_at":"2026-09-27T18:58:56.793Z","deadline_at":"2026-09-27T19:03:56.793Z","last_observed_at":"2026-09-27T18:59:01.313Z","execution_epoch":1,"reason_code":null,"claimed_status":null,"families":[{"family":"people","observed_unique":null,"staged_unique":2,"created_native":null,"already_present_verified":null,"rejected":null,"unresolved":null,"ledger":{"reconstructed":0,"skipped":0,"failed":0}}]},"queries":8,"pid":717}

      181 |       }
      182 |       // Query shapes, outcomes, fixture identifiers and process IDs only; never parameters.
    > 183 |       console.warn(
          |               ^
      184 |         'PG17_PROCESS',
      185 |         JSON.stringify({
      186 |           name,

      at settleWorker (test/utils/g2-s11-pg-harness.ts:183:15)
      at ChildProcess.<anonymous> (test/utils/g2-s11-pg-harness.ts:202:7)

  console.warn
    PG17_PROCESS {"name":"g2g_40","options":{"action":"status","coach":"s11-coach-a","intent":"5bdfe0c1-8824-4144-964e-961dea4c2ff1","host":"P2","role":"phone"},"result":{"intent_id":"5bdfe0c1-8824-4144-964e-961dea4c2ff1","status":"running","entity_counts":[{"entity_type":"people","committed":2}],"started_at":"2026-09-27T18:58:58.970Z","completed_at":null,"mode":"server","phase":"transferring","accepted_start_at":"2026-09-27T18:58:56.793Z","deadline_at":"2026-09-27T19:03:56.793Z","last_observed_at":"2026-09-27T18:59:05.889Z","execution_epoch":1,"reason_code":null,"claimed_status":null,"families":[{"family":"people","observed_unique":null,"staged_unique":2,"created_native":null,"already_present_verified":null,"rejected":null,"unresolved":null,"ledger":{"reconstructed":0,"skipped":0,"failed":0}}]},"queries":8,"pid":781}

      181 |       }
      182 |       // Query shapes, outcomes, fixture identifiers and process IDs only; never parameters.
    > 183 |       console.warn(
          |               ^
      184 |         'PG17_PROCESS',
      185 |         JSON.stringify({
      186 |           name,

      at settleWorker (test/utils/g2-s11-pg-harness.ts:183:15)
      at ChildProcess.<anonymous> (test/utils/g2-s11-pg-harness.ts:202:7)

  console.warn
    PG17_PROCESS {"name":"g2g_41","options":{"action":"pair-init","coach":"s11-coach-a","body":{},"host":"P1","role":"phone"},"result":{"pairing_code":"502434","expires_at":"2026-09-27T19:01:10.512Z","import_intent_id":"f5d9452e-1a87-48c9-b19a-20dc974dc0af"},"queries":11,"pid":822}

      181 |       }
      182 |       // Query shapes, outcomes, fixture identifiers and process IDs only; never parameters.
    > 183 |       console.warn(
          |               ^
      184 |         'PG17_PROCESS',
      185 |         JSON.stringify({
      186 |           name,

      at settleWorker (test/utils/g2-s11-pg-harness.ts:183:15)
      at ChildProcess.<anonymous> (test/utils/g2-s11-pg-harness.ts:202:7)

  console.warn
    PG17_PROCESS {"name":"g2g_42","options":{"action":"pair-redeem","coach":"unauthenticated","body":{"code":"502434"},"host":"P2","role":"ext"},"result":{"access_token":"synthetic-access-1","refresh_token":"synthetic-refresh-1","chosen_platform":"s11-label","import_intent_id":"f5d9452e-1a87-48c9-b19a-20dc974dc0af"},"queries":10,"pid":851}

      181 |       }
      182 |       // Query shapes, outcomes, fixture identifiers and process IDs only; never parameters.
    > 183 |       console.warn(
          |               ^
      184 |         'PG17_PROCESS',
      185 |         JSON.stringify({
      186 |           name,

      at settleWorker (test/utils/g2-s11-pg-harness.ts:183:15)
      at ChildProcess.<anonymous> (test/utils/g2-s11-pg-harness.ts:202:7)

  console.warn
    PG17_PROCESS {"name":"g2g_43","options":{"action":"start","coach":"s11-coach-a","intent":"f5d9452e-1a87-48c9-b19a-20dc974dc0af","host":"P2","role":"phone"},"result":{"intent_id":"f5d9452e-1a87-48c9-b19a-20dc974dc0af","mode":"server","phase":"discovering","execution_epoch":1,"accepted_start_at":"2026-09-27T18:59:15.030Z","deadline_at":"2026-09-27T19:04:15.030Z"},"queries":3,"pid":882}

      181 |       }
      182 |       // Query shapes, outcomes, fixture identifiers and process IDs only; never parameters.
    > 183 |       console.warn(
          |               ^
      184 |         'PG17_PROCESS',
      185 |         JSON.stringify({
      186 |           name,

      at settleWorker (test/utils/g2-s11-pg-harness.ts:183:15)
      at ChildProcess.<anonymous> (test/utils/g2-s11-pg-harness.ts:202:7)

  console.warn
    PG17_BLOCKED {"name":"g2g_45","rows":[{"type":"Lock","wait":"transactionid"}]}

      213 |       FROM pg_stat_activity WHERE application_name=${quote(name)} AND wait_event_type='Lock'`);
      214 |     if (rows.length > 0) {
    > 215 |       console.warn('PG17_BLOCKED', JSON.stringify({ name, rows }));
          |               ^
      216 |       return;
      217 |     }
      218 |     await new Promise((r) => setTimeout(r, 25));

      at Object.blocked (test/utils/g2-s11-pg-harness.ts:215:15)
      at Object.<anonymous> (test/scout/s11/journey-core.pg.spec.ts:400:5)

  console.warn
    PG17_PROCESS {"name":"g2g_44","options":{"action":"ingest","coach":"s11-coach-a","intent":"f5d9452e-1a87-48c9-b19a-20dc974dc0af","pause":"gated","txTimeout":30000,"host":"P1","role":"ext","body":{"entity_type":"people","entities":[{"sourceId":"p-1","payload":{"name":"Synthetic p-1"}},{"sourceId":"p-2","payload":{"name":"Synthetic p-2"}}]}},"result":{"received":2,"deduped":0},"queries":8,"pid":911}

      181 |       }
      182 |       // Query shapes, outcomes, fixture identifiers and process IDs only; never parameters.
    > 183 |       console.warn(
          |               ^
      184 |         'PG17_PROCESS',
      185 |         JSON.stringify({
      186 |           name,

      at settleWorker (test/utils/g2-s11-pg-harness.ts:183:15)
      at ChildProcess.<anonymous> (test/utils/g2-s11-pg-harness.ts:202:7)

  console.warn
    PG17_PROCESS {"name":"g2g_45","options":{"action":"cancel","coach":"s11-coach-a","intent":"f5d9452e-1a87-48c9-b19a-20dc974dc0af","host":"P2","role":"phone"},"result":{"intent_id":"f5d9452e-1a87-48c9-b19a-20dc974dc0af","status":"cancelled","execution_epoch":2},"queries":8,"pid":957}

      181 |       }
      182 |       // Query shapes, outcomes, fixture identifiers and process IDs only; never parameters.
    > 183 |       console.warn(
          |               ^
      184 |         'PG17_PROCESS',
      185 |         JSON.stringify({
      186 |           name,

      at settleWorker (test/utils/g2-s11-pg-harness.ts:183:15)
      at ChildProcess.<anonymous> (test/utils/g2-s11-pg-harness.ts:202:7)

  console.warn
    PG17_PROCESS {"name":"g2g_46","options":{"action":"pair-init","coach":"s11-coach-a","body":{},"host":"P2","role":"phone"},"result":{"pairing_code":"697786","expires_at":"2026-09-27T19:01:22.001Z","import_intent_id":"811018b1-3e09-40d1-a46e-492dfb6bf1d6"},"queries":11,"pid":1101}

      181 |       }
      182 |       // Query shapes, outcomes, fixture identifiers and process IDs only; never parameters.
    > 183 |       console.warn(
          |               ^
      184 |         'PG17_PROCESS',
      185 |         JSON.stringify({
      186 |           name,

      at settleWorker (test/utils/g2-s11-pg-harness.ts:183:15)
      at ChildProcess.<anonymous> (test/utils/g2-s11-pg-harness.ts:202:7)

  console.warn
    PG17_PROCESS {"name":"g2g_47","options":{"action":"pair-redeem","coach":"unauthenticated","body":{"code":"697786"},"host":"P1","role":"ext"},"result":{"access_token":"synthetic-access-1","refresh_token":"synthetic-refresh-1","chosen_platform":"s11-label","import_intent_id":"811018b1-3e09-40d1-a46e-492dfb6bf1d6"},"queries":10,"pid":1130}

      181 |       }
      182 |       // Query shapes, outcomes, fixture identifiers and process IDs only; never parameters.
    > 183 |       console.warn(
          |               ^
      184 |         'PG17_PROCESS',
      185 |         JSON.stringify({
      186 |           name,

      at settleWorker (test/utils/g2-s11-pg-harness.ts:183:15)
      at ChildProcess.<anonymous> (test/utils/g2-s11-pg-harness.ts:202:7)

  console.warn
    PG17_PROCESS {"name":"g2g_48","options":{"action":"start","coach":"s11-coach-a","intent":"811018b1-3e09-40d1-a46e-492dfb6bf1d6","host":"P1","role":"phone"},"result":{"intent_id":"811018b1-3e09-40d1-a46e-492dfb6bf1d6","mode":"server","phase":"discovering","execution_epoch":1,"accepted_start_at":"2026-09-27T18:59:26.274Z","deadline_at":"2026-09-27T19:04:26.274Z"},"queries":3,"pid":1159}

      181 |       }
      182 |       // Query shapes, outcomes, fixture identifiers and process IDs only; never parameters.
    > 183 |       console.warn(
          |               ^
      184 |         'PG17_PROCESS',
      185 |         JSON.stringify({
      186 |           name,

      at settleWorker (test/utils/g2-s11-pg-harness.ts:183:15)
      at ChildProcess.<anonymous> (test/utils/g2-s11-pg-harness.ts:202:7)

  console.warn
    PG17_BLOCKED {"name":"g2g_50","rows":[{"type":"Lock","wait":"transactionid"}]}

      213 |       FROM pg_stat_activity WHERE application_name=${quote(name)} AND wait_event_type='Lock'`);
      214 |     if (rows.length > 0) {
    > 215 |       console.warn('PG17_BLOCKED', JSON.stringify({ name, rows }));
          |               ^
      216 |       return;
      217 |     }
      218 |     await new Promise((r) => setTimeout(r, 25));

      at Object.blocked (test/utils/g2-s11-pg-harness.ts:215:15)
      at Object.<anonymous> (test/scout/s11/journey-core.pg.spec.ts:447:5)

  console.warn
    PG17_PROCESS {"name":"g2g_49","options":{"action":"cancel","coach":"s11-coach-a","intent":"811018b1-3e09-40d1-a46e-492dfb6bf1d6","pause":"locked","txTimeout":30000,"host":"P2","role":"phone"},"result":{"intent_id":"811018b1-3e09-40d1-a46e-492dfb6bf1d6","status":"cancelled","execution_epoch":2},"queries":8,"pid":1188}

      181 |       }
      182 |       // Query shapes, outcomes, fixture identifiers and process IDs only; never parameters.
    > 183 |       console.warn(
          |               ^
      184 |         'PG17_PROCESS',
      185 |         JSON.stringify({
      186 |           name,

      at settleWorker (test/utils/g2-s11-pg-harness.ts:183:15)
      at ChildProcess.<anonymous> (test/utils/g2-s11-pg-harness.ts:202:7)

  console.warn
    PG17_PROCESS {"name":"g2g_50","options":{"action":"ingest","coach":"s11-coach-a","intent":"811018b1-3e09-40d1-a46e-492dfb6bf1d6","host":"P1","role":"ext","body":{"entity_type":"people","entities":[{"sourceId":"p-3","payload":{"name":"Synthetic p-3"}}]}},"failure":{"status":409,"message":"The run for this intent is fenced; no further writes are accepted.","response":{"code":"run_fenced","message":"The run for this intent is fenced; no further writes are accepted.","fence_reason":"cancelled"}},"queries":8,"pid":1218}

      181 |       }
      182 |       // Query shapes, outcomes, fixture identifiers and process IDs only; never parameters.
    > 183 |       console.warn(
          |               ^
      184 |         'PG17_PROCESS',
      185 |         JSON.stringify({
      186 |           name,

      at settleWorker (test/utils/g2-s11-pg-harness.ts:183:15)
      at ChildProcess.<anonymous> (test/utils/g2-s11-pg-harness.ts:202:7)

  console.warn
    PG17_PROCESS {"name":"g2g_51","options":{"action":"cancel","coach":"s11-coach-a","intent":"811018b1-3e09-40d1-a46e-492dfb6bf1d6","host":"P1","role":"phone"},"result":{"intent_id":"811018b1-3e09-40d1-a46e-492dfb6bf1d6","status":"cancelled","execution_epoch":2},"queries":1,"pid":1350}

      181 |       }
      182 |       // Query shapes, outcomes, fixture identifiers and process IDs only; never parameters.
    > 183 |       console.warn(
          |               ^
      184 |         'PG17_PROCESS',
      185 |         JSON.stringify({
      186 |           name,

      at settleWorker (test/utils/g2-s11-pg-harness.ts:183:15)
      at ChildProcess.<anonymous> (test/utils/g2-s11-pg-harness.ts:202:7)

  console.warn
    PG17_PROCESS {"name":"g2g_52","options":{"action":"pair-init","coach":"s11-coach-a","body":{},"host":"P1","role":"phone"},"result":{"pairing_code":"731277","expires_at":"2026-09-27T19:01:35.424Z","import_intent_id":"ef2c6550-86f3-4407-a540-692b25187ebb"},"queries":11,"pid":1385}

      181 |       }
      182 |       // Query shapes, outcomes, fixture identifiers and process IDs only; never parameters.
    > 183 |       console.warn(
          |               ^
      184 |         'PG17_PROCESS',
      185 |         JSON.stringify({
      186 |           name,

      at settleWorker (test/utils/g2-s11-pg-harness.ts:183:15)
      at ChildProcess.<anonymous> (test/utils/g2-s11-pg-harness.ts:202:7)

  console.warn
    PG17_PROCESS {"name":"g2g_53","options":{"action":"pair-redeem","coach":"unauthenticated","body":{"code":"731277"},"host":"P2","role":"ext"},"result":{"access_token":"synthetic-access-1","refresh_token":"synthetic-refresh-1","chosen_platform":"s11-label","import_intent_id":"ef2c6550-86f3-4407-a540-692b25187ebb"},"queries":10,"pid":1415}

      181 |       }
      182 |       // Query shapes, outcomes, fixture identifiers and process IDs only; never parameters.
    > 183 |       console.warn(
          |               ^
      184 |         'PG17_PROCESS',
      185 |         JSON.stringify({
      186 |           name,

      at settleWorker (test/utils/g2-s11-pg-harness.ts:183:15)
      at ChildProcess.<anonymous> (test/utils/g2-s11-pg-harness.ts:202:7)

  console.warn
    PG17_PROCESS {"name":"g2g_54","options":{"action":"start","coach":"s11-coach-a","intent":"ef2c6550-86f3-4407-a540-692b25187ebb","deadlineMs":1,"host":"P1","role":"phone"},"result":{"intent_id":"ef2c6550-86f3-4407-a540-692b25187ebb","mode":"server","phase":"discovering","execution_epoch":1,"accepted_start_at":"2026-09-27T18:59:40.673Z","deadline_at":"2026-09-27T18:59:40.674Z"},"queries":3,"pid":1444}

      181 |       }
      182 |       // Query shapes, outcomes, fixture identifiers and process IDs only; never parameters.
    > 183 |       console.warn(
          |               ^
      184 |         'PG17_PROCESS',
      185 |         JSON.stringify({
      186 |           name,

      at settleWorker (test/utils/g2-s11-pg-harness.ts:183:15)
      at ChildProcess.<anonymous> (test/utils/g2-s11-pg-harness.ts:202:7)

  console.warn
    PG17_PROCESS {"name":"g2g_55","options":{"action":"status","coach":"s11-coach-a","intent":"ef2c6550-86f3-4407-a540-692b25187ebb","host":"P1","role":"phone"},"result":{"intent_id":"ef2c6550-86f3-4407-a540-692b25187ebb","status":"timed_out","entity_counts":[],"started_at":"2026-09-27T18:59:40.675Z","completed_at":"2026-09-27T18:59:44.044Z","mode":"server","phase":"discovering","accepted_start_at":"2026-09-27T18:59:40.673Z","deadline_at":"2026-09-27T18:59:40.674Z","last_observed_at":null,"execution_epoch":2,"reason_code":"deadline_exceeded","claimed_status":null,"families":[]},"queries":25,"pid":1476}

      181 |       }
      182 |       // Query shapes, outcomes, fixture identifiers and process IDs only; never parameters.
    > 183 |       console.warn(
          |               ^
      184 |         'PG17_PROCESS',
      185 |         JSON.stringify({
      186 |           name,

      at settleWorker (test/utils/g2-s11-pg-harness.ts:183:15)
      at ChildProcess.<anonymous> (test/utils/g2-s11-pg-harness.ts:202:7)

  console.warn
    PG17_PROCESS {"name":"g2g_56","options":{"action":"status","coach":"s11-coach-a","intent":"ef2c6550-86f3-4407-a540-692b25187ebb","host":"P2","role":"phone"},"result":{"intent_id":"ef2c6550-86f3-4407-a540-692b25187ebb","status":"timed_out","entity_counts":[],"started_at":"2026-09-27T18:59:40.675Z","completed_at":"2026-09-27T18:59:44.044Z","mode":"server","phase":"discovering","accepted_start_at":"2026-09-27T18:59:40.673Z","deadline_at":"2026-09-27T18:59:40.674Z","last_observed_at":null,"execution_epoch":2,"reason_code":"deadline_exceeded","claimed_status":null,"families":[]},"queries":17,"pid":1477}

      181 |       }
      182 |       // Query shapes, outcomes, fixture identifiers and process IDs only; never parameters.
    > 183 |       console.warn(
          |               ^
      184 |         'PG17_PROCESS',
      185 |         JSON.stringify({
      186 |           name,

      at settleWorker (test/utils/g2-s11-pg-harness.ts:183:15)
      at ChildProcess.<anonymous> (test/utils/g2-s11-pg-harness.ts:202:7)

  console.warn
    PG17_PROCESS {"name":"g2g_57","options":{"action":"status","coach":"s11-coach-a","intent":"ef2c6550-86f3-4407-a540-692b25187ebb","host":"P2","role":"phone"},"result":{"intent_id":"ef2c6550-86f3-4407-a540-692b25187ebb","status":"timed_out","entity_counts":[],"started_at":"2026-09-27T18:59:40.675Z","completed_at":"2026-09-27T18:59:44.044Z","mode":"server","phase":"discovering","accepted_start_at":"2026-09-27T18:59:40.673Z","deadline_at":"2026-09-27T18:59:40.674Z","last_observed_at":null,"execution_epoch":2,"reason_code":"deadline_exceeded","claimed_status":null,"families":[]},"queries":17,"pid":1538}

      181 |       }
      182 |       // Query shapes, outcomes, fixture identifiers and process IDs only; never parameters.
    > 183 |       console.warn(
          |               ^
      184 |         'PG17_PROCESS',
      185 |         JSON.stringify({
      186 |           name,

      at settleWorker (test/utils/g2-s11-pg-harness.ts:183:15)
      at ChildProcess.<anonymous> (test/utils/g2-s11-pg-harness.ts:202:7)

  console.warn
    PG17_PROCESS {"name":"g2g_58","options":{"action":"pair-init","coach":"s11-coach-a","body":{},"host":"P1","role":"phone"},"result":{"pairing_code":"459420","expires_at":"2026-09-27T19:01:48.450Z","import_intent_id":"6eac163a-2783-4150-98e7-775088df8c37"},"queries":11,"pid":1576}

      181 |       }
      182 |       // Query shapes, outcomes, fixture identifiers and process IDs only; never parameters.
    > 183 |       console.warn(
          |               ^
      184 |         'PG17_PROCESS',
      185 |         JSON.stringify({
      186 |           name,

      at settleWorker (test/utils/g2-s11-pg-harness.ts:183:15)
      at ChildProcess.<anonymous> (test/utils/g2-s11-pg-harness.ts:202:7)

  console.warn
    PG17_PROCESS {"name":"g2g_59","options":{"action":"pair-redeem","coach":"unauthenticated","body":{"code":"459420"},"host":"P2","role":"ext"},"result":{"access_token":"synthetic-access-1","refresh_token":"synthetic-refresh-1","chosen_platform":"s11-label","import_intent_id":"6eac163a-2783-4150-98e7-775088df8c37"},"queries":10,"pid":1606}

      181 |       }
      182 |       // Query shapes, outcomes, fixture identifiers and process IDs only; never parameters.
    > 183 |       console.warn(
          |               ^
      184 |         'PG17_PROCESS',
      185 |         JSON.stringify({
      186 |           name,

      at settleWorker (test/utils/g2-s11-pg-harness.ts:183:15)
      at ChildProcess.<anonymous> (test/utils/g2-s11-pg-harness.ts:202:7)

  console.warn
    PG17_PROCESS {"name":"g2g_60","options":{"action":"start","coach":"s11-coach-a","intent":"6eac163a-2783-4150-98e7-775088df8c37","host":"P2","role":"phone"},"result":{"intent_id":"6eac163a-2783-4150-98e7-775088df8c37","mode":"server","phase":"discovering","execution_epoch":1,"accepted_start_at":"2026-09-27T18:59:52.686Z","deadline_at":"2026-09-27T19:04:52.686Z"},"queries":3,"pid":1635}

      181 |       }
      182 |       // Query shapes, outcomes, fixture identifiers and process IDs only; never parameters.
    > 183 |       console.warn(
          |               ^
      184 |         'PG17_PROCESS',
      185 |         JSON.stringify({
      186 |           name,

      at settleWorker (test/utils/g2-s11-pg-harness.ts:183:15)
      at ChildProcess.<anonymous> (test/utils/g2-s11-pg-harness.ts:202:7)

  console.warn
    PG17_PROCESS {"name":"g2g_61","options":{"action":"ingest","coach":"s11-coach-a","intent":"6eac163a-2783-4150-98e7-775088df8c37","body":{"entity_type":"people","entities":[{"sourceId":"p-1","payload":{"name":"Synthetic p-1"}}]},"host":"P1","role":"ext"},"result":{"received":1,"deduped":0},"queries":8,"pid":1664}

      181 |       }
      182 |       // Query shapes, outcomes, fixture identifiers and process IDs only; never parameters.
    > 183 |       console.warn(
          |               ^
      184 |         'PG17_PROCESS',
      185 |         JSON.stringify({
      186 |           name,

      at settleWorker (test/utils/g2-s11-pg-harness.ts:183:15)
      at ChildProcess.<anonymous> (test/utils/g2-s11-pg-harness.ts:202:7)

  console.warn
    PG17_PROCESS {"name":"g2g_62","options":{"action":"progress","coach":"s11-coach-a","intent":"6eac163a-2783-4150-98e7-775088df8c37","body":{"flush":true},"host":"P2","role":"ext"},"result":{"recorded":true,"flushed":true},"queries":8,"pid":1694}

      181 |       }
      182 |       // Query shapes, outcomes, fixture identifiers and process IDs only; never parameters.
    > 183 |       console.warn(
          |               ^
      184 |         'PG17_PROCESS',
      185 |         JSON.stringify({
      186 |           name,

      at settleWorker (test/utils/g2-s11-pg-harness.ts:183:15)
      at ChildProcess.<anonymous> (test/utils/g2-s11-pg-harness.ts:202:7)

  console.warn
    PG17_PROCESS {"name":"g2g_63","options":{"action":"pair-init","coach":"s11-coach-b","body":{},"host":"P2","role":"phone"},"result":{"pairing_code":"971226","expires_at":"2026-09-27T19:01:59.515Z","import_intent_id":"ec47e105-27e5-4fe5-8d1a-6fbab6a5306e"},"queries":11,"pid":1726}

      181 |       }
      182 |       // Query shapes, outcomes, fixture identifiers and process IDs only; never parameters.
    > 183 |       console.warn(
          |               ^
      184 |         'PG17_PROCESS',
      185 |         JSON.stringify({
      186 |           name,

      at settleWorker (test/utils/g2-s11-pg-harness.ts:183:15)
      at ChildProcess.<anonymous> (test/utils/g2-s11-pg-harness.ts:202:7)

  console.warn
    PG17_PROCESS {"name":"g2g_64","options":{"action":"pair-redeem","coach":"unauthenticated","body":{"code":"971226"},"host":"P1","role":"ext"},"result":{"access_token":"synthetic-access-1","refresh_token":"synthetic-refresh-1","chosen_platform":"s11-label","import_intent_id":"ec47e105-27e5-4fe5-8d1a-6fbab6a5306e"},"queries":10,"pid":1756}

      181 |       }
      182 |       // Query shapes, outcomes, fixture identifiers and process IDs only; never parameters.
    > 183 |       console.warn(
          |               ^
      184 |         'PG17_PROCESS',
      185 |         JSON.stringify({
      186 |           name,

      at settleWorker (test/utils/g2-s11-pg-harness.ts:183:15)
      at ChildProcess.<anonymous> (test/utils/g2-s11-pg-harness.ts:202:7)

  console.warn
    PG17_PROCESS {"name":"g2g_65","options":{"action":"start","coach":"s11-coach-b","intent":"ec47e105-27e5-4fe5-8d1a-6fbab6a5306e","host":"P1","role":"phone"},"result":{"intent_id":"ec47e105-27e5-4fe5-8d1a-6fbab6a5306e","mode":"server","phase":"discovering","execution_epoch":1,"accepted_start_at":"2026-09-27T19:00:03.754Z","deadline_at":"2026-09-27T19:05:03.754Z"},"queries":3,"pid":1785}

      181 |       }
      182 |       // Query shapes, outcomes, fixture identifiers and process IDs only; never parameters.
    > 183 |       console.warn(
          |               ^
      184 |         'PG17_PROCESS',
      185 |         JSON.stringify({
      186 |           name,

      at settleWorker (test/utils/g2-s11-pg-harness.ts:183:15)
      at ChildProcess.<anonymous> (test/utils/g2-s11-pg-harness.ts:202:7)

  console.warn
    PG17_PROCESS {"name":"g2g_66","options":{"action":"ingest","coach":"s11-coach-b","intent":"ec47e105-27e5-4fe5-8d1a-6fbab6a5306e","body":{"entity_type":"people","entities":[{"sourceId":"q-1","payload":{"name":"Synthetic q-1"}}]},"host":"P2","role":"ext"},"result":{"received":1,"deduped":0},"queries":8,"pid":1814}

      181 |       }
      182 |       // Query shapes, outcomes, fixture identifiers and process IDs only; never parameters.
    > 183 |       console.warn(
          |               ^
      184 |         'PG17_PROCESS',
      185 |         JSON.stringify({
      186 |           name,

      at settleWorker (test/utils/g2-s11-pg-harness.ts:183:15)
      at ChildProcess.<anonymous> (test/utils/g2-s11-pg-harness.ts:202:7)

  console.warn
    PG17_PROCESS {"name":"g2g_67","options":{"action":"status","coach":"s11-coach-b","intent":"6eac163a-2783-4150-98e7-775088df8c37","host":"P1","role":"phone"},"failure":{"status":404,"message":"Not Found","response":{"message":"Not Found","statusCode":404}},"queries":6,"pid":1872}

      181 |       }
      182 |       // Query shapes, outcomes, fixture identifiers and process IDs only; never parameters.
    > 183 |       console.warn(
          |               ^
      184 |         'PG17_PROCESS',
      185 |         JSON.stringify({
      186 |           name,

      at settleWorker (test/utils/g2-s11-pg-harness.ts:183:15)
      at ChildProcess.<anonymous> (test/utils/g2-s11-pg-harness.ts:202:7)

  console.warn
    PG17_PROCESS {"name":"g2g_68","options":{"action":"status","coach":"s11-coach-b","intent":"00000000-0000-4000-8000-000000000000","host":"P2","role":"phone"},"failure":{"status":404,"message":"Not Found","response":{"message":"Not Found","statusCode":404}},"queries":6,"pid":1903}

      181 |       }
      182 |       // Query shapes, outcomes, fixture identifiers and process IDs only; never parameters.
    > 183 |       console.warn(
          |               ^
      184 |         'PG17_PROCESS',
      185 |         JSON.stringify({
      186 |           name,

      at settleWorker (test/utils/g2-s11-pg-harness.ts:183:15)
      at ChildProcess.<anonymous> (test/utils/g2-s11-pg-harness.ts:202:7)

  console.warn
    PG17_PROCESS {"name":"g2g_69","options":{"action":"start","coach":"s11-coach-b","intent":"6eac163a-2783-4150-98e7-775088df8c37","host":"P2","role":"phone"},"failure":{"status":404,"message":"Not Found","response":{"message":"Not Found","statusCode":404}},"queries":1,"pid":1933}

      181 |       }
      182 |       // Query shapes, outcomes, fixture identifiers and process IDs only; never parameters.
    > 183 |       console.warn(
          |               ^
      184 |         'PG17_PROCESS',
      185 |         JSON.stringify({
      186 |           name,

      at settleWorker (test/utils/g2-s11-pg-harness.ts:183:15)
      at ChildProcess.<anonymous> (test/utils/g2-s11-pg-harness.ts:202:7)

  console.warn
    PG17_PROCESS {"name":"g2g_70","options":{"action":"start","coach":"s11-coach-b","intent":"00000000-0000-4000-8000-000000000000","host":"P1","role":"phone"},"failure":{"status":404,"message":"Not Found","response":{"message":"Not Found","statusCode":404}},"queries":1,"pid":1963}

      181 |       }
      182 |       // Query shapes, outcomes, fixture identifiers and process IDs only; never parameters.
    > 183 |       console.warn(
          |               ^
      184 |         'PG17_PROCESS',
      185 |         JSON.stringify({
      186 |           name,

      at settleWorker (test/utils/g2-s11-pg-harness.ts:183:15)
      at ChildProcess.<anonymous> (test/utils/g2-s11-pg-harness.ts:202:7)

  console.warn
    PG17_PROCESS {"name":"g2g_71","options":{"action":"cancel","coach":"s11-coach-b","intent":"6eac163a-2783-4150-98e7-775088df8c37","host":"P1","role":"phone"},"failure":{"status":404,"message":"Not Found","response":{"message":"Not Found","statusCode":404}},"queries":1,"pid":2007}

      181 |       }
      182 |       // Query shapes, outcomes, fixture identifiers and process IDs only; never parameters.
    > 183 |       console.warn(
          |               ^
      184 |         'PG17_PROCESS',
      185 |         JSON.stringify({
      186 |           name,

      at settleWorker (test/utils/g2-s11-pg-harness.ts:183:15)
      at ChildProcess.<anonymous> (test/utils/g2-s11-pg-harness.ts:202:7)

  console.warn
    PG17_PROCESS {"name":"g2g_72","options":{"action":"cancel","coach":"s11-coach-b","intent":"00000000-0000-4000-8000-000000000000","host":"P2","role":"phone"},"failure":{"status":404,"message":"Not Found","response":{"message":"Not Found","statusCode":404}},"queries":1,"pid":2037}

      181 |       }
      182 |       // Query shapes, outcomes, fixture identifiers and process IDs only; never parameters.
    > 183 |       console.warn(
          |               ^
      184 |         'PG17_PROCESS',
      185 |         JSON.stringify({
      186 |           name,

      at settleWorker (test/utils/g2-s11-pg-harness.ts:183:15)
      at ChildProcess.<anonymous> (test/utils/g2-s11-pg-harness.ts:202:7)

  console.warn
    PG17_PROCESS {"name":"g2g_73","options":{"action":"pair-session","coach":"s11-coach-b","intent":"6eac163a-2783-4150-98e7-775088df8c37","host":"P2","role":"phone"},"failure":{"status":404,"message":"Pairing session not found. Create a new pairing code.","response":{"message":"Pairing session not found. Create a new pairing code.","error":"Not Found","statusCode":404}},"queries":1,"pid":2066}

      181 |       }
      182 |       // Query shapes, outcomes, fixture identifiers and process IDs only; never parameters.
    > 183 |       console.warn(
          |               ^
      184 |         'PG17_PROCESS',
      185 |         JSON.stringify({
      186 |           name,

      at settleWorker (test/utils/g2-s11-pg-harness.ts:183:15)
      at ChildProcess.<anonymous> (test/utils/g2-s11-pg-harness.ts:202:7)

  console.warn
    PG17_PROCESS {"name":"g2g_74","options":{"action":"pair-session","coach":"s11-coach-b","intent":"00000000-0000-4000-8000-000000000000","host":"P1","role":"phone"},"failure":{"status":404,"message":"Pairing session not found. Create a new pairing code.","response":{"message":"Pairing session not found. Create a new pairing code.","error":"Not Found","statusCode":404}},"queries":1,"pid":2095}

      181 |       }
      182 |       // Query shapes, outcomes, fixture identifiers and process IDs only; never parameters.
    > 183 |       console.warn(
          |               ^
      184 |         'PG17_PROCESS',
      185 |         JSON.stringify({
      186 |           name,

      at settleWorker (test/utils/g2-s11-pg-harness.ts:183:15)
      at ChildProcess.<anonymous> (test/utils/g2-s11-pg-harness.ts:202:7)

  console.warn
    PG17_PROCESS {"name":"g2g_75","options":{"action":"roster","coach":"s11-coach-b","intent":"6eac163a-2783-4150-98e7-775088df8c37","host":"P1","role":"phone"},"failure":{"status":404,"message":"Not Found","response":{"message":"Not Found","statusCode":404}},"queries":6,"pid":2124}

      181 |       }
      182 |       // Query shapes, outcomes, fixture identifiers and process IDs only; never parameters.
    > 183 |       console.warn(
          |               ^
      184 |         'PG17_PROCESS',
      185 |         JSON.stringify({
      186 |           name,

      at settleWorker (test/utils/g2-s11-pg-harness.ts:183:15)
      at ChildProcess.<anonymous> (test/utils/g2-s11-pg-harness.ts:202:7)

  console.warn
    PG17_PROCESS {"name":"g2g_76","options":{"action":"roster","coach":"s11-coach-b","intent":"00000000-0000-4000-8000-000000000000","host":"P2","role":"phone"},"failure":{"status":404,"message":"Not Found","response":{"message":"Not Found","statusCode":404}},"queries":6,"pid":2153}

      181 |       }
      182 |       // Query shapes, outcomes, fixture identifiers and process IDs only; never parameters.
    > 183 |       console.warn(
          |               ^
      184 |         'PG17_PROCESS',
      185 |         JSON.stringify({
      186 |           name,

      at settleWorker (test/utils/g2-s11-pg-harness.ts:183:15)
      at ChildProcess.<anonymous> (test/utils/g2-s11-pg-harness.ts:202:7)

  console.warn
    PG17_PROCESS {"name":"g2g_77","options":{"action":"entities","coach":"s11-coach-b","intent":"6eac163a-2783-4150-98e7-775088df8c37","body":{"family":"workouts"},"host":"P2","role":"phone"},"failure":{"status":404,"message":"Not Found","response":{"message":"Not Found","statusCode":404}},"queries":6,"pid":2207}

      181 |       }
      182 |       // Query shapes, outcomes, fixture identifiers and process IDs only; never parameters.
    > 183 |       console.warn(
          |               ^
      184 |         'PG17_PROCESS',
      185 |         JSON.stringify({
      186 |           name,

      at settleWorker (test/utils/g2-s11-pg-harness.ts:183:15)
      at ChildProcess.<anonymous> (test/utils/g2-s11-pg-harness.ts:202:7)

  console.warn
    PG17_PROCESS {"name":"g2g_78","options":{"action":"entities","coach":"s11-coach-b","intent":"00000000-0000-4000-8000-000000000000","body":{"family":"workouts"},"host":"P1","role":"phone"},"failure":{"status":404,"message":"Not Found","response":{"message":"Not Found","statusCode":404}},"queries":6,"pid":2236}

      181 |       }
      182 |       // Query shapes, outcomes, fixture identifiers and process IDs only; never parameters.
    > 183 |       console.warn(
          |               ^
      184 |         'PG17_PROCESS',
      185 |         JSON.stringify({
      186 |           name,

      at settleWorker (test/utils/g2-s11-pg-harness.ts:183:15)
      at ChildProcess.<anonymous> (test/utils/g2-s11-pg-harness.ts:202:7)

  console.warn
    PG17_PROCESS {"name":"g2g_79","options":{"action":"progress","coach":"s11-coach-b","intent":"6eac163a-2783-4150-98e7-775088df8c37","body":{"flush":true},"host":"P1","role":"ext"},"result":{"recorded":true,"flushed":true},"queries":3,"pid":2265}

      181 |       }
      182 |       // Query shapes, outcomes, fixture identifiers and process IDs only; never parameters.
    > 183 |       console.warn(
          |               ^
      184 |         'PG17_PROCESS',
      185 |         JSON.stringify({
      186 |           name,

      at settleWorker (test/utils/g2-s11-pg-harness.ts:183:15)
      at ChildProcess.<anonymous> (test/utils/g2-s11-pg-harness.ts:202:7)

  console.warn
    PG17_PROCESS {"name":"g2g_80","options":{"action":"complete","coach":"s11-coach-b","intent":"ec47e105-27e5-4fe5-8d1a-6fbab6a5306e","body":{"terminal_status":"success"},"host":"P2","role":"ext"},"result":{"acknowledged":true,"intent_id":"ec47e105-27e5-4fe5-8d1a-6fbab6a5306e"},"queries":39,"pid":2295}

      181 |       }
      182 |       // Query shapes, outcomes, fixture identifiers and process IDs only; never parameters.
    > 183 |       console.warn(
          |               ^
      184 |         'PG17_PROCESS',
      185 |         JSON.stringify({
      186 |           name,

      at settleWorker (test/utils/g2-s11-pg-harness.ts:183:15)
      at ChildProcess.<anonymous> (test/utils/g2-s11-pg-harness.ts:202:7)

  console.warn
    PG17_PROCESS {"name":"g2g_81","options":{"action":"status","coach":"s11-coach-b","intent":"6eac163a-2783-4150-98e7-775088df8c37","host":"P2","role":"phone"},"result":{"intent_id":"6eac163a-2783-4150-98e7-775088df8c37","status":"running","entity_counts":[],"started_at":"2026-09-27T19:00:35.941Z","completed_at":null,"mode":"legacy","phase":null,"accepted_start_at":null,"deadline_at":null,"last_observed_at":null,"execution_epoch":1,"reason_code":null,"claimed_status":null,"families":[]},"queries":6,"pid":2389}

      181 |       }
      182 |       // Query shapes, outcomes, fixture identifiers and process IDs only; never parameters.
    > 183 |       console.warn(
          |               ^
      184 |         'PG17_PROCESS',
      185 |         JSON.stringify({
      186 |           name,

      at settleWorker (test/utils/g2-s11-pg-harness.ts:183:15)
      at ChildProcess.<anonymous> (test/utils/g2-s11-pg-harness.ts:202:7)

  console.warn
    PG17_PROCESS {"name":"g2g_82","options":{"action":"status","coach":"s11-coach-a","intent":"6eac163a-2783-4150-98e7-775088df8c37","host":"P1","role":"phone"},"result":{"intent_id":"6eac163a-2783-4150-98e7-775088df8c37","status":"running","entity_counts":[{"entity_type":"people","committed":1}],"started_at":"2026-09-27T18:59:54.808Z","completed_at":null,"mode":"server","phase":"transferring","accepted_start_at":"2026-09-27T18:59:52.686Z","deadline_at":"2026-09-27T19:04:52.686Z","last_observed_at":"2026-09-27T18:59:57.339Z","execution_epoch":1,"reason_code":null,"claimed_status":null,"families":[{"family":"people","observed_unique":null,"staged_unique":1,"created_native":null,"already_present_verified":null,"rejected":null,"unresolved":null,"ledger":{"reconstructed":0,"skipped":0,"failed":0}}]},"queries":8,"pid":2421}

      181 |       }
      182 |       // Query shapes, outcomes, fixture identifiers and process IDs only; never parameters.
    > 183 |       console.warn(
          |               ^
      184 |         'PG17_PROCESS',
      185 |         JSON.stringify({
      186 |           name,

      at settleWorker (test/utils/g2-s11-pg-harness.ts:183:15)
      at ChildProcess.<anonymous> (test/utils/g2-s11-pg-harness.ts:202:7)

  console.warn
    PG17_PROCESS {"name":"g2g_83","options":{"action":"status","coach":"s11-coach-a","intent":"6eac163a-2783-4150-98e7-775088df8c37","host":"P2","role":"phone"},"result":{"intent_id":"6eac163a-2783-4150-98e7-775088df8c37","status":"running","entity_counts":[{"entity_type":"people","committed":1}],"started_at":"2026-09-27T18:59:54.808Z","completed_at":null,"mode":"server","phase":"transferring","accepted_start_at":"2026-09-27T18:59:52.686Z","deadline_at":"2026-09-27T19:04:52.686Z","last_observed_at":"2026-09-27T18:59:57.339Z","execution_epoch":1,"reason_code":null,"claimed_status":null,"families":[{"family":"people","observed_unique":null,"staged_unique":1,"created_native":null,"already_present_verified":null,"rejected":null,"unresolved":null,"ledger":{"reconstructed":0,"skipped":0,"failed":0}}]},"queries":8,"pid":2451}

      181 |       }
      182 |       // Query shapes, outcomes, fixture identifiers and process IDs only; never parameters.
    > 183 |       console.warn(
          |               ^
      184 |         'PG17_PROCESS',
      185 |         JSON.stringify({
      186 |           name,

      at settleWorker (test/utils/g2-s11-pg-harness.ts:183:15)
      at ChildProcess.<anonymous> (test/utils/g2-s11-pg-harness.ts:202:7)

PASS test/scout/s11/journey-core.pg.spec.ts (229.322 s)
  S11-A1 journey core — two hosts over one disposable PG (J01-J08)
    ✓ J01: init on P1 (phone), redeem on P2 (ext), current on P1 is paired, Start on P2 creates one run; replayed Start on P1 is identical (38304 ms)
    ✓ J02 (+ steps 9-11): batches alternate P1/P2, claim on P1, one terminal write; P2 status equals P1 byte for byte; the native review reads agree across hosts (41462 ms)
    ✓ J03 (G2): a snapshot posted to P1 and read on P2 before P1 flushes — truth fields current, mirror absent (never zeroed); after the flush the mirror holds the posted counts (15004 ms)
    ✓ J04: P1 is killed with its snapshot pending — status on P2 still returns the truth fields; nothing becomes 0 or terminal (17991 ms)
    ✓ J05: cancel (phone) on P2 while ext ingests on P1 — batch-then-fence, or refused run_fenced; terminal cancelled once; no deadlock (24955 ms)
    ✓ J06: a short deadline elapses with no host touching the run; the first status read on either host fences timed_out once; the concurrent read on the other host sees the same terminal (13229 ms)
    ✓ J07: coach B interleaves on P1/P2 — cross-coach 404 operations are uniform, B's /progress is 204 with no foreign write; A's run and rows are exactly unchanged (58528 ms)
    ✓ J08: across J01-J07 no call reached a client-directed channel; at most one coach import.complete push per run, asserted on the call (242 ms)

Test Suites: 1 passed, 1 total
Tests:       8 passed, 8 total
Snapshots:   0 total
Time:        229.556 s
Ran all test suites within paths "test/scout/s11/journey-core.pg.spec.ts".
