2026-09-27 18:55:27.185 UTC [30354] LOG:  starting PostgreSQL 17.6 on x86_64-pc-linux-gnu, compiled by gcc (Ubuntu 7.5.0-3ubuntu1~18.04) 7.5.0, 64-bit
2026-09-27 18:55:27.185 UTC [30354] LOG:  listening on IPv4 address "127.0.0.1", port 55650
2026-09-27 18:55:27.185 UTC [30354] LOG:  listening on Unix socket "/home/user/workspace/execution/42d8c5b5/proof-scratch/s11-s11-v1-27758/s/.s.PGSQL.55650"
2026-09-27 18:55:27.186 UTC [30357] LOG:  database system was shut down at 2026-09-27 18:55:22 UTC
2026-09-27 18:55:27.188 UTC [30354] LOG:  database system is ready to accept connections
2026-09-27 18:56:18.634 UTC [31431] ERROR:  permission denied for table ScoutRunDeclaration
2026-09-27 18:56:18.634 UTC [31431] STATEMENT:  SELECT count(*) FROM "ScoutRunDeclaration"
2026-09-27 18:56:18.651 UTC [31433] ERROR:  permission denied for table ScoutRunObservation
2026-09-27 18:56:18.651 UTC [31433] STATEMENT:  SELECT count(*) FROM "ScoutRunObservation"
2026-09-27 18:56:18.669 UTC [31435] ERROR:  permission denied for table ScoutRunSettledBasis
2026-09-27 18:56:18.669 UTC [31435] STATEMENT:  SELECT count(*) FROM "ScoutRunSettledBasis"
2026-09-27 18:56:18.743 UTC [31445] ERROR:  permission denied for table ScoutRunDeclaration
2026-09-27 18:56:18.743 UTC [31445] STATEMENT:  SELECT count(*) FROM "ScoutRunDeclaration"
2026-09-27 18:56:18.756 UTC [31447] ERROR:  permission denied for table ScoutRunObservation
2026-09-27 18:56:18.756 UTC [31447] STATEMENT:  SELECT count(*) FROM "ScoutRunObservation"
2026-09-27 18:56:18.769 UTC [31449] ERROR:  permission denied for table ScoutRunSettledBasis
2026-09-27 18:56:18.769 UTC [31449] STATEMENT:  SELECT count(*) FROM "ScoutRunSettledBasis"
2026-09-27 19:00:27.286 UTC [30355] LOG:  checkpoint starting: time
2026-09-27 19:02:58.601 UTC [4570] ERROR:  duplicate key value violates unique constraint "ScoutImportCompletion_coach_id_intent_id_key"
2026-09-27 19:02:58.601 UTC [4570] DETAIL:  Key (coach_id, intent_id)=(s11b-coach-a, 465151e2-e914-4c83-b7a5-2a5afadcb4ca) already exists.
2026-09-27 19:02:58.601 UTC [4570] STATEMENT:  INSERT INTO "public"."ScoutImportCompletion" ("id","coach_id","intent_id","terminal_status","completed_at") VALUES ($1,$2,$3,$4,$5) RETURNING "public"."ScoutImportCompletion"."id", "public"."ScoutImportCompletion"."coach_id", "public"."ScoutImportCompletion"."intent_id", "public"."ScoutImportCompletion"."terminal_status", "public"."ScoutImportCompletion"."final_counts", "public"."ScoutImportCompletion"."error_summary", "public"."ScoutImportCompletion"."completed_at"
2026-09-27 19:03:35.955 UTC [30355] LOG:  checkpoint complete: wrote 1886 buffers (11.5%); 0 WAL file(s) added, 0 removed, 1 recycled; write=188.668 s, sync=0.001 s, total=188.670 s; sync files=0, longest=0.000 s, average=0.000 s; distance=14408 kB, estimate=14408 kB; lsn=0/2305330, redo lsn=0/22EB5C0
2026-09-27 19:03:42.859 UTC [5282] ERROR:  duplicate key value violates unique constraint "ScoutImportCompletion_coach_id_intent_id_key"
2026-09-27 19:03:42.859 UTC [5282] DETAIL:  Key (coach_id, intent_id)=(s11b-coach-a, a3fb93db-cd73-40f6-8bcb-fc9ce810bf2e) already exists.
2026-09-27 19:03:42.859 UTC [5282] STATEMENT:  INSERT INTO "public"."ScoutImportCompletion" ("id","coach_id","intent_id","terminal_status","completed_at") VALUES ($1,$2,$3,$4,$5) RETURNING "public"."ScoutImportCompletion"."id", "public"."ScoutImportCompletion"."coach_id", "public"."ScoutImportCompletion"."intent_id", "public"."ScoutImportCompletion"."terminal_status", "public"."ScoutImportCompletion"."final_counts", "public"."ScoutImportCompletion"."error_summary", "public"."ScoutImportCompletion"."completed_at"
2026-09-27 19:04:21.863 UTC [5888] ERROR:  duplicate key value violates unique constraint "ScoutImportCompletion_coach_id_intent_id_key"
2026-09-27 19:04:21.863 UTC [5888] DETAIL:  Key (coach_id, intent_id)=(s11b-coach-a, 132428d6-95f1-46c1-a251-67a081d5127a) already exists.
2026-09-27 19:04:21.863 UTC [5888] STATEMENT:  INSERT INTO "public"."ScoutImportCompletion" ("id","coach_id","intent_id","terminal_status","completed_at") VALUES ($1,$2,$3,$4,$5) RETURNING "public"."ScoutImportCompletion"."id", "public"."ScoutImportCompletion"."coach_id", "public"."ScoutImportCompletion"."intent_id", "public"."ScoutImportCompletion"."terminal_status", "public"."ScoutImportCompletion"."final_counts", "public"."ScoutImportCompletion"."error_summary", "public"."ScoutImportCompletion"."completed_at"
2026-09-27 19:04:22.021 UTC [5898] ERROR:  duplicate key value violates unique constraint "ScoutImportCompletion_coach_id_intent_id_key"
2026-09-27 19:04:22.021 UTC [5898] DETAIL:  Key (coach_id, intent_id)=(s11b-coach-a, 132428d6-95f1-46c1-a251-67a081d5127a) already exists.
2026-09-27 19:04:22.021 UTC [5898] STATEMENT:  INSERT INTO "public"."ScoutImportCompletion" ("id","coach_id","intent_id","terminal_status","completed_at") VALUES ($1,$2,$3,$4,$5) RETURNING "public"."ScoutImportCompletion"."id", "public"."ScoutImportCompletion"."coach_id", "public"."ScoutImportCompletion"."intent_id", "public"."ScoutImportCompletion"."terminal_status", "public"."ScoutImportCompletion"."final_counts", "public"."ScoutImportCompletion"."error_summary", "public"."ScoutImportCompletion"."completed_at"
2026-09-27 19:04:22.138 UTC [5898] ERROR:  could not serialize access due to concurrent update
2026-09-27 19:04:22.138 UTC [5898] STATEMENT:  
	      SELECT execution_epoch, terminal_status, fenced_at, fence_reason, deadline_at,
	             accepted_start_at
	        FROM "ScoutImport"
	       WHERE coach_id = $1 AND intent_id = $2 AND mode = 'server'
	       FOR NO KEY UPDATE
2026-09-27 19:04:59.934 UTC [6481] ERROR:  duplicate key value violates unique constraint "ScoutImportCompletion_coach_id_intent_id_key"
2026-09-27 19:04:59.934 UTC [6481] DETAIL:  Key (coach_id, intent_id)=(s11b-coach-a, a2e3f5c6-a15d-4c87-91b2-2794d025eac7) already exists.
2026-09-27 19:04:59.934 UTC [6481] STATEMENT:  INSERT INTO "public"."ScoutImportCompletion" ("id","coach_id","intent_id","terminal_status","completed_at") VALUES ($1,$2,$3,$4,$5) RETURNING "public"."ScoutImportCompletion"."id", "public"."ScoutImportCompletion"."coach_id", "public"."ScoutImportCompletion"."intent_id", "public"."ScoutImportCompletion"."terminal_status", "public"."ScoutImportCompletion"."final_counts", "public"."ScoutImportCompletion"."error_summary", "public"."ScoutImportCompletion"."completed_at"
2026-09-27 19:05:28.053 UTC [30355] LOG:  checkpoint starting: time
2026-09-27 19:05:35.972 UTC [30355] LOG:  checkpoint complete: wrote 80 buffers (0.5%); 0 WAL file(s) added, 0 removed, 0 recycled; write=7.919 s, sync=0.001 s, total=7.919 s; sync files=0, longest=0.000 s, average=0.000 s; distance=223 kB, estimate=12989 kB; lsn=0/2324450, redo lsn=0/23235A0
2026-09-27 19:06:09.269 UTC [7617] ERROR:  duplicate key value violates unique constraint "ScoutImportCompletion_coach_id_intent_id_key"
2026-09-27 19:06:09.269 UTC [7617] DETAIL:  Key (coach_id, intent_id)=(s11b-coach-a, 22e01147-979f-4bec-b4e0-3ab606299646) already exists.
2026-09-27 19:06:09.269 UTC [7617] STATEMENT:  INSERT INTO "public"."ScoutImportCompletion" ("id","coach_id","intent_id","terminal_status","completed_at") VALUES ($1,$2,$3,$4,$5) RETURNING "public"."ScoutImportCompletion"."id", "public"."ScoutImportCompletion"."coach_id", "public"."ScoutImportCompletion"."intent_id", "public"."ScoutImportCompletion"."terminal_status", "public"."ScoutImportCompletion"."final_counts", "public"."ScoutImportCompletion"."error_summary", "public"."ScoutImportCompletion"."completed_at"
2026-09-27 19:08:26.510 UTC [9684] ERROR:  duplicate key value violates unique constraint "ScoutImportCompletion_coach_id_intent_id_key"
2026-09-27 19:08:26.510 UTC [9684] DETAIL:  Key (coach_id, intent_id)=(s11d-coach-clean, fad8f6dc-f5a3-4695-8736-b383fa0a59d1) already exists.
2026-09-27 19:08:26.510 UTC [9684] STATEMENT:  INSERT INTO "public"."ScoutImportCompletion" ("id","coach_id","intent_id","terminal_status","completed_at") VALUES ($1,$2,$3,$4,$5) RETURNING "public"."ScoutImportCompletion"."id", "public"."ScoutImportCompletion"."coach_id", "public"."ScoutImportCompletion"."intent_id", "public"."ScoutImportCompletion"."terminal_status", "public"."ScoutImportCompletion"."final_counts", "public"."ScoutImportCompletion"."error_summary", "public"."ScoutImportCompletion"."completed_at"
2026-09-27 19:09:16.087 UTC [30354] LOG:  received fast shutdown request
2026-09-27 19:09:16.087 UTC [30354] LOG:  aborting any active transactions
2026-09-27 19:09:16.089 UTC [30354] LOG:  background worker "logical replication launcher" (PID 30360) exited with exit code 1
2026-09-27 19:09:16.090 UTC [30355] LOG:  shutting down
2026-09-27 19:09:16.090 UTC [30355] LOG:  checkpoint starting: shutdown immediate
2026-09-27 19:09:16.092 UTC [30355] LOG:  checkpoint complete: wrote 100 buffers (0.6%); 0 WAL file(s) added, 0 removed, 0 recycled; write=0.003 s, sync=0.001 s, total=0.003 s; sync files=0, longest=0.000 s, average=0.000 s; distance=157 kB, estimate=11706 kB; lsn=0/234AAA0, redo lsn=0/234AAA0
2026-09-27 19:09:16.098 UTC [30354] LOG:  database system is shut down
