2026-09-27 20:50:59.397 UTC [3717] LOG:  starting PostgreSQL 17.6 on x86_64-pc-linux-gnu, compiled by gcc (Ubuntu 7.5.0-3ubuntu1~18.04) 7.5.0, 64-bit
2026-09-27 20:50:59.397 UTC [3717] LOG:  listening on IPv4 address "127.0.0.1", port 55650
2026-09-27 20:50:59.397 UTC [3717] LOG:  listening on Unix socket "/home/runner/work/_temp/lane-s11-settle-redrive-3555/s/.s.PGSQL.55650"
2026-09-27 20:50:59.399 UTC [3720] LOG:  database system was shut down at 2026-09-27 20:50:59 UTC
2026-09-27 20:50:59.401 UTC [3717] LOG:  database system is ready to accept connections
2026-09-27 20:51:54.370 UTC [4420] ERROR:  duplicate key value violates unique constraint "ScoutImportCompletion_coach_id_intent_id_key"
2026-09-27 20:51:54.370 UTC [4420] DETAIL:  Key (coach_id, intent_id)=(s11b-coach-a, d9ee1f8a-3fff-4496-a9c7-9e22c84f38c0) already exists.
2026-09-27 20:51:54.370 UTC [4420] STATEMENT:  INSERT INTO "public"."ScoutImportCompletion" ("id","coach_id","intent_id","terminal_status","completed_at") VALUES ($1,$2,$3,$4,$5) RETURNING "public"."ScoutImportCompletion"."id", "public"."ScoutImportCompletion"."coach_id", "public"."ScoutImportCompletion"."intent_id", "public"."ScoutImportCompletion"."terminal_status", "public"."ScoutImportCompletion"."final_counts", "public"."ScoutImportCompletion"."error_summary", "public"."ScoutImportCompletion"."completed_at"
2026-09-27 20:52:39.760 UTC [4936] ERROR:  duplicate key value violates unique constraint "ScoutImportCompletion_coach_id_intent_id_key"
2026-09-27 20:52:39.760 UTC [4936] DETAIL:  Key (coach_id, intent_id)=(s11b-coach-a, e881b268-5f71-4aa9-bc00-fe6935be6a69) already exists.
2026-09-27 20:52:39.760 UTC [4936] STATEMENT:  INSERT INTO "public"."ScoutImportCompletion" ("id","coach_id","intent_id","terminal_status","completed_at") VALUES ($1,$2,$3,$4,$5) RETURNING "public"."ScoutImportCompletion"."id", "public"."ScoutImportCompletion"."coach_id", "public"."ScoutImportCompletion"."intent_id", "public"."ScoutImportCompletion"."terminal_status", "public"."ScoutImportCompletion"."final_counts", "public"."ScoutImportCompletion"."error_summary", "public"."ScoutImportCompletion"."completed_at"
2026-09-27 20:53:18.593 UTC [5358] ERROR:  duplicate key value violates unique constraint "ScoutImportCompletion_coach_id_intent_id_key"
2026-09-27 20:53:18.593 UTC [5358] DETAIL:  Key (coach_id, intent_id)=(s11b-coach-a, c236b132-eccb-4918-a3dd-0145917a086c) already exists.
2026-09-27 20:53:18.593 UTC [5358] STATEMENT:  INSERT INTO "public"."ScoutImportCompletion" ("id","coach_id","intent_id","terminal_status","completed_at") VALUES ($1,$2,$3,$4,$5) RETURNING "public"."ScoutImportCompletion"."id", "public"."ScoutImportCompletion"."coach_id", "public"."ScoutImportCompletion"."intent_id", "public"."ScoutImportCompletion"."terminal_status", "public"."ScoutImportCompletion"."final_counts", "public"."ScoutImportCompletion"."error_summary", "public"."ScoutImportCompletion"."completed_at"
2026-09-27 20:53:18.646 UTC [5360] ERROR:  duplicate key value violates unique constraint "ScoutImportCompletion_coach_id_intent_id_key"
2026-09-27 20:53:18.646 UTC [5360] DETAIL:  Key (coach_id, intent_id)=(s11b-coach-a, c236b132-eccb-4918-a3dd-0145917a086c) already exists.
2026-09-27 20:53:18.646 UTC [5360] STATEMENT:  INSERT INTO "public"."ScoutImportCompletion" ("id","coach_id","intent_id","terminal_status","completed_at") VALUES ($1,$2,$3,$4,$5) RETURNING "public"."ScoutImportCompletion"."id", "public"."ScoutImportCompletion"."coach_id", "public"."ScoutImportCompletion"."intent_id", "public"."ScoutImportCompletion"."terminal_status", "public"."ScoutImportCompletion"."final_counts", "public"."ScoutImportCompletion"."error_summary", "public"."ScoutImportCompletion"."completed_at"
2026-09-27 20:53:18.792 UTC [5358] ERROR:  could not serialize access due to concurrent update
2026-09-27 20:53:18.792 UTC [5358] STATEMENT:  
	      SELECT execution_epoch, terminal_status, fenced_at, fence_reason, deadline_at,
	             accepted_start_at
	        FROM "ScoutImport"
	       WHERE coach_id = $1 AND intent_id = $2 AND mode = 'server'
	       FOR NO KEY UPDATE
2026-09-27 20:53:56.898 UTC [5773] ERROR:  duplicate key value violates unique constraint "ScoutImportCompletion_coach_id_intent_id_key"
2026-09-27 20:53:56.898 UTC [5773] DETAIL:  Key (coach_id, intent_id)=(s11b-coach-a, 2ac1b10b-8344-43d4-9511-78a259be27e8) already exists.
2026-09-27 20:53:56.898 UTC [5773] STATEMENT:  INSERT INTO "public"."ScoutImportCompletion" ("id","coach_id","intent_id","terminal_status","completed_at") VALUES ($1,$2,$3,$4,$5) RETURNING "public"."ScoutImportCompletion"."id", "public"."ScoutImportCompletion"."coach_id", "public"."ScoutImportCompletion"."intent_id", "public"."ScoutImportCompletion"."terminal_status", "public"."ScoutImportCompletion"."final_counts", "public"."ScoutImportCompletion"."error_summary", "public"."ScoutImportCompletion"."completed_at"
2026-09-27 20:55:09.089 UTC [6618] ERROR:  duplicate key value violates unique constraint "ScoutImportCompletion_coach_id_intent_id_key"
2026-09-27 20:55:09.089 UTC [6618] DETAIL:  Key (coach_id, intent_id)=(s11b-coach-a, 7574fe89-e45c-4ccd-9a8d-5f7d46952a49) already exists.
2026-09-27 20:55:09.089 UTC [6618] STATEMENT:  INSERT INTO "public"."ScoutImportCompletion" ("id","coach_id","intent_id","terminal_status","completed_at") VALUES ($1,$2,$3,$4,$5) RETURNING "public"."ScoutImportCompletion"."id", "public"."ScoutImportCompletion"."coach_id", "public"."ScoutImportCompletion"."intent_id", "public"."ScoutImportCompletion"."terminal_status", "public"."ScoutImportCompletion"."final_counts", "public"."ScoutImportCompletion"."error_summary", "public"."ScoutImportCompletion"."completed_at"
2026-09-27 20:55:09.661 UTC [3717] LOG:  received fast shutdown request
2026-09-27 20:55:09.661 UTC [3717] LOG:  aborting any active transactions
2026-09-27 20:55:09.662 UTC [3717] LOG:  background worker "logical replication launcher" (PID 3723) exited with exit code 1
2026-09-27 20:55:09.663 UTC [3718] LOG:  shutting down
2026-09-27 20:55:09.663 UTC [3718] LOG:  checkpoint starting: shutdown immediate
2026-09-27 20:55:09.675 UTC [3718] LOG:  checkpoint complete: wrote 1873 buffers (11.4%); 0 WAL file(s) added, 0 removed, 1 recycled; write=0.012 s, sync=0.001 s, total=0.013 s; sync files=0, longest=0.000 s, average=0.000 s; distance=14551 kB, estimate=14551 kB; lsn=0/230F3A8, redo lsn=0/230F3A8
2026-09-27 20:55:09.684 UTC [3717] LOG:  database system is shut down
