2026-09-25T22:15:23Z ACQUIRED pid=21509 fd9 inode=667698 waited=0s lslocks=1 donor=/home/user/workspace/worktrees/1910a060-s8f/node_modules prefix=/home/user/workspace/execution/1910a060/runtime/tools/prettier-3.9.9
2026-09-25T22:15:23Z node=v20.20.1 npm=10.8.2
2026-09-25T22:15:23Z NM_REUSE attempt-1 copy pinned (hidden lock + client)
2026-09-25T22:15:23Z HOOK_REUSE attempt-1 hooks present; verified below instead of reinstalled
2026-09-25T22:15:23Z WARN other heavy processes present (recorded)
2026-09-25T22:15:24Z DONOR_HEAD=e1ec2fecb71f315b6721d426ba0dacb84f304498 DONOR_HIDDEN_LOCK=05bc530aa44bfa6df64f0daa8edb66c5181abf4bfbc309bd8da2c8aff37b6a44 DONOR_CLIENT_INDEX_DTS=9042e713ba5678c99959a345b7b18a60dfc186b2c7d890b8d9c3ed5c8f4edcc6 DONOR_CLIENT_SCHEMA=b84392033ab86776533007505c31f57930307a210844067a7407ed20d25abf3e DONOR_ENTRIES=649
2026-09-25T22:15:24Z CP_A rc=0 secs=0 NM_ENTRIES=649 NM_HIDDEN_LOCK=05bc530aa44bfa6df64f0daa8edb66c5181abf4bfbc309bd8da2c8aff37b6a44 NM_CLIENT_INDEX_DTS=9042e713ba5678c99959a345b7b18a60dfc186b2c7d890b8d9c3ed5c8f4edcc6
2026-09-25T22:15:24Z NM_CLIENT_INDEX_DTS=9042e713ba5678c99959a345b7b18a60dfc186b2c7d890b8d9c3ed5c8f4edcc6 NM_CLIENT_SCHEMA=b84392033ab86776533007505c31f57930307a210844067a7407ed20d25abf3e
2026-09-25T22:15:24Z LEFTHOOK_VERSION=2.1.9
2026-09-25T22:15:24Z LEFTHOOK_INSTALL rc=0 reuse=1
2026-09-25T22:15:24Z LEFTHOOK_VERSION_CHECK=2.1.9 expect=2.1.9
2026-09-25T22:15:24Z HOOK_RAW own pre-commit=9a1fcef75bc9726b92ceeca49cbae4402a4432545eb84a4a0b13023e081f331a commit-msg=caf957dd7ed26c0bf48546e3fc68f7adc43698d671023c541bed065854e6da51 | ref(/home/user/workspace/worktrees/1910a060-s8f) pre-commit=e21bece648d1a2a72fa38e1323dc61d3558e349ff25f764d1c98b494f8af06b1 commit-msg=277018c46292e87a96e872b68fc792b09f7e1359cafd7ec891ae1586387160b9
2026-09-25T22:15:24Z HOOK_NORMALIZED own pre-commit=9dcf80f409a026d9d672c015b6356ff3983f08a0541d2283b58c3fb1af5c0298 commit-msg=4ab9b41920737c96c2b28aba37fbf9d30024fc79e0e8cf5d1860303ff2e69f87 | ref pre-commit=9dcf80f409a026d9d672c015b6356ff3983f08a0541d2283b58c3fb1af5c0298 commit-msg=4ab9b41920737c96c2b28aba37fbf9d30024fc79e0e8cf5d1860303ff2e69f87
2026-09-25T22:15:24Z HOOK_OK own hooks reference /home/user/workspace/worktrees/1910a060-s8g/node_modules/lefthook-linux-x64/bin/lefthook
2026-09-25T22:15:24Z PREFIX_VERIFY rc=0 ok_lines=56 manifest_lines=56 readlink=../lib/node_modules/prettier/bin/prettier.cjs
2026-09-25T22:15:25Z NPX_PRETTIER_VERSION=3.9.9
2026-09-25T22:15:26Z PRETTIER_CHECK_1 rc=0
2026-09-25T22:15:26Z POSTFORMAT src/scout/reconstruct/orchestration/run-context.ts sha256=bd4da5c86d91d7c6452d5bbacacb755f3b9a6e81f0402ec2b0a5c820c6e48c02 lines=73
2026-09-25T22:15:26Z POSTFORMAT src/scout/reconstruct/orchestration/family-plan.ts sha256=a3e57e7605cacecc4ab3e4b8432ed9babc167ed04e0492c587b07ef645a32ce5 lines=113
2026-09-25T22:15:26Z POSTFORMAT src/scout/scout-reconstruct.service.ts sha256=7b7d47a2d551c49a6937ee27822c7a6721ca4dc55ef3c9248e48e168940d0524 lines=685
2026-09-25T22:15:26Z POSTFORMAT src/scout/lifecycle/lifecycle.service.ts sha256=14fadc5eaef30cc66d75a57fde49e497f5225a1cf6f903b1e6d7ed413fe84b5a lines=611
2026-09-25T22:15:26Z POSTFORMAT test/scout/orchestration/family-plan.spec.ts sha256=d21c1e60e5212e69c48d00f6fff01d782bc9f10f3ae307363993bdff74f76cc9 lines=159
2026-09-25T22:15:26Z POSTFORMAT test/scout/orchestration/reconstruct-run.spec.ts sha256=e333bc513a638a293b907384199322b8289ef96b24b70a502b0004def7beb355 lines=518
2026-09-25T22:15:26Z POSTFORMAT test/scout/orchestration/settle-hook.spec.ts sha256=06c1562861040777bc1a8f6dceb28f8c045fd36198b37b598aa8a422b63ee342 lines=327
2026-09-25T22:15:26Z POSTFORMAT test/scout/g2-s8g-db-guard.spec.ts sha256=d2f6a75c2f125fba847dd88e1db27793f4298cf37f86d0dad3e800490d8c5f92 lines=217
2026-09-25T22:15:26Z POSTFORMAT test/rls-g2-s8g.spec.ts sha256=208f36b1465fece12faebad81723f944b8abfd342758bf0e5d2173728b3ac341 lines=975
2026-09-25T22:15:26Z POSTFORMAT test/utils/g2-s8g-db.ts sha256=40d8655ef18c6d3ca205e0eb957d4262c49714b70253fc04d7e9802959809199 lines=156
2026-09-25T22:15:26Z POSTFORMAT test/utils/g2-s8g-pg-harness.ts sha256=196852344a2db6e1c8764204232199c997fcae648c65da9513e91f8663bc7ab8 lines=254
2026-09-25T22:15:26Z POSTFORMAT test/utils/g2-s8g-harness.ts sha256=75f3e39fd29ab8c209455c2467f877f488cc97f1cd140643d496e7305f65eac5 lines=271
2026-09-25T22:15:26Z POSTFORMAT test/utils/g2-s8g-worker.cjs sha256=787316a24ae10ab2e4920d80a0e03954cb09bf582be0efd3aa230eca6a2563c2 lines=283
2026-09-25T22:15:26Z POSTFORMAT test/utils/g2-s8g-bootstrap.sh sha256=3241806c42cb7a2b421d18827d9365f960d2db159083ba988602fd6ff2fdf374 lines=232
2026-09-25T22:15:29Z ESLINT rc=0
2026-09-25T22:16:16Z TSC rc=0 lines=0
2026-09-25T22:16:29Z JEST_TARGETED rc=0
Test Suites: 4 passed, 4 total
Tests:       86 passed, 86 total
Snapshots:   0 total
Time:        11.563 s
