WRAPPER_START 2026-09-24T21:48:44Z pid=5563
c-pg-proof.sh: OK
c-fixture.sh: OK
derive-c-pg-proof.py: OK
LOCK_FREE_AFTER_POLLS=0 2026-09-24T21:48:44Z
LAUNCH 2026-09-24T21:48:44Z: timeout -k 30 3600 bash execution/cf8ff737/c/binding/c-pg-proof.sh
START 2026-09-24T21:48:44Z pid=5572 head_expect=1b6cc66164b3398d573ba92f0c8f6b039494be24 fixture_expect=cf342f4b21306c677d668343fa46e4ad1c2a9a4104546a445b0d36bf3bf259b3 node=v20.20.1
PRECONDITIONS_OK 2026-09-24T21:48:47Z server='postgres (PostgreSQL) 17.6' psql='psql (PostgreSQL) 18.6 (Ubuntu 18.6-0ubuntu0.26.04.1)' jest=30.4.1 pg17_provenance='postgres_sha256=23cd174849b273064c47d581b55be596be2f5cf0ee5d3e76c0146e2464bf873a result=success '
PREFLIGHT s5_cluster=ABSENT (recorded as-is, not reconstructed)
PREFLIGHT c1_cluster=ABSENT
PREFLIGHT b_cluster=ABSENT
PREFLIGHT r_cluster=ABSENT
PREFLIGHT nq1_cluster=PRESENT_STOPPED conf=40ac76b2f728b9388b1e2c01e59cb66585227b67f34dbfae415b3e4ce6338b32 pg_control=c102d5b1c295035d2762b2c10101a9364e45d9034401f74343dc1d28288ecce3 (must be unchanged at end; never started)
PREFLIGHT_OK 2026-09-24T21:48:47Z cdir=absent port55491=free postgres_procs=0 worktree_porcelain_sha=e3b0c44298fc1c149afbf4c8996fb92427ae41e4649b934ca495991b7852b855
FIXTURE_INIT rc=0 2026-09-24T21:48:49Z
FIXTURE_START rc=0 2026-09-24T21:48:49Z
OLD_ROOT rc=0 2026-09-24T21:48:52Z head=29e60705d8c4e1228fd1d2f248c7e53b6b8e56dd
BOOTSTRAP rc=0 2026-09-24T21:49:02Z
IDENTITY_OK 2026-09-24T21:49:02Z data_directory=/home/user/pg17/clusters/c-contract/pg-data server_version_num=170006 cluster_name=c-disposable-pg17
JEST_START 2026-09-24T21:49:02Z cmd='./node_modules/.bin/jest --config jest.rls.config.js test/rls-g2-c-contract.spec.ts --runInBand --ci'
JEST_END rc=0 2026-09-24T21:50:54Z
Test Suites: 1 passed, 1 total
Tests:       22 passed, 22 total
Snapshots:   0 total
Time:        111.335 s
FIXTURE_STOP rc=0 2026-09-24T21:50:54Z
STOP_STATE_OK postgres_procs=0 port55491=free datadir_retained=/home/user/pg17/clusters/c-contract/pg-data
POST s5_cluster=ABSENT unchanged
POST nq1_cluster unchanged conf=40ac76b2f728b9388b1e2c01e59cb66585227b67f34dbfae415b3e4ce6338b32 pg_control=c102d5b1c295035d2762b2c10101a9364e45d9034401f74343dc1d28288ecce3
POST_OK 2026-09-24T21:50:54Z receipts=/home/user/workspace/execution/cf8ff737/c/runtime/run/RECEIPTS.sha256
END rc=0 stage=done 2026-09-24T21:50:55Z
OUTER_RC=0 2026-09-24T21:50:55Z
WRAPPER_END pgrep_postgres=0 listeners_55491=0
