[2026-09-23T01:14:06Z] V6 controls start total_budget=1500s reserve=115s launcher=85e1bafdf15e61cc lib=64db67a69eb3328c stub=6ddf03538e1d1d41 predicates=a74cc2a4245f0d52 private_lease=/home/user/workspace/execution/s4-r6-validation/v6/control-runs/.private-control-lease.lock driver_pid=13667 driver_start=205017 timeout=/usr/lib/cargo/bin/coreutils/timeout sleep=/usr/lib/cargo/bin/coreutils/sleep
[2026-09-23T01:14:06Z] control 1/12 nested-orphan-after-exit class=normal fault='' outer=25s grace=3s seam='' launcher_bound=105s elapsed=0s remaining=1500s
[2026-09-23T01:14:06Z] lease held kind=private-held-by-launcher path=/home/user/workspace/execution/s4-r6-validation/v6/control-runs/.private-control-lease.lock holder=13712 (fd 9; inherited by runner for verification only; step children close it)
[2026-09-23T01:14:06Z] standby holder verified pid=13745 starttime=205045 token=s4r6-quarantine-holder-CONTROL-V6-20260923T011406Z-13712-b015903f fd9=/home/user/workspace/execution/s4-r6-validation/v6/control-runs/.private-control-lease.lock
[2026-09-23T01:14:06Z] launch kind=CONTROL scenario=nested-orphan-after-exit run=CONTROL-V6-20260923T011406Z-13712-b015903f runner=/home/user/workspace/execution/s4-r6-validation/v6/controls/s4-r6-control-stub-v6.sh sha256=6ddf03538e1d1d412ab161349ea79de0e847b40477ce47d50b77b7ee1450d8f3 outer=25s grace=3s confirm=10s post=8s publish=5s read=5s qverify=5s worst=105s launcher_start=205042
[2026-09-23T01:14:06Z] owned session sid=13769 (runner pid 13769)
/home/user/workspace/execution/s4-r6-validation/v6/launcher/s4-r6-launch-v6.sh: line 134: 13745 Killed                     setsid bash -c 'while :; do sleep 60 9>&-; done' "$QUARANTINE_TOKEN" < /dev/null > /dev/null 2>&1
[2026-09-23T01:14:18Z] OVERALL=SUCCESS launcher_exit=0 publication_ok=true runner_exit=0 runner_result=SUCCESS survivors='' record=/home/user/workspace/execution/s4-r6-validation/v6/control-runs/CONTROL-V6-20260923T011406Z-13712-b015903f/SUPERVISOR_RECORD.json
OK   supervisor_record_parsed: actual=True expected=True
OK   supervisor.kind: actual='CONTROL' expected='CONTROL'
OK   supervisor.scenario: actual='nested-orphan-after-exit' expected='nested-orphan-after-exit'
OK   supervisor.launcher_exit_matches_observed: actual=0 expected=0
OK   lease.kind is the PRIVATE control lease: actual='private-held-by-launcher' expected='private-held-by-launcher'
OK   lease.path is under v6/control-runs (never canonical): actual=True expected=True
OK   lease.held_by_launcher: actual=True expected=True
OK   bounds.worst_case_formula recorded: actual='outer+grace+confirm+post_exit_reap+publish+2*read+2*quarantine_verify+16*census+2' expected='outer+grace+confirm+post_exit_reap+publish+2*read+2*quarantine_verify+16*census+2'
OK   bounds.phases_are_wall_clock: actual=True expected=True
OK   bounds.census_s recorded (int): actual=True expected=True
OK   lease.holder_pid is the launcher (int): actual=True expected=True
OK   lease.self_hold false (the self-hold fallback is not exercised by any control): actual=False expected=False
OK   supervisor.control_fault recorded exactly as injected: actual=None expected=None
OK   supervisor.survivors_after_kill_empty: actual=[] expected=[]
OK   lease.released_at_launcher_exit (no quarantine): actual=True expected=True
OK   lease.quarantine_holder_pid: the standby holder pid is recorded (int): actual=True expected=True
OK   lease.quarantine_ok absent (no handoff attempted): actual=None expected=None
OK   lease.quarantine_receipt_ok absent: actual=None expected=None
OK   lease.standby_holder_verified (S4-V5-A-03: holder existed before anything was owned): actual=True expected=True
OK   lease.standby_holder_released at exit (identity-checked, after verified-empty census): actual=True expected=True
OK   owned_session.census_state is verified EMPTY (UNKNOWN never counts as empty): actual='EMPTY' expected='EMPTY'
OK   overall: actual='SUCCESS' expected='SUCCESS'
OK   launcher_exit: actual=0 expected=0
OK   runner.exit: actual=0 expected=0
OK   runner.exit_confirmed: actual=True expected=True
OK   runner.handshake_ok: actual=True expected=True
OK   runner.sentinel: actual=True expected=True
OK   supervisor.reaped_by_supervisor_empty (runner reaped its own step orphan): actual=[] expected=[]
OK   exit_record_parsed: actual=True expected=True
OK   record.steps is a parsed list of >= 1 step object(s) (mandatory): actual=True expected=True
OK   step.id: actual='C-nested-orphan' expected='C-nested-orphan'
OK   step.exit: actual=0 expected=0
OK   step.owned_orphans_found (nested timeout group seen by session census): actual=1 expected=1
OK   step.orphans_reaped_verified: actual=True expected=True
OK   record.result: actual='SUCCESS' expected='SUCCESS'
OK   record.cleanup.exit: actual=0 expected=0
OK   reaps.log shows TERM-immune orphan needed KILL path (found=1 then verified): actual=True expected=True
PREDICATES nested-orphan-after-exit: ALL_OK (37/37)
[2026-09-23T01:14:19Z] control nested-orphan-after-exit class=normal launcher_exit=0 predicates_rc=0 leftovers_in_session='' (census=EMPTY; after driver reap: '' census=EMPTY) private_lease_free=true live_quarantine_holder='' dir=/home/user/workspace/execution/s4-r6-validation/v6/control-runs/CONTROL-V6-20260923T011406Z-13712-b015903f elapsed=13s
[2026-09-23T01:14:19Z] control 2/12 live-step-interrupt class=normal fault='' outer=4s grace=6s seam='' launcher_bound=87s elapsed=13s remaining=1487s
[2026-09-23T01:14:19Z] lease held kind=private-held-by-launcher path=/home/user/workspace/execution/s4-r6-validation/v6/control-runs/.private-control-lease.lock holder=14179 (fd 9; inherited by runner for verification only; step children close it)
[2026-09-23T01:14:19Z] standby holder verified pid=14212 starttime=206302 token=s4r6-quarantine-holder-CONTROL-V6-20260923T011419Z-14179-592ed0ec fd9=/home/user/workspace/execution/s4-r6-validation/v6/control-runs/.private-control-lease.lock
[2026-09-23T01:14:19Z] launch kind=CONTROL scenario=live-step-interrupt run=CONTROL-V6-20260923T011419Z-14179-592ed0ec runner=/home/user/workspace/execution/s4-r6-validation/v6/controls/s4-r6-control-stub-v6.sh sha256=6ddf03538e1d1d412ab161349ea79de0e847b40477ce47d50b77b7ee1450d8f3 outer=4s grace=6s confirm=10s post=8s publish=5s read=5s qverify=5s worst=87s launcher_start=206299
[2026-09-23T01:14:19Z] owned session sid=14236 (runner pid 14236)
[2026-09-23T01:14:23Z] OUTER DEADLINE 4s reached
[2026-09-23T01:14:23Z] TERM owned session 14236 members: 14236 14260 14261 (census=MEMBERS)
/home/user/workspace/execution/s4-r6-validation/v6/launcher/s4-r6-launch-v6.sh: line 134: 14212 Killed                     setsid bash -c 'while :; do sleep 60 9>&-; done' "$QUARANTINE_TOKEN" < /dev/null > /dev/null 2>&1
[2026-09-23T01:14:25Z] OVERALL=TIMEOUT launcher_exit=124 publication_ok=true runner_exit=15 runner_result=FAILED survivors='' record=/home/user/workspace/execution/s4-r6-validation/v6/control-runs/CONTROL-V6-20260923T011419Z-14179-592ed0ec/SUPERVISOR_RECORD.json
OK   supervisor_record_parsed: actual=True expected=True
OK   supervisor.kind: actual='CONTROL' expected='CONTROL'
OK   supervisor.scenario: actual='live-step-interrupt' expected='live-step-interrupt'
OK   supervisor.launcher_exit_matches_observed: actual=124 expected=124
OK   lease.kind is the PRIVATE control lease: actual='private-held-by-launcher' expected='private-held-by-launcher'
OK   lease.path is under v6/control-runs (never canonical): actual=True expected=True
OK   lease.held_by_launcher: actual=True expected=True
OK   bounds.worst_case_formula recorded: actual='outer+grace+confirm+post_exit_reap+publish+2*read+2*quarantine_verify+16*census+2' expected='outer+grace+confirm+post_exit_reap+publish+2*read+2*quarantine_verify+16*census+2'
OK   bounds.phases_are_wall_clock: actual=True expected=True
OK   bounds.census_s recorded (int): actual=True expected=True
OK   lease.holder_pid is the launcher (int): actual=True expected=True
OK   lease.self_hold false (the self-hold fallback is not exercised by any control): actual=False expected=False
OK   supervisor.control_fault recorded exactly as injected: actual=None expected=None
OK   supervisor.survivors_after_kill_empty: actual=[] expected=[]
OK   lease.released_at_launcher_exit (no quarantine): actual=True expected=True
OK   lease.quarantine_holder_pid: the standby holder pid is recorded (int): actual=True expected=True
OK   lease.quarantine_ok absent (no handoff attempted): actual=None expected=None
OK   lease.quarantine_receipt_ok absent: actual=None expected=None
OK   lease.standby_holder_verified (S4-V5-A-03: holder existed before anything was owned): actual=True expected=True
OK   lease.standby_holder_released at exit (identity-checked, after verified-empty census): actual=True expected=True
OK   owned_session.census_state is verified EMPTY (UNKNOWN never counts as empty): actual='EMPTY' expected='EMPTY'
OK   overall: actual='TIMEOUT' expected='TIMEOUT'
OK   launcher_exit: actual=124 expected=124
OK   bounds.timed_out: actual=True expected=True
OK   owned_session.signalled: actual='TERM' expected="one of ['TERM', 'TERM+KILL']"
OK   members_at_deadline_nonempty (live step group was in the session): actual=True expected=True
OK   runner.exit_confirmed: actual=True expected=True
OK   runner.exit (signal-terminated primary or latched exit; installed uutils => 15 expected): actual=15 expected='one of [15, 124, 137, 143]'
OK   runner.exit_record_present (record still written after interruption): actual=True expected=True
OK   exit_record_parsed (mandatory, S4-V4-A-05): actual=True expected=True
OK   record.steps is a parsed list of >= 1 step object(s) (mandatory): actual=True expected=True
OK   record.result: actual='FAILED' expected='FAILED'
OK   record.first_failure.step is the live step (primary), not the SIGNAL block: actual='C-live-step' expected='C-live-step'
OK   record.first_failure.observed_exit: actual=15 expected='one of [15, 124, 137, 143]'
OK   record.blocks is a nonempty list: actual=True expected=True
OK   record.blocks[0] is the step's own failure: actual=True expected=True
OK   record.blocks[1] is the secondary SIGNAL_TERM block: actual=True expected=True
OK   record.blocks: no SIGNAL_ block precedes the step's own block: actual=True expected=True
OK   record.blocks: >= 1 SIGNAL_TERM block after the primary: actual=True expected=True
OK   steps[0].step is C-live-step: actual='C-live-step' expected='C-live-step'
OK   steps[0].signal_during_step recorded: actual='TERM' expected='TERM'
OK   steps[0].exit is a signal termination: actual=15 expected='one of [15, 124, 137, 143]'
PREDICATES live-step-interrupt: ALL_OK (42/42)
[2026-09-23T01:14:26Z] control live-step-interrupt class=normal launcher_exit=124 predicates_rc=0 leftovers_in_session='' (census=EMPTY; after driver reap: '' census=EMPTY) private_lease_free=true live_quarantine_holder='' dir=/home/user/workspace/execution/s4-r6-validation/v6/control-runs/CONTROL-V6-20260923T011419Z-14179-592ed0ec elapsed=20s
[2026-09-23T01:14:26Z] control 3/12 live-step-double-term class=normal fault='' outer=4s grace=6s seam='step-after-reap' launcher_bound=87s elapsed=20s remaining=1480s
[2026-09-23T01:14:26Z] lease held kind=private-held-by-launcher path=/home/user/workspace/execution/s4-r6-validation/v6/control-runs/.private-control-lease.lock holder=14524 (fd 9; inherited by runner for verification only; step children close it)
[2026-09-23T01:14:26Z] standby holder verified pid=14557 starttime=207054 token=s4r6-quarantine-holder-CONTROL-V6-20260923T011426Z-14524-93d3c75a fd9=/home/user/workspace/execution/s4-r6-validation/v6/control-runs/.private-control-lease.lock
[2026-09-23T01:14:26Z] launch kind=CONTROL scenario=live-step-double-term run=CONTROL-V6-20260923T011426Z-14524-93d3c75a runner=/home/user/workspace/execution/s4-r6-validation/v6/controls/s4-r6-control-stub-v6.sh sha256=6ddf03538e1d1d412ab161349ea79de0e847b40477ce47d50b77b7ee1450d8f3 outer=4s grace=6s confirm=10s post=8s publish=5s read=5s qverify=5s worst=87s launcher_start=207051
[2026-09-23T01:14:26Z] owned session sid=14581 (runner pid 14581)
[2026-09-23T01:14:30Z] OUTER DEADLINE 4s reached
[2026-09-23T01:14:30Z] TERM owned session 14581 members: 14581 14609 14610 (census=MEMBERS)
/home/user/workspace/execution/s4-r6-validation/v6/launcher/s4-r6-launch-v6.sh: line 134: 14557 Killed                     setsid bash -c 'while :; do sleep 60 9>&-; done' "$QUARANTINE_TOKEN" < /dev/null > /dev/null 2>&1
[2026-09-23T01:14:32Z] OVERALL=TIMEOUT launcher_exit=124 publication_ok=true runner_exit=15 runner_result=FAILED survivors='' record=/home/user/workspace/execution/s4-r6-validation/v6/control-runs/CONTROL-V6-20260923T011426Z-14524-93d3c75a/SUPERVISOR_RECORD.json
OK   supervisor_record_parsed: actual=True expected=True
OK   supervisor.kind: actual='CONTROL' expected='CONTROL'
OK   supervisor.scenario: actual='live-step-double-term' expected='live-step-double-term'
OK   supervisor.launcher_exit_matches_observed: actual=124 expected=124
OK   lease.kind is the PRIVATE control lease: actual='private-held-by-launcher' expected='private-held-by-launcher'
OK   lease.path is under v6/control-runs (never canonical): actual=True expected=True
OK   lease.held_by_launcher: actual=True expected=True
OK   bounds.worst_case_formula recorded: actual='outer+grace+confirm+post_exit_reap+publish+2*read+2*quarantine_verify+16*census+2' expected='outer+grace+confirm+post_exit_reap+publish+2*read+2*quarantine_verify+16*census+2'
OK   bounds.phases_are_wall_clock: actual=True expected=True
OK   bounds.census_s recorded (int): actual=True expected=True
OK   lease.holder_pid is the launcher (int): actual=True expected=True
OK   lease.self_hold false (the self-hold fallback is not exercised by any control): actual=False expected=False
OK   supervisor.control_fault recorded exactly as injected: actual=None expected=None
OK   supervisor.survivors_after_kill_empty: actual=[] expected=[]
OK   lease.released_at_launcher_exit (no quarantine): actual=True expected=True
OK   lease.quarantine_holder_pid: the standby holder pid is recorded (int): actual=True expected=True
OK   lease.quarantine_ok absent (no handoff attempted): actual=None expected=None
OK   lease.quarantine_receipt_ok absent: actual=None expected=None
OK   lease.standby_holder_verified (S4-V5-A-03: holder existed before anything was owned): actual=True expected=True
OK   lease.standby_holder_released at exit (identity-checked, after verified-empty census): actual=True expected=True
OK   owned_session.census_state is verified EMPTY (UNKNOWN never counts as empty): actual='EMPTY' expected='EMPTY'
OK   overall: actual='TIMEOUT' expected='TIMEOUT'
OK   launcher_exit: actual=124 expected=124
OK   bounds.timed_out: actual=True expected=True
OK   owned_session.signalled: actual='TERM' expected="one of ['TERM', 'TERM+KILL']"
OK   members_at_deadline_nonempty (live step group was in the session): actual=True expected=True
OK   runner.exit_confirmed: actual=True expected=True
OK   runner.exit (signal-terminated primary or latched exit; installed uutils => 15 expected): actual=15 expected='one of [15, 124, 137, 143]'
OK   runner.exit_record_present (record still written after interruption): actual=True expected=True
OK   exit_record_parsed (mandatory, S4-V4-A-05): actual=True expected=True
OK   record.steps is a parsed list of >= 1 step object(s) (mandatory): actual=True expected=True
OK   record.result: actual='FAILED' expected='FAILED'
OK   record.first_failure.step is the live step (primary), not the SIGNAL block: actual='C-live-step' expected='C-live-step'
OK   record.first_failure.observed_exit: actual=15 expected='one of [15, 124, 137, 143]'
OK   record.blocks is a nonempty list: actual=True expected=True
OK   record.blocks[0] is the step's own failure: actual=True expected=True
OK   record.blocks[1] is the secondary SIGNAL_TERM block: actual=True expected=True
OK   record.blocks: no SIGNAL_ block precedes the step's own block: actual=True expected=True
OK   record.blocks: >= 2 SIGNAL_TERM blocks (launcher TERM + seam TERM), all after the primary (S4-V4-A-01): actual=True expected=True
OK   step log shows the seam fired (SEAM step-after-reap): actual=True expected=True
OK   a 'while latching' secondary block exists (signal recorded in the deferred zone): actual=True expected=True
OK   steps[0].step is C-live-step: actual='C-live-step' expected='C-live-step'
OK   steps[0].signal_during_step recorded: actual='TERM' expected='TERM'
OK   steps[0].exit is a signal termination: actual=15 expected='one of [15, 124, 137, 143]'
PREDICATES live-step-double-term: ALL_OK (44/44)
[2026-09-23T01:14:34Z] control live-step-double-term class=normal launcher_exit=124 predicates_rc=0 leftovers_in_session='' (census=EMPTY; after driver reap: '' census=EMPTY) private_lease_free=true live_quarantine_holder='' dir=/home/user/workspace/execution/s4-r6-validation/v6/control-runs/CONTROL-V6-20260923T011426Z-14524-93d3c75a elapsed=28s
[2026-09-23T01:14:34Z] control 4/12 predicate-rc0 class=normal fault='' outer=10s grace=3s seam='' launcher_bound=90s elapsed=28s remaining=1472s
[2026-09-23T01:14:34Z] lease held kind=private-held-by-launcher path=/home/user/workspace/execution/s4-r6-validation/v6/control-runs/.private-control-lease.lock holder=14858 (fd 9; inherited by runner for verification only; step children close it)
[2026-09-23T01:14:34Z] standby holder verified pid=14891 starttime=207806 token=s4r6-quarantine-holder-CONTROL-V6-20260923T011434Z-14858-eef6fe24 fd9=/home/user/workspace/execution/s4-r6-validation/v6/control-runs/.private-control-lease.lock
[2026-09-23T01:14:34Z] launch kind=CONTROL scenario=predicate-rc0 run=CONTROL-V6-20260923T011434Z-14858-eef6fe24 runner=/home/user/workspace/execution/s4-r6-validation/v6/controls/s4-r6-control-stub-v6.sh sha256=6ddf03538e1d1d412ab161349ea79de0e847b40477ce47d50b77b7ee1450d8f3 outer=10s grace=3s confirm=10s post=8s publish=5s read=5s qverify=5s worst=90s launcher_start=207803
[2026-09-23T01:14:34Z] owned session sid=14915 (runner pid 14915)
/home/user/workspace/execution/s4-r6-validation/v6/launcher/s4-r6-launch-v6.sh: line 134: 14891 Killed                     setsid bash -c 'while :; do sleep 60 9>&-; done' "$QUARANTINE_TOKEN" < /dev/null > /dev/null 2>&1
[2026-09-23T01:14:35Z] OVERALL=RUNNER_NONZERO launcher_exit=89 publication_ok=true runner_exit=89 runner_result=FAILED survivors='' record=/home/user/workspace/execution/s4-r6-validation/v6/control-runs/CONTROL-V6-20260923T011434Z-14858-eef6fe24/SUPERVISOR_RECORD.json
OK   supervisor_record_parsed: actual=True expected=True
OK   supervisor.kind: actual='CONTROL' expected='CONTROL'
OK   supervisor.scenario: actual='predicate-rc0' expected='predicate-rc0'
OK   supervisor.launcher_exit_matches_observed: actual=89 expected=89
OK   lease.kind is the PRIVATE control lease: actual='private-held-by-launcher' expected='private-held-by-launcher'
OK   lease.path is under v6/control-runs (never canonical): actual=True expected=True
OK   lease.held_by_launcher: actual=True expected=True
OK   bounds.worst_case_formula recorded: actual='outer+grace+confirm+post_exit_reap+publish+2*read+2*quarantine_verify+16*census+2' expected='outer+grace+confirm+post_exit_reap+publish+2*read+2*quarantine_verify+16*census+2'
OK   bounds.phases_are_wall_clock: actual=True expected=True
OK   bounds.census_s recorded (int): actual=True expected=True
OK   lease.holder_pid is the launcher (int): actual=True expected=True
OK   lease.self_hold false (the self-hold fallback is not exercised by any control): actual=False expected=False
OK   supervisor.control_fault recorded exactly as injected: actual=None expected=None
OK   supervisor.survivors_after_kill_empty: actual=[] expected=[]
OK   lease.released_at_launcher_exit (no quarantine): actual=True expected=True
OK   lease.quarantine_holder_pid: the standby holder pid is recorded (int): actual=True expected=True
OK   lease.quarantine_ok absent (no handoff attempted): actual=None expected=None
OK   lease.quarantine_receipt_ok absent: actual=None expected=None
OK   lease.standby_holder_verified (S4-V5-A-03: holder existed before anything was owned): actual=True expected=True
OK   lease.standby_holder_released at exit (identity-checked, after verified-empty census): actual=True expected=True
OK   owned_session.census_state is verified EMPTY (UNKNOWN never counts as empty): actual='EMPTY' expected='EMPTY'
OK   overall: actual='RUNNER_NONZERO' expected='RUNNER_NONZERO'
OK   launcher_exit: actual=89 expected=89
OK   runner.exit: actual=89 expected=89
OK   exit_record_parsed: actual=True expected=True
OK   record.steps is a parsed list of >= 1 step object(s) (mandatory): actual=True expected=True
OK   record.result: actual='FAILED' expected='FAILED'
OK   record.first_failure.step: actual='C-expected-negative' expected='C-expected-negative'
OK   record.first_failure.validation_exit: actual=89 expected=89
OK   record.first_failure.observed_exit retained as 0: actual=0 expected=0
OK   step.id: actual='C-expected-negative' expected='C-expected-negative'
OK   step.status: actual='EXIT_0' expected='EXIT_0'
PREDICATES predicate-rc0: ALL_OK (32/32)
[2026-09-23T01:14:36Z] control predicate-rc0 class=normal launcher_exit=89 predicates_rc=0 leftovers_in_session='' (census=EMPTY; after driver reap: '' census=EMPTY) private_lease_free=true live_quarantine_holder='' dir=/home/user/workspace/execution/s4-r6-validation/v6/control-runs/CONTROL-V6-20260923T011434Z-14858-eef6fe24 elapsed=30s
[2026-09-23T01:14:36Z] control 5/12 record-without-sentinel class=normal fault='' outer=10s grace=3s seam='' launcher_bound=90s elapsed=30s remaining=1470s
[2026-09-23T01:14:36Z] lease held kind=private-held-by-launcher path=/home/user/workspace/execution/s4-r6-validation/v6/control-runs/.private-control-lease.lock holder=15066 (fd 9; inherited by runner for verification only; step children close it)
[2026-09-23T01:14:36Z] standby holder verified pid=15099 starttime=208053 token=s4r6-quarantine-holder-CONTROL-V6-20260923T011436Z-15066-6c32c7ec fd9=/home/user/workspace/execution/s4-r6-validation/v6/control-runs/.private-control-lease.lock
[2026-09-23T01:14:36Z] launch kind=CONTROL scenario=record-without-sentinel run=CONTROL-V6-20260923T011436Z-15066-6c32c7ec runner=/home/user/workspace/execution/s4-r6-validation/v6/controls/s4-r6-control-stub-v6.sh sha256=6ddf03538e1d1d412ab161349ea79de0e847b40477ce47d50b77b7ee1450d8f3 outer=10s grace=3s confirm=10s post=8s publish=5s read=5s qverify=5s worst=90s launcher_start=208050
[2026-09-23T01:14:36Z] owned session sid=15123 (runner pid 15123)
/home/user/workspace/execution/s4-r6-validation/v6/launcher/s4-r6-launch-v6.sh: line 134: 15099 Killed                     setsid bash -c 'while :; do sleep 60 9>&-; done' "$QUARANTINE_TOKEN" < /dev/null > /dev/null 2>&1
[2026-09-23T01:14:38Z] OVERALL=FAILED_PUBLICATION launcher_exit=7 publication_ok=true runner_exit=0 runner_result=SUCCESS survivors='' record=/home/user/workspace/execution/s4-r6-validation/v6/control-runs/CONTROL-V6-20260923T011436Z-15066-6c32c7ec/SUPERVISOR_RECORD.json
OK   supervisor_record_parsed: actual=True expected=True
OK   supervisor.kind: actual='CONTROL' expected='CONTROL'
OK   supervisor.scenario: actual='record-without-sentinel' expected='record-without-sentinel'
OK   supervisor.launcher_exit_matches_observed: actual=7 expected=7
OK   lease.kind is the PRIVATE control lease: actual='private-held-by-launcher' expected='private-held-by-launcher'
OK   lease.path is under v6/control-runs (never canonical): actual=True expected=True
OK   lease.held_by_launcher: actual=True expected=True
OK   bounds.worst_case_formula recorded: actual='outer+grace+confirm+post_exit_reap+publish+2*read+2*quarantine_verify+16*census+2' expected='outer+grace+confirm+post_exit_reap+publish+2*read+2*quarantine_verify+16*census+2'
OK   bounds.phases_are_wall_clock: actual=True expected=True
OK   bounds.census_s recorded (int): actual=True expected=True
OK   lease.holder_pid is the launcher (int): actual=True expected=True
OK   lease.self_hold false (the self-hold fallback is not exercised by any control): actual=False expected=False
OK   supervisor.control_fault recorded exactly as injected: actual=None expected=None
OK   supervisor.survivors_after_kill_empty: actual=[] expected=[]
OK   lease.released_at_launcher_exit (no quarantine): actual=True expected=True
OK   lease.quarantine_holder_pid: the standby holder pid is recorded (int): actual=True expected=True
OK   lease.quarantine_ok absent (no handoff attempted): actual=None expected=None
OK   lease.quarantine_receipt_ok absent: actual=None expected=None
OK   lease.standby_holder_verified (S4-V5-A-03: holder existed before anything was owned): actual=True expected=True
OK   lease.standby_holder_released at exit (identity-checked, after verified-empty census): actual=True expected=True
OK   owned_session.census_state is verified EMPTY (UNKNOWN never counts as empty): actual='EMPTY' expected='EMPTY'
OK   overall: actual='FAILED_PUBLICATION' expected='FAILED_PUBLICATION'
OK   launcher_exit: actual=7 expected=7
OK   runner.exit: actual=0 expected=0
OK   runner.exit_record_result (parsed SUCCESS record exists): actual='SUCCESS' expected='SUCCESS'
OK   runner.sentinel absent: actual=False expected=False
OK   sentinel file absent: actual=False expected=False
OK   runner.handshake_ok: actual=True expected=True
OK   exit_record_parsed (SUCCESS record exists locally): actual=True expected=True
OK   record.steps is a parsed list of >= 1 step object(s) (mandatory): actual=True expected=True
PREDICATES record-without-sentinel: ALL_OK (30/30)
[2026-09-23T01:14:38Z] control record-without-sentinel class=normal launcher_exit=7 predicates_rc=0 leftovers_in_session='' (census=EMPTY; after driver reap: '' census=EMPTY) private_lease_free=true live_quarantine_holder='' dir=/home/user/workspace/execution/s4-r6-validation/v6/control-runs/CONTROL-V6-20260923T011436Z-15066-6c32c7ec elapsed=32s
[2026-09-23T01:14:38Z] control 6/12 lease-held-by-supervisor class=normal fault='' outer=10s grace=3s seam='' launcher_bound=90s elapsed=32s remaining=1468s
[2026-09-23T01:14:38Z] lease held kind=private-held-by-launcher path=/home/user/workspace/execution/s4-r6-validation/v6/control-runs/.private-control-lease.lock holder=15278 (fd 9; inherited by runner for verification only; step children close it)
[2026-09-23T01:14:38Z] standby holder verified pid=15311 starttime=208292 token=s4r6-quarantine-holder-CONTROL-V6-20260923T011438Z-15278-dd0df59b fd9=/home/user/workspace/execution/s4-r6-validation/v6/control-runs/.private-control-lease.lock
[2026-09-23T01:14:38Z] launch kind=CONTROL scenario=lease-held-by-supervisor run=CONTROL-V6-20260923T011438Z-15278-dd0df59b runner=/home/user/workspace/execution/s4-r6-validation/v6/controls/s4-r6-control-stub-v6.sh sha256=6ddf03538e1d1d412ab161349ea79de0e847b40477ce47d50b77b7ee1450d8f3 outer=10s grace=3s confirm=10s post=8s publish=5s read=5s qverify=5s worst=90s launcher_start=208289
[2026-09-23T01:14:38Z] owned session sid=15335 (runner pid 15335)
/home/user/workspace/execution/s4-r6-validation/v6/launcher/s4-r6-launch-v6.sh: line 134: 15311 Killed                     setsid bash -c 'while :; do sleep 60 9>&-; done' "$QUARANTINE_TOKEN" < /dev/null > /dev/null 2>&1
[2026-09-23T01:14:40Z] OVERALL=SUCCESS launcher_exit=0 publication_ok=true runner_exit=0 runner_result=SUCCESS survivors='' record=/home/user/workspace/execution/s4-r6-validation/v6/control-runs/CONTROL-V6-20260923T011438Z-15278-dd0df59b/SUPERVISOR_RECORD.json
OK   supervisor_record_parsed: actual=True expected=True
OK   supervisor.kind: actual='CONTROL' expected='CONTROL'
OK   supervisor.scenario: actual='lease-held-by-supervisor' expected='lease-held-by-supervisor'
OK   supervisor.launcher_exit_matches_observed: actual=0 expected=0
OK   lease.kind is the PRIVATE control lease: actual='private-held-by-launcher' expected='private-held-by-launcher'
OK   lease.path is under v6/control-runs (never canonical): actual=True expected=True
OK   lease.held_by_launcher: actual=True expected=True
OK   bounds.worst_case_formula recorded: actual='outer+grace+confirm+post_exit_reap+publish+2*read+2*quarantine_verify+16*census+2' expected='outer+grace+confirm+post_exit_reap+publish+2*read+2*quarantine_verify+16*census+2'
OK   bounds.phases_are_wall_clock: actual=True expected=True
OK   bounds.census_s recorded (int): actual=True expected=True
OK   lease.holder_pid is the launcher (int): actual=True expected=True
OK   lease.self_hold false (the self-hold fallback is not exercised by any control): actual=False expected=False
OK   supervisor.control_fault recorded exactly as injected: actual=None expected=None
OK   supervisor.survivors_after_kill_empty: actual=[] expected=[]
OK   lease.released_at_launcher_exit (no quarantine): actual=True expected=True
OK   lease.quarantine_holder_pid: the standby holder pid is recorded (int): actual=True expected=True
OK   lease.quarantine_ok absent (no handoff attempted): actual=None expected=None
OK   lease.quarantine_receipt_ok absent: actual=None expected=None
OK   lease.standby_holder_verified (S4-V5-A-03: holder existed before anything was owned): actual=True expected=True
OK   lease.standby_holder_released at exit (identity-checked, after verified-empty census): actual=True expected=True
OK   owned_session.census_state is verified EMPTY (UNKNOWN never counts as empty): actual='EMPTY' expected='EMPTY'
OK   overall: actual='SUCCESS' expected='SUCCESS'
OK   launcher_exit: actual=0 expected=0
OK   runner.exit: actual=0 expected=0
OK   runner.handshake_ok: actual=True expected=True
OK   exit_record_parsed: actual=True expected=True
OK   record.steps is a parsed list of >= 1 step object(s) (mandatory): actual=True expected=True
OK   step.id: actual='C-lease-outside-probe' expected='C-lease-outside-probe'
OK   record.lock.holder is the launcher with holder_pid == supervisor lease.holder_pid (S4-V4-B-03): actual=('launcher', 15278) expected=('launcher', 15278)
OK   record.lock.path is the private lease: actual='/home/user/workspace/execution/s4-r6-validation/v6/control-runs/.private-control-lease.lock' expected='/home/user/workspace/execution/s4-r6-validation/v6/control-runs/.private-control-lease.lock'
OK   step.status (outside flock -n refused ⇒ probe exit 3): actual='EXIT_3' expected='EXIT_3'
OK   record.result: actual='SUCCESS' expected='SUCCESS'
OK   record.first_failure.step (none: predicate satisfied): actual=None expected=None
OK   predicates.log PREDICATE_OK for the lease probe: actual=True expected=True
PREDICATES lease-held-by-supervisor: ALL_OK (34/34)
[2026-09-23T01:14:41Z] control lease-held-by-supervisor class=normal launcher_exit=0 predicates_rc=0 leftovers_in_session='' (census=EMPTY; after driver reap: '' census=EMPTY) private_lease_free=true live_quarantine_holder='' dir=/home/user/workspace/execution/s4-r6-validation/v6/control-runs/CONTROL-V6-20260923T011438Z-15278-dd0df59b elapsed=35s
[2026-09-23T01:14:41Z] control 7/12 refuse class=normal fault='' outer=10s grace=3s seam='' launcher_bound=90s elapsed=35s remaining=1465s
[2026-09-23T01:14:41Z] lease held kind=private-held-by-launcher path=/home/user/workspace/execution/s4-r6-validation/v6/control-runs/.private-control-lease.lock holder=15485 (fd 9; inherited by runner for verification only; step children close it)
[2026-09-23T01:14:41Z] standby holder verified pid=15518 starttime=208539 token=s4r6-quarantine-holder-CONTROL-V6-20260923T011441Z-15485-794df98c fd9=/home/user/workspace/execution/s4-r6-validation/v6/control-runs/.private-control-lease.lock
[2026-09-23T01:14:41Z] launch kind=CONTROL scenario=refuse run=CONTROL-V6-20260923T011441Z-15485-794df98c runner=/home/user/workspace/execution/s4-r6-validation/v6/controls/s4-r6-control-stub-v6.sh sha256=6ddf03538e1d1d412ab161349ea79de0e847b40477ce47d50b77b7ee1450d8f3 outer=10s grace=3s confirm=10s post=8s publish=5s read=5s qverify=5s worst=90s launcher_start=208536
[2026-09-23T01:14:41Z] owned session sid=15542 (runner pid 15542)
/home/user/workspace/execution/s4-r6-validation/v6/launcher/s4-r6-launch-v6.sh: line 134: 15518 Killed                     setsid bash -c 'while :; do sleep 60 9>&-; done' "$QUARANTINE_TOKEN" < /dev/null > /dev/null 2>&1
[2026-09-23T01:14:42Z] OVERALL=RUNNER_REFUSED launcher_exit=71 publication_ok=true runner_exit=71 runner_result=MISSING_OR_UNPARSEABLE survivors='' record=/home/user/workspace/execution/s4-r6-validation/v6/control-runs/CONTROL-V6-20260923T011441Z-15485-794df98c/SUPERVISOR_RECORD.json
OK   supervisor_record_parsed: actual=True expected=True
OK   supervisor.kind: actual='CONTROL' expected='CONTROL'
OK   supervisor.scenario: actual='refuse' expected='refuse'
OK   supervisor.launcher_exit_matches_observed: actual=71 expected=71
OK   lease.kind is the PRIVATE control lease: actual='private-held-by-launcher' expected='private-held-by-launcher'
OK   lease.path is under v6/control-runs (never canonical): actual=True expected=True
OK   lease.held_by_launcher: actual=True expected=True
OK   bounds.worst_case_formula recorded: actual='outer+grace+confirm+post_exit_reap+publish+2*read+2*quarantine_verify+16*census+2' expected='outer+grace+confirm+post_exit_reap+publish+2*read+2*quarantine_verify+16*census+2'
OK   bounds.phases_are_wall_clock: actual=True expected=True
OK   bounds.census_s recorded (int): actual=True expected=True
OK   lease.holder_pid is the launcher (int): actual=True expected=True
OK   lease.self_hold false (the self-hold fallback is not exercised by any control): actual=False expected=False
OK   supervisor.control_fault recorded exactly as injected: actual=None expected=None
OK   supervisor.survivors_after_kill_empty: actual=[] expected=[]
OK   lease.released_at_launcher_exit (no quarantine): actual=True expected=True
OK   lease.quarantine_holder_pid: the standby holder pid is recorded (int): actual=True expected=True
OK   lease.quarantine_ok absent (no handoff attempted): actual=None expected=None
OK   lease.quarantine_receipt_ok absent: actual=None expected=None
OK   lease.standby_holder_verified (S4-V5-A-03: holder existed before anything was owned): actual=True expected=True
OK   lease.standby_holder_released at exit (identity-checked, after verified-empty census): actual=True expected=True
OK   owned_session.census_state is verified EMPTY (UNKNOWN never counts as empty): actual='EMPTY' expected='EMPTY'
OK   overall: actual='RUNNER_REFUSED' expected='RUNNER_REFUSED'
OK   launcher_exit: actual=71 expected=71
OK   runner.exit: actual=71 expected=71
OK   runner.exit_confirmed: actual=True expected=True
OK   runner.handshake absent (refused before handshake): actual=None expected=None
OK   refusal recorded: actual=True expected=True
OK   orphans_after_runner_exit_empty: actual=[] expected=[]
OK   no EXIT_RECORD written by a refused stub: actual=None expected=None
PREDICATES refuse: ALL_OK (29/29)
[2026-09-23T01:14:42Z] control refuse class=normal launcher_exit=71 predicates_rc=0 leftovers_in_session='' (census=EMPTY; after driver reap: '' census=EMPTY) private_lease_free=true live_quarantine_holder='' dir=/home/user/workspace/execution/s4-r6-validation/v6/control-runs/CONTROL-V6-20260923T011441Z-15485-794df98c elapsed=36s
[2026-09-23T01:14:42Z] control 8/12 fault-holder-unverifiable class=refusal fault='holder-unverifiable' outer=10s grace=3s seam='' launcher_bound=90s elapsed=36s remaining=1464s
[2026-09-23T01:14:42Z] lease held kind=private-held-by-launcher path=/home/user/workspace/execution/s4-r6-validation/v6/control-runs/.private-control-lease.lock holder=15633 (fd 9; inherited by runner for verification only; step children close it)
[2026-09-23T01:14:47Z] REFUSE: standby lease holder could not be verified within 5s (nothing spawned; lease released at exit)
/home/user/workspace/execution/s4-r6-validation/v6/launcher/s4-r6-launch-v6.sh: line 175: 15666 Killed                     setsid bash -c 'while :; do sleep 60 9>&-; done' "$QUARANTINE_TOKEN" < /dev/null > /dev/null 2>&1
[2026-09-23T01:14:48Z] OVERALL=STANDBY_HOLDER_FAILED launcher_exit=8 publication_ok=true runner_exit=none runner_result=MISSING_OR_UNPARSEABLE survivors='' record=/home/user/workspace/execution/s4-r6-validation/v6/control-runs/CONTROL-V6-20260923T011442Z-15633-cf1d24d1/SUPERVISOR_RECORD.json
OK   supervisor_record_parsed: actual=True expected=True
OK   supervisor.kind: actual='CONTROL' expected='CONTROL'
OK   supervisor.scenario: actual='fault-holder-unverifiable' expected='fault-holder-unverifiable'
OK   supervisor.launcher_exit_matches_observed: actual=8 expected=8
OK   lease.kind is the PRIVATE control lease: actual='private-held-by-launcher' expected='private-held-by-launcher'
OK   lease.path is under v6/control-runs (never canonical): actual=True expected=True
OK   lease.held_by_launcher: actual=True expected=True
OK   bounds.worst_case_formula recorded: actual='outer+grace+confirm+post_exit_reap+publish+2*read+2*quarantine_verify+16*census+2' expected='outer+grace+confirm+post_exit_reap+publish+2*read+2*quarantine_verify+16*census+2'
OK   bounds.phases_are_wall_clock: actual=True expected=True
OK   bounds.census_s recorded (int): actual=True expected=True
OK   lease.holder_pid is the launcher (int): actual=True expected=True
OK   lease.self_hold false (the self-hold fallback is not exercised by any control): actual=False expected=False
OK   supervisor.control_fault recorded exactly as injected: actual='holder-unverifiable' expected='holder-unverifiable'
OK   overall: actual='STANDBY_HOLDER_FAILED' expected='STANDBY_HOLDER_FAILED'
OK   launcher_exit: actual=8 expected=8
OK   lease.standby_holder_verified false (injected never-matching token): actual=False expected=False
OK   lease.released_at_launcher_exit true (nothing owned): actual=True expected=True
OK   lease.quarantine_ok absent: actual=None expected=None
OK   runner.spawned_pid absent (refused before spawn): actual=None expected=None
OK   owned_session.sid absent: actual=None expected=None
OK   no OWNED_SID file: actual=False expected=False
OK   no EXIT_RECORD: actual=None expected=None
OK   refusal text names the standby holder: actual=True expected=True
PREDICATES fault-holder-unverifiable: ALL_OK (23/23)
[2026-09-23T01:14:49Z] control fault-holder-unverifiable class=refusal launcher_exit=8 predicates_rc=0 leftovers_in_session='' (census=NO_SESSION; after driver reap: '' census=NO_SESSION) private_lease_free=true live_quarantine_holder='' dir=/home/user/workspace/execution/s4-r6-validation/v6/control-runs/CONTROL-V6-20260923T011442Z-15633-cf1d24d1 elapsed=43s
[2026-09-23T01:14:49Z] control 9/12 fault-survivors-quarantine class=quarantine fault='census-members-persist' outer=4s grace=6s seam='' launcher_bound=87s elapsed=43s remaining=1457s
[2026-09-23T01:14:49Z] lease held kind=private-held-by-launcher path=/home/user/workspace/execution/s4-r6-validation/v6/control-runs/.private-control-lease.lock holder=15806 (fd 9; inherited by runner for verification only; step children close it)
[2026-09-23T01:14:49Z] standby holder verified pid=15839 starttime=209327 token=s4r6-quarantine-holder-CONTROL-V6-20260923T011449Z-15806-9b58beeb fd9=/home/user/workspace/execution/s4-r6-validation/v6/control-runs/.private-control-lease.lock
[2026-09-23T01:14:49Z] launch kind=CONTROL scenario=fault-survivors-quarantine run=CONTROL-V6-20260923T011449Z-15806-9b58beeb runner=/home/user/workspace/execution/s4-r6-validation/v6/controls/s4-r6-control-stub-v6.sh sha256=6ddf03538e1d1d412ab161349ea79de0e847b40477ce47d50b77b7ee1450d8f3 outer=4s grace=6s confirm=10s post=8s publish=5s read=5s qverify=5s worst=87s launcher_start=209324
[2026-09-23T01:14:49Z] owned session sid=15863 (runner pid 15863)
[2026-09-23T01:14:53Z] OUTER DEADLINE 4s reached
[2026-09-23T01:14:53Z] TERM owned session 15863 members: 15863 15887 15888 (census=MEMBERS)
[2026-09-23T01:14:55Z] owned orphans after runner exit: '15863 15887 15888' census=MEMBERS — TERM/KILL (UNKNOWN census is treated as unresolved)
/home/user/workspace/execution/s4-r6-validation/v6/launcher/s4-r6-launch-v6.sh: line 331: /proc/15863/cmdline: No such file or directory
/home/user/workspace/execution/s4-r6-validation/v6/launcher/s4-r6-launch-v6.sh: line 331: /proc/15887/cmdline: No such file or directory
/home/user/workspace/execution/s4-r6-validation/v6/launcher/s4-r6-launch-v6.sh: line 331: /proc/15888/cmdline: No such file or directory
[2026-09-23T01:15:04Z] UNSAFE HANDOFF: survivors='15863 15887 15888' census=MEMBERS — lease /home/user/workspace/execution/s4-r6-validation/v6/control-runs/.private-control-lease.lock retained by holder pid=15839 starttime=209327 token=s4r6-quarantine-holder-CONTROL-V6-20260923T011449Z-15806-9b58beeb receipt_ok=true self_hold=false (never SUCCESS, never permission for another lane)
[2026-09-23T01:15:05Z] OVERALL=QUARANTINED_SURVIVORS launcher_exit=5 publication_ok=true runner_exit=15 runner_result=FAILED survivors='15863 15887 15888' record=/home/user/workspace/execution/s4-r6-validation/v6/control-runs/CONTROL-V6-20260923T011449Z-15806-9b58beeb/SUPERVISOR_RECORD.json
OK   supervisor_record_parsed: actual=True expected=True
OK   supervisor.kind: actual='CONTROL' expected='CONTROL'
OK   supervisor.scenario: actual='fault-survivors-quarantine' expected='fault-survivors-quarantine'
OK   supervisor.launcher_exit_matches_observed: actual=5 expected=5
OK   lease.kind is the PRIVATE control lease: actual='private-held-by-launcher' expected='private-held-by-launcher'
OK   lease.path is under v6/control-runs (never canonical): actual=True expected=True
OK   lease.held_by_launcher: actual=True expected=True
OK   bounds.worst_case_formula recorded: actual='outer+grace+confirm+post_exit_reap+publish+2*read+2*quarantine_verify+16*census+2' expected='outer+grace+confirm+post_exit_reap+publish+2*read+2*quarantine_verify+16*census+2'
OK   bounds.phases_are_wall_clock: actual=True expected=True
OK   bounds.census_s recorded (int): actual=True expected=True
OK   lease.holder_pid is the launcher (int): actual=True expected=True
OK   lease.self_hold false (the self-hold fallback is not exercised by any control): actual=False expected=False
OK   supervisor.control_fault recorded exactly as injected: actual='census-members-persist' expected='census-members-persist'
OK   lease.released_at_launcher_exit is FALSE (exclusion retained): actual=False expected=False
OK   lease.quarantine_ok (verified holder retains the lease): actual=True expected=True
OK   lease.standby_holder_verified: actual=True expected=True
OK   lease.standby_holder_released is None (never released on a quarantine path): actual=None expected=None
OK   lease.standby_holder_respawned false (standby holder still valid at quarantine time): actual=False expected=False
OK   lease.quarantine_holder_pid int: actual=True expected=True
OK   lease.quarantine_holder_starttime int: actual=True expected=True
OK   lease.quarantine_holder_token names this run: actual=True expected=True
OK   lease.quarantine_holder_pid != launcher (a separate holder, not self-hold): actual=True expected=True
OK   overall: actual='QUARANTINED_SURVIVORS' expected='QUARANTINED_SURVIVORS'
OK   launcher_exit: actual=5 expected=5
OK   lease.quarantine_receipt_ok true: actual=True expected=True
OK   QUARANTINE_LEASE_HOLDER receipt present: actual=True expected=True
OK   receipt first line carries pid/starttime/token of the recorded holder: actual=True expected=True
OK   owned_session.census_state MEMBERS (injected persistence): actual='MEMBERS' expected='MEMBERS'
OK   bounds.timed_out true (live step hit the 4 s deadline): actual=True expected=True
OK   owned_session.signalled TERM or TERM+KILL: actual=True expected=True
OK   owned_session.survivors_after_kill nonempty (injected): actual=True expected=True
PREDICATES fault-survivors-quarantine: ALL_OK (31/31)
[2026-09-23T01:15:05Z] control fault-survivors-quarantine class=quarantine launcher_exit=5 predicates_rc=0 leftovers_in_session='' (census=EMPTY; after driver reap: '' census=EMPTY) private_lease_free=false live_quarantine_holder='15839 209327 s4r6-quarantine-holder-CONTROL-V6-20260923T011449Z-15806-9b58beeb' dir=/home/user/workspace/execution/s4-r6-validation/v6/control-runs/CONTROL-V6-20260923T011449Z-15806-9b58beeb elapsed=59s
[2026-09-23T01:15:05Z] recover_holder: identity verified pid=15839 starttime=209327 token=s4r6-quarantine-holder-CONTROL-V6-20260923T011449Z-15806-9b58beeb fd9=/home/user/workspace/execution/s4-r6-validation/v6/control-runs/.private-control-lease.lock — KILL (private lease, injected survivors verified gone)
[2026-09-23T01:15:06Z] control fault-survivors-quarantine recovery: holder terminated; private_lease_free=true final_census=EMPTY
[2026-09-23T01:15:06Z] control 10/12 fault-receipt-unwritable class=quarantine fault='census-members-persist,receipt-unwritable' outer=4s grace=6s seam='' launcher_bound=87s elapsed=60s remaining=1440s
[2026-09-23T01:15:06Z] lease held kind=private-held-by-launcher path=/home/user/workspace/execution/s4-r6-validation/v6/control-runs/.private-control-lease.lock holder=16295 (fd 9; inherited by runner for verification only; step children close it)
[2026-09-23T01:15:06Z] standby holder verified pid=16328 starttime=211007 token=s4r6-quarantine-holder-CONTROL-V6-20260923T011506Z-16295-349010fa fd9=/home/user/workspace/execution/s4-r6-validation/v6/control-runs/.private-control-lease.lock
[2026-09-23T01:15:06Z] launch kind=CONTROL scenario=fault-receipt-unwritable run=CONTROL-V6-20260923T011506Z-16295-349010fa runner=/home/user/workspace/execution/s4-r6-validation/v6/controls/s4-r6-control-stub-v6.sh sha256=6ddf03538e1d1d412ab161349ea79de0e847b40477ce47d50b77b7ee1450d8f3 outer=4s grace=6s confirm=10s post=8s publish=5s read=5s qverify=5s worst=87s launcher_start=211004
[2026-09-23T01:15:06Z] owned session sid=16352 (runner pid 16352)
[2026-09-23T01:15:10Z] OUTER DEADLINE 4s reached
[2026-09-23T01:15:10Z] TERM owned session 16352 members: 16352 16376 16377 (census=MEMBERS)
[2026-09-23T01:15:11Z] owned orphans after runner exit: '16352 16376 16377' census=MEMBERS — TERM/KILL (UNKNOWN census is treated as unresolved)
/home/user/workspace/execution/s4-r6-validation/v6/launcher/s4-r6-launch-v6.sh: line 331: /proc/16352/cmdline: No such file or directory
/home/user/workspace/execution/s4-r6-validation/v6/launcher/s4-r6-launch-v6.sh: line 331: /proc/16376/cmdline: No such file or directory
/home/user/workspace/execution/s4-r6-validation/v6/launcher/s4-r6-launch-v6.sh: line 331: /proc/16377/cmdline: No such file or directory
/home/user/workspace/execution/s4-r6-validation/v6/launcher/s4-r6-launch-v6.sh: line 307: /home/user/workspace/execution/s4-r6-validation/v6/control-runs/CONTROL-V6-20260923T011506Z-16295-349010fa/no-such-dir/QUARANTINE_LEASE_HOLDER.tmp: No such file or directory
[2026-09-23T01:15:20Z] UNSAFE HANDOFF: survivors='16352 16376 16377' census=MEMBERS — lease /home/user/workspace/execution/s4-r6-validation/v6/control-runs/.private-control-lease.lock retained by holder pid=16328 starttime=211007 token=s4r6-quarantine-holder-CONTROL-V6-20260923T011506Z-16295-349010fa receipt_ok=false self_hold=false (never SUCCESS, never permission for another lane)
[2026-09-23T01:15:20Z] OVERALL=QUARANTINED_RECEIPT_FAILED launcher_exit=11 publication_ok=true runner_exit=15 runner_result=FAILED survivors='16352 16376 16377' record=/home/user/workspace/execution/s4-r6-validation/v6/control-runs/CONTROL-V6-20260923T011506Z-16295-349010fa/SUPERVISOR_RECORD.json
OK   supervisor_record_parsed: actual=True expected=True
OK   supervisor.kind: actual='CONTROL' expected='CONTROL'
OK   supervisor.scenario: actual='fault-receipt-unwritable' expected='fault-receipt-unwritable'
OK   supervisor.launcher_exit_matches_observed: actual=11 expected=11
OK   lease.kind is the PRIVATE control lease: actual='private-held-by-launcher' expected='private-held-by-launcher'
OK   lease.path is under v6/control-runs (never canonical): actual=True expected=True
OK   lease.held_by_launcher: actual=True expected=True
OK   bounds.worst_case_formula recorded: actual='outer+grace+confirm+post_exit_reap+publish+2*read+2*quarantine_verify+16*census+2' expected='outer+grace+confirm+post_exit_reap+publish+2*read+2*quarantine_verify+16*census+2'
OK   bounds.phases_are_wall_clock: actual=True expected=True
OK   bounds.census_s recorded (int): actual=True expected=True
OK   lease.holder_pid is the launcher (int): actual=True expected=True
OK   lease.self_hold false (the self-hold fallback is not exercised by any control): actual=False expected=False
OK   supervisor.control_fault recorded exactly as injected: actual='census-members-persist,receipt-unwritable' expected='census-members-persist,receipt-unwritable'
OK   lease.released_at_launcher_exit is FALSE (exclusion retained): actual=False expected=False
OK   lease.quarantine_ok (verified holder retains the lease): actual=True expected=True
OK   lease.standby_holder_verified: actual=True expected=True
OK   lease.standby_holder_released is None (never released on a quarantine path): actual=None expected=None
OK   lease.standby_holder_respawned false (standby holder still valid at quarantine time): actual=False expected=False
OK   lease.quarantine_holder_pid int: actual=True expected=True
OK   lease.quarantine_holder_starttime int: actual=True expected=True
OK   lease.quarantine_holder_token names this run: actual=True expected=True
OK   lease.quarantine_holder_pid != launcher (a separate holder, not self-hold): actual=True expected=True
OK   overall: actual='QUARANTINED_RECEIPT_FAILED' expected='QUARANTINED_RECEIPT_FAILED'
OK   launcher_exit: actual=11 expected=11
OK   lease.quarantine_receipt_ok false: actual=False expected=False
OK   QUARANTINE_LEASE_HOLDER receipt ABSENT (injected): actual=False expected=False
OK   lease.quarantine_failure names the receipt: actual=True expected=True
OK   owned_session.census_state MEMBERS (injected persistence): actual='MEMBERS' expected='MEMBERS'
OK   bounds.timed_out true (live step hit the 4 s deadline): actual=True expected=True
OK   owned_session.signalled TERM or TERM+KILL: actual=True expected=True
OK   owned_session.survivors_after_kill nonempty (injected): actual=True expected=True
PREDICATES fault-receipt-unwritable: ALL_OK (31/31)
[2026-09-23T01:15:21Z] control fault-receipt-unwritable class=quarantine launcher_exit=11 predicates_rc=0 leftovers_in_session='' (census=EMPTY; after driver reap: '' census=EMPTY) private_lease_free=false live_quarantine_holder='16328 211007 s4r6-quarantine-holder-CONTROL-V6-20260923T011506Z-16295-349010fa' dir=/home/user/workspace/execution/s4-r6-validation/v6/control-runs/CONTROL-V6-20260923T011506Z-16295-349010fa elapsed=75s
[2026-09-23T01:15:22Z] recover_holder: identity verified pid=16328 starttime=211007 token=s4r6-quarantine-holder-CONTROL-V6-20260923T011506Z-16295-349010fa fd9=/home/user/workspace/execution/s4-r6-validation/v6/control-runs/.private-control-lease.lock — KILL (private lease, injected survivors verified gone)
[2026-09-23T01:15:22Z] control fault-receipt-unwritable recovery: holder terminated; private_lease_free=true final_census=EMPTY
[2026-09-23T01:15:22Z] control 11/12 fault-census-unknown class=quarantine fault='census-unknown' outer=10s grace=3s seam='' launcher_bound=90s elapsed=76s remaining=1424s
[2026-09-23T01:15:22Z] lease held kind=private-held-by-launcher path=/home/user/workspace/execution/s4-r6-validation/v6/control-runs/.private-control-lease.lock holder=17254 (fd 9; inherited by runner for verification only; step children close it)
[2026-09-23T01:15:22Z] standby holder verified pid=17287 starttime=212627 token=s4r6-quarantine-holder-CONTROL-V6-20260923T011522Z-17254-7e3d3051 fd9=/home/user/workspace/execution/s4-r6-validation/v6/control-runs/.private-control-lease.lock
[2026-09-23T01:15:22Z] launch kind=CONTROL scenario=fault-census-unknown run=CONTROL-V6-20260923T011522Z-17254-7e3d3051 runner=/home/user/workspace/execution/s4-r6-validation/v6/controls/s4-r6-control-stub-v6.sh sha256=6ddf03538e1d1d412ab161349ea79de0e847b40477ce47d50b77b7ee1450d8f3 outer=10s grace=3s confirm=10s post=8s publish=5s read=5s qverify=5s worst=90s launcher_start=212624
[2026-09-23T01:15:22Z] owned session sid=17311 (runner pid 17311)
[2026-09-23T01:15:23Z] owned orphans after runner exit: '' census=UNKNOWN:124 — TERM/KILL (UNKNOWN census is treated as unresolved)
[2026-09-23T01:15:31Z] UNSAFE HANDOFF: survivors='' census=UNKNOWN:124 — lease /home/user/workspace/execution/s4-r6-validation/v6/control-runs/.private-control-lease.lock retained by holder pid=17287 starttime=212627 token=s4r6-quarantine-holder-CONTROL-V6-20260923T011522Z-17254-7e3d3051 receipt_ok=true self_hold=false (never SUCCESS, never permission for another lane)
[2026-09-23T01:15:32Z] OVERALL=QUARANTINED_SURVIVORS launcher_exit=5 publication_ok=true runner_exit=0 runner_result=SUCCESS survivors='' record=/home/user/workspace/execution/s4-r6-validation/v6/control-runs/CONTROL-V6-20260923T011522Z-17254-7e3d3051/SUPERVISOR_RECORD.json
OK   supervisor_record_parsed: actual=True expected=True
OK   supervisor.kind: actual='CONTROL' expected='CONTROL'
OK   supervisor.scenario: actual='fault-census-unknown' expected='fault-census-unknown'
OK   supervisor.launcher_exit_matches_observed: actual=5 expected=5
OK   lease.kind is the PRIVATE control lease: actual='private-held-by-launcher' expected='private-held-by-launcher'
OK   lease.path is under v6/control-runs (never canonical): actual=True expected=True
OK   lease.held_by_launcher: actual=True expected=True
OK   bounds.worst_case_formula recorded: actual='outer+grace+confirm+post_exit_reap+publish+2*read+2*quarantine_verify+16*census+2' expected='outer+grace+confirm+post_exit_reap+publish+2*read+2*quarantine_verify+16*census+2'
OK   bounds.phases_are_wall_clock: actual=True expected=True
OK   bounds.census_s recorded (int): actual=True expected=True
OK   lease.holder_pid is the launcher (int): actual=True expected=True
OK   lease.self_hold false (the self-hold fallback is not exercised by any control): actual=False expected=False
OK   supervisor.control_fault recorded exactly as injected: actual='census-unknown' expected='census-unknown'
OK   lease.released_at_launcher_exit is FALSE (exclusion retained): actual=False expected=False
OK   lease.quarantine_ok (verified holder retains the lease): actual=True expected=True
OK   lease.standby_holder_verified: actual=True expected=True
OK   lease.standby_holder_released is None (never released on a quarantine path): actual=None expected=None
OK   lease.standby_holder_respawned false (standby holder still valid at quarantine time): actual=False expected=False
OK   lease.quarantine_holder_pid int: actual=True expected=True
OK   lease.quarantine_holder_starttime int: actual=True expected=True
OK   lease.quarantine_holder_token names this run: actual=True expected=True
OK   lease.quarantine_holder_pid != launcher (a separate holder, not self-hold): actual=True expected=True
OK   overall: actual='QUARANTINED_SURVIVORS' expected='QUARANTINED_SURVIVORS'
OK   launcher_exit: actual=5 expected=5
OK   lease.quarantine_receipt_ok true: actual=True expected=True
OK   QUARANTINE_LEASE_HOLDER receipt present: actual=True expected=True
OK   receipt first line carries pid/starttime/token of the recorded holder: actual=True expected=True
OK   owned_session.census_state UNKNOWN:124 (injected) — treated as unresolved, never SUCCESS: actual='UNKNOWN:124' expected='UNKNOWN:124'
OK   runner.exit 0 (workload itself succeeded; quarantine is census-driven): actual=0 expected=0
OK   bounds.timed_out false: actual=False expected=False
PREDICATES fault-census-unknown: ALL_OK (30/30)
[2026-09-23T01:15:32Z] control fault-census-unknown class=quarantine launcher_exit=5 predicates_rc=0 leftovers_in_session='' (census=EMPTY; after driver reap: '' census=EMPTY) private_lease_free=false live_quarantine_holder='17287 212627 s4r6-quarantine-holder-CONTROL-V6-20260923T011522Z-17254-7e3d3051' dir=/home/user/workspace/execution/s4-r6-validation/v6/control-runs/CONTROL-V6-20260923T011522Z-17254-7e3d3051 elapsed=86s
[2026-09-23T01:15:32Z] recover_holder: identity verified pid=17287 starttime=212627 token=s4r6-quarantine-holder-CONTROL-V6-20260923T011522Z-17254-7e3d3051 fd9=/home/user/workspace/execution/s4-r6-validation/v6/control-runs/.private-control-lease.lock — KILL (private lease, injected survivors verified gone)
[2026-09-23T01:15:32Z] control fault-census-unknown recovery: holder terminated; private_lease_free=true final_census=EMPTY
[2026-09-23T01:15:33Z] control 12/12 direct-runner-refusal exit=71 (expect 71) message='REFUSE: not launched through the V6 launcher (token/out mismatch)' runs_dir_unchanged=true
[2026-09-23T01:15:33Z] ALL 12 CONTROLS OK elapsed=87s (hard budget 1500s). Controls prove wrapper/ownership/lease/publication behaviour on the PRIVATE lease only — not the canonical lock's occupancy, not gates, Vitest, package, browser or acceptance.
[2026-09-23T01:15:33Z] EXIT code=0 why=all controls passed run=/home/user/workspace/execution/s4-r6-validation/v6/control-runs/CONTROL-V6-20260923T011522Z-17254-7e3d3051 identity=BOUND leftovers_first='' (state=EMPTY) leftovers_final='' (state=EMPTY) private_lease_free=true live_quarantine_holder='' cancelled='' elapsed=87s budget=1500s
