2026-09-26T01:03:52Z RUN s8g-compose pid=19100 user=user node=v20.20.1 git=git version 2.53.0
2026-09-26T01:03:52Z LOCK acquired fd9 inode=692282 (released at exit; file preserved)
2026-09-26T01:03:53Z REMOTE integration/importer=9497ca5275938c9228c6ec6fa0dfa8c34f39f724 main=1c10e2a19b35bbb4fb17fe7c5aab6fa613e74c47 land_refs=18
The bundle contains this ref:
1279b419ee60b25163c7e6d2809b749dd723fee9 refs/heads/exec1910/s8g
The bundle requires this ref:
62471b116267fdec6746073c4b4c80a154d09834 
The bundle uses this hash algorithm: sha1
/home/user/workspace/tgp-private-evidence/execution/1910a060/landing/bundles/s8g-1279b419ee60-full.bundle is okay
2026-09-26T01:04:04Z S8G exact 1279b419ee60b25163c7e6d2809b749dd723fee9 tree=44ece797c9183ee33198b2c43e402f943911369a parent=62471b116267fdec6746073c4b4c80a154d09834 raw=297d58bdaf36793ba7826e1e8ff86e9e4e0629250f25a1839461b5e2fb4ae732 blobs==gate receipt (14) bundle=cf5867b9fb8f648711b713bcf35d654fb7f1a1aa9117fac8f5ea20d91324285d
2026-09-26T01:04:05Z HYGIENE ok 2 commit(s) 62471b11..1279b419
2026-09-26T01:04:27Z LEFTHOOK_VERSION=2.1.9 expect=2.1.9
2026-09-26T01:04:27Z HOOK_RAW own pre-commit=e7ebc98d0a376aa2cb3751478f11ce8b18e076d256b3f1c5dd1edb0e54e909c5 commit-msg=b8402454bb2e318d8a9dc019a24cdb322842936cff45cf2d15d9c45bc1fd1975 | ref(/home/user/workspace/worktrees/1910a060-s8f) pre-commit=e21bece648d1a2a72fa38e1323dc61d3558e349ff25f764d1c98b494f8af06b1 commit-msg=277018c46292e87a96e872b68fc792b09f7e1359cafd7ec891ae1586387160b9
2026-09-26T01:04:27Z HOOK_NORMALIZED own pre-commit=9dcf80f409a026d9d672c015b6356ff3983f08a0541d2283b58c3fb1af5c0298 commit-msg=4ab9b41920737c96c2b28aba37fbf9d30024fc79e0e8cf5d1860303ff2e69f87 | ref pre-commit=9dcf80f409a026d9d672c015b6356ff3983f08a0541d2283b58c3fb1af5c0298 commit-msg=4ab9b41920737c96c2b28aba37fbf9d30024fc79e0e8cf5d1860303ff2e69f87
2026-09-26T01:04:27Z HOOK_OK own hooks reference /home/user/workspace/worktrees/1910a060-land-s8g/node_modules/lefthook-linux-x64/bin/lefthook
2026-09-26T01:04:27Z RUNTIME wt=/home/user/workspace/worktrees/1910a060-land-s8g branch=land1910/s8g nm_lock=05bc530aa44bfa6df64f0daa8edb66c5181abf4bfbc309bd8da2c8aff37b6a44 client=9042e713ba5678c99959a345b7b18a60dfc186b2c7d890b8d9c3ed5c8f4edcc6 prettier=3.9.9 hooks ok
2026-09-26T01:04:28Z MERGED (uncommitted) tree=74c06f8ffe26eda1e99251ecf1bbcdface6689ff
2026-09-26T01:05:14Z JEST rc=0 Test Suites: 11 passed, 11 total Tests:       1 skipped, 471 passed, 472 total 
[38;2;0;0;0m╭[38;2;5;5;5m─[38;2;11;11;11m─[38;2;16;16;16m─[38;2;19;19;19m─[38;2;23;23;23m─[38;2;26;26;26m─[38;2;29;29;29m─[38;2;32;32;32m─[38;2;35;35;35m─[38;2;39;39;39m─[38;2;42;42;42m─[38;2;45;45;45m─[38;2;49;49;49m─[38;2;52;52;52m─[38;2;56;56;56m─[38;2;56;56;56m─[38;2;52;52;52m─[38;2;49;49;49m─[38;2;45;45;45m─[38;2;42;42;42m─[38;2;39;39;39m─[38;2;35;35;35m─[38;2;32;32;32m─[38;2;29;29;29m─[38;2;26;26;26m─[38;2;23;23;23m─[38;2;19;19;19m─[38;2;16;16;16m─[38;2;11;11;11m─[38;2;5;5;5m─[38;2;0;0;0m─[38;2;0;0;0m─[38;2;6;6;6m─[38;2;12;12;12m─[38;2;17;17;17m─[38;2;20;20;20m─[38;2;24;24;24m─[38;2;27;27;27m─[38;2;31;31;31m─[38;2;34;34;34m─[38;2;38;38;38m─[38;2;41;41;41m╮[m
[38;2;0;0;0m│[m 🥊 lefthook  v2.1.9   hook:  [1mpre-commit[m [38;2;52;52;52m│[m
[38;2;6;6;6m╰[38;2;12;12;12m─[38;2;17;17;17m─[38;2;20;20;20m─[38;2;24;24;24m─[38;2;27;27;27m─[38;2;31;31;31m─[38;2;34;34;34m─[38;2;38;38;38m─[38;2;41;41;41m─[38;2;45;45;45m─[38;2;48;48;48m─[38;2;52;52;52m─[38;2;56;56;56m─[38;2;56;56;56m─[38;2;52;52;52m─[38;2;48;48;48m─[38;2;45;45;45m─[38;2;41;41;41m─[38;2;38;38;38m─[38;2;34;34;34m─[38;2;31;31;31m─[38;2;27;27;27m─[38;2;24;24;24m─[38;2;20;20;20m─[38;2;17;17;17m─[38;2;12;12;12m─[38;2;6;6;6m─[38;2;0;0;0m─[38;2;0;0;0m─[38;2;6;6;6m─[38;2;12;12;12m─[38;2;17;17;17m─[38;2;20;20;20m─[38;2;24;24;24m─[38;2;27;27;27m─[38;2;31;31;31m─[38;2;34;34;34m─[38;2;38;38;38m─[38;2;41;41;41m─[38;2;45;45;45m─[38;2;48;48;48m─[38;2;52;52;52m╯[m
┃  prod-readiness-quick ❯ 

┃  banned-cast-tokens ❯ 
R75 --cached; policy=:.github/r75-policy.json
Counts are whole-file after (+) and before (-); net is the per-class change.
OK — no positive token change

┃  prettier ❯ 
Checking formatting...
All matched files use Prettier code style!

┃  eslint ❯ 

┃  tsc ❯ 

[38;2;56;56;56m  ────────────────────────────────────[m
summary: (done in 46.43 seconds)
✔️ prod-readiness-quick (0.01 seconds)
✔️ banned-cast-tokens (0.43 seconds)
✔️ prettier (2.78 seconds)
✔️ eslint (4.25 seconds)
✔️ tsc (46.42 seconds)
[38;2;0;0;0m╭[38;2;5;5;5m─[38;2;11;11;11m─[38;2;16;16;16m─[38;2;19;19;19m─[38;2;23;23;23m─[38;2;26;26;26m─[38;2;29;29;29m─[38;2;32;32;32m─[38;2;35;35;35m─[38;2;39;39;39m─[38;2;42;42;42m─[38;2;45;45;45m─[38;2;49;49;49m─[38;2;52;52;52m─[38;2;56;56;56m─[38;2;56;56;56m─[38;2;52;52;52m─[38;2;49;49;49m─[38;2;45;45;45m─[38;2;42;42;42m─[38;2;39;39;39m─[38;2;35;35;35m─[38;2;32;32;32m─[38;2;29;29;29m─[38;2;26;26;26m─[38;2;23;23;23m─[38;2;19;19;19m─[38;2;16;16;16m─[38;2;11;11;11m─[38;2;5;5;5m─[38;2;0;0;0m─[38;2;0;0;0m─[38;2;6;6;6m─[38;2;12;12;12m─[38;2;17;17;17m─[38;2;20;20;20m─[38;2;24;24;24m─[38;2;27;27;27m─[38;2;31;31;31m─[38;2;34;34;34m─[38;2;38;38;38m─[38;2;41;41;41m╮[m
[38;2;0;0;0m│[m 🥊 lefthook  v2.1.9   hook:  [1mcommit-msg[m [38;2;52;52;52m│[m
[38;2;6;6;6m╰[38;2;12;12;12m─[38;2;17;17;17m─[38;2;20;20;20m─[38;2;24;24;24m─[38;2;27;27;27m─[38;2;31;31;31m─[38;2;34;34;34m─[38;2;38;38;38m─[38;2;41;41;41m─[38;2;45;45;45m─[38;2;48;48;48m─[38;2;52;52;52m─[38;2;56;56;56m─[38;2;56;56;56m─[38;2;52;52;52m─[38;2;48;48;48m─[38;2;45;45;45m─[38;2;41;41;41m─[38;2;38;38;38m─[38;2;34;34;34m─[38;2;31;31;31m─[38;2;27;27;27m─[38;2;24;24;24m─[38;2;20;20;20m─[38;2;17;17;17m─[38;2;12;12;12m─[38;2;6;6;6m─[38;2;0;0;0m─[38;2;0;0;0m─[38;2;6;6;6m─[38;2;12;12;12m─[38;2;17;17;17m─[38;2;20;20;20m─[38;2;24;24;24m─[38;2;27;27;27m─[38;2;31;31;31m─[38;2;34;34;34m─[38;2;38;38;38m─[38;2;41;41;41m─[38;2;45;45;45m─[38;2;48;48;48m─[38;2;52;52;52m╯[m
┃  no-ai-tokens ❯ 

[38;2;56;56;56m  ────────────────────────────────────[m
summary: (done in 0.01 seconds)
✔️ no-ai-tokens (0.01 seconds)
[land1910/s8g 771db62a] Merge S8-G run orchestration (1279b419) into integration/importer
2026-09-26T01:06:02Z HYGIENE ok 3 commit(s) 9497ca52..771db62a
The bundle contains this ref:
771db62aa10dd0065f30d7d8a155d89fd1cfcfc8 refs/heads/land1910/s8g
The bundle requires these 2 refs:
9497ca5275938c9228c6ec6fa0dfa8c34f39f724 
62471b116267fdec6746073c4b4c80a154d09834 
The bundle uses this hash algorithm: sha1
/home/user/workspace/tgp-private-evidence/execution/1910a060/landing/run/s8g-compose-20260926T010352Z/export/land-s8g-771db62aa10d.bundle is okay
2026-09-26T01:06:02Z DONE compose merge=771db62aa10dd0065f30d7d8a155d89fd1cfcfc8 tree=74c06f8ffe26eda1e99251ecf1bbcdface6689ff (not pushed)
