S2-V61 controls set=k start 2026-09-23T15:46:11Z budget=30s results=/home/user/workspace/execution/e8d546f9/s2-v61/controls-proposed/results/k-20260923T154611Z-18936 pid=18936 pgid=18925 timeout_impl=timeout (uutils coreutils) 0.8.0 runner_sha256=efa273c7de7d4bcc34b6f5be0fae74e412d73a5e82fc9e504a0e2a4c10367e1c pre_runner_sha256=fb0d7ce4803fa0d414c703cb0362b2e66626b8d6cf63dfa9054ed8e3eb2dc925 stubs=535dc494cb47b09d 5560c9f74979b886 6dc98ce0d2539daf bc9704e639da7691 
pre-snapshot pattern matches (never signalled): []
NEGATIVE MODE: an impossible expectation is injected after the first control (expected aggregate exit 1)

== K1-predecessor-mechanism (declared max 8 s, remaining 29s) [t=0.04s]
  K1 enclosure group=18984 (exclusive; predecessor internals unchanged)
  K1 outer exit=124; stamp:
    K1 start pid=18995 2026-09-23T15:46:11Z
    50 fixture-stop exit=0 (v5.1 shape: stop runs whether or not step 40's child tree is alive)
    end composition=notrun
  K1 recorded-owned processes alive after runner exit: [18999 19000 19006 ]
  PASS: outer timeout fired (124)
  PASS(counterexample): fixture stop ran under a live step-40 child
  PASS(counterexample): step-40 child tree survived the runner
  FAIL: N2 injected impossible expectation (expected /^THIS-LINE-CANNOT-EXIST/ in /home/user/workspace/execution/e8d546f9/s2-v61/controls-proposed/results/k-20260923T154611Z-18936/k1/stamp.txt)
  owned cleanup: TERM recorded pids [18999 19000 19006 ] 18999 18984 timeout --foreground 1500 bash /home/user/workspace/execution/e8d546f9/s2-v61/controls-proposed/stubs/harness.sh k1db;19000 18984 bash /home/user/workspace/execution/e8d546f9/s2-v61/controls-proposed/stubs/harness.sh k1db;19006 18984 sleep 20;
  recorded-owned alive after cleanup: []; pattern-detected (report only): []
ONE-STRIKE STOP before K2-stub-success: previous control missed an expectation — remaining controls NOT RUN
  recorded-owned alive after cleanup: []; pattern-detected (report only): []
  controllers ended: census_after=[empty]
  watchdog stopped: shell=18970 sleeper=18972 census_after=[empty]
SET=k controls_run=1/6 strike=1 wall=2.91s of 30s (reserve 8s) aggregate_exit=1 (pre-publication); lane lock: FREE; predecessor lock: FREE; current_authority_file=[] (must be empty); canonical lock file: absent (never opened)
CONTROLS_RECEIPT: publication_status=ok aggregate_exit=1 (classified after publication)
  finish alarm stopped: shell=19193 sleeper=19194 census_after=[empty]
