2026-09-25T21:30:25Z ACQUIRED pid=18793 fd9 inode=667698 lslocks=1 donor=/home/user/workspace/worktrees/1910a060-s8f/node_modules prefix=/home/user/workspace/execution/1910a060/runtime/tools/prettier-3.9.9
2026-09-25T21:30:25Z node=v20.20.1 npm=10.8.2
2026-09-25T21:30:25Z DONOR_HEAD=e1ec2fecb71f315b6721d426ba0dacb84f304498 DONOR_HIDDEN_LOCK=05bc530aa44bfa6df64f0daa8edb66c5181abf4bfbc309bd8da2c8aff37b6a44 DONOR_CLIENT_INDEX_DTS=9042e713ba5678c99959a345b7b18a60dfc186b2c7d890b8d9c3ed5c8f4edcc6 DONOR_CLIENT_SCHEMA=b84392033ab86776533007505c31f57930307a210844067a7407ed20d25abf3e DONOR_ENTRIES=649
2026-09-25T21:32:55Z CP_A rc=0 secs=149 NM_ENTRIES=649 NM_HIDDEN_LOCK=05bc530aa44bfa6df64f0daa8edb66c5181abf4bfbc309bd8da2c8aff37b6a44 NM_CLIENT_INDEX_DTS=9042e713ba5678c99959a345b7b18a60dfc186b2c7d890b8d9c3ed5c8f4edcc6
2026-09-25T21:32:55Z NM_CLIENT_INDEX_DTS=9042e713ba5678c99959a345b7b18a60dfc186b2c7d890b8d9c3ed5c8f4edcc6 NM_CLIENT_SCHEMA=b84392033ab86776533007505c31f57930307a210844067a7407ed20d25abf3e
2026-09-25T21:32:55Z LEFTHOOK_VERSION=2.1.9
2026-09-25T21:32:56Z LEFTHOOK_INSTALL rc=0
2026-09-25T21:32:56Z LEFTHOOK_VERSION_CHECK=2.1.9 expect=2.1.9
2026-09-25T21:32:56Z HOOK_RAW own pre-commit=57303fa43aa45094d3788582a463e34e5d867e33a944e797cc56445ecc70fbd5 commit-msg=a2ae3de738812250557f0462cc11ad6d0d1e7805385023f3e5dd4d8152d2b8dc | ref(/home/user/workspace/worktrees/1910a060-s8f) pre-commit=e21bece648d1a2a72fa38e1323dc61d3558e349ff25f764d1c98b494f8af06b1 commit-msg=277018c46292e87a96e872b68fc792b09f7e1359cafd7ec891ae1586387160b9
2026-09-25T21:32:56Z HOOK_NORMALIZED own pre-commit=9dcf80f409a026d9d672c015b6356ff3983f08a0541d2283b58c3fb1af5c0298 commit-msg=4ab9b41920737c96c2b28aba37fbf9d30024fc79e0e8cf5d1860303ff2e69f87 | ref pre-commit=9dcf80f409a026d9d672c015b6356ff3983f08a0541d2283b58c3fb1af5c0298 commit-msg=4ab9b41920737c96c2b28aba37fbf9d30024fc79e0e8cf5d1860303ff2e69f87
2026-09-25T21:32:56Z HOOK_OK own hooks reference /home/user/workspace/worktrees/1910a060-s9a/node_modules/lefthook-linux-x64/bin/lefthook
2026-09-25T21:32:56Z PREFIX_VERIFY rc=0 ok_lines=56 manifest_lines=56 readlink=../lib/node_modules/prettier/bin/prettier.cjs
2026-09-25T21:32:57Z NPX_PRETTIER_VERSION=3.9.9
2026-09-25T21:32:58Z PRETTIER_CHECK_1 rc=1
2026-09-25T21:32:58Z PRETTIER_TOFIX=src/scout/reconciliation/types.ts src/scout/reconciliation/coverage.ts src/scout/reconciliation/reconcile.ts test/scout/reconciliation/reconcile.spec.ts
2026-09-25T21:33:00Z PRETTIER_CHECK_2 rc=0
2026-09-25T21:33:00Z POSTFORMAT src/scout/reconciliation/types.ts sha256=211b474ac29e6fb04c5dadbf5bca9bf3cb86e8da7fb0256bd111d57f68c77114 lines=382
2026-09-25T21:33:00Z POSTFORMAT src/scout/reconciliation/coverage.ts sha256=eca66f334b73ce3eb3c5902a8392829104e38b3cdef49e9a5c00f35e46eaa8e7 lines=82
2026-09-25T21:33:00Z POSTFORMAT src/scout/reconciliation/reconcile.ts sha256=d16158ad4f2c1c6315fd04ac4ca35c8d3c2f94bf8df1fe3905147ab2583d30ab lines=424
2026-09-25T21:33:00Z POSTFORMAT test/scout/reconciliation/reconcile.spec.ts sha256=dc084dcefe607a09575bdb23bcca57c5ee665509d89e17c007d471a57a2408ee lines=1726
2026-09-25T21:33:02Z ESLINT rc=0
2026-09-25T21:33:50Z TSC rc=0 lines=0
2026-09-25T21:35:06Z JEST rc=0
Test Suites: 10 passed, 10 total
Tests:       1 skipped, 418 passed, 419 total
Snapshots:   0 total
Time:        75.34 s
2026-09-25T21:35:06Z STAGED_TREE=54349476c9f92296f4595bda45d64a48534c4553
2026-09-25T21:35:07Z STAGED_BLOB src/scout/reconciliation/types.ts b75994271f22cef235ff945edded0c27a4c4e796
2026-09-25T21:35:07Z STAGED_BLOB src/scout/reconciliation/coverage.ts f50d9401adbf6dc79bcc6a30cee0c9ada60ddb06
2026-09-25T21:35:07Z STAGED_BLOB src/scout/reconciliation/reconcile.ts bcc85e491c9d48fa9c63ed3489e13eaa2993b116
2026-09-25T21:35:07Z STAGED_BLOB test/scout/reconciliation/reconcile.spec.ts 11f2a524e790815396c7b1bb97564f8dc1ba5394
┃  eslint ❯ 

┃  tsc ❯ 

[38;2;56;56;56m  ────────────────────────────────────[m
summary: (done in 45.29 seconds)
✔️ prod-readiness-quick (0.05 seconds)
✔️ banned-cast-tokens (0.31 seconds)
✔️ prettier (2.30 seconds)
✔️ eslint (2.93 seconds)
✔️ tsc (45.27 seconds)
[38;2;0;0;0m╭[38;2;5;5;5m─[38;2;11;11;11m─[38;2;16;16;16m─[38;2;19;19;19m─[38;2;23;23;23m─[38;2;26;26;26m─[38;2;29;29;29m─[38;2;32;32;32m─[38;2;35;35;35m─[38;2;39;39;39m─[38;2;42;42;42m─[38;2;45;45;45m─[38;2;49;49;49m─[38;2;52;52;52m─[38;2;56;56;56m─[38;2;56;56;56m─[38;2;52;52;52m─[38;2;49;49;49m─[38;2;45;45;45m─[38;2;42;42;42m─[38;2;39;39;39m─[38;2;35;35;35m─[38;2;32;32;32m─[38;2;29;29;29m─[38;2;26;26;26m─[38;2;23;23;23m─[38;2;19;19;19m─[38;2;16;16;16m─[38;2;11;11;11m─[38;2;5;5;5m─[38;2;0;0;0m─[38;2;0;0;0m─[38;2;6;6;6m─[38;2;12;12;12m─[38;2;17;17;17m─[38;2;20;20;20m─[38;2;24;24;24m─[38;2;27;27;27m─[38;2;31;31;31m─[38;2;34;34;34m─[38;2;38;38;38m─[38;2;41;41;41m╮[m
[38;2;0;0;0m│[m 🥊 lefthook  v2.1.9   hook:  [1mcommit-msg[m [38;2;52;52;52m│[m
[38;2;6;6;6m╰[38;2;12;12;12m─[38;2;17;17;17m─[38;2;20;20;20m─[38;2;24;24;24m─[38;2;27;27;27m─[38;2;31;31;31m─[38;2;34;34;34m─[38;2;38;38;38m─[38;2;41;41;41m─[38;2;45;45;45m─[38;2;48;48;48m─[38;2;52;52;52m─[38;2;56;56;56m─[38;2;56;56;56m─[38;2;52;52;52m─[38;2;48;48;48m─[38;2;45;45;45m─[38;2;41;41;41m─[38;2;38;38;38m─[38;2;34;34;34m─[38;2;31;31;31m─[38;2;27;27;27m─[38;2;24;24;24m─[38;2;20;20;20m─[38;2;17;17;17m─[38;2;12;12;12m─[38;2;6;6;6m─[38;2;0;0;0m─[38;2;0;0;0m─[38;2;6;6;6m─[38;2;12;12;12m─[38;2;17;17;17m─[38;2;20;20;20m─[38;2;24;24;24m─[38;2;27;27;27m─[38;2;31;31;31m─[38;2;34;34;34m─[38;2;38;38;38m─[38;2;41;41;41m─[38;2;45;45;45m─[38;2;48;48;48m─[38;2;52;52;52m╯[m
┃  no-ai-tokens ❯ 

[38;2;56;56;56m  ────────────────────────────────────[m
summary: (done in 0.01 seconds)
✔️ no-ai-tokens (0.01 seconds)
[exec1910/s9a be88909f] feat(scout): add pure S9 reconciler (verdict, coverage predicate, report v1)
 4 files changed, 2614 insertions(+)
 create mode 100644 src/scout/reconciliation/coverage.ts
 create mode 100644 src/scout/reconciliation/reconcile.ts
 create mode 100644 src/scout/reconciliation/types.ts
 create mode 100644 test/scout/reconciliation/reconcile.spec.ts
2026-09-25T21:35:52Z GIT_COMMIT rc=0
2026-09-25T21:35:52Z HEAD=be88909f4bf6a727a3bd376385aba91f209f989a TREE=54349476c9f92296f4595bda45d64a48534c4553 author=Bradley Gleave <bradley@bradleytgpcoaching.com> / Bradley Gleave <bradley@bradleytgpcoaching.com> / 2026-09-25T21:35:07Z parent=1c5fbb0441178e0cfe6e9f8d72e955c645c265e9
2026-09-25T21:35:53Z DONE head=be88909f4bf6a727a3bd376385aba91f209f989a tree=54349476c9f92296f4595bda45d64a48534c4553 (not pushed; parent owns landing)
2026-09-25T21:35:53Z RELEASING stage=done rc=0 (fd9 closes at exit; lock file preserved)
