[32m[Nest] 3835  - [39m09/27/2026, 9:24:06 PM [32m    LOG[39m [38;5;3m[ScoutReconstructService] [39m[32mscout.reconstruct run pass completed {"intent_id":"96648758-57d0-4d25-bc40-b095eb1135d8","coach_id":"s10u-a","epoch":1,"stopped":null,"families":[{"token":"u10-routines","family":"workouts","staged":1,"reconstructed":1,"skipped":0,"failed":0,"stopped":null},{"token":"u10-sessions","family":"workouts","staged":1,"reconstructed":1,"skipped":0,"failed":0,"stopped":null}],"unmapped_families":[]}[39m
[32m[Nest] 3835  - [39m09/27/2026, 9:24:06 PM [32m    LOG[39m [38;5;3m[ScoutReconstructService] [39m[32mscout.reconstruct run pass completed {"intent_id":"c1210786-526e-4de8-83ea-8e17bd8388dc","coach_id":"s10u-replay","epoch":1,"stopped":null,"families":[{"token":"u10-routines","family":"workouts","staged":1,"reconstructed":1,"skipped":0,"failed":0,"stopped":null},{"token":"u10-sessions","family":"workouts","staged":1,"reconstructed":1,"skipped":0,"failed":0,"stopped":null}],"unmapped_families":[]}[39m
[32m[Nest] 3835  - [39m09/27/2026, 9:24:07 PM [32m    LOG[39m [38;5;3m[ScoutReconstructService] [39m[32mscout.reconstruct run pass completed {"intent_id":"8d215a58-fe95-47ad-8d9b-617bb01e001c","coach_id":"s10u-replay","epoch":1,"stopped":null,"families":[{"token":"u10-routines","family":"workouts","staged":1,"reconstructed":1,"skipped":0,"failed":0,"stopped":null},{"token":"u10-sessions","family":"workouts","staged":1,"reconstructed":1,"skipped":0,"failed":0,"stopped":null}],"unmapped_families":[]}[39m
[32m[Nest] 3835  - [39m09/27/2026, 9:24:07 PM [32m    LOG[39m [38;5;3m[ScoutReconstructService] [39m[32mscout.reconstruct run pass completed {"intent_id":"2e1a9beb-2b8f-4191-9fd9-8cc5c2c591bb","coach_id":"s10u-b","epoch":1,"stopped":null,"families":[{"token":"u10-routines","family":"workouts","staged":1,"reconstructed":1,"skipped":0,"failed":0,"stopped":null},{"token":"u10-sessions","family":"workouts","staged":1,"reconstructed":1,"skipped":0,"failed":0,"stopped":null}],"unmapped_families":[]}[39m
[32m[Nest] 3835  - [39m09/27/2026, 9:24:07 PM [32m    LOG[39m [38;5;3m[ScoutReconstructService] [39m[32mscout.reconstruct run pass completed {"intent_id":"83463deb-2654-47f1-9b42-a08d62d8eb96","coach_id":"s10u-c","epoch":1,"stopped":null,"families":[{"token":"u10-routines","family":"workouts","staged":1,"reconstructed":1,"skipped":0,"failed":0,"stopped":null},{"token":"u10-sessions","family":"workouts","staged":2,"reconstructed":2,"skipped":0,"failed":0,"stopped":null}],"unmapped_families":[]}[39m
[32m[Nest] 3835  - [39m09/27/2026, 9:24:07 PM [32m    LOG[39m [38;5;3m[ScoutReconstructService] [39m[32mscout.reconstruct run pass completed {"intent_id":"4e3dd8f5-5a87-4082-9026-cde6df654508","coach_id":"s10u-d","epoch":1,"stopped":null,"families":[{"token":"u10-routines","family":"workouts","staged":1,"reconstructed":1,"skipped":0,"failed":0,"stopped":null},{"token":"u10-sessions","family":"workouts","staged":1,"reconstructed":1,"skipped":0,"failed":0,"stopped":null},{"token":"client_history","family":null,"staged":1,"reconstructed":0,"skipped":1,"failed":0,"stopped":null}],"unmapped_families":["client_history"]}[39m
[32m[Nest] 3835  - [39m09/27/2026, 9:24:07 PM [32m    LOG[39m [38;5;3m[ScoutReconstructService] [39m[32mscout.reconstruct run pass completed {"intent_id":"36a8cbd4-41e3-48b3-929f-13788519bff6","coach_id":"s10u-e","epoch":1,"stopped":null,"families":[{"token":"u10-routines","family":"workouts","staged":1,"reconstructed":1,"skipped":0,"failed":0,"stopped":null},{"token":"u10-sessions","family":"workouts","staged":1,"reconstructed":1,"skipped":0,"failed":0,"stopped":null}],"unmapped_families":[]}[39m
[32m[Nest] 3835  - [39m09/27/2026, 9:24:08 PM [32m    LOG[39m [38;5;3m[ScoutReconstructService] [39m[32mscout.reconstruct run pass completed {"intent_id":"5c93531f-e8a1-4ffa-8701-cf1d079cf1c3","coach_id":"s10u-f","epoch":1,"stopped":null,"families":[{"token":"u10-routines","family":"workouts","staged":1,"reconstructed":1,"skipped":0,"failed":0,"stopped":null},{"token":"u10-sessions","family":"workouts","staged":1,"reconstructed":1,"skipped":0,"failed":0,"stopped":null}],"unmapped_families":[]}[39m
[32m[Nest] 3835  - [39m09/27/2026, 9:24:08 PM [32m    LOG[39m [38;5;3m[ScoutReconstructService] [39m[32mscout.reconstruct run pass completed {"intent_id":"6694d993-1dfe-44d3-b80d-c576879202b0","coach_id":"s10u-g","epoch":1,"stopped":null,"families":[{"token":"u10-routines","family":"workouts","staged":1,"reconstructed":1,"skipped":0,"failed":0,"stopped":null},{"token":"u10-sessions","family":"workouts","staged":1,"reconstructed":1,"skipped":0,"failed":0,"stopped":null},{"token":"programs","family":null,"staged":1,"reconstructed":0,"skipped":1,"failed":0,"stopped":null}],"unmapped_families":["programs"]}[39m
[32m[Nest] 3835  - [39m09/27/2026, 9:24:08 PM [32m    LOG[39m [38;5;3m[ScoutReconstructService] [39m[32mscout.reconstruct run pass completed {"intent_id":"5a0081b5-5d3a-4a45-a2cb-1c529769baac","coach_id":"s10u-h","epoch":1,"stopped":null,"families":[{"token":"u10-members","family":"clients","staged":2,"reconstructed":2,"skipped":0,"failed":0,"stopped":null},{"token":"u10-routines","family":"workouts","staged":1,"reconstructed":1,"skipped":0,"failed":0,"stopped":null},{"token":"u10-sessions","family":"workouts","staged":1,"reconstructed":1,"skipped":0,"failed":0,"stopped":null}],"unmapped_families":[]}[39m
[32m[Nest] 3835  - [39m09/27/2026, 9:24:08 PM [32m    LOG[39m [38;5;3m[ScoutReconstructService] [39m[32mscout.reconstruct run pass completed {"intent_id":"f2e21905-b768-47be-9ee6-1d6930eefa02","coach_id":"s10u-i","epoch":1,"stopped":null,"families":[{"token":"u10-members","family":"clients","staged":3,"reconstructed":2,"skipped":1,"failed":0,"stopped":null},{"token":"u10-routines","family":"workouts","staged":1,"reconstructed":1,"skipped":0,"failed":0,"stopped":null},{"token":"u10-sessions","family":"workouts","staged":1,"reconstructed":1,"skipped":0,"failed":0,"stopped":null}],"unmapped_families":[]}[39m
PASS test/scout/s10/s10-unseen.pg.spec.ts (11.939 s)
  s10_unseen — NEW SOURCE → CORE DIFF = 0, live on PG17 (R39, R41)
    ✓ R39 (a) all declared units verified → complete (one settled basis, source-signed) (3129 ms)
    ✓ R41 replaying the intent over the same source ids creates no second native row (438 ms)
    ✓ R39 (b) nativeRules 'absent' → partial / unresolved_identities (240 ms)
    ✓ R39 (c) a client-linked row → partial (no native client principal, D-S8-2) (236 ms)
    ✓ R39 (d) staged undeclared client_history → unresolved_family (176 ms)
    ✓ R39 (e) one declared family unproven → coverage_basis_unknown (164 ms)
    ✓ R39 (f) extension-signed statements only → coverage_basis_unknown (167 ms)
    ✓ R27 live: canonical-token programs row is covered but unmapped by the pass → partial (222 ms)
    ✓ (h) staged clients rows → complete: the S8-D1 typed person handoff lets S9 verify the roster Persons (InvitePending, no User; roster_bridge_pending still carried) (283 ms)
    ✓ (i) A1 rail: a second raw client id that trims to the same person is refused → partial / unresolved_identities, ONE Person, one verified row (269 ms)

Test Suites: 1 passed, 1 total
Tests:       10 passed, 10 total
Snapshots:   0 total
Time:        12.125 s
Ran all test suites within paths "test/scout/s10/s10-unseen.pg.spec.ts".
