Sat Sep 26 20:31:30 UTC 2026
PASS test/scout/induction/test-only-exclusion.spec.ts (9.322 s)
PASS test/scout/reconciliation/reconcile.spec.ts
PASS test/scout/induction/s10c-wiring.spec.ts
PASS test/scout/reconciliation/facts.service.spec.ts
PASS test/scout/induction/observation.service.spec.ts
PASS test/scout/s10/s10-unseen.e2e.spec.ts
PASS test/scout/reconciliation/facts.service.coverage.spec.ts
PASS test/scout/induction/verify.spec.ts
PASS test/scout/induction/observation.controller.spec.ts
PASS test/scout/induction/manifest-registry.spec.ts
PASS test/scout/reconciliation/catalogue-parity.spec.ts
PASS test/scout/induction/parse.spec.ts
PASS test/scout/induction/digest.spec.ts
PASS test/utils/g2-s11-db-guard.spec.ts
PASS test/scout/induction/contract.spec.ts

Test Suites: 15 passed, 15 total
Tests:       499 passed, 499 total
Snapshots:   0 total
Time:        17.505 s, estimated 30 s
Ran all test suites matching test/scout/induction|test/scout/s10/s10-unseen.e2e.spec.ts|test/scout/reconciliation|test/utils/g2-s11-db-guard.spec.ts.
JEST_RC=0
Sat Sep 26 20:31:48 UTC 2026
