PASS src/screens/coach/__tests__/ImportDataScreen.test.tsx
  ● Console

    console.error
      An update to ImportDataScreen inside a test was not wrapped in act(...).
      
      When testing, code that causes React state updates should be wrapped into act(...):
      
      act(() => {
        /* fire events that update state */
      });
      /* assert on the output */
      
      This ensures that you're testing the behavior the user would see in the browser. Learn more at https://react.dev/link/wrap-tests-with-act

    [0m [90m  96 |[39m       [36mawait[39m [33mLinking[39m[33m.[39mopenURL(safe)[33m;[39m
     [90m  97 |[39m       track([33mAnalyticsEvents[39m[33m.[39m[33mIMPORT_LOGIN_OPENED[39m[33m,[39m { platform[33m:[39m platformId })[33m;[39m
    [31m[1m>[22m[39m[90m  98 |[39m       setState({ phase[33m:[39m [32m'awaitingExtension'[39m[33m,[39m platformId })[33m;[39m
     [90m     |[39m       [31m[1m^[22m[39m
     [90m  99 |[39m     } [36mcatch[39m {
     [90m 100 |[39m       track([33mAnalyticsEvents[39m[33m.[39m[33mIMPORT_LOGIN_OPEN_FAILED[39m[33m,[39m { platform[33m:[39m platformId[33m,[39m reason[33m:[39m [32m'open_failed'[39m })[33m;[39m
     [90m 101 |[39m       setState({ phase[33m:[39m [32m'failed'[39m[33m,[39m message[33m:[39m [32m"We couldn't open that site in your browser. Please try again."[39m })[33m;[39m[0m

      at node_modules/react-reconciler/cjs/react-reconciler.development.js:16307:19
      at runWithFiberInDEV (node_modules/react-reconciler/cjs/react-reconciler.development.js:2508:13)
      at warnIfUpdatesNotWrappedWithActDEV (node_modules/react-reconciler/cjs/react-reconciler.development.js:16306:9)
      at scheduleUpdateOnFiber (node_modules/react-reconciler/cjs/react-reconciler.development.js:14070:11)
      at dispatchSetStateInternal (node_modules/react-reconciler/cjs/react-reconciler.development.js:6784:13)
      at dispatchSetState (node_modules/react-reconciler/cjs/react-reconciler.development.js:6741:7)
      at setState (src/screens/coach/ImportDataScreen.tsx:98:7)
      at asyncGeneratorStep (node_modules/@babel/runtime/helpers/asyncToGenerator.js:3:17)
      at _next (node_modules/@babel/runtime/helpers/asyncToGenerator.js:17:9)

FAIL src/screens/coach/__tests__/ImportDataScreen.restore.test.tsx
  ● Console

    console.error
      You seem to have overlapping act() calls, this is not supported. Be sure to await previous act() calls before making a new one.

      at popActScope (node_modules/react/cjs/react.development.js:556:17)
      at node_modules/react/cjs/react.development.js:844:17

    console.error
      You seem to have overlapping act() calls, this is not supported. Be sure to await previous act() calls before making a new one.

      at popActScope (node_modules/react/cjs/react.development.js:556:17)
      at node_modules/react/cjs/react.development.js:844:17

    console.error
      You seem to have overlapping act() calls, this is not supported. Be sure to await previous act() calls before making a new one.

      at popActScope (node_modules/react/cjs/react.development.js:556:17)
      at node_modules/react/cjs/react.development.js:844:17

    console.error
      You seem to have overlapping act() calls, this is not supported. Be sure to await previous act() calls before making a new one.

      at popActScope (node_modules/react/cjs/react.development.js:556:17)
      at node_modules/react/cjs/react.development.js:844:17

    console.error
      You seem to have overlapping act() calls, this is not supported. Be sure to await previous act() calls before making a new one.

      at popActScope (node_modules/react/cjs/react.development.js:556:17)
      at node_modules/react/cjs/react.development.js:844:17

    console.error
      You seem to have overlapping act() calls, this is not supported. Be sure to await previous act() calls before making a new one.

      at popActScope (node_modules/react/cjs/react.development.js:556:17)
      at node_modules/react/cjs/react.development.js:868:17

    console.error
      You seem to have overlapping act() calls, this is not supported. Be sure to await previous act() calls before making a new one.

      at popActScope (node_modules/react/cjs/react.development.js:556:17)
      at node_modules/react/cjs/react.development.js:844:17

    console.error
      You seem to have overlapping act() calls, this is not supported. Be sure to await previous act() calls before making a new one.

      at popActScope (node_modules/react/cjs/react.development.js:556:17)
      at node_modules/react/cjs/react.development.js:844:17

    console.error
      You seem to have overlapping act() calls, this is not supported. Be sure to await previous act() calls before making a new one.

      at popActScope (node_modules/react/cjs/react.development.js:556:17)
      at node_modules/react/cjs/react.development.js:844:17

    console.error
      You seem to have overlapping act() calls, this is not supported. Be sure to await previous act() calls before making a new one.

      at popActScope (node_modules/react/cjs/react.development.js:556:17)
      at node_modules/react/cjs/react.development.js:844:17

  ● ImportDataScreen — resumes a pairing session after a process restart › re-enters the awaiting state for the mirrored platform and shows the SAME code, minting nothing

    TypeError: screen.queryByTestId is not a function

    [0m [90m 114 |[39m     [36mawait[39m settle()[33m;[39m
     [90m 115 |[39m     [90m// Identity unknown yet: still intro, no panel, no network.[39m
    [31m[1m>[22m[39m[90m 116 |[39m     expect(screen[33m.[39mqueryByTestId([32m'import-status'[39m))[33m.[39mtoBeNull()[33m;[39m
     [90m     |[39m                   [31m[1m^[22m[39m
     [90m 117 |[39m     expect(mockInit)[33m.[39mnot[33m.[39mtoHaveBeenCalled()[33m;[39m
     [90m 118 |[39m
     [90m 119 |[39m     mockUserId [33m=[39m [32m'coach-1'[39m[33m;[39m[0m

      at Object.queryByTestId (src/screens/coach/__tests__/ImportDataScreen.restore.test.tsx:116:19)
      at asyncGeneratorStep (node_modules/@babel/runtime/helpers/asyncToGenerator.js:3:17)
      at _next (node_modules/@babel/runtime/helpers/asyncToGenerator.js:17:9)

  ● ImportDataScreen — resumes a pairing session after a process restart › starts at intro when there is no pending session

    TypeError: screen.queryByTestId is not a function

    [0m [90m 137 |[39m     [36mawait[39m settle()[33m;[39m
     [90m 138 |[39m     [36mawait[39m settle()[33m;[39m
    [31m[1m>[22m[39m[90m 139 |[39m     expect(screen[33m.[39mqueryByTestId([32m'import-status'[39m))[33m.[39mtoBeNull()[33m;[39m
     [90m     |[39m                   [31m[1m^[22m[39m
     [90m 140 |[39m     expect(mockInit)[33m.[39mnot[33m.[39mtoHaveBeenCalled()[33m;[39m
     [90m 141 |[39m     expect(mockStatus)[33m.[39mnot[33m.[39mtoHaveBeenCalled()[33m;[39m
     [90m 142 |[39m   })[33m;[39m[0m

      at Object.queryByTestId (src/screens/coach/__tests__/ImportDataScreen.restore.test.tsx:139:19)
      at asyncGeneratorStep (node_modules/@babel/runtime/helpers/asyncToGenerator.js:3:17)
      at _next (node_modules/@babel/runtime/helpers/asyncToGenerator.js:17:9)

  ● ImportDataScreen — resumes a pairing session after a process restart › never overrides a phase the coach already moved to while the peek was in flight

    TypeError: screen.getByTestId is not a function

    [0m [90m 148 |[39m     [90m// Before the storage read resolves the coach opens the Custom box.[39m
     [90m 149 |[39m     [36mawait[39m act([36masync[39m () [33m=>[39m {
    [31m[1m>[22m[39m[90m 150 |[39m       screen[33m.[39mgetByTestId([32m'import-platform-custom'[39m)[33m.[39mprops[33m.[39monPress()[33m;[39m
     [90m     |[39m              [31m[1m^[22m[39m
     [90m 151 |[39m     })[33m;[39m
     [90m 152 |[39m     [36mawait[39m settle()[33m;[39m
     [90m 153 |[39m     [36mawait[39m settle()[33m;[39m[0m

      at getByTestId (src/screens/coach/__tests__/ImportDataScreen.restore.test.tsx:150:14)
      at asyncGeneratorStep (node_modules/@babel/runtime/helpers/asyncToGenerator.js:3:17)
      at _next (node_modules/@babel/runtime/helpers/asyncToGenerator.js:17:9)
      at node_modules/@babel/runtime/helpers/asyncToGenerator.js:22:7
      at node_modules/@babel/runtime/helpers/asyncToGenerator.js:14:12
      at callback (node_modules/@testing-library/react-native/src/act.ts:72:33)
      at callback (node_modules/@testing-library/react-native/src/act.ts:30:24)
      at Object.<anonymous>.process.env.NODE_ENV.exports.act (node_modules/react/cjs/react.development.js:814:22)
      at actImplementation (node_modules/@testing-library/react-native/src/act.ts:29:25)
      at _act (node_modules/@testing-library/react-native/src/act.ts:72:10)
      at Object.<anonymous> (src/screens/coach/__tests__/ImportDataScreen.restore.test.tsx:149:14)
      at asyncGeneratorStep (node_modules/@babel/runtime/helpers/asyncToGenerator.js:3:17)
      at _next (node_modules/@babel/runtime/helpers/asyncToGenerator.js:17:9)

  ● ImportDataScreen — resumes a pairing session after a process restart › reads no storage at all when the kill switch is OFF

    TypeError: screen.queryByTestId is not a function

    [0m [90m 165 |[39m     [36mawait[39m settle()[33m;[39m
     [90m 166 |[39m     expect(getItem)[33m.[39mnot[33m.[39mtoHaveBeenCalled()[33m;[39m
    [31m[1m>[22m[39m[90m 167 |[39m     expect(screen[33m.[39mqueryByTestId([32m'import-status'[39m))[33m.[39mtoBeNull()[33m;[39m
     [90m     |[39m                   [31m[1m^[22m[39m
     [90m 168 |[39m     expect(mockStatus)[33m.[39mnot[33m.[39mtoHaveBeenCalled()[33m;[39m
     [90m 169 |[39m   })[33m;[39m
     [90m 170 |[39m[0m

      at Object.queryByTestId (src/screens/coach/__tests__/ImportDataScreen.restore.test.tsx:167:19)
      at asyncGeneratorStep (node_modules/@babel/runtime/helpers/asyncToGenerator.js:3:17)
      at _next (node_modules/@babel/runtime/helpers/asyncToGenerator.js:17:9)

  ● ImportDataScreen — resumes a pairing session after a process restart › names the platform honestly for a custom-URL session too

    TypeError: screen.getByText is not a function

    [0m [90m 175 |[39m     [36mawait[39m settle()[33m;[39m
     [90m 176 |[39m     [36mawait[39m settle()[33m;[39m
    [31m[1m>[22m[39m[90m 177 |[39m     expect(screen[33m.[39mgetByText([35m/Log in to your platform in your browser/[39m))[33m.[39mtoBeTruthy()[33m;[39m
     [90m     |[39m                   [31m[1m^[22m[39m
     [90m 178 |[39m     expect(screen[33m.[39mgetByText([32m'135790'[39m))[33m.[39mtoBeTruthy()[33m;[39m
     [90m 179 |[39m     expect(mockInit)[33m.[39mnot[33m.[39mtoHaveBeenCalled()[33m;[39m
     [90m 180 |[39m   })[33m;[39m[0m

      at Object.getByText (src/screens/coach/__tests__/ImportDataScreen.restore.test.tsx:177:19)
      at asyncGeneratorStep (node_modules/@babel/runtime/helpers/asyncToGenerator.js:3:17)
      at _next (node_modules/@babel/runtime/helpers/asyncToGenerator.js:17:9)

Test Suites: 1 failed, 1 passed, 2 total
Tests:       5 failed, 48 passed, 53 total
Snapshots:   0 total
Time:        2.664 s, estimated 10 s
Ran all test suites matching /src\/screens\/coach\/__tests__\/ImportDataScreen/i.
Jest did not exit one second after the test run has completed.

'This usually means that there are asynchronous operations that weren't stopped in your tests. Consider running Jest with `--detectOpenHandles` to troubleshoot this issue.
