PASS test/scout/lifecycle/lifecycle.service.spec.ts (10.033 s)
  ScoutLifecycleService
    deadline configuration (D-S7L-3)
      ✓ defaults to five minutes and accepts only a positive integer override (8 ms)
    resolve (§3.1 resolution precedes the gate)
      ✓ a non-UUID string is legacy without touching the database (4 ms)
      ✓ a UUID that is not an owned ImportIntent is legacy (foreign or unknown) (3 ms)
      ✓ an owned intent whose run row is already legacy stays legacy (§7: never re-owned) (2 ms)
      ✓ an owned intent with no legacy row resolves to server (2 ms)
    start guard order (§3)
      ✓ 404 for an intent the caller does not own (5 ms)
      ✓ 409 intent_not_paired before any run lookup (3 ms)
      ✓ 409 intent_superseded (4 ms)
      ✓ 409 run_terminal when the run already settled (29 ms)
      ✓ 409 legacy_run when the intent id names a legacy row (3 ms)
      ✓ creates ONE server row with the server-owned clock and epoch 1, then emits scout.run.started (4 ms)
      ✓ a duplicate Start on an open run returns the same body and does not insert (2 ms)
      ✓ a Start race (P2002) re-reads and answers like the duplicate (4 ms)
      ✓ an open run past its deadline is fenced timed_out first, then 409 run_terminal (2 ms)
    cancel
      ✓ 404 when no run exists for the caller (1 ms)
      ✓ 409 legacy_run for a legacy row (1 ms)
      ✓ is idempotent on an already cancelled run (1 ms)
      ✓ 409 run_terminal when another terminal holds (1 ms)
      ✓ fences an open run (epoch + 1, terminal cancelled / cancelled_by_coach) in one transaction (3 ms)
      ✓ a CAS miss inside the fence (row already fenced) yields no writes and 409 run_terminal (2 ms)
    closed-gate classification (§3.1)
      ✓ no row → run_not_started (1 ms)
      ✓ fenced row → run_fenced with its fence_reason (1 ms)
      ✓ an open row that failed the gate is past its deadline → fenced timed_out lazily (1 ms)
      ✓ an open row with a FUTURE deadline (Start committed after the gate) → run_not_started, no fence, no write (1 ms)
    projections (§5)
      ✓ a null / legacy row projects the legacy constants (1 ms)
      ✓ a server row projects its clocks, phase, epoch and reason code; unknown values fall to null (1 ms)
      ✓ families: staged_unique is the staged row count, ledger tallies fold, native buckets are null (3 ms)
      ✓ server terminal guard admits only the server vocabulary (never `success`) (1 ms)
      ✓ isUuid accepts RFC 4122 text and rejects legacy strings (1 ms)
    S9-C settle wiring (D-S9-1, R09)
      ✓ passes the recomputed S9 verdict to the arbiter: the S9 reason code is the one terminal write (3 ms)
      ✓ never yields complete in v1: a fully verified run still reconciles partial / coverage_basis_unknown (2 ms)
      ✓ R09: a fence on the locked row wins over the S9 verdict (1 ms)
      ✓ R09: claim failed with zero staged rows → failed / transfer_failed regardless of the S9 verdict (1 ms)
      ✓ R09: a CAS miss (epoch moved or terminal set) is a no-op — no S9 read, no write, no event (1 ms)
      ✓ S9 writes nothing of its own: the only statement after the lock and the reads is the terminal CAS (1 ms)
      ✓ a failed terminal CAS after the S9 read emits nothing (exactly-once terminal) (1 ms)
      ✓ C-9: the settle tail opens its transaction with the S9 snapshot options (REPEATABLE READ, R16-sized timeout) (1 ms)
      ✓ C-9: a serialization failure (P2034) retries the WHOLE settle transaction once more; exactly one terminal write lands (2 ms)
      ✓ C-9: a retry that re-locks a now-terminal row is a no-op — the concurrent writer won, nothing is written (1 ms)
      ✓ C-9: retries are bounded — after SETTLE_ATTEMPTS serialization failures the error propagates, no terminal is fabricated (9 ms)
      ✓ C-9: non-serialization errors are NOT retried — one attempt, error propagates unchanged (1 ms)
      ✓ without an injected facts service the constructor still accepts (prisma, analytics) — R13 callers unchanged
    S9-C recompute-on-read (D-S9-5, RC-2, C-9)
      ✓ reportApplies: server + terminal + not reconciliation_not_performed; fenced terminals included (RC-2) (1 ms)
      ✓ readReport returns null without opening a transaction when no report applies (R13, R15) (1 ms)
      ✓ readReport opens ONE REPEATABLE READ transaction, reads on it, writes nothing, and returns the recomputed report (2 ms)
    S9-C R10(C) — a replayed intent that converged already_present
      ✓ gives the same verdict and report as the first pass; created_native / already_present_verified stay null (2 ms)
    S9-C additive projection (D-S9-5, C-6, C-7, C-10, R13, R15)
      ✓ R13/R15: the two-argument call and an explicit null report are the S7-L shape — no additive key, no zero (1 ms)
      ✓ R15: with a report the entries equal the recomputed report for the same facts; D-S9-4 buckets stay null (1 ms)
      ✓ RC-3 / partial coverage: a report entry with no staged token never creates an entry; a token without a report row keeps the S7-L shape (1 ms)
      ✓ C-10: a token resolving to two families sums its rows and projects canonical_family null (1 ms)
      ✓ C-6: qualifiers outside their domain fold into unresolved:reason_unrecognised; counts merge; sorted (1 ms)
      ✓ C-6: admission is closed-domain membership, not grammar — every domain is derived from a code constant (6 ms)
      ✓ C-7 / C-10: the DTO enums and the S9-A literals are the same closed sets (1 ms)
      ✓ R10: the projection is deterministic — identical facts give identical entries (7 ms)

Test Suites: 1 passed, 1 total
Tests:       54 passed, 54 total
Snapshots:   0 total
Time:        10.319 s
Ran all test suites within paths "test/scout/lifecycle/lifecycle.service.spec.ts".
