  console.warn
    PG17_PROCESS {"name":"g2g_1","options":{"action":"pair-init","coach":"s11-coach-a","body":{},"host":"P1","role":"phone"},"result":{"pairing_code":"369294","expires_at":"2026-09-27T20:11:42.445Z","import_intent_id":"3f52386f-131c-4a94-8a7f-2d4cbc103b5e"},"queries":11,"pid":7820}

      181 |       }
      182 |       // Query shapes, outcomes, fixture identifiers and process IDs only; never parameters.
    > 183 |       console.warn(
          |               ^
      184 |         'PG17_PROCESS',
      185 |         JSON.stringify({
      186 |           name,

      at settleWorker (test/utils/g2-s11-pg-harness.ts:183:15)
      at ChildProcess.<anonymous> (test/utils/g2-s11-pg-harness.ts:202:7)

  console.warn
    PG17_PROCESS {"name":"g2g_2","options":{"action":"pair-current","coach":"s11-coach-a","body":{},"host":"P1","role":"phone"},"result":{"status":"pending","import_intent_id":"3f52386f-131c-4a94-8a7f-2d4cbc103b5e","chosen_platform":"s11-label","readiness":{"run":"none","source_declared":false,"declared_platforms":null}},"queries":3,"pid":7852}

      181 |       }
      182 |       // Query shapes, outcomes, fixture identifiers and process IDs only; never parameters.
    > 183 |       console.warn(
          |               ^
      184 |         'PG17_PROCESS',
      185 |         JSON.stringify({
      186 |           name,

      at settleWorker (test/utils/g2-s11-pg-harness.ts:183:15)
      at ChildProcess.<anonymous> (test/utils/g2-s11-pg-harness.ts:202:7)

  console.warn
    PG17_PROCESS {"name":"g2g_3","options":{"action":"pair-redeem","coach":"unauthenticated","body":{"code":"369294"},"host":"P2","role":"ext"},"result":{"access_token":"synthetic-access-1","refresh_token":"synthetic-refresh-1","chosen_platform":"s11-label","import_intent_id":"3f52386f-131c-4a94-8a7f-2d4cbc103b5e"},"queries":10,"pid":7892}

      181 |       }
      182 |       // Query shapes, outcomes, fixture identifiers and process IDs only; never parameters.
    > 183 |       console.warn(
          |               ^
      184 |         'PG17_PROCESS',
      185 |         JSON.stringify({
      186 |           name,

      at settleWorker (test/utils/g2-s11-pg-harness.ts:183:15)
      at ChildProcess.<anonymous> (test/utils/g2-s11-pg-harness.ts:202:7)

  console.warn
    PG17_PROCESS {"name":"g2g_4","options":{"action":"pair-redeem","coach":"unauthenticated","body":{"code":"369294"},"host":"P1","role":"ext"},"failure":{"status":410,"message":"Pairing code already used.","response":{"code":"already_used","message":"Pairing code already used."}},"queries":1,"pid":7934}

      181 |       }
      182 |       // Query shapes, outcomes, fixture identifiers and process IDs only; never parameters.
    > 183 |       console.warn(
          |               ^
      184 |         'PG17_PROCESS',
      185 |         JSON.stringify({
      186 |           name,

      at settleWorker (test/utils/g2-s11-pg-harness.ts:183:15)
      at ChildProcess.<anonymous> (test/utils/g2-s11-pg-harness.ts:202:7)

  console.warn
    PG17_PROCESS {"name":"g2g_5","options":{"action":"pair-current","coach":"s11-coach-a","body":{},"host":"P1","role":"phone"},"result":{"status":"paired","import_intent_id":"3f52386f-131c-4a94-8a7f-2d4cbc103b5e","chosen_platform":"s11-label","readiness":{"run":"none","source_declared":false,"declared_platforms":null}},"queries":3,"pid":7986}

      181 |       }
      182 |       // Query shapes, outcomes, fixture identifiers and process IDs only; never parameters.
    > 183 |       console.warn(
          |               ^
      184 |         'PG17_PROCESS',
      185 |         JSON.stringify({
      186 |           name,

      at settleWorker (test/utils/g2-s11-pg-harness.ts:183:15)
      at ChildProcess.<anonymous> (test/utils/g2-s11-pg-harness.ts:202:7)

  console.warn
    PG17_PROCESS {"name":"g2g_6","options":{"action":"pair-session","coach":"s11-coach-a","intent":"3f52386f-131c-4a94-8a7f-2d4cbc103b5e","host":"P2","role":"phone"},"result":{"status":"paired","import_intent_id":"3f52386f-131c-4a94-8a7f-2d4cbc103b5e","chosen_platform":"s11-label","readiness":{"run":"none","source_declared":false,"declared_platforms":null}},"queries":3,"pid":8015}

      181 |       }
      182 |       // Query shapes, outcomes, fixture identifiers and process IDs only; never parameters.
    > 183 |       console.warn(
          |               ^
      184 |         'PG17_PROCESS',
      185 |         JSON.stringify({
      186 |           name,

      at settleWorker (test/utils/g2-s11-pg-harness.ts:183:15)
      at ChildProcess.<anonymous> (test/utils/g2-s11-pg-harness.ts:202:7)

  console.warn
    PG17_PROCESS {"name":"g2g_7","options":{"action":"start","coach":"s11-coach-a","intent":"3f52386f-131c-4a94-8a7f-2d4cbc103b5e","host":"P2","role":"phone"},"result":{"intent_id":"3f52386f-131c-4a94-8a7f-2d4cbc103b5e","mode":"server","phase":"discovering","execution_epoch":1,"accepted_start_at":"2026-09-27T20:09:58.138Z","deadline_at":"2026-09-27T20:14:58.138Z"},"queries":3,"pid":8113}

      181 |       }
      182 |       // Query shapes, outcomes, fixture identifiers and process IDs only; never parameters.
    > 183 |       console.warn(
          |               ^
      184 |         'PG17_PROCESS',
      185 |         JSON.stringify({
      186 |           name,

      at settleWorker (test/utils/g2-s11-pg-harness.ts:183:15)
      at ChildProcess.<anonymous> (test/utils/g2-s11-pg-harness.ts:202:7)

  console.warn
    PG17_PROCESS {"name":"g2g_8","options":{"action":"start","coach":"s11-coach-a","intent":"3f52386f-131c-4a94-8a7f-2d4cbc103b5e","host":"P1","role":"phone"},"result":{"intent_id":"3f52386f-131c-4a94-8a7f-2d4cbc103b5e","mode":"server","phase":"discovering","execution_epoch":1,"accepted_start_at":"2026-09-27T20:09:58.138Z","deadline_at":"2026-09-27T20:14:58.138Z"},"queries":2,"pid":8211}

      181 |       }
      182 |       // Query shapes, outcomes, fixture identifiers and process IDs only; never parameters.
    > 183 |       console.warn(
          |               ^
      184 |         'PG17_PROCESS',
      185 |         JSON.stringify({
      186 |           name,

      at settleWorker (test/utils/g2-s11-pg-harness.ts:183:15)
      at ChildProcess.<anonymous> (test/utils/g2-s11-pg-harness.ts:202:7)

  console.warn
    PG17_PROCESS {"name":"g2g_9","options":{"action":"pair-init","coach":"s11-coach-a","body":{},"host":"P1","role":"phone"},"result":{"pairing_code":"471091","expires_at":"2026-09-27T20:12:03.458Z","import_intent_id":"9f6a229b-ae42-4f86-ae3f-ed6f500c6b24"},"queries":11,"pid":8314}

      181 |       }
      182 |       // Query shapes, outcomes, fixture identifiers and process IDs only; never parameters.
    > 183 |       console.warn(
          |               ^
      184 |         'PG17_PROCESS',
      185 |         JSON.stringify({
      186 |           name,

      at settleWorker (test/utils/g2-s11-pg-harness.ts:183:15)
      at ChildProcess.<anonymous> (test/utils/g2-s11-pg-harness.ts:202:7)

  console.warn
    PG17_PROCESS {"name":"g2g_10","options":{"action":"pair-redeem","coach":"unauthenticated","body":{"code":"471091"},"host":"P2","role":"ext"},"result":{"access_token":"synthetic-access-1","refresh_token":"synthetic-refresh-1","chosen_platform":"s11-label","import_intent_id":"9f6a229b-ae42-4f86-ae3f-ed6f500c6b24"},"queries":10,"pid":8346}

      181 |       }
      182 |       // Query shapes, outcomes, fixture identifiers and process IDs only; never parameters.
    > 183 |       console.warn(
          |               ^
      184 |         'PG17_PROCESS',
      185 |         JSON.stringify({
      186 |           name,

      at settleWorker (test/utils/g2-s11-pg-harness.ts:183:15)
      at ChildProcess.<anonymous> (test/utils/g2-s11-pg-harness.ts:202:7)

  console.warn
    PG17_PROCESS {"name":"g2g_11","options":{"action":"start","coach":"s11-coach-a","intent":"9f6a229b-ae42-4f86-ae3f-ed6f500c6b24","host":"P2","role":"phone"},"result":{"intent_id":"9f6a229b-ae42-4f86-ae3f-ed6f500c6b24","mode":"server","phase":"discovering","execution_epoch":1,"accepted_start_at":"2026-09-27T20:10:09.148Z","deadline_at":"2026-09-27T20:15:09.148Z"},"queries":3,"pid":8401}

      181 |       }
      182 |       // Query shapes, outcomes, fixture identifiers and process IDs only; never parameters.
    > 183 |       console.warn(
          |               ^
      184 |         'PG17_PROCESS',
      185 |         JSON.stringify({
      186 |           name,

      at settleWorker (test/utils/g2-s11-pg-harness.ts:183:15)
      at ChildProcess.<anonymous> (test/utils/g2-s11-pg-harness.ts:202:7)

  console.warn
    PG17_PROCESS {"name":"g2g_12","options":{"action":"ingest","coach":"s11-coach-a","intent":"9f6a229b-ae42-4f86-ae3f-ed6f500c6b24","body":{"entity_type":"people","entities":[{"sourceId":"p-1","payload":{"name":"Synthetic p-1"}},{"sourceId":"p-2","payload":{"name":"Synthetic p-2"}}]},"host":"P1","role":"ext"},"result":{"received":2,"deduped":0},"queries":8,"pid":8472}

      181 |       }
      182 |       // Query shapes, outcomes, fixture identifiers and process IDs only; never parameters.
    > 183 |       console.warn(
          |               ^
      184 |         'PG17_PROCESS',
      185 |         JSON.stringify({
      186 |           name,

      at settleWorker (test/utils/g2-s11-pg-harness.ts:183:15)
      at ChildProcess.<anonymous> (test/utils/g2-s11-pg-harness.ts:202:7)

  console.warn
    PG17_PROCESS {"name":"g2g_13","options":{"action":"ingest","coach":"s11-coach-a","intent":"9f6a229b-ae42-4f86-ae3f-ed6f500c6b24","body":{"entity_type":"blocks","entities":[{"sourceId":"blk-1","payload":{"title":"Base Block","weeks":4,"days":3,"notes":"synthetic"}}]},"host":"P2","role":"ext"},"result":{"received":1,"deduped":0},"queries":8,"pid":8504}

      181 |       }
      182 |       // Query shapes, outcomes, fixture identifiers and process IDs only; never parameters.
    > 183 |       console.warn(
          |               ^
      184 |         'PG17_PROCESS',
      185 |         JSON.stringify({
      186 |           name,

      at settleWorker (test/utils/g2-s11-pg-harness.ts:183:15)
      at ChildProcess.<anonymous> (test/utils/g2-s11-pg-harness.ts:202:7)

  console.warn
    PG17_PROCESS {"name":"g2g_14","options":{"action":"ingest","coach":"s11-coach-a","intent":"9f6a229b-ae42-4f86-ae3f-ed6f500c6b24","body":{"entity_type":"routines","entities":[{"sourceId":"rt-1","payload":{"title":"Push Day","kind":"lift","minutes":45,"exercises":[{"id":"e1","exercise":"11111111-1111-4111-8111-111111111111","sets":3,"reps":8,"kg":100}]}}]},"host":"P1","role":"ext"},"result":{"received":1,"deduped":0},"queries":8,"pid":8535}

      181 |       }
      182 |       // Query shapes, outcomes, fixture identifiers and process IDs only; never parameters.
    > 183 |       console.warn(
          |               ^
      184 |         'PG17_PROCESS',
      185 |         JSON.stringify({
      186 |           name,

      at settleWorker (test/utils/g2-s11-pg-harness.ts:183:15)
      at ChildProcess.<anonymous> (test/utils/g2-s11-pg-harness.ts:202:7)

  console.warn
    PG17_PROCESS {"name":"g2g_15","options":{"action":"ingest","coach":"s11-coach-a","intent":"9f6a229b-ae42-4f86-ae3f-ed6f500c6b24","body":{"entity_type":"log","entities":[{"sourceId":"h-1","payload":{"title":"note"}}]},"host":"P2","role":"ext"},"result":{"received":1,"deduped":0},"queries":8,"pid":8565}

      181 |       }
      182 |       // Query shapes, outcomes, fixture identifiers and process IDs only; never parameters.
    > 183 |       console.warn(
          |               ^
      184 |         'PG17_PROCESS',
      185 |         JSON.stringify({
      186 |           name,

      at settleWorker (test/utils/g2-s11-pg-harness.ts:183:15)
      at ChildProcess.<anonymous> (test/utils/g2-s11-pg-harness.ts:202:7)

  console.warn
    PG17_PROCESS {"name":"g2g_16","options":{"action":"status","coach":"s11-coach-a","intent":"9f6a229b-ae42-4f86-ae3f-ed6f500c6b24","host":"P1","role":"phone"},"result":{"intent_id":"9f6a229b-ae42-4f86-ae3f-ed6f500c6b24","status":"running","entity_counts":[{"entity_type":"blocks","committed":1},{"entity_type":"log","committed":1},{"entity_type":"people","committed":2},{"entity_type":"routines","committed":1}],"started_at":"2026-09-27T20:10:11.561Z","completed_at":null,"mode":"server","phase":"transferring","accepted_start_at":"2026-09-27T20:10:09.148Z","deadline_at":"2026-09-27T20:15:09.148Z","last_observed_at":"2026-09-27T20:10:19.157Z","execution_epoch":1,"reason_code":null,"claimed_status":null,"families":[{"family":"blocks","observed_unique":null,"staged_unique":1,"created_native":null,"already_present_verified":null,"rejected":null,"unresolved":null,"ledger":{"reconstructed":0,"skipped":0,"failed":0}},{"family":"log","observed_unique":null,"staged_unique":1,"created_native":null,"already_present_verified":null,"rejected":null,"unresolved":null,"ledger":{"reconstructed":0,"skipped":0,"failed":0}},{"family":"people","observed_unique":null,"staged_unique":2,"created_native":null,"already_present_verified":null,"rejected":null,"unresolved":null,"ledger":{"reconstructed":0,"skipped":0,"failed":0}},{"family":"routines","observed_unique":null,"staged_unique":1,"created_native":null,"already_present_verified":null,"rejected":null,"unresolved":null,"ledger":{"reconstructed":0,"skipped":0,"failed":0}}]},"queries":8,"pid":8621}

      181 |       }
      182 |       // Query shapes, outcomes, fixture identifiers and process IDs only; never parameters.
    > 183 |       console.warn(
          |               ^
      184 |         'PG17_PROCESS',
      185 |         JSON.stringify({
      186 |           name,

      at settleWorker (test/utils/g2-s11-pg-harness.ts:183:15)
      at ChildProcess.<anonymous> (test/utils/g2-s11-pg-harness.ts:202:7)

  console.warn
    PG17_PROCESS {"name":"g2g_17","options":{"action":"status","coach":"s11-coach-a","intent":"9f6a229b-ae42-4f86-ae3f-ed6f500c6b24","host":"P2","role":"phone"},"result":{"intent_id":"9f6a229b-ae42-4f86-ae3f-ed6f500c6b24","status":"running","entity_counts":[{"entity_type":"blocks","committed":1},{"entity_type":"log","committed":1},{"entity_type":"people","committed":2},{"entity_type":"routines","committed":1}],"started_at":"2026-09-27T20:10:11.561Z","completed_at":null,"mode":"server","phase":"transferring","accepted_start_at":"2026-09-27T20:10:09.148Z","deadline_at":"2026-09-27T20:15:09.148Z","last_observed_at":"2026-09-27T20:10:19.157Z","execution_epoch":1,"reason_code":null,"claimed_status":null,"families":[{"family":"blocks","observed_unique":null,"staged_unique":1,"created_native":null,"already_present_verified":null,"rejected":null,"unresolved":null,"ledger":{"reconstructed":0,"skipped":0,"failed":0}},{"family":"log","observed_unique":null,"staged_unique":1,"created_native":null,"already_present_verified":null,"rejected":null,"unresolved":null,"ledger":{"reconstructed":0,"skipped":0,"failed":0}},{"family":"people","observed_unique":null,"staged_unique":2,"created_native":null,"already_present_verified":null,"rejected":null,"unresolved":null,"ledger":{"reconstructed":0,"skipped":0,"failed":0}},{"family":"routines","observed_unique":null,"staged_unique":1,"created_native":null,"already_present_verified":null,"rejected":null,"unresolved":null,"ledger":{"reconstructed":0,"skipped":0,"failed":0}}]},"queries":8,"pid":8651}

      181 |       }
      182 |       // Query shapes, outcomes, fixture identifiers and process IDs only; never parameters.
    > 183 |       console.warn(
          |               ^
      184 |         'PG17_PROCESS',
      185 |         JSON.stringify({
      186 |           name,

      at settleWorker (test/utils/g2-s11-pg-harness.ts:183:15)
      at ChildProcess.<anonymous> (test/utils/g2-s11-pg-harness.ts:202:7)

  console.warn
    PG17_PROCESS {"name":"g2g_18","options":{"action":"complete","coach":"s11-coach-a","intent":"9f6a229b-ae42-4f86-ae3f-ed6f500c6b24","body":{"terminal_status":"success"},"host":"P1","role":"ext"},"result":{"acknowledged":true,"intent_id":"9f6a229b-ae42-4f86-ae3f-ed6f500c6b24"},"queries":93,"pid":8691}

      181 |       }
      182 |       // Query shapes, outcomes, fixture identifiers and process IDs only; never parameters.
    > 183 |       console.warn(
          |               ^
      184 |         'PG17_PROCESS',
      185 |         JSON.stringify({
      186 |           name,

      at settleWorker (test/utils/g2-s11-pg-harness.ts:183:15)
      at ChildProcess.<anonymous> (test/utils/g2-s11-pg-harness.ts:202:7)

  console.warn
    PG17_PROCESS {"name":"g2g_19","options":{"action":"complete","coach":"s11-coach-a","intent":"9f6a229b-ae42-4f86-ae3f-ed6f500c6b24","body":{"terminal_status":"success"},"host":"P2","role":"ext"},"result":{"acknowledged":true,"intent_id":"9f6a229b-ae42-4f86-ae3f-ed6f500c6b24"},"queries":8,"pid":8739}

      181 |       }
      182 |       // Query shapes, outcomes, fixture identifiers and process IDs only; never parameters.
    > 183 |       console.warn(
          |               ^
      184 |         'PG17_PROCESS',
      185 |         JSON.stringify({
      186 |           name,

      at settleWorker (test/utils/g2-s11-pg-harness.ts:183:15)
      at ChildProcess.<anonymous> (test/utils/g2-s11-pg-harness.ts:202:7)

  console.warn
    PG17_PROCESS {"name":"g2g_20","options":{"action":"status","coach":"s11-coach-a","intent":"9f6a229b-ae42-4f86-ae3f-ed6f500c6b24","host":"P2","role":"phone"},"result":{"intent_id":"9f6a229b-ae42-4f86-ae3f-ed6f500c6b24","status":"partial","entity_counts":[{"entity_type":"blocks","committed":1},{"entity_type":"log","committed":1},{"entity_type":"people","committed":2},{"entity_type":"routines","committed":1}],"started_at":"2026-09-27T20:10:11.561Z","completed_at":"2026-09-27T20:10:26.909Z","mode":"server","phase":"reconciling","accepted_start_at":"2026-09-27T20:10:09.148Z","deadline_at":"2026-09-27T20:15:09.148Z","last_observed_at":"2026-09-27T20:10:26.904Z","execution_epoch":1,"reason_code":"unresolved_identities","claimed_status":"success","families":[{"family":"blocks","observed_unique":null,"staged_unique":1,"created_native":null,"already_present_verified":null,"rejected":0,"unresolved":0,"ledger":{"reconstructed":1,"skipped":0,"failed":0},"canonical_family":"programs","native_present_verified":1,"completeness_basis":"none","relationship_closure":"not_applicable","reasons":[],"qualifiers":[]},{"family":"log","observed_unique":null,"staged_unique":1,"created_native":null,"already_present_verified":null,"rejected":1,"unresolved":0,"ledger":{"reconstructed":0,"skipped":1,"failed":0},"canonical_family":"client_history","native_present_verified":0,"completeness_basis":"none","relationship_closure":"not_applicable","reasons":[{"code":"unsupported_platform:s11-proof","count":1}],"qualifiers":[]},{"family":"people","observed_unique":null,"staged_unique":2,"created_native":null,"already_present_verified":null,"rejected":2,"unresolved":0,"ledger":{"reconstructed":0,"skipped":2,"failed":0},"canonical_family":"clients","native_present_verified":0,"completeness_basis":"none","relationship_closure":"not_applicable","reasons":[{"code":"unsupported_platform:s11-proof","count":2}],"qualifiers":["roster_bridge_pending"]},{"family":"routines","observed_unique":null,"staged_unique":1,"created_native":null,"already_present_verified":null,"rejected":0,"unresolved":0,"ledger":{"reconstructed":1,"skipped":0,"failed":0},"canonical_family":"workouts","native_present_verified":1,"completeness_basis":"none","relationship_closure":"verified","reasons":[],"qualifiers":[]}]},"queries":9,"pid":8773}

      181 |       }
      182 |       // Query shapes, outcomes, fixture identifiers and process IDs only; never parameters.
    > 183 |       console.warn(
          |               ^
      184 |         'PG17_PROCESS',
      185 |         JSON.stringify({
      186 |           name,

      at settleWorker (test/utils/g2-s11-pg-harness.ts:183:15)
      at ChildProcess.<anonymous> (test/utils/g2-s11-pg-harness.ts:202:7)

  console.warn
    PG17_PROCESS {"name":"g2g_21","options":{"action":"status","coach":"s11-coach-a","intent":"9f6a229b-ae42-4f86-ae3f-ed6f500c6b24","host":"P1","role":"phone"},"result":{"intent_id":"9f6a229b-ae42-4f86-ae3f-ed6f500c6b24","status":"partial","entity_counts":[{"entity_type":"blocks","committed":1},{"entity_type":"log","committed":1},{"entity_type":"people","committed":2},{"entity_type":"routines","committed":1}],"started_at":"2026-09-27T20:10:11.561Z","completed_at":"2026-09-27T20:10:26.909Z","mode":"server","phase":"reconciling","accepted_start_at":"2026-09-27T20:10:09.148Z","deadline_at":"2026-09-27T20:15:09.148Z","last_observed_at":"2026-09-27T20:10:26.904Z","execution_epoch":1,"reason_code":"unresolved_identities","claimed_status":"success","families":[{"family":"blocks","observed_unique":null,"staged_unique":1,"created_native":null,"already_present_verified":null,"rejected":0,"unresolved":0,"ledger":{"reconstructed":1,"skipped":0,"failed":0},"canonical_family":"programs","native_present_verified":1,"completeness_basis":"none","relationship_closure":"not_applicable","reasons":[],"qualifiers":[]},{"family":"log","observed_unique":null,"staged_unique":1,"created_native":null,"already_present_verified":null,"rejected":1,"unresolved":0,"ledger":{"reconstructed":0,"skipped":1,"failed":0},"canonical_family":"client_history","native_present_verified":0,"completeness_basis":"none","relationship_closure":"not_applicable","reasons":[{"code":"unsupported_platform:s11-proof","count":1}],"qualifiers":[]},{"family":"people","observed_unique":null,"staged_unique":2,"created_native":null,"already_present_verified":null,"rejected":2,"unresolved":0,"ledger":{"reconstructed":0,"skipped":2,"failed":0},"canonical_family":"clients","native_present_verified":0,"completeness_basis":"none","relationship_closure":"not_applicable","reasons":[{"code":"unsupported_platform:s11-proof","count":2}],"qualifiers":["roster_bridge_pending"]},{"family":"routines","observed_unique":null,"staged_unique":1,"created_native":null,"already_present_verified":null,"rejected":0,"unresolved":0,"ledger":{"reconstructed":1,"skipped":0,"failed":0},"canonical_family":"workouts","native_present_verified":1,"completeness_basis":"none","relationship_closure":"verified","reasons":[],"qualifiers":[]}]},"queries":9,"pid":8803}

      181 |       }
      182 |       // Query shapes, outcomes, fixture identifiers and process IDs only; never parameters.
    > 183 |       console.warn(
          |               ^
      184 |         'PG17_PROCESS',
      185 |         JSON.stringify({
      186 |           name,

      at settleWorker (test/utils/g2-s11-pg-harness.ts:183:15)
      at ChildProcess.<anonymous> (test/utils/g2-s11-pg-harness.ts:202:7)

  console.warn
    PG17_PROCESS {"name":"g2g_22","options":{"action":"roster","coach":"s11-coach-a","intent":"9f6a229b-ae42-4f86-ae3f-ed6f500c6b24","host":"P1","role":"phone"},"result":{"intent_id":"9f6a229b-ae42-4f86-ae3f-ed6f500c6b24","accounting":{"staged":2,"reconstructed":0,"skipped":2,"failed":0,"unclassified":0},"persons":[],"page":{"limit":50,"next_cursor":null,"has_more":false},"roster_bridge_pending":true},"queries":9,"pid":8861}

      181 |       }
      182 |       // Query shapes, outcomes, fixture identifiers and process IDs only; never parameters.
    > 183 |       console.warn(
          |               ^
      184 |         'PG17_PROCESS',
      185 |         JSON.stringify({
      186 |           name,

      at settleWorker (test/utils/g2-s11-pg-harness.ts:183:15)
      at ChildProcess.<anonymous> (test/utils/g2-s11-pg-harness.ts:202:7)

  console.warn
    PG17_PROCESS {"name":"g2g_23","options":{"action":"roster","coach":"s11-coach-a","intent":"9f6a229b-ae42-4f86-ae3f-ed6f500c6b24","host":"P2","role":"phone"},"result":{"intent_id":"9f6a229b-ae42-4f86-ae3f-ed6f500c6b24","accounting":{"staged":2,"reconstructed":0,"skipped":2,"failed":0,"unclassified":0},"persons":[],"page":{"limit":50,"next_cursor":null,"has_more":false},"roster_bridge_pending":true},"queries":9,"pid":8913}

      181 |       }
      182 |       // Query shapes, outcomes, fixture identifiers and process IDs only; never parameters.
    > 183 |       console.warn(
          |               ^
      184 |         'PG17_PROCESS',
      185 |         JSON.stringify({
      186 |           name,

      at settleWorker (test/utils/g2-s11-pg-harness.ts:183:15)
      at ChildProcess.<anonymous> (test/utils/g2-s11-pg-harness.ts:202:7)

  console.warn
    PG17_PROCESS {"name":"g2g_24","options":{"action":"entities","coach":"s11-coach-a","intent":"9f6a229b-ae42-4f86-ae3f-ed6f500c6b24","body":{"family":"workouts"},"host":"P2","role":"phone"},"result":{"intent_id":"9f6a229b-ae42-4f86-ae3f-ed6f500c6b24","family":"workouts","entities":[{"id":"c957edac-366a-417b-b2f8-b69746e663bb","target_kind":"workout_plan","native_id":"c957edac-366a-417b-b2f8-b69746e663bb","source_platform":"s11-proof","entity_type":"workouts","source_id":"rt-1","client_source_id":null,"label":"Push Day","created_at":"2026-09-27T20:10:26.896Z","updated_at":"2026-09-27T20:10:26.896Z"}],"page_count":1,"next_cursor":null,"unclassified_staged":0},"queries":11,"pid":8942}

      181 |       }
      182 |       // Query shapes, outcomes, fixture identifiers and process IDs only; never parameters.
    > 183 |       console.warn(
          |               ^
      184 |         'PG17_PROCESS',
      185 |         JSON.stringify({
      186 |           name,

      at settleWorker (test/utils/g2-s11-pg-harness.ts:183:15)
      at ChildProcess.<anonymous> (test/utils/g2-s11-pg-harness.ts:202:7)

  console.warn
    PG17_PROCESS {"name":"g2g_25","options":{"action":"entities","coach":"s11-coach-a","intent":"9f6a229b-ae42-4f86-ae3f-ed6f500c6b24","body":{"family":"workouts"},"host":"P1","role":"phone"},"result":{"intent_id":"9f6a229b-ae42-4f86-ae3f-ed6f500c6b24","family":"workouts","entities":[{"id":"c957edac-366a-417b-b2f8-b69746e663bb","target_kind":"workout_plan","native_id":"c957edac-366a-417b-b2f8-b69746e663bb","source_platform":"s11-proof","entity_type":"workouts","source_id":"rt-1","client_source_id":null,"label":"Push Day","created_at":"2026-09-27T20:10:26.896Z","updated_at":"2026-09-27T20:10:26.896Z"}],"page_count":1,"next_cursor":null,"unclassified_staged":0},"queries":11,"pid":8971}

      181 |       }
      182 |       // Query shapes, outcomes, fixture identifiers and process IDs only; never parameters.
    > 183 |       console.warn(
          |               ^
      184 |         'PG17_PROCESS',
      185 |         JSON.stringify({
      186 |           name,

      at settleWorker (test/utils/g2-s11-pg-harness.ts:183:15)
      at ChildProcess.<anonymous> (test/utils/g2-s11-pg-harness.ts:202:7)

  console.warn
    PG17_PROCESS {"name":"g2g_26","options":{"action":"pair-init","coach":"s11-coach-a","body":{},"host":"P1","role":"phone"},"result":{"pairing_code":"978871","expires_at":"2026-09-27T20:12:44.628Z","import_intent_id":"4dce3d33-06f4-472f-8af7-1d045b202308"},"queries":11,"pid":9010}

      181 |       }
      182 |       // Query shapes, outcomes, fixture identifiers and process IDs only; never parameters.
    > 183 |       console.warn(
          |               ^
      184 |         'PG17_PROCESS',
      185 |         JSON.stringify({
      186 |           name,

      at settleWorker (test/utils/g2-s11-pg-harness.ts:183:15)
      at ChildProcess.<anonymous> (test/utils/g2-s11-pg-harness.ts:202:7)

  console.warn
    PG17_PROCESS {"name":"g2g_27","options":{"action":"pair-redeem","coach":"unauthenticated","body":{"code":"978871"},"host":"P2","role":"ext"},"result":{"access_token":"synthetic-access-1","refresh_token":"synthetic-refresh-1","chosen_platform":"s11-label","import_intent_id":"4dce3d33-06f4-472f-8af7-1d045b202308"},"queries":10,"pid":9039}

      181 |       }
      182 |       // Query shapes, outcomes, fixture identifiers and process IDs only; never parameters.
    > 183 |       console.warn(
          |               ^
      184 |         'PG17_PROCESS',
      185 |         JSON.stringify({
      186 |           name,

      at settleWorker (test/utils/g2-s11-pg-harness.ts:183:15)
      at ChildProcess.<anonymous> (test/utils/g2-s11-pg-harness.ts:202:7)

  console.warn
    PG17_PROCESS {"name":"g2g_28","options":{"action":"start","coach":"s11-coach-a","intent":"4dce3d33-06f4-472f-8af7-1d045b202308","host":"P2","role":"phone"},"result":{"intent_id":"4dce3d33-06f4-472f-8af7-1d045b202308","mode":"server","phase":"discovering","execution_epoch":1,"accepted_start_at":"2026-09-27T20:10:49.027Z","deadline_at":"2026-09-27T20:15:49.027Z"},"queries":3,"pid":9068}

      181 |       }
      182 |       // Query shapes, outcomes, fixture identifiers and process IDs only; never parameters.
    > 183 |       console.warn(
          |               ^
      184 |         'PG17_PROCESS',
      185 |         JSON.stringify({
      186 |           name,

      at settleWorker (test/utils/g2-s11-pg-harness.ts:183:15)
      at ChildProcess.<anonymous> (test/utils/g2-s11-pg-harness.ts:202:7)

  console.warn
    PG17_PROCESS {"name":"g2g_29","options":{"action":"ingest","coach":"s11-coach-a","intent":"4dce3d33-06f4-472f-8af7-1d045b202308","body":{"entity_type":"people","entities":[{"sourceId":"p-1","payload":{"name":"Synthetic p-1"}}]},"host":"P1","role":"ext"},"result":{"received":1,"deduped":0},"queries":8,"pid":9097}

      181 |       }
      182 |       // Query shapes, outcomes, fixture identifiers and process IDs only; never parameters.
    > 183 |       console.warn(
          |               ^
      184 |         'PG17_PROCESS',
      185 |         JSON.stringify({
      186 |           name,

      at settleWorker (test/utils/g2-s11-pg-harness.ts:183:15)
      at ChildProcess.<anonymous> (test/utils/g2-s11-pg-harness.ts:202:7)

  console.warn
    PG17_PROCESS {"name":"g2g_31","options":{"action":"status","coach":"s11-coach-a","intent":"4dce3d33-06f4-472f-8af7-1d045b202308","host":"P2","role":"phone"},"result":{"intent_id":"4dce3d33-06f4-472f-8af7-1d045b202308","status":"running","entity_counts":[{"entity_type":"people","committed":1}],"started_at":"2026-09-27T20:10:51.251Z","completed_at":null,"mode":"server","phase":"transferring","accepted_start_at":"2026-09-27T20:10:49.027Z","deadline_at":"2026-09-27T20:15:49.027Z","last_observed_at":"2026-09-27T20:10:53.365Z","execution_epoch":1,"reason_code":null,"claimed_status":null,"families":[{"family":"people","observed_unique":null,"staged_unique":1,"created_native":null,"already_present_verified":null,"rejected":null,"unresolved":null,"ledger":{"reconstructed":0,"skipped":0,"failed":0}}]},"queries":8,"pid":9227}

      181 |       }
      182 |       // Query shapes, outcomes, fixture identifiers and process IDs only; never parameters.
    > 183 |       console.warn(
          |               ^
      184 |         'PG17_PROCESS',
      185 |         JSON.stringify({
      186 |           name,

      at settleWorker (test/utils/g2-s11-pg-harness.ts:183:15)
      at ChildProcess.<anonymous> (test/utils/g2-s11-pg-harness.ts:202:7)

  console.warn
    PG17_PROCESS {"name":"g2g_30","options":{"action":"progress","coach":"s11-coach-a","intent":"4dce3d33-06f4-472f-8af7-1d045b202308","body":{"flush":true,"progress":[{"entity_type":"people","count_committed":1,"total_estimated":7}]},"pause":"cached","host":"P1","role":"ext"},"result":{"recorded":true,"flushed":true},"queries":8,"pid":9144}

      181 |       }
      182 |       // Query shapes, outcomes, fixture identifiers and process IDs only; never parameters.
    > 183 |       console.warn(
          |               ^
      184 |         'PG17_PROCESS',
      185 |         JSON.stringify({
      186 |           name,

      at settleWorker (test/utils/g2-s11-pg-harness.ts:183:15)
      at ChildProcess.<anonymous> (test/utils/g2-s11-pg-harness.ts:202:7)

  console.warn
    PG17_PROCESS {"name":"g2g_32","options":{"action":"status","coach":"s11-coach-a","intent":"4dce3d33-06f4-472f-8af7-1d045b202308","host":"P2","role":"phone"},"result":{"intent_id":"4dce3d33-06f4-472f-8af7-1d045b202308","status":"running","entity_counts":[{"entity_type":"people","committed":1}],"started_at":"2026-09-27T20:10:51.251Z","completed_at":null,"mode":"server","phase":"transferring","accepted_start_at":"2026-09-27T20:10:49.027Z","deadline_at":"2026-09-27T20:15:49.027Z","last_observed_at":"2026-09-27T20:10:53.365Z","execution_epoch":1,"reason_code":null,"claimed_status":null,"families":[{"family":"people","observed_unique":null,"staged_unique":1,"created_native":null,"already_present_verified":null,"rejected":null,"unresolved":null,"ledger":{"reconstructed":0,"skipped":0,"failed":0}}]},"queries":8,"pid":9282}

      181 |       }
      182 |       // Query shapes, outcomes, fixture identifiers and process IDs only; never parameters.
    > 183 |       console.warn(
          |               ^
      184 |         'PG17_PROCESS',
      185 |         JSON.stringify({
      186 |           name,

      at settleWorker (test/utils/g2-s11-pg-harness.ts:183:15)
      at ChildProcess.<anonymous> (test/utils/g2-s11-pg-harness.ts:202:7)

  console.warn
    PG17_PROCESS {"name":"g2g_33","options":{"action":"pair-init","coach":"s11-coach-a","body":{},"host":"P1","role":"phone"},"result":{"pairing_code":"914592","expires_at":"2026-09-27T20:13:01.875Z","import_intent_id":"fcca3808-bbd6-42ab-8c7d-8796314cc9ab"},"queries":11,"pid":9353}

      181 |       }
      182 |       // Query shapes, outcomes, fixture identifiers and process IDs only; never parameters.
    > 183 |       console.warn(
          |               ^
      184 |         'PG17_PROCESS',
      185 |         JSON.stringify({
      186 |           name,

      at settleWorker (test/utils/g2-s11-pg-harness.ts:183:15)
      at ChildProcess.<anonymous> (test/utils/g2-s11-pg-harness.ts:202:7)

  console.warn
    PG17_PROCESS {"name":"g2g_34","options":{"action":"pair-redeem","coach":"unauthenticated","body":{"code":"914592"},"host":"P2","role":"ext"},"result":{"access_token":"synthetic-access-1","refresh_token":"synthetic-refresh-1","chosen_platform":"s11-label","import_intent_id":"fcca3808-bbd6-42ab-8c7d-8796314cc9ab"},"queries":10,"pid":9436}

      181 |       }
      182 |       // Query shapes, outcomes, fixture identifiers and process IDs only; never parameters.
    > 183 |       console.warn(
          |               ^
      184 |         'PG17_PROCESS',
      185 |         JSON.stringify({
      186 |           name,

      at settleWorker (test/utils/g2-s11-pg-harness.ts:183:15)
      at ChildProcess.<anonymous> (test/utils/g2-s11-pg-harness.ts:202:7)

  console.warn
    PG17_PROCESS {"name":"g2g_35","options":{"action":"start","coach":"s11-coach-a","intent":"fcca3808-bbd6-42ab-8c7d-8796314cc9ab","host":"P2","role":"phone"},"result":{"intent_id":"fcca3808-bbd6-42ab-8c7d-8796314cc9ab","mode":"server","phase":"discovering","execution_epoch":1,"accepted_start_at":"2026-09-27T20:11:09.511Z","deadline_at":"2026-09-27T20:16:09.511Z"},"queries":3,"pid":9465}

      181 |       }
      182 |       // Query shapes, outcomes, fixture identifiers and process IDs only; never parameters.
    > 183 |       console.warn(
          |               ^
      184 |         'PG17_PROCESS',
      185 |         JSON.stringify({
      186 |           name,

      at settleWorker (test/utils/g2-s11-pg-harness.ts:183:15)
      at ChildProcess.<anonymous> (test/utils/g2-s11-pg-harness.ts:202:7)

  console.warn
    PG17_PROCESS {"name":"g2g_36","options":{"action":"ingest","coach":"s11-coach-a","intent":"fcca3808-bbd6-42ab-8c7d-8796314cc9ab","body":{"entity_type":"people","entities":[{"sourceId":"p-1","payload":{"name":"Synthetic p-1"}}]},"host":"P1","role":"ext"},"result":{"received":1,"deduped":0},"queries":8,"pid":9620}

      181 |       }
      182 |       // Query shapes, outcomes, fixture identifiers and process IDs only; never parameters.
    > 183 |       console.warn(
          |               ^
      184 |         'PG17_PROCESS',
      185 |         JSON.stringify({
      186 |           name,

      at settleWorker (test/utils/g2-s11-pg-harness.ts:183:15)
      at ChildProcess.<anonymous> (test/utils/g2-s11-pg-harness.ts:202:7)

  console.warn
    PG17_PROCESS {"name":"g2g_37","options":{"action":"ingest","coach":"s11-coach-a","intent":"fcca3808-bbd6-42ab-8c7d-8796314cc9ab","body":{"entity_type":"people","entities":[{"sourceId":"p-2","payload":{"name":"Synthetic p-2"}}]},"host":"P2","role":"ext"},"result":{"received":1,"deduped":0},"queries":8,"pid":9652}

      181 |       }
      182 |       // Query shapes, outcomes, fixture identifiers and process IDs only; never parameters.
    > 183 |       console.warn(
          |               ^
      184 |         'PG17_PROCESS',
      185 |         JSON.stringify({
      186 |           name,

      at settleWorker (test/utils/g2-s11-pg-harness.ts:183:15)
      at ChildProcess.<anonymous> (test/utils/g2-s11-pg-harness.ts:202:7)

  console.warn
    PG17_PROCESS {"name":"g2g_38","options":{"action":"status","coach":"s11-coach-a","intent":"fcca3808-bbd6-42ab-8c7d-8796314cc9ab","host":"P2","role":"phone"},"result":{"intent_id":"fcca3808-bbd6-42ab-8c7d-8796314cc9ab","status":"running","entity_counts":[{"entity_type":"people","committed":2}],"started_at":"2026-09-27T20:11:13.119Z","completed_at":null,"mode":"server","phase":"transferring","accepted_start_at":"2026-09-27T20:11:09.511Z","deadline_at":"2026-09-27T20:16:09.511Z","last_observed_at":"2026-09-27T20:11:17.383Z","execution_epoch":1,"reason_code":null,"claimed_status":null,"families":[{"family":"people","observed_unique":null,"staged_unique":2,"created_native":null,"already_present_verified":null,"rejected":null,"unresolved":null,"ledger":{"reconstructed":0,"skipped":0,"failed":0}}]},"queries":8,"pid":9842}

      181 |       }
      182 |       // Query shapes, outcomes, fixture identifiers and process IDs only; never parameters.
    > 183 |       console.warn(
          |               ^
      184 |         'PG17_PROCESS',
      185 |         JSON.stringify({
      186 |           name,

      at settleWorker (test/utils/g2-s11-pg-harness.ts:183:15)
      at ChildProcess.<anonymous> (test/utils/g2-s11-pg-harness.ts:202:7)

  console.warn
    PG17_PROCESS {"name":"g2g_40","options":{"action":"status","coach":"s11-coach-a","intent":"fcca3808-bbd6-42ab-8c7d-8796314cc9ab","host":"P2","role":"phone"},"result":{"intent_id":"fcca3808-bbd6-42ab-8c7d-8796314cc9ab","status":"running","entity_counts":[{"entity_type":"people","committed":2}],"started_at":"2026-09-27T20:11:13.119Z","completed_at":null,"mode":"server","phase":"transferring","accepted_start_at":"2026-09-27T20:11:09.511Z","deadline_at":"2026-09-27T20:16:09.511Z","last_observed_at":"2026-09-27T20:11:21.842Z","execution_epoch":1,"reason_code":null,"claimed_status":null,"families":[{"family":"people","observed_unique":null,"staged_unique":2,"created_native":null,"already_present_verified":null,"rejected":null,"unresolved":null,"ledger":{"reconstructed":0,"skipped":0,"failed":0}}]},"queries":8,"pid":9966}

      181 |       }
      182 |       // Query shapes, outcomes, fixture identifiers and process IDs only; never parameters.
    > 183 |       console.warn(
          |               ^
      184 |         'PG17_PROCESS',
      185 |         JSON.stringify({
      186 |           name,

      at settleWorker (test/utils/g2-s11-pg-harness.ts:183:15)
      at ChildProcess.<anonymous> (test/utils/g2-s11-pg-harness.ts:202:7)

  console.warn
    PG17_PROCESS {"name":"g2g_41","options":{"action":"pair-init","coach":"s11-coach-a","body":{},"host":"P1","role":"phone"},"result":{"pairing_code":"687440","expires_at":"2026-09-27T20:13:27.134Z","import_intent_id":"e89e6098-83c3-4c0c-9744-08f81b36095b"},"queries":11,"pid":10112}

      181 |       }
      182 |       // Query shapes, outcomes, fixture identifiers and process IDs only; never parameters.
    > 183 |       console.warn(
          |               ^
      184 |         'PG17_PROCESS',
      185 |         JSON.stringify({
      186 |           name,

      at settleWorker (test/utils/g2-s11-pg-harness.ts:183:15)
      at ChildProcess.<anonymous> (test/utils/g2-s11-pg-harness.ts:202:7)

  console.warn
    PG17_PROCESS {"name":"g2g_42","options":{"action":"pair-redeem","coach":"unauthenticated","body":{"code":"687440"},"host":"P2","role":"ext"},"result":{"access_token":"synthetic-access-1","refresh_token":"synthetic-refresh-1","chosen_platform":"s11-label","import_intent_id":"e89e6098-83c3-4c0c-9744-08f81b36095b"},"queries":10,"pid":10217}

      181 |       }
      182 |       // Query shapes, outcomes, fixture identifiers and process IDs only; never parameters.
    > 183 |       console.warn(
          |               ^
      184 |         'PG17_PROCESS',
      185 |         JSON.stringify({
      186 |           name,

      at settleWorker (test/utils/g2-s11-pg-harness.ts:183:15)
      at ChildProcess.<anonymous> (test/utils/g2-s11-pg-harness.ts:202:7)

  console.warn
    PG17_PROCESS {"name":"g2g_43","options":{"action":"start","coach":"s11-coach-a","intent":"e89e6098-83c3-4c0c-9744-08f81b36095b","host":"P2","role":"phone"},"result":{"intent_id":"e89e6098-83c3-4c0c-9744-08f81b36095b","mode":"server","phase":"discovering","execution_epoch":1,"accepted_start_at":"2026-09-27T20:11:31.444Z","deadline_at":"2026-09-27T20:16:31.444Z"},"queries":3,"pid":10246}

      181 |       }
      182 |       // Query shapes, outcomes, fixture identifiers and process IDs only; never parameters.
    > 183 |       console.warn(
          |               ^
      184 |         'PG17_PROCESS',
      185 |         JSON.stringify({
      186 |           name,

      at settleWorker (test/utils/g2-s11-pg-harness.ts:183:15)
      at ChildProcess.<anonymous> (test/utils/g2-s11-pg-harness.ts:202:7)

  console.warn
    PG17_BLOCKED {"name":"g2g_45","rows":[{"type":"Lock","wait":"transactionid"}]}

      213 |       FROM pg_stat_activity WHERE application_name=${quote(name)} AND wait_event_type='Lock'`);
      214 |     if (rows.length > 0) {
    > 215 |       console.warn('PG17_BLOCKED', JSON.stringify({ name, rows }));
          |               ^
      216 |       return;
      217 |     }
      218 |     await new Promise((r) => setTimeout(r, 25));

      at Object.blocked (test/utils/g2-s11-pg-harness.ts:215:15)
      at Object.<anonymous> (test/scout/s11/journey-core.pg.spec.ts:400:5)

  console.warn
    PG17_PROCESS {"name":"g2g_44","options":{"action":"ingest","coach":"s11-coach-a","intent":"e89e6098-83c3-4c0c-9744-08f81b36095b","pause":"gated","txTimeout":30000,"host":"P1","role":"ext","body":{"entity_type":"people","entities":[{"sourceId":"p-1","payload":{"name":"Synthetic p-1"}},{"sourceId":"p-2","payload":{"name":"Synthetic p-2"}}]}},"result":{"received":2,"deduped":0},"queries":8,"pid":10319}

      181 |       }
      182 |       // Query shapes, outcomes, fixture identifiers and process IDs only; never parameters.
    > 183 |       console.warn(
          |               ^
      184 |         'PG17_PROCESS',
      185 |         JSON.stringify({
      186 |           name,

      at settleWorker (test/utils/g2-s11-pg-harness.ts:183:15)
      at ChildProcess.<anonymous> (test/utils/g2-s11-pg-harness.ts:202:7)

  console.warn
    PG17_PROCESS {"name":"g2g_45","options":{"action":"cancel","coach":"s11-coach-a","intent":"e89e6098-83c3-4c0c-9744-08f81b36095b","host":"P2","role":"phone"},"result":{"intent_id":"e89e6098-83c3-4c0c-9744-08f81b36095b","status":"cancelled","execution_epoch":2},"queries":8,"pid":10420}

      181 |       }
      182 |       // Query shapes, outcomes, fixture identifiers and process IDs only; never parameters.
    > 183 |       console.warn(
          |               ^
      184 |         'PG17_PROCESS',
      185 |         JSON.stringify({
      186 |           name,

      at settleWorker (test/utils/g2-s11-pg-harness.ts:183:15)
      at ChildProcess.<anonymous> (test/utils/g2-s11-pg-harness.ts:202:7)

  console.warn
    PG17_PROCESS {"name":"g2g_46","options":{"action":"pair-init","coach":"s11-coach-a","body":{},"host":"P2","role":"phone"},"result":{"pairing_code":"483903","expires_at":"2026-09-27T20:13:38.772Z","import_intent_id":"fc8651b3-1a39-4c35-a9aa-21877718bfa7"},"queries":11,"pid":10661}

      181 |       }
      182 |       // Query shapes, outcomes, fixture identifiers and process IDs only; never parameters.
    > 183 |       console.warn(
          |               ^
      184 |         'PG17_PROCESS',
      185 |         JSON.stringify({
      186 |           name,

      at settleWorker (test/utils/g2-s11-pg-harness.ts:183:15)
      at ChildProcess.<anonymous> (test/utils/g2-s11-pg-harness.ts:202:7)

  console.warn
    PG17_PROCESS {"name":"g2g_47","options":{"action":"pair-redeem","coach":"unauthenticated","body":{"code":"483903"},"host":"P1","role":"ext"},"result":{"access_token":"synthetic-access-1","refresh_token":"synthetic-refresh-1","chosen_platform":"s11-label","import_intent_id":"fc8651b3-1a39-4c35-a9aa-21877718bfa7"},"queries":10,"pid":10698}

      181 |       }
      182 |       // Query shapes, outcomes, fixture identifiers and process IDs only; never parameters.
    > 183 |       console.warn(
          |               ^
      184 |         'PG17_PROCESS',
      185 |         JSON.stringify({
      186 |           name,

      at settleWorker (test/utils/g2-s11-pg-harness.ts:183:15)
      at ChildProcess.<anonymous> (test/utils/g2-s11-pg-harness.ts:202:7)

  console.warn
    PG17_PROCESS {"name":"g2g_48","options":{"action":"start","coach":"s11-coach-a","intent":"fc8651b3-1a39-4c35-a9aa-21877718bfa7","host":"P1","role":"phone"},"result":{"intent_id":"fc8651b3-1a39-4c35-a9aa-21877718bfa7","mode":"server","phase":"discovering","execution_epoch":1,"accepted_start_at":"2026-09-27T20:11:43.413Z","deadline_at":"2026-09-27T20:16:43.413Z"},"queries":3,"pid":10749}

      181 |       }
      182 |       // Query shapes, outcomes, fixture identifiers and process IDs only; never parameters.
    > 183 |       console.warn(
          |               ^
      184 |         'PG17_PROCESS',
      185 |         JSON.stringify({
      186 |           name,

      at settleWorker (test/utils/g2-s11-pg-harness.ts:183:15)
      at ChildProcess.<anonymous> (test/utils/g2-s11-pg-harness.ts:202:7)

  console.warn
    PG17_BLOCKED {"name":"g2g_50","rows":[{"type":"Lock","wait":"transactionid"}]}

      213 |       FROM pg_stat_activity WHERE application_name=${quote(name)} AND wait_event_type='Lock'`);
      214 |     if (rows.length > 0) {
    > 215 |       console.warn('PG17_BLOCKED', JSON.stringify({ name, rows }));
          |               ^
      216 |       return;
      217 |     }
      218 |     await new Promise((r) => setTimeout(r, 25));

      at Object.blocked (test/utils/g2-s11-pg-harness.ts:215:15)
      at Object.<anonymous> (test/scout/s11/journey-core.pg.spec.ts:447:5)

  console.warn
    PG17_PROCESS {"name":"g2g_50","options":{"action":"ingest","coach":"s11-coach-a","intent":"fc8651b3-1a39-4c35-a9aa-21877718bfa7","host":"P1","role":"ext","body":{"entity_type":"people","entities":[{"sourceId":"p-3","payload":{"name":"Synthetic p-3"}}]}},"failure":{"status":409,"message":"The run for this intent is fenced; no further writes are accepted.","response":{"code":"run_fenced","message":"The run for this intent is fenced; no further writes are accepted.","fence_reason":"cancelled"}},"queries":8,"pid":10931}

      181 |       }
      182 |       // Query shapes, outcomes, fixture identifiers and process IDs only; never parameters.
    > 183 |       console.warn(
          |               ^
      184 |         'PG17_PROCESS',
      185 |         JSON.stringify({
      186 |           name,

      at settleWorker (test/utils/g2-s11-pg-harness.ts:183:15)
      at ChildProcess.<anonymous> (test/utils/g2-s11-pg-harness.ts:202:7)

  console.warn
    PG17_PROCESS {"name":"g2g_49","options":{"action":"cancel","coach":"s11-coach-a","intent":"fc8651b3-1a39-4c35-a9aa-21877718bfa7","pause":"locked","txTimeout":30000,"host":"P2","role":"phone"},"result":{"intent_id":"fc8651b3-1a39-4c35-a9aa-21877718bfa7","status":"cancelled","execution_epoch":2},"queries":8,"pid":10884}

      181 |       }
      182 |       // Query shapes, outcomes, fixture identifiers and process IDs only; never parameters.
    > 183 |       console.warn(
          |               ^
      184 |         'PG17_PROCESS',
      185 |         JSON.stringify({
      186 |           name,

      at settleWorker (test/utils/g2-s11-pg-harness.ts:183:15)
      at ChildProcess.<anonymous> (test/utils/g2-s11-pg-harness.ts:202:7)

  console.warn
    PG17_PROCESS {"name":"g2g_51","options":{"action":"cancel","coach":"s11-coach-a","intent":"fc8651b3-1a39-4c35-a9aa-21877718bfa7","host":"P1","role":"phone"},"result":{"intent_id":"fc8651b3-1a39-4c35-a9aa-21877718bfa7","status":"cancelled","execution_epoch":2},"queries":1,"pid":11103}

      181 |       }
      182 |       // Query shapes, outcomes, fixture identifiers and process IDs only; never parameters.
    > 183 |       console.warn(
          |               ^
      184 |         'PG17_PROCESS',
      185 |         JSON.stringify({
      186 |           name,

      at settleWorker (test/utils/g2-s11-pg-harness.ts:183:15)
      at ChildProcess.<anonymous> (test/utils/g2-s11-pg-harness.ts:202:7)

  console.warn
    PG17_PROCESS {"name":"g2g_52","options":{"action":"pair-init","coach":"s11-coach-a","body":{},"host":"P1","role":"phone"},"result":{"pairing_code":"129525","expires_at":"2026-09-27T20:13:54.210Z","import_intent_id":"a1397863-9b37-45d0-b9b2-4c60e3d48974"},"queries":11,"pid":11183}

      181 |       }
      182 |       // Query shapes, outcomes, fixture identifiers and process IDs only; never parameters.
    > 183 |       console.warn(
          |               ^
      184 |         'PG17_PROCESS',
      185 |         JSON.stringify({
      186 |           name,

      at settleWorker (test/utils/g2-s11-pg-harness.ts:183:15)
      at ChildProcess.<anonymous> (test/utils/g2-s11-pg-harness.ts:202:7)

  console.warn
    PG17_PROCESS {"name":"g2g_53","options":{"action":"pair-redeem","coach":"unauthenticated","body":{"code":"129525"},"host":"P2","role":"ext"},"result":{"access_token":"synthetic-access-1","refresh_token":"synthetic-refresh-1","chosen_platform":"s11-label","import_intent_id":"a1397863-9b37-45d0-b9b2-4c60e3d48974"},"queries":10,"pid":11406}

      181 |       }
      182 |       // Query shapes, outcomes, fixture identifiers and process IDs only; never parameters.
    > 183 |       console.warn(
          |               ^
      184 |         'PG17_PROCESS',
      185 |         JSON.stringify({
      186 |           name,

      at settleWorker (test/utils/g2-s11-pg-harness.ts:183:15)
      at ChildProcess.<anonymous> (test/utils/g2-s11-pg-harness.ts:202:7)

  console.warn
    PG17_PROCESS {"name":"g2g_54","options":{"action":"start","coach":"s11-coach-a","intent":"a1397863-9b37-45d0-b9b2-4c60e3d48974","deadlineMs":1,"host":"P1","role":"phone"},"result":{"intent_id":"a1397863-9b37-45d0-b9b2-4c60e3d48974","mode":"server","phase":"discovering","execution_epoch":1,"accepted_start_at":"2026-09-27T20:11:59.263Z","deadline_at":"2026-09-27T20:11:59.264Z"},"queries":3,"pid":11549}

      181 |       }
      182 |       // Query shapes, outcomes, fixture identifiers and process IDs only; never parameters.
    > 183 |       console.warn(
          |               ^
      184 |         'PG17_PROCESS',
      185 |         JSON.stringify({
      186 |           name,

      at settleWorker (test/utils/g2-s11-pg-harness.ts:183:15)
      at ChildProcess.<anonymous> (test/utils/g2-s11-pg-harness.ts:202:7)

  console.warn
    PG17_PROCESS {"name":"g2g_55","options":{"action":"status","coach":"s11-coach-a","intent":"a1397863-9b37-45d0-b9b2-4c60e3d48974","host":"P1","role":"phone"},"result":{"intent_id":"a1397863-9b37-45d0-b9b2-4c60e3d48974","status":"timed_out","entity_counts":[],"started_at":"2026-09-27T20:11:59.264Z","completed_at":"2026-09-27T20:12:03.210Z","mode":"server","phase":"discovering","accepted_start_at":"2026-09-27T20:11:59.263Z","deadline_at":"2026-09-27T20:11:59.264Z","last_observed_at":null,"execution_epoch":2,"reason_code":"deadline_exceeded","claimed_status":null,"families":[]},"queries":25,"pid":11580}

      181 |       }
      182 |       // Query shapes, outcomes, fixture identifiers and process IDs only; never parameters.
    > 183 |       console.warn(
          |               ^
      184 |         'PG17_PROCESS',
      185 |         JSON.stringify({
      186 |           name,

      at settleWorker (test/utils/g2-s11-pg-harness.ts:183:15)
      at ChildProcess.<anonymous> (test/utils/g2-s11-pg-harness.ts:202:7)

  console.warn
    PG17_PROCESS {"name":"g2g_56","options":{"action":"status","coach":"s11-coach-a","intent":"a1397863-9b37-45d0-b9b2-4c60e3d48974","host":"P2","role":"phone"},"result":{"intent_id":"a1397863-9b37-45d0-b9b2-4c60e3d48974","status":"timed_out","entity_counts":[],"started_at":"2026-09-27T20:11:59.264Z","completed_at":"2026-09-27T20:12:03.210Z","mode":"server","phase":"discovering","accepted_start_at":"2026-09-27T20:11:59.263Z","deadline_at":"2026-09-27T20:11:59.264Z","last_observed_at":null,"execution_epoch":2,"reason_code":"deadline_exceeded","claimed_status":null,"families":[]},"queries":17,"pid":11581}

      181 |       }
      182 |       // Query shapes, outcomes, fixture identifiers and process IDs only; never parameters.
    > 183 |       console.warn(
          |               ^
      184 |         'PG17_PROCESS',
      185 |         JSON.stringify({
      186 |           name,

      at settleWorker (test/utils/g2-s11-pg-harness.ts:183:15)
      at ChildProcess.<anonymous> (test/utils/g2-s11-pg-harness.ts:202:7)

  console.warn
    PG17_PROCESS {"name":"g2g_57","options":{"action":"status","coach":"s11-coach-a","intent":"a1397863-9b37-45d0-b9b2-4c60e3d48974","host":"P2","role":"phone"},"result":{"intent_id":"a1397863-9b37-45d0-b9b2-4c60e3d48974","status":"timed_out","entity_counts":[],"started_at":"2026-09-27T20:11:59.264Z","completed_at":"2026-09-27T20:12:03.210Z","mode":"server","phase":"discovering","accepted_start_at":"2026-09-27T20:11:59.263Z","deadline_at":"2026-09-27T20:11:59.264Z","last_observed_at":null,"execution_epoch":2,"reason_code":"deadline_exceeded","claimed_status":null,"families":[]},"queries":17,"pid":11818}

      181 |       }
      182 |       // Query shapes, outcomes, fixture identifiers and process IDs only; never parameters.
    > 183 |       console.warn(
          |               ^
      184 |         'PG17_PROCESS',
      185 |         JSON.stringify({
      186 |           name,

      at settleWorker (test/utils/g2-s11-pg-harness.ts:183:15)
      at ChildProcess.<anonymous> (test/utils/g2-s11-pg-harness.ts:202:7)

  console.warn
    PG17_PROCESS {"name":"g2g_58","options":{"action":"pair-init","coach":"s11-coach-a","body":{},"host":"P1","role":"phone"},"result":{"pairing_code":"712964","expires_at":"2026-09-27T20:14:10.983Z","import_intent_id":"8be9682b-2036-4773-81c4-2e885ed0d2c3"},"queries":11,"pid":11856}

      181 |       }
      182 |       // Query shapes, outcomes, fixture identifiers and process IDs only; never parameters.
    > 183 |       console.warn(
          |               ^
      184 |         'PG17_PROCESS',
      185 |         JSON.stringify({
      186 |           name,

      at settleWorker (test/utils/g2-s11-pg-harness.ts:183:15)
      at ChildProcess.<anonymous> (test/utils/g2-s11-pg-harness.ts:202:7)

  console.warn
    PG17_PROCESS {"name":"g2g_59","options":{"action":"pair-redeem","coach":"unauthenticated","body":{"code":"712964"},"host":"P2","role":"ext"},"result":{"access_token":"synthetic-access-1","refresh_token":"synthetic-refresh-1","chosen_platform":"s11-label","import_intent_id":"8be9682b-2036-4773-81c4-2e885ed0d2c3"},"queries":10,"pid":11980}

      181 |       }
      182 |       // Query shapes, outcomes, fixture identifiers and process IDs only; never parameters.
    > 183 |       console.warn(
          |               ^
      184 |         'PG17_PROCESS',
      185 |         JSON.stringify({
      186 |           name,

      at settleWorker (test/utils/g2-s11-pg-harness.ts:183:15)
      at ChildProcess.<anonymous> (test/utils/g2-s11-pg-harness.ts:202:7)

  console.warn
    PG17_PROCESS {"name":"g2g_60","options":{"action":"start","coach":"s11-coach-a","intent":"8be9682b-2036-4773-81c4-2e885ed0d2c3","host":"P2","role":"phone"},"result":{"intent_id":"8be9682b-2036-4773-81c4-2e885ed0d2c3","mode":"server","phase":"discovering","execution_epoch":1,"accepted_start_at":"2026-09-27T20:12:18.687Z","deadline_at":"2026-09-27T20:17:18.687Z"},"queries":3,"pid":12051}

      181 |       }
      182 |       // Query shapes, outcomes, fixture identifiers and process IDs only; never parameters.
    > 183 |       console.warn(
          |               ^
      184 |         'PG17_PROCESS',
      185 |         JSON.stringify({
      186 |           name,

      at settleWorker (test/utils/g2-s11-pg-harness.ts:183:15)
      at ChildProcess.<anonymous> (test/utils/g2-s11-pg-harness.ts:202:7)

  console.warn
    PG17_PROCESS {"name":"g2g_61","options":{"action":"ingest","coach":"s11-coach-a","intent":"8be9682b-2036-4773-81c4-2e885ed0d2c3","body":{"entity_type":"people","entities":[{"sourceId":"p-1","payload":{"name":"Synthetic p-1"}}]},"host":"P1","role":"ext"},"result":{"received":1,"deduped":0},"queries":8,"pid":12088}

      181 |       }
      182 |       // Query shapes, outcomes, fixture identifiers and process IDs only; never parameters.
    > 183 |       console.warn(
          |               ^
      184 |         'PG17_PROCESS',
      185 |         JSON.stringify({
      186 |           name,

      at settleWorker (test/utils/g2-s11-pg-harness.ts:183:15)
      at ChildProcess.<anonymous> (test/utils/g2-s11-pg-harness.ts:202:7)

  console.warn
    PG17_PROCESS {"name":"g2g_62","options":{"action":"progress","coach":"s11-coach-a","intent":"8be9682b-2036-4773-81c4-2e885ed0d2c3","body":{"flush":true},"host":"P2","role":"ext"},"result":{"recorded":true,"flushed":true},"queries":8,"pid":12139}

      181 |       }
      182 |       // Query shapes, outcomes, fixture identifiers and process IDs only; never parameters.
    > 183 |       console.warn(
          |               ^
      184 |         'PG17_PROCESS',
      185 |         JSON.stringify({
      186 |           name,

      at settleWorker (test/utils/g2-s11-pg-harness.ts:183:15)
      at ChildProcess.<anonymous> (test/utils/g2-s11-pg-harness.ts:202:7)

  console.warn
    PG17_PROCESS {"name":"g2g_63","options":{"action":"pair-init","coach":"s11-coach-b","body":{},"host":"P2","role":"phone"},"result":{"pairing_code":"095828","expires_at":"2026-09-27T20:14:34.185Z","import_intent_id":"57f9e177-8891-46bc-a49b-0f33570b7639"},"queries":11,"pid":12239}

      181 |       }
      182 |       // Query shapes, outcomes, fixture identifiers and process IDs only; never parameters.
    > 183 |       console.warn(
          |               ^
      184 |         'PG17_PROCESS',
      185 |         JSON.stringify({
      186 |           name,

      at settleWorker (test/utils/g2-s11-pg-harness.ts:183:15)
      at ChildProcess.<anonymous> (test/utils/g2-s11-pg-harness.ts:202:7)

  console.warn
    PG17_PROCESS {"name":"g2g_64","options":{"action":"pair-redeem","coach":"unauthenticated","body":{"code":"095828"},"host":"P1","role":"ext"},"result":{"access_token":"synthetic-access-1","refresh_token":"synthetic-refresh-1","chosen_platform":"s11-label","import_intent_id":"57f9e177-8891-46bc-a49b-0f33570b7639"},"queries":10,"pid":12285}

      181 |       }
      182 |       // Query shapes, outcomes, fixture identifiers and process IDs only; never parameters.
    > 183 |       console.warn(
          |               ^
      184 |         'PG17_PROCESS',
      185 |         JSON.stringify({
      186 |           name,

      at settleWorker (test/utils/g2-s11-pg-harness.ts:183:15)
      at ChildProcess.<anonymous> (test/utils/g2-s11-pg-harness.ts:202:7)

  console.warn
    PG17_PROCESS {"name":"g2g_65","options":{"action":"start","coach":"s11-coach-b","intent":"57f9e177-8891-46bc-a49b-0f33570b7639","host":"P1","role":"phone"},"result":{"intent_id":"57f9e177-8891-46bc-a49b-0f33570b7639","mode":"server","phase":"discovering","execution_epoch":1,"accepted_start_at":"2026-09-27T20:12:44.230Z","deadline_at":"2026-09-27T20:17:44.230Z"},"queries":3,"pid":12317}

      181 |       }
      182 |       // Query shapes, outcomes, fixture identifiers and process IDs only; never parameters.
    > 183 |       console.warn(
          |               ^
      184 |         'PG17_PROCESS',
      185 |         JSON.stringify({
      186 |           name,

      at settleWorker (test/utils/g2-s11-pg-harness.ts:183:15)
      at ChildProcess.<anonymous> (test/utils/g2-s11-pg-harness.ts:202:7)

  console.warn
    PG17_PROCESS {"name":"g2g_66","options":{"action":"ingest","coach":"s11-coach-b","intent":"57f9e177-8891-46bc-a49b-0f33570b7639","body":{"entity_type":"people","entities":[{"sourceId":"q-1","payload":{"name":"Synthetic q-1"}}]},"host":"P2","role":"ext"},"result":{"received":1,"deduped":0},"queries":8,"pid":12359}

      181 |       }
      182 |       // Query shapes, outcomes, fixture identifiers and process IDs only; never parameters.
    > 183 |       console.warn(
          |               ^
      184 |         'PG17_PROCESS',
      185 |         JSON.stringify({
      186 |           name,

      at settleWorker (test/utils/g2-s11-pg-harness.ts:183:15)
      at ChildProcess.<anonymous> (test/utils/g2-s11-pg-harness.ts:202:7)

  console.warn
    PG17_PROCESS {"name":"g2g_67","options":{"action":"status","coach":"s11-coach-b","intent":"8be9682b-2036-4773-81c4-2e885ed0d2c3","host":"P1","role":"phone"},"failure":{"status":404,"message":"Not Found","response":{"message":"Not Found","statusCode":404}},"queries":6,"pid":12427}

      181 |       }
      182 |       // Query shapes, outcomes, fixture identifiers and process IDs only; never parameters.
    > 183 |       console.warn(
          |               ^
      184 |         'PG17_PROCESS',
      185 |         JSON.stringify({
      186 |           name,

      at settleWorker (test/utils/g2-s11-pg-harness.ts:183:15)
      at ChildProcess.<anonymous> (test/utils/g2-s11-pg-harness.ts:202:7)

  console.warn
    PG17_PROCESS {"name":"g2g_68","options":{"action":"status","coach":"s11-coach-b","intent":"00000000-0000-4000-8000-000000000000","host":"P2","role":"phone"},"failure":{"status":404,"message":"Not Found","response":{"message":"Not Found","statusCode":404}},"queries":6,"pid":12484}

      181 |       }
      182 |       // Query shapes, outcomes, fixture identifiers and process IDs only; never parameters.
    > 183 |       console.warn(
          |               ^
      184 |         'PG17_PROCESS',
      185 |         JSON.stringify({
      186 |           name,

      at settleWorker (test/utils/g2-s11-pg-harness.ts:183:15)
      at ChildProcess.<anonymous> (test/utils/g2-s11-pg-harness.ts:202:7)

  console.warn
    PG17_PROCESS {"name":"g2g_69","options":{"action":"start","coach":"s11-coach-b","intent":"8be9682b-2036-4773-81c4-2e885ed0d2c3","host":"P2","role":"phone"},"failure":{"status":404,"message":"Not Found","response":{"message":"Not Found","statusCode":404}},"queries":1,"pid":12550}

      181 |       }
      182 |       // Query shapes, outcomes, fixture identifiers and process IDs only; never parameters.
    > 183 |       console.warn(
          |               ^
      184 |         'PG17_PROCESS',
      185 |         JSON.stringify({
      186 |           name,

      at settleWorker (test/utils/g2-s11-pg-harness.ts:183:15)
      at ChildProcess.<anonymous> (test/utils/g2-s11-pg-harness.ts:202:7)

  console.warn
    PG17_PROCESS {"name":"g2g_70","options":{"action":"start","coach":"s11-coach-b","intent":"00000000-0000-4000-8000-000000000000","host":"P1","role":"phone"},"failure":{"status":404,"message":"Not Found","response":{"message":"Not Found","statusCode":404}},"queries":1,"pid":12627}

      181 |       }
      182 |       // Query shapes, outcomes, fixture identifiers and process IDs only; never parameters.
    > 183 |       console.warn(
          |               ^
      184 |         'PG17_PROCESS',
      185 |         JSON.stringify({
      186 |           name,

      at settleWorker (test/utils/g2-s11-pg-harness.ts:183:15)
      at ChildProcess.<anonymous> (test/utils/g2-s11-pg-harness.ts:202:7)

  console.warn
    PG17_PROCESS {"name":"g2g_71","options":{"action":"cancel","coach":"s11-coach-b","intent":"8be9682b-2036-4773-81c4-2e885ed0d2c3","host":"P1","role":"phone"},"failure":{"status":404,"message":"Not Found","response":{"message":"Not Found","statusCode":404}},"queries":1,"pid":12725}

      181 |       }
      182 |       // Query shapes, outcomes, fixture identifiers and process IDs only; never parameters.
    > 183 |       console.warn(
          |               ^
      184 |         'PG17_PROCESS',
      185 |         JSON.stringify({
      186 |           name,

      at settleWorker (test/utils/g2-s11-pg-harness.ts:183:15)
      at ChildProcess.<anonymous> (test/utils/g2-s11-pg-harness.ts:202:7)

  console.warn
    PG17_PROCESS {"name":"g2g_72","options":{"action":"cancel","coach":"s11-coach-b","intent":"00000000-0000-4000-8000-000000000000","host":"P2","role":"phone"},"failure":{"status":404,"message":"Not Found","response":{"message":"Not Found","statusCode":404}},"queries":1,"pid":12822}

      181 |       }
      182 |       // Query shapes, outcomes, fixture identifiers and process IDs only; never parameters.
    > 183 |       console.warn(
          |               ^
      184 |         'PG17_PROCESS',
      185 |         JSON.stringify({
      186 |           name,

      at settleWorker (test/utils/g2-s11-pg-harness.ts:183:15)
      at ChildProcess.<anonymous> (test/utils/g2-s11-pg-harness.ts:202:7)

  console.warn
    PG17_PROCESS {"name":"g2g_73","options":{"action":"pair-session","coach":"s11-coach-b","intent":"8be9682b-2036-4773-81c4-2e885ed0d2c3","host":"P2","role":"phone"},"failure":{"status":404,"message":"Pairing session not found. Create a new pairing code.","response":{"message":"Pairing session not found. Create a new pairing code.","error":"Not Found","statusCode":404}},"queries":1,"pid":12909}

      181 |       }
      182 |       // Query shapes, outcomes, fixture identifiers and process IDs only; never parameters.
    > 183 |       console.warn(
          |               ^
      184 |         'PG17_PROCESS',
      185 |         JSON.stringify({
      186 |           name,

      at settleWorker (test/utils/g2-s11-pg-harness.ts:183:15)
      at ChildProcess.<anonymous> (test/utils/g2-s11-pg-harness.ts:202:7)

  console.warn
    PG17_PROCESS {"name":"g2g_74","options":{"action":"pair-session","coach":"s11-coach-b","intent":"00000000-0000-4000-8000-000000000000","host":"P1","role":"phone"},"failure":{"status":404,"message":"Pairing session not found. Create a new pairing code.","response":{"message":"Pairing session not found. Create a new pairing code.","error":"Not Found","statusCode":404}},"queries":1,"pid":13013}

      181 |       }
      182 |       // Query shapes, outcomes, fixture identifiers and process IDs only; never parameters.
    > 183 |       console.warn(
          |               ^
      184 |         'PG17_PROCESS',
      185 |         JSON.stringify({
      186 |           name,

      at settleWorker (test/utils/g2-s11-pg-harness.ts:183:15)
      at ChildProcess.<anonymous> (test/utils/g2-s11-pg-harness.ts:202:7)

  console.warn
    PG17_PROCESS {"name":"g2g_75","options":{"action":"roster","coach":"s11-coach-b","intent":"8be9682b-2036-4773-81c4-2e885ed0d2c3","host":"P1","role":"phone"},"failure":{"status":404,"message":"Not Found","response":{"message":"Not Found","statusCode":404}},"queries":6,"pid":13049}

      181 |       }
      182 |       // Query shapes, outcomes, fixture identifiers and process IDs only; never parameters.
    > 183 |       console.warn(
          |               ^
      184 |         'PG17_PROCESS',
      185 |         JSON.stringify({
      186 |           name,

      at settleWorker (test/utils/g2-s11-pg-harness.ts:183:15)
      at ChildProcess.<anonymous> (test/utils/g2-s11-pg-harness.ts:202:7)

  console.warn
    PG17_PROCESS {"name":"g2g_76","options":{"action":"roster","coach":"s11-coach-b","intent":"00000000-0000-4000-8000-000000000000","host":"P2","role":"phone"},"failure":{"status":404,"message":"Not Found","response":{"message":"Not Found","statusCode":404}},"queries":6,"pid":13113}

      181 |       }
      182 |       // Query shapes, outcomes, fixture identifiers and process IDs only; never parameters.
    > 183 |       console.warn(
          |               ^
      184 |         'PG17_PROCESS',
      185 |         JSON.stringify({
      186 |           name,

      at settleWorker (test/utils/g2-s11-pg-harness.ts:183:15)
      at ChildProcess.<anonymous> (test/utils/g2-s11-pg-harness.ts:202:7)

  console.warn
    PG17_PROCESS {"name":"g2g_77","options":{"action":"entities","coach":"s11-coach-b","intent":"8be9682b-2036-4773-81c4-2e885ed0d2c3","body":{"family":"workouts"},"host":"P2","role":"phone"},"failure":{"status":404,"message":"Not Found","response":{"message":"Not Found","statusCode":404}},"queries":6,"pid":13142}

      181 |       }
      182 |       // Query shapes, outcomes, fixture identifiers and process IDs only; never parameters.
    > 183 |       console.warn(
          |               ^
      184 |         'PG17_PROCESS',
      185 |         JSON.stringify({
      186 |           name,

      at settleWorker (test/utils/g2-s11-pg-harness.ts:183:15)
      at ChildProcess.<anonymous> (test/utils/g2-s11-pg-harness.ts:202:7)

  console.warn
    PG17_PROCESS {"name":"g2g_78","options":{"action":"entities","coach":"s11-coach-b","intent":"00000000-0000-4000-8000-000000000000","body":{"family":"workouts"},"host":"P1","role":"phone"},"failure":{"status":404,"message":"Not Found","response":{"message":"Not Found","statusCode":404}},"queries":6,"pid":13180}

      181 |       }
      182 |       // Query shapes, outcomes, fixture identifiers and process IDs only; never parameters.
    > 183 |       console.warn(
          |               ^
      184 |         'PG17_PROCESS',
      185 |         JSON.stringify({
      186 |           name,

      at settleWorker (test/utils/g2-s11-pg-harness.ts:183:15)
      at ChildProcess.<anonymous> (test/utils/g2-s11-pg-harness.ts:202:7)

  console.warn
    PG17_PROCESS {"name":"g2g_79","options":{"action":"progress","coach":"s11-coach-b","intent":"8be9682b-2036-4773-81c4-2e885ed0d2c3","body":{"flush":true},"host":"P1","role":"ext"},"result":{"recorded":true,"flushed":true},"queries":3,"pid":13221}

      181 |       }
      182 |       // Query shapes, outcomes, fixture identifiers and process IDs only; never parameters.
    > 183 |       console.warn(
          |               ^
      184 |         'PG17_PROCESS',
      185 |         JSON.stringify({
      186 |           name,

      at settleWorker (test/utils/g2-s11-pg-harness.ts:183:15)
      at ChildProcess.<anonymous> (test/utils/g2-s11-pg-harness.ts:202:7)

  console.warn
    PG17_PROCESS {"name":"g2g_80","options":{"action":"complete","coach":"s11-coach-b","intent":"57f9e177-8891-46bc-a49b-0f33570b7639","body":{"terminal_status":"success"},"host":"P2","role":"ext"},"result":{"acknowledged":true,"intent_id":"57f9e177-8891-46bc-a49b-0f33570b7639"},"queries":39,"pid":13260}

      181 |       }
      182 |       // Query shapes, outcomes, fixture identifiers and process IDs only; never parameters.
    > 183 |       console.warn(
          |               ^
      184 |         'PG17_PROCESS',
      185 |         JSON.stringify({
      186 |           name,

      at settleWorker (test/utils/g2-s11-pg-harness.ts:183:15)
      at ChildProcess.<anonymous> (test/utils/g2-s11-pg-harness.ts:202:7)

  console.warn
    PG17_PROCESS {"name":"g2g_81","options":{"action":"status","coach":"s11-coach-b","intent":"8be9682b-2036-4773-81c4-2e885ed0d2c3","host":"P2","role":"phone"},"result":{"intent_id":"8be9682b-2036-4773-81c4-2e885ed0d2c3","status":"running","entity_counts":[],"started_at":"2026-09-27T20:14:03.849Z","completed_at":null,"mode":"legacy","phase":null,"accepted_start_at":null,"deadline_at":null,"last_observed_at":null,"execution_epoch":1,"reason_code":null,"claimed_status":null,"families":[]},"queries":6,"pid":13356}

      181 |       }
      182 |       // Query shapes, outcomes, fixture identifiers and process IDs only; never parameters.
    > 183 |       console.warn(
          |               ^
      184 |         'PG17_PROCESS',
      185 |         JSON.stringify({
      186 |           name,

      at settleWorker (test/utils/g2-s11-pg-harness.ts:183:15)
      at ChildProcess.<anonymous> (test/utils/g2-s11-pg-harness.ts:202:7)

  console.warn
    PG17_PROCESS {"name":"g2g_82","options":{"action":"status","coach":"s11-coach-a","intent":"8be9682b-2036-4773-81c4-2e885ed0d2c3","host":"P1","role":"phone"},"result":{"intent_id":"8be9682b-2036-4773-81c4-2e885ed0d2c3","status":"running","entity_counts":[{"entity_type":"people","committed":1}],"started_at":"2026-09-27T20:12:22.730Z","completed_at":null,"mode":"server","phase":"transferring","accepted_start_at":"2026-09-27T20:12:18.687Z","deadline_at":"2026-09-27T20:17:18.687Z","last_observed_at":"2026-09-27T20:12:29.257Z","execution_epoch":1,"reason_code":null,"claimed_status":null,"families":[{"family":"people","observed_unique":null,"staged_unique":1,"created_native":null,"already_present_verified":null,"rejected":null,"unresolved":null,"ledger":{"reconstructed":0,"skipped":0,"failed":0}}]},"queries":8,"pid":13401}

      181 |       }
      182 |       // Query shapes, outcomes, fixture identifiers and process IDs only; never parameters.
    > 183 |       console.warn(
          |               ^
      184 |         'PG17_PROCESS',
      185 |         JSON.stringify({
      186 |           name,

      at settleWorker (test/utils/g2-s11-pg-harness.ts:183:15)
      at ChildProcess.<anonymous> (test/utils/g2-s11-pg-harness.ts:202:7)

  console.warn
    PG17_PROCESS {"name":"g2g_83","options":{"action":"status","coach":"s11-coach-a","intent":"8be9682b-2036-4773-81c4-2e885ed0d2c3","host":"P2","role":"phone"},"result":{"intent_id":"8be9682b-2036-4773-81c4-2e885ed0d2c3","status":"running","entity_counts":[{"entity_type":"people","committed":1}],"started_at":"2026-09-27T20:12:22.730Z","completed_at":null,"mode":"server","phase":"transferring","accepted_start_at":"2026-09-27T20:12:18.687Z","deadline_at":"2026-09-27T20:17:18.687Z","last_observed_at":"2026-09-27T20:12:29.257Z","execution_epoch":1,"reason_code":null,"claimed_status":null,"families":[{"family":"people","observed_unique":null,"staged_unique":1,"created_native":null,"already_present_verified":null,"rejected":null,"unresolved":null,"ledger":{"reconstructed":0,"skipped":0,"failed":0}}]},"queries":8,"pid":13431}

      181 |       }
      182 |       // Query shapes, outcomes, fixture identifiers and process IDs only; never parameters.
    > 183 |       console.warn(
          |               ^
      184 |         'PG17_PROCESS',
      185 |         JSON.stringify({
      186 |           name,

      at settleWorker (test/utils/g2-s11-pg-harness.ts:183:15)
      at ChildProcess.<anonymous> (test/utils/g2-s11-pg-harness.ts:202:7)

PASS test/scout/s11/journey-core.pg.spec.ts (306.645 s)
  S11-A1 journey core — two hosts over one disposable PG (J01-J08)
    ✓ J01: init on P1 (phone), redeem on P2 (ext), current on P1 is paired, Start on P2 creates one run; replayed Start on P1 is identical (21260 ms)
    ✓ J02 (+ steps 9-11): batches alternate P1/P2, claim on P1, one terminal write; P2 status equals P1 byte for byte; the native review reads agree across hosts (41494 ms)
    ✓ J03 (G2): a snapshot posted to P1 and read on P2 before P1 flushes — truth fields current, mirror absent (never zeroed); after the flush the mirror holds the posted counts (15761 ms)
    ✓ J04: P1 is killed with its snapshot pending — status on P2 still returns the truth fields; nothing becomes 0 or terminal (26155 ms)
    ✓ J05: cancel (phone) on P2 while ext ingests on P1 — batch-then-fence, or refused run_fenced; terminal cancelled once; no deadlock (27305 ms)
    ✓ J06: a short deadline elapses with no host touching the run; the first status read on either host fences timed_out once; the concurrent read on the other host sees the same terminal (14025 ms)
    ✓ J07: coach B interleaves on P1/P2 — cross-coach 404 operations are uniform, B's /progress is 204 with no foreign write; A's run and rows are exactly unchanged (148992 ms)
    ✓ J08: across J01-J07 no call reached a client-directed channel; at most one coach import.complete push per run, asserted on the call (271 ms)

Test Suites: 1 passed, 1 total
Tests:       8 passed, 8 total
Snapshots:   0 total
Time:        307.91 s
Ran all test suites within paths "test/scout/s11/journey-core.pg.spec.ts".
