  console.warn
    PG17_PROCESS {"name":"g2g_1","options":{"action":"start","coach":"s11a2-coach-a","intent":"c4dd4442-f1ed-455c-9649-aab5b3ce099c","host":"P2","role":"phone"},"result":{"intent_id":"c4dd4442-f1ed-455c-9649-aab5b3ce099c","mode":"server","phase":"discovering","execution_epoch":1,"accepted_start_at":"2026-09-27T20:23:45.585Z","deadline_at":"2026-09-27T20:28:45.585Z"},"queries":3,"pid":20258}

      181 |       }
      182 |       // Query shapes, outcomes, fixture identifiers and process IDs only; never parameters.
    > 183 |       console.warn(
          |               ^
      184 |         'PG17_PROCESS',
      185 |         JSON.stringify({
      186 |           name,

      at settleWorker (test/utils/g2-s11-pg-harness.ts:183:15)
      at ChildProcess.<anonymous> (test/utils/g2-s11-pg-harness.ts:202:7)

  console.warn
    PG17_PROCESS {"name":"g2g_2","options":{"action":"declare","coach":"s11a2-coach-a","intent":"c4dd4442-f1ed-455c-9649-aab5b3ce099c","body":{"platforms":[{"source_platform":"s10_unseen","account_scope_id_digests":["265867792567e5ff6f7402a88f9c707517887390598b1adbee71a69fed4fba13"]},{"source_platform":"s11_second","account_scope_id_digests":["b41d70b4bc8498395519478765f5152138a16931722424835c9f7d72eb2658f9"]}]},"host":"P1","role":"ext"},"result":{"intent_id":"c4dd4442-f1ed-455c-9649-aab5b3ce099c","challenge_b64":"sh0aXmCtpVd3xogGJykkT7KDNiZhcadY5HEFnfr0taQ=","declared_at":"2026-09-27T20:23:49.763Z"},"queries":10,"pid":20311}

      181 |       }
      182 |       // Query shapes, outcomes, fixture identifiers and process IDs only; never parameters.
    > 183 |       console.warn(
          |               ^
      184 |         'PG17_PROCESS',
      185 |         JSON.stringify({
      186 |           name,

      at settleWorker (test/utils/g2-s11-pg-harness.ts:183:15)
      at ChildProcess.<anonymous> (test/utils/g2-s11-pg-harness.ts:202:7)

  console.warn
    PG17_PROCESS {"name":"g2g_3","options":{"action":"declare","coach":"s11a2-coach-a","intent":"c4dd4442-f1ed-455c-9649-aab5b3ce099c","body":{"platforms":[{"source_platform":"s11_second","account_scope_id_digests":["b41d70b4bc8498395519478765f5152138a16931722424835c9f7d72eb2658f9"]},{"source_platform":"s10_unseen","account_scope_id_digests":["265867792567e5ff6f7402a88f9c707517887390598b1adbee71a69fed4fba13"]}]},"host":"P2","role":"ext"},"result":{"intent_id":"c4dd4442-f1ed-455c-9649-aab5b3ce099c","challenge_b64":"sh0aXmCtpVd3xogGJykkT7KDNiZhcadY5HEFnfr0taQ=","declared_at":"2026-09-27T20:23:49.763Z"},"queries":6,"pid":20358}

      181 |       }
      182 |       // Query shapes, outcomes, fixture identifiers and process IDs only; never parameters.
    > 183 |       console.warn(
          |               ^
      184 |         'PG17_PROCESS',
      185 |         JSON.stringify({
      186 |           name,

      at settleWorker (test/utils/g2-s11-pg-harness.ts:183:15)
      at ChildProcess.<anonymous> (test/utils/g2-s11-pg-harness.ts:202:7)

  console.warn
    PG17_PROCESS {"name":"g2g_4","options":{"action":"ingest","coach":"s11a2-coach-a","intent":"c4dd4442-f1ed-455c-9649-aab5b3ce099c","body":{"entity_type":"u10-routines","sourcePlatform":"s10_unseen","entities":[{"sourceId":"u10-w-1","payload":{"u10_heading":"Synthetic Routine","u10_modality":"lift"}}]},"host":"P2","role":"ext"},"result":{"received":1,"deduped":0},"queries":8,"pid":20398}

      181 |       }
      182 |       // Query shapes, outcomes, fixture identifiers and process IDs only; never parameters.
    > 183 |       console.warn(
          |               ^
      184 |         'PG17_PROCESS',
      185 |         JSON.stringify({
      186 |           name,

      at settleWorker (test/utils/g2-s11-pg-harness.ts:183:15)
      at ChildProcess.<anonymous> (test/utils/g2-s11-pg-harness.ts:202:7)

  console.warn
    PG17_PROCESS {"name":"g2g_5","options":{"action":"ingest","coach":"s11a2-coach-a","intent":"c4dd4442-f1ed-455c-9649-aab5b3ce099c","body":{"entity_type":"u10-sessions","sourcePlatform":"s10_unseen","entities":[{"sourceId":"u10-w-2","payload":{"u10_heading":"Synthetic Session","u10_modality":"run"}}]},"host":"P1","role":"ext"},"result":{"received":1,"deduped":0},"queries":8,"pid":20429}

      181 |       }
      182 |       // Query shapes, outcomes, fixture identifiers and process IDs only; never parameters.
    > 183 |       console.warn(
          |               ^
      184 |         'PG17_PROCESS',
      185 |         JSON.stringify({
      186 |           name,

      at settleWorker (test/utils/g2-s11-pg-harness.ts:183:15)
      at ChildProcess.<anonymous> (test/utils/g2-s11-pg-harness.ts:202:7)

  console.warn
    PG17_PROCESS {"name":"g2g_6","options":{"action":"ingest","coach":"s11a2-coach-a","intent":"c4dd4442-f1ed-455c-9649-aab5b3ce099c","body":{"entity_type":"t11-blocks","sourcePlatform":"s11_second","entities":[{"sourceId":"t11-b-1","payload":{"t11_title":"Synthetic Block Two","t11_weeks":6,"t11_days":4}}]},"host":"P1","role":"ext"},"result":{"received":1,"deduped":0},"queries":8,"pid":20458}

      181 |       }
      182 |       // Query shapes, outcomes, fixture identifiers and process IDs only; never parameters.
    > 183 |       console.warn(
          |               ^
      184 |         'PG17_PROCESS',
      185 |         JSON.stringify({
      186 |           name,

      at settleWorker (test/utils/g2-s11-pg-harness.ts:183:15)
      at ChildProcess.<anonymous> (test/utils/g2-s11-pg-harness.ts:202:7)

  console.warn
    PG17_PROCESS {"name":"g2g_7","options":{"action":"ingest","coach":"s11a2-coach-a","intent":"c4dd4442-f1ed-455c-9649-aab5b3ce099c","body":{"entity_type":"t11-routines","sourcePlatform":"s11_second","entities":[{"sourceId":"t11-r-1","payload":{"t11_title":"Synthetic Routine Two","t11_kind":"run"}}]},"host":"P2","role":"ext"},"result":{"received":1,"deduped":0},"queries":8,"pid":20488}

      181 |       }
      182 |       // Query shapes, outcomes, fixture identifiers and process IDs only; never parameters.
    > 183 |       console.warn(
          |               ^
      184 |         'PG17_PROCESS',
      185 |         JSON.stringify({
      186 |           name,

      at settleWorker (test/utils/g2-s11-pg-harness.ts:183:15)
      at ChildProcess.<anonymous> (test/utils/g2-s11-pg-harness.ts:202:7)

  console.warn
    PG17_PROCESS {"name":"g2g_8","options":{"action":"observe","coach":"s11a2-coach-a","intent":"c4dd4442-f1ed-455c-9649-aab5b3ce099c","body":{"observations":[{"evidence_version":1,"source_platform":"s10_unseen","account_scope_id_digest":"265867792567e5ff6f7402a88f9c707517887390598b1adbee71a69fed4fba13","family":"clients","basis_kind":"source_signed_enumeration","mapping_spec_digest":"fecf009ed9463bf97766ab08a322f42f6fbe0124a90551a604f5b26def4ae3dc","statement_b64":"eyJhY2NvdW50X3Njb3BlX2lkX2RpZ2VzdCI6IjI2NTg2Nzc5MjU2N2U1ZmY2Zjc0MDJhODhmOWM3MDc1MTc4ODczOTA1OThiMWFkYmVlNzFhNjlmZWQ0ZmJhMTMiLCJjaGFsbGVuZ2VfYjY0Ijoic2gwYVhtQ3RwVmQzeG9nR0p5a2tUN0tETmlaaGNhZFk1SEVGbmZyMHRhUT0iLCJkYXRlX3dpbmRvdyI6bnVsbCwiZmFtaWx5IjoiY2xpZW50cyIsImlkX3NldF9kaWdlc3QiOiJlM2IwYzQ0Mjk4ZmMxYzE0OWFmYmY0Yzg5OTZmYjkyNDI3YWU0MWU0NjQ5YjkzNGNhNDk1OTkxYjc4NTJiODU1IiwiaXNzdWVkX2F0IjoiMjAyNi0wOS0yN1QyMDoyNDowOS41ODdaIiwib2JzZXJ2ZWRfdW5pcXVlIjowLCJzbmFwc2hvdF9yZWZfZGlnZXN0IjoiYzZiZTdjYTQ2OGI0M2ZiMzc5ODMyMzBhZjc4Y2JmMjcxMzBjNTU1ODQwNDk1OWJhZjFjNjczZWU5YjUzMzQ0YiIsInNvdXJjZV9wbGF0Zm9ybSI6InMxMF91bnNlZW4iLCJzdGF0ZW1lbnRfdmVyc2lvbiI6MSwidGVybWluYWwiOiJlbmRfb2ZfbGlzdCJ9","key_id":"s10_unseen.source.d2","signature_b64":"2M1hK4T5AxbRMIaKPFPsX5lHjIwQKSb/K6g67x0y3BgPi2kNTWNVAFlHBRipXVwCZaLEJTnaLrtsnYhPsYQyDQ=="},{"evidence_version":1,"source_platform":"s10_unseen","account_scope_id_digest":"265867792567e5ff6f7402a88f9c707517887390598b1adbee71a69fed4fba13","family":"programs","basis_kind":"source_signed_enumeration","mapping_spec_digest":"fecf009ed9463bf97766ab08a322f42f6fbe0124a90551a604f5b26def4ae3dc","statement_b64":"eyJhY2NvdW50X3Njb3BlX2lkX2RpZ2VzdCI6IjI2NTg2Nzc5MjU2N2U1ZmY2Zjc0MDJhODhmOWM3MDc1MTc4ODczOTA1OThiMWFkYmVlNzFhNjlmZWQ0ZmJhMTMiLCJjaGFsbGVuZ2VfYjY0Ijoic2gwYVhtQ3RwVmQzeG9nR0p5a2tUN0tETmlaaGNhZFk1SEVGbmZyMHRhUT0iLCJkYXRlX3dpbmRvdyI6bnVsbCwiZmFtaWx5IjoicHJvZ3JhbXMiLCJpZF9zZXRfZGlnZXN0IjoiZTNiMGM0NDI5OGZjMWMxNDlhZmJmNGM4OTk2ZmI5MjQyN2FlNDFlNDY0OWI5MzRjYTQ5NTk5MWI3ODUyYjg1NSIsImlzc3VlZF9hdCI6IjIwMjYtMDktMjdUMjA6MjQ6MDkuNTg3WiIsIm9ic2VydmVkX3VuaXF1ZSI6MCwic25hcHNob3RfcmVmX2RpZ2VzdCI6ImM2YmU3Y2E0NjhiNDNmYjM3OTgzMjMwYWY3OGNiZjI3MTMwYzU1NTg0MDQ5NTliYWYxYzY3M2VlOWI1MzM0NGIiLCJzb3VyY2VfcGxhdGZvcm0iOiJzMTBfdW5zZWVuIiwic3RhdGVtZW50X3ZlcnNpb24iOjEsInRlcm1pbmFsIjoiZW5kX29mX2xpc3QifQ==","key_id":"s10_unseen.source.d2","signature_b64":"JuqL2sOhjYmIkFlVjCuS/ds1+MlWoSj8EGo3rIrX/KiJubsBqUSZYguOzua+mi3qPaMOdd4rWL5Xg/fpocE2Dg=="},{"evidence_version":1,"source_platform":"s10_unseen","account_scope_id_digest":"265867792567e5ff6f7402a88f9c707517887390598b1adbee71a69fed4fba13","family":"workouts","basis_kind":"source_signed_enumeration","mapping_spec_digest":"fecf009ed9463bf97766ab08a322f42f6fbe0124a90551a604f5b26def4ae3dc","statement_b64":"eyJhY2NvdW50X3Njb3BlX2lkX2RpZ2VzdCI6IjI2NTg2Nzc5MjU2N2U1ZmY2Zjc0MDJhODhmOWM3MDc1MTc4ODczOTA1OThiMWFkYmVlNzFhNjlmZWQ0ZmJhMTMiLCJjaGFsbGVuZ2VfYjY0Ijoic2gwYVhtQ3RwVmQzeG9nR0p5a2tUN0tETmlaaGNhZFk1SEVGbmZyMHRhUT0iLCJkYXRlX3dpbmRvdyI6bnVsbCwiZmFtaWx5Ijoid29ya291dHMiLCJpZF9zZXRfZGlnZXN0IjoiMmRjM2QxNzYxZTFlZTc5MjI0OGEyMjhmNmYzYmY3YjY4YzNiNGRlZjlkZWI0Nzk5Mzc4YTkwNzI1NTZmYWRkOSIsImlzc3VlZF9hdCI6IjIwMjYtMDktMjdUMjA6MjQ6MDkuNTg3WiIsIm9ic2VydmVkX3VuaXF1ZSI6Miwic25hcHNob3RfcmVmX2RpZ2VzdCI6ImM2YmU3Y2E0NjhiNDNmYjM3OTgzMjMwYWY3OGNiZjI3MTMwYzU1NTg0MDQ5NTliYWYxYzY3M2VlOWI1MzM0NGIiLCJzb3VyY2VfcGxhdGZvcm0iOiJzMTBfdW5zZWVuIiwic3RhdGVtZW50X3ZlcnNpb24iOjEsInRlcm1pbmFsIjoiZW5kX29mX2xpc3QifQ==","key_id":"s10_unseen.source.d2","signature_b64":"o2CH2fJ0/OgRcbuF52E9BVTzxWj64lOSmbFRwDnUykTSgepi61iYAKa79MB9U1rt17Vt28Xbb6rySNd8XpM0BQ=="}]},"host":"P1","role":"ext"},"result":{"intent_id":"c4dd4442-f1ed-455c-9649-aab5b3ce099c","execution_epoch":1,"stored":3,"replayed":0},"queries":11,"pid":20537}

      181 |       }
      182 |       // Query shapes, outcomes, fixture identifiers and process IDs only; never parameters.
    > 183 |       console.warn(
          |               ^
      184 |         'PG17_PROCESS',
      185 |         JSON.stringify({
      186 |           name,

      at settleWorker (test/utils/g2-s11-pg-harness.ts:183:15)
      at ChildProcess.<anonymous> (test/utils/g2-s11-pg-harness.ts:202:7)

  console.warn
    PG17_PROCESS {"name":"g2g_9","options":{"action":"observe","coach":"s11a2-coach-a","intent":"c4dd4442-f1ed-455c-9649-aab5b3ce099c","body":{"observations":[{"evidence_version":1,"source_platform":"s11_second","account_scope_id_digest":"b41d70b4bc8498395519478765f5152138a16931722424835c9f7d72eb2658f9","family":"programs","basis_kind":"source_signed_enumeration","mapping_spec_digest":"a330874b8c3c9d4a4b42d52728d6a3b09feada8411459ae0d0139c5c1e0d0c8e","statement_b64":"eyJhY2NvdW50X3Njb3BlX2lkX2RpZ2VzdCI6ImI0MWQ3MGI0YmM4NDk4Mzk1NTE5NDc4NzY1ZjUxNTIxMzhhMTY5MzE3MjI0MjQ4MzVjOWY3ZDcyZWIyNjU4ZjkiLCJjaGFsbGVuZ2VfYjY0Ijoic2gwYVhtQ3RwVmQzeG9nR0p5a2tUN0tETmlaaGNhZFk1SEVGbmZyMHRhUT0iLCJkYXRlX3dpbmRvdyI6bnVsbCwiZmFtaWx5IjoicHJvZ3JhbXMiLCJpZF9zZXRfZGlnZXN0IjoiMDk0OWViZmU2ODY4OWFkOWQzZmNmZGIxNjI3MDYyMWE0MWE0YzM0NDQ0NjEwMDUzMmQzOWY4NGZmZDhkYjA1MiIsImlzc3VlZF9hdCI6IjIwMjYtMDktMjdUMjA6MjQ6MTMuMTU3WiIsIm9ic2VydmVkX3VuaXF1ZSI6MSwic25hcHNob3RfcmVmX2RpZ2VzdCI6IjdmNjliMTk2NTRiN2ZlYjZhZTJjYWU3ZDllOTJlNDg4MzY4NDVjMWZjZmE2MGFjOTBlYTJlZDkxMjZhZGUwZjgiLCJzb3VyY2VfcGxhdGZvcm0iOiJzMTFfc2Vjb25kIiwic3RhdGVtZW50X3ZlcnNpb24iOjEsInRlcm1pbmFsIjoiZW5kX29mX2xpc3QifQ==","key_id":"s11_second.source.a2","signature_b64":"djr7kmFPhvOX7xyoJhUFCvTQhmGnqmHHooTZ6FICGFzv3bSFLArhN/I4mpkCaBJ/OECGw19nPQOekvzpKrX8CQ=="},{"evidence_version":1,"source_platform":"s11_second","account_scope_id_digest":"b41d70b4bc8498395519478765f5152138a16931722424835c9f7d72eb2658f9","family":"workouts","basis_kind":"source_signed_enumeration","mapping_spec_digest":"a330874b8c3c9d4a4b42d52728d6a3b09feada8411459ae0d0139c5c1e0d0c8e","statement_b64":"eyJhY2NvdW50X3Njb3BlX2lkX2RpZ2VzdCI6ImI0MWQ3MGI0YmM4NDk4Mzk1NTE5NDc4NzY1ZjUxNTIxMzhhMTY5MzE3MjI0MjQ4MzVjOWY3ZDcyZWIyNjU4ZjkiLCJjaGFsbGVuZ2VfYjY0Ijoic2gwYVhtQ3RwVmQzeG9nR0p5a2tUN0tETmlaaGNhZFk1SEVGbmZyMHRhUT0iLCJkYXRlX3dpbmRvdyI6bnVsbCwiZmFtaWx5Ijoid29ya291dHMiLCJpZF9zZXRfZGlnZXN0IjoiNTk0NmEzZDE4Njg2NDFhMjc1N2ViYTYzMmU0OWM5OWYyN2Q0NTQwYjM1NjBiMjIzNmNlNGZjY2ZhYzRkMGU4MSIsImlzc3VlZF9hdCI6IjIwMjYtMDktMjdUMjA6MjQ6MTMuMTU3WiIsIm9ic2VydmVkX3VuaXF1ZSI6MSwic25hcHNob3RfcmVmX2RpZ2VzdCI6IjdmNjliMTk2NTRiN2ZlYjZhZTJjYWU3ZDllOTJlNDg4MzY4NDVjMWZjZmE2MGFjOTBlYTJlZDkxMjZhZGUwZjgiLCJzb3VyY2VfcGxhdGZvcm0iOiJzMTFfc2Vjb25kIiwic3RhdGVtZW50X3ZlcnNpb24iOjEsInRlcm1pbmFsIjoiZW5kX29mX2xpc3QifQ==","key_id":"s11_second.source.a2","signature_b64":"d5WVxacMiERJCUFGnQrstWtSIBsD/U8pnoP1bNHbfsGO8RdgmXK99C3LiUeRn2XPIIrEsWsRJTRorQ3CYNURDw=="}]},"host":"P2","role":"ext"},"result":{"intent_id":"c4dd4442-f1ed-455c-9649-aab5b3ce099c","execution_epoch":1,"stored":2,"replayed":0},"queries":10,"pid":20569}

      181 |       }
      182 |       // Query shapes, outcomes, fixture identifiers and process IDs only; never parameters.
    > 183 |       console.warn(
          |               ^
      184 |         'PG17_PROCESS',
      185 |         JSON.stringify({
      186 |           name,

      at settleWorker (test/utils/g2-s11-pg-harness.ts:183:15)
      at ChildProcess.<anonymous> (test/utils/g2-s11-pg-harness.ts:202:7)

  console.warn
    PG17_PROCESS {"name":"g2g_10","options":{"action":"observe","coach":"s11a2-coach-a","intent":"c4dd4442-f1ed-455c-9649-aab5b3ce099c","body":{"observations":[{"evidence_version":1,"source_platform":"s11_second","account_scope_id_digest":"b41d70b4bc8498395519478765f5152138a16931722424835c9f7d72eb2658f9","family":"programs","basis_kind":"source_signed_enumeration","mapping_spec_digest":"a330874b8c3c9d4a4b42d52728d6a3b09feada8411459ae0d0139c5c1e0d0c8e","statement_b64":"eyJhY2NvdW50X3Njb3BlX2lkX2RpZ2VzdCI6ImI0MWQ3MGI0YmM4NDk4Mzk1NTE5NDc4NzY1ZjUxNTIxMzhhMTY5MzE3MjI0MjQ4MzVjOWY3ZDcyZWIyNjU4ZjkiLCJjaGFsbGVuZ2VfYjY0Ijoic2gwYVhtQ3RwVmQzeG9nR0p5a2tUN0tETmlaaGNhZFk1SEVGbmZyMHRhUT0iLCJkYXRlX3dpbmRvdyI6bnVsbCwiZmFtaWx5IjoicHJvZ3JhbXMiLCJpZF9zZXRfZGlnZXN0IjoiMDk0OWViZmU2ODY4OWFkOWQzZmNmZGIxNjI3MDYyMWE0MWE0YzM0NDQ0NjEwMDUzMmQzOWY4NGZmZDhkYjA1MiIsImlzc3VlZF9hdCI6IjIwMjYtMDktMjdUMjA6MjQ6MTMuMTU3WiIsIm9ic2VydmVkX3VuaXF1ZSI6MSwic25hcHNob3RfcmVmX2RpZ2VzdCI6IjdmNjliMTk2NTRiN2ZlYjZhZTJjYWU3ZDllOTJlNDg4MzY4NDVjMWZjZmE2MGFjOTBlYTJlZDkxMjZhZGUwZjgiLCJzb3VyY2VfcGxhdGZvcm0iOiJzMTFfc2Vjb25kIiwic3RhdGVtZW50X3ZlcnNpb24iOjEsInRlcm1pbmFsIjoiZW5kX29mX2xpc3QifQ==","key_id":"s11_second.source.a2","signature_b64":"djr7kmFPhvOX7xyoJhUFCvTQhmGnqmHHooTZ6FICGFzv3bSFLArhN/I4mpkCaBJ/OECGw19nPQOekvzpKrX8CQ=="},{"evidence_version":1,"source_platform":"s11_second","account_scope_id_digest":"b41d70b4bc8498395519478765f5152138a16931722424835c9f7d72eb2658f9","family":"workouts","basis_kind":"source_signed_enumeration","mapping_spec_digest":"a330874b8c3c9d4a4b42d52728d6a3b09feada8411459ae0d0139c5c1e0d0c8e","statement_b64":"eyJhY2NvdW50X3Njb3BlX2lkX2RpZ2VzdCI6ImI0MWQ3MGI0YmM4NDk4Mzk1NTE5NDc4NzY1ZjUxNTIxMzhhMTY5MzE3MjI0MjQ4MzVjOWY3ZDcyZWIyNjU4ZjkiLCJjaGFsbGVuZ2VfYjY0Ijoic2gwYVhtQ3RwVmQzeG9nR0p5a2tUN0tETmlaaGNhZFk1SEVGbmZyMHRhUT0iLCJkYXRlX3dpbmRvdyI6bnVsbCwiZmFtaWx5Ijoid29ya291dHMiLCJpZF9zZXRfZGlnZXN0IjoiNTk0NmEzZDE4Njg2NDFhMjc1N2ViYTYzMmU0OWM5OWYyN2Q0NTQwYjM1NjBiMjIzNmNlNGZjY2ZhYzRkMGU4MSIsImlzc3VlZF9hdCI6IjIwMjYtMDktMjdUMjA6MjQ6MTMuMTU3WiIsIm9ic2VydmVkX3VuaXF1ZSI6MSwic25hcHNob3RfcmVmX2RpZ2VzdCI6IjdmNjliMTk2NTRiN2ZlYjZhZTJjYWU3ZDllOTJlNDg4MzY4NDVjMWZjZmE2MGFjOTBlYTJlZDkxMjZhZGUwZjgiLCJzb3VyY2VfcGxhdGZvcm0iOiJzMTFfc2Vjb25kIiwic3RhdGVtZW50X3ZlcnNpb24iOjEsInRlcm1pbmFsIjoiZW5kX29mX2xpc3QifQ==","key_id":"s11_second.source.a2","signature_b64":"d5WVxacMiERJCUFGnQrstWtSIBsD/U8pnoP1bNHbfsGO8RdgmXK99C3LiUeRn2XPIIrEsWsRJTRorQ3CYNURDw=="}]},"host":"P1","role":"ext"},"result":{"intent_id":"c4dd4442-f1ed-455c-9649-aab5b3ce099c","execution_epoch":1,"stored":0,"replayed":2},"queries":8,"pid":20619}

      181 |       }
      182 |       // Query shapes, outcomes, fixture identifiers and process IDs only; never parameters.
    > 183 |       console.warn(
          |               ^
      184 |         'PG17_PROCESS',
      185 |         JSON.stringify({
      186 |           name,

      at settleWorker (test/utils/g2-s11-pg-harness.ts:183:15)
      at ChildProcess.<anonymous> (test/utils/g2-s11-pg-harness.ts:202:7)

  console.warn
    PG17_PROCESS {"name":"g2g_11","options":{"action":"complete","coach":"s11a2-coach-a","intent":"c4dd4442-f1ed-455c-9649-aab5b3ce099c","body":{"terminal_status":"success"},"host":"P2","role":"ext"},"result":{"acknowledged":true,"intent_id":"c4dd4442-f1ed-455c-9649-aab5b3ce099c"},"queries":86,"pid":20717}

      181 |       }
      182 |       // Query shapes, outcomes, fixture identifiers and process IDs only; never parameters.
    > 183 |       console.warn(
          |               ^
      184 |         'PG17_PROCESS',
      185 |         JSON.stringify({
      186 |           name,

      at settleWorker (test/utils/g2-s11-pg-harness.ts:183:15)
      at ChildProcess.<anonymous> (test/utils/g2-s11-pg-harness.ts:202:7)

  console.warn
    PG17_PROCESS {"name":"g2g_12","options":{"action":"status","coach":"s11a2-coach-a","intent":"c4dd4442-f1ed-455c-9649-aab5b3ce099c","host":"P1","role":"phone"},"result":{"intent_id":"c4dd4442-f1ed-455c-9649-aab5b3ce099c","status":"complete","entity_counts":[{"entity_type":"t11-blocks","committed":1},{"entity_type":"t11-routines","committed":1},{"entity_type":"u10-routines","committed":1},{"entity_type":"u10-sessions","committed":1}],"started_at":"2026-09-27T20:23:57.899Z","completed_at":"2026-09-27T20:24:28.207Z","mode":"server","phase":"reconciling","accepted_start_at":"2026-09-27T20:23:45.585Z","deadline_at":"2026-09-27T20:28:45.585Z","last_observed_at":"2026-09-27T20:24:28.197Z","execution_epoch":1,"reason_code":null,"claimed_status":"success","families":[{"family":"t11-blocks","observed_unique":1,"staged_unique":1,"created_native":null,"already_present_verified":null,"rejected":0,"unresolved":0,"ledger":{"reconstructed":1,"skipped":0,"failed":0},"canonical_family":"programs","native_present_verified":1,"completeness_basis":"source_signed_enumeration","relationship_closure":"not_applicable","reasons":[],"qualifiers":[]},{"family":"t11-routines","observed_unique":null,"staged_unique":1,"created_native":null,"already_present_verified":null,"rejected":0,"unresolved":0,"ledger":{"reconstructed":1,"skipped":0,"failed":0},"canonical_family":"workouts","native_present_verified":1,"completeness_basis":"source_signed_enumeration","relationship_closure":"not_applicable","reasons":[],"qualifiers":[]},{"family":"u10-routines","observed_unique":null,"staged_unique":1,"created_native":null,"already_present_verified":null,"rejected":0,"unresolved":0,"ledger":{"reconstructed":1,"skipped":0,"failed":0},"canonical_family":"workouts","native_present_verified":1,"completeness_basis":"source_signed_enumeration","relationship_closure":"not_applicable","reasons":[],"qualifiers":[]},{"family":"u10-sessions","observed_unique":null,"staged_unique":1,"created_native":null,"already_present_verified":null,"rejected":0,"unresolved":0,"ledger":{"reconstructed":1,"skipped":0,"failed":0},"canonical_family":"workouts","native_present_verified":1,"completeness_basis":"source_signed_enumeration","relationship_closure":"not_applicable","reasons":[],"qualifiers":[]}]},"queries":9,"pid":20772}

      181 |       }
      182 |       // Query shapes, outcomes, fixture identifiers and process IDs only; never parameters.
    > 183 |       console.warn(
          |               ^
      184 |         'PG17_PROCESS',
      185 |         JSON.stringify({
      186 |           name,

      at settleWorker (test/utils/g2-s11-pg-harness.ts:183:15)
      at ChildProcess.<anonymous> (test/utils/g2-s11-pg-harness.ts:202:7)

  console.warn
    PG17_PROCESS {"name":"g2g_13","options":{"action":"status","coach":"s11a2-coach-a","intent":"c4dd4442-f1ed-455c-9649-aab5b3ce099c","host":"P2","role":"phone"},"result":{"intent_id":"c4dd4442-f1ed-455c-9649-aab5b3ce099c","status":"complete","entity_counts":[{"entity_type":"t11-blocks","committed":1},{"entity_type":"t11-routines","committed":1},{"entity_type":"u10-routines","committed":1},{"entity_type":"u10-sessions","committed":1}],"started_at":"2026-09-27T20:23:57.899Z","completed_at":"2026-09-27T20:24:28.207Z","mode":"server","phase":"reconciling","accepted_start_at":"2026-09-27T20:23:45.585Z","deadline_at":"2026-09-27T20:28:45.585Z","last_observed_at":"2026-09-27T20:24:28.197Z","execution_epoch":1,"reason_code":null,"claimed_status":"success","families":[{"family":"t11-blocks","observed_unique":1,"staged_unique":1,"created_native":null,"already_present_verified":null,"rejected":0,"unresolved":0,"ledger":{"reconstructed":1,"skipped":0,"failed":0},"canonical_family":"programs","native_present_verified":1,"completeness_basis":"source_signed_enumeration","relationship_closure":"not_applicable","reasons":[],"qualifiers":[]},{"family":"t11-routines","observed_unique":null,"staged_unique":1,"created_native":null,"already_present_verified":null,"rejected":0,"unresolved":0,"ledger":{"reconstructed":1,"skipped":0,"failed":0},"canonical_family":"workouts","native_present_verified":1,"completeness_basis":"source_signed_enumeration","relationship_closure":"not_applicable","reasons":[],"qualifiers":[]},{"family":"u10-routines","observed_unique":null,"staged_unique":1,"created_native":null,"already_present_verified":null,"rejected":0,"unresolved":0,"ledger":{"reconstructed":1,"skipped":0,"failed":0},"canonical_family":"workouts","native_present_verified":1,"completeness_basis":"source_signed_enumeration","relationship_closure":"not_applicable","reasons":[],"qualifiers":[]},{"family":"u10-sessions","observed_unique":null,"staged_unique":1,"created_native":null,"already_present_verified":null,"rejected":0,"unresolved":0,"ledger":{"reconstructed":1,"skipped":0,"failed":0},"canonical_family":"workouts","native_present_verified":1,"completeness_basis":"source_signed_enumeration","relationship_closure":"not_applicable","reasons":[],"qualifiers":[]}]},"queries":9,"pid":20859}

      181 |       }
      182 |       // Query shapes, outcomes, fixture identifiers and process IDs only; never parameters.
    > 183 |       console.warn(
          |               ^
      184 |         'PG17_PROCESS',
      185 |         JSON.stringify({
      186 |           name,

      at settleWorker (test/utils/g2-s11-pg-harness.ts:183:15)
      at ChildProcess.<anonymous> (test/utils/g2-s11-pg-harness.ts:202:7)

  console.warn
    PG17_PROCESS {"name":"g2g_14","options":{"action":"start","coach":"s11a2-coach-a","intent":"89e92048-63b2-4d60-87d9-4b0f6b9cc54d","host":"P1","role":"phone"},"result":{"intent_id":"89e92048-63b2-4d60-87d9-4b0f6b9cc54d","mode":"server","phase":"discovering","execution_epoch":1,"accepted_start_at":"2026-09-27T20:24:40.324Z","deadline_at":"2026-09-27T20:29:40.324Z"},"queries":3,"pid":20900}

      181 |       }
      182 |       // Query shapes, outcomes, fixture identifiers and process IDs only; never parameters.
    > 183 |       console.warn(
          |               ^
      184 |         'PG17_PROCESS',
      185 |         JSON.stringify({
      186 |           name,

      at settleWorker (test/utils/g2-s11-pg-harness.ts:183:15)
      at ChildProcess.<anonymous> (test/utils/g2-s11-pg-harness.ts:202:7)

  console.warn
    PG17_PROCESS {"name":"g2g_15","options":{"action":"declare","coach":"s11a2-coach-a","intent":"89e92048-63b2-4d60-87d9-4b0f6b9cc54d","body":{"platforms":[{"source_platform":"s10_unseen","account_scope_id_digests":["265867792567e5ff6f7402a88f9c707517887390598b1adbee71a69fed4fba13"]}]},"host":"P2","role":"ext"},"result":{"intent_id":"89e92048-63b2-4d60-87d9-4b0f6b9cc54d","challenge_b64":"a+abG0NLOzeZfkFJLPWCstS+LsEVQnvf04Qjwcolwmc=","declared_at":"2026-09-27T20:24:44.161Z"},"queries":9,"pid":20965}

      181 |       }
      182 |       // Query shapes, outcomes, fixture identifiers and process IDs only; never parameters.
    > 183 |       console.warn(
          |               ^
      184 |         'PG17_PROCESS',
      185 |         JSON.stringify({
      186 |           name,

      at settleWorker (test/utils/g2-s11-pg-harness.ts:183:15)
      at ChildProcess.<anonymous> (test/utils/g2-s11-pg-harness.ts:202:7)

  console.warn
    PG17_PROCESS {"name":"g2g_16","options":{"action":"ingest","coach":"s11a2-coach-a","intent":"89e92048-63b2-4d60-87d9-4b0f6b9cc54d","body":{"entity_type":"u10-routines","sourcePlatform":"s10_unseen","entities":[{"sourceId":"u10-w-1","payload":{"u10_heading":"Synthetic Routine","u10_modality":"lift"}}]},"host":"P1","role":"ext"},"result":{"received":1,"deduped":0},"queries":8,"pid":20996}

      181 |       }
      182 |       // Query shapes, outcomes, fixture identifiers and process IDs only; never parameters.
    > 183 |       console.warn(
          |               ^
      184 |         'PG17_PROCESS',
      185 |         JSON.stringify({
      186 |           name,

      at settleWorker (test/utils/g2-s11-pg-harness.ts:183:15)
      at ChildProcess.<anonymous> (test/utils/g2-s11-pg-harness.ts:202:7)

  console.warn
    PG17_PROCESS {"name":"g2g_17","options":{"action":"ingest","coach":"s11a2-coach-a","intent":"89e92048-63b2-4d60-87d9-4b0f6b9cc54d","body":{"entity_type":"u10-sessions","sourcePlatform":"s10_unseen","entities":[{"sourceId":"u10-w-2","payload":{"u10_heading":"Synthetic Session","u10_modality":"run"}}]},"host":"P2","role":"ext"},"result":{"received":1,"deduped":0},"queries":8,"pid":21026}

      181 |       }
      182 |       // Query shapes, outcomes, fixture identifiers and process IDs only; never parameters.
    > 183 |       console.warn(
          |               ^
      184 |         'PG17_PROCESS',
      185 |         JSON.stringify({
      186 |           name,

      at settleWorker (test/utils/g2-s11-pg-harness.ts:183:15)
      at ChildProcess.<anonymous> (test/utils/g2-s11-pg-harness.ts:202:7)

  console.warn
    PG17_PROCESS {"name":"g2g_18","options":{"action":"ingest","coach":"s11a2-coach-a","intent":"89e92048-63b2-4d60-87d9-4b0f6b9cc54d","body":{"entity_type":"t11-blocks","sourcePlatform":"s11_second","entities":[{"sourceId":"t11-b-1","payload":{"t11_title":"Synthetic Block Two","t11_weeks":6,"t11_days":4}}]},"host":"P2","role":"ext"},"result":{"received":1,"deduped":0},"queries":8,"pid":21063}

      181 |       }
      182 |       // Query shapes, outcomes, fixture identifiers and process IDs only; never parameters.
    > 183 |       console.warn(
          |               ^
      184 |         'PG17_PROCESS',
      185 |         JSON.stringify({
      186 |           name,

      at settleWorker (test/utils/g2-s11-pg-harness.ts:183:15)
      at ChildProcess.<anonymous> (test/utils/g2-s11-pg-harness.ts:202:7)

  console.warn
    PG17_PROCESS {"name":"g2g_19","options":{"action":"ingest","coach":"s11a2-coach-a","intent":"89e92048-63b2-4d60-87d9-4b0f6b9cc54d","body":{"entity_type":"t11-routines","sourcePlatform":"s11_second","entities":[{"sourceId":"t11-r-1","payload":{"t11_title":"Synthetic Routine Two","t11_kind":"run"}}]},"host":"P1","role":"ext"},"result":{"received":1,"deduped":0},"queries":8,"pid":21094}

      181 |       }
      182 |       // Query shapes, outcomes, fixture identifiers and process IDs only; never parameters.
    > 183 |       console.warn(
          |               ^
      184 |         'PG17_PROCESS',
      185 |         JSON.stringify({
      186 |           name,

      at settleWorker (test/utils/g2-s11-pg-harness.ts:183:15)
      at ChildProcess.<anonymous> (test/utils/g2-s11-pg-harness.ts:202:7)

  console.warn
    PG17_PROCESS {"name":"g2g_20","options":{"action":"observe","coach":"s11a2-coach-a","intent":"89e92048-63b2-4d60-87d9-4b0f6b9cc54d","body":{"observations":[{"evidence_version":1,"source_platform":"s10_unseen","account_scope_id_digest":"265867792567e5ff6f7402a88f9c707517887390598b1adbee71a69fed4fba13","family":"clients","basis_kind":"source_signed_enumeration","mapping_spec_digest":"fecf009ed9463bf97766ab08a322f42f6fbe0124a90551a604f5b26def4ae3dc","statement_b64":"eyJhY2NvdW50X3Njb3BlX2lkX2RpZ2VzdCI6IjI2NTg2Nzc5MjU2N2U1ZmY2Zjc0MDJhODhmOWM3MDc1MTc4ODczOTA1OThiMWFkYmVlNzFhNjlmZWQ0ZmJhMTMiLCJjaGFsbGVuZ2VfYjY0IjoiYSthYkcwTkxPemVaZmtGSkxQV0NzdFMrTHNFVlFudmYwNFFqd2NvbHdtYz0iLCJkYXRlX3dpbmRvdyI6bnVsbCwiZmFtaWx5IjoiY2xpZW50cyIsImlkX3NldF9kaWdlc3QiOiJlM2IwYzQ0Mjk4ZmMxYzE0OWFmYmY0Yzg5OTZmYjkyNDI3YWU0MWU0NjQ5YjkzNGNhNDk1OTkxYjc4NTJiODU1IiwiaXNzdWVkX2F0IjoiMjAyNi0wOS0yN1QyMDoyNTowMS41MjdaIiwib2JzZXJ2ZWRfdW5pcXVlIjowLCJzbmFwc2hvdF9yZWZfZGlnZXN0IjoiYzZiZTdjYTQ2OGI0M2ZiMzc5ODMyMzBhZjc4Y2JmMjcxMzBjNTU1ODQwNDk1OWJhZjFjNjczZWU5YjUzMzQ0YiIsInNvdXJjZV9wbGF0Zm9ybSI6InMxMF91bnNlZW4iLCJzdGF0ZW1lbnRfdmVyc2lvbiI6MSwidGVybWluYWwiOiJlbmRfb2ZfbGlzdCJ9","key_id":"s10_unseen.source.d2","signature_b64":"pB4bbjaLljzsvGAxjDu1DSzSdwPdEkcWMnMVPqvuBD9e4NtHmMFU9Y9pynxj5pmjkSr+AMXc8/pZzJmgBxIPCA=="},{"evidence_version":1,"source_platform":"s10_unseen","account_scope_id_digest":"265867792567e5ff6f7402a88f9c707517887390598b1adbee71a69fed4fba13","family":"programs","basis_kind":"source_signed_enumeration","mapping_spec_digest":"fecf009ed9463bf97766ab08a322f42f6fbe0124a90551a604f5b26def4ae3dc","statement_b64":"eyJhY2NvdW50X3Njb3BlX2lkX2RpZ2VzdCI6IjI2NTg2Nzc5MjU2N2U1ZmY2Zjc0MDJhODhmOWM3MDc1MTc4ODczOTA1OThiMWFkYmVlNzFhNjlmZWQ0ZmJhMTMiLCJjaGFsbGVuZ2VfYjY0IjoiYSthYkcwTkxPemVaZmtGSkxQV0NzdFMrTHNFVlFudmYwNFFqd2NvbHdtYz0iLCJkYXRlX3dpbmRvdyI6bnVsbCwiZmFtaWx5IjoicHJvZ3JhbXMiLCJpZF9zZXRfZGlnZXN0IjoiZTNiMGM0NDI5OGZjMWMxNDlhZmJmNGM4OTk2ZmI5MjQyN2FlNDFlNDY0OWI5MzRjYTQ5NTk5MWI3ODUyYjg1NSIsImlzc3VlZF9hdCI6IjIwMjYtMDktMjdUMjA6MjU6MDEuNTI3WiIsIm9ic2VydmVkX3VuaXF1ZSI6MCwic25hcHNob3RfcmVmX2RpZ2VzdCI6ImM2YmU3Y2E0NjhiNDNmYjM3OTgzMjMwYWY3OGNiZjI3MTMwYzU1NTg0MDQ5NTliYWYxYzY3M2VlOWI1MzM0NGIiLCJzb3VyY2VfcGxhdGZvcm0iOiJzMTBfdW5zZWVuIiwic3RhdGVtZW50X3ZlcnNpb24iOjEsInRlcm1pbmFsIjoiZW5kX29mX2xpc3QifQ==","key_id":"s10_unseen.source.d2","signature_b64":"PG6z1g/niRXIs083NttuLHNKl5ILAQbdfiYwhVHg5B5bLdItfq+ONkTjGBIlE9vzi0ExX/yvCQocQ1W6UmpjCg=="},{"evidence_version":1,"source_platform":"s10_unseen","account_scope_id_digest":"265867792567e5ff6f7402a88f9c707517887390598b1adbee71a69fed4fba13","family":"workouts","basis_kind":"source_signed_enumeration","mapping_spec_digest":"fecf009ed9463bf97766ab08a322f42f6fbe0124a90551a604f5b26def4ae3dc","statement_b64":"eyJhY2NvdW50X3Njb3BlX2lkX2RpZ2VzdCI6IjI2NTg2Nzc5MjU2N2U1ZmY2Zjc0MDJhODhmOWM3MDc1MTc4ODczOTA1OThiMWFkYmVlNzFhNjlmZWQ0ZmJhMTMiLCJjaGFsbGVuZ2VfYjY0IjoiYSthYkcwTkxPemVaZmtGSkxQV0NzdFMrTHNFVlFudmYwNFFqd2NvbHdtYz0iLCJkYXRlX3dpbmRvdyI6bnVsbCwiZmFtaWx5Ijoid29ya291dHMiLCJpZF9zZXRfZGlnZXN0IjoiMmRjM2QxNzYxZTFlZTc5MjI0OGEyMjhmNmYzYmY3YjY4YzNiNGRlZjlkZWI0Nzk5Mzc4YTkwNzI1NTZmYWRkOSIsImlzc3VlZF9hdCI6IjIwMjYtMDktMjdUMjA6MjU6MDEuNTI3WiIsIm9ic2VydmVkX3VuaXF1ZSI6Miwic25hcHNob3RfcmVmX2RpZ2VzdCI6ImM2YmU3Y2E0NjhiNDNmYjM3OTgzMjMwYWY3OGNiZjI3MTMwYzU1NTg0MDQ5NTliYWYxYzY3M2VlOWI1MzM0NGIiLCJzb3VyY2VfcGxhdGZvcm0iOiJzMTBfdW5zZWVuIiwic3RhdGVtZW50X3ZlcnNpb24iOjEsInRlcm1pbmFsIjoiZW5kX29mX2xpc3QifQ==","key_id":"s10_unseen.source.d2","signature_b64":"jAPsYtmC1TLSUX47rJ7HSUsnisoE2S/MXx2j8ayTCn6xF81BUGvnYFEYM/pjfcvf9nSfh1UKha+qnjX8BlLwCw=="}]},"host":"P1","role":"ext"},"result":{"intent_id":"89e92048-63b2-4d60-87d9-4b0f6b9cc54d","execution_epoch":1,"stored":3,"replayed":0},"queries":11,"pid":21145}

      181 |       }
      182 |       // Query shapes, outcomes, fixture identifiers and process IDs only; never parameters.
    > 183 |       console.warn(
          |               ^
      184 |         'PG17_PROCESS',
      185 |         JSON.stringify({
      186 |           name,

      at settleWorker (test/utils/g2-s11-pg-harness.ts:183:15)
      at ChildProcess.<anonymous> (test/utils/g2-s11-pg-harness.ts:202:7)

  console.warn
    PG17_PROCESS {"name":"g2g_21","options":{"action":"observe","coach":"s11a2-coach-a","intent":"89e92048-63b2-4d60-87d9-4b0f6b9cc54d","body":{"observations":[{"evidence_version":1,"source_platform":"s11_second","account_scope_id_digest":"b41d70b4bc8498395519478765f5152138a16931722424835c9f7d72eb2658f9","family":"programs","basis_kind":"source_signed_enumeration","mapping_spec_digest":"a330874b8c3c9d4a4b42d52728d6a3b09feada8411459ae0d0139c5c1e0d0c8e","statement_b64":"eyJhY2NvdW50X3Njb3BlX2lkX2RpZ2VzdCI6ImI0MWQ3MGI0YmM4NDk4Mzk1NTE5NDc4NzY1ZjUxNTIxMzhhMTY5MzE3MjI0MjQ4MzVjOWY3ZDcyZWIyNjU4ZjkiLCJjaGFsbGVuZ2VfYjY0IjoiYSthYkcwTkxPemVaZmtGSkxQV0NzdFMrTHNFVlFudmYwNFFqd2NvbHdtYz0iLCJkYXRlX3dpbmRvdyI6bnVsbCwiZmFtaWx5IjoicHJvZ3JhbXMiLCJpZF9zZXRfZGlnZXN0IjoiMDk0OWViZmU2ODY4OWFkOWQzZmNmZGIxNjI3MDYyMWE0MWE0YzM0NDQ0NjEwMDUzMmQzOWY4NGZmZDhkYjA1MiIsImlzc3VlZF9hdCI6IjIwMjYtMDktMjdUMjA6MjU6MDUuMjUwWiIsIm9ic2VydmVkX3VuaXF1ZSI6MSwic25hcHNob3RfcmVmX2RpZ2VzdCI6IjdmNjliMTk2NTRiN2ZlYjZhZTJjYWU3ZDllOTJlNDg4MzY4NDVjMWZjZmE2MGFjOTBlYTJlZDkxMjZhZGUwZjgiLCJzb3VyY2VfcGxhdGZvcm0iOiJzMTFfc2Vjb25kIiwic3RhdGVtZW50X3ZlcnNpb24iOjEsInRlcm1pbmFsIjoiZW5kX29mX2xpc3QifQ==","key_id":"s11_second.source.a2","signature_b64":"8vAAzHvc6Ur9E+gkcuQjAluxth4BER3Vp/aU+6lZKlaVwOC2NKCvD42QohkkLbJ/DTjKqzE3v2nqMSSrw3NZAQ=="},{"evidence_version":1,"source_platform":"s11_second","account_scope_id_digest":"b41d70b4bc8498395519478765f5152138a16931722424835c9f7d72eb2658f9","family":"workouts","basis_kind":"source_signed_enumeration","mapping_spec_digest":"a330874b8c3c9d4a4b42d52728d6a3b09feada8411459ae0d0139c5c1e0d0c8e","statement_b64":"eyJhY2NvdW50X3Njb3BlX2lkX2RpZ2VzdCI6ImI0MWQ3MGI0YmM4NDk4Mzk1NTE5NDc4NzY1ZjUxNTIxMzhhMTY5MzE3MjI0MjQ4MzVjOWY3ZDcyZWIyNjU4ZjkiLCJjaGFsbGVuZ2VfYjY0IjoiYSthYkcwTkxPemVaZmtGSkxQV0NzdFMrTHNFVlFudmYwNFFqd2NvbHdtYz0iLCJkYXRlX3dpbmRvdyI6bnVsbCwiZmFtaWx5Ijoid29ya291dHMiLCJpZF9zZXRfZGlnZXN0IjoiNTk0NmEzZDE4Njg2NDFhMjc1N2ViYTYzMmU0OWM5OWYyN2Q0NTQwYjM1NjBiMjIzNmNlNGZjY2ZhYzRkMGU4MSIsImlzc3VlZF9hdCI6IjIwMjYtMDktMjdUMjA6MjU6MDUuMjUwWiIsIm9ic2VydmVkX3VuaXF1ZSI6MSwic25hcHNob3RfcmVmX2RpZ2VzdCI6IjdmNjliMTk2NTRiN2ZlYjZhZTJjYWU3ZDllOTJlNDg4MzY4NDVjMWZjZmE2MGFjOTBlYTJlZDkxMjZhZGUwZjgiLCJzb3VyY2VfcGxhdGZvcm0iOiJzMTFfc2Vjb25kIiwic3RhdGVtZW50X3ZlcnNpb24iOjEsInRlcm1pbmFsIjoiZW5kX29mX2xpc3QifQ==","key_id":"s11_second.source.a2","signature_b64":"iT3sBKng8xp7z1BGHIAvbJY8AZDDy7A65Jo+yL2WPx4vkvholWtteJumkaJpUxGbX1uE9r3n6jKvUQEmqgvABA=="}]},"host":"P2","role":"ext"},"failure":{"status":409,"message":"The observation names a platform, scope or family the run did not declare.","response":{"code":"observation_not_declared","message":"The observation names a platform, scope or family the run did not declare."}},"queries":8,"pid":21176}

      181 |       }
      182 |       // Query shapes, outcomes, fixture identifiers and process IDs only; never parameters.
    > 183 |       console.warn(
          |               ^
      184 |         'PG17_PROCESS',
      185 |         JSON.stringify({
      186 |           name,

      at settleWorker (test/utils/g2-s11-pg-harness.ts:183:15)
      at ChildProcess.<anonymous> (test/utils/g2-s11-pg-harness.ts:202:7)

  console.warn
    PG17_PROCESS {"name":"g2g_22","options":{"action":"complete","coach":"s11a2-coach-a","intent":"89e92048-63b2-4d60-87d9-4b0f6b9cc54d","body":{"terminal_status":"success"},"host":"P1","role":"ext"},"result":{"acknowledged":true,"intent_id":"89e92048-63b2-4d60-87d9-4b0f6b9cc54d"},"queries":86,"pid":21218}

      181 |       }
      182 |       // Query shapes, outcomes, fixture identifiers and process IDs only; never parameters.
    > 183 |       console.warn(
          |               ^
      184 |         'PG17_PROCESS',
      185 |         JSON.stringify({
      186 |           name,

      at settleWorker (test/utils/g2-s11-pg-harness.ts:183:15)
      at ChildProcess.<anonymous> (test/utils/g2-s11-pg-harness.ts:202:7)

  console.warn
    PG17_PROCESS {"name":"g2g_23","options":{"action":"status","coach":"s11a2-coach-a","intent":"89e92048-63b2-4d60-87d9-4b0f6b9cc54d","host":"P1","role":"phone"},"result":{"intent_id":"89e92048-63b2-4d60-87d9-4b0f6b9cc54d","status":"partial","entity_counts":[{"entity_type":"t11-blocks","committed":1},{"entity_type":"t11-routines","committed":1},{"entity_type":"u10-routines","committed":1},{"entity_type":"u10-sessions","committed":1}],"started_at":"2026-09-27T20:24:48.585Z","completed_at":"2026-09-27T20:25:13.943Z","mode":"server","phase":"reconciling","accepted_start_at":"2026-09-27T20:24:40.324Z","deadline_at":"2026-09-27T20:29:40.324Z","last_observed_at":"2026-09-27T20:25:13.933Z","execution_epoch":1,"reason_code":"coverage_basis_unknown","claimed_status":"success","families":[{"family":"t11-blocks","observed_unique":null,"staged_unique":1,"created_native":null,"already_present_verified":null,"rejected":0,"unresolved":0,"ledger":{"reconstructed":1,"skipped":0,"failed":0},"canonical_family":"programs","native_present_verified":1,"completeness_basis":"none","relationship_closure":"not_applicable","reasons":[],"qualifiers":[]},{"family":"t11-routines","observed_unique":null,"staged_unique":1,"created_native":null,"already_present_verified":null,"rejected":0,"unresolved":0,"ledger":{"reconstructed":1,"skipped":0,"failed":0},"canonical_family":"workouts","native_present_verified":1,"completeness_basis":"none","relationship_closure":"not_applicable","reasons":[],"qualifiers":[]},{"family":"u10-routines","observed_unique":null,"staged_unique":1,"created_native":null,"already_present_verified":null,"rejected":0,"unresolved":0,"ledger":{"reconstructed":1,"skipped":0,"failed":0},"canonical_family":"workouts","native_present_verified":1,"completeness_basis":"none","relationship_closure":"not_applicable","reasons":[],"qualifiers":[]},{"family":"u10-sessions","observed_unique":null,"staged_unique":1,"created_native":null,"already_present_verified":null,"rejected":0,"unresolved":0,"ledger":{"reconstructed":1,"skipped":0,"failed":0},"canonical_family":"workouts","native_present_verified":1,"completeness_basis":"none","relationship_closure":"not_applicable","reasons":[],"qualifiers":[]}]},"queries":9,"pid":21259}

      181 |       }
      182 |       // Query shapes, outcomes, fixture identifiers and process IDs only; never parameters.
    > 183 |       console.warn(
          |               ^
      184 |         'PG17_PROCESS',
      185 |         JSON.stringify({
      186 |           name,

      at settleWorker (test/utils/g2-s11-pg-harness.ts:183:15)
      at ChildProcess.<anonymous> (test/utils/g2-s11-pg-harness.ts:202:7)

  console.warn
    PG17_PROCESS {"name":"g2g_24","options":{"action":"status","coach":"s11a2-coach-a","intent":"89e92048-63b2-4d60-87d9-4b0f6b9cc54d","host":"P2","role":"phone"},"result":{"intent_id":"89e92048-63b2-4d60-87d9-4b0f6b9cc54d","status":"partial","entity_counts":[{"entity_type":"t11-blocks","committed":1},{"entity_type":"t11-routines","committed":1},{"entity_type":"u10-routines","committed":1},{"entity_type":"u10-sessions","committed":1}],"started_at":"2026-09-27T20:24:48.585Z","completed_at":"2026-09-27T20:25:13.943Z","mode":"server","phase":"reconciling","accepted_start_at":"2026-09-27T20:24:40.324Z","deadline_at":"2026-09-27T20:29:40.324Z","last_observed_at":"2026-09-27T20:25:13.933Z","execution_epoch":1,"reason_code":"coverage_basis_unknown","claimed_status":"success","families":[{"family":"t11-blocks","observed_unique":null,"staged_unique":1,"created_native":null,"already_present_verified":null,"rejected":0,"unresolved":0,"ledger":{"reconstructed":1,"skipped":0,"failed":0},"canonical_family":"programs","native_present_verified":1,"completeness_basis":"none","relationship_closure":"not_applicable","reasons":[],"qualifiers":[]},{"family":"t11-routines","observed_unique":null,"staged_unique":1,"created_native":null,"already_present_verified":null,"rejected":0,"unresolved":0,"ledger":{"reconstructed":1,"skipped":0,"failed":0},"canonical_family":"workouts","native_present_verified":1,"completeness_basis":"none","relationship_closure":"not_applicable","reasons":[],"qualifiers":[]},{"family":"u10-routines","observed_unique":null,"staged_unique":1,"created_native":null,"already_present_verified":null,"rejected":0,"unresolved":0,"ledger":{"reconstructed":1,"skipped":0,"failed":0},"canonical_family":"workouts","native_present_verified":1,"completeness_basis":"none","relationship_closure":"not_applicable","reasons":[],"qualifiers":[]},{"family":"u10-sessions","observed_unique":null,"staged_unique":1,"created_native":null,"already_present_verified":null,"rejected":0,"unresolved":0,"ledger":{"reconstructed":1,"skipped":0,"failed":0},"canonical_family":"workouts","native_present_verified":1,"completeness_basis":"none","relationship_closure":"not_applicable","reasons":[],"qualifiers":[]}]},"queries":9,"pid":21303}

      181 |       }
      182 |       // Query shapes, outcomes, fixture identifiers and process IDs only; never parameters.
    > 183 |       console.warn(
          |               ^
      184 |         'PG17_PROCESS',
      185 |         JSON.stringify({
      186 |           name,

      at settleWorker (test/utils/g2-s11-pg-harness.ts:183:15)
      at ChildProcess.<anonymous> (test/utils/g2-s11-pg-harness.ts:202:7)

  console.warn
    PG17_PROCESS {"name":"g2g_25","options":{"action":"start","coach":"s11a2-coach-a","intent":"f15bdcf9-ff50-424b-8a18-731f69c64cbf","host":"P2","role":"phone"},"result":{"intent_id":"f15bdcf9-ff50-424b-8a18-731f69c64cbf","mode":"server","phase":"discovering","execution_epoch":1,"accepted_start_at":"2026-09-27T20:25:25.381Z","deadline_at":"2026-09-27T20:30:25.381Z"},"queries":3,"pid":21341}

      181 |       }
      182 |       // Query shapes, outcomes, fixture identifiers and process IDs only; never parameters.
    > 183 |       console.warn(
          |               ^
      184 |         'PG17_PROCESS',
      185 |         JSON.stringify({
      186 |           name,

      at settleWorker (test/utils/g2-s11-pg-harness.ts:183:15)
      at ChildProcess.<anonymous> (test/utils/g2-s11-pg-harness.ts:202:7)

  console.warn
    PG17_BLOCKED {"name":"g2g_27","rows":[{"type":"Lock","wait":"transactionid"}]}

      213 |       FROM pg_stat_activity WHERE application_name=${quote(name)} AND wait_event_type='Lock'`);
      214 |     if (rows.length > 0) {
    > 215 |       console.warn('PG17_BLOCKED', JSON.stringify({ name, rows }));
          |               ^
      216 |       return;
      217 |     }
      218 |     await new Promise((r) => setTimeout(r, 25));

      at Object.blocked (test/utils/g2-s11-pg-harness.ts:215:15)
      at Object.<anonymous> (test/scout/s11/journey-induction.pg.spec.ts:461:5)

  console.warn
    PG17_PROCESS {"name":"g2g_27","options":{"action":"ingest","coach":"s11a2-coach-a","intent":"f15bdcf9-ff50-424b-8a18-731f69c64cbf","body":{"entity_type":"t11-blocks","sourcePlatform":"s11_second","entities":[{"sourceId":"t11-b-1","payload":{"t11_title":"Synthetic Block Two","t11_weeks":6,"t11_days":4}}]},"txTimeout":60000,"host":"P2","role":"ext"},"result":{"received":1,"deduped":0},"queries":8,"pid":21425}

      181 |       }
      182 |       // Query shapes, outcomes, fixture identifiers and process IDs only; never parameters.
    > 183 |       console.warn(
          |               ^
      184 |         'PG17_PROCESS',
      185 |         JSON.stringify({
      186 |           name,

      at settleWorker (test/utils/g2-s11-pg-harness.ts:183:15)
      at ChildProcess.<anonymous> (test/utils/g2-s11-pg-harness.ts:202:7)

  console.warn
    PG17_PROCESS {"name":"g2g_26","options":{"action":"declare","coach":"s11a2-coach-a","intent":"f15bdcf9-ff50-424b-8a18-731f69c64cbf","body":{"platforms":[{"source_platform":"s10_unseen","account_scope_id_digests":["265867792567e5ff6f7402a88f9c707517887390598b1adbee71a69fed4fba13"]},{"source_platform":"s11_second","account_scope_id_digests":["b41d70b4bc8498395519478765f5152138a16931722424835c9f7d72eb2658f9"]}]},"pause":"locked","txTimeout":60000,"host":"P1","role":"ext"},"result":{"intent_id":"f15bdcf9-ff50-424b-8a18-731f69c64cbf","challenge_b64":"WsXLxrZBewPZoIvm/P6OHty90bmMCXDzCknHFjEp2y0=","declared_at":"2026-09-27T20:25:33.931Z"},"queries":10,"pid":21394}

      181 |       }
      182 |       // Query shapes, outcomes, fixture identifiers and process IDs only; never parameters.
    > 183 |       console.warn(
          |               ^
      184 |         'PG17_PROCESS',
      185 |         JSON.stringify({
      186 |           name,

      at settleWorker (test/utils/g2-s11-pg-harness.ts:183:15)
      at ChildProcess.<anonymous> (test/utils/g2-s11-pg-harness.ts:202:7)

  console.warn
    PG17_PROCESS {"name":"g2g_28","options":{"action":"declare","coach":"s11a2-coach-a","intent":"f15bdcf9-ff50-424b-8a18-731f69c64cbf","body":{"platforms":[{"source_platform":"s10_unseen","account_scope_id_digests":["265867792567e5ff6f7402a88f9c707517887390598b1adbee71a69fed4fba13"]},{"source_platform":"s11_second","account_scope_id_digests":["b41d70b4bc8498395519478765f5152138a16931722424835c9f7d72eb2658f9"]}]},"host":"P2","role":"ext"},"result":{"intent_id":"f15bdcf9-ff50-424b-8a18-731f69c64cbf","challenge_b64":"WsXLxrZBewPZoIvm/P6OHty90bmMCXDzCknHFjEp2y0=","declared_at":"2026-09-27T20:25:33.931Z"},"queries":6,"pid":21607}

      181 |       }
      182 |       // Query shapes, outcomes, fixture identifiers and process IDs only; never parameters.
    > 183 |       console.warn(
          |               ^
      184 |         'PG17_PROCESS',
      185 |         JSON.stringify({
      186 |           name,

      at settleWorker (test/utils/g2-s11-pg-harness.ts:183:15)
      at ChildProcess.<anonymous> (test/utils/g2-s11-pg-harness.ts:202:7)

  console.warn
    PG17_PROCESS {"name":"g2g_29","options":{"action":"declare","coach":"s11a2-coach-a","intent":"f15bdcf9-ff50-424b-8a18-731f69c64cbf","body":{"platforms":[{"source_platform":"s10_unseen","account_scope_id_digests":["265867792567e5ff6f7402a88f9c707517887390598b1adbee71a69fed4fba13"]}]},"host":"P2","role":"ext"},"failure":{"status":409,"message":"The run already holds a different declaration; it is immutable.","response":{"code":"declaration_conflict","message":"The run already holds a different declaration; it is immutable."}},"queries":6,"pid":21637}

      181 |       }
      182 |       // Query shapes, outcomes, fixture identifiers and process IDs only; never parameters.
    > 183 |       console.warn(
          |               ^
      184 |         'PG17_PROCESS',
      185 |         JSON.stringify({
      186 |           name,

      at settleWorker (test/utils/g2-s11-pg-harness.ts:183:15)
      at ChildProcess.<anonymous> (test/utils/g2-s11-pg-harness.ts:202:7)

  console.warn
    PG17_PROCESS {"name":"g2g_30","options":{"action":"start","coach":"s11a2-coach-a","intent":"8121a601-3c2b-4c59-a66d-9398d503ff42","host":"P1","role":"phone"},"result":{"intent_id":"8121a601-3c2b-4c59-a66d-9398d503ff42","mode":"server","phase":"discovering","execution_epoch":1,"accepted_start_at":"2026-09-27T20:25:45.134Z","deadline_at":"2026-09-27T20:30:45.134Z"},"queries":3,"pid":21675}

      181 |       }
      182 |       // Query shapes, outcomes, fixture identifiers and process IDs only; never parameters.
    > 183 |       console.warn(
          |               ^
      184 |         'PG17_PROCESS',
      185 |         JSON.stringify({
      186 |           name,

      at settleWorker (test/utils/g2-s11-pg-harness.ts:183:15)
      at ChildProcess.<anonymous> (test/utils/g2-s11-pg-harness.ts:202:7)

  console.warn
    PG17_BLOCKED {"name":"g2g_32","rows":[{"type":"Lock","wait":"transactionid"}]}

      213 |       FROM pg_stat_activity WHERE application_name=${quote(name)} AND wait_event_type='Lock'`);
      214 |     if (rows.length > 0) {
    > 215 |       console.warn('PG17_BLOCKED', JSON.stringify({ name, rows }));
          |               ^
      216 |       return;
      217 |     }
      218 |     await new Promise((r) => setTimeout(r, 25));

      at Object.blocked (test/utils/g2-s11-pg-harness.ts:215:15)
      at Object.<anonymous> (test/scout/s11/journey-induction.pg.spec.ts:502:5)

  console.warn
    PG17_PROCESS {"name":"g2g_31","options":{"action":"ingest","coach":"s11a2-coach-a","intent":"8121a601-3c2b-4c59-a66d-9398d503ff42","body":{"entity_type":"t11-blocks","sourcePlatform":"s11_second","entities":[{"sourceId":"t11-b-1","payload":{"t11_title":"Synthetic Block Two","t11_weeks":6,"t11_days":4}}]},"pause":"gated","txTimeout":60000,"host":"P2","role":"ext"},"result":{"received":1,"deduped":0},"queries":8,"pid":21706}

      181 |       }
      182 |       // Query shapes, outcomes, fixture identifiers and process IDs only; never parameters.
    > 183 |       console.warn(
          |               ^
      184 |         'PG17_PROCESS',
      185 |         JSON.stringify({
      186 |           name,

      at settleWorker (test/utils/g2-s11-pg-harness.ts:183:15)
      at ChildProcess.<anonymous> (test/utils/g2-s11-pg-harness.ts:202:7)

  console.warn
    PG17_PROCESS {"name":"g2g_32","options":{"action":"declare","coach":"s11a2-coach-a","intent":"8121a601-3c2b-4c59-a66d-9398d503ff42","body":{"platforms":[{"source_platform":"s10_unseen","account_scope_id_digests":["265867792567e5ff6f7402a88f9c707517887390598b1adbee71a69fed4fba13"]},{"source_platform":"s11_second","account_scope_id_digests":["b41d70b4bc8498395519478765f5152138a16931722424835c9f7d72eb2658f9"]}]},"txTimeout":60000,"host":"P1","role":"ext"},"failure":{"status":409,"message":"The run has already staged rows or a claim; it can no longer be declared.","response":{"code":"declaration_after_ingest","message":"The run has already staged rows or a claim; it can no longer be declared."}},"queries":8,"pid":21738}

      181 |       }
      182 |       // Query shapes, outcomes, fixture identifiers and process IDs only; never parameters.
    > 183 |       console.warn(
          |               ^
      184 |         'PG17_PROCESS',
      185 |         JSON.stringify({
      186 |           name,

      at settleWorker (test/utils/g2-s11-pg-harness.ts:183:15)
      at ChildProcess.<anonymous> (test/utils/g2-s11-pg-harness.ts:202:7)

  console.warn
    PG17_PROCESS {"name":"g2g_33","options":{"action":"declare","coach":"s11a2-coach-a","intent":"8121a601-3c2b-4c59-a66d-9398d503ff42","body":{"platforms":[{"source_platform":"s10_unseen","account_scope_id_digests":["265867792567e5ff6f7402a88f9c707517887390598b1adbee71a69fed4fba13"]},{"source_platform":"s11_second","account_scope_id_digests":["b41d70b4bc8498395519478765f5152138a16931722424835c9f7d72eb2658f9"]}]},"host":"P2","role":"ext"},"failure":{"status":409,"message":"The run has already staged rows or a claim; it can no longer be declared.","response":{"code":"declaration_after_ingest","message":"The run has already staged rows or a claim; it can no longer be declared."}},"queries":8,"pid":21903}

      181 |       }
      182 |       // Query shapes, outcomes, fixture identifiers and process IDs only; never parameters.
    > 183 |       console.warn(
          |               ^
      184 |         'PG17_PROCESS',
      185 |         JSON.stringify({
      186 |           name,

      at settleWorker (test/utils/g2-s11-pg-harness.ts:183:15)
      at ChildProcess.<anonymous> (test/utils/g2-s11-pg-harness.ts:202:7)

  console.warn
    PG17_PROCESS {"name":"g2g_34","options":{"action":"observe","coach":"s11a2-coach-a","intent":"8121a601-3c2b-4c59-a66d-9398d503ff42","body":{"observations":[{"evidence_version":1,"source_platform":"s11_second","account_scope_id_digest":"b41d70b4bc8498395519478765f5152138a16931722424835c9f7d72eb2658f9","family":"programs","basis_kind":"source_signed_enumeration","mapping_spec_digest":"a330874b8c3c9d4a4b42d52728d6a3b09feada8411459ae0d0139c5c1e0d0c8e","statement_b64":"eyJhY2NvdW50X3Njb3BlX2lkX2RpZ2VzdCI6ImI0MWQ3MGI0YmM4NDk4Mzk1NTE5NDc4NzY1ZjUxNTIxMzhhMTY5MzE3MjI0MjQ4MzVjOWY3ZDcyZWIyNjU4ZjkiLCJjaGFsbGVuZ2VfYjY0IjoiQndjSEJ3Y0hCd2NIQndjSEJ3Y0hCd2NIQndjSEJ3Y0hCd2NIQndjSEJ3Yz0iLCJkYXRlX3dpbmRvdyI6bnVsbCwiZmFtaWx5IjoicHJvZ3JhbXMiLCJpZF9zZXRfZGlnZXN0IjoiMDk0OWViZmU2ODY4OWFkOWQzZmNmZGIxNjI3MDYyMWE0MWE0YzM0NDQ0NjEwMDUzMmQzOWY4NGZmZDhkYjA1MiIsImlzc3VlZF9hdCI6IjIwMjYtMDktMjdUMjA6MjU6NTYuOTU3WiIsIm9ic2VydmVkX3VuaXF1ZSI6MSwic25hcHNob3RfcmVmX2RpZ2VzdCI6IjdmNjliMTk2NTRiN2ZlYjZhZTJjYWU3ZDllOTJlNDg4MzY4NDVjMWZjZmE2MGFjOTBlYTJlZDkxMjZhZGUwZjgiLCJzb3VyY2VfcGxhdGZvcm0iOiJzMTFfc2Vjb25kIiwic3RhdGVtZW50X3ZlcnNpb24iOjEsInRlcm1pbmFsIjoiZW5kX29mX2xpc3QifQ==","key_id":"s11_second.source.a2","signature_b64":"MBLonpmTJLfAQ8rVau/rmbx067nZhpldLVHElMZhlYQh2YWboG5tXBLotpOLJXx2w73wB27G7I1TYsOB6mLvAw=="},{"evidence_version":1,"source_platform":"s11_second","account_scope_id_digest":"b41d70b4bc8498395519478765f5152138a16931722424835c9f7d72eb2658f9","family":"workouts","basis_kind":"source_signed_enumeration","mapping_spec_digest":"a330874b8c3c9d4a4b42d52728d6a3b09feada8411459ae0d0139c5c1e0d0c8e","statement_b64":"eyJhY2NvdW50X3Njb3BlX2lkX2RpZ2VzdCI6ImI0MWQ3MGI0YmM4NDk4Mzk1NTE5NDc4NzY1ZjUxNTIxMzhhMTY5MzE3MjI0MjQ4MzVjOWY3ZDcyZWIyNjU4ZjkiLCJjaGFsbGVuZ2VfYjY0IjoiQndjSEJ3Y0hCd2NIQndjSEJ3Y0hCd2NIQndjSEJ3Y0hCd2NIQndjSEJ3Yz0iLCJkYXRlX3dpbmRvdyI6bnVsbCwiZmFtaWx5Ijoid29ya291dHMiLCJpZF9zZXRfZGlnZXN0IjoiNTk0NmEzZDE4Njg2NDFhMjc1N2ViYTYzMmU0OWM5OWYyN2Q0NTQwYjM1NjBiMjIzNmNlNGZjY2ZhYzRkMGU4MSIsImlzc3VlZF9hdCI6IjIwMjYtMDktMjdUMjA6MjU6NTYuOTU3WiIsIm9ic2VydmVkX3VuaXF1ZSI6MSwic25hcHNob3RfcmVmX2RpZ2VzdCI6IjdmNjliMTk2NTRiN2ZlYjZhZTJjYWU3ZDllOTJlNDg4MzY4NDVjMWZjZmE2MGFjOTBlYTJlZDkxMjZhZGUwZjgiLCJzb3VyY2VfcGxhdGZvcm0iOiJzMTFfc2Vjb25kIiwic3RhdGVtZW50X3ZlcnNpb24iOjEsInRlcm1pbmFsIjoiZW5kX29mX2xpc3QifQ==","key_id":"s11_second.source.a2","signature_b64":"mi+lnKs6SJYvdCEntMm2AIuSJSAYVvMU6fx/fkM8F+PhaGGgcXxuuTPFkzVp/ZZ16uvMMrednZi8XG+s7b3ODQ=="}]},"host":"P1","role":"ext"},"failure":{"status":409,"message":"The run has no declaration; declare its platforms and scopes first.","response":{"code":"declaration_missing","message":"The run has no declaration; declare its platforms and scopes first."}},"queries":7,"pid":21937}

      181 |       }
      182 |       // Query shapes, outcomes, fixture identifiers and process IDs only; never parameters.
    > 183 |       console.warn(
          |               ^
      184 |         'PG17_PROCESS',
      185 |         JSON.stringify({
      186 |           name,

      at settleWorker (test/utils/g2-s11-pg-harness.ts:183:15)
      at ChildProcess.<anonymous> (test/utils/g2-s11-pg-harness.ts:202:7)

PASS test/scout/s11/journey-induction.pg.spec.ts (152.843 s)
  S11-A2 induction — two sources, two hosts over one disposable PG (J09-J11)
    ✓ J09 declares, transfers and observes two platforms across two hosts and settles `complete` (54699 ms)
    ✓ J10 settles `partial` / `coverage_basis_unknown` with null counts for the undeclared platform (45162 ms)
    ✓ J11(a) declaration on P1 holds the run row first → declared, then the batch on P2 lands (19993 ms)
    ✓ J11(b) the batch on P2 holds the run row first → the batch lands, the declaration on P1 is refused (19127 ms)

Test Suites: 1 passed, 1 total
Tests:       4 passed, 4 total
Snapshots:   0 total
Time:        153.139 s
Ran all test suites within paths "test/scout/s11/journey-induction.pg.spec.ts".
