2026-09-27 20:08:14.774 UTC [5765] LOG:  starting PostgreSQL 17.6 on x86_64-pc-linux-gnu, compiled by gcc (Ubuntu 7.5.0-3ubuntu1~18.04) 7.5.0, 64-bit
2026-09-27 20:08:14.774 UTC [5765] LOG:  listening on IPv4 address "127.0.0.1", port 55650
2026-09-27 20:08:14.774 UTC [5765] LOG:  listening on Unix socket "/home/user/workspace/execution/42d8c5b5/proof-scratch/s11-s11-v1-5423/s/.s.PGSQL.55650"
2026-09-27 20:08:14.775 UTC [5768] LOG:  database system was shut down at 2026-09-27 20:08:08 UTC
2026-09-27 20:08:14.776 UTC [5765] LOG:  database system is ready to accept connections
2026-09-27 20:09:05.081 UTC [6608] ERROR:  permission denied for table ScoutRunDeclaration
2026-09-27 20:09:05.081 UTC [6608] STATEMENT:  SELECT count(*) FROM "ScoutRunDeclaration"
2026-09-27 20:09:05.096 UTC [6610] ERROR:  permission denied for table ScoutRunObservation
2026-09-27 20:09:05.096 UTC [6610] STATEMENT:  SELECT count(*) FROM "ScoutRunObservation"
2026-09-27 20:09:05.109 UTC [6612] ERROR:  permission denied for table ScoutRunSettledBasis
2026-09-27 20:09:05.109 UTC [6612] STATEMENT:  SELECT count(*) FROM "ScoutRunSettledBasis"
2026-09-27 20:09:05.177 UTC [6622] ERROR:  permission denied for table ScoutRunDeclaration
2026-09-27 20:09:05.177 UTC [6622] STATEMENT:  SELECT count(*) FROM "ScoutRunDeclaration"
2026-09-27 20:09:05.191 UTC [6624] ERROR:  permission denied for table ScoutRunObservation
2026-09-27 20:09:05.191 UTC [6624] STATEMENT:  SELECT count(*) FROM "ScoutRunObservation"
2026-09-27 20:09:05.204 UTC [6626] ERROR:  permission denied for table ScoutRunSettledBasis
2026-09-27 20:09:05.204 UTC [6626] STATEMENT:  SELECT count(*) FROM "ScoutRunSettledBasis"
2026-09-27 20:13:14.873 UTC [5766] LOG:  checkpoint starting: time
2026-09-27 20:17:44.295 UTC [5766] LOG:  checkpoint complete: wrote 1885 buffers (11.5%); 0 WAL file(s) added, 0 removed, 1 recycled; write=268.838 s, sync=0.001 s, total=269.422 s; sync files=0, longest=0.000 s, average=0.000 s; distance=14406 kB, estimate=14406 kB; lsn=0/22F2560, redo lsn=0/22EAC90
2026-09-27 20:18:14.325 UTC [5766] LOG:  checkpoint starting: time
2026-09-27 20:18:25.155 UTC [5766] LOG:  checkpoint complete: wrote 25 buffers (0.2%); 0 WAL file(s) added, 0 removed, 0 recycled; write=8.035 s, sync=0.001 s, total=10.831 s; sync files=0, longest=0.000 s, average=0.000 s; distance=35 kB, estimate=12969 kB; lsn=0/22F3BE8, redo lsn=0/22F3B58
2026-09-27 20:20:00.513 UTC [16618] ERROR:  duplicate key value violates unique constraint "ScoutImportCompletion_coach_id_intent_id_key"
2026-09-27 20:20:00.513 UTC [16618] DETAIL:  Key (coach_id, intent_id)=(s11b-coach-a, 08c2f23e-8001-4fbe-bfdc-5ca40ed86427) already exists.
2026-09-27 20:20:00.513 UTC [16618] STATEMENT:  INSERT INTO "public"."ScoutImportCompletion" ("id","coach_id","intent_id","terminal_status","completed_at") VALUES ($1,$2,$3,$4,$5) RETURNING "public"."ScoutImportCompletion"."id", "public"."ScoutImportCompletion"."coach_id", "public"."ScoutImportCompletion"."intent_id", "public"."ScoutImportCompletion"."terminal_status", "public"."ScoutImportCompletion"."final_counts", "public"."ScoutImportCompletion"."error_summary", "public"."ScoutImportCompletion"."completed_at"
2026-09-27 20:20:44.432 UTC [17409] ERROR:  duplicate key value violates unique constraint "ScoutImportCompletion_coach_id_intent_id_key"
2026-09-27 20:20:44.432 UTC [17409] DETAIL:  Key (coach_id, intent_id)=(s11b-coach-a, b920d17d-23d3-4f9b-b98c-ac0fd5b7e010) already exists.
2026-09-27 20:20:44.432 UTC [17409] STATEMENT:  INSERT INTO "public"."ScoutImportCompletion" ("id","coach_id","intent_id","terminal_status","completed_at") VALUES ($1,$2,$3,$4,$5) RETURNING "public"."ScoutImportCompletion"."id", "public"."ScoutImportCompletion"."coach_id", "public"."ScoutImportCompletion"."intent_id", "public"."ScoutImportCompletion"."terminal_status", "public"."ScoutImportCompletion"."final_counts", "public"."ScoutImportCompletion"."error_summary", "public"."ScoutImportCompletion"."completed_at"
2026-09-27 20:21:22.509 UTC [18069] ERROR:  duplicate key value violates unique constraint "ScoutImportCompletion_coach_id_intent_id_key"
2026-09-27 20:21:22.509 UTC [18069] DETAIL:  Key (coach_id, intent_id)=(s11b-coach-a, e2593697-4872-4c01-9d2f-61f4fc9b8c17) already exists.
2026-09-27 20:21:22.509 UTC [18069] STATEMENT:  INSERT INTO "public"."ScoutImportCompletion" ("id","coach_id","intent_id","terminal_status","completed_at") VALUES ($1,$2,$3,$4,$5) RETURNING "public"."ScoutImportCompletion"."id", "public"."ScoutImportCompletion"."coach_id", "public"."ScoutImportCompletion"."intent_id", "public"."ScoutImportCompletion"."terminal_status", "public"."ScoutImportCompletion"."final_counts", "public"."ScoutImportCompletion"."error_summary", "public"."ScoutImportCompletion"."completed_at"
2026-09-27 20:21:22.654 UTC [18079] ERROR:  duplicate key value violates unique constraint "ScoutImportCompletion_coach_id_intent_id_key"
2026-09-27 20:21:22.654 UTC [18079] DETAIL:  Key (coach_id, intent_id)=(s11b-coach-a, e2593697-4872-4c01-9d2f-61f4fc9b8c17) already exists.
2026-09-27 20:21:22.654 UTC [18079] STATEMENT:  INSERT INTO "public"."ScoutImportCompletion" ("id","coach_id","intent_id","terminal_status","completed_at") VALUES ($1,$2,$3,$4,$5) RETURNING "public"."ScoutImportCompletion"."id", "public"."ScoutImportCompletion"."coach_id", "public"."ScoutImportCompletion"."intent_id", "public"."ScoutImportCompletion"."terminal_status", "public"."ScoutImportCompletion"."final_counts", "public"."ScoutImportCompletion"."error_summary", "public"."ScoutImportCompletion"."completed_at"
2026-09-27 20:21:22.760 UTC [18069] ERROR:  could not serialize access due to concurrent update
2026-09-27 20:21:22.760 UTC [18069] STATEMENT:  
	      SELECT execution_epoch, terminal_status, fenced_at, fence_reason, deadline_at,
	             accepted_start_at
	        FROM "ScoutImport"
	       WHERE coach_id = $1 AND intent_id = $2 AND mode = 'server'
	       FOR NO KEY UPDATE
2026-09-27 20:21:59.703 UTC [18758] ERROR:  duplicate key value violates unique constraint "ScoutImportCompletion_coach_id_intent_id_key"
2026-09-27 20:21:59.703 UTC [18758] DETAIL:  Key (coach_id, intent_id)=(s11b-coach-a, 60ed648e-bac6-4fba-ac97-55af6b27feb9) already exists.
2026-09-27 20:21:59.703 UTC [18758] STATEMENT:  INSERT INTO "public"."ScoutImportCompletion" ("id","coach_id","intent_id","terminal_status","completed_at") VALUES ($1,$2,$3,$4,$5) RETURNING "public"."ScoutImportCompletion"."id", "public"."ScoutImportCompletion"."coach_id", "public"."ScoutImportCompletion"."intent_id", "public"."ScoutImportCompletion"."terminal_status", "public"."ScoutImportCompletion"."final_counts", "public"."ScoutImportCompletion"."error_summary", "public"."ScoutImportCompletion"."completed_at"
2026-09-27 20:23:14.255 UTC [5766] LOG:  checkpoint starting: time
2026-09-27 20:23:23.293 UTC [5766] LOG:  checkpoint complete: wrote 91 buffers (0.6%); 0 WAL file(s) added, 0 removed, 0 recycled; write=9.038 s, sync=0.001 s, total=9.038 s; sync files=0, longest=0.000 s, average=0.000 s; distance=216 kB, estimate=11693 kB; lsn=0/232B010, redo lsn=0/2329C38
2026-09-27 20:23:26.420 UTC [20110] ERROR:  duplicate key value violates unique constraint "ScoutImportCompletion_coach_id_intent_id_key"
2026-09-27 20:23:26.420 UTC [20110] DETAIL:  Key (coach_id, intent_id)=(s11b-coach-a, 012d97c1-51be-4120-b42c-c6dd82a4ac64) already exists.
2026-09-27 20:23:26.420 UTC [20110] STATEMENT:  INSERT INTO "public"."ScoutImportCompletion" ("id","coach_id","intent_id","terminal_status","completed_at") VALUES ($1,$2,$3,$4,$5) RETURNING "public"."ScoutImportCompletion"."id", "public"."ScoutImportCompletion"."coach_id", "public"."ScoutImportCompletion"."intent_id", "public"."ScoutImportCompletion"."terminal_status", "public"."ScoutImportCompletion"."final_counts", "public"."ScoutImportCompletion"."error_summary", "public"."ScoutImportCompletion"."completed_at"
2026-09-27 20:27:24.424 UTC [22617] ERROR:  duplicate key value violates unique constraint "ScoutImportCompletion_coach_id_intent_id_key"
2026-09-27 20:27:24.424 UTC [22617] DETAIL:  Key (coach_id, intent_id)=(s11d-coach-clean, ba6c68c8-278a-44c6-9962-c34207202ef8) already exists.
2026-09-27 20:27:24.424 UTC [22617] STATEMENT:  INSERT INTO "public"."ScoutImportCompletion" ("id","coach_id","intent_id","terminal_status","completed_at") VALUES ($1,$2,$3,$4,$5) RETURNING "public"."ScoutImportCompletion"."id", "public"."ScoutImportCompletion"."coach_id", "public"."ScoutImportCompletion"."intent_id", "public"."ScoutImportCompletion"."terminal_status", "public"."ScoutImportCompletion"."final_counts", "public"."ScoutImportCompletion"."error_summary", "public"."ScoutImportCompletion"."completed_at"
2026-09-27 20:28:14.393 UTC [5766] LOG:  checkpoint starting: time
2026-09-27 20:28:22.922 UTC [5766] LOG:  checkpoint complete: wrote 87 buffers (0.5%); 0 WAL file(s) added, 0 removed, 0 recycled; write=8.529 s, sync=0.001 s, total=8.530 s; sync files=0, longest=0.000 s, average=0.000 s; distance=120 kB, estimate=10536 kB; lsn=0/2348518, redo lsn=0/2347E50
2026-09-27 20:29:14.691 UTC [5765] LOG:  received fast shutdown request
2026-09-27 20:29:14.691 UTC [5765] LOG:  aborting any active transactions
2026-09-27 20:29:14.692 UTC [5765] LOG:  background worker "logical replication launcher" (PID 5771) exited with exit code 1
2026-09-27 20:29:14.694 UTC [5766] LOG:  shutting down
2026-09-27 20:29:14.694 UTC [5766] LOG:  checkpoint starting: shutdown immediate
2026-09-27 20:29:14.695 UTC [5766] LOG:  checkpoint complete: wrote 49 buffers (0.3%); 0 WAL file(s) added, 0 removed, 0 recycled; write=0.002 s, sync=0.001 s, total=0.002 s; sync files=0, longest=0.000 s, average=0.000 s; distance=28 kB, estimate=9485 kB; lsn=0/234EF80, redo lsn=0/234EF80
2026-09-27 20:29:14.700 UTC [5765] LOG:  database system is shut down
