2026-09-25T22:46:05Z REMOTE integration/importer=9497ca5275938c9228c6ec6fa0dfa8c34f39f724 main=1c10e2a19b35bbb4fb17fe7c5aab6fa613e74c47 land_refs=18
The bundle contains this ref:
820ce85be2ebf994112afbb90739eb9469ad628e refs/heads/exec1910/s8g
The bundle requires this ref:
62471b116267fdec6746073c4b4c80a154d09834 
The bundle uses this hash algorithm: sha1
/home/user/workspace/tgp-private-evidence/execution/1910a060/landing/bundles/s8g-820ce85be2eb.bundle is okay
2026-09-25T22:46:22Z S8G exact 820ce85be2ebf994112afbb90739eb9469ad628e tree=7ede6dbb8f6f2d0ddcc349882a47ef67d415c32a parent=62471b116267fdec6746073c4b4c80a154d09834 raw=d904d40cb92e5ddcfba6b43e64de803286e70d99d1526b58bc5b4d8cb52a9a32 blobs==gate receipt (14) bundle=3013bae3500a6ab121945580ed2b979881ce0515e2be7bad4ab9d7ef44bf9826
The bundle contains this ref:
820ce85be2ebf994112afbb90739eb9469ad628e refs/heads/exec1910/s8g
The bundle requires this ref:
62471b116267fdec6746073c4b4c80a154d09834 
The bundle uses this hash algorithm: sha1
/home/user/workspace/tgp-private-evidence/execution/1910a060/landing/bundles/s8g-820ce85be2eb.bundle is okay
2026-09-25T22:46:23Z S8G exact 820ce85be2ebf994112afbb90739eb9469ad628e tree=7ede6dbb8f6f2d0ddcc349882a47ef67d415c32a parent=62471b116267fdec6746073c4b4c80a154d09834 raw=d904d40cb92e5ddcfba6b43e64de803286e70d99d1526b58bc5b4d8cb52a9a32 blobs==gate receipt (14) bundle=3013bae3500a6ab121945580ed2b979881ce0515e2be7bad4ab9d7ef44bf9826
2026-09-25T22:46:23Z HYGIENE ok 1 commit(s) 62471b11..820ce85b
2026-09-25T22:46:51Z HYGIENE ok 2 commit(s) 9497ca52..663ce133
2026-09-25T22:46:52Z ACCEPTANCE record=/tmp/s8g-trace-1790376364/acc.md sha256=2a64a35166aadb4ae2ab93fe968cfc444c7333d731b31cf05df71cbd743c0f16 names=[820ce85be2ebf994112afbb90739eb9469ad628e]
2026-09-25T22:46:52Z ACCEPTANCE record=/tmp/s8g-trace-1790376364/land.md sha256=8c65477c414d21b18743127692d25e32d00628d2b20b67ffba96734fafec29ad names=[663ce133bb5b486fc27920df09b635bebf87617e]
2026-09-25T22:46:52Z REFUSED rc=75: record /tmp/s8g-trace-1790376364/neg.md contains a negative verdict
