PRE 2026-09-25T03:23:02Z lock_file=absent ports=0.0.0.0:22 [::]:22 
PRE relevant_processes=[none]
START 2026-09-25T03:23:02Z pid=10508 user=user lock=/home/user/workspace/execution/test-validation.lock(held nonblocking fd9, inode 691716)
node=/usr/local/bin/node real=/usr/local/bin/node version=v20.20.1 sha256=a03953a7b16bff002b94d6fb58ada900b68241cbcaee6efc400b20dadd36dddc
npm=/usr/local/bin/npm real=/usr/local/lib/node_modules/npm/bin/npm-cli.js version=10.8.2 npm_cli_js_sha256=8e5f6f3429f8cdbe693cdc29904e9d5a7b127a494bd15c804bd54c7403bfcbe7
git=git version 2.53.0 openssl=OpenSSL 3.5.5 27 Jan 2026 (Library: OpenSSL 3.5.5 27 Jan 2026) os=Ubuntu 26.04 LTS kernel=6.1.155
apt_update_exit=0
package=postgresql-client-18 candidate=18.6-0ubuntu0.26.04.1
apt_install_exit=0
dpkg=postgresql-client-18 18.6-0ubuntu0.26.04.1 install ok installed
CLIENT_OK psql=/usr/bin/psql real=/usr/share/postgresql-common/pg_wrapper version='psql (PostgreSQL) 18.6 (Ubuntu 18.6-0ubuntu0.26.04.1)' sha256=a200e38c89b111d3abdf26927b186fdd423bef3d84f157af0f4b65db6f8e6c94 link_sha256=a200e38c89b111d3abdf26927b186fdd423bef3d84f157af0f4b65db6f8e6c94 pg_dump='pg_dump (PostgreSQL) 18.6 (Ubuntu 18.6-0ubuntu0.26.04.1)'
curl_jar_exit=0
curl_sha1_exit=0
maven_sha1=8163322358dbe4e6c2abccc90f2e543f8cfc65db pinned_sha1=8163322358dbe4e6c2abccc90f2e543f8cfc65db
jar_sha256=23da5a044b4fb7a5a081a45008c95749c873305328d73f86aefd56922ce1d29d jar_bytes=14894072
txz_sha256=26fa633461a3340913015503d0783d73a28384110257e2f17d9936bdf8b067c0 txz_bytes=14889140
server_binary=postgres (PostgreSQL) 17.6
bin_postgres sha256=23cd174849b273064c47d581b55be596be2f5cf0ee5d3e76c0146e2464bf873a
bin_initdb sha256=b7db9bc2463a4ffbe1e405977512afb50c9846fd3af2b694e315e6d5a270882a
bin_pg_ctl sha256=af53d826845af4679a0aaba2bda319f5e527f3b94f3794c67fa174049c9b9401
pg_ctl matches recorded prefix af53d826845af467
dist_file_count=1005 dist_manifest_sha256=2c9d8a494c6b7ba476eeadf66273d8bfb7b271f6e22d535d1555a4ece78dee51
provenance_written=/home/user/workspace/execution/64e33dc7/recovery-reset/pg17/PROVENANCE.txt clusters_dir=absent
hooks_dir=/home/user/workspace/growth-project-backend/.git/hooks before=[applypatch-msg.sample commit-msg.sample fsmonitor-watchman.sample post-update.sample pre-applypatch.sample pre-commit.sample pre-merge-commit.sample pre-push.sample pre-rebase.sample pre-receive.sample prepare-commit-msg.sample push-to-checkout.sample sendemail-validate.sample update.sample ] core.hooksPath=unset
worktree_add_exit=0
head=93389265a846095b846fa8f1fb0dad782fb6ee9f tree=a315dd651b8c54c2e82f2260fcc6058f0d13b64a
package_lock_sha256=b7fed5ed611c004615022cf69375b83956e9a69604807123fbe0e7965aea9c55 expected=b7fed5ed611c004615022cf69375b83956e9a69604807123fbe0e7965aea9c55 package_json_sha256=afecdb3762df06075723dbe254a80bffe828b028bdb33576030d1ce0f936c5aa schema_sha256=77f33bcdc36802f8e1d52553d011f546f56f757cacb391f23436ab266a148589 (S8-B record 77f33bcdc36802f8e1d52553d011f546f56f757cacb391f23436ab266a148589)
outside_root_before: /home/user/node_modules entries=209 listing_sha256=cca57efd2bcc74b23fa5f57ecb0d1f73018e5a12a74e4ffe763d93525f55f10d
/dev/root        20G   11G  9.0G  54% /
npm_ci_exit=0 utc=2026-09-25T03:29:28Z (full output raw/npm-ci.out, sha256 fe6c71acee59cab51668c710d73f92113d3975d4fd0e8767489335181429b523)
nm_hidden_lock_sha256=05bc530aa44bfa6df64f0daa8edb66c5181abf4bfbc309bd8da2c8aff37b6a44 prior_record=05bc530aa44bfa6df64f0daa8edb66c5181abf4bfbc309bd8da2c8aff37b6a44 match=yes
client_index_d_ts_after_postinstall=b6716a865a705ffc0efab30ed88cd163b461e5344ad64e5926a0dff078b49f44
hooks_after_npm_ci=[applypatch-msg.sample commit-msg commit-msg.sample fsmonitor-watchman.sample post-update.sample pre-applypatch.sample pre-commit pre-commit.sample pre-merge-commit.sample pre-push.sample pre-rebase.sample pre-receive.sample prepare-commit-msg.sample push-to-checkout.sample sendemail-validate.sample update.sample ]
prisma_version=Prisma schema loaded from prisma/schema.prisma prisma : 6.19.3 @prisma/client : 6.19.3 Computed binaryTarget : debian-openssl-3.0.x Operating System : linux Architecture : x64 Node.js : v20.20.1 TypeScript : 5.9.3 Query Engine (Node-API) : libquery-engine c2990dca591cba766e3b7ef5d9e8a84796e47ab7 (at node_modules/@prisma/engines/libquery_engine-debian-openssl-3.0.x.so.node) PSL : @prisma/prisma-schema-wasm 7.1.1-3.c2990dca591cba766e3b7ef5d9e8a84796e47ab7 Schema Engine : schema-engine-cli c2990dca591cba766e3b7ef5d9e8a84796e47ab7 (at node_modules/@prisma/engines/schema-engine-debian-openssl-3.0.x) Default Engines Hash : c2990dca591cba766e3b7ef5d9e8a84796e47ab7 Studio : 0.511.0 
prisma_generate_exit=0 utc=2026-09-25T03:29:37Z
client_index_d_ts=b6716a865a705ffc0efab30ed88cd163b461e5344ad64e5926a0dff078b49f44 equal_to_postinstall=yes s8b_record=b6716a865a705ffc0efab30ed88cd163b461e5344ad64e5926a0dff078b49f44 match=yes
client_index.js sha256=dc2c49166b1fff3660828714be3e7af4ae16cac82d9ce8ad31a5472323ffc573
client_schema.prisma sha256=ded50406332707e4fd473a75e0a5407d54eb309085a99edcaaceaa05cb25b249
client_package.json sha256=c91d7b4f2b1a22a9e614e87ba74bd7ca2d110895ef96733e73aa5aa6559532e8
client_engine=libquery_engine-debian-openssl-3.0.x.so.node sha256=a2924eab1c78a0a7bb67edac5738939fa10589ef073af5542f53812a22e4a7d8
hidden_lock_after_generate=05bc530aa44bfa6df64f0daa8edb66c5181abf4bfbc309bd8da2c8aff37b6a44
hook_pre-commit sha256=3b741de3dd006d6265c6ca6698b7b5ce8aa9a2a5ba2743a8615d85e72b4a140d mode=755
hook_commit-msg sha256=71029ce88d76d5b885e12f978093ad3e046e93f5c5fc629b6fbba635d9f8a61b mode=755
lefthook_version=2.1.9 lefthook_checksum_file=a67722ab98bad772e1311a0bf01b4416 1790306596 
tsc_version=Version 5.9.3 jest_pkg=30.4.2 (versions only; no compile/test)
nm_top_level_entries=649 nm_du=717M
outside_root_after: entries=209 listing_sha256=cca57efd2bcc74b23fa5f57ecb0d1f73018e5a12a74e4ffe763d93525f55f10d unchanged=yes
clean_after=yes head_after=93389265a846095b846fa8f1fb0dad782fb6ee9f
post_relevant_processes=[none] postgres_procs=0 clusters_dir=absent
/dev/root        20G   12G  8.2G  59% /
END rc=0 stage=done 2026-09-25T03:29:43Z (fd9 released on exit)
