2026-09-25T22:01:19Z ACQUIRED pid=7955 fd9 inode=667698 waited=0s lslocks=1 donor=/home/user/workspace/worktrees/1910a060-s8f/node_modules prefix=/home/user/workspace/execution/1910a060/runtime/tools/prettier-3.9.9
2026-09-25T22:01:19Z node=v20.20.1 npm=10.8.2
8215 /bin/sh /usr/bin/git diff --name-only 62471b116267fdec6746073c4b4c80a154d09834 -- prisma
8232 /bin/sh /usr/bin/git status --porcelain -- prisma
8236 python3 /usr/local/bin/asi-cli-telemetry record {"source_id":"github_mcp_direct","exit_code":0,"start_ns":1790373680164326452,"command":"status --porcelain -- prisma","stderr":""}
2026-09-25T22:01:20Z WARN other heavy processes present (recorded)
2026-09-25T22:01:20Z DONOR_HEAD=e1ec2fecb71f315b6721d426ba0dacb84f304498 DONOR_HIDDEN_LOCK=05bc530aa44bfa6df64f0daa8edb66c5181abf4bfbc309bd8da2c8aff37b6a44 DONOR_CLIENT_INDEX_DTS=9042e713ba5678c99959a345b7b18a60dfc186b2c7d890b8d9c3ed5c8f4edcc6 DONOR_CLIENT_SCHEMA=b84392033ab86776533007505c31f57930307a210844067a7407ed20d25abf3e DONOR_ENTRIES=649
2026-09-25T22:01:41Z CP_A rc=0 secs=21 NM_ENTRIES=649 NM_HIDDEN_LOCK=05bc530aa44bfa6df64f0daa8edb66c5181abf4bfbc309bd8da2c8aff37b6a44 NM_CLIENT_INDEX_DTS=9042e713ba5678c99959a345b7b18a60dfc186b2c7d890b8d9c3ed5c8f4edcc6
2026-09-25T22:01:41Z NM_CLIENT_INDEX_DTS=9042e713ba5678c99959a345b7b18a60dfc186b2c7d890b8d9c3ed5c8f4edcc6 NM_CLIENT_SCHEMA=b84392033ab86776533007505c31f57930307a210844067a7407ed20d25abf3e
2026-09-25T22:01:42Z LEFTHOOK_VERSION=2.1.9
2026-09-25T22:01:42Z LEFTHOOK_INSTALL rc=0
2026-09-25T22:01:43Z LEFTHOOK_VERSION_CHECK=2.1.9 expect=2.1.9
2026-09-25T22:01:43Z HOOK_RAW own pre-commit=9a1fcef75bc9726b92ceeca49cbae4402a4432545eb84a4a0b13023e081f331a commit-msg=caf957dd7ed26c0bf48546e3fc68f7adc43698d671023c541bed065854e6da51 | ref(/home/user/workspace/worktrees/1910a060-s8f) pre-commit=e21bece648d1a2a72fa38e1323dc61d3558e349ff25f764d1c98b494f8af06b1 commit-msg=277018c46292e87a96e872b68fc792b09f7e1359cafd7ec891ae1586387160b9
2026-09-25T22:01:43Z HOOK_NORMALIZED own pre-commit=9dcf80f409a026d9d672c015b6356ff3983f08a0541d2283b58c3fb1af5c0298 commit-msg=4ab9b41920737c96c2b28aba37fbf9d30024fc79e0e8cf5d1860303ff2e69f87 | ref pre-commit=9dcf80f409a026d9d672c015b6356ff3983f08a0541d2283b58c3fb1af5c0298 commit-msg=4ab9b41920737c96c2b28aba37fbf9d30024fc79e0e8cf5d1860303ff2e69f87
2026-09-25T22:01:43Z HOOK_OK own hooks reference /home/user/workspace/worktrees/1910a060-s8g/node_modules/lefthook-linux-x64/bin/lefthook
2026-09-25T22:01:43Z PREFIX_VERIFY rc=0 ok_lines=56 manifest_lines=56 readlink=../lib/node_modules/prettier/bin/prettier.cjs
2026-09-25T22:01:44Z NPX_PRETTIER_VERSION=3.9.9
2026-09-25T22:01:45Z PRETTIER_CHECK_1 rc=1
2026-09-25T22:01:45Z PRETTIER_TOFIX=test/scout/orchestration/family-plan.spec.ts test/scout/orchestration/reconstruct-run.spec.ts test/scout/orchestration/settle-hook.spec.ts test/scout/g2-s8g-db-guard.spec.ts test/rls-g2-s8g.spec.ts
2026-09-25T22:01:51Z PRETTIER_CHECK_2 rc=0
2026-09-25T22:01:51Z POSTFORMAT src/scout/reconstruct/orchestration/run-context.ts sha256=bd4da5c86d91d7c6452d5bbacacb755f3b9a6e81f0402ec2b0a5c820c6e48c02 lines=73
2026-09-25T22:01:51Z POSTFORMAT src/scout/reconstruct/orchestration/family-plan.ts sha256=a3e57e7605cacecc4ab3e4b8432ed9babc167ed04e0492c587b07ef645a32ce5 lines=113
2026-09-25T22:01:51Z POSTFORMAT src/scout/scout-reconstruct.service.ts sha256=7b7d47a2d551c49a6937ee27822c7a6721ca4dc55ef3c9248e48e168940d0524 lines=685
2026-09-25T22:01:51Z POSTFORMAT src/scout/lifecycle/lifecycle.service.ts sha256=14fadc5eaef30cc66d75a57fde49e497f5225a1cf6f903b1e6d7ed413fe84b5a lines=611
2026-09-25T22:01:51Z POSTFORMAT test/scout/orchestration/family-plan.spec.ts sha256=d21c1e60e5212e69c48d00f6fff01d782bc9f10f3ae307363993bdff74f76cc9 lines=159
2026-09-25T22:01:51Z POSTFORMAT test/scout/orchestration/reconstruct-run.spec.ts sha256=4638ce61de437556ee7defb401d3564016e21d9b708dacab9da4df5be765009a lines=509
2026-09-25T22:01:51Z POSTFORMAT test/scout/orchestration/settle-hook.spec.ts sha256=06c1562861040777bc1a8f6dceb28f8c045fd36198b37b598aa8a422b63ee342 lines=327
2026-09-25T22:01:51Z POSTFORMAT test/scout/g2-s8g-db-guard.spec.ts sha256=4b13cc5fc50cbddda86c7fa1c36b203ff5791564c4e159d6e34e96c6fb057b63 lines=216
2026-09-25T22:01:51Z POSTFORMAT test/rls-g2-s8g.spec.ts sha256=208f36b1465fece12faebad81723f944b8abfd342758bf0e5d2173728b3ac341 lines=975
2026-09-25T22:01:52Z POSTFORMAT test/utils/g2-s8g-db.ts sha256=5a741569467c52d56c8a0363ecc2fefdbea117b87711c00d5f70aa68ca9c6aa7 lines=154
2026-09-25T22:01:52Z POSTFORMAT test/utils/g2-s8g-pg-harness.ts sha256=196852344a2db6e1c8764204232199c997fcae648c65da9513e91f8663bc7ab8 lines=254
2026-09-25T22:01:52Z POSTFORMAT test/utils/g2-s8g-harness.ts sha256=75f3e39fd29ab8c209455c2467f877f488cc97f1cd140643d496e7305f65eac5 lines=271
2026-09-25T22:01:52Z POSTFORMAT test/utils/g2-s8g-worker.cjs sha256=787316a24ae10ab2e4920d80a0e03954cb09bf582be0efd3aa230eca6a2563c2 lines=283
2026-09-25T22:01:52Z POSTFORMAT test/utils/g2-s8g-bootstrap.sh sha256=3241806c42cb7a2b421d18827d9365f960d2db159083ba988602fd6ff2fdf374 lines=232
2026-09-25T22:01:55Z ESLINT rc=0
2026-09-25T22:02:51Z TSC rc=2 lines=2
test/scout/orchestration/reconstruct-run.spec.ts(77,48): error TS2352: Conversion of type 'Staged' to type 'Record<string, unknown>' may be a mistake because neither type sufficiently overlaps with the other. If this was intentional, convert the expression to 'unknown' first.
  Index signature for type 'string' is missing in type 'Staged'.
2026-09-25T22:02:51Z RELEASING stage=tsc rc=73 (fd9 closes at exit; lock file preserved)
