shellcheck (scripts/*.sh)	UNKNOWN STEP	﻿2026-09-24T17:00:54.3920819Z Current runner version: '2.337.0'
shellcheck (scripts/*.sh)	UNKNOWN STEP	2026-09-24T17:00:54.3957743Z ##[group]Runner Image Provisioner
shellcheck (scripts/*.sh)	UNKNOWN STEP	2026-09-24T17:00:54.3959263Z Hosted Compute Agent
shellcheck (scripts/*.sh)	UNKNOWN STEP	2026-09-24T17:00:54.3960736Z Version: 20260828.587
shellcheck (scripts/*.sh)	UNKNOWN STEP	2026-09-24T17:00:54.3962189Z Commit: abac92662cab4cc7352de4f9f9d2e2419aad9c29
shellcheck (scripts/*.sh)	UNKNOWN STEP	2026-09-24T17:00:54.3963604Z Build Date: 2026-08-28T16:44:25Z
shellcheck (scripts/*.sh)	UNKNOWN STEP	2026-09-24T17:00:54.3964898Z Worker ID: {d8803d6e-65de-44f6-a011-5f64ab819796}
shellcheck (scripts/*.sh)	UNKNOWN STEP	2026-09-24T17:00:54.3966304Z Azure Region: eastus
shellcheck (scripts/*.sh)	UNKNOWN STEP	2026-09-24T17:00:54.3967376Z ##[endgroup]
shellcheck (scripts/*.sh)	UNKNOWN STEP	2026-09-24T17:00:54.3970771Z ##[group]Operating System
shellcheck (scripts/*.sh)	UNKNOWN STEP	2026-09-24T17:00:54.3972117Z Ubuntu
shellcheck (scripts/*.sh)	UNKNOWN STEP	2026-09-24T17:00:54.3973193Z 24.04.5
shellcheck (scripts/*.sh)	UNKNOWN STEP	2026-09-24T17:00:54.3974385Z LTS
shellcheck (scripts/*.sh)	UNKNOWN STEP	2026-09-24T17:00:54.3975486Z ##[endgroup]
shellcheck (scripts/*.sh)	UNKNOWN STEP	2026-09-24T17:00:54.3976731Z ##[group]Runner Image
shellcheck (scripts/*.sh)	UNKNOWN STEP	2026-09-24T17:00:54.3977775Z Image: ubuntu-24.04
shellcheck (scripts/*.sh)	UNKNOWN STEP	2026-09-24T17:00:54.3978736Z Version: 20260920.314.1
shellcheck (scripts/*.sh)	UNKNOWN STEP	2026-09-24T17:00:54.3981557Z Included Software: https://github.com/actions/runner-images/blob/ubuntu24/20260920.314/images/ubuntu/Ubuntu2404-Readme.md
shellcheck (scripts/*.sh)	UNKNOWN STEP	2026-09-24T17:00:54.3984586Z Image Release: https://github.com/actions/runner-images/releases/tag/ubuntu24%2F20260920.314
shellcheck (scripts/*.sh)	UNKNOWN STEP	2026-09-24T17:00:54.3986429Z ##[endgroup]
shellcheck (scripts/*.sh)	UNKNOWN STEP	2026-09-24T17:00:54.3988636Z ##[group]GITHUB_TOKEN Permissions
shellcheck (scripts/*.sh)	UNKNOWN STEP	2026-09-24T17:00:54.3991876Z Contents: read
shellcheck (scripts/*.sh)	UNKNOWN STEP	2026-09-24T17:00:54.3993007Z Metadata: read
shellcheck (scripts/*.sh)	UNKNOWN STEP	2026-09-24T17:00:54.3994004Z PullRequests: read
shellcheck (scripts/*.sh)	UNKNOWN STEP	2026-09-24T17:00:54.3995140Z ##[endgroup]
shellcheck (scripts/*.sh)	UNKNOWN STEP	2026-09-24T17:00:54.3998410Z Secret source: Actions
shellcheck (scripts/*.sh)	UNKNOWN STEP	2026-09-24T17:00:54.4000393Z Cache mode: write
shellcheck (scripts/*.sh)	UNKNOWN STEP	2026-09-24T17:00:54.4001699Z Prepare workflow directory
shellcheck (scripts/*.sh)	UNKNOWN STEP	2026-09-24T17:00:54.4498111Z Prepare all required actions
shellcheck (scripts/*.sh)	UNKNOWN STEP	2026-09-24T17:00:54.4573558Z Getting action download info
shellcheck (scripts/*.sh)	UNKNOWN STEP	2026-09-24T17:00:54.6301601Z Download action repository 'actions/checkout@df4cb1c069e1874edd31b4311f1884172cec0e10' (SHA:df4cb1c069e1874edd31b4311f1884172cec0e10)
shellcheck (scripts/*.sh)	UNKNOWN STEP	2026-09-24T17:00:54.8921520Z Complete job name: shellcheck (scripts/*.sh)
shellcheck (scripts/*.sh)	UNKNOWN STEP	2026-09-24T17:00:54.9707950Z ##[group]Run actions/checkout@df4cb1c069e1874edd31b4311f1884172cec0e10
shellcheck (scripts/*.sh)	UNKNOWN STEP	2026-09-24T17:00:54.9709073Z with:
shellcheck (scripts/*.sh)	UNKNOWN STEP	2026-09-24T17:00:54.9709714Z   repository: BradleyGleavePortfolio/growth-project-backend
shellcheck (scripts/*.sh)	UNKNOWN STEP	2026-09-24T17:00:54.9714155Z   token: ***
shellcheck (scripts/*.sh)	UNKNOWN STEP	2026-09-24T17:00:54.9714644Z   ssh-strict: true
shellcheck (scripts/*.sh)	UNKNOWN STEP	2026-09-24T17:00:54.9715196Z   ssh-user: git
shellcheck (scripts/*.sh)	UNKNOWN STEP	2026-09-24T17:00:54.9715662Z   persist-credentials: true
shellcheck (scripts/*.sh)	UNKNOWN STEP	2026-09-24T17:00:54.9716171Z   clean: true
shellcheck (scripts/*.sh)	UNKNOWN STEP	2026-09-24T17:00:54.9716629Z   sparse-checkout-cone-mode: true
shellcheck (scripts/*.sh)	UNKNOWN STEP	2026-09-24T17:00:54.9717166Z   fetch-depth: 1
shellcheck (scripts/*.sh)	UNKNOWN STEP	2026-09-24T17:00:54.9717622Z   fetch-tags: false
shellcheck (scripts/*.sh)	UNKNOWN STEP	2026-09-24T17:00:54.9718081Z   show-progress: true
shellcheck (scripts/*.sh)	UNKNOWN STEP	2026-09-24T17:00:54.9718541Z   lfs: false
shellcheck (scripts/*.sh)	UNKNOWN STEP	2026-09-24T17:00:54.9718967Z   submodules: false
shellcheck (scripts/*.sh)	UNKNOWN STEP	2026-09-24T17:00:54.9719439Z   set-safe-directory: true
shellcheck (scripts/*.sh)	UNKNOWN STEP	2026-09-24T17:00:54.9720464Z ##[endgroup]
shellcheck (scripts/*.sh)	UNKNOWN STEP	2026-09-24T17:00:55.0773803Z Syncing repository: BradleyGleavePortfolio/growth-project-backend
shellcheck (scripts/*.sh)	UNKNOWN STEP	2026-09-24T17:00:55.0776257Z ##[group]Getting Git version info
shellcheck (scripts/*.sh)	UNKNOWN STEP	2026-09-24T17:00:55.0777320Z Working directory is '/home/runner/work/growth-project-backend/growth-project-backend'
shellcheck (scripts/*.sh)	UNKNOWN STEP	2026-09-24T17:00:55.0778538Z [command]/usr/bin/git version
shellcheck (scripts/*.sh)	UNKNOWN STEP	2026-09-24T17:00:55.0852514Z git version 2.55.0
shellcheck (scripts/*.sh)	UNKNOWN STEP	2026-09-24T17:00:55.0876637Z ##[endgroup]
shellcheck (scripts/*.sh)	UNKNOWN STEP	2026-09-24T17:00:55.0891467Z Temporarily overriding HOME='/home/runner/work/_temp/cc5aa170-0bdc-4558-9f1f-2c5ce5efabb9' before making global git config changes
shellcheck (scripts/*.sh)	UNKNOWN STEP	2026-09-24T17:00:55.0892956Z Adding repository directory to the temporary git global config as a safe directory
shellcheck (scripts/*.sh)	UNKNOWN STEP	2026-09-24T17:00:55.0896970Z [command]/usr/bin/git config --global --add safe.directory /home/runner/work/growth-project-backend/growth-project-backend
shellcheck (scripts/*.sh)	UNKNOWN STEP	2026-09-24T17:00:55.0959222Z Deleting the contents of '/home/runner/work/growth-project-backend/growth-project-backend'
shellcheck (scripts/*.sh)	UNKNOWN STEP	2026-09-24T17:00:55.0963325Z ##[group]Determining repository object format
shellcheck (scripts/*.sh)	UNKNOWN STEP	2026-09-24T17:00:55.0966004Z ##[endgroup]
shellcheck (scripts/*.sh)	UNKNOWN STEP	2026-09-24T17:00:55.0966870Z ##[group]Initializing the repository
shellcheck (scripts/*.sh)	UNKNOWN STEP	2026-09-24T17:00:55.0971892Z [command]/usr/bin/git init /home/runner/work/growth-project-backend/growth-project-backend
shellcheck (scripts/*.sh)	UNKNOWN STEP	2026-09-24T17:00:55.1080641Z hint: Using 'master' as the name for the initial branch. This default branch name
shellcheck (scripts/*.sh)	UNKNOWN STEP	2026-09-24T17:00:55.1083121Z hint: will change to "main" in Git 3.0. To configure the initial branch name
shellcheck (scripts/*.sh)	UNKNOWN STEP	2026-09-24T17:00:55.1084560Z hint: to use in all of your new repositories, which will suppress this warning,
shellcheck (scripts/*.sh)	UNKNOWN STEP	2026-09-24T17:00:55.1085819Z hint: call:
shellcheck (scripts/*.sh)	UNKNOWN STEP	2026-09-24T17:00:55.1086276Z hint:
shellcheck (scripts/*.sh)	UNKNOWN STEP	2026-09-24T17:00:55.1086845Z hint: 	git config --global init.defaultBranch <name>
shellcheck (scripts/*.sh)	UNKNOWN STEP	2026-09-24T17:00:55.1087502Z hint:
shellcheck (scripts/*.sh)	UNKNOWN STEP	2026-09-24T17:00:55.1088135Z hint: Names commonly chosen instead of 'master' are 'main', 'trunk' and
shellcheck (scripts/*.sh)	UNKNOWN STEP	2026-09-24T17:00:55.1089129Z hint: 'development'. The just-created branch can be renamed via this command:
shellcheck (scripts/*.sh)	UNKNOWN STEP	2026-09-24T17:00:55.1089917Z hint:
shellcheck (scripts/*.sh)	UNKNOWN STEP	2026-09-24T17:00:55.1090897Z hint: 	git branch -m <name>
shellcheck (scripts/*.sh)	UNKNOWN STEP	2026-09-24T17:00:55.1091702Z hint:
shellcheck (scripts/*.sh)	UNKNOWN STEP	2026-09-24T17:00:55.1092451Z hint: Disable this message with "git config set advice.defaultBranchName false"
shellcheck (scripts/*.sh)	UNKNOWN STEP	2026-09-24T17:00:55.1093681Z Initialized empty Git repository in /home/runner/work/growth-project-backend/growth-project-backend/.git/
shellcheck (scripts/*.sh)	UNKNOWN STEP	2026-09-24T17:00:55.1096618Z [command]/usr/bin/git remote add origin https://github.com/BradleyGleavePortfolio/growth-project-backend
shellcheck (scripts/*.sh)	UNKNOWN STEP	2026-09-24T17:00:55.1146337Z ##[endgroup]
shellcheck (scripts/*.sh)	UNKNOWN STEP	2026-09-24T17:00:55.1147597Z ##[group]Disabling automatic garbage collection
shellcheck (scripts/*.sh)	UNKNOWN STEP	2026-09-24T17:00:55.1149913Z [command]/usr/bin/git config --local gc.auto 0
shellcheck (scripts/*.sh)	UNKNOWN STEP	2026-09-24T17:00:55.1181746Z ##[endgroup]
shellcheck (scripts/*.sh)	UNKNOWN STEP	2026-09-24T17:00:55.1182920Z ##[group]Setting up auth
shellcheck (scripts/*.sh)	UNKNOWN STEP	2026-09-24T17:00:55.1183780Z Removing SSH command configuration
shellcheck (scripts/*.sh)	UNKNOWN STEP	2026-09-24T17:00:55.1189437Z [command]/usr/bin/git config --local --name-only --get-regexp core\.sshCommand
shellcheck (scripts/*.sh)	UNKNOWN STEP	2026-09-24T17:00:55.1222485Z [command]/usr/bin/git submodule foreach --recursive sh -c "git config --local --name-only --get-regexp 'core\.sshCommand' && git config --local --unset-all 'core.sshCommand' || :"
shellcheck (scripts/*.sh)	UNKNOWN STEP	2026-09-24T17:00:55.1593529Z Removing HTTP extra header
shellcheck (scripts/*.sh)	UNKNOWN STEP	2026-09-24T17:00:55.1600678Z [command]/usr/bin/git config --local --name-only --get-regexp http\.https\:\/\/github\.com\/\.extraheader
shellcheck (scripts/*.sh)	UNKNOWN STEP	2026-09-24T17:00:55.1632007Z [command]/usr/bin/git submodule foreach --recursive sh -c "git config --local --name-only --get-regexp 'http\.https\:\/\/github\.com\/\.extraheader' && git config --local --unset-all 'http.https://github.com/.extraheader' || :"
shellcheck (scripts/*.sh)	UNKNOWN STEP	2026-09-24T17:00:55.1848306Z Removing includeIf entries pointing to credentials config files
shellcheck (scripts/*.sh)	UNKNOWN STEP	2026-09-24T17:00:55.1854408Z [command]/usr/bin/git config --local --name-only --get-regexp ^includeIf\.gitdir:
shellcheck (scripts/*.sh)	UNKNOWN STEP	2026-09-24T17:00:55.1885295Z [command]/usr/bin/git submodule foreach --recursive git config --local --show-origin --name-only --get-regexp remote.origin.url
shellcheck (scripts/*.sh)	UNKNOWN STEP	2026-09-24T17:00:55.2106313Z [command]/usr/bin/git config --file /home/runner/work/_temp/git-credentials-2877b9d8-7ba7-4f55-bae5-8fe23dc26a82.config http.https://github.com/.extraheader AUTHORIZATION: basic ***
shellcheck (scripts/*.sh)	UNKNOWN STEP	2026-09-24T17:00:55.2143520Z [command]/usr/bin/git config --local includeIf.gitdir:/home/runner/work/growth-project-backend/growth-project-backend/.git.path /home/runner/work/_temp/git-credentials-2877b9d8-7ba7-4f55-bae5-8fe23dc26a82.config
shellcheck (scripts/*.sh)	UNKNOWN STEP	2026-09-24T17:00:55.2173425Z [command]/usr/bin/git config --local includeIf.gitdir:/home/runner/work/growth-project-backend/growth-project-backend/.git/worktrees/*.path /home/runner/work/_temp/git-credentials-2877b9d8-7ba7-4f55-bae5-8fe23dc26a82.config
shellcheck (scripts/*.sh)	UNKNOWN STEP	2026-09-24T17:00:55.2207991Z [command]/usr/bin/git config --local includeIf.gitdir:/github/workspace/.git.path /github/runner_temp/git-credentials-2877b9d8-7ba7-4f55-bae5-8fe23dc26a82.config
shellcheck (scripts/*.sh)	UNKNOWN STEP	2026-09-24T17:00:55.2239278Z [command]/usr/bin/git config --local includeIf.gitdir:/github/workspace/.git/worktrees/*.path /github/runner_temp/git-credentials-2877b9d8-7ba7-4f55-bae5-8fe23dc26a82.config
shellcheck (scripts/*.sh)	UNKNOWN STEP	2026-09-24T17:00:55.2266873Z ##[endgroup]
shellcheck (scripts/*.sh)	UNKNOWN STEP	2026-09-24T17:00:55.2267773Z ##[group]Fetching the repository
shellcheck (scripts/*.sh)	UNKNOWN STEP	2026-09-24T17:00:55.2275340Z [command]/usr/bin/git -c protocol.version=2 fetch --no-tags --prune --no-recurse-submodules --depth=1 origin +92bb75222686036605b9899294d4f27228e67c32:refs/remotes/pull/530/merge
shellcheck (scripts/*.sh)	UNKNOWN STEP	2026-09-24T17:00:56.4013099Z From https://github.com/BradleyGleavePortfolio/growth-project-backend
shellcheck (scripts/*.sh)	UNKNOWN STEP	2026-09-24T17:00:56.4015482Z  * [new ref]         92bb75222686036605b9899294d4f27228e67c32 -> pull/530/merge
shellcheck (scripts/*.sh)	UNKNOWN STEP	2026-09-24T17:00:56.4024680Z ##[endgroup]
shellcheck (scripts/*.sh)	UNKNOWN STEP	2026-09-24T17:00:56.4026409Z ##[group]Determining the checkout info
shellcheck (scripts/*.sh)	UNKNOWN STEP	2026-09-24T17:00:56.4028169Z ##[endgroup]
shellcheck (scripts/*.sh)	UNKNOWN STEP	2026-09-24T17:00:56.4031617Z [command]/usr/bin/git sparse-checkout disable
shellcheck (scripts/*.sh)	UNKNOWN STEP	2026-09-24T17:00:56.4081639Z [command]/usr/bin/git config --local --unset-all extensions.worktreeConfig
shellcheck (scripts/*.sh)	UNKNOWN STEP	2026-09-24T17:00:56.4111019Z ##[group]Checking out the ref
shellcheck (scripts/*.sh)	UNKNOWN STEP	2026-09-24T17:00:56.4114008Z [command]/usr/bin/git checkout --progress --force refs/remotes/pull/530/merge
shellcheck (scripts/*.sh)	UNKNOWN STEP	2026-09-24T17:00:56.5808803Z Note: switching to 'refs/remotes/pull/530/merge'.
shellcheck (scripts/*.sh)	UNKNOWN STEP	2026-09-24T17:00:56.5809815Z 
shellcheck (scripts/*.sh)	UNKNOWN STEP	2026-09-24T17:00:56.5811158Z You are in 'detached HEAD' state. You can look around, make experimental
shellcheck (scripts/*.sh)	UNKNOWN STEP	2026-09-24T17:00:56.5814114Z changes and commit them, and you can discard any commits you make in this
shellcheck (scripts/*.sh)	UNKNOWN STEP	2026-09-24T17:00:56.5816796Z state without impacting any branches by switching back to a branch.
shellcheck (scripts/*.sh)	UNKNOWN STEP	2026-09-24T17:00:56.5818430Z 
shellcheck (scripts/*.sh)	UNKNOWN STEP	2026-09-24T17:00:56.5819631Z If you want to create a new branch to retain commits you create, you may
shellcheck (scripts/*.sh)	UNKNOWN STEP	2026-09-24T17:00:56.5822077Z do so (now or later) by using -c with the switch command. Example:
shellcheck (scripts/*.sh)	UNKNOWN STEP	2026-09-24T17:00:56.5823061Z 
shellcheck (scripts/*.sh)	UNKNOWN STEP	2026-09-24T17:00:56.5823479Z   git switch -c <new-branch-name>
shellcheck (scripts/*.sh)	UNKNOWN STEP	2026-09-24T17:00:56.5824142Z 
shellcheck (scripts/*.sh)	UNKNOWN STEP	2026-09-24T17:00:56.5824770Z Or undo this operation with:
shellcheck (scripts/*.sh)	UNKNOWN STEP	2026-09-24T17:00:56.5825887Z 
shellcheck (scripts/*.sh)	UNKNOWN STEP	2026-09-24T17:00:56.5826403Z   git switch -
shellcheck (scripts/*.sh)	UNKNOWN STEP	2026-09-24T17:00:56.5827037Z 
shellcheck (scripts/*.sh)	UNKNOWN STEP	2026-09-24T17:00:56.5828027Z Turn off this advice by setting config variable advice.detachedHead to false
shellcheck (scripts/*.sh)	UNKNOWN STEP	2026-09-24T17:00:56.5829527Z 
shellcheck (scripts/*.sh)	UNKNOWN STEP	2026-09-24T17:00:56.5831582Z HEAD is now at 92bb752 Merge 7d2895e1fe03ea82353e8ce0b07aacaf66af74c8 into c23b9d9f3fcc106b92c061ceb7d04d7ec53038d7
shellcheck (scripts/*.sh)	UNKNOWN STEP	2026-09-24T17:00:56.5836989Z ##[endgroup]
shellcheck (scripts/*.sh)	UNKNOWN STEP	2026-09-24T17:00:56.5871821Z [command]/usr/bin/git log -1 --format=%H
shellcheck (scripts/*.sh)	UNKNOWN STEP	2026-09-24T17:00:56.5895872Z 92bb75222686036605b9899294d4f27228e67c32
shellcheck (scripts/*.sh)	UNKNOWN STEP	2026-09-24T17:00:56.6183927Z ##[group]Run set -euo pipefail
shellcheck (scripts/*.sh)	UNKNOWN STEP	2026-09-24T17:00:56.6185362Z ^[[36;1mset -euo pipefail^[[0m
shellcheck (scripts/*.sh)	UNKNOWN STEP	2026-09-24T17:00:56.6186785Z ^[[36;1m# ubuntu-latest ships shellcheck preinstalled.^[[0m
shellcheck (scripts/*.sh)	UNKNOWN STEP	2026-09-24T17:00:56.6188351Z ^[[36;1mshellcheck --version^[[0m
shellcheck (scripts/*.sh)	UNKNOWN STEP	2026-09-24T17:00:56.6189973Z ^[[36;1mmapfile -t FILES < <(find scripts -type f -name '*.sh' | sort)^[[0m
shellcheck (scripts/*.sh)	UNKNOWN STEP	2026-09-24T17:00:56.6191979Z ^[[36;1mif [ ${#FILES[@]} -eq 0 ]; then^[[0m
shellcheck (scripts/*.sh)	UNKNOWN STEP	2026-09-24T17:00:56.6193656Z ^[[36;1m  echo "No shell scripts under scripts/. Nothing to check."^[[0m
shellcheck (scripts/*.sh)	UNKNOWN STEP	2026-09-24T17:00:56.6195340Z ^[[36;1m  exit 0^[[0m
shellcheck (scripts/*.sh)	UNKNOWN STEP	2026-09-24T17:00:56.6196346Z ^[[36;1mfi^[[0m
shellcheck (scripts/*.sh)	UNKNOWN STEP	2026-09-24T17:00:56.6197546Z ^[[36;1mprintf 'Checking %d script(s):\n' "${#FILES[@]}"^[[0m
shellcheck (scripts/*.sh)	UNKNOWN STEP	2026-09-24T17:00:56.6199135Z ^[[36;1mprintf '  - %s\n' "${FILES[@]}"^[[0m
shellcheck (scripts/*.sh)	UNKNOWN STEP	2026-09-24T17:00:56.6200621Z ^[[36;1mshellcheck "${FILES[@]}"^[[0m
shellcheck (scripts/*.sh)	UNKNOWN STEP	2026-09-24T17:00:56.6201913Z ^[[36;1mecho "shellcheck OK."^[[0m
shellcheck (scripts/*.sh)	UNKNOWN STEP	2026-09-24T17:00:56.6539756Z shell: /usr/bin/bash -e {0}
shellcheck (scripts/*.sh)	UNKNOWN STEP	2026-09-24T17:00:56.6541357Z ##[endgroup]
shellcheck (scripts/*.sh)	UNKNOWN STEP	2026-09-24T17:00:57.6005741Z ShellCheck - shell script analysis tool
shellcheck (scripts/*.sh)	UNKNOWN STEP	2026-09-24T17:00:57.6006227Z version: 0.9.0
shellcheck (scripts/*.sh)	UNKNOWN STEP	2026-09-24T17:00:57.6006640Z license: GNU General Public License, version 3
shellcheck (scripts/*.sh)	UNKNOWN STEP	2026-09-24T17:00:57.6007120Z website: https://www.shellcheck.net
shellcheck (scripts/*.sh)	UNKNOWN STEP	2026-09-24T17:00:57.6274168Z Checking 10 script(s):
shellcheck (scripts/*.sh)	UNKNOWN STEP	2026-09-24T17:00:57.6274896Z   - scripts/ci/assert-prod-sbom.sh
shellcheck (scripts/*.sh)	UNKNOWN STEP	2026-09-24T17:00:57.6275412Z   - scripts/ci/check-relrowsecurity.sh
shellcheck (scripts/*.sh)	UNKNOWN STEP	2026-09-24T17:00:57.6275777Z   - scripts/ci/filter-machines.sh
shellcheck (scripts/*.sh)	UNKNOWN STEP	2026-09-24T17:00:57.6276184Z   - scripts/ci/migration-delta.sh
shellcheck (scripts/*.sh)	UNKNOWN STEP	2026-09-24T17:00:57.6276526Z   - scripts/ci/release-evidence-gate.sh
shellcheck (scripts/*.sh)	UNKNOWN STEP	2026-09-24T17:00:57.6276897Z   - scripts/ci/verify-fly-release.sh
shellcheck (scripts/*.sh)	UNKNOWN STEP	2026-09-24T17:00:57.6277250Z   - scripts/preflight.sh
shellcheck (scripts/*.sh)	UNKNOWN STEP	2026-09-24T17:00:57.6277550Z   - scripts/release.sh
shellcheck (scripts/*.sh)	UNKNOWN STEP	2026-09-24T17:00:57.6277867Z   - scripts/sentry-upload-sourcemaps.sh
shellcheck (scripts/*.sh)	UNKNOWN STEP	2026-09-24T17:00:57.6278304Z   - scripts/setup-branch-protection.sh
shellcheck (scripts/*.sh)	UNKNOWN STEP	2026-09-24T17:00:59.9388476Z 
shellcheck (scripts/*.sh)	UNKNOWN STEP	2026-09-24T17:00:59.9389969Z In scripts/release.sh line 326:
shellcheck (scripts/*.sh)	UNKNOWN STEP	2026-09-24T17:00:59.9390960Z if APPLIED_COUNT=$(DIRECT_URL="${DIRECT_URL}" node -e '
shellcheck (scripts/*.sh)	UNKNOWN STEP	2026-09-24T17:00:59.9391773Z                                                       ^-- SC2016 (info): Expressions don't expand in single quotes, use double quotes for that.
shellcheck (scripts/*.sh)	UNKNOWN STEP	2026-09-24T17:00:59.9392329Z 
shellcheck (scripts/*.sh)	UNKNOWN STEP	2026-09-24T17:00:59.9392449Z For more information:
shellcheck (scripts/*.sh)	UNKNOWN STEP	2026-09-24T17:00:59.9392937Z   https://www.shellcheck.net/wiki/SC2016 -- Expressions don't expand in singl...
shellcheck (scripts/*.sh)	UNKNOWN STEP	2026-09-24T17:00:59.9437045Z ##[error]Process completed with exit code 1.
shellcheck (scripts/*.sh)	UNKNOWN STEP	2026-09-24T17:00:59.9711116Z Post job cleanup.
shellcheck (scripts/*.sh)	UNKNOWN STEP	2026-09-24T17:01:00.0593083Z [command]/usr/bin/git version
shellcheck (scripts/*.sh)	UNKNOWN STEP	2026-09-24T17:01:00.0632150Z git version 2.55.0
shellcheck (scripts/*.sh)	UNKNOWN STEP	2026-09-24T17:01:00.0673102Z Temporarily overriding HOME='/home/runner/work/_temp/bd41faef-158c-416e-a603-7ed91c3c9155' before making global git config changes
shellcheck (scripts/*.sh)	UNKNOWN STEP	2026-09-24T17:01:00.0674063Z Adding repository directory to the temporary git global config as a safe directory
shellcheck (scripts/*.sh)	UNKNOWN STEP	2026-09-24T17:01:00.0679134Z [command]/usr/bin/git config --global --add safe.directory /home/runner/work/growth-project-backend/growth-project-backend
shellcheck (scripts/*.sh)	UNKNOWN STEP	2026-09-24T17:01:00.0714075Z Removing SSH command configuration
shellcheck (scripts/*.sh)	UNKNOWN STEP	2026-09-24T17:01:00.0721211Z [command]/usr/bin/git config --local --name-only --get-regexp core\.sshCommand
shellcheck (scripts/*.sh)	UNKNOWN STEP	2026-09-24T17:01:00.0758211Z [command]/usr/bin/git submodule foreach --recursive sh -c "git config --local --name-only --get-regexp 'core\.sshCommand' && git config --local --unset-all 'core.sshCommand' || :"
shellcheck (scripts/*.sh)	UNKNOWN STEP	2026-09-24T17:01:00.0987841Z Removing HTTP extra header
shellcheck (scripts/*.sh)	UNKNOWN STEP	2026-09-24T17:01:00.0994046Z [command]/usr/bin/git config --local --name-only --get-regexp http\.https\:\/\/github\.com\/\.extraheader
shellcheck (scripts/*.sh)	UNKNOWN STEP	2026-09-24T17:01:00.1037386Z [command]/usr/bin/git submodule foreach --recursive sh -c "git config --local --name-only --get-regexp 'http\.https\:\/\/github\.com\/\.extraheader' && git config --local --unset-all 'http.https://github.com/.extraheader' || :"
shellcheck (scripts/*.sh)	UNKNOWN STEP	2026-09-24T17:01:00.1253992Z Removing includeIf entries pointing to credentials config files
shellcheck (scripts/*.sh)	UNKNOWN STEP	2026-09-24T17:01:00.1261216Z [command]/usr/bin/git config --local --name-only --get-regexp ^includeIf\.gitdir:
shellcheck (scripts/*.sh)	UNKNOWN STEP	2026-09-24T17:01:00.1289975Z includeif.gitdir:/home/runner/work/growth-project-backend/growth-project-backend/.git.path
shellcheck (scripts/*.sh)	UNKNOWN STEP	2026-09-24T17:01:00.1291694Z includeif.gitdir:/home/runner/work/growth-project-backend/growth-project-backend/.git/worktrees/*.path
shellcheck (scripts/*.sh)	UNKNOWN STEP	2026-09-24T17:01:00.1292702Z includeif.gitdir:/github/workspace/.git.path
shellcheck (scripts/*.sh)	UNKNOWN STEP	2026-09-24T17:01:00.1293389Z includeif.gitdir:/github/workspace/.git/worktrees/*.path
shellcheck (scripts/*.sh)	UNKNOWN STEP	2026-09-24T17:01:00.1301099Z [command]/usr/bin/git config --local --get-all includeif.gitdir:/home/runner/work/growth-project-backend/growth-project-backend/.git.path
shellcheck (scripts/*.sh)	UNKNOWN STEP	2026-09-24T17:01:00.1322672Z /home/runner/work/_temp/git-credentials-2877b9d8-7ba7-4f55-bae5-8fe23dc26a82.config
shellcheck (scripts/*.sh)	UNKNOWN STEP	2026-09-24T17:01:00.1333812Z [command]/usr/bin/git config --local --unset includeif.gitdir:/home/runner/work/growth-project-backend/growth-project-backend/.git.path /home/runner/work/_temp/git-credentials-2877b9d8-7ba7-4f55-bae5-8fe23dc26a82.config
shellcheck (scripts/*.sh)	UNKNOWN STEP	2026-09-24T17:01:00.1369591Z [command]/usr/bin/git config --local --get-all includeif.gitdir:/home/runner/work/growth-project-backend/growth-project-backend/.git/worktrees/*.path
shellcheck (scripts/*.sh)	UNKNOWN STEP	2026-09-24T17:01:00.1391216Z /home/runner/work/_temp/git-credentials-2877b9d8-7ba7-4f55-bae5-8fe23dc26a82.config
shellcheck (scripts/*.sh)	UNKNOWN STEP	2026-09-24T17:01:00.1419557Z [command]/usr/bin/git config --local --unset includeif.gitdir:/home/runner/work/growth-project-backend/growth-project-backend/.git/worktrees/*.path /home/runner/work/_temp/git-credentials-2877b9d8-7ba7-4f55-bae5-8fe23dc26a82.config
shellcheck (scripts/*.sh)	UNKNOWN STEP	2026-09-24T17:01:00.1438098Z [command]/usr/bin/git config --local --get-all includeif.gitdir:/github/workspace/.git.path
shellcheck (scripts/*.sh)	UNKNOWN STEP	2026-09-24T17:01:00.1461474Z /github/runner_temp/git-credentials-2877b9d8-7ba7-4f55-bae5-8fe23dc26a82.config
shellcheck (scripts/*.sh)	UNKNOWN STEP	2026-09-24T17:01:00.1468849Z [command]/usr/bin/git config --local --unset includeif.gitdir:/github/workspace/.git.path /github/runner_temp/git-credentials-2877b9d8-7ba7-4f55-bae5-8fe23dc26a82.config
shellcheck (scripts/*.sh)	UNKNOWN STEP	2026-09-24T17:01:00.1503186Z [command]/usr/bin/git config --local --get-all includeif.gitdir:/github/workspace/.git/worktrees/*.path
shellcheck (scripts/*.sh)	UNKNOWN STEP	2026-09-24T17:01:00.1525958Z /github/runner_temp/git-credentials-2877b9d8-7ba7-4f55-bae5-8fe23dc26a82.config
shellcheck (scripts/*.sh)	UNKNOWN STEP	2026-09-24T17:01:00.1541872Z [command]/usr/bin/git config --local --unset includeif.gitdir:/github/workspace/.git/worktrees/*.path /github/runner_temp/git-credentials-2877b9d8-7ba7-4f55-bae5-8fe23dc26a82.config
shellcheck (scripts/*.sh)	UNKNOWN STEP	2026-09-24T17:01:00.1581117Z [command]/usr/bin/git submodule foreach --recursive git config --local --show-origin --name-only --get-regexp remote.origin.url
shellcheck (scripts/*.sh)	UNKNOWN STEP	2026-09-24T17:01:00.1830997Z Removing credentials config '/home/runner/work/_temp/git-credentials-2877b9d8-7ba7-4f55-bae5-8fe23dc26a82.config'
shellcheck (scripts/*.sh)	UNKNOWN STEP	2026-09-24T17:01:00.1993651Z Cleaning up orphan processes
