  console.warn
    PG17_DATABASE {"port":55511,"user":"postgres","owner":"postgres","super":false,"address":"127.0.0.1","version":"170006","database":"g2_s8b_disposable","bypassrls":true,"directory":"/home/user/pg17/clusters/s8-b/pg-data"}

      139 |     ),
      140 |   ).toBe(G2_S8B_DATABASE_MARKER);
    > 141 |   console.warn('PG17_DATABASE', JSON.stringify(identity));
          |           ^
      142 |   // Fresh OLD-shaped bootstrap: the whole accepted history through the OLD root's own
      143 |   // `prisma migrate deploy`; S8-B absent in both catalog and history.
      144 |   expect(Number(appliedMigrations())).toBe(EXPECTED_HISTORY);

      at Object.<anonymous> (test/rls-g2-s8b.spec.ts:141:11)

  console.warn
    PG17_PROCESS {"name":"g2b_1","old":true,"options":{},"result":{"intent_id":"intent","staged":1,"reconstructed":1,"skipped":0,"failed":0},"queries":11,"pid":26203}

      165 |       }
      166 |       // Query shapes, outcomes, fixture identifiers and process IDs only; never parameters.
    > 167 |       console.warn(
          |               ^
      168 |         'PG17_PROCESS',
      169 |         JSON.stringify({
      170 |           name,

      at settleWorker (test/utils/g2-s8b-pg-harness.ts:167:15)
      at ChildProcess.<anonymous> (test/utils/g2-s8b-pg-harness.ts:187:7)

  console.warn
    PG17_LOCK_TIMEOUT {"elapsed":5038}

      259 |       expect(exists(PROVENANCE)).toBe(false);
      260 |       expect(Number(appliedMigrations())).toBe(EXPECTED_HISTORY);
    > 261 |       console.warn('PG17_LOCK_TIMEOUT', JSON.stringify({ elapsed }));
          |               ^
      262 |     } finally {
      263 |       holder.release();
      264 |     }

      at Object.<anonymous> (test/rls-g2-s8b.spec.ts:261:15)

  console.warn
    PG17_S8B_APPLIED {"columns":11}

      340 |     after = shape();
      341 |     afterOids = shapeWithOids();
    > 342 |     console.warn('PG17_S8B_APPLIED', JSON.stringify({ columns: columns(PROVENANCE).length }));
          |             ^
      343 |   });
      344 |   it('P02: a raw rerun of S8-B is refused atomically; OIDs, rows and history unchanged; deploy has nothing pending', () => {
      345 |     const data = ledgerRows();

      at Object.<anonymous> (test/rls-g2-s8b.spec.ts:342:13)

  console.warn
    PG17_PROCESS {"name":"g2b_2","old":true,"options":{},"result":{"intent_id":"intent","staged":2,"reconstructed":2,"skipped":0,"failed":0},"queries":18,"pid":26830}

      165 |       }
      166 |       // Query shapes, outcomes, fixture identifiers and process IDs only; never parameters.
    > 167 |       console.warn(
          |               ^
      168 |         'PG17_PROCESS',
      169 |         JSON.stringify({
      170 |           name,

      at settleWorker (test/utils/g2-s8b-pg-harness.ts:167:15)
      at ChildProcess.<anonymous> (test/utils/g2-s8b-pg-harness.ts:187:7)

  console.warn
    PG17_PROCESS {"name":"g2b_3","old":true,"options":{},"result":{"intent_id":"intent","staged":2,"reconstructed":2,"skipped":0,"failed":0},"queries":18,"pid":26858}

      165 |       }
      166 |       // Query shapes, outcomes, fixture identifiers and process IDs only; never parameters.
    > 167 |       console.warn(
          |               ^
      168 |         'PG17_PROCESS',
      169 |         JSON.stringify({
      170 |           name,

      at settleWorker (test/utils/g2-s8b-pg-harness.ts:167:15)
      at ChildProcess.<anonymous> (test/utils/g2-s8b-pg-harness.ts:187:7)

  console.warn
    PG17_PROCESS {"name":"g2b_4","old":false,"options":{},"result":{"intent_id":"intent","staged":3,"reconstructed":3,"skipped":0,"failed":0},"queries":25,"pid":26891}

      165 |       }
      166 |       // Query shapes, outcomes, fixture identifiers and process IDs only; never parameters.
    > 167 |       console.warn(
          |               ^
      168 |         'PG17_PROCESS',
      169 |         JSON.stringify({
      170 |           name,

      at settleWorker (test/utils/g2-s8b-pg-harness.ts:167:15)
      at ChildProcess.<anonymous> (test/utils/g2-s8b-pg-harness.ts:187:7)

  console.warn
    PG17_PROCESS {"name":"g2b_5","old":true,"options":{"action":"roster","limit":10},"result":{"intent_id":"intent","accounting":{"staged":3,"reconstructed":3,"skipped":0,"failed":0},"persons":[{"id":"c8def9ab-65f8-4465-84e6-281ab819373a","state":"InvitePending","source_platform":"truecoach","source_person_id":"a","display_name":"Synthetic A","created_at":"2026-09-24T22:33:00.031Z","updated_at":"2026-09-24T22:33:19.779Z"},{"id":"d9ffe7bf-837e-4d32-b3c7-9aead487a93c","state":"InvitePending","source_platform":"truecoach","source_person_id":"b","display_name":"Synthetic A","created_at":"2026-09-24T22:33:17.437Z","updated_at":"2026-09-24T22:33:19.786Z"},{"id":"e52d1071-7352-45aa-9411-5549f4d6f01b","state":"InvitePending","source_platform":"truecoach","source_person_id":"c","display_name":"Synthetic A","created_at":"2026-09-24T22:33:19.789Z","updated_at":"2026-09-24T22:33:19.789Z"}],"page":{"limit":10,"next_cursor":null,"has_more":false}},"queries":8,"pid":26929}

      165 |       }
      166 |       // Query shapes, outcomes, fixture identifiers and process IDs only; never parameters.
    > 167 |       console.warn(
          |               ^
      168 |         'PG17_PROCESS',
      169 |         JSON.stringify({
      170 |           name,

      at settleWorker (test/utils/g2-s8b-pg-harness.ts:167:15)
      at ChildProcess.<anonymous> (test/utils/g2-s8b-pg-harness.ts:187:7)

  console.warn
    PG17_PROCESS {"name":"g2b_6","old":false,"options":{"action":"roster","limit":10},"result":{"intent_id":"intent","accounting":{"staged":3,"reconstructed":3,"skipped":0,"failed":0},"persons":[{"id":"c8def9ab-65f8-4465-84e6-281ab819373a","state":"InvitePending","source_platform":"truecoach","source_person_id":"a","display_name":"Synthetic A","created_at":"2026-09-24T22:33:00.031Z","updated_at":"2026-09-24T22:33:19.779Z"},{"id":"d9ffe7bf-837e-4d32-b3c7-9aead487a93c","state":"InvitePending","source_platform":"truecoach","source_person_id":"b","display_name":"Synthetic A","created_at":"2026-09-24T22:33:17.437Z","updated_at":"2026-09-24T22:33:19.786Z"},{"id":"e52d1071-7352-45aa-9411-5549f4d6f01b","state":"InvitePending","source_platform":"truecoach","source_person_id":"c","display_name":"Synthetic A","created_at":"2026-09-24T22:33:19.789Z","updated_at":"2026-09-24T22:33:19.789Z"}],"page":{"limit":10,"next_cursor":null,"has_more":false}},"queries":8,"pid":26945}

      165 |       }
      166 |       // Query shapes, outcomes, fixture identifiers and process IDs only; never parameters.
    > 167 |       console.warn(
          |               ^
      168 |         'PG17_PROCESS',
      169 |         JSON.stringify({
      170 |           name,

      at settleWorker (test/utils/g2-s8b-pg-harness.ts:167:15)
      at ChildProcess.<anonymous> (test/utils/g2-s8b-pg-harness.ts:187:7)

  console.warn
    PG17_PROCESS {"name":"g2b_7","old":true,"options":{"action":"roster","coach":"other","limit":10},"failure":{"status":404,"message":"Not Found"},"queries":4,"pid":26961}

      165 |       }
      166 |       // Query shapes, outcomes, fixture identifiers and process IDs only; never parameters.
    > 167 |       console.warn(
          |               ^
      168 |         'PG17_PROCESS',
      169 |         JSON.stringify({
      170 |           name,

      at settleWorker (test/utils/g2-s8b-pg-harness.ts:167:15)
      at ChildProcess.<anonymous> (test/utils/g2-s8b-pg-harness.ts:187:7)

  console.warn
    PG17_PROCESS {"name":"g2b_8","old":false,"options":{"action":"roster","coach":"other","limit":10},"failure":{"status":404,"message":"Not Found"},"queries":4,"pid":26977}

      165 |       }
      166 |       // Query shapes, outcomes, fixture identifiers and process IDs only; never parameters.
    > 167 |       console.warn(
          |               ^
      168 |         'PG17_PROCESS',
      169 |         JSON.stringify({
      170 |           name,

      at settleWorker (test/utils/g2-s8b-pg-harness.ts:167:15)
      at ChildProcess.<anonymous> (test/utils/g2-s8b-pg-harness.ts:187:7)

  console.warn
    PG17_PROCESS {"name":"g2b_9","old":true,"options":{},"result":{"intent_id":"intent","staged":4,"reconstructed":4,"skipped":0,"failed":0},"queries":32,"pid":27437}

      165 |       }
      166 |       // Query shapes, outcomes, fixture identifiers and process IDs only; never parameters.
    > 167 |       console.warn(
          |               ^
      168 |         'PG17_PROCESS',
      169 |         JSON.stringify({
      170 |           name,

      at settleWorker (test/utils/g2-s8b-pg-harness.ts:167:15)
      at ChildProcess.<anonymous> (test/utils/g2-s8b-pg-harness.ts:187:7)

  console.warn
    PG17_S8B_DOWN_UP {"ledgerRows":4}

      638 |     expect(again.ok).toBe(true);
      639 |     expect(again.output).toMatch(/No pending migrations/);
    > 640 |     console.warn('PG17_S8B_DOWN_UP', JSON.stringify({ ledgerRows: ledgerCount() }));
          |             ^
      641 |   });
      642 | });
      643 |

      at Object.<anonymous> (test/rls-g2-s8b.spec.ts:640:13)

PASS rls-live test/rls-g2-s8b.spec.ts (53.974 s)
  stage 1: OLD shape baseline and refusing entry gates
    ✓ the OLD N writer reconstructs a family on the pre-S8-B schema (baseline snapshot) (1533 ms)
    ✓ a decoy relation holding the provenance name refuses up; the decoy and the ledger are untouched (1998 ms)
    ✓ a decoy ledger constraint holding an S8-B name refuses up; nothing is created (1650 ms)
    ✓ a held transaction on the ledger makes up hit lock_timeout (55P03); nothing applied; release → free (6292 ms)
  stage 2: S8-B through the release mechanism
    ✓ P01: prisma migrate deploy applies exactly S8-B; both catalogs exact; ledger RLS and rows untouched (3276 ms)
    ✓ P02: a raw rerun of S8-B is refused atomically; OIDs, rows and history unchanged; deploy has nothing pending (2668 ms)
  stage 3: writers, constraints and API roles on S8-B
    ✓ P05: the OLD image N writer (pre-S8-B client) reconstructs on S8-B unchanged: ledger rows carry target_kind NULL; replay converges (2285 ms)
    ✓ P05: the candidate image N writer and both images` roster read behave identically on S8-B (5005 ms)
    ✓ CHECK/FK refuse every malformed provenance or typed-ledger row for the owner and the runtime role; nothing is written (1591 ms)
    ✓ D-S8-3 identity, the child source_id encoding and the typed ledger target are accepted exactly once; the bound intent cannot vanish (865 ms)
    ✓ P06: anon/authenticated are refused by privilege AND by policy; a service_role transaction that rolls back persists nothing (921 ms)
  stage 4: down refuses provenance state; on an empty ledger of facts it removes exactly S8-B
    ✓ P03: down refuses with provenance rows (fixed text); nothing deleted; schema, OIDs and history unchanged (2100 ms)
    ✓ P04: down removes exactly S8-B and keeps every ledger row and value; the OLD writer continues; a second down refuses (3499 ms)
    ✓ re-applying the file restores the identical shape (OIDs aside); ledger rows keep target_kind NULL; a raw rerun is refused again (2869 ms)

Test Suites: 1 passed, 1 total
Tests:       14 passed, 14 total
Snapshots:   0 total
Time:        54.215 s
Ran all test suites matching test/rls-g2-s8b.spec.ts.
