[2026-09-21T23:50:09Z] L1-06-probe-coalescer-base wt=/home/user/workspace/worktrees/s4-r4 head=2bcf1563d85bc2109e99805e4ce1b06fce4dcdb3 tree=3e23f91824689d1f179a116af948eae0ed5ae170 dirty_paths=0 diff_sha256=e3b0c44298fc1c149afbf4c8996fb92427ae41e4649b934ca495991b7852b855 cmd: node /home/user/workspace/execution/s4-r4/scripts/coalescer-admission-probe.mjs /home/user/workspace/execution/s4-r4/artifacts/base-84471e99-export
{
  "probe": "coalescer-admission (S4-R3-A-01)",
  "root": "/home/user/workspace/execution/s4-r4/artifacts/base-84471e99-export",
  "head": "84471e99b278e964f7cb3f6bf9c78491064c41b7 (from PROBE_HEAD; exported tree, no .git)",
  "node": "v20.20.1",
  "actualNetwork": false,
  "fetches": [
    "NEW_SYNTHETIC_REFRESH",
    "NEW_SYNTHETIC_REFRESH"
  ],
  "expectedFetchCount": 1,
  "results": [
    "MINTED_SYNTHETIC_ACCESS",
    null
  ],
  "storedRefresh": "ROTATED_SYNTHETIC_REFRESH",
  "pass": false
}
[2026-09-21T23:50:09Z] L1-06-probe-coalescer-base exit=1
