Bytecode makes the app startup faster, disabling bytecode is highly discouraged and should only be used for debugging purposes.
Starting Metro Bundler

warning: Bundler cache is empty, rebuilding (this may take a minute)
Android Bundled 81381ms index.ts (3019 modules)

› Assets (70):
../s6/node_modules/@expo-google-fonts/cormorant-garamond/300Light_Italic/CormorantGaramond_300Light_Italic.ttf (407KB)
../s6/node_modules/@expo-google-fonts/cormorant-garamond/300Light/CormorantGaramond_300Light.ttf (666KB)
../s6/node_modules/@expo-google-fonts/cormorant-garamond/400Regular_Italic/CormorantGaramond_400Regular_Italic.ttf (407KB)
../s6/node_modules/@expo-google-fonts/cormorant-garamond/400Regular/CormorantGaramond_400Regular.ttf (667KB)
../s6/node_modules/@expo-google-fonts/cormorant-garamond/500Medium_Italic/CormorantGaramond_500Medium_Italic.ttf (408KB)
../s6/node_modules/@expo-google-fonts/cormorant-garamond/500Medium/CormorantGaramond_500Medium.ttf (667KB)
../s6/node_modules/@expo-google-fonts/cormorant-garamond/600SemiBold_Italic/CormorantGaramond_600SemiBold_Italic.ttf (408KB)
../s6/node_modules/@expo-google-fonts/cormorant-garamond/600SemiBold/CormorantGaramond_600SemiBold.ttf (667KB)
../s6/node_modules/@expo-google-fonts/cormorant-garamond/700Bold_Italic/CormorantGaramond_700Bold_Italic.ttf (407KB)
../s6/node_modules/@expo-google-fonts/cormorant-garamond/700Bold/CormorantGaramond_700Bold.ttf (666KB)
../s6/node_modules/@expo-google-fonts/inter/100Thin_Italic/Inter_100Thin_Italic.ttf (347KB)
../s6/node_modules/@expo-google-fonts/inter/100Thin/Inter_100Thin.ttf (343KB)
../s6/node_modules/@expo-google-fonts/inter/200ExtraLight_Italic/Inter_200ExtraLight_Italic.ttf (347KB)
../s6/node_modules/@expo-google-fonts/inter/200ExtraLight/Inter_200ExtraLight.ttf (343KB)
../s6/node_modules/@expo-google-fonts/inter/300Light_Italic/Inter_300Light_Italic.ttf (347KB)
../s6/node_modules/@expo-google-fonts/inter/300Light/Inter_300Light.ttf (343KB)
../s6/node_modules/@expo-google-fonts/inter/400Regular_Italic/Inter_400Regular_Italic.ttf (346KB)
../s6/node_modules/@expo-google-fonts/inter/400Regular/Inter_400Regular.ttf (342KB)
../s6/node_modules/@expo-google-fonts/inter/500Medium_Italic/Inter_500Medium_Italic.ttf (346KB)
../s6/node_modules/@expo-google-fonts/inter/500Medium/Inter_500Medium.ttf (343KB)
../s6/node_modules/@expo-google-fonts/inter/600SemiBold_Italic/Inter_600SemiBold_Italic.ttf (347KB)
../s6/node_modules/@expo-google-fonts/inter/600SemiBold/Inter_600SemiBold.ttf (344KB)
../s6/node_modules/@expo-google-fonts/inter/700Bold_Italic/Inter_700Bold_Italic.ttf (348KB)
../s6/node_modules/@expo-google-fonts/inter/700Bold/Inter_700Bold.ttf (344KB)
../s6/node_modules/@expo-google-fonts/inter/800ExtraBold_Italic/Inter_800ExtraBold_Italic.ttf (349KB)
../s6/node_modules/@expo-google-fonts/inter/800ExtraBold/Inter_800ExtraBold.ttf (345KB)
../s6/node_modules/@expo-google-fonts/inter/900Black_Italic/Inter_900Black_Italic.ttf (349KB)
../s6/node_modules/@expo-google-fonts/inter/900Black/Inter_900Black.ttf (345KB)
../s6/node_modules/@expo/vector-icons/build/vendor/react-native-vector-icons/Fonts/AntDesign.ttf (130KB)
../s6/node_modules/@expo/vector-icons/build/vendor/react-native-vector-icons/Fonts/Entypo.ttf (66KB)
../s6/node_modules/@expo/vector-icons/build/vendor/react-native-vector-icons/Fonts/EvilIcons.ttf (13KB)
../s6/node_modules/@expo/vector-icons/build/vendor/react-native-vector-icons/Fonts/Feather.ttf (56KB)
../s6/node_modules/@expo/vector-icons/build/vendor/react-native-vector-icons/Fonts/FontAwesome.ttf (166KB)
../s6/node_modules/@expo/vector-icons/build/vendor/react-native-vector-icons/Fonts/FontAwesome5_Brands.ttf (134KB)
../s6/node_modules/@expo/vector-icons/build/vendor/react-native-vector-icons/Fonts/FontAwesome5_Regular.ttf (34KB)
../s6/node_modules/@expo/vector-icons/build/vendor/react-native-vector-icons/Fonts/FontAwesome5_Solid.ttf (203KB)
../s6/node_modules/@expo/vector-icons/build/vendor/react-native-vector-icons/Fonts/FontAwesome6_Brands.ttf (209KB)
../s6/node_modules/@expo/vector-icons/build/vendor/react-native-vector-icons/Fonts/FontAwesome6_Regular.ttf (68KB)
../s6/node_modules/@expo/vector-icons/build/vendor/react-native-vector-icons/Fonts/FontAwesome6_Solid.ttf (424KB)
../s6/node_modules/@expo/vector-icons/build/vendor/react-native-vector-icons/Fonts/Fontisto.ttf (314KB)
../s6/node_modules/@expo/vector-icons/build/vendor/react-native-vector-icons/Fonts/Foundation.ttf (57KB)
../s6/node_modules/@expo/vector-icons/build/vendor/react-native-vector-icons/Fonts/Ionicons.ttf (390KB)
../s6/node_modules/@expo/vector-icons/build/vendor/react-native-vector-icons/Fonts/MaterialCommunityIcons.ttf (1.3MB)
../s6/node_modules/@expo/vector-icons/build/vendor/react-native-vector-icons/Fonts/MaterialIcons.ttf (357KB)
../s6/node_modules/@expo/vector-icons/build/vendor/react-native-vector-icons/Fonts/Octicons.ttf (69KB)
../s6/node_modules/@expo/vector-icons/build/vendor/react-native-vector-icons/Fonts/SimpleLineIcons.ttf (54KB)
../s6/node_modules/@expo/vector-icons/build/vendor/react-native-vector-icons/Fonts/Zocial.ttf (26KB)
../s6/node_modules/@react-navigation/elements/lib/module/assets/back-icon-mask.png (653B)
../s6/node_modules/@react-navigation/elements/lib/module/assets/back-icon.png (4 variations | 152B)
../s6/node_modules/@react-navigation/elements/lib/module/assets/clear-icon.png (4 variations | 425B)
../s6/node_modules/@react-navigation/elements/lib/module/assets/close-icon.png (4 variations | 235B)
../s6/node_modules/@react-navigation/elements/lib/module/assets/search-icon.png (4 variations | 599B)
assets/roman/neutral.png (3 variations | 18KB)
assets/roman/smile.png (3 variations | 19KB)

› android bundles (1):
_expo/static/js/android/index-75c06ea77c8db96a23c22b882d45d1aa.js (7.1MB)

› Files (1):
metadata.json (4.6KB)

Exported: /home/user/workspace/execution/s6-final-r2/export-flags-unset
