2026-09-27 21:23:15.780 UTC [3701] LOG:  starting PostgreSQL 17.6 on x86_64-pc-linux-gnu, compiled by gcc (Ubuntu 7.5.0-3ubuntu1~18.04) 7.5.0, 64-bit
2026-09-27 21:23:15.780 UTC [3701] LOG:  listening on IPv4 address "127.0.0.1", port 55650
2026-09-27 21:23:15.780 UTC [3701] LOG:  listening on Unix socket "/home/runner/work/_temp/lane-s11-settle-redrive-3536/s/.s.PGSQL.55650"
2026-09-27 21:23:15.782 UTC [3704] LOG:  database system was shut down at 2026-09-27 21:23:15 UTC
2026-09-27 21:23:15.784 UTC [3701] LOG:  database system is ready to accept connections
2026-09-27 21:24:12.031 UTC [4414] ERROR:  duplicate key value violates unique constraint "ScoutImportCompletion_coach_id_intent_id_key"
2026-09-27 21:24:12.031 UTC [4414] DETAIL:  Key (coach_id, intent_id)=(s11b-coach-a, 44611963-77cf-485b-8cbe-e6e28e9bae1a) already exists.
2026-09-27 21:24:12.031 UTC [4414] STATEMENT:  INSERT INTO "public"."ScoutImportCompletion" ("id","coach_id","intent_id","terminal_status","completed_at") VALUES ($1,$2,$3,$4,$5) RETURNING "public"."ScoutImportCompletion"."id", "public"."ScoutImportCompletion"."coach_id", "public"."ScoutImportCompletion"."intent_id", "public"."ScoutImportCompletion"."terminal_status", "public"."ScoutImportCompletion"."final_counts", "public"."ScoutImportCompletion"."error_summary", "public"."ScoutImportCompletion"."completed_at"
2026-09-27 21:24:57.922 UTC [4931] ERROR:  duplicate key value violates unique constraint "ScoutImportCompletion_coach_id_intent_id_key"
2026-09-27 21:24:57.922 UTC [4931] DETAIL:  Key (coach_id, intent_id)=(s11b-coach-a, c138c213-235f-465b-acfb-4d1786bc8fd9) already exists.
2026-09-27 21:24:57.922 UTC [4931] STATEMENT:  INSERT INTO "public"."ScoutImportCompletion" ("id","coach_id","intent_id","terminal_status","completed_at") VALUES ($1,$2,$3,$4,$5) RETURNING "public"."ScoutImportCompletion"."id", "public"."ScoutImportCompletion"."coach_id", "public"."ScoutImportCompletion"."intent_id", "public"."ScoutImportCompletion"."terminal_status", "public"."ScoutImportCompletion"."final_counts", "public"."ScoutImportCompletion"."error_summary", "public"."ScoutImportCompletion"."completed_at"
2026-09-27 21:25:37.281 UTC [5357] ERROR:  duplicate key value violates unique constraint "ScoutImportCompletion_coach_id_intent_id_key"
2026-09-27 21:25:37.281 UTC [5357] DETAIL:  Key (coach_id, intent_id)=(s11b-coach-a, faf571b0-a72c-4bc1-8d81-64844e17fa46) already exists.
2026-09-27 21:25:37.281 UTC [5357] STATEMENT:  INSERT INTO "public"."ScoutImportCompletion" ("id","coach_id","intent_id","terminal_status","completed_at") VALUES ($1,$2,$3,$4,$5) RETURNING "public"."ScoutImportCompletion"."id", "public"."ScoutImportCompletion"."coach_id", "public"."ScoutImportCompletion"."intent_id", "public"."ScoutImportCompletion"."terminal_status", "public"."ScoutImportCompletion"."final_counts", "public"."ScoutImportCompletion"."error_summary", "public"."ScoutImportCompletion"."completed_at"
2026-09-27 21:25:37.333 UTC [5359] ERROR:  duplicate key value violates unique constraint "ScoutImportCompletion_coach_id_intent_id_key"
2026-09-27 21:25:37.333 UTC [5359] DETAIL:  Key (coach_id, intent_id)=(s11b-coach-a, faf571b0-a72c-4bc1-8d81-64844e17fa46) already exists.
2026-09-27 21:25:37.333 UTC [5359] STATEMENT:  INSERT INTO "public"."ScoutImportCompletion" ("id","coach_id","intent_id","terminal_status","completed_at") VALUES ($1,$2,$3,$4,$5) RETURNING "public"."ScoutImportCompletion"."id", "public"."ScoutImportCompletion"."coach_id", "public"."ScoutImportCompletion"."intent_id", "public"."ScoutImportCompletion"."terminal_status", "public"."ScoutImportCompletion"."final_counts", "public"."ScoutImportCompletion"."error_summary", "public"."ScoutImportCompletion"."completed_at"
2026-09-27 21:25:37.502 UTC [5357] ERROR:  could not serialize access due to concurrent update
2026-09-27 21:25:37.502 UTC [5357] STATEMENT:  
	      SELECT execution_epoch, terminal_status, fenced_at, fence_reason, deadline_at,
	             accepted_start_at
	        FROM "ScoutImport"
	       WHERE coach_id = $1 AND intent_id = $2 AND mode = 'server'
	       FOR NO KEY UPDATE
2026-09-27 21:26:16.169 UTC [5773] ERROR:  duplicate key value violates unique constraint "ScoutImportCompletion_coach_id_intent_id_key"
2026-09-27 21:26:16.169 UTC [5773] DETAIL:  Key (coach_id, intent_id)=(s11b-coach-a, 20e1c059-b6e2-4aac-be19-4d463aab62b5) already exists.
2026-09-27 21:26:16.169 UTC [5773] STATEMENT:  INSERT INTO "public"."ScoutImportCompletion" ("id","coach_id","intent_id","terminal_status","completed_at") VALUES ($1,$2,$3,$4,$5) RETURNING "public"."ScoutImportCompletion"."id", "public"."ScoutImportCompletion"."coach_id", "public"."ScoutImportCompletion"."intent_id", "public"."ScoutImportCompletion"."terminal_status", "public"."ScoutImportCompletion"."final_counts", "public"."ScoutImportCompletion"."error_summary", "public"."ScoutImportCompletion"."completed_at"
2026-09-27 21:27:29.478 UTC [6632] ERROR:  duplicate key value violates unique constraint "ScoutImportCompletion_coach_id_intent_id_key"
2026-09-27 21:27:29.478 UTC [6632] DETAIL:  Key (coach_id, intent_id)=(s11b-coach-a, 01c28b45-2fcf-48ac-b761-da72aa70466c) already exists.
2026-09-27 21:27:29.478 UTC [6632] STATEMENT:  INSERT INTO "public"."ScoutImportCompletion" ("id","coach_id","intent_id","terminal_status","completed_at") VALUES ($1,$2,$3,$4,$5) RETURNING "public"."ScoutImportCompletion"."id", "public"."ScoutImportCompletion"."coach_id", "public"."ScoutImportCompletion"."intent_id", "public"."ScoutImportCompletion"."terminal_status", "public"."ScoutImportCompletion"."final_counts", "public"."ScoutImportCompletion"."error_summary", "public"."ScoutImportCompletion"."completed_at"
2026-09-27 21:27:30.235 UTC [3701] LOG:  received fast shutdown request
2026-09-27 21:27:30.235 UTC [3701] LOG:  aborting any active transactions
2026-09-27 21:27:30.237 UTC [3701] LOG:  background worker "logical replication launcher" (PID 3707) exited with exit code 1
2026-09-27 21:27:30.238 UTC [3702] LOG:  shutting down
2026-09-27 21:27:30.238 UTC [3702] LOG:  checkpoint starting: shutdown immediate
2026-09-27 21:27:30.250 UTC [3702] LOG:  checkpoint complete: wrote 1874 buffers (11.4%); 0 WAL file(s) added, 0 removed, 1 recycled; write=0.012 s, sync=0.001 s, total=0.013 s; sync files=0, longest=0.000 s, average=0.000 s; distance=14569 kB, estimate=14569 kB; lsn=0/2313E88, redo lsn=0/2313E88
2026-09-27 21:27:30.259 UTC [3701] LOG:  database system is shut down
