FAIL test/scout/reconstruct/mapping-spec.spec.ts (9.39 s)
  ● repository specs — the live sources › TrueCoach `notes` (emitted by the live blueprint) is explicitly unresolved

    expect(received).toEqual(expected) // deep equality

    - Expected  - 2
    + Received  + 2

      Object {
    -   "family": "programs",
    -   "ok": true,
    +   "ok": false,
    +   "reason": "unresolved_family:programs",
      }

      265 |     });
      266 |     for (const family of Object.values(RECONSTRUCT_FAMILY)) {
    > 267 |       expect(resolveStagedFamily(registry, 'truecoach', family)).toEqual({ ok: true, family });
          |                                                                  ^
      268 |     }
      269 |   });
      270 |

      at Object.<anonymous> (test/scout/reconstruct/mapping-spec.spec.ts:267:66)

PASS test/scout/reconstruct/native/native-rules.spec.ts

Test Suites: 1 failed, 1 passed, 2 total
Tests:       1 failed, 51 passed, 52 total
Snapshots:   0 total
Time:        10.654 s
Ran all test suites matching test/scout/reconstruct/native/native-rules.spec.ts|test/scout/reconstruct/mapping-spec.spec.ts.
