2026-09-26T01:06:42Z ACQUIRED pid=21016 fd9 inode=692282 lslocks=1 donor=/home/user/workspace/worktrees/1910a060-s8f/node_modules prefix=/home/user/workspace/execution/1910a060/runtime/tools/prettier-3.9.9 base=9497ca5275938c9228c6ec6fa0dfa8c34f39f724 addendum=1
2026-09-26T01:06:43Z node=v20.20.1 npm=10.8.2
21289 /bin/sh /usr/bin/git diff --name-only 9497ca5275938c9228c6ec6fa0dfa8c34f39f724 HEAD -- prisma
21293 python3 /usr/local/bin/asi-cli-telemetry record {"source_id":"github_mcp_direct","exit_code":0,"start_ns":1790384803770802057,"command":"diff --name-only 9497ca5275938c9228c6ec6fa0dfa8c34f39f724 HEAD -- prisma","stderr":"","session_token":"agp_01a0db40-0b81-78c0-8162-f6ff9d21ab82"}
2026-09-26T01:06:43Z WARN other heavy processes present (recorded)
2026-09-26T01:06:43Z DONOR_HEAD=e1ec2fecb71f315b6721d426ba0dacb84f304498 DONOR_HIDDEN_LOCK=05bc530aa44bfa6df64f0daa8edb66c5181abf4bfbc309bd8da2c8aff37b6a44 DONOR_CLIENT_INDEX_DTS=9042e713ba5678c99959a345b7b18a60dfc186b2c7d890b8d9c3ed5c8f4edcc6 DONOR_CLIENT_SCHEMA=b84392033ab86776533007505c31f57930307a210844067a7407ed20d25abf3e DONOR_ENTRIES=649
2026-09-26T01:07:04Z CP_A rc=0 secs=20 NM_ENTRIES=649 NM_HIDDEN_LOCK=05bc530aa44bfa6df64f0daa8edb66c5181abf4bfbc309bd8da2c8aff37b6a44 NM_CLIENT_INDEX_DTS=9042e713ba5678c99959a345b7b18a60dfc186b2c7d890b8d9c3ed5c8f4edcc6
2026-09-26T01:07:04Z NM_CLIENT_INDEX_DTS=9042e713ba5678c99959a345b7b18a60dfc186b2c7d890b8d9c3ed5c8f4edcc6 NM_CLIENT_SCHEMA=b84392033ab86776533007505c31f57930307a210844067a7407ed20d25abf3e
2026-09-26T01:07:04Z LEFTHOOK_VERSION=2.1.9
2026-09-26T01:07:05Z LEFTHOOK_INSTALL rc=0
2026-09-26T01:07:05Z LEFTHOOK_VERSION_CHECK=2.1.9 expect=2.1.9
2026-09-26T01:07:05Z HOOK_RAW own pre-commit=f5f5a3667cf772e6085d7a6be43d8ff5a7de5dc06425a2481479df1344622a1d commit-msg=2492ace58237f542625202f2be7a9b504c5e0c3b85ae6474aae20554878315ec | ref(/home/user/workspace/worktrees/1910a060-s8f) pre-commit=e21bece648d1a2a72fa38e1323dc61d3558e349ff25f764d1c98b494f8af06b1 commit-msg=277018c46292e87a96e872b68fc792b09f7e1359cafd7ec891ae1586387160b9
2026-09-26T01:07:05Z HOOK_NORMALIZED own pre-commit=9dcf80f409a026d9d672c015b6356ff3983f08a0541d2283b58c3fb1af5c0298 commit-msg=4ab9b41920737c96c2b28aba37fbf9d30024fc79e0e8cf5d1860303ff2e69f87 | ref pre-commit=9dcf80f409a026d9d672c015b6356ff3983f08a0541d2283b58c3fb1af5c0298 commit-msg=4ab9b41920737c96c2b28aba37fbf9d30024fc79e0e8cf5d1860303ff2e69f87
2026-09-26T01:07:05Z HOOK_OK own hooks reference /home/user/workspace/worktrees/1910a060-s9b/node_modules/lefthook-linux-x64/bin/lefthook
2026-09-26T01:07:05Z PREFIX_VERIFY rc=0 ok_lines=56 manifest_lines=56 readlink=../lib/node_modules/prettier/bin/prettier.cjs
2026-09-26T01:07:05Z NPX_PRETTIER_VERSION=3.9.9
2026-09-26T01:07:05Z PRETTIER_FILES=src/scout/reconciliation/facts.service.ts src/scout/reconciliation/reconciliation.module.ts test/rls-g2-s9.spec.ts test/scout/g2-s9-db-guard.spec.ts test/scout/reconciliation/facts.service.spec.ts test/utils/g2-s9-db.ts test/utils/g2-s9-harness.ts test/utils/g2-s9-pg-harness.ts test/utils/g2-s9-worker.cjs docs/decisions/2026-09-25-s9-reconciliation.md 
2026-09-26T01:07:07Z PRETTIER_CHECK_1 rc=1
2026-09-26T01:07:07Z PRETTIER_TOFIX=src/scout/reconciliation/facts.service.ts test/rls-g2-s9.spec.ts test/scout/reconciliation/facts.service.spec.ts test/utils/g2-s9-worker.cjs docs/decisions/2026-09-25-s9-reconciliation.md
2026-09-26T01:07:11Z PRETTIER_CHECK_2 rc=0
2026-09-26T01:07:11Z POSTFORMAT src/scout/reconciliation/facts.service.ts sha256=a760fb6a2a9962a6b2a1decc6df4321ae80b017b9dd8bce0c00d5585eab8e40d lines=842
2026-09-26T01:07:11Z POSTFORMAT src/scout/reconciliation/reconciliation.module.ts sha256=48040a5af6e3598475eb7423cb42a25dee711bbc6bd6c87903e6cec292406e8a lines=20
2026-09-26T01:07:11Z POSTFORMAT test/rls-g2-s9.spec.ts sha256=f20099a165e5b0b04a10c7919f7844c5822a63bba1b9ad26cbfa39bb9a5883c1 lines=744
2026-09-26T01:07:11Z POSTFORMAT test/scout/g2-s9-db-guard.spec.ts sha256=a99cf9c9e9cef10290d63b52fd773dcecfa22669933532fe78a61dd1e66e4fbf lines=189
2026-09-26T01:07:11Z POSTFORMAT test/scout/reconciliation/facts.service.spec.ts sha256=aa41b3a781597270104f03b8d2f011056ae8f79a7fc676a4699a252c9b92d439 lines=884
2026-09-26T01:07:11Z POSTFORMAT test/utils/g2-s9-bootstrap.sh sha256=8799525798ce64c4133167770d15cb301b8318d096c01c004124f1bb85974386 lines=237
2026-09-26T01:07:11Z POSTFORMAT test/utils/g2-s9-db.ts sha256=39ba033bea0402483287da1a59e805b778a652286c359e807c363f5d87ba2ae9 lines=157
2026-09-26T01:07:11Z POSTFORMAT test/utils/g2-s9-harness.ts sha256=0378563b3681bb296a6f528c3492dfccef610d50014f1227d38679ada5a51732 lines=237
2026-09-26T01:07:11Z POSTFORMAT test/utils/g2-s9-pg-harness.ts sha256=3a6bd56a555715184d52bc9872c6ceec8ec0a68f8690a203fe24ebaebe871469 lines=260
2026-09-26T01:07:11Z POSTFORMAT test/utils/g2-s9-worker.cjs sha256=028979e9f44244ce51cf474d367f1c7a23752d3ce8d15add832d7b5cf44a42d6 lines=198
2026-09-26T01:07:11Z POSTFORMAT docs/decisions/2026-09-25-s9-reconciliation.md sha256=7c516a6303967e7394a75855d32d3ebfc00b9f37da7359810d6f35cf796ce4a6 lines=632
2026-09-26T01:07:11Z DOC_DELTA_POSTFORMAT 99/0 (pre-format 99/0; additions may differ only by prettier reflow of Addendum A)
2026-09-26T01:07:13Z ESLINT rc=0
2026-09-26T01:08:02Z TSC rc=0 lines=0
2026-09-26T01:08:02Z R75_WORKTREE rc=2
R75 gate operational failure: range mode requires a nonempty base
2026-09-26T01:08:02Z RELEASING stage=r75 rc=74 (fd9 closes at exit; lock file preserved)
