PASS test/scout/reconstruct/scout-reconstruct.service.spec.ts (10.565 s)
[32m[Nest] 4975  - [39m09/26/2026, 6:13:45 AM [32m    LOG[39m [38;5;3m[ScoutReconstructService] [39m[32mscout.reconstruct completed {"intent_id":"intent-1","coach_id":"coach-1","staged":1,"reconstructed":1,"skipped":0,"failed":0}[39m
[32m[Nest] 4975  - [39m09/26/2026, 6:13:45 AM [32m    LOG[39m [38;5;3m[ScoutReconstructService] [39m[32mscout.reconstruct completed {"intent_id":"intent-1","coach_id":"coach-1","staged":1,"reconstructed":0,"skipped":1,"failed":0}[39m
[33m[Nest] 4975  - [39m09/26/2026, 6:13:45 AM [33m   WARN[39m [38;5;3m[ScoutReconstructService] [39m[33mscout.reconstruct completed with failures {"intent_id":"intent-1","coach_id":"coach-1","staged":1,"reconstructed":0,"skipped":0,"failed":1}[39m
[32m[Nest] 4975  - [39m09/26/2026, 6:13:45 AM [32m    LOG[39m [38;5;3m[ScoutReconstructService] [39m[32mscout.reconstruct completed {"intent_id":"intent-1","coach_id":"coach-1","staged":1,"reconstructed":1,"skipped":0,"failed":0}[39m
[32m[Nest] 4975  - [39m09/26/2026, 6:13:45 AM [32m    LOG[39m [38;5;3m[ScoutReconstructService] [39m[32mscout.reconstruct completed {"intent_id":"intent-1","coach_id":"coach-1","staged":1,"reconstructed":1,"skipped":0,"failed":0}[39m
[32m[Nest] 4975  - [39m09/26/2026, 6:13:45 AM [32m    LOG[39m [38;5;3m[ScoutReconstructService] [39m[32mscout.reconstruct completed {"intent_id":"intent-1","coach_id":"coach-1","staged":1,"reconstructed":1,"skipped":0,"failed":0}[39m
[32m[Nest] 4975  - [39m09/26/2026, 6:13:45 AM [32m    LOG[39m [38;5;3m[ScoutReconstructService] [39m[32mscout.reconstruct completed {"intent_id":"intent-1","coach_id":"coach-1","staged":1,"reconstructed":1,"skipped":0,"failed":0}[39m
[32m[Nest] 4975  - [39m09/26/2026, 6:13:45 AM [32m    LOG[39m [38;5;3m[ScoutReconstructService] [39m[32mscout.reconstruct completed {"intent_id":"intent-1","coach_id":"coach-1","staged":1,"reconstructed":1,"skipped":0,"failed":0}[39m
[32m[Nest] 4975  - [39m09/26/2026, 6:13:45 AM [32m    LOG[39m [38;5;3m[ScoutReconstructService] [39m[32mscout.reconstruct completed {"intent_id":"intent-1","coach_id":"coach-1","staged":1,"reconstructed":2,"skipped":0,"failed":0}[39m
[32m[Nest] 4975  - [39m09/26/2026, 6:13:45 AM [32m    LOG[39m [38;5;3m[ScoutReconstructService] [39m[32mscout.reconstruct completed {"intent_id":"intent-1","coach_id":"coach-1","staged":1,"reconstructed":1,"skipped":0,"failed":0}[39m
[32m[Nest] 4975  - [39m09/26/2026, 6:13:45 AM [32m    LOG[39m [38;5;3m[ScoutReconstructService] [39m[32mscout.reconstruct completed {"intent_id":"intent-1","coach_id":"coach-1","staged":1,"reconstructed":1,"skipped":1,"failed":0}[39m
[32m[Nest] 4975  - [39m09/26/2026, 6:13:45 AM [32m    LOG[39m [38;5;3m[ScoutReconstructService] [39m[32mscout.reconstruct completed {"intent_id":"intent-1","coach_id":"coach-1","staged":1,"reconstructed":1,"skipped":0,"failed":0}[39m
[33m[Nest] 4975  - [39m09/26/2026, 6:13:45 AM [33m   WARN[39m [38;5;3m[ScoutReconstructService] [39m[33mscout.reconstruct completed with failures {"intent_id":"intent-1","coach_id":"coach-1","staged":1,"reconstructed":1,"skipped":0,"failed":1}[39m
[32m[Nest] 4975  - [39m09/26/2026, 6:13:45 AM [32m    LOG[39m [38;5;3m[ScoutReconstructService] [39m[32mscout.reconstruct completed {"intent_id":"intent-1","coach_id":"coach-1","staged":1,"reconstructed":1,"skipped":0,"failed":0}[39m
[33m[Nest] 4975  - [39m09/26/2026, 6:13:45 AM [33m   WARN[39m [38;5;3m[ScoutReconstructService] [39m[33mscout.reconstruct completed with failures {"intent_id":"intent-1","coach_id":"coach-1","staged":1,"reconstructed":0,"skipped":0,"failed":1}[39m
[32m[Nest] 4975  - [39m09/26/2026, 6:13:45 AM [32m    LOG[39m [38;5;3m[ScoutReconstructService] [39m[32mscout.reconstruct completed {"intent_id":"intent-1","coach_id":"coach-1","staged":1,"reconstructed":0,"skipped":1,"failed":0}[39m
[32m[Nest] 4975  - [39m09/26/2026, 6:13:45 AM [32m    LOG[39m [38;5;3m[ScoutReconstructService] [39m[32mscout.reconstruct completed {"intent_id":"intent-1","coach_id":"coach-1","staged":1,"reconstructed":1,"skipped":0,"failed":0}[39m
[33m[Nest] 4975  - [39m09/26/2026, 6:13:45 AM [33m   WARN[39m [38;5;3m[ScoutReconstructService] [39m[33mscout.reconstruct completed with failures {"intent_id":"intent-1","coach_id":"coach-1","staged":2,"reconstructed":1,"skipped":0,"failed":1}[39m
[32m[Nest] 4975  - [39m09/26/2026, 6:13:45 AM [32m    LOG[39m [38;5;3m[ScoutReconstructService] [39m[32mscout.reconstruct completed {"intent_id":"intent-1","coach_id":"coach-1","staged":1,"reconstructed":0,"skipped":1,"failed":0}[39m
[33m[Nest] 4975  - [39m09/26/2026, 6:13:45 AM [33m   WARN[39m [38;5;3m[ScoutReconstructService] [39m[33mscout.reconstruct completed with failures {"intent_id":"intent-1","coach_id":"coach-1","staged":1,"reconstructed":0,"skipped":0,"failed":1}[39m
[32m[Nest] 4975  - [39m09/26/2026, 6:13:45 AM [32m    LOG[39m [38;5;3m[ScoutReconstructService] [39m[32mscout.reconstruct completed {"intent_id":"intent-1","coach_id":"coach-1","staged":1,"reconstructed":0,"skipped":1,"failed":0}[39m
[33m[Nest] 4975  - [39m09/26/2026, 6:13:45 AM [33m   WARN[39m [38;5;3m[ScoutReconstructService] [39m[33mscout.reconstruct completed with failures {"intent_id":"intent-1","coach_id":"coach-1","staged":1,"reconstructed":0,"skipped":0,"failed":1}[39m
[32m[Nest] 4975  - [39m09/26/2026, 6:13:45 AM [32m    LOG[39m [38;5;3m[ScoutReconstructService] [39m[32mscout.reconstruct completed {"intent_id":"intent-1","coach_id":"coach-1","staged":3,"reconstructed":3,"skipped":0,"failed":0}[39m
[32m[Nest] 4975  - [39m09/26/2026, 6:13:45 AM [32m    LOG[39m [38;5;3m[ScoutReconstructService] [39m[32mscout.reconstruct completed {"intent_id":"intent-1","coach_id":"coach-1","staged":2,"reconstructed":2,"skipped":0,"failed":0}[39m
[32m[Nest] 4975  - [39m09/26/2026, 6:13:45 AM [32m    LOG[39m [38;5;3m[ScoutReconstructService] [39m[32mscout.reconstruct completed {"intent_id":"intent-1","coach_id":"coach-1","staged":2,"reconstructed":2,"skipped":0,"failed":0}[39m
[32m[Nest] 4975  - [39m09/26/2026, 6:13:45 AM [32m    LOG[39m [38;5;3m[ScoutReconstructService] [39m[32mscout.reconstruct completed {"intent_id":"intent-1","coach_id":"coach-1","staged":2,"reconstructed":1,"skipped":1,"failed":0}[39m
[33m[Nest] 4975  - [39m09/26/2026, 6:13:45 AM [33m   WARN[39m [38;5;3m[ScoutReconstructService] [39m[33mscout.reconstruct completed with failures {"intent_id":"intent-1","coach_id":"coach-1","staged":3,"reconstructed":2,"skipped":0,"failed":1}[39m
[33m[Nest] 4975  - [39m09/26/2026, 6:13:45 AM [33m   WARN[39m [38;5;3m[ScoutReconstructService] [39m[33mscout.reconstruct completed with failures {"intent_id":"intent-1","coach_id":"coach-1","staged":1,"reconstructed":0,"skipped":0,"failed":1}[39m
[32m[Nest] 4975  - [39m09/26/2026, 6:13:45 AM [32m    LOG[39m [38;5;3m[ScoutReconstructService] [39m[32mscout.reconstruct completed {"intent_id":"intent-empty","coach_id":"coach-1","staged":0,"reconstructed":0,"skipped":0,"failed":0}[39m
[32m[Nest] 4975  - [39m09/26/2026, 6:13:45 AM [32m    LOG[39m [38;5;3m[ScoutReconstructService] [39m[32mscout.reconstruct completed {"intent_id":"intent-1","coach_id":"coach-1","staged":2,"reconstructed":1,"skipped":1,"failed":0}[39m
[33m[Nest] 4975  - [39m09/26/2026, 6:13:45 AM [33m   WARN[39m [38;5;3m[ScoutReconstructService] [39m[33mscout.reconstruct completed with failures {"intent_id":"intent-1","coach_id":"coach-1","staged":5,"reconstructed":2,"skipped":2,"failed":1}[39m
[32m[Nest] 4975  - [39m09/26/2026, 6:13:45 AM [32m    LOG[39m [38;5;3m[ScoutReconstructService] [39m[32mscout.reconstruct completed {"intent_id":"intent-1","coach_id":"coach-1","staged":1,"reconstructed":1,"skipped":0,"failed":0}[39m
[33m[Nest] 4975  - [39m09/26/2026, 6:13:45 AM [33m   WARN[39m [38;5;3m[ScoutReconstructService] [39m[33mscout.reconstruct completed with failures {"intent_id":"intent-1","coach_id":"coach-1","staged":2,"reconstructed":1,"skipped":0,"failed":1}[39m
[32m[Nest] 4975  - [39m09/26/2026, 6:13:45 AM [32m    LOG[39m [38;5;3m[ScoutReconstructService] [39m[32mscout.reconstruct completed {"intent_id":"intent-1","coach_id":"coach-1","staged":2,"reconstructed":2,"skipped":0,"failed":0}[39m
[32m[Nest] 4975  - [39m09/26/2026, 6:13:45 AM [32m    LOG[39m [38;5;3m[ScoutReconstructService] [39m[32mscout.reconstruct completed {"intent_id":"intent-1","coach_id":"coach-1","staged":1,"reconstructed":1,"skipped":0,"failed":0}[39m
[32m[Nest] 4975  - [39m09/26/2026, 6:13:45 AM [32m    LOG[39m [38;5;3m[ScoutReconstructService] [39m[32mscout.reconstruct completed {"intent_id":"intent-1","coach_id":"coach-1","staged":1,"reconstructed":1,"skipped":0,"failed":0}[39m
[32m[Nest] 4975  - [39m09/26/2026, 6:13:45 AM [32m    LOG[39m [38;5;3m[ScoutReconstructService] [39m[32mscout.reconstruct completed {"intent_id":"intent-1","coach_id":"coach-A","staged":1,"reconstructed":1,"skipped":0,"failed":0}[39m
[32m[Nest] 4975  - [39m09/26/2026, 6:13:45 AM [32m    LOG[39m [38;5;3m[ScoutReconstructService] [39m[32mscout.reconstruct completed {"intent_id":"intent-1","coach_id":"coach-B","staged":1,"reconstructed":1,"skipped":0,"failed":0}[39m
[32m[Nest] 4975  - [39m09/26/2026, 6:13:45 AM [32m    LOG[39m [38;5;3m[ScoutReconstructService] [39m[32mscout.reconstruct completed {"intent_id":"intent-1","coach_id":"coach-1","staged":1,"reconstructed":0,"skipped":1,"failed":0}[39m
[32m[Nest] 4975  - [39m09/26/2026, 6:13:45 AM [32m    LOG[39m [38;5;3m[ScoutReconstructService] [39m[32mscout.reconstruct completed {"intent_id":"intent-success","coach_id":"coach-1","staged":1,"reconstructed":1,"skipped":0,"failed":0}[39m
[32m[Nest] 4975  - [39m09/26/2026, 6:13:45 AM [32m    LOG[39m [38;5;3m[ScoutReconstructService] [39m[32mscout.reconstruct completed {"intent_id":"intent-partial","coach_id":"coach-1","staged":1,"reconstructed":1,"skipped":0,"failed":0}[39m
[32m[Nest] 4975  - [39m09/26/2026, 6:13:45 AM [32m    LOG[39m [38;5;3m[ScoutReconstructService] [39m[32mscout.reconstruct completed {"intent_id":"intent-failed","coach_id":"coach-1","staged":1,"reconstructed":1,"skipped":0,"failed":0}[39m
[32m[Nest] 4975  - [39m09/26/2026, 6:13:45 AM [32m    LOG[39m [38;5;3m[ScoutReconstructService] [39m[32mscout.reconstruct completed {"intent_id":"intent-1","coach_id":"coach-1","staged":1,"reconstructed":1,"skipped":0,"failed":0}[39m
[32m[Nest] 4975  - [39m09/26/2026, 6:13:45 AM [32m    LOG[39m [38;5;3m[ScoutReconstructService] [39m[32mscout.reconstruct completed {"intent_id":"intent-A","coach_id":"coach-1","staged":2,"reconstructed":2,"skipped":0,"failed":0}[39m
[32m[Nest] 4975  - [39m09/26/2026, 6:13:45 AM [32m    LOG[39m [38;5;3m[ScoutReconstructService] [39m[32mscout.reconstruct completed {"intent_id":"intent-A","coach_id":"coach-1","staged":2,"reconstructed":2,"skipped":0,"failed":0}[39m
[33m[Nest] 4975  - [39m09/26/2026, 6:13:45 AM [33m   WARN[39m [38;5;3m[ScoutReconstructService] [39m[33mscout.reconstruct completed with failures {"intent_id":"intent-1","coach_id":"coach-1","staged":3,"reconstructed":1,"skipped":1,"failed":1}[39m
[33m[Nest] 4975  - [39m09/26/2026, 6:13:45 AM [33m   WARN[39m [38;5;3m[ScoutReconstructService] [39m[33mscout.reconstruct rejected oversized intent {"intent_id":"intent-huge","coach_id":"coach-1","staged":10001,"max":10000}[39m
[32m[Nest] 4975  - [39m09/26/2026, 6:13:45 AM [32m    LOG[39m [38;5;3m[ScoutReconstructService] [39m[32mscout.reconstruct completed {"intent_id":"intent-1","coach_id":"coach-1","staged":10000,"reconstructed":1,"skipped":0,"failed":0}[39m
[32m[Nest] 4975  - [39m09/26/2026, 6:13:45 AM [32m    LOG[39m [38;5;3m[ScoutReconstructService] [39m[32mscout.reconstruct completed {"intent_id":"intent-big","coach_id":"coach-1","staged":1001,"reconstructed":1001,"skipped":0,"failed":0}[39m
[32m[Nest] 4975  - [39m09/26/2026, 6:13:45 AM [32m    LOG[39m [38;5;3m[ScoutReconstructService] [39m[32mscout.reconstruct completed {"intent_id":"intent-1","coach_id":"coach-1","staged":1,"reconstructed":1,"skipped":0,"failed":0}[39m
[33m[Nest] 4975  - [39m09/26/2026, 6:13:45 AM [33m   WARN[39m [38;5;3m[ScoutReconstructService] [39m[33mscout.reconstruct completed with failures {"intent_id":"intent-1","coach_id":"coach-1","staged":1,"reconstructed":0,"skipped":0,"failed":1}[39m
[32m[Nest] 4975  - [39m09/26/2026, 6:13:45 AM [32m    LOG[39m [38;5;3m[ScoutReconstructService] [39m[32mscout.reconstruct completed {"intent_id":"intent-1","coach_id":"coach-1","staged":2,"reconstructed":2,"skipped":0,"failed":0}[39m
[32m[Nest] 4975  - [39m09/26/2026, 6:13:45 AM [32m    LOG[39m [38;5;3m[ScoutReconstructService] [39m[32mscout.reconstruct completed {"intent_id":"intent-1","coach_id":"coach-1","staged":2,"reconstructed":2,"skipped":0,"failed":0}[39m
[32m[Nest] 4975  - [39m09/26/2026, 6:13:45 AM [32m    LOG[39m [38;5;3m[ScoutReconstructService] [39m[32mscout.reconstruct completed {"intent_id":"intent-1","coach_id":"coach-7","staged":1,"reconstructed":1,"skipped":0,"failed":0}[39m
PASS test/scout/reconciliation/facts.service.coverage.spec.ts
PASS test/scout/induction/verify.spec.ts
PASS test/scout/reconstruct/conformance-alpha.e2e.spec.ts
[32m[Nest] 4975  - [39m09/26/2026, 6:13:48 AM [32m    LOG[39m [38;5;3m[ScoutReconstructService] [39m[32mscout.reconstruct completed {"intent_id":"intent-conformance-1","coach_id":"coach-conformance","staged":6,"reconstructed":6,"skipped":0,"failed":0}[39m
[32m[Nest] 4975  - [39m09/26/2026, 6:13:48 AM [32m    LOG[39m [38;5;3m[ScoutReconstructService] [39m[32mscout.reconstruct completed {"intent_id":"intent-conformance-1","coach_id":"coach-conformance","staged":6,"reconstructed":6,"skipped":0,"failed":0}[39m
[32m[Nest] 4975  - [39m09/26/2026, 6:13:48 AM [32m    LOG[39m [38;5;3m[ScoutReconstructService] [39m[32mscout.reconstruct completed {"intent_id":"intent-conformance-1","coach_id":"coach-conformance","staged":6,"reconstructed":6,"skipped":0,"failed":0}[39m
[32m[Nest] 4975  - [39m09/26/2026, 6:13:48 AM [32m    LOG[39m [38;5;3m[ScoutReconstructService] [39m[32mscout.reconstruct completed {"intent_id":"intent-conformance-1","coach_id":"coach-conformance","staged":6,"reconstructed":6,"skipped":0,"failed":0}[39m
[32m[Nest] 4975  - [39m09/26/2026, 6:13:48 AM [32m    LOG[39m [38;5;3m[ScoutReconstructService] [39m[32mscout.reconstruct completed {"intent_id":"intent-conformance-1","coach_id":"coach-conformance","staged":6,"reconstructed":6,"skipped":0,"failed":0}[39m
[32m[Nest] 4975  - [39m09/26/2026, 6:13:48 AM [32m    LOG[39m [38;5;3m[ScoutReconstructService] [39m[32mscout.reconstruct completed {"intent_id":"intent-conformance-1","coach_id":"coach-conformance","staged":3,"reconstructed":3,"skipped":0,"failed":0}[39m
[32m[Nest] 4975  - [39m09/26/2026, 6:13:48 AM [32m    LOG[39m [38;5;3m[ScoutReconstructService] [39m[32mscout.reconstruct completed {"intent_id":"intent-conformance-1","coach_id":"coach-conformance","staged":3,"reconstructed":3,"skipped":0,"failed":0}[39m
[32m[Nest] 4975  - [39m09/26/2026, 6:13:48 AM [32m    LOG[39m [38;5;3m[ScoutReconstructService] [39m[32mscout.reconstruct completed {"intent_id":"intent-conformance-1","coach_id":"coach-a","staged":6,"reconstructed":6,"skipped":0,"failed":0}[39m
[32m[Nest] 4975  - [39m09/26/2026, 6:13:48 AM [32m    LOG[39m [38;5;3m[ScoutReconstructService] [39m[32mscout.reconstruct completed {"intent_id":"intent-conformance-1","coach_id":"coach-b","staged":6,"reconstructed":6,"skipped":0,"failed":0}[39m
[33m[Nest] 4975  - [39m09/26/2026, 6:13:48 AM [33m   WARN[39m [38;5;3m[ScoutReconstructService] [39m[33mscout.reconstruct completed with failures {"intent_id":"intent-adversarial","coach_id":"coach-conformance","staged":2,"reconstructed":0,"skipped":1,"failed":1}[39m
PASS test/scout/reconstruct/mapping-spec.equivalence.spec.ts
PASS test/scout/reconstruct/native/native-writers.spec.ts
PASS test/scout/induction/observation.service.spec.ts
PASS test/scout/reconstruct/mapping-spec.spec.ts
PASS test/scout/reconstruct/scout-reconstruct.families.spec.ts
[32m[Nest] 4975  - [39m09/26/2026, 6:13:51 AM [32m    LOG[39m [38;5;3m[ScoutReconstructService] [39m[32mscout.reconstruct completed {"intent_id":"intent-1","coach_id":"coach-1","staged":3,"reconstructed":3,"skipped":0,"failed":0}[39m
[32m[Nest] 4975  - [39m09/26/2026, 6:13:51 AM [32m    LOG[39m [38;5;3m[ScoutReconstructService] [39m[32mscout.reconstruct completed {"intent_id":"intent-1","coach_id":"coach-1","staged":2,"reconstructed":2,"skipped":0,"failed":0}[39m
[32m[Nest] 4975  - [39m09/26/2026, 6:13:51 AM [32m    LOG[39m [38;5;3m[ScoutReconstructService] [39m[32mscout.reconstruct completed {"intent_id":"intent-1","coach_id":"coach-1","staged":2,"reconstructed":2,"skipped":0,"failed":0}[39m
[32m[Nest] 4975  - [39m09/26/2026, 6:13:51 AM [32m    LOG[39m [38;5;3m[ScoutReconstructService] [39m[32mscout.reconstruct completed {"intent_id":"intent-1","coach_id":"coach-1","staged":1,"reconstructed":1,"skipped":0,"failed":0}[39m
[32m[Nest] 4975  - [39m09/26/2026, 6:13:51 AM [32m    LOG[39m [38;5;3m[ScoutReconstructService] [39m[32mscout.reconstruct completed {"intent_id":"intent-1","coach_id":"coach-1","staged":2,"reconstructed":1,"skipped":1,"failed":0}[39m
[33m[Nest] 4975  - [39m09/26/2026, 6:13:51 AM [33m   WARN[39m [38;5;3m[ScoutReconstructService] [39m[33mscout.reconstruct completed with failures {"intent_id":"intent-1","coach_id":"coach-1","staged":3,"reconstructed":2,"skipped":0,"failed":1}[39m
[32m[Nest] 4975  - [39m09/26/2026, 6:13:51 AM [32m    LOG[39m [38;5;3m[ScoutReconstructService] [39m[32mscout.reconstruct completed {"intent_id":"intent-1","coach_id":"coach-1","staged":1,"reconstructed":1,"skipped":0,"failed":0}[39m
[32m[Nest] 4975  - [39m09/26/2026, 6:13:51 AM [32m    LOG[39m [38;5;3m[ScoutReconstructService] [39m[32mscout.reconstruct completed {"intent_id":"intent-1","coach_id":"coach-1","staged":1,"reconstructed":1,"skipped":0,"failed":0}[39m
[32m[Nest] 4975  - [39m09/26/2026, 6:13:51 AM [32m    LOG[39m [38;5;3m[ScoutReconstructService] [39m[32mscout.reconstruct completed {"intent_id":"intent-1","coach_id":"coach-7","staged":1,"reconstructed":1,"skipped":0,"failed":0}[39m
[32m[Nest] 4975  - [39m09/26/2026, 6:13:51 AM [32m    LOG[39m [38;5;3m[ScoutReconstructService] [39m[32mscout.reconstruct completed {"intent_id":"intent-1","coach_id":"coach-1","staged":3,"reconstructed":3,"skipped":0,"failed":0}[39m
[32m[Nest] 4975  - [39m09/26/2026, 6:13:51 AM [32m    LOG[39m [38;5;3m[ScoutReconstructService] [39m[32mscout.reconstruct completed {"intent_id":"intent-1","coach_id":"coach-1","staged":2,"reconstructed":2,"skipped":0,"failed":0}[39m
[32m[Nest] 4975  - [39m09/26/2026, 6:13:51 AM [32m    LOG[39m [38;5;3m[ScoutReconstructService] [39m[32mscout.reconstruct completed {"intent_id":"intent-1","coach_id":"coach-1","staged":2,"reconstructed":2,"skipped":0,"failed":0}[39m
[32m[Nest] 4975  - [39m09/26/2026, 6:13:51 AM [32m    LOG[39m [38;5;3m[ScoutReconstructService] [39m[32mscout.reconstruct completed {"intent_id":"intent-1","coach_id":"coach-1","staged":1,"reconstructed":1,"skipped":0,"failed":0}[39m
[32m[Nest] 4975  - [39m09/26/2026, 6:13:51 AM [32m    LOG[39m [38;5;3m[ScoutReconstructService] [39m[32mscout.reconstruct completed {"intent_id":"intent-1","coach_id":"coach-1","staged":2,"reconstructed":1,"skipped":1,"failed":0}[39m
[33m[Nest] 4975  - [39m09/26/2026, 6:13:51 AM [33m   WARN[39m [38;5;3m[ScoutReconstructService] [39m[33mscout.reconstruct completed with failures {"intent_id":"intent-1","coach_id":"coach-1","staged":3,"reconstructed":2,"skipped":0,"failed":1}[39m
[32m[Nest] 4975  - [39m09/26/2026, 6:13:51 AM [32m    LOG[39m [38;5;3m[ScoutReconstructService] [39m[32mscout.reconstruct completed {"intent_id":"intent-1","coach_id":"coach-1","staged":1,"reconstructed":1,"skipped":0,"failed":0}[39m
[32m[Nest] 4975  - [39m09/26/2026, 6:13:51 AM [32m    LOG[39m [38;5;3m[ScoutReconstructService] [39m[32mscout.reconstruct completed {"intent_id":"intent-1","coach_id":"coach-1","staged":1,"reconstructed":1,"skipped":0,"failed":0}[39m
[32m[Nest] 4975  - [39m09/26/2026, 6:13:51 AM [32m    LOG[39m [38;5;3m[ScoutReconstructService] [39m[32mscout.reconstruct completed {"intent_id":"intent-1","coach_id":"coach-7","staged":1,"reconstructed":1,"skipped":0,"failed":0}[39m
[32m[Nest] 4975  - [39m09/26/2026, 6:13:51 AM [32m    LOG[39m [38;5;3m[ScoutReconstructService] [39m[32mscout.reconstruct completed {"intent_id":"intent-1","coach_id":"coach-1","staged":2,"reconstructed":2,"skipped":0,"failed":0}[39m
[32m[Nest] 4975  - [39m09/26/2026, 6:13:51 AM [32m    LOG[39m [38;5;3m[ScoutReconstructService] [39m[32mscout.reconstruct completed {"intent_id":"intent-1","coach_id":"coach-1","staged":2,"reconstructed":2,"skipped":0,"failed":0}[39m
[32m[Nest] 4975  - [39m09/26/2026, 6:13:51 AM [32m    LOG[39m [38;5;3m[ScoutReconstructService] [39m[32mscout.reconstruct completed {"intent_id":"intent-1","coach_id":"coach-1","staged":1,"reconstructed":1,"skipped":0,"failed":0}[39m
PASS test/scout/reconstruct/native/native-families.spec.ts
PASS test/scout/induction/manifest-registry.spec.ts
PASS test/scout/reconstruct/mapping-spec.third-source.spec.ts
[32m[Nest] 4975  - [39m09/26/2026, 6:13:53 AM [32m    LOG[39m [38;5;3m[ScoutReconstructService] [39m[32mscout.reconstruct completed {"intent_id":"intent-1","coach_id":"coach-1","staged":3,"reconstructed":2,"skipped":1,"failed":0}[39m
[32m[Nest] 4975  - [39m09/26/2026, 6:13:53 AM [32m    LOG[39m [38;5;3m[ScoutReconstructService] [39m[32mscout.reconstruct completed {"intent_id":"intent-1","coach_id":"coach-1","staged":1,"reconstructed":1,"skipped":0,"failed":0}[39m
[32m[Nest] 4975  - [39m09/26/2026, 6:13:53 AM [32m    LOG[39m [38;5;3m[ScoutReconstructService] [39m[32mscout.reconstruct completed {"intent_id":"intent-1","coach_id":"coach-1","staged":3,"reconstructed":2,"skipped":1,"failed":0}[39m
PASS test/scout/reconstruct/native/native-rules.spec.ts
PASS test/scout/induction/parse.spec.ts
PASS test/scout/induction/observation.controller.spec.ts
PASS test/scout/reconstruct/conformance-alpha.mapper.spec.ts
PASS test/scout/reconstruct/native/engine-handoff.spec.ts
[32m[Nest] 4975  - [39m09/26/2026, 6:13:55 AM [32m    LOG[39m [38;5;3m[ScoutReconstructService] [39m[32mscout.reconstruct completed {"intent_id":"intent-1","coach_id":"coach-a","staged":1,"reconstructed":1,"skipped":0,"failed":0}[39m
[32m[Nest] 4975  - [39m09/26/2026, 6:13:55 AM [32m    LOG[39m [38;5;3m[ScoutReconstructService] [39m[32mscout.reconstruct completed {"intent_id":"intent-1","coach_id":"coach-a","staged":1,"reconstructed":0,"skipped":1,"failed":0}[39m
[32m[Nest] 4975  - [39m09/26/2026, 6:13:55 AM [32m    LOG[39m [38;5;3m[ScoutReconstructService] [39m[32mscout.reconstruct completed {"intent_id":"intent-1","coach_id":"coach-a","staged":1,"reconstructed":1,"skipped":0,"failed":0}[39m
[32m[Nest] 4975  - [39m09/26/2026, 6:13:55 AM [32m    LOG[39m [38;5;3m[ScoutReconstructService] [39m[32mscout.reconstruct completed {"intent_id":"intent-1","coach_id":"coach-a","staged":1,"reconstructed":1,"skipped":0,"failed":0}[39m
[32m[Nest] 4975  - [39m09/26/2026, 6:13:55 AM [32m    LOG[39m [38;5;3m[ScoutReconstructService] [39m[32mscout.reconstruct completed {"intent_id":"intent-1","coach_id":"coach-a","staged":1,"reconstructed":1,"skipped":0,"failed":0}[39m
[32m[Nest] 4975  - [39m09/26/2026, 6:13:55 AM [32m    LOG[39m [38;5;3m[ScoutReconstructService] [39m[32mscout.reconstruct completed {"intent_id":"intent-1","coach_id":"coach-a","staged":1,"reconstructed":0,"skipped":1,"failed":0}[39m
[32m[Nest] 4975  - [39m09/26/2026, 6:13:55 AM [32m    LOG[39m [38;5;3m[ScoutReconstructService] [39m[32mscout.reconstruct completed {"intent_id":"intent-1","coach_id":"coach-a","staged":1,"reconstructed":1,"skipped":0,"failed":0}[39m
[32m[Nest] 4975  - [39m09/26/2026, 6:13:55 AM [32m    LOG[39m [38;5;3m[ScoutReconstructService] [39m[32mscout.reconstruct completed {"intent_id":"intent-1","coach_id":"coach-a","staged":2,"reconstructed":2,"skipped":0,"failed":0}[39m
[33m[Nest] 4975  - [39m09/26/2026, 6:13:55 AM [33m   WARN[39m [38;5;3m[ScoutReconstructService] [39m[33mscout.reconstruct completed with failures {"intent_id":"intent-1","coach_id":"coach-a","staged":1,"reconstructed":0,"skipped":0,"failed":1}[39m
PASS test/scout/reconstruct/truecoach-entity.mapper.spec.ts
PASS test/scout/reconstruct/scout-reconstruct.migration.spec.ts
PASS test/scout/reconstruct/source-mapper-registry.spec.ts
PASS test/scout/reconstruct/scout-reconstruct.controller.spec.ts
PASS test/scout/reconstruct/scout-reconstructed-entity.migration.spec.ts
PASS test/scout/reconstruct/truecoach-clients.mapper.spec.ts
PASS test/scout/induction/digest.spec.ts
PASS test/scout/induction/s10c-wiring.spec.ts
PASS test/scout/reconstruct/scout-reconstruct.flag.spec.ts
PASS test/scout/induction/contract.spec.ts

Test Suites: 27 passed, 27 total
Tests:       498 passed, 498 total
Snapshots:   0 total
Time:        25.689 s
Ran all test suites matching test/scout/reconstruct/native/native-families.spec.ts|test/scout/induction/manifest-registry.spec.ts|test/scout/reconstruct/mapping-spec.spec.ts|test/scout/reconciliation/facts.service.coverage.spec.ts|test/scout/induction|test/scout/reconstruct.
