  console.warn
    PG17_PROCESS {"name":"g2g_1","options":{"action":"pair-init","coach":"s11d-coach-clean","body":{},"host":"P1","role":"phone"},"result":{"pairing_code":"669615","expires_at":"2026-09-29T15:44:56.839Z","import_intent_id":"6049a430-c799-4c18-8ea6-8c711ca92668"},"queries":11,"pid":4196}

    [0m [90m 181 |[39m       }
     [90m 182 |[39m       [90m// Query shapes, outcomes, fixture identifiers and process IDs only; never parameters.[39m
    [31m[1m>[22m[39m[90m 183 |[39m       console[33m.[39mwarn(
     [90m     |[39m               [31m[1m^[22m[39m
     [90m 184 |[39m         [32m'PG17_PROCESS'[39m[33m,[39m
     [90m 185 |[39m         [33mJSON[39m[33m.[39mstringify({
     [90m 186 |[39m           name[33m,[39m[0m

      at settleWorker (test/utils/g2-s11-pg-harness.ts:183:15)
      at ChildProcess.<anonymous> (test/utils/g2-s11-pg-harness.ts:202:7)

  console.warn
    PG17_PROCESS {"name":"g2g_2","options":{"action":"pair-redeem","coach":"unauthenticated","body":{"code":"669615"},"host":"P2","role":"ext"},"result":{"access_token":"synthetic-access-1","refresh_token":"synthetic-refresh-1","chosen_platform":"s11-label","import_intent_id":"6049a430-c799-4c18-8ea6-8c711ca92668"},"queries":10,"pid":4215}

    [0m [90m 181 |[39m       }
     [90m 182 |[39m       [90m// Query shapes, outcomes, fixture identifiers and process IDs only; never parameters.[39m
    [31m[1m>[22m[39m[90m 183 |[39m       console[33m.[39mwarn(
     [90m     |[39m               [31m[1m^[22m[39m
     [90m 184 |[39m         [32m'PG17_PROCESS'[39m[33m,[39m
     [90m 185 |[39m         [33mJSON[39m[33m.[39mstringify({
     [90m 186 |[39m           name[33m,[39m[0m

      at settleWorker (test/utils/g2-s11-pg-harness.ts:183:15)
      at ChildProcess.<anonymous> (test/utils/g2-s11-pg-harness.ts:202:7)

  console.warn
    PG17_PROCESS {"name":"g2g_3","options":{"action":"pair-current","coach":"s11d-coach-clean","body":{},"host":"P1","role":"phone"},"result":{"status":"paired","import_intent_id":"6049a430-c799-4c18-8ea6-8c711ca92668","chosen_platform":"s11-label","readiness":{"run":"none","source_declared":false,"declared_platforms":null}},"queries":3,"pid":4234}

    [0m [90m 181 |[39m       }
     [90m 182 |[39m       [90m// Query shapes, outcomes, fixture identifiers and process IDs only; never parameters.[39m
    [31m[1m>[22m[39m[90m 183 |[39m       console[33m.[39mwarn(
     [90m     |[39m               [31m[1m^[22m[39m
     [90m 184 |[39m         [32m'PG17_PROCESS'[39m[33m,[39m
     [90m 185 |[39m         [33mJSON[39m[33m.[39mstringify({
     [90m 186 |[39m           name[33m,[39m[0m

      at settleWorker (test/utils/g2-s11-pg-harness.ts:183:15)
      at ChildProcess.<anonymous> (test/utils/g2-s11-pg-harness.ts:202:7)

  console.warn
    PG17_PROCESS {"name":"g2g_4","options":{"action":"start","coach":"s11d-coach-clean","intent":"6049a430-c799-4c18-8ea6-8c711ca92668","host":"P2","role":"phone"},"result":{"intent_id":"6049a430-c799-4c18-8ea6-8c711ca92668","mode":"server","phase":"discovering","execution_epoch":1,"accepted_start_at":"2026-09-29T15:43:03.215Z","deadline_at":"2026-09-29T15:48:03.215Z"},"queries":3,"pid":4253}

    [0m [90m 181 |[39m       }
     [90m 182 |[39m       [90m// Query shapes, outcomes, fixture identifiers and process IDs only; never parameters.[39m
    [31m[1m>[22m[39m[90m 183 |[39m       console[33m.[39mwarn(
     [90m     |[39m               [31m[1m^[22m[39m
     [90m 184 |[39m         [32m'PG17_PROCESS'[39m[33m,[39m
     [90m 185 |[39m         [33mJSON[39m[33m.[39mstringify({
     [90m 186 |[39m           name[33m,[39m[0m

      at settleWorker (test/utils/g2-s11-pg-harness.ts:183:15)
      at ChildProcess.<anonymous> (test/utils/g2-s11-pg-harness.ts:202:7)

  console.warn
    PG17_PROCESS {"name":"g2g_5","options":{"action":"start","coach":"s11d-coach-clean","intent":"6049a430-c799-4c18-8ea6-8c711ca92668","host":"P1","role":"phone"},"result":{"intent_id":"6049a430-c799-4c18-8ea6-8c711ca92668","mode":"server","phase":"discovering","execution_epoch":1,"accepted_start_at":"2026-09-29T15:43:03.215Z","deadline_at":"2026-09-29T15:48:03.215Z"},"queries":2,"pid":4276}

    [0m [90m 181 |[39m       }
     [90m 182 |[39m       [90m// Query shapes, outcomes, fixture identifiers and process IDs only; never parameters.[39m
    [31m[1m>[22m[39m[90m 183 |[39m       console[33m.[39mwarn(
     [90m     |[39m               [31m[1m^[22m[39m
     [90m 184 |[39m         [32m'PG17_PROCESS'[39m[33m,[39m
     [90m 185 |[39m         [33mJSON[39m[33m.[39mstringify({
     [90m 186 |[39m           name[33m,[39m[0m

      at settleWorker (test/utils/g2-s11-pg-harness.ts:183:15)
      at ChildProcess.<anonymous> (test/utils/g2-s11-pg-harness.ts:202:7)

  console.warn
    PG17_PROCESS {"name":"g2g_6","options":{"action":"pair-session","coach":"s11d-coach-clean","intent":"6049a430-c799-4c18-8ea6-8c711ca92668","host":"P2","role":"phone"},"result":{"status":"paired","import_intent_id":"6049a430-c799-4c18-8ea6-8c711ca92668","chosen_platform":"s11-label","readiness":{"run":"open","source_declared":false,"declared_platforms":0}},"queries":4,"pid":4297}

    [0m [90m 181 |[39m       }
     [90m 182 |[39m       [90m// Query shapes, outcomes, fixture identifiers and process IDs only; never parameters.[39m
    [31m[1m>[22m[39m[90m 183 |[39m       console[33m.[39mwarn(
     [90m     |[39m               [31m[1m^[22m[39m
     [90m 184 |[39m         [32m'PG17_PROCESS'[39m[33m,[39m
     [90m 185 |[39m         [33mJSON[39m[33m.[39mstringify({
     [90m 186 |[39m           name[33m,[39m[0m

      at settleWorker (test/utils/g2-s11-pg-harness.ts:183:15)
      at ChildProcess.<anonymous> (test/utils/g2-s11-pg-harness.ts:202:7)

  console.warn
    PG17_PROCESS {"name":"g2g_7","options":{"action":"declare","coach":"s11d-coach-clean","intent":"6049a430-c799-4c18-8ea6-8c711ca92668","body":{"platforms":[{"source_platform":"s10_unseen","account_scope_id_digests":["265867792567e5ff6f7402a88f9c707517887390598b1adbee71a69fed4fba13"]},{"source_platform":"s11_second","account_scope_id_digests":["b41d70b4bc8498395519478765f5152138a16931722424835c9f7d72eb2658f9"]}]},"host":"P1","role":"ext"},"result":{"intent_id":"6049a430-c799-4c18-8ea6-8c711ca92668","challenge_b64":"YpbrBOhX4Wv+aV0o/953nLG4J78hJnNbW0/T49w5kag=","declared_at":"2026-09-29T15:43:09.595Z"},"queries":10,"pid":4316}

    [0m [90m 181 |[39m       }
     [90m 182 |[39m       [90m// Query shapes, outcomes, fixture identifiers and process IDs only; never parameters.[39m
    [31m[1m>[22m[39m[90m 183 |[39m       console[33m.[39mwarn(
     [90m     |[39m               [31m[1m^[22m[39m
     [90m 184 |[39m         [32m'PG17_PROCESS'[39m[33m,[39m
     [90m 185 |[39m         [33mJSON[39m[33m.[39mstringify({
     [90m 186 |[39m           name[33m,[39m[0m

      at settleWorker (test/utils/g2-s11-pg-harness.ts:183:15)
      at ChildProcess.<anonymous> (test/utils/g2-s11-pg-harness.ts:202:7)

  console.warn
    PG17_PROCESS {"name":"g2g_8","options":{"action":"pair-session","coach":"s11d-coach-clean","intent":"6049a430-c799-4c18-8ea6-8c711ca92668","host":"P2","role":"phone"},"result":{"status":"paired","import_intent_id":"6049a430-c799-4c18-8ea6-8c711ca92668","chosen_platform":"s11-label","readiness":{"run":"open","source_declared":true,"declared_platforms":2}},"queries":4,"pid":4335}

    [0m [90m 181 |[39m       }
     [90m 182 |[39m       [90m// Query shapes, outcomes, fixture identifiers and process IDs only; never parameters.[39m
    [31m[1m>[22m[39m[90m 183 |[39m       console[33m.[39mwarn(
     [90m     |[39m               [31m[1m^[22m[39m
     [90m 184 |[39m         [32m'PG17_PROCESS'[39m[33m,[39m
     [90m 185 |[39m         [33mJSON[39m[33m.[39mstringify({
     [90m 186 |[39m           name[33m,[39m[0m

      at settleWorker (test/utils/g2-s11-pg-harness.ts:183:15)
      at ChildProcess.<anonymous> (test/utils/g2-s11-pg-harness.ts:202:7)

  console.warn
    PG17_PROCESS {"name":"g2g_9","options":{"action":"ingest","coach":"s11d-coach-clean","intent":"6049a430-c799-4c18-8ea6-8c711ca92668","body":{"entity_type":"u10-routines","sourcePlatform":"s10_unseen","entities":[{"sourceId":"u10-w-1","payload":{"u10_heading":"Synthetic Routine","u10_modality":"lift"}}]},"host":"P2","role":"ext"},"result":{"received":1,"deduped":0},"queries":8,"pid":4354}

    [0m [90m 181 |[39m       }
     [90m 182 |[39m       [90m// Query shapes, outcomes, fixture identifiers and process IDs only; never parameters.[39m
    [31m[1m>[22m[39m[90m 183 |[39m       console[33m.[39mwarn(
     [90m     |[39m               [31m[1m^[22m[39m
     [90m 184 |[39m         [32m'PG17_PROCESS'[39m[33m,[39m
     [90m 185 |[39m         [33mJSON[39m[33m.[39mstringify({
     [90m 186 |[39m           name[33m,[39m[0m

      at settleWorker (test/utils/g2-s11-pg-harness.ts:183:15)
      at ChildProcess.<anonymous> (test/utils/g2-s11-pg-harness.ts:202:7)

  console.warn
    PG17_PROCESS {"name":"g2g_10","options":{"action":"ingest","coach":"s11d-coach-clean","intent":"6049a430-c799-4c18-8ea6-8c711ca92668","body":{"entity_type":"u10-sessions","sourcePlatform":"s10_unseen","entities":[{"sourceId":"u10-w-2","payload":{"u10_heading":"Synthetic Session","u10_modality":"run"}}]},"host":"P2","role":"ext"},"result":{"received":1,"deduped":0},"queries":8,"pid":4374}

    [0m [90m 181 |[39m       }
     [90m 182 |[39m       [90m// Query shapes, outcomes, fixture identifiers and process IDs only; never parameters.[39m
    [31m[1m>[22m[39m[90m 183 |[39m       console[33m.[39mwarn(
     [90m     |[39m               [31m[1m^[22m[39m
     [90m 184 |[39m         [32m'PG17_PROCESS'[39m[33m,[39m
     [90m 185 |[39m         [33mJSON[39m[33m.[39mstringify({
     [90m 186 |[39m           name[33m,[39m[0m

      at settleWorker (test/utils/g2-s11-pg-harness.ts:183:15)
      at ChildProcess.<anonymous> (test/utils/g2-s11-pg-harness.ts:202:7)

  console.warn
    PG17_PROCESS {"name":"g2g_11","options":{"action":"ingest","coach":"s11d-coach-clean","intent":"6049a430-c799-4c18-8ea6-8c711ca92668","body":{"entity_type":"t11-blocks","sourcePlatform":"s11_second","entities":[{"sourceId":"t11-b-1","payload":{"t11_title":"Synthetic Block Two","t11_weeks":6,"t11_days":4}}]},"host":"P1","role":"ext"},"result":{"received":1,"deduped":0},"queries":8,"pid":4395}

    [0m [90m 181 |[39m       }
     [90m 182 |[39m       [90m// Query shapes, outcomes, fixture identifiers and process IDs only; never parameters.[39m
    [31m[1m>[22m[39m[90m 183 |[39m       console[33m.[39mwarn(
     [90m     |[39m               [31m[1m^[22m[39m
     [90m 184 |[39m         [32m'PG17_PROCESS'[39m[33m,[39m
     [90m 185 |[39m         [33mJSON[39m[33m.[39mstringify({
     [90m 186 |[39m           name[33m,[39m[0m

      at settleWorker (test/utils/g2-s11-pg-harness.ts:183:15)
      at ChildProcess.<anonymous> (test/utils/g2-s11-pg-harness.ts:202:7)

  console.warn
    PG17_PROCESS {"name":"g2g_12","options":{"action":"ingest","coach":"s11d-coach-clean","intent":"6049a430-c799-4c18-8ea6-8c711ca92668","body":{"entity_type":"t11-routines","sourcePlatform":"s11_second","entities":[{"sourceId":"t11-r-1","payload":{"t11_title":"Synthetic Routine Two","t11_kind":"run"}}]},"host":"P1","role":"ext"},"result":{"received":1,"deduped":0},"queries":8,"pid":4417}

    [0m [90m 181 |[39m       }
     [90m 182 |[39m       [90m// Query shapes, outcomes, fixture identifiers and process IDs only; never parameters.[39m
    [31m[1m>[22m[39m[90m 183 |[39m       console[33m.[39mwarn(
     [90m     |[39m               [31m[1m^[22m[39m
     [90m 184 |[39m         [32m'PG17_PROCESS'[39m[33m,[39m
     [90m 185 |[39m         [33mJSON[39m[33m.[39mstringify({
     [90m 186 |[39m           name[33m,[39m[0m

      at settleWorker (test/utils/g2-s11-pg-harness.ts:183:15)
      at ChildProcess.<anonymous> (test/utils/g2-s11-pg-harness.ts:202:7)

  console.warn
    PG17_PROCESS {"name":"g2g_13","options":{"action":"observe","coach":"s11d-coach-clean","intent":"6049a430-c799-4c18-8ea6-8c711ca92668","body":{"observations":[{"evidence_version":1,"source_platform":"s10_unseen","account_scope_id_digest":"265867792567e5ff6f7402a88f9c707517887390598b1adbee71a69fed4fba13","family":"clients","basis_kind":"source_signed_enumeration","mapping_spec_digest":"fecf009ed9463bf97766ab08a322f42f6fbe0124a90551a604f5b26def4ae3dc","statement_b64":"eyJhY2NvdW50X3Njb3BlX2lkX2RpZ2VzdCI6IjI2NTg2Nzc5MjU2N2U1ZmY2Zjc0MDJhODhmOWM3MDc1MTc4ODczOTA1OThiMWFkYmVlNzFhNjlmZWQ0ZmJhMTMiLCJjaGFsbGVuZ2VfYjY0IjoiWXBickJPaFg0V3YrYVYwby85NTNuTEc0Sjc4aEpuTmJXMC9UNDl3NWthZz0iLCJkYXRlX3dpbmRvdyI6bnVsbCwiZmFtaWx5IjoiY2xpZW50cyIsImlkX3NldF9kaWdlc3QiOiJlM2IwYzQ0Mjk4ZmMxYzE0OWFmYmY0Yzg5OTZmYjkyNDI3YWU0MWU0NjQ5YjkzNGNhNDk1OTkxYjc4NTJiODU1IiwiaXNzdWVkX2F0IjoiMjAyNi0wOS0yOVQxNTo0MzoyMS4zODZaIiwib2JzZXJ2ZWRfdW5pcXVlIjowLCJzbmFwc2hvdF9yZWZfZGlnZXN0IjoiYzZiZTdjYTQ2OGI0M2ZiMzc5ODMyMzBhZjc4Y2JmMjcxMzBjNTU1ODQwNDk1OWJhZjFjNjczZWU5YjUzMzQ0YiIsInNvdXJjZV9wbGF0Zm9ybSI6InMxMF91bnNlZW4iLCJzdGF0ZW1lbnRfdmVyc2lvbiI6MSwidGVybWluYWwiOiJlbmRfb2ZfbGlzdCJ9","key_id":"s10_unseen.source.d2","signature_b64":"Q7lEyCciE+f75n1FHgcyR6+GLHvenbnIXUWxy5/9vbSjcGQCT61pbaYULKs+VIe7q+ArNiDBw7/DItWYK8ibDw=="},{"evidence_version":1,"source_platform":"s10_unseen","account_scope_id_digest":"265867792567e5ff6f7402a88f9c707517887390598b1adbee71a69fed4fba13","family":"programs","basis_kind":"source_signed_enumeration","mapping_spec_digest":"fecf009ed9463bf97766ab08a322f42f6fbe0124a90551a604f5b26def4ae3dc","statement_b64":"eyJhY2NvdW50X3Njb3BlX2lkX2RpZ2VzdCI6IjI2NTg2Nzc5MjU2N2U1ZmY2Zjc0MDJhODhmOWM3MDc1MTc4ODczOTA1OThiMWFkYmVlNzFhNjlmZWQ0ZmJhMTMiLCJjaGFsbGVuZ2VfYjY0IjoiWXBickJPaFg0V3YrYVYwby85NTNuTEc0Sjc4aEpuTmJXMC9UNDl3NWthZz0iLCJkYXRlX3dpbmRvdyI6bnVsbCwiZmFtaWx5IjoicHJvZ3JhbXMiLCJpZF9zZXRfZGlnZXN0IjoiZTNiMGM0NDI5OGZjMWMxNDlhZmJmNGM4OTk2ZmI5MjQyN2FlNDFlNDY0OWI5MzRjYTQ5NTk5MWI3ODUyYjg1NSIsImlzc3VlZF9hdCI6IjIwMjYtMDktMjlUMTU6NDM6MjEuMzg2WiIsIm9ic2VydmVkX3VuaXF1ZSI6MCwic25hcHNob3RfcmVmX2RpZ2VzdCI6ImM2YmU3Y2E0NjhiNDNmYjM3OTgzMjMwYWY3OGNiZjI3MTMwYzU1NTg0MDQ5NTliYWYxYzY3M2VlOWI1MzM0NGIiLCJzb3VyY2VfcGxhdGZvcm0iOiJzMTBfdW5zZWVuIiwic3RhdGVtZW50X3ZlcnNpb24iOjEsInRlcm1pbmFsIjoiZW5kX29mX2xpc3QifQ==","key_id":"s10_unseen.source.d2","signature_b64":"nVoOXQTTAkAuvIImUAYIymA016p3HntT4dMheC6oA9UpWsUM5NtEQdazL9xWwiMa4HuZwQk4r49Z0Mgh5rKLBA=="},{"evidence_version":1,"source_platform":"s10_unseen","account_scope_id_digest":"265867792567e5ff6f7402a88f9c707517887390598b1adbee71a69fed4fba13","family":"workouts","basis_kind":"source_signed_enumeration","mapping_spec_digest":"fecf009ed9463bf97766ab08a322f42f6fbe0124a90551a604f5b26def4ae3dc","statement_b64":"eyJhY2NvdW50X3Njb3BlX2lkX2RpZ2VzdCI6IjI2NTg2Nzc5MjU2N2U1ZmY2Zjc0MDJhODhmOWM3MDc1MTc4ODczOTA1OThiMWFkYmVlNzFhNjlmZWQ0ZmJhMTMiLCJjaGFsbGVuZ2VfYjY0IjoiWXBickJPaFg0V3YrYVYwby85NTNuTEc0Sjc4aEpuTmJXMC9UNDl3NWthZz0iLCJkYXRlX3dpbmRvdyI6bnVsbCwiZmFtaWx5Ijoid29ya291dHMiLCJpZF9zZXRfZGlnZXN0IjoiMmRjM2QxNzYxZTFlZTc5MjI0OGEyMjhmNmYzYmY3YjY4YzNiNGRlZjlkZWI0Nzk5Mzc4YTkwNzI1NTZmYWRkOSIsImlzc3VlZF9hdCI6IjIwMjYtMDktMjlUMTU6NDM6MjEuMzg2WiIsIm9ic2VydmVkX3VuaXF1ZSI6Miwic25hcHNob3RfcmVmX2RpZ2VzdCI6ImM2YmU3Y2E0NjhiNDNmYjM3OTgzMjMwYWY3OGNiZjI3MTMwYzU1NTg0MDQ5NTliYWYxYzY3M2VlOWI1MzM0NGIiLCJzb3VyY2VfcGxhdGZvcm0iOiJzMTBfdW5zZWVuIiwic3RhdGVtZW50X3ZlcnNpb24iOjEsInRlcm1pbmFsIjoiZW5kX29mX2xpc3QifQ==","key_id":"s10_unseen.source.d2","signature_b64":"h4Fa4cwwOF6Dujl9RHs38XJr7UQqPNiYPrGItD79As3an4eUs6XxXkJJd6YJNQhoJXMsrn4gy+k12NhUEvmnAg=="}]},"host":"P1","role":"ext"},"result":{"intent_id":"6049a430-c799-4c18-8ea6-8c711ca92668","execution_epoch":1,"stored":3,"replayed":0},"queries":11,"pid":4441}

    [0m [90m 181 |[39m       }
     [90m 182 |[39m       [90m// Query shapes, outcomes, fixture identifiers and process IDs only; never parameters.[39m
    [31m[1m>[22m[39m[90m 183 |[39m       console[33m.[39mwarn(
     [90m     |[39m               [31m[1m^[22m[39m
     [90m 184 |[39m         [32m'PG17_PROCESS'[39m[33m,[39m
     [90m 185 |[39m         [33mJSON[39m[33m.[39mstringify({
     [90m 186 |[39m           name[33m,[39m[0m

      at settleWorker (test/utils/g2-s11-pg-harness.ts:183:15)
      at ChildProcess.<anonymous> (test/utils/g2-s11-pg-harness.ts:202:7)

  console.warn
    PG17_PROCESS {"name":"g2g_14","options":{"action":"observe","coach":"s11d-coach-clean","intent":"6049a430-c799-4c18-8ea6-8c711ca92668","body":{"observations":[{"evidence_version":1,"source_platform":"s11_second","account_scope_id_digest":"b41d70b4bc8498395519478765f5152138a16931722424835c9f7d72eb2658f9","family":"programs","basis_kind":"source_signed_enumeration","mapping_spec_digest":"a330874b8c3c9d4a4b42d52728d6a3b09feada8411459ae0d0139c5c1e0d0c8e","statement_b64":"eyJhY2NvdW50X3Njb3BlX2lkX2RpZ2VzdCI6ImI0MWQ3MGI0YmM4NDk4Mzk1NTE5NDc4NzY1ZjUxNTIxMzhhMTY5MzE3MjI0MjQ4MzVjOWY3ZDcyZWIyNjU4ZjkiLCJjaGFsbGVuZ2VfYjY0IjoiWXBickJPaFg0V3YrYVYwby85NTNuTEc0Sjc4aEpuTmJXMC9UNDl3NWthZz0iLCJkYXRlX3dpbmRvdyI6bnVsbCwiZmFtaWx5IjoicHJvZ3JhbXMiLCJpZF9zZXRfZGlnZXN0IjoiMDk0OWViZmU2ODY4OWFkOWQzZmNmZGIxNjI3MDYyMWE0MWE0YzM0NDQ0NjEwMDUzMmQzOWY4NGZmZDhkYjA1MiIsImlzc3VlZF9hdCI6IjIwMjYtMDktMjlUMTU6NDM6MjMuNTY2WiIsIm9ic2VydmVkX3VuaXF1ZSI6MSwic25hcHNob3RfcmVmX2RpZ2VzdCI6IjdmNjliMTk2NTRiN2ZlYjZhZTJjYWU3ZDllOTJlNDg4MzY4NDVjMWZjZmE2MGFjOTBlYTJlZDkxMjZhZGUwZjgiLCJzb3VyY2VfcGxhdGZvcm0iOiJzMTFfc2Vjb25kIiwic3RhdGVtZW50X3ZlcnNpb24iOjEsInRlcm1pbmFsIjoiZW5kX29mX2xpc3QifQ==","key_id":"s11_second.source.a2","signature_b64":"2MS+INiE/6OkwT5+tGxIdpagxwVPWi9F90ynnoDew2U9liKAhKvT2f2xX4ZkCJEfxDTmUoUflI6tGDY5dv3MBA=="},{"evidence_version":1,"source_platform":"s11_second","account_scope_id_digest":"b41d70b4bc8498395519478765f5152138a16931722424835c9f7d72eb2658f9","family":"workouts","basis_kind":"source_signed_enumeration","mapping_spec_digest":"a330874b8c3c9d4a4b42d52728d6a3b09feada8411459ae0d0139c5c1e0d0c8e","statement_b64":"eyJhY2NvdW50X3Njb3BlX2lkX2RpZ2VzdCI6ImI0MWQ3MGI0YmM4NDk4Mzk1NTE5NDc4NzY1ZjUxNTIxMzhhMTY5MzE3MjI0MjQ4MzVjOWY3ZDcyZWIyNjU4ZjkiLCJjaGFsbGVuZ2VfYjY0IjoiWXBickJPaFg0V3YrYVYwby85NTNuTEc0Sjc4aEpuTmJXMC9UNDl3NWthZz0iLCJkYXRlX3dpbmRvdyI6bnVsbCwiZmFtaWx5Ijoid29ya291dHMiLCJpZF9zZXRfZGlnZXN0IjoiNTk0NmEzZDE4Njg2NDFhMjc1N2ViYTYzMmU0OWM5OWYyN2Q0NTQwYjM1NjBiMjIzNmNlNGZjY2ZhYzRkMGU4MSIsImlzc3VlZF9hdCI6IjIwMjYtMDktMjlUMTU6NDM6MjMuNTY2WiIsIm9ic2VydmVkX3VuaXF1ZSI6MSwic25hcHNob3RfcmVmX2RpZ2VzdCI6IjdmNjliMTk2NTRiN2ZlYjZhZTJjYWU3ZDllOTJlNDg4MzY4NDVjMWZjZmE2MGFjOTBlYTJlZDkxMjZhZGUwZjgiLCJzb3VyY2VfcGxhdGZvcm0iOiJzMTFfc2Vjb25kIiwic3RhdGVtZW50X3ZlcnNpb24iOjEsInRlcm1pbmFsIjoiZW5kX29mX2xpc3QifQ==","key_id":"s11_second.source.a2","signature_b64":"Jpwm3i9NtxQyLlGv3rFHTR/9BKM1POvJs46Vew/HQDgQPXFt5rv45qV0K54g2seO/Co0FP3jUdT04fDhnt+kBA=="}]},"host":"P2","role":"ext"},"result":{"intent_id":"6049a430-c799-4c18-8ea6-8c711ca92668","execution_epoch":1,"stored":2,"replayed":0},"queries":10,"pid":4462}

    [0m [90m 181 |[39m       }
     [90m 182 |[39m       [90m// Query shapes, outcomes, fixture identifiers and process IDs only; never parameters.[39m
    [31m[1m>[22m[39m[90m 183 |[39m       console[33m.[39mwarn(
     [90m     |[39m               [31m[1m^[22m[39m
     [90m 184 |[39m         [32m'PG17_PROCESS'[39m[33m,[39m
     [90m 185 |[39m         [33mJSON[39m[33m.[39mstringify({
     [90m 186 |[39m           name[33m,[39m[0m

      at settleWorker (test/utils/g2-s11-pg-harness.ts:183:15)
      at ChildProcess.<anonymous> (test/utils/g2-s11-pg-harness.ts:202:7)

  console.warn
    PG17_PROCESS {"name":"g2g_16","options":{"action":"status","coach":"s11d-coach-clean","intent":"6049a430-c799-4c18-8ea6-8c711ca92668","host":"P2","role":"phone"},"result":{"intent_id":"6049a430-c799-4c18-8ea6-8c711ca92668","status":"running","entity_counts":[{"entity_type":"t11-blocks","committed":1},{"entity_type":"t11-routines","committed":1},{"entity_type":"u10-routines","committed":1},{"entity_type":"u10-sessions","committed":1}],"started_at":"2026-09-29T15:43:14.943Z","completed_at":null,"mode":"server","phase":"reconciling","accepted_start_at":"2026-09-29T15:43:03.215Z","deadline_at":"2026-09-29T15:48:03.215Z","last_observed_at":"2026-09-29T15:43:27.764Z","execution_epoch":1,"reason_code":null,"claimed_status":"success","families":[{"family":"t11-blocks","observed_unique":null,"staged_unique":1,"created_native":null,"already_present_verified":null,"rejected":null,"unresolved":null,"ledger":{"reconstructed":0,"skipped":0,"failed":0}},{"family":"t11-routines","observed_unique":null,"staged_unique":1,"created_native":null,"already_present_verified":null,"rejected":null,"unresolved":null,"ledger":{"reconstructed":0,"skipped":0,"failed":0}},{"family":"u10-routines","observed_unique":null,"staged_unique":1,"created_native":null,"already_present_verified":null,"rejected":null,"unresolved":null,"ledger":{"reconstructed":0,"skipped":0,"failed":0}},{"family":"u10-sessions","observed_unique":null,"staged_unique":1,"created_native":null,"already_present_verified":null,"rejected":null,"unresolved":null,"ledger":{"reconstructed":0,"skipped":0,"failed":0}}]},"queries":8,"pid":4508}

    [0m [90m 181 |[39m       }
     [90m 182 |[39m       [90m// Query shapes, outcomes, fixture identifiers and process IDs only; never parameters.[39m
    [31m[1m>[22m[39m[90m 183 |[39m       console[33m.[39mwarn(
     [90m     |[39m               [31m[1m^[22m[39m
     [90m 184 |[39m         [32m'PG17_PROCESS'[39m[33m,[39m
     [90m 185 |[39m         [33mJSON[39m[33m.[39mstringify({
     [90m 186 |[39m           name[33m,[39m[0m

      at settleWorker (test/utils/g2-s11-pg-harness.ts:183:15)
      at ChildProcess.<anonymous> (test/utils/g2-s11-pg-harness.ts:202:7)

  console.warn
    PG17_PROCESS {"name":"g2g_17","options":{"action":"complete","coach":"s11d-coach-clean","intent":"6049a430-c799-4c18-8ea6-8c711ca92668","body":{"terminal_status":"success"},"host":"P2","role":"ext"},"result":{"acknowledged":true,"intent_id":"6049a430-c799-4c18-8ea6-8c711ca92668"},"queries":91,"pid":4528}

    [0m [90m 181 |[39m       }
     [90m 182 |[39m       [90m// Query shapes, outcomes, fixture identifiers and process IDs only; never parameters.[39m
    [31m[1m>[22m[39m[90m 183 |[39m       console[33m.[39mwarn(
     [90m     |[39m               [31m[1m^[22m[39m
     [90m 184 |[39m         [32m'PG17_PROCESS'[39m[33m,[39m
     [90m 185 |[39m         [33mJSON[39m[33m.[39mstringify({
     [90m 186 |[39m           name[33m,[39m[0m

      at settleWorker (test/utils/g2-s11-pg-harness.ts:183:15)
      at ChildProcess.<anonymous> (test/utils/g2-s11-pg-harness.ts:202:7)

  console.warn
    PG17_PROCESS {"name":"g2g_18","options":{"action":"complete","coach":"s11d-coach-clean","intent":"6049a430-c799-4c18-8ea6-8c711ca92668","body":{"terminal_status":"success"},"host":"P1","role":"ext"},"result":{"acknowledged":true,"intent_id":"6049a430-c799-4c18-8ea6-8c711ca92668"},"queries":8,"pid":4552}

    [0m [90m 181 |[39m       }
     [90m 182 |[39m       [90m// Query shapes, outcomes, fixture identifiers and process IDs only; never parameters.[39m
    [31m[1m>[22m[39m[90m 183 |[39m       console[33m.[39mwarn(
     [90m     |[39m               [31m[1m^[22m[39m
     [90m 184 |[39m         [32m'PG17_PROCESS'[39m[33m,[39m
     [90m 185 |[39m         [33mJSON[39m[33m.[39mstringify({
     [90m 186 |[39m           name[33m,[39m[0m

      at settleWorker (test/utils/g2-s11-pg-harness.ts:183:15)
      at ChildProcess.<anonymous> (test/utils/g2-s11-pg-harness.ts:202:7)

  console.warn
    PG17_PROCESS {"name":"g2g_19","options":{"action":"pair-current","coach":"s11d-coach-clean","body":{},"host":"P2","role":"phone"},"result":{"status":"paired","import_intent_id":"6049a430-c799-4c18-8ea6-8c711ca92668","chosen_platform":"s11-label","readiness":{"run":"terminal","source_declared":true,"declared_platforms":2}},"queries":4,"pid":4577}

    [0m [90m 181 |[39m       }
     [90m 182 |[39m       [90m// Query shapes, outcomes, fixture identifiers and process IDs only; never parameters.[39m
    [31m[1m>[22m[39m[90m 183 |[39m       console[33m.[39mwarn(
     [90m     |[39m               [31m[1m^[22m[39m
     [90m 184 |[39m         [32m'PG17_PROCESS'[39m[33m,[39m
     [90m 185 |[39m         [33mJSON[39m[33m.[39mstringify({
     [90m 186 |[39m           name[33m,[39m[0m

      at settleWorker (test/utils/g2-s11-pg-harness.ts:183:15)
      at ChildProcess.<anonymous> (test/utils/g2-s11-pg-harness.ts:202:7)

  console.warn
    PG17_PROCESS {"name":"g2g_20","options":{"action":"roster","coach":"s11d-coach-clean","intent":"6049a430-c799-4c18-8ea6-8c711ca92668","host":"P1","role":"phone"},"result":{"intent_id":"6049a430-c799-4c18-8ea6-8c711ca92668","accounting":{"staged":0,"reconstructed":0,"skipped":0,"failed":0,"unclassified":0},"persons":[],"page":{"limit":50,"next_cursor":null,"has_more":false},"roster_bridge_pending":true},"queries":8,"pid":4598}

    [0m [90m 181 |[39m       }
     [90m 182 |[39m       [90m// Query shapes, outcomes, fixture identifiers and process IDs only; never parameters.[39m
    [31m[1m>[22m[39m[90m 183 |[39m       console[33m.[39mwarn(
     [90m     |[39m               [31m[1m^[22m[39m
     [90m 184 |[39m         [32m'PG17_PROCESS'[39m[33m,[39m
     [90m 185 |[39m         [33mJSON[39m[33m.[39mstringify({
     [90m 186 |[39m           name[33m,[39m[0m

      at settleWorker (test/utils/g2-s11-pg-harness.ts:183:15)
      at ChildProcess.<anonymous> (test/utils/g2-s11-pg-harness.ts:202:7)

  console.warn
    PG17_PROCESS {"name":"g2g_21","options":{"action":"roster","coach":"s11d-coach-clean","intent":"6049a430-c799-4c18-8ea6-8c711ca92668","host":"P2","role":"phone"},"result":{"intent_id":"6049a430-c799-4c18-8ea6-8c711ca92668","accounting":{"staged":0,"reconstructed":0,"skipped":0,"failed":0,"unclassified":0},"persons":[],"page":{"limit":50,"next_cursor":null,"has_more":false},"roster_bridge_pending":true},"queries":8,"pid":4617}

    [0m [90m 181 |[39m       }
     [90m 182 |[39m       [90m// Query shapes, outcomes, fixture identifiers and process IDs only; never parameters.[39m
    [31m[1m>[22m[39m[90m 183 |[39m       console[33m.[39mwarn(
     [90m     |[39m               [31m[1m^[22m[39m
     [90m 184 |[39m         [32m'PG17_PROCESS'[39m[33m,[39m
     [90m 185 |[39m         [33mJSON[39m[33m.[39mstringify({
     [90m 186 |[39m           name[33m,[39m[0m

      at settleWorker (test/utils/g2-s11-pg-harness.ts:183:15)
      at ChildProcess.<anonymous> (test/utils/g2-s11-pg-harness.ts:202:7)

  console.warn
    PG17_PROCESS {"name":"g2g_22","options":{"action":"status","coach":"s11d-coach-clean","intent":"6049a430-c799-4c18-8ea6-8c711ca92668","host":"P1","role":"phone"},"result":{"intent_id":"6049a430-c799-4c18-8ea6-8c711ca92668","status":"complete","entity_counts":[{"entity_type":"t11-blocks","committed":1},{"entity_type":"t11-routines","committed":1},{"entity_type":"u10-routines","committed":1},{"entity_type":"u10-sessions","committed":1}],"started_at":"2026-09-29T15:43:14.943Z","completed_at":"2026-09-29T15:43:32.183Z","mode":"server","phase":"reconciling","accepted_start_at":"2026-09-29T15:43:03.215Z","deadline_at":"2026-09-29T15:48:03.215Z","last_observed_at":"2026-09-29T15:43:32.176Z","execution_epoch":1,"reason_code":null,"claimed_status":"success","families":[{"family":"t11-blocks","observed_unique":1,"staged_unique":1,"created_native":null,"already_present_verified":null,"rejected":0,"unresolved":0,"ledger":{"reconstructed":1,"skipped":0,"failed":0},"canonical_family":"programs","native_present_verified":1,"completeness_basis":"source_signed_enumeration","relationship_closure":"not_applicable","reasons":[],"qualifiers":[]},{"family":"t11-routines","observed_unique":null,"staged_unique":1,"created_native":null,"already_present_verified":null,"rejected":0,"unresolved":0,"ledger":{"reconstructed":1,"skipped":0,"failed":0},"canonical_family":"workouts","native_present_verified":1,"completeness_basis":"source_signed_enumeration","relationship_closure":"not_applicable","reasons":[],"qualifiers":[]},{"family":"u10-routines","observed_unique":null,"staged_unique":1,"created_native":null,"already_present_verified":null,"rejected":0,"unresolved":0,"ledger":{"reconstructed":1,"skipped":0,"failed":0},"canonical_family":"workouts","native_present_verified":1,"completeness_basis":"source_signed_enumeration","relationship_closure":"not_applicable","reasons":[],"qualifiers":[]},{"family":"u10-sessions","observed_unique":null,"staged_unique":1,"created_native":null,"already_present_verified":null,"rejected":0,"unresolved":0,"ledger":{"reconstructed":1,"skipped":0,"failed":0},"canonical_family":"workouts","native_present_verified":1,"completeness_basis":"source_signed_enumeration","relationship_closure":"not_applicable","reasons":[],"qualifiers":[]}]},"queries":9,"pid":4637}

    [0m [90m 181 |[39m       }
     [90m 182 |[39m       [90m// Query shapes, outcomes, fixture identifiers and process IDs only; never parameters.[39m
    [31m[1m>[22m[39m[90m 183 |[39m       console[33m.[39mwarn(
     [90m     |[39m               [31m[1m^[22m[39m
     [90m 184 |[39m         [32m'PG17_PROCESS'[39m[33m,[39m
     [90m 185 |[39m         [33mJSON[39m[33m.[39mstringify({
     [90m 186 |[39m           name[33m,[39m[0m

      at settleWorker (test/utils/g2-s11-pg-harness.ts:183:15)
      at ChildProcess.<anonymous> (test/utils/g2-s11-pg-harness.ts:202:7)

  console.warn
    PG17_PROCESS {"name":"g2g_23","options":{"action":"status","coach":"s11d-coach-clean","intent":"6049a430-c799-4c18-8ea6-8c711ca92668","host":"P2","role":"phone"},"result":{"intent_id":"6049a430-c799-4c18-8ea6-8c711ca92668","status":"complete","entity_counts":[{"entity_type":"t11-blocks","committed":1},{"entity_type":"t11-routines","committed":1},{"entity_type":"u10-routines","committed":1},{"entity_type":"u10-sessions","committed":1}],"started_at":"2026-09-29T15:43:14.943Z","completed_at":"2026-09-29T15:43:32.183Z","mode":"server","phase":"reconciling","accepted_start_at":"2026-09-29T15:43:03.215Z","deadline_at":"2026-09-29T15:48:03.215Z","last_observed_at":"2026-09-29T15:43:32.176Z","execution_epoch":1,"reason_code":null,"claimed_status":"success","families":[{"family":"t11-blocks","observed_unique":1,"staged_unique":1,"created_native":null,"already_present_verified":null,"rejected":0,"unresolved":0,"ledger":{"reconstructed":1,"skipped":0,"failed":0},"canonical_family":"programs","native_present_verified":1,"completeness_basis":"source_signed_enumeration","relationship_closure":"not_applicable","reasons":[],"qualifiers":[]},{"family":"t11-routines","observed_unique":null,"staged_unique":1,"created_native":null,"already_present_verified":null,"rejected":0,"unresolved":0,"ledger":{"reconstructed":1,"skipped":0,"failed":0},"canonical_family":"workouts","native_present_verified":1,"completeness_basis":"source_signed_enumeration","relationship_closure":"not_applicable","reasons":[],"qualifiers":[]},{"family":"u10-routines","observed_unique":null,"staged_unique":1,"created_native":null,"already_present_verified":null,"rejected":0,"unresolved":0,"ledger":{"reconstructed":1,"skipped":0,"failed":0},"canonical_family":"workouts","native_present_verified":1,"completeness_basis":"source_signed_enumeration","relationship_closure":"not_applicable","reasons":[],"qualifiers":[]},{"family":"u10-sessions","observed_unique":null,"staged_unique":1,"created_native":null,"already_present_verified":null,"rejected":0,"unresolved":0,"ledger":{"reconstructed":1,"skipped":0,"failed":0},"canonical_family":"workouts","native_present_verified":1,"completeness_basis":"source_signed_enumeration","relationship_closure":"not_applicable","reasons":[],"qualifiers":[]}]},"queries":9,"pid":4657}

    [0m [90m 181 |[39m       }
     [90m 182 |[39m       [90m// Query shapes, outcomes, fixture identifiers and process IDs only; never parameters.[39m
    [31m[1m>[22m[39m[90m 183 |[39m       console[33m.[39mwarn(
     [90m     |[39m               [31m[1m^[22m[39m
     [90m 184 |[39m         [32m'PG17_PROCESS'[39m[33m,[39m
     [90m 185 |[39m         [33mJSON[39m[33m.[39mstringify({
     [90m 186 |[39m           name[33m,[39m[0m

      at settleWorker (test/utils/g2-s11-pg-harness.ts:183:15)
      at ChildProcess.<anonymous> (test/utils/g2-s11-pg-harness.ts:202:7)

  console.warn
    PG17_PROCESS {"name":"g2g_24","options":{"action":"pair-init","coach":"s11d-coach-roster","body":{},"host":"P1","role":"phone"},"result":{"pairing_code":"337205","expires_at":"2026-09-29T15:45:47.229Z","import_intent_id":"cd2c0c0a-861f-4d5b-ae66-034f4705a52c"},"queries":11,"pid":4682}

    [0m [90m 181 |[39m       }
     [90m 182 |[39m       [90m// Query shapes, outcomes, fixture identifiers and process IDs only; never parameters.[39m
    [31m[1m>[22m[39m[90m 183 |[39m       console[33m.[39mwarn(
     [90m     |[39m               [31m[1m^[22m[39m
     [90m 184 |[39m         [32m'PG17_PROCESS'[39m[33m,[39m
     [90m 185 |[39m         [33mJSON[39m[33m.[39mstringify({
     [90m 186 |[39m           name[33m,[39m[0m

      at settleWorker (test/utils/g2-s11-pg-harness.ts:183:15)
      at ChildProcess.<anonymous> (test/utils/g2-s11-pg-harness.ts:202:7)

  console.warn
    PG17_PROCESS {"name":"g2g_25","options":{"action":"pair-redeem","coach":"unauthenticated","body":{"code":"337205"},"host":"P2","role":"ext"},"result":{"access_token":"synthetic-access-1","refresh_token":"synthetic-refresh-1","chosen_platform":"s11-label","import_intent_id":"cd2c0c0a-861f-4d5b-ae66-034f4705a52c"},"queries":10,"pid":4702}

    [0m [90m 181 |[39m       }
     [90m 182 |[39m       [90m// Query shapes, outcomes, fixture identifiers and process IDs only; never parameters.[39m
    [31m[1m>[22m[39m[90m 183 |[39m       console[33m.[39mwarn(
     [90m     |[39m               [31m[1m^[22m[39m
     [90m 184 |[39m         [32m'PG17_PROCESS'[39m[33m,[39m
     [90m 185 |[39m         [33mJSON[39m[33m.[39mstringify({
     [90m 186 |[39m           name[33m,[39m[0m

      at settleWorker (test/utils/g2-s11-pg-harness.ts:183:15)
      at ChildProcess.<anonymous> (test/utils/g2-s11-pg-harness.ts:202:7)

  console.warn
    PG17_PROCESS {"name":"g2g_26","options":{"action":"start","coach":"s11d-coach-roster","intent":"cd2c0c0a-861f-4d5b-ae66-034f4705a52c","host":"P1","role":"phone"},"result":{"intent_id":"cd2c0c0a-861f-4d5b-ae66-034f4705a52c","mode":"server","phase":"discovering","execution_epoch":1,"accepted_start_at":"2026-09-29T15:43:51.475Z","deadline_at":"2026-09-29T15:48:51.475Z"},"queries":3,"pid":4721}

    [0m [90m 181 |[39m       }
     [90m 182 |[39m       [90m// Query shapes, outcomes, fixture identifiers and process IDs only; never parameters.[39m
    [31m[1m>[22m[39m[90m 183 |[39m       console[33m.[39mwarn(
     [90m     |[39m               [31m[1m^[22m[39m
     [90m 184 |[39m         [32m'PG17_PROCESS'[39m[33m,[39m
     [90m 185 |[39m         [33mJSON[39m[33m.[39mstringify({
     [90m 186 |[39m           name[33m,[39m[0m

      at settleWorker (test/utils/g2-s11-pg-harness.ts:183:15)
      at ChildProcess.<anonymous> (test/utils/g2-s11-pg-harness.ts:202:7)

  console.warn
    PG17_PROCESS {"name":"g2g_27","options":{"action":"declare","coach":"s11d-coach-roster","intent":"cd2c0c0a-861f-4d5b-ae66-034f4705a52c","body":{"platforms":[{"source_platform":"s10_unseen","account_scope_id_digests":["265867792567e5ff6f7402a88f9c707517887390598b1adbee71a69fed4fba13"]},{"source_platform":"s11_second","account_scope_id_digests":["b41d70b4bc8498395519478765f5152138a16931722424835c9f7d72eb2658f9"]}]},"host":"P2","role":"ext"},"result":{"intent_id":"cd2c0c0a-861f-4d5b-ae66-034f4705a52c","challenge_b64":"jcWujJG0KYVVrFsTvzUIPd8O7F+xnuwEA2tE2tJu+7Q=","declared_at":"2026-09-29T15:43:53.612Z"},"queries":10,"pid":4741}

    [0m [90m 181 |[39m       }
     [90m 182 |[39m       [90m// Query shapes, outcomes, fixture identifiers and process IDs only; never parameters.[39m
    [31m[1m>[22m[39m[90m 183 |[39m       console[33m.[39mwarn(
     [90m     |[39m               [31m[1m^[22m[39m
     [90m 184 |[39m         [32m'PG17_PROCESS'[39m[33m,[39m
     [90m 185 |[39m         [33mJSON[39m[33m.[39mstringify({
     [90m 186 |[39m           name[33m,[39m[0m

      at settleWorker (test/utils/g2-s11-pg-harness.ts:183:15)
      at ChildProcess.<anonymous> (test/utils/g2-s11-pg-harness.ts:202:7)

  console.warn
    PG17_PROCESS {"name":"g2g_28","options":{"action":"ingest","coach":"s11d-coach-roster","intent":"cd2c0c0a-861f-4d5b-ae66-034f4705a52c","body":{"entity_type":"u10-members","sourcePlatform":"s10_unseen","entities":[{"sourceId":"u10-m-1","payload":{"u10_handle":"Synthetic Member One"}},{"sourceId":"u10-m-2","payload":{"u10_handle":"Synthetic Member Two"}}]},"host":"P1","role":"ext"},"result":{"received":2,"deduped":0},"queries":8,"pid":4760}

    [0m [90m 181 |[39m       }
     [90m 182 |[39m       [90m// Query shapes, outcomes, fixture identifiers and process IDs only; never parameters.[39m
    [31m[1m>[22m[39m[90m 183 |[39m       console[33m.[39mwarn(
     [90m     |[39m               [31m[1m^[22m[39m
     [90m 184 |[39m         [32m'PG17_PROCESS'[39m[33m,[39m
     [90m 185 |[39m         [33mJSON[39m[33m.[39mstringify({
     [90m 186 |[39m           name[33m,[39m[0m

      at settleWorker (test/utils/g2-s11-pg-harness.ts:183:15)
      at ChildProcess.<anonymous> (test/utils/g2-s11-pg-harness.ts:202:7)

  console.warn
    PG17_PROCESS {"name":"g2g_29","options":{"action":"ingest","coach":"s11d-coach-roster","intent":"cd2c0c0a-861f-4d5b-ae66-034f4705a52c","body":{"entity_type":"u10-routines","sourcePlatform":"s10_unseen","entities":[{"sourceId":"u10-w-1","payload":{"u10_heading":"Synthetic Routine","u10_modality":"lift"}}]},"host":"P1","role":"ext"},"result":{"received":1,"deduped":0},"queries":8,"pid":4780}

    [0m [90m 181 |[39m       }
     [90m 182 |[39m       [90m// Query shapes, outcomes, fixture identifiers and process IDs only; never parameters.[39m
    [31m[1m>[22m[39m[90m 183 |[39m       console[33m.[39mwarn(
     [90m     |[39m               [31m[1m^[22m[39m
     [90m 184 |[39m         [32m'PG17_PROCESS'[39m[33m,[39m
     [90m 185 |[39m         [33mJSON[39m[33m.[39mstringify({
     [90m 186 |[39m           name[33m,[39m[0m

      at settleWorker (test/utils/g2-s11-pg-harness.ts:183:15)
      at ChildProcess.<anonymous> (test/utils/g2-s11-pg-harness.ts:202:7)

  console.warn
    PG17_PROCESS {"name":"g2g_30","options":{"action":"ingest","coach":"s11d-coach-roster","intent":"cd2c0c0a-861f-4d5b-ae66-034f4705a52c","body":{"entity_type":"u10-sessions","sourcePlatform":"s10_unseen","entities":[{"sourceId":"u10-w-2","payload":{"u10_heading":"Synthetic Session","u10_modality":"run"}}]},"host":"P1","role":"ext"},"result":{"received":1,"deduped":0},"queries":8,"pid":4800}

    [0m [90m 181 |[39m       }
     [90m 182 |[39m       [90m// Query shapes, outcomes, fixture identifiers and process IDs only; never parameters.[39m
    [31m[1m>[22m[39m[90m 183 |[39m       console[33m.[39mwarn(
     [90m     |[39m               [31m[1m^[22m[39m
     [90m 184 |[39m         [32m'PG17_PROCESS'[39m[33m,[39m
     [90m 185 |[39m         [33mJSON[39m[33m.[39mstringify({
     [90m 186 |[39m           name[33m,[39m[0m

      at settleWorker (test/utils/g2-s11-pg-harness.ts:183:15)
      at ChildProcess.<anonymous> (test/utils/g2-s11-pg-harness.ts:202:7)

  console.warn
    PG17_PROCESS {"name":"g2g_31","options":{"action":"ingest","coach":"s11d-coach-roster","intent":"cd2c0c0a-861f-4d5b-ae66-034f4705a52c","body":{"entity_type":"t11-blocks","sourcePlatform":"s11_second","entities":[{"sourceId":"t11-b-1","payload":{"t11_title":"Synthetic Block Two","t11_weeks":6,"t11_days":4}}]},"host":"P2","role":"ext"},"result":{"received":1,"deduped":0},"queries":8,"pid":4820}

    [0m [90m 181 |[39m       }
     [90m 182 |[39m       [90m// Query shapes, outcomes, fixture identifiers and process IDs only; never parameters.[39m
    [31m[1m>[22m[39m[90m 183 |[39m       console[33m.[39mwarn(
     [90m     |[39m               [31m[1m^[22m[39m
     [90m 184 |[39m         [32m'PG17_PROCESS'[39m[33m,[39m
     [90m 185 |[39m         [33mJSON[39m[33m.[39mstringify({
     [90m 186 |[39m           name[33m,[39m[0m

      at settleWorker (test/utils/g2-s11-pg-harness.ts:183:15)
      at ChildProcess.<anonymous> (test/utils/g2-s11-pg-harness.ts:202:7)

  console.warn
    PG17_PROCESS {"name":"g2g_32","options":{"action":"ingest","coach":"s11d-coach-roster","intent":"cd2c0c0a-861f-4d5b-ae66-034f4705a52c","body":{"entity_type":"t11-routines","sourcePlatform":"s11_second","entities":[{"sourceId":"t11-r-1","payload":{"t11_title":"Synthetic Routine Two","t11_kind":"run"}}]},"host":"P2","role":"ext"},"result":{"received":1,"deduped":0},"queries":8,"pid":4841}

    [0m [90m 181 |[39m       }
     [90m 182 |[39m       [90m// Query shapes, outcomes, fixture identifiers and process IDs only; never parameters.[39m
    [31m[1m>[22m[39m[90m 183 |[39m       console[33m.[39mwarn(
     [90m     |[39m               [31m[1m^[22m[39m
     [90m 184 |[39m         [32m'PG17_PROCESS'[39m[33m,[39m
     [90m 185 |[39m         [33mJSON[39m[33m.[39mstringify({
     [90m 186 |[39m           name[33m,[39m[0m

      at settleWorker (test/utils/g2-s11-pg-harness.ts:183:15)
      at ChildProcess.<anonymous> (test/utils/g2-s11-pg-harness.ts:202:7)

  console.warn
    PG17_PROCESS {"name":"g2g_33","options":{"action":"observe","coach":"s11d-coach-roster","intent":"cd2c0c0a-861f-4d5b-ae66-034f4705a52c","body":{"observations":[{"evidence_version":1,"source_platform":"s10_unseen","account_scope_id_digest":"265867792567e5ff6f7402a88f9c707517887390598b1adbee71a69fed4fba13","family":"clients","basis_kind":"source_signed_enumeration","mapping_spec_digest":"fecf009ed9463bf97766ab08a322f42f6fbe0124a90551a604f5b26def4ae3dc","statement_b64":"eyJhY2NvdW50X3Njb3BlX2lkX2RpZ2VzdCI6IjI2NTg2Nzc5MjU2N2U1ZmY2Zjc0MDJhODhmOWM3MDc1MTc4ODczOTA1OThiMWFkYmVlNzFhNjlmZWQ0ZmJhMTMiLCJjaGFsbGVuZ2VfYjY0IjoiamNXdWpKRzBLWVZWckZzVHZ6VUlQZDhPN0YreG51d0VBMnRFMnRKdSs3UT0iLCJkYXRlX3dpbmRvdyI6bnVsbCwiZmFtaWx5IjoiY2xpZW50cyIsImlkX3NldF9kaWdlc3QiOiJiYzUwN2Q2MTM4MTk0NTZhOGYzMmRkOWEwZmFiNWQ2MDkwYTRjZjUyNGQ2YzFmMzk2ZjFkMjZiMzUxMjZiMDE2IiwiaXNzdWVkX2F0IjoiMjAyNi0wOS0yOVQxNTo0NDowNC4zOThaIiwib2JzZXJ2ZWRfdW5pcXVlIjoyLCJzbmFwc2hvdF9yZWZfZGlnZXN0IjoiYzZiZTdjYTQ2OGI0M2ZiMzc5ODMyMzBhZjc4Y2JmMjcxMzBjNTU1ODQwNDk1OWJhZjFjNjczZWU5YjUzMzQ0YiIsInNvdXJjZV9wbGF0Zm9ybSI6InMxMF91bnNlZW4iLCJzdGF0ZW1lbnRfdmVyc2lvbiI6MSwidGVybWluYWwiOiJlbmRfb2ZfbGlzdCJ9","key_id":"s10_unseen.source.d2","signature_b64":"cialaw70QYkJftX4xADuK6+6TTUtQlxe9vFdSX6/OHbXnxOX6RWxb0QTsiDYLm5pj25Tcg55fdPc27hpakAtDw=="},{"evidence_version":1,"source_platform":"s10_unseen","account_scope_id_digest":"265867792567e5ff6f7402a88f9c707517887390598b1adbee71a69fed4fba13","family":"programs","basis_kind":"source_signed_enumeration","mapping_spec_digest":"fecf009ed9463bf97766ab08a322f42f6fbe0124a90551a604f5b26def4ae3dc","statement_b64":"eyJhY2NvdW50X3Njb3BlX2lkX2RpZ2VzdCI6IjI2NTg2Nzc5MjU2N2U1ZmY2Zjc0MDJhODhmOWM3MDc1MTc4ODczOTA1OThiMWFkYmVlNzFhNjlmZWQ0ZmJhMTMiLCJjaGFsbGVuZ2VfYjY0IjoiamNXdWpKRzBLWVZWckZzVHZ6VUlQZDhPN0YreG51d0VBMnRFMnRKdSs3UT0iLCJkYXRlX3dpbmRvdyI6bnVsbCwiZmFtaWx5IjoicHJvZ3JhbXMiLCJpZF9zZXRfZGlnZXN0IjoiZTNiMGM0NDI5OGZjMWMxNDlhZmJmNGM4OTk2ZmI5MjQyN2FlNDFlNDY0OWI5MzRjYTQ5NTk5MWI3ODUyYjg1NSIsImlzc3VlZF9hdCI6IjIwMjYtMDktMjlUMTU6NDQ6MDQuMzk4WiIsIm9ic2VydmVkX3VuaXF1ZSI6MCwic25hcHNob3RfcmVmX2RpZ2VzdCI6ImM2YmU3Y2E0NjhiNDNmYjM3OTgzMjMwYWY3OGNiZjI3MTMwYzU1NTg0MDQ5NTliYWYxYzY3M2VlOWI1MzM0NGIiLCJzb3VyY2VfcGxhdGZvcm0iOiJzMTBfdW5zZWVuIiwic3RhdGVtZW50X3ZlcnNpb24iOjEsInRlcm1pbmFsIjoiZW5kX29mX2xpc3QifQ==","key_id":"s10_unseen.source.d2","signature_b64":"B6QueaFP2PQEFBLJT3GAEsU18eST1aEjFJ6l66KdsKIc06Zi62BZcKGGgQBcYqMyigmin8h24LtNEX/QODQ0Dg=="},{"evidence_version":1,"source_platform":"s10_unseen","account_scope_id_digest":"265867792567e5ff6f7402a88f9c707517887390598b1adbee71a69fed4fba13","family":"workouts","basis_kind":"source_signed_enumeration","mapping_spec_digest":"fecf009ed9463bf97766ab08a322f42f6fbe0124a90551a604f5b26def4ae3dc","statement_b64":"eyJhY2NvdW50X3Njb3BlX2lkX2RpZ2VzdCI6IjI2NTg2Nzc5MjU2N2U1ZmY2Zjc0MDJhODhmOWM3MDc1MTc4ODczOTA1OThiMWFkYmVlNzFhNjlmZWQ0ZmJhMTMiLCJjaGFsbGVuZ2VfYjY0IjoiamNXdWpKRzBLWVZWckZzVHZ6VUlQZDhPN0YreG51d0VBMnRFMnRKdSs3UT0iLCJkYXRlX3dpbmRvdyI6bnVsbCwiZmFtaWx5Ijoid29ya291dHMiLCJpZF9zZXRfZGlnZXN0IjoiMmRjM2QxNzYxZTFlZTc5MjI0OGEyMjhmNmYzYmY3YjY4YzNiNGRlZjlkZWI0Nzk5Mzc4YTkwNzI1NTZmYWRkOSIsImlzc3VlZF9hdCI6IjIwMjYtMDktMjlUMTU6NDQ6MDQuMzk4WiIsIm9ic2VydmVkX3VuaXF1ZSI6Miwic25hcHNob3RfcmVmX2RpZ2VzdCI6ImM2YmU3Y2E0NjhiNDNmYjM3OTgzMjMwYWY3OGNiZjI3MTMwYzU1NTg0MDQ5NTliYWYxYzY3M2VlOWI1MzM0NGIiLCJzb3VyY2VfcGxhdGZvcm0iOiJzMTBfdW5zZWVuIiwic3RhdGVtZW50X3ZlcnNpb24iOjEsInRlcm1pbmFsIjoiZW5kX29mX2xpc3QifQ==","key_id":"s10_unseen.source.d2","signature_b64":"3Gx4K0N1hYSpjlNaAgM93yPrazOQ1FqgzqjhNfeOBO1ICmQ3NRFsGD3LiqTDqMHnm8wmxVVRp5baZfxFI/dzBQ=="}]},"host":"P2","role":"ext"},"result":{"intent_id":"cd2c0c0a-861f-4d5b-ae66-034f4705a52c","execution_epoch":1,"stored":3,"replayed":0},"queries":11,"pid":4868}

    [0m [90m 181 |[39m       }
     [90m 182 |[39m       [90m// Query shapes, outcomes, fixture identifiers and process IDs only; never parameters.[39m
    [31m[1m>[22m[39m[90m 183 |[39m       console[33m.[39mwarn(
     [90m     |[39m               [31m[1m^[22m[39m
     [90m 184 |[39m         [32m'PG17_PROCESS'[39m[33m,[39m
     [90m 185 |[39m         [33mJSON[39m[33m.[39mstringify({
     [90m 186 |[39m           name[33m,[39m[0m

      at settleWorker (test/utils/g2-s11-pg-harness.ts:183:15)
      at ChildProcess.<anonymous> (test/utils/g2-s11-pg-harness.ts:202:7)

  console.warn
    PG17_PROCESS {"name":"g2g_34","options":{"action":"observe","coach":"s11d-coach-roster","intent":"cd2c0c0a-861f-4d5b-ae66-034f4705a52c","body":{"observations":[{"evidence_version":1,"source_platform":"s11_second","account_scope_id_digest":"b41d70b4bc8498395519478765f5152138a16931722424835c9f7d72eb2658f9","family":"programs","basis_kind":"source_signed_enumeration","mapping_spec_digest":"a330874b8c3c9d4a4b42d52728d6a3b09feada8411459ae0d0139c5c1e0d0c8e","statement_b64":"eyJhY2NvdW50X3Njb3BlX2lkX2RpZ2VzdCI6ImI0MWQ3MGI0YmM4NDk4Mzk1NTE5NDc4NzY1ZjUxNTIxMzhhMTY5MzE3MjI0MjQ4MzVjOWY3ZDcyZWIyNjU4ZjkiLCJjaGFsbGVuZ2VfYjY0IjoiamNXdWpKRzBLWVZWckZzVHZ6VUlQZDhPN0YreG51d0VBMnRFMnRKdSs3UT0iLCJkYXRlX3dpbmRvdyI6bnVsbCwiZmFtaWx5IjoicHJvZ3JhbXMiLCJpZF9zZXRfZGlnZXN0IjoiMDk0OWViZmU2ODY4OWFkOWQzZmNmZGIxNjI3MDYyMWE0MWE0YzM0NDQ0NjEwMDUzMmQzOWY4NGZmZDhkYjA1MiIsImlzc3VlZF9hdCI6IjIwMjYtMDktMjlUMTU6NDQ6MDYuNTcwWiIsIm9ic2VydmVkX3VuaXF1ZSI6MSwic25hcHNob3RfcmVmX2RpZ2VzdCI6IjdmNjliMTk2NTRiN2ZlYjZhZTJjYWU3ZDllOTJlNDg4MzY4NDVjMWZjZmE2MGFjOTBlYTJlZDkxMjZhZGUwZjgiLCJzb3VyY2VfcGxhdGZvcm0iOiJzMTFfc2Vjb25kIiwic3RhdGVtZW50X3ZlcnNpb24iOjEsInRlcm1pbmFsIjoiZW5kX29mX2xpc3QifQ==","key_id":"s11_second.source.a2","signature_b64":"MlMYn3c9YEHtGIjiG0fvE0aAHNW7xYD+2jzqXNF+9+5hq4M1tUdyFwtEfIT109I6tNS7d/ONzkr0lyhtC4x4DQ=="},{"evidence_version":1,"source_platform":"s11_second","account_scope_id_digest":"b41d70b4bc8498395519478765f5152138a16931722424835c9f7d72eb2658f9","family":"workouts","basis_kind":"source_signed_enumeration","mapping_spec_digest":"a330874b8c3c9d4a4b42d52728d6a3b09feada8411459ae0d0139c5c1e0d0c8e","statement_b64":"eyJhY2NvdW50X3Njb3BlX2lkX2RpZ2VzdCI6ImI0MWQ3MGI0YmM4NDk4Mzk1NTE5NDc4NzY1ZjUxNTIxMzhhMTY5MzE3MjI0MjQ4MzVjOWY3ZDcyZWIyNjU4ZjkiLCJjaGFsbGVuZ2VfYjY0IjoiamNXdWpKRzBLWVZWckZzVHZ6VUlQZDhPN0YreG51d0VBMnRFMnRKdSs3UT0iLCJkYXRlX3dpbmRvdyI6bnVsbCwiZmFtaWx5Ijoid29ya291dHMiLCJpZF9zZXRfZGlnZXN0IjoiNTk0NmEzZDE4Njg2NDFhMjc1N2ViYTYzMmU0OWM5OWYyN2Q0NTQwYjM1NjBiMjIzNmNlNGZjY2ZhYzRkMGU4MSIsImlzc3VlZF9hdCI6IjIwMjYtMDktMjlUMTU6NDQ6MDYuNTcwWiIsIm9ic2VydmVkX3VuaXF1ZSI6MSwic25hcHNob3RfcmVmX2RpZ2VzdCI6IjdmNjliMTk2NTRiN2ZlYjZhZTJjYWU3ZDllOTJlNDg4MzY4NDVjMWZjZmE2MGFjOTBlYTJlZDkxMjZhZGUwZjgiLCJzb3VyY2VfcGxhdGZvcm0iOiJzMTFfc2Vjb25kIiwic3RhdGVtZW50X3ZlcnNpb24iOjEsInRlcm1pbmFsIjoiZW5kX29mX2xpc3QifQ==","key_id":"s11_second.source.a2","signature_b64":"oYVOZ8GxRTNBCUZ+Wl73IK8P7dUkfsbdOTaxvEU4+HdTmTwl0O95+aiHYXP0FWiHZYsitFvICzJdhbGtUqxpDw=="}]},"host":"P1","role":"ext"},"result":{"intent_id":"cd2c0c0a-861f-4d5b-ae66-034f4705a52c","execution_epoch":1,"stored":2,"replayed":0},"queries":10,"pid":4889}

    [0m [90m 181 |[39m       }
     [90m 182 |[39m       [90m// Query shapes, outcomes, fixture identifiers and process IDs only; never parameters.[39m
    [31m[1m>[22m[39m[90m 183 |[39m       console[33m.[39mwarn(
     [90m     |[39m               [31m[1m^[22m[39m
     [90m 184 |[39m         [32m'PG17_PROCESS'[39m[33m,[39m
     [90m 185 |[39m         [33mJSON[39m[33m.[39mstringify({
     [90m 186 |[39m           name[33m,[39m[0m

      at settleWorker (test/utils/g2-s11-pg-harness.ts:183:15)
      at ChildProcess.<anonymous> (test/utils/g2-s11-pg-harness.ts:202:7)

  console.warn
    PG17_PROCESS {"name":"g2g_35","options":{"action":"complete","coach":"s11d-coach-roster","intent":"cd2c0c0a-861f-4d5b-ae66-034f4705a52c","body":{"terminal_status":"success"},"host":"P1","role":"ext"},"result":{"acknowledged":true,"intent_id":"cd2c0c0a-861f-4d5b-ae66-034f4705a52c"},"queries":115,"pid":4908}

    [0m [90m 181 |[39m       }
     [90m 182 |[39m       [90m// Query shapes, outcomes, fixture identifiers and process IDs only; never parameters.[39m
    [31m[1m>[22m[39m[90m 183 |[39m       console[33m.[39mwarn(
     [90m     |[39m               [31m[1m^[22m[39m
     [90m 184 |[39m         [32m'PG17_PROCESS'[39m[33m,[39m
     [90m 185 |[39m         [33mJSON[39m[33m.[39mstringify({
     [90m 186 |[39m           name[33m,[39m[0m

      at settleWorker (test/utils/g2-s11-pg-harness.ts:183:15)
      at ChildProcess.<anonymous> (test/utils/g2-s11-pg-harness.ts:202:7)

  console.warn
    PG17_PROCESS {"name":"g2g_36","options":{"action":"pair-session","coach":"s11d-coach-roster","intent":"cd2c0c0a-861f-4d5b-ae66-034f4705a52c","host":"P2","role":"phone"},"result":{"status":"paired","import_intent_id":"cd2c0c0a-861f-4d5b-ae66-034f4705a52c","chosen_platform":"s11-label","readiness":{"run":"terminal","source_declared":true,"declared_platforms":2}},"queries":4,"pid":4932}

    [0m [90m 181 |[39m       }
     [90m 182 |[39m       [90m// Query shapes, outcomes, fixture identifiers and process IDs only; never parameters.[39m
    [31m[1m>[22m[39m[90m 183 |[39m       console[33m.[39mwarn(
     [90m     |[39m               [31m[1m^[22m[39m
     [90m 184 |[39m         [32m'PG17_PROCESS'[39m[33m,[39m
     [90m 185 |[39m         [33mJSON[39m[33m.[39mstringify({
     [90m 186 |[39m           name[33m,[39m[0m

      at settleWorker (test/utils/g2-s11-pg-harness.ts:183:15)
      at ChildProcess.<anonymous> (test/utils/g2-s11-pg-harness.ts:202:7)

  console.warn
    PG17_PROCESS {"name":"g2g_37","options":{"action":"roster","coach":"s11d-coach-roster","intent":"cd2c0c0a-861f-4d5b-ae66-034f4705a52c","host":"P1","role":"phone"},"result":{"intent_id":"cd2c0c0a-861f-4d5b-ae66-034f4705a52c","accounting":{"staged":2,"reconstructed":2,"skipped":0,"failed":0,"unclassified":0},"persons":[{"id":"fe72d40f-9010-4009-a977-c5d3f14dd1e7","state":"InvitePending","source_platform":"s10_unseen","source_person_id":"u10-m-1","display_name":"Synthetic Member One","created_at":"2026-09-29T15:44:10.843Z","updated_at":"2026-09-29T15:44:10.843Z"},{"id":"cd131b46-1368-49bc-9152-768384ad7697","state":"InvitePending","source_platform":"s10_unseen","source_person_id":"u10-m-2","display_name":"Synthetic Member Two","created_at":"2026-09-29T15:44:10.852Z","updated_at":"2026-09-29T15:44:10.852Z"}],"page":{"limit":50,"next_cursor":null,"has_more":false},"roster_bridge_pending":true},"queries":10,"pid":4951}

    [0m [90m 181 |[39m       }
     [90m 182 |[39m       [90m// Query shapes, outcomes, fixture identifiers and process IDs only; never parameters.[39m
    [31m[1m>[22m[39m[90m 183 |[39m       console[33m.[39mwarn(
     [90m     |[39m               [31m[1m^[22m[39m
     [90m 184 |[39m         [32m'PG17_PROCESS'[39m[33m,[39m
     [90m 185 |[39m         [33mJSON[39m[33m.[39mstringify({
     [90m 186 |[39m           name[33m,[39m[0m

      at settleWorker (test/utils/g2-s11-pg-harness.ts:183:15)
      at ChildProcess.<anonymous> (test/utils/g2-s11-pg-harness.ts:202:7)

  console.warn
    PG17_PROCESS {"name":"g2g_38","options":{"action":"roster","coach":"s11d-coach-roster","intent":"cd2c0c0a-861f-4d5b-ae66-034f4705a52c","host":"P2","role":"phone"},"result":{"intent_id":"cd2c0c0a-861f-4d5b-ae66-034f4705a52c","accounting":{"staged":2,"reconstructed":2,"skipped":0,"failed":0,"unclassified":0},"persons":[{"id":"fe72d40f-9010-4009-a977-c5d3f14dd1e7","state":"InvitePending","source_platform":"s10_unseen","source_person_id":"u10-m-1","display_name":"Synthetic Member One","created_at":"2026-09-29T15:44:10.843Z","updated_at":"2026-09-29T15:44:10.843Z"},{"id":"cd131b46-1368-49bc-9152-768384ad7697","state":"InvitePending","source_platform":"s10_unseen","source_person_id":"u10-m-2","display_name":"Synthetic Member Two","created_at":"2026-09-29T15:44:10.852Z","updated_at":"2026-09-29T15:44:10.852Z"}],"page":{"limit":50,"next_cursor":null,"has_more":false},"roster_bridge_pending":true},"queries":10,"pid":4970}

    [0m [90m 181 |[39m       }
     [90m 182 |[39m       [90m// Query shapes, outcomes, fixture identifiers and process IDs only; never parameters.[39m
    [31m[1m>[22m[39m[90m 183 |[39m       console[33m.[39mwarn(
     [90m     |[39m               [31m[1m^[22m[39m
     [90m 184 |[39m         [32m'PG17_PROCESS'[39m[33m,[39m
     [90m 185 |[39m         [33mJSON[39m[33m.[39mstringify({
     [90m 186 |[39m           name[33m,[39m[0m

      at settleWorker (test/utils/g2-s11-pg-harness.ts:183:15)
      at ChildProcess.<anonymous> (test/utils/g2-s11-pg-harness.ts:202:7)

Preparing worktree (detached HEAD 275e458c)
PASS test/scout/s11/journey-full.pg.spec.ts (93.094 s)
  S11-D full journey (J19) and core diff (J20)
    ✓ J19 leg A (native-clean): J01 -> J09 -> J12 -> J17 on two processes, ending `complete` with an EMPTY step-11 native roster read (nothing staged, D-S11-2 row 11) (50400 ms)
    ✓ J19 leg B (roster-bearing, S8-D1): the same chain with a staged `clients` row settles `complete` (clients verified through the typed person handoff, qualifier roster_bridge_pending still carried) and step 11 lists exactly the staged people as imported, not yet joined (32261 ms)
    ✓ every SLICE_COMMITS entry and S11_RANGE_END resolve and are ancestors of HEAD (pins are real, not stale) (173 ms)
    ✓ no src-touching commit in 3db615c0^..S11_RANGE_END is missing from the curated SLICE_COMMITS pins (D-S11D review C: the pins are curated, not discovered -- this walks the FULL range and fails loudly on any uncovered src commit, so a future rebase/insertion cannot silently bypass the two checks below, which only ever iterate the pinned list itself) (119 ms)
    ✓ rg -F -l finds no source slug in any S11 slice commit's own src/**/*.ts hunk (D-S11-7(7); a deterministic per-commit check, not a collapsed range) (182 ms)
    ✓ scripts/s10-core-diff-gate.sh still passes against its pinned B at the pinned D2 HEAD (7fdcbc04.../275e458c..., s10d2/d2_diagnose_fix.md L129-130) -- run in a disposable, read-only scratch worktree, since the gate's ALLOWED array is a literal list of D2's 8 files and can only ever match AT that commit, never at this slice's own later HEAD (564 ms)

Test Suites: 1 passed, 1 total
Tests:       6 passed, 6 total
Snapshots:   0 total
Time:        93.343 s
Ran all test suites within paths "test/scout/s11/journey-full.pg.spec.ts".
