PASS test/scout/induction/test-only-exclusion.spec.ts (10.075 s)
PASS test/scout/lifecycle/lifecycle.service.spec.ts
PASS test/scout/reconciliation/reconcile.spec.ts
PASS test/scout/entities/scout-entities.service.spec.ts
PASS test/scout/reconstruct/scout-reconstruct.service.spec.ts
[32m[Nest] 23793  - [39m09/27/2026, 5:48:22 PM [32m    LOG[39m [38;5;3m[ScoutReconstructService] [39m[32mscout.reconstruct completed {"intent_id":"intent-1","coach_id":"coach-1","staged":1,"reconstructed":1,"skipped":0,"failed":0}[39m
[32m[Nest] 23793  - [39m09/27/2026, 5:48:22 PM [32m    LOG[39m [38;5;3m[ScoutReconstructService] [39m[32mscout.reconstruct completed {"intent_id":"intent-1","coach_id":"coach-1","staged":1,"reconstructed":0,"skipped":1,"failed":0}[39m
[33m[Nest] 23793  - [39m09/27/2026, 5:48:22 PM [33m   WARN[39m [38;5;3m[ScoutReconstructService] [39m[33mscout.reconstruct completed with failures {"intent_id":"intent-1","coach_id":"coach-1","staged":1,"reconstructed":0,"skipped":0,"failed":1}[39m
[32m[Nest] 23793  - [39m09/27/2026, 5:48:22 PM [32m    LOG[39m [38;5;3m[ScoutReconstructService] [39m[32mscout.reconstruct completed {"intent_id":"intent-1","coach_id":"coach-1","staged":1,"reconstructed":1,"skipped":0,"failed":0}[39m
[32m[Nest] 23793  - [39m09/27/2026, 5:48:22 PM [32m    LOG[39m [38;5;3m[ScoutReconstructService] [39m[32mscout.reconstruct completed {"intent_id":"intent-1","coach_id":"coach-1","staged":1,"reconstructed":1,"skipped":0,"failed":0}[39m
[32m[Nest] 23793  - [39m09/27/2026, 5:48:22 PM [32m    LOG[39m [38;5;3m[ScoutReconstructService] [39m[32mscout.reconstruct completed {"intent_id":"intent-1","coach_id":"coach-1","staged":1,"reconstructed":1,"skipped":0,"failed":0}[39m
[32m[Nest] 23793  - [39m09/27/2026, 5:48:22 PM [32m    LOG[39m [38;5;3m[ScoutReconstructService] [39m[32mscout.reconstruct completed {"intent_id":"intent-1","coach_id":"coach-1","staged":1,"reconstructed":1,"skipped":0,"failed":0}[39m
[32m[Nest] 23793  - [39m09/27/2026, 5:48:22 PM [32m    LOG[39m [38;5;3m[ScoutReconstructService] [39m[32mscout.reconstruct completed {"intent_id":"intent-1","coach_id":"coach-1","staged":1,"reconstructed":1,"skipped":0,"failed":0}[39m
[32m[Nest] 23793  - [39m09/27/2026, 5:48:22 PM [32m    LOG[39m [38;5;3m[ScoutReconstructService] [39m[32mscout.reconstruct completed {"intent_id":"intent-1","coach_id":"coach-1","staged":1,"reconstructed":2,"skipped":0,"failed":0}[39m
[32m[Nest] 23793  - [39m09/27/2026, 5:48:22 PM [32m    LOG[39m [38;5;3m[ScoutReconstructService] [39m[32mscout.reconstruct completed {"intent_id":"intent-1","coach_id":"coach-1","staged":1,"reconstructed":1,"skipped":0,"failed":0}[39m
[32m[Nest] 23793  - [39m09/27/2026, 5:48:22 PM [32m    LOG[39m [38;5;3m[ScoutReconstructService] [39m[32mscout.reconstruct completed {"intent_id":"intent-1","coach_id":"coach-1","staged":1,"reconstructed":1,"skipped":1,"failed":0}[39m
[32m[Nest] 23793  - [39m09/27/2026, 5:48:22 PM [32m    LOG[39m [38;5;3m[ScoutReconstructService] [39m[32mscout.reconstruct completed {"intent_id":"intent-1","coach_id":"coach-1","staged":1,"reconstructed":1,"skipped":0,"failed":0}[39m
[33m[Nest] 23793  - [39m09/27/2026, 5:48:22 PM [33m   WARN[39m [38;5;3m[ScoutReconstructService] [39m[33mscout.reconstruct completed with failures {"intent_id":"intent-1","coach_id":"coach-1","staged":1,"reconstructed":1,"skipped":0,"failed":1}[39m
[32m[Nest] 23793  - [39m09/27/2026, 5:48:22 PM [32m    LOG[39m [38;5;3m[ScoutReconstructService] [39m[32mscout.reconstruct completed {"intent_id":"intent-1","coach_id":"coach-1","staged":1,"reconstructed":1,"skipped":0,"failed":0}[39m
[33m[Nest] 23793  - [39m09/27/2026, 5:48:22 PM [33m   WARN[39m [38;5;3m[ScoutReconstructService] [39m[33mscout.reconstruct completed with failures {"intent_id":"intent-1","coach_id":"coach-1","staged":1,"reconstructed":0,"skipped":0,"failed":1}[39m
[32m[Nest] 23793  - [39m09/27/2026, 5:48:22 PM [32m    LOG[39m [38;5;3m[ScoutReconstructService] [39m[32mscout.reconstruct completed {"intent_id":"intent-1","coach_id":"coach-1","staged":1,"reconstructed":0,"skipped":1,"failed":0}[39m
[32m[Nest] 23793  - [39m09/27/2026, 5:48:22 PM [32m    LOG[39m [38;5;3m[ScoutReconstructService] [39m[32mscout.reconstruct completed {"intent_id":"intent-1","coach_id":"coach-1","staged":1,"reconstructed":1,"skipped":0,"failed":0}[39m
[33m[Nest] 23793  - [39m09/27/2026, 5:48:22 PM [33m   WARN[39m [38;5;3m[ScoutReconstructService] [39m[33mscout.reconstruct completed with failures {"intent_id":"intent-1","coach_id":"coach-1","staged":2,"reconstructed":1,"skipped":0,"failed":1}[39m
[32m[Nest] 23793  - [39m09/27/2026, 5:48:22 PM [32m    LOG[39m [38;5;3m[ScoutReconstructService] [39m[32mscout.reconstruct completed {"intent_id":"intent-1","coach_id":"coach-1","staged":1,"reconstructed":0,"skipped":1,"failed":0}[39m
[33m[Nest] 23793  - [39m09/27/2026, 5:48:22 PM [33m   WARN[39m [38;5;3m[ScoutReconstructService] [39m[33mscout.reconstruct completed with failures {"intent_id":"intent-1","coach_id":"coach-1","staged":1,"reconstructed":0,"skipped":0,"failed":1}[39m
[32m[Nest] 23793  - [39m09/27/2026, 5:48:22 PM [32m    LOG[39m [38;5;3m[ScoutReconstructService] [39m[32mscout.reconstruct completed {"intent_id":"intent-1","coach_id":"coach-1","staged":1,"reconstructed":0,"skipped":1,"failed":0}[39m
[33m[Nest] 23793  - [39m09/27/2026, 5:48:22 PM [33m   WARN[39m [38;5;3m[ScoutReconstructService] [39m[33mscout.reconstruct completed with failures {"intent_id":"intent-1","coach_id":"coach-1","staged":1,"reconstructed":0,"skipped":0,"failed":1}[39m
[32m[Nest] 23793  - [39m09/27/2026, 5:48:22 PM [32m    LOG[39m [38;5;3m[ScoutReconstructService] [39m[32mscout.reconstruct completed {"intent_id":"intent-1","coach_id":"coach-1","staged":3,"reconstructed":3,"skipped":0,"failed":0}[39m
[32m[Nest] 23793  - [39m09/27/2026, 5:48:22 PM [32m    LOG[39m [38;5;3m[ScoutReconstructService] [39m[32mscout.reconstruct completed {"intent_id":"intent-1","coach_id":"coach-1","staged":2,"reconstructed":2,"skipped":0,"failed":0}[39m
[32m[Nest] 23793  - [39m09/27/2026, 5:48:22 PM [32m    LOG[39m [38;5;3m[ScoutReconstructService] [39m[32mscout.reconstruct completed {"intent_id":"intent-1","coach_id":"coach-1","staged":2,"reconstructed":2,"skipped":0,"failed":0}[39m
[32m[Nest] 23793  - [39m09/27/2026, 5:48:22 PM [32m    LOG[39m [38;5;3m[ScoutReconstructService] [39m[32mscout.reconstruct completed {"intent_id":"intent-1","coach_id":"coach-1","staged":2,"reconstructed":1,"skipped":1,"failed":0}[39m
[33m[Nest] 23793  - [39m09/27/2026, 5:48:22 PM [33m   WARN[39m [38;5;3m[ScoutReconstructService] [39m[33mscout.reconstruct completed with failures {"intent_id":"intent-1","coach_id":"coach-1","staged":3,"reconstructed":2,"skipped":0,"failed":1}[39m
[33m[Nest] 23793  - [39m09/27/2026, 5:48:22 PM [33m   WARN[39m [38;5;3m[ScoutReconstructService] [39m[33mscout.reconstruct completed with failures {"intent_id":"intent-1","coach_id":"coach-1","staged":1,"reconstructed":0,"skipped":0,"failed":1}[39m
[32m[Nest] 23793  - [39m09/27/2026, 5:48:22 PM [32m    LOG[39m [38;5;3m[ScoutReconstructService] [39m[32mscout.reconstruct completed {"intent_id":"intent-empty","coach_id":"coach-1","staged":0,"reconstructed":0,"skipped":0,"failed":0}[39m
[32m[Nest] 23793  - [39m09/27/2026, 5:48:22 PM [32m    LOG[39m [38;5;3m[ScoutReconstructService] [39m[32mscout.reconstruct completed {"intent_id":"intent-1","coach_id":"coach-1","staged":2,"reconstructed":1,"skipped":1,"failed":0}[39m
[33m[Nest] 23793  - [39m09/27/2026, 5:48:22 PM [33m   WARN[39m [38;5;3m[ScoutReconstructService] [39m[33mscout.reconstruct completed with failures {"intent_id":"intent-1","coach_id":"coach-1","staged":5,"reconstructed":2,"skipped":2,"failed":1}[39m
[32m[Nest] 23793  - [39m09/27/2026, 5:48:22 PM [32m    LOG[39m [38;5;3m[ScoutReconstructService] [39m[32mscout.reconstruct completed {"intent_id":"intent-1","coach_id":"coach-1","staged":1,"reconstructed":1,"skipped":0,"failed":0}[39m
[33m[Nest] 23793  - [39m09/27/2026, 5:48:22 PM [33m   WARN[39m [38;5;3m[ScoutReconstructService] [39m[33mscout.reconstruct completed with failures {"intent_id":"intent-1","coach_id":"coach-1","staged":2,"reconstructed":1,"skipped":0,"failed":1}[39m
[32m[Nest] 23793  - [39m09/27/2026, 5:48:22 PM [32m    LOG[39m [38;5;3m[ScoutReconstructService] [39m[32mscout.reconstruct completed {"intent_id":"intent-1","coach_id":"coach-1","staged":2,"reconstructed":2,"skipped":0,"failed":0}[39m
[32m[Nest] 23793  - [39m09/27/2026, 5:48:22 PM [32m    LOG[39m [38;5;3m[ScoutReconstructService] [39m[32mscout.reconstruct completed {"intent_id":"intent-1","coach_id":"coach-1","staged":1,"reconstructed":1,"skipped":0,"failed":0}[39m
[32m[Nest] 23793  - [39m09/27/2026, 5:48:22 PM [32m    LOG[39m [38;5;3m[ScoutReconstructService] [39m[32mscout.reconstruct completed {"intent_id":"intent-1","coach_id":"coach-1","staged":1,"reconstructed":1,"skipped":0,"failed":0}[39m
[32m[Nest] 23793  - [39m09/27/2026, 5:48:22 PM [32m    LOG[39m [38;5;3m[ScoutReconstructService] [39m[32mscout.reconstruct completed {"intent_id":"intent-1","coach_id":"coach-A","staged":1,"reconstructed":1,"skipped":0,"failed":0}[39m
[32m[Nest] 23793  - [39m09/27/2026, 5:48:22 PM [32m    LOG[39m [38;5;3m[ScoutReconstructService] [39m[32mscout.reconstruct completed {"intent_id":"intent-1","coach_id":"coach-B","staged":1,"reconstructed":1,"skipped":0,"failed":0}[39m
[32m[Nest] 23793  - [39m09/27/2026, 5:48:22 PM [32m    LOG[39m [38;5;3m[ScoutReconstructService] [39m[32mscout.reconstruct completed {"intent_id":"intent-1","coach_id":"coach-1","staged":1,"reconstructed":0,"skipped":1,"failed":0}[39m
[32m[Nest] 23793  - [39m09/27/2026, 5:48:22 PM [32m    LOG[39m [38;5;3m[ScoutReconstructService] [39m[32mscout.reconstruct completed {"intent_id":"intent-success","coach_id":"coach-1","staged":1,"reconstructed":1,"skipped":0,"failed":0}[39m
[32m[Nest] 23793  - [39m09/27/2026, 5:48:22 PM [32m    LOG[39m [38;5;3m[ScoutReconstructService] [39m[32mscout.reconstruct completed {"intent_id":"intent-partial","coach_id":"coach-1","staged":1,"reconstructed":1,"skipped":0,"failed":0}[39m
[32m[Nest] 23793  - [39m09/27/2026, 5:48:22 PM [32m    LOG[39m [38;5;3m[ScoutReconstructService] [39m[32mscout.reconstruct completed {"intent_id":"intent-failed","coach_id":"coach-1","staged":1,"reconstructed":1,"skipped":0,"failed":0}[39m
[32m[Nest] 23793  - [39m09/27/2026, 5:48:22 PM [32m    LOG[39m [38;5;3m[ScoutReconstructService] [39m[32mscout.reconstruct completed {"intent_id":"intent-1","coach_id":"coach-1","staged":1,"reconstructed":1,"skipped":0,"failed":0}[39m
[32m[Nest] 23793  - [39m09/27/2026, 5:48:22 PM [32m    LOG[39m [38;5;3m[ScoutReconstructService] [39m[32mscout.reconstruct completed {"intent_id":"intent-A","coach_id":"coach-1","staged":2,"reconstructed":2,"skipped":0,"failed":0}[39m
[32m[Nest] 23793  - [39m09/27/2026, 5:48:22 PM [32m    LOG[39m [38;5;3m[ScoutReconstructService] [39m[32mscout.reconstruct completed {"intent_id":"intent-A","coach_id":"coach-1","staged":2,"reconstructed":2,"skipped":0,"failed":0}[39m
[33m[Nest] 23793  - [39m09/27/2026, 5:48:22 PM [33m   WARN[39m [38;5;3m[ScoutReconstructService] [39m[33mscout.reconstruct completed with failures {"intent_id":"intent-1","coach_id":"coach-1","staged":3,"reconstructed":1,"skipped":1,"failed":1}[39m
[33m[Nest] 23793  - [39m09/27/2026, 5:48:22 PM [33m   WARN[39m [38;5;3m[ScoutReconstructService] [39m[33mscout.reconstruct rejected oversized intent {"intent_id":"intent-huge","coach_id":"coach-1","staged":10001,"max":10000}[39m
[32m[Nest] 23793  - [39m09/27/2026, 5:48:22 PM [32m    LOG[39m [38;5;3m[ScoutReconstructService] [39m[32mscout.reconstruct completed {"intent_id":"intent-1","coach_id":"coach-1","staged":10000,"reconstructed":1,"skipped":0,"failed":0}[39m
[32m[Nest] 23793  - [39m09/27/2026, 5:48:22 PM [32m    LOG[39m [38;5;3m[ScoutReconstructService] [39m[32mscout.reconstruct completed {"intent_id":"intent-big","coach_id":"coach-1","staged":1001,"reconstructed":1001,"skipped":0,"failed":0}[39m
[32m[Nest] 23793  - [39m09/27/2026, 5:48:22 PM [32m    LOG[39m [38;5;3m[ScoutReconstructService] [39m[32mscout.reconstruct completed {"intent_id":"intent-1","coach_id":"coach-1","staged":1,"reconstructed":1,"skipped":0,"failed":0}[39m
[33m[Nest] 23793  - [39m09/27/2026, 5:48:22 PM [33m   WARN[39m [38;5;3m[ScoutReconstructService] [39m[33mscout.reconstruct completed with failures {"intent_id":"intent-1","coach_id":"coach-1","staged":1,"reconstructed":0,"skipped":0,"failed":1}[39m
[32m[Nest] 23793  - [39m09/27/2026, 5:48:22 PM [32m    LOG[39m [38;5;3m[ScoutReconstructService] [39m[32mscout.reconstruct completed {"intent_id":"intent-1","coach_id":"coach-1","staged":2,"reconstructed":2,"skipped":0,"failed":0}[39m
[32m[Nest] 23793  - [39m09/27/2026, 5:48:22 PM [32m    LOG[39m [38;5;3m[ScoutReconstructService] [39m[32mscout.reconstruct completed {"intent_id":"intent-1","coach_id":"coach-1","staged":2,"reconstructed":2,"skipped":0,"failed":0}[39m
[32m[Nest] 23793  - [39m09/27/2026, 5:48:22 PM [32m    LOG[39m [38;5;3m[ScoutReconstructService] [39m[32mscout.reconstruct completed {"intent_id":"intent-1","coach_id":"coach-7","staged":1,"reconstructed":1,"skipped":0,"failed":0}[39m
PASS test/scout/reconciliation/facts.service.spec.ts
PASS test/scout/roster/scout-roster.service.spec.ts
PASS test/scout/reconciliation/facts.service.coverage.spec.ts
PASS test/scout/induction/verify.spec.ts
PASS test/utils/g2-s11-db-guard.spec.ts
PASS test/scout/reconstruct/conformance-alpha.e2e.spec.ts
[32m[Nest] 23793  - [39m09/27/2026, 5:48:25 PM [32m    LOG[39m [38;5;3m[ScoutReconstructService] [39m[32mscout.reconstruct completed {"intent_id":"intent-conformance-1","coach_id":"coach-conformance","staged":6,"reconstructed":6,"skipped":0,"failed":0}[39m
[32m[Nest] 23793  - [39m09/27/2026, 5:48:25 PM [32m    LOG[39m [38;5;3m[ScoutReconstructService] [39m[32mscout.reconstruct completed {"intent_id":"intent-conformance-1","coach_id":"coach-conformance","staged":6,"reconstructed":6,"skipped":0,"failed":0}[39m
[32m[Nest] 23793  - [39m09/27/2026, 5:48:25 PM [32m    LOG[39m [38;5;3m[ScoutReconstructService] [39m[32mscout.reconstruct completed {"intent_id":"intent-conformance-1","coach_id":"coach-conformance","staged":6,"reconstructed":6,"skipped":0,"failed":0}[39m
[32m[Nest] 23793  - [39m09/27/2026, 5:48:25 PM [32m    LOG[39m [38;5;3m[ScoutReconstructService] [39m[32mscout.reconstruct completed {"intent_id":"intent-conformance-1","coach_id":"coach-conformance","staged":6,"reconstructed":6,"skipped":0,"failed":0}[39m
[32m[Nest] 23793  - [39m09/27/2026, 5:48:25 PM [32m    LOG[39m [38;5;3m[ScoutReconstructService] [39m[32mscout.reconstruct completed {"intent_id":"intent-conformance-1","coach_id":"coach-conformance","staged":6,"reconstructed":6,"skipped":0,"failed":0}[39m
[32m[Nest] 23793  - [39m09/27/2026, 5:48:25 PM [32m    LOG[39m [38;5;3m[ScoutReconstructService] [39m[32mscout.reconstruct completed {"intent_id":"intent-conformance-1","coach_id":"coach-conformance","staged":3,"reconstructed":3,"skipped":0,"failed":0}[39m
[32m[Nest] 23793  - [39m09/27/2026, 5:48:25 PM [32m    LOG[39m [38;5;3m[ScoutReconstructService] [39m[32mscout.reconstruct completed {"intent_id":"intent-conformance-1","coach_id":"coach-conformance","staged":3,"reconstructed":3,"skipped":0,"failed":0}[39m
[32m[Nest] 23793  - [39m09/27/2026, 5:48:25 PM [32m    LOG[39m [38;5;3m[ScoutReconstructService] [39m[32mscout.reconstruct completed {"intent_id":"intent-conformance-1","coach_id":"coach-a","staged":6,"reconstructed":6,"skipped":0,"failed":0}[39m
[32m[Nest] 23793  - [39m09/27/2026, 5:48:25 PM [32m    LOG[39m [38;5;3m[ScoutReconstructService] [39m[32mscout.reconstruct completed {"intent_id":"intent-conformance-1","coach_id":"coach-b","staged":6,"reconstructed":6,"skipped":0,"failed":0}[39m
[33m[Nest] 23793  - [39m09/27/2026, 5:48:25 PM [33m   WARN[39m [38;5;3m[ScoutReconstructService] [39m[33mscout.reconstruct completed with failures {"intent_id":"intent-adversarial","coach_id":"coach-conformance","staged":2,"reconstructed":0,"skipped":1,"failed":1}[39m
PASS test/scout/reconstruct/mapping-spec.equivalence.spec.ts
PASS test/scout/orchestration/reconstruct-run.spec.ts
[33m[Nest] 23793  - [39m09/27/2026, 5:48:27 PM [33m   WARN[39m [38;5;3m[ScoutReconstructService] [39m[33mscout.reconstruct run pass stopped or degraded {"intent_id":"3f2b9c1e-4d5a-4b6c-8d7e-9f0a1b2c3d4e","coach_id":"coach-A","epoch":1,"stopped":null,"families":[{"token":"people","family":"clients","staged":3,"reconstructed":1,"skipped":1,"failed":1,"stopped":null},{"token":"notes","family":null,"staged":1,"reconstructed":0,"skipped":1,"failed":0,"stopped":null}],"unmapped_families":["notes"]}[39m
[33m[Nest] 23793  - [39m09/27/2026, 5:48:27 PM [33m   WARN[39m [38;5;3m[ScoutReconstructService] [39m[33mscout.reconstruct run pass stopped or degraded {"intent_id":"3f2b9c1e-4d5a-4b6c-8d7e-9f0a1b2c3d4e","coach_id":"coach-A","epoch":1,"stopped":"gate_closed","families":[],"unmapped_families":[]}[39m
[32m[Nest] 23793  - [39m09/27/2026, 5:48:27 PM [32m    LOG[39m [38;5;3m[ScoutReconstructService] [39m[32mscout.reconstruct run pass completed {"intent_id":"3f2b9c1e-4d5a-4b6c-8d7e-9f0a1b2c3d4e","coach_id":"coach-A","epoch":1,"stopped":null,"families":[{"token":"people","family":"clients","staged":1,"reconstructed":1,"skipped":0,"failed":0,"stopped":null},{"token":"blocks","family":"programs","staged":1,"reconstructed":0,"skipped":1,"failed":0,"stopped":null},{"token":"notes","family":null,"staged":1,"reconstructed":0,"skipped":1,"failed":0,"stopped":null}],"unmapped_families":["notes"]}[39m
[33m[Nest] 23793  - [39m09/27/2026, 5:48:27 PM [33m   WARN[39m [38;5;3m[ScoutReconstructService] [39m[33mscout.reconstruct completed with failures {"intent_id":"3f2b9c1e-4d5a-4b6c-8d7e-9f0a1b2c3d4e","coach_id":"coach-A","staged":3,"reconstructed":1,"skipped":1,"failed":1}[39m
[33m[Nest] 23793  - [39m09/27/2026, 5:48:27 PM [33m   WARN[39m [38;5;3m[ScoutReconstructService] [39m[33mscout.reconstruct run pass stopped or degraded {"intent_id":"3f2b9c1e-4d5a-4b6c-8d7e-9f0a1b2c3d4e","coach_id":"coach-A","epoch":1,"stopped":"gate_closed","families":[],"unmapped_families":["notes"]}[39m
[33m[Nest] 23793  - [39m09/27/2026, 5:48:27 PM [33m   WARN[39m [38;5;3m[ScoutReconstructService] [39m[33mscout.reconstruct run pass stopped or degraded {"intent_id":"3f2b9c1e-4d5a-4b6c-8d7e-9f0a1b2c3d4e","coach_id":"coach-A","epoch":1,"stopped":"gate_closed","families":[],"unmapped_families":[]}[39m
[32m[Nest] 23793  - [39m09/27/2026, 5:48:27 PM [32m    LOG[39m [38;5;3m[ScoutReconstructService] [39m[32mscout.reconstruct run pass completed {"intent_id":"3f2b9c1e-4d5a-4b6c-8d7e-9f0a1b2c3d4e","coach_id":"coach-A","epoch":1,"stopped":null,"families":[{"token":"people","family":"clients","staged":1,"reconstructed":1,"skipped":0,"failed":0,"stopped":null},{"token":"blocks","family":"programs","staged":1,"reconstructed":1,"skipped":0,"failed":0,"stopped":null},{"token":"routines","family":"workouts","staged":1,"reconstructed":1,"skipped":0,"failed":0,"stopped":null},{"token":"log","family":"client_history","staged":1,"reconstructed":1,"skipped":0,"failed":0,"stopped":null},{"token":"notes","family":null,"staged":1,"reconstructed":0,"skipped":1,"failed":0,"stopped":null}],"unmapped_families":["notes"]}[39m
[33m[Nest] 23793  - [39m09/27/2026, 5:48:27 PM [33m   WARN[39m [38;5;3m[ScoutReconstructService] [39m[33mscout.reconstruct rejected oversized intent {"intent_id":"3f2b9c1e-4d5a-4b6c-8d7e-9f0a1b2c3d4e","coach_id":"coach-A","staged":10001,"max":10000}[39m
[33m[Nest] 23793  - [39m09/27/2026, 5:48:27 PM [33m   WARN[39m [38;5;3m[ScoutReconstructService] [39m[33mscout.reconstruct run pass stopped or degraded {"intent_id":"3f2b9c1e-4d5a-4b6c-8d7e-9f0a1b2c3d4e","coach_id":"coach-A","epoch":1,"stopped":null,"families":[{"token":"blocks","family":"programs","staged":10001,"reconstructed":0,"skipped":0,"failed":0,"stopped":"over_ceiling"},{"token":"routines","family":"workouts","staged":1,"reconstructed":1,"skipped":0,"failed":0,"stopped":null}],"unmapped_families":[]}[39m
[33m[Nest] 23793  - [39m09/27/2026, 5:48:27 PM [33m   WARN[39m [38;5;3m[ScoutReconstructService] [39m[33mscout.reconstruct run pass stopped or degraded {"intent_id":"3f2b9c1e-4d5a-4b6c-8d7e-9f0a1b2c3d4e","coach_id":"coach-A","epoch":1,"stopped":null,"families":[{"token":"routines","family":"workouts","staged":1,"reconstructed":1,"skipped":0,"failed":0,"stopped":null},{"token":"blocks","family":null,"staged":1,"reconstructed":0,"skipped":0,"failed":0,"stopped":"provenance_conflict"}],"unmapped_families":["blocks"]}[39m
[33m[Nest] 23793  - [39m09/27/2026, 5:48:27 PM [33m   WARN[39m [38;5;3m[ScoutReconstructService] [39m[33mscout.reconstruct run pass stopped or degraded {"intent_id":"3f2b9c1e-4d5a-4b6c-8d7e-9f0a1b2c3d4e","coach_id":"coach-A","epoch":1,"stopped":null,"families":[{"token":"blocks","family":"programs","staged":1,"reconstructed":0,"skipped":0,"failed":0,"stopped":"provenance_conflict"},{"token":"routines","family":"workouts","staged":1,"reconstructed":1,"skipped":0,"failed":0,"stopped":null}],"unmapped_families":[]}[39m
[32m[Nest] 23793  - [39m09/27/2026, 5:48:27 PM [32m    LOG[39m [38;5;3m[ScoutReconstructService] [39m[32mscout.reconstruct run pass completed {"intent_id":"3f2b9c1e-4d5a-4b6c-8d7e-9f0a1b2c3d4e","coach_id":"coach-A","epoch":1,"stopped":null,"families":[{"token":"people","family":"clients","staged":1,"reconstructed":1,"skipped":0,"failed":0,"stopped":null},{"token":"notes","family":null,"staged":1,"reconstructed":0,"skipped":1,"failed":0,"stopped":null}],"unmapped_families":["notes"]}[39m
[32m[Nest] 23793  - [39m09/27/2026, 5:48:27 PM [32m    LOG[39m [38;5;3m[ScoutReconstructService] [39m[32mscout.reconstruct run pass completed {"intent_id":"3f2b9c1e-4d5a-4b6c-8d7e-9f0a1b2c3d4e","coach_id":"coach-A","epoch":1,"stopped":null,"families":[{"token":"people","family":"clients","staged":1,"reconstructed":1,"skipped":0,"failed":0,"stopped":null}],"unmapped_families":[]}[39m
PASS test/scout/reconstruct/native/native-writers.spec.ts
PASS test/scout/induction/observation.service.spec.ts
PASS test/scout/s10/s10-unseen.e2e.spec.ts
PASS test/scout/reconstruct/mapping-spec.spec.ts
PASS test/scout/reconstruct/scout-reconstruct.families.spec.ts
[32m[Nest] 23793  - [39m09/27/2026, 5:48:29 PM [32m    LOG[39m [38;5;3m[ScoutReconstructService] [39m[32mscout.reconstruct completed {"intent_id":"intent-1","coach_id":"coach-1","staged":3,"reconstructed":3,"skipped":0,"failed":0}[39m
[32m[Nest] 23793  - [39m09/27/2026, 5:48:29 PM [32m    LOG[39m [38;5;3m[ScoutReconstructService] [39m[32mscout.reconstruct completed {"intent_id":"intent-1","coach_id":"coach-1","staged":2,"reconstructed":2,"skipped":0,"failed":0}[39m
[32m[Nest] 23793  - [39m09/27/2026, 5:48:29 PM [32m    LOG[39m [38;5;3m[ScoutReconstructService] [39m[32mscout.reconstruct completed {"intent_id":"intent-1","coach_id":"coach-1","staged":2,"reconstructed":2,"skipped":0,"failed":0}[39m
[32m[Nest] 23793  - [39m09/27/2026, 5:48:29 PM [32m    LOG[39m [38;5;3m[ScoutReconstructService] [39m[32mscout.reconstruct completed {"intent_id":"intent-1","coach_id":"coach-1","staged":1,"reconstructed":1,"skipped":0,"failed":0}[39m
[32m[Nest] 23793  - [39m09/27/2026, 5:48:29 PM [32m    LOG[39m [38;5;3m[ScoutReconstructService] [39m[32mscout.reconstruct completed {"intent_id":"intent-1","coach_id":"coach-1","staged":2,"reconstructed":1,"skipped":1,"failed":0}[39m
[33m[Nest] 23793  - [39m09/27/2026, 5:48:29 PM [33m   WARN[39m [38;5;3m[ScoutReconstructService] [39m[33mscout.reconstruct completed with failures {"intent_id":"intent-1","coach_id":"coach-1","staged":3,"reconstructed":2,"skipped":0,"failed":1}[39m
[32m[Nest] 23793  - [39m09/27/2026, 5:48:29 PM [32m    LOG[39m [38;5;3m[ScoutReconstructService] [39m[32mscout.reconstruct completed {"intent_id":"intent-1","coach_id":"coach-1","staged":1,"reconstructed":1,"skipped":0,"failed":0}[39m
[32m[Nest] 23793  - [39m09/27/2026, 5:48:29 PM [32m    LOG[39m [38;5;3m[ScoutReconstructService] [39m[32mscout.reconstruct completed {"intent_id":"intent-1","coach_id":"coach-1","staged":1,"reconstructed":1,"skipped":0,"failed":0}[39m
[32m[Nest] 23793  - [39m09/27/2026, 5:48:29 PM [32m    LOG[39m [38;5;3m[ScoutReconstructService] [39m[32mscout.reconstruct completed {"intent_id":"intent-1","coach_id":"coach-7","staged":1,"reconstructed":1,"skipped":0,"failed":0}[39m
[32m[Nest] 23793  - [39m09/27/2026, 5:48:29 PM [32m    LOG[39m [38;5;3m[ScoutReconstructService] [39m[32mscout.reconstruct completed {"intent_id":"intent-1","coach_id":"coach-1","staged":3,"reconstructed":3,"skipped":0,"failed":0}[39m
[32m[Nest] 23793  - [39m09/27/2026, 5:48:29 PM [32m    LOG[39m [38;5;3m[ScoutReconstructService] [39m[32mscout.reconstruct completed {"intent_id":"intent-1","coach_id":"coach-1","staged":2,"reconstructed":2,"skipped":0,"failed":0}[39m
[32m[Nest] 23793  - [39m09/27/2026, 5:48:29 PM [32m    LOG[39m [38;5;3m[ScoutReconstructService] [39m[32mscout.reconstruct completed {"intent_id":"intent-1","coach_id":"coach-1","staged":2,"reconstructed":2,"skipped":0,"failed":0}[39m
[32m[Nest] 23793  - [39m09/27/2026, 5:48:29 PM [32m    LOG[39m [38;5;3m[ScoutReconstructService] [39m[32mscout.reconstruct completed {"intent_id":"intent-1","coach_id":"coach-1","staged":1,"reconstructed":1,"skipped":0,"failed":0}[39m
[32m[Nest] 23793  - [39m09/27/2026, 5:48:29 PM [32m    LOG[39m [38;5;3m[ScoutReconstructService] [39m[32mscout.reconstruct completed {"intent_id":"intent-1","coach_id":"coach-1","staged":2,"reconstructed":1,"skipped":1,"failed":0}[39m
[33m[Nest] 23793  - [39m09/27/2026, 5:48:29 PM [33m   WARN[39m [38;5;3m[ScoutReconstructService] [39m[33mscout.reconstruct completed with failures {"intent_id":"intent-1","coach_id":"coach-1","staged":3,"reconstructed":2,"skipped":0,"failed":1}[39m
[32m[Nest] 23793  - [39m09/27/2026, 5:48:29 PM [32m    LOG[39m [38;5;3m[ScoutReconstructService] [39m[32mscout.reconstruct completed {"intent_id":"intent-1","coach_id":"coach-1","staged":1,"reconstructed":1,"skipped":0,"failed":0}[39m
[32m[Nest] 23793  - [39m09/27/2026, 5:48:29 PM [32m    LOG[39m [38;5;3m[ScoutReconstructService] [39m[32mscout.reconstruct completed {"intent_id":"intent-1","coach_id":"coach-1","staged":1,"reconstructed":1,"skipped":0,"failed":0}[39m
[32m[Nest] 23793  - [39m09/27/2026, 5:48:29 PM [32m    LOG[39m [38;5;3m[ScoutReconstructService] [39m[32mscout.reconstruct completed {"intent_id":"intent-1","coach_id":"coach-7","staged":1,"reconstructed":1,"skipped":0,"failed":0}[39m
[32m[Nest] 23793  - [39m09/27/2026, 5:48:29 PM [32m    LOG[39m [38;5;3m[ScoutReconstructService] [39m[32mscout.reconstruct completed {"intent_id":"intent-1","coach_id":"coach-1","staged":2,"reconstructed":2,"skipped":0,"failed":0}[39m
[32m[Nest] 23793  - [39m09/27/2026, 5:48:29 PM [32m    LOG[39m [38;5;3m[ScoutReconstructService] [39m[32mscout.reconstruct completed {"intent_id":"intent-1","coach_id":"coach-1","staged":2,"reconstructed":2,"skipped":0,"failed":0}[39m
[32m[Nest] 23793  - [39m09/27/2026, 5:48:29 PM [32m    LOG[39m [38;5;3m[ScoutReconstructService] [39m[32mscout.reconstruct completed {"intent_id":"intent-1","coach_id":"coach-1","staged":1,"reconstructed":1,"skipped":0,"failed":0}[39m
PASS test/scout/scout-diagnostics-boundary.spec.ts
PASS test/scout/scout-ingest.service.spec.ts
PASS test/scout/lifecycle/s11b-settle-redrive.spec.ts
PASS test/scout/orchestration/settle-hook.spec.ts
PASS test/scout/reconstruct/native/native-families.spec.ts
PASS test/scout/induction/manifest-registry.spec.ts
PASS test/scout/reconstruct/mapping-spec.third-source.spec.ts
[32m[Nest] 23793  - [39m09/27/2026, 5:48:34 PM [32m    LOG[39m [38;5;3m[ScoutReconstructService] [39m[32mscout.reconstruct completed {"intent_id":"intent-1","coach_id":"coach-1","staged":3,"reconstructed":2,"skipped":1,"failed":0}[39m
[32m[Nest] 23793  - [39m09/27/2026, 5:48:34 PM [32m    LOG[39m [38;5;3m[ScoutReconstructService] [39m[32mscout.reconstruct completed {"intent_id":"intent-1","coach_id":"coach-1","staged":1,"reconstructed":1,"skipped":0,"failed":0}[39m
[32m[Nest] 23793  - [39m09/27/2026, 5:48:34 PM [32m    LOG[39m [38;5;3m[ScoutReconstructService] [39m[32mscout.reconstruct completed {"intent_id":"intent-1","coach_id":"coach-1","staged":3,"reconstructed":2,"skipped":1,"failed":0}[39m
PASS test/scout/reconstruct/native/native-rules.spec.ts
PASS test/scout/g2-s9c-db-guard.spec.ts
PASS test/scout/entities/scout-entities.contract.spec.ts
PASS test/scout/induction/parse.spec.ts
PASS test/scout/induction/observation.controller.spec.ts
PASS test/scout/g2-s8g-db-guard.spec.ts
PASS test/scout/scout-ingest.validation.integration.spec.ts
PASS test/scout/reconstruct/conformance-alpha.mapper.spec.ts
PASS test/scout/scout-cursor.spec.ts
PASS test/scout/scout-ingest.controller.spec.ts
PASS test/scout/reconstruct/native/engine-handoff.spec.ts
[32m[Nest] 23793  - [39m09/27/2026, 5:48:38 PM [32m    LOG[39m [38;5;3m[ScoutReconstructService] [39m[32mscout.reconstruct completed {"intent_id":"intent-1","coach_id":"coach-a","staged":1,"reconstructed":1,"skipped":0,"failed":0}[39m
[32m[Nest] 23793  - [39m09/27/2026, 5:48:38 PM [32m    LOG[39m [38;5;3m[ScoutReconstructService] [39m[32mscout.reconstruct completed {"intent_id":"intent-1","coach_id":"coach-a","staged":1,"reconstructed":0,"skipped":1,"failed":0}[39m
[32m[Nest] 23793  - [39m09/27/2026, 5:48:38 PM [32m    LOG[39m [38;5;3m[ScoutReconstructService] [39m[32mscout.reconstruct completed {"intent_id":"intent-1","coach_id":"coach-a","staged":1,"reconstructed":1,"skipped":0,"failed":0}[39m
[32m[Nest] 23793  - [39m09/27/2026, 5:48:38 PM [32m    LOG[39m [38;5;3m[ScoutReconstructService] [39m[32mscout.reconstruct completed {"intent_id":"intent-1","coach_id":"coach-a","staged":1,"reconstructed":1,"skipped":0,"failed":0}[39m
[32m[Nest] 23793  - [39m09/27/2026, 5:48:38 PM [32m    LOG[39m [38;5;3m[ScoutReconstructService] [39m[32mscout.reconstruct completed {"intent_id":"intent-1","coach_id":"coach-a","staged":1,"reconstructed":1,"skipped":0,"failed":0}[39m
[32m[Nest] 23793  - [39m09/27/2026, 5:48:38 PM [32m    LOG[39m [38;5;3m[ScoutReconstructService] [39m[32mscout.reconstruct completed {"intent_id":"intent-1","coach_id":"coach-a","staged":1,"reconstructed":0,"skipped":1,"failed":0}[39m
[32m[Nest] 23793  - [39m09/27/2026, 5:48:38 PM [32m    LOG[39m [38;5;3m[ScoutReconstructService] [39m[32mscout.reconstruct completed {"intent_id":"intent-1","coach_id":"coach-a","staged":1,"reconstructed":1,"skipped":0,"failed":0}[39m
[32m[Nest] 23793  - [39m09/27/2026, 5:48:38 PM [32m    LOG[39m [38;5;3m[ScoutReconstructService] [39m[32mscout.reconstruct completed {"intent_id":"intent-1","coach_id":"coach-a","staged":2,"reconstructed":2,"skipped":0,"failed":0}[39m
[33m[Nest] 23793  - [39m09/27/2026, 5:48:38 PM [33m   WARN[39m [38;5;3m[ScoutReconstructService] [39m[33mscout.reconstruct completed with failures {"intent_id":"intent-1","coach_id":"coach-a","staged":1,"reconstructed":0,"skipped":0,"failed":1}[39m
PASS test/scout/g2-s9-db-guard.spec.ts
PASS test/scout/g2-s8c-db-guard.spec.ts
PASS test/scout/reconstruct/truecoach-entity.mapper.spec.ts
PASS test/scout/reconstruct/scout-reconstruct.migration.spec.ts
PASS test/scout/entities/scout-entities.rls.live.spec.ts
PASS test/scout/entities/scout-entities.controller.spec.ts
PASS test/scout/lifecycle/arbiter.spec.ts
PASS test/scout/reconstruct/source-mapper-registry.spec.ts
PASS test/scout/g2-s8f-db-guard.spec.ts
PASS test/scout/reconstruct/scout-reconstruct.controller.spec.ts
PASS test/scout/reconstruct/scout-reconstructed-entity.migration.spec.ts
PASS test/scout/orchestration/family-plan.spec.ts
PASS test/scout/roster/scout-roster.controller.spec.ts
PASS test/scout/g2-s7l-db-guard.spec.ts
PASS test/scout/g2-s8b-db-guard.spec.ts
PASS test/scout/g2-c-db-guard.spec.ts
PASS test/scout/scout-diagnostics-public-cause.spec.ts
PASS test/scout/scout-diagnostics-public.spec.ts
PASS test/scout/g2-nq1-db-guard.spec.ts
PASS test/scout/scout-ingest.idempotency.spec.ts
PASS test/scout/reconstruct/truecoach-clients.mapper.spec.ts
PASS test/scout/g2-r-ready-db-guard.spec.ts
PASS test/scout/reconciliation/catalogue-parity.spec.ts
PASS test/scout/lifecycle/run.controller.spec.ts
PASS test/scout/g2-b-drain-db-guard.spec.ts
PASS test/scout/g2-pg17-db-guard.spec.ts
PASS test/scout/induction/digest.spec.ts
PASS test/scout/induction/s10c-wiring.spec.ts
PASS test/scout/scout-diagnostics.integrity.spec.ts
PASS test/scout/reconstruct/scout-reconstruct.flag.spec.ts
PASS test/scout/entities/scout-entities.flag.spec.ts
PASS test/scout/roster/scout-roster.flag.spec.ts
PASS test/scout/induction/contract.spec.ts
PASS test/scout/g2-ledger-target.spec.ts
PASS test/scout/g2-tq0-db-guard.spec.ts

Test Suites: 71 passed, 71 total
Tests:       5 skipped, 1800 passed, 1805 total
Snapshots:   0 total
Time:        41.345 s
Ran all test suites matching test/scout|test/utils/g2-s11-db-guard.spec.ts.
BROAD_RC=0
