TS=20260920T225445Z STAGE=oldroot RUNNER=s5-r3
HEAD=485c67973b56758fb9b8404579f5ddaec87136bd TREE=2fbf5028413557f99faea3f1de27b1352a4fe8d4
 M test/rls-g2-pg17-etq0.spec.ts
 M test/utils/g2-pg17-bootstrap.sh
 M test/utils/g2-pg17-harness.ts
 M test/utils/g2-tq0-worker.cjs
?? test/utils/g2-pg17-old-root.sh
node v20.20.1 npm 10.8.2 psql: absent
G2_PG17_CONFIRM=g2_s5_etq0_disposable:54325
G2_PG17_DATABASE_URL=postgresql://s5_super@127.0.0.1:54325/g2_s5_etq0_disposable?schema=public&connection_limit=2
G2_PG17_DATA_DIRECTORY=/home/user/pg17/clusters/s5
G2_PG17_OLD_CLIENT=/home/user/workspace/execution/s5-r3/old-client-925780e0
G2_PG17_OLD_ROOT=/home/user/workspace/execution/s5-r3/old-root-925780e0
G2_PG17_PSQL=/usr/bin/psql
G2_PG17_SERVER_VERSION=170006
NODE_OPTIONS=--max-old-space-size=4096
G2_PG17_PASSWORD=<from environment, not logged>
2
               total        used        free      shared  buff/cache   available
Mem:            7966         259        4422           8        3392        7706
