CMD: G2_PG17_OLD_ROOT=/home/user/workspace/execution/s5-r3/old-root-925780e0 bash test/utils/g2-pg17-old-root.sh create (path already exists from failed first attempt -> verify only)
HEAD=485c67973b56758fb9b8404579f5ddaec87136bd TREE=2fbf5028413557f99faea3f1de27b1352a4fe8d4
old root already exists; verifying only
old_root=/home/user/workspace/execution/s5-r3/old-root-925780e0 head=925780e0a1906593e5383c618311b6b17364b8dc detached=yes migrations=164 alternates=none
G2_PG17_OLD_ROOT_OK
rc=0
--- preflight mode
old_root=/home/user/workspace/execution/s5-r3/old-root-925780e0 head=925780e0a1906593e5383c618311b6b17364b8dc detached=yes migrations=164 alternates=none
G2_PG17_OLD_ROOT_OK
rc=0
--- candidate repo unchanged?
/home/user/workspace/repos/backend   c23b9d9 [main]
/home/user/workspace/worktrees/s1    90a6647 (detached HEAD)
/home/user/workspace/worktrees/s1-r3 90a6647 [execute/20260920-s1-r3]
/home/user/workspace/worktrees/s2    0b05fcf (detached HEAD)
/home/user/workspace/worktrees/s2-r3 0b05fcf [execute/20260920-s2-r3]
/home/user/workspace/worktrees/s3    5c7b42b (detached HEAD)
/home/user/workspace/worktrees/s5    485c679 (detached HEAD)
/home/user/workspace/worktrees/s5-r3 485c679 [execute/20260920-s5-r3]
485c67973b56758fb9b8404579f5ddaec87136bd commit	refs/heads/execute/20260920-s5-r3
0b05fcf5352287109ac88ed2ba3682e441e3a076 commit	refs/heads/execute/20260920-s2-r3
90a6647513f3566393764eee87237d9b5b1f150b commit	refs/heads/execute/20260920-s1-r3
0
485c67973b56758fb9b8404579f5ddaec87136bd
--- direct gate replay (bootstrap lines 101-103 form)
925780e0a1906593e5383c618311b6b17364b8dc
CLEAN
424K
