[31m[Nest] 22108  - [39m09/24/2026, 6:30:25 AM [31m  ERROR[39m [38;5;3m[ExtensionPairService] [39m[31mpair init: exhausted code-mint attempts[39m
PASS rls-live test/rls-c1-setup.spec.ts (26.431 s)
  C1-S1 real PostgreSQL authority and recovery
    ✓ concurrent same-nonce requests and a restarted service recover one committed result (99 ms)
    ✓ recovers a committed init after its process exits without delivering the response (2550 ms)
    ✓ different nonces serialize to one current setup; old replay cannot invalidate it (55 ms)
    ✓ owner-lock contention fails within the database budget without changing prior setup (2170 ms)
    ✓ same nonce is account scoped and a platform conflict cannot mutate setup (51 ms)
    ✓ denies inactive/ineligible owner student before writes (34 ms)
    ✓ denies inactive/ineligible owner deleted before writes (33 ms)
    ✓ denies inactive/ineligible owner missing before writes (33 ms)
    ✓ revalidates owner on reads and at redeem commit, including demotion during mint (94 ms)
    ✓ expires without extending TTL; exact nonce recovers ID after challenge deletion (55 ms)
    ✓ one concurrent redeem wins, atomically records pairing, and never replays tokens (46 ms)
    ✓ mint failure is retryable and expiry/supersession during mint cannot claim (45 ms)
    ✓ five actual code collisions roll back new intent and preserve previous setup (60 ms)
    ✓ injected ImportIntent update failure rolls back all setup writes (102 ms)
    ✓ injected ExtensionPairCode update failure rolls back all setup writes (106 ms)
    ✓ paired-marker failure rolls back the single-use claim (100 ms)
    ✓ database constraints independently enforce current uniqueness and owner-consistent links (49 ms)
    ✓ restrictive RLS denies anon despite hostile permissive policies (442 ms)
    ✓ restrictive RLS denies authenticated despite hostile permissive policies (457 ms)
    ✓ legacy binary-shaped rows remain redeemable and omit ID; nonce-less init stays non-idempotent (44 ms)
    ✓ refuses destructive down after issuance and preserves owner erasure cascade (93 ms)
    ✓ fails closed when forced RLS hides retained intents from a non-bypass table owner (527 ms)

Test Suites: 1 passed, 1 total
Tests:       22 passed, 22 total
Snapshots:   0 total
Time:        26.684 s
Ran all test suites matching test/rls-c1-setup.spec.ts.
