╭─────────────────────────────────────────╮
│ 🥊 lefthook  v2.1.9   hook:  pre-commit │
╰─────────────────────────────────────────╯
┃  prod-readiness-quick ❯ 

┃  banned-cast-tokens ❯ 
R75 --cached; policy=:.github/r75-policy.json
Counts are whole-file after (+) and before (-); net is the per-class change.
OK — no positive token change

┃  eslint ❯ 

┃  prettier ❯ 
Checking formatting...
All matched files use Prettier code style!

┃  tsc ❯ 

  ────────────────────────────────────
summary: (done in 51.72 seconds)
✔️ prod-readiness-quick (0.01 seconds)
✔️ banned-cast-tokens (0.55 seconds)
✔️ eslint (4.12 seconds)
✔️ prettier (5.21 seconds)
✔️ tsc (51.67 seconds)
╭─────────────────────────────────────────╮
│ 🥊 lefthook  v2.1.9   hook:  commit-msg │
╰─────────────────────────────────────────╯
┃  no-ai-tokens ❯ 

  ────────────────────────────────────
summary: (done in 0.02 seconds)
✔️ no-ai-tokens (0.02 seconds)
[fa72/s11b-r1 9149f82] fix(scout): retry raw-query serialization failures in the settle tail (S11-B r2)
 2 files changed, 93 insertions(+), 10 deletions(-)
COMMIT_RC=0
