  console.warn
    PG17_DATABASE {"port":55471,"user":"postgres","owner":"postgres","super":false,"address":"127.0.0.1","version":"170006","database":"g2_r_ready_disposable","bypassrls":true,"directory":"/home/user/pg17/clusters/r-ready/pg-data"}

      177 |     ),
      178 |   ).toBe(G2_R_DATABASE_MARKER);
    > 179 |   console.warn('PG17_DATABASE', JSON.stringify(identity));
          |           ^
      180 |   // Fresh S5-shaped bootstrap: the O root's full history (164 recorded), none of the
      181 |   // accepted S1/C1/E/B predecessors this root tracks, no R.
      182 |   base = Number(appliedMigrations());

      at Object.<anonymous> (test/rls-g2-r-ready.spec.ts:179:11)

  console.warn
    PG17_PROCESS {"name":"g2r_1","old":false,"options":{},"result":{"intent_id":"intent","staged":20,"reconstructed":20,"skipped":0,"failed":0},"queries":164,"pid":29510}

      228 |       }
      229 |       // Query shapes, outcomes, fixture identifiers and process IDs only; never parameters.
    > 230 |       console.warn(
          |               ^
      231 |         'PG17_PROCESS',
      232 |         JSON.stringify({
      233 |           name,

      at settleWorker (test/utils/g2-r-ready-pg-harness.ts:230:15)
      at ChildProcess.<anonymous> (test/utils/g2-r-ready-pg-harness.ts:250:7)

  console.warn
    PG17_PROCESS {"name":"g2r_2","old":false,"options":{},"result":{"intent_id":"intent","staged":20,"reconstructed":20,"skipped":0,"failed":0},"queries":164,"pid":1193}

      228 |       }
      229 |       // Query shapes, outcomes, fixture identifiers and process IDs only; never parameters.
    > 230 |       console.warn(
          |               ^
      231 |         'PG17_PROCESS',
      232 |         JSON.stringify({
      233 |           name,

      at settleWorker (test/utils/g2-r-ready-pg-harness.ts:230:15)
      at ChildProcess.<anonymous> (test/utils/g2-r-ready-pg-harness.ts:250:7)

  console.warn
    PG17_LOCK_TIMEOUT {"elapsed":5314}

      369 |       expect(allLedger()).toEqual(before.ledger);
      370 |       expect(appliedMigrations()).toBe(before.applied);
    > 371 |       console.warn('PG17_LOCK_TIMEOUT', JSON.stringify({ elapsed }));
          |               ^
      372 |     } finally {
      373 |       holder.release();
      374 |     }

      at Object.<anonymous> (test/rls-g2-r-ready.spec.ts:371:15)

  console.warn
    PG17_WIDE {"checks":[["ScoutIngestEntity_source_platform_canonical","22408","\"ScoutIngestEntity\"",true,"CHECK (((source_platform COLLATE \"C\") ~ '^[a-z0-9][a-z0-9._:-]{0,255}$'::text))"],["ScoutReconstructionLedger_source_platform_canonical","22407","\"ScoutReconstructionLedger\"",true,"CHECK (((source_platform COLLATE \"C\") ~ '^[a-z0-9][a-z0-9._:-]{0,255}$'::text))"]],"indexes":[["ScoutIngestEntity_identity_key","22409",true,true,"CREATE UNIQUE INDEX \"ScoutIngestEntity_identity_key\" ON public.\"ScoutIngestEntity\" USING btree (coach_id, intent_id, entity_type, source_platform, source_id)"],["ScoutReconstructionLedger_identity_key","22410",true,true,"CREATE UNIQUE INDEX \"ScoutReconstructionLedger_identity_key\" ON public.\"ScoutReconstructionLedger\" USING btree (coach_id, intent_id, entity_type, source_platform, source_id)"]],"ledgerNotNull":true}

      459 |       ],
      460 |     ]);
    > 461 |     console.warn('PG17_WIDE', JSON.stringify(installed));
          |             ^
      462 |   });
      463 |   it('R05: a raw rerun of R is refused atomically; OIDs, rows and history unchanged; deploy has nothing pending', () => {
      464 |     const before = snapshot();

      at Object.<anonymous> (test/rls-g2-r-ready.spec.ts:461:13)

  console.warn
    PG17_PROCESS {"name":"g2r_3","old":false,"options":{"intent":"i3"},"result":{"intent_id":"i3","staged":10,"reconstructed":10,"skipped":0,"failed":0},"queries":84,"pid":7496}

      228 |       }
      229 |       // Query shapes, outcomes, fixture identifiers and process IDs only; never parameters.
    > 230 |       console.warn(
          |               ^
      231 |         'PG17_PROCESS',
      232 |         JSON.stringify({
      233 |           name,

      at settleWorker (test/utils/g2-r-ready-pg-harness.ts:230:15)
      at ChildProcess.<anonymous> (test/utils/g2-r-ready-pg-harness.ts:250:7)

  console.warn
    PG17_PROCESS {"name":"g2r_4","old":false,"options":{"intent":"i3"},"result":{"intent_id":"i3","staged":10,"reconstructed":10,"skipped":0,"failed":0},"queries":84,"pid":7538}

      228 |       }
      229 |       // Query shapes, outcomes, fixture identifiers and process IDs only; never parameters.
    > 230 |       console.warn(
          |               ^
      231 |         'PG17_PROCESS',
      232 |         JSON.stringify({
      233 |           name,

      at settleWorker (test/utils/g2-r-ready-pg-harness.ts:230:15)
      at ChildProcess.<anonymous> (test/utils/g2-r-ready-pg-harness.ts:250:7)

  console.warn
    PG17_PROCESS {"name":"g2r_5","old":true,"options":{"family":"workouts"},"failure":{"status":500,"message":"Internal server error"},"queries":8,"pid":7706}

      228 |       }
      229 |       // Query shapes, outcomes, fixture identifiers and process IDs only; never parameters.
    > 230 |       console.warn(
          |               ^
      231 |         'PG17_PROCESS',
      232 |         JSON.stringify({
      233 |           name,

      at settleWorker (test/utils/g2-r-ready-pg-harness.ts:230:15)
      at ChildProcess.<anonymous> (test/utils/g2-r-ready-pg-harness.ts:250:7)

  console.warn
    PG17_PROCESS {"name":"g2r_6","old":true,"options":{"action":"roster","limit":5},"result":{"intent_id":"intent","accounting":{"staged":20,"reconstructed":20,"skipped":0,"failed":0},"persons":[{"id":"6b736292-70f3-4645-bcd3-a4970abb4887","state":"InvitePending","source_platform":"truecoach","source_person_id":"s00001","display_name":"Synthetic 1","created_at":"2026-09-24T16:52:45.994Z","updated_at":"2026-09-24T16:53:57.468Z"},{"id":"4d5042be-82c0-4c2e-98bc-b65d1158b32c","state":"InvitePending","source_platform":"truecoach","source_person_id":"s00002","display_name":"Synthetic 2","created_at":"2026-09-24T16:52:46.041Z","updated_at":"2026-09-24T16:53:57.475Z"},{"id":"36fc86f3-9c7f-4497-8329-9c9bf08110a6","state":"InvitePending","source_platform":"truecoach","source_person_id":"s00003","display_name":"Synthetic 3","created_at":"2026-09-24T16:52:46.046Z","updated_at":"2026-09-24T16:53:57.480Z"},{"id":"60cb5e11-1258-4d0a-b409-8d41466a99e5","state":"InvitePending","source_platform":"truecoach","source_person_id":"s00004","display_name":"Synthetic 4","created_at":"2026-09-24T16:52:46.052Z","updated_at":"2026-09-24T16:53:57.484Z"},{"id":"8d651471-b26f-458f-b1d7-b23361d799b7","state":"InvitePending","source_platform":"truecoach","source_person_id":"s00005","display_name":"Synthetic 5","created_at":"2026-09-24T16:52:46.080Z","updated_at":"2026-09-24T16:53:57.488Z"}],"page":{"limit":5,"next_cursor":"czAwMDA1","has_more":true}},"queries":8,"pid":7764}

      228 |       }
      229 |       // Query shapes, outcomes, fixture identifiers and process IDs only; never parameters.
    > 230 |       console.warn(
          |               ^
      231 |         'PG17_PROCESS',
      232 |         JSON.stringify({
      233 |           name,

      at settleWorker (test/utils/g2-r-ready-pg-harness.ts:230:15)
      at ChildProcess.<anonymous> (test/utils/g2-r-ready-pg-harness.ts:250:7)

  console.warn
    PG17_PROCESS {"name":"g2r_7","old":false,"options":{"family":"workouts"},"result":{"intent_id":"intent","staged":1,"reconstructed":1,"skipped":0,"failed":0},"queries":12,"pid":7851}

      228 |       }
      229 |       // Query shapes, outcomes, fixture identifiers and process IDs only; never parameters.
    > 230 |       console.warn(
          |               ^
      231 |         'PG17_PROCESS',
      232 |         JSON.stringify({
      233 |           name,

      at settleWorker (test/utils/g2-r-ready-pg-harness.ts:230:15)
      at ChildProcess.<anonymous> (test/utils/g2-r-ready-pg-harness.ts:250:7)

  console.warn
    PG17_PROCESS {"name":"g2r_8","old":false,"options":{},"result":{"intent_id":"intent","staged":21,"reconstructed":21,"skipped":0,"failed":0},"queries":172,"pid":8082}

      228 |       }
      229 |       // Query shapes, outcomes, fixture identifiers and process IDs only; never parameters.
    > 230 |       console.warn(
          |               ^
      231 |         'PG17_PROCESS',
      232 |         JSON.stringify({
      233 |           name,

      at settleWorker (test/utils/g2-r-ready-pg-harness.ts:230:15)
      at ChildProcess.<anonymous> (test/utils/g2-r-ready-pg-harness.ts:250:7)

PASS rls-live test/rls-g2-r-ready.spec.ts (239.118 s)
  stage 1: fixture history on E, R refused without the fence, then B
    ✓ S1, C1, E by file and recorded; T writes provenance on E (40536 ms)
    ✓ R04: on E without B the entry gate refuses (fence absent); nothing changes (3099 ms)
    ✓ B by file and recorded: the fence is present, deploy has nothing pending before R (12219 ms)
  stage 2: the entry gate on E+B — refusals leave everything untouched
    ✓ R02: one NULL provenance row (re-opened by UPDATE) refuses R; T then reclaims it on E+B (15960 ms)
    ✓ R03: a noncanonical ledger value refuses; a noncanonical staged value refuses; atomic (10820 ms)
    ✓ R11: a decoy relation or constraint holding an R name refuses; the decoy is untouched (7524 ms)
    ✓ R10: a held transaction on the ledger makes up hit lock_timeout (55P03); nothing applied; release → free (7994 ms)
  stage 3: R through the release mechanism
    ✓ R01: prisma migrate deploy applies exactly R; narrow keys, fence, RLS and policies are untouched (6630 ms)
    ✓ R05: a raw rerun of R is refused atomically; OIDs, rows and history unchanged; deploy has nothing pending (2651 ms)
    ✓ R11: a shadow schema first on search_path cannot redirect up (still refused against public) (323 ms)
  stage 4: R against the accepted T writer, the narrow keys, direct writers, API roles and O
    ✓ R06: T on R creates with provenance; replay writes nothing and is identical (2838 ms)
    ✓ R07 (negative control): the narrow keys still arbitrate; the wide keys are present but are not the identity (478 ms)
    ✓ R08: content is refused at runtime by CHECK/NOT NULL for the owner and the runtime role; API roles by policy (1253 ms)
    ✓ R09 (negative control): the actual O binary fails closed on R: 500, no ledger row, no target; T reconstructs it (4637 ms)
  stage 5: down removes only R; T continues on E+B; up restores the identical shape
    ✓ R12: down keeps rows, values, narrow keys, fence, column and history; wide/checks/NOT NULL are gone (2392 ms)
    ✓ T continues on E+B after down (1851 ms)
    ✓ re-applying the file restores the identical shape (OIDs aside); a raw rerun is refused again (405 ms)

Test Suites: 1 passed, 1 total
Tests:       17 passed, 17 total
Snapshots:   0 total
Time:        241.159 s
Ran all test suites matching test/rls-g2-r-ready.spec.ts.
