head=a2a52fd461398c34b301e5ebfaeafae7c7c8de6c tree=7c7f86adaa97795a2cb1b5d79f6498bf0810180c dirty=1 node=v20.20.1 zip_sha256=e2ee1f5cc09094f3485c07db866d02f73f2a086d5a4d22e362da5e904b2e1e98 start=2026-09-20T18:05:01Z
== positive ==
PASS worker runtime bindings present and message router registered within 15s
PASS attached worker is the packaged extension (id, URL path and manifest identity agree)
PASS worker registered its message router
PASS popup loaded, learned there is no session, and redirected to the pairing view
PASS content script isolated world created on the synthetic source origin
PASS worker collects the synthetic source token over the internal message boundary
PASS worker receives an honest { ok: false } when the page holds no session
PASS chrome.storage is bound in the worker (storage permission honoured)
PASS synthetic token never reaches extension storage or console output
PASS no runtime exceptions in worker, popup or content script
PASS every network request observed on page, popup and worker sessions targeted the synthetic host or the extension origin (all other hosts resolve NOTFOUND by resolver rule)
package sha256 e2ee1f5cc09094f3485c07db866d02f73f2a086d5a4d22e362da5e904b2e1e98; evidence /home/user/workspace/execution/s4-importer/logs/browser-load-proof.r2b-dry.positive.json; 0 failed
positive exit=0
== negative control ==
PASS worker runtime bindings present and message router registered within 15s
PASS attached worker is the packaged extension (id, URL path and manifest identity agree)
PASS worker registered its message router
PASS popup loaded, learned there is no session, and redirected to the pairing view
PASS content script isolated world created on the synthetic source origin
FAIL worker collects the synthetic source token over the internal message boundary
FAIL worker receives an honest { ok: false } when the page holds no session
PASS chrome.storage is bound in the worker (storage permission honoured)
PASS synthetic token never reaches extension storage or console output
FAIL no runtime exceptions in worker, popup or content script
PASS every network request observed on page, popup and worker sessions targeted the synthetic host or the extension origin (all other hosts resolve NOTFOUND by resolver rule)
package sha256 e2ee1f5cc09094f3485c07db866d02f73f2a086d5a4d22e362da5e904b2e1e98; evidence /home/user/workspace/execution/s4-importer/logs/browser-load-proof.r2b-dry.negative-control.json; 3 failed
negative control: DETECTED — noReceiver=true syntaxExceptionSeen=true unrelatedFailures=0
negative-control exit=0
end=2026-09-20T18:05:25Z
