head=c5a5ae12c5b3c3e32a4601c99319ad7c0d980057 tree=5f3c8f6a729427ce6c23bcb1ba18dc7b986b7447 dirty=0 node=v20.20.1 start=2026-09-20T18:09:04Z
== vitest ==
vitest exit=0

[2m Test Files [22m [1m[32m61 passed[39m[22m[90m (61)[39m
[2m      Tests [22m [1m[32m1678 passed[39m[22m[90m (1678)[39m
[2m   Start at [22m 18:09:04
[2m   Duration [22m 194.35s[2m (transform 841ms, setup 0ms, import 2.59s, tests 184.78s, environment 8ms)[22m

== lint ==
lint exit=0
== type-check ==
type-check exit=0
== format:check ==
format:check exit=0
== gates ==
gates exit=0
== package reproduce ==
zip sha256 e2ee1f5cc09094f3485c07db866d02f73f2a086d5a4d22e362da5e904b2e1e98 (209725 bytes)
source c5a5ae12c5b3c3e32a4601c99319ad7c0d980057
e2ee1f5cc09094f3485c07db866d02f73f2a086d5a4d22e362da5e904b2e1e98  dist/tgp-importer-extension-0.3.0-rc.1.zip
end=2026-09-20T18:12:58Z
