2026-09-26T06:14:27Z ACQUIRED pid=5814 fd9 inode=692282 lslocks=1 donor=/home/user/workspace/worktrees/1910a060-s8f/node_modules prefix=/home/user/workspace/execution/1910a060/runtime/tools/prettier-3.9.9 base=711c1f8f8b42157bca97f2a721557be7ef006667
6766 /bin/sh /usr/bin/git status --porcelain --untracked-files=all -- prisma
6802 /bin/sh /usr/bin/git rev-parse HEAD:prisma/migrations
6819 /bin/sh /usr/bin/git ls-tree -d --name-only HEAD prisma/migrations/
2026-09-26T06:14:28Z WARN other heavy processes present (recorded)
2026-09-26T06:14:33Z DONOR_HEAD=e1ec2fecb71f315b6721d426ba0dacb84f304498 DONOR_HIDDEN_LOCK=05bc530aa44bfa6df64f0daa8edb66c5181abf4bfbc309bd8da2c8aff37b6a44 DONOR_CLIENT_INDEX_DTS=9042e713ba5678c99959a345b7b18a60dfc186b2c7d890b8d9c3ed5c8f4edcc6 DONOR_CLIENT_SCHEMA=b84392033ab86776533007505c31f57930307a210844067a7407ed20d25abf3e DONOR_PRISMA_SIG=07c6fb3d52def45be102ac1570cd76bc1451aa6cc2389dcf1a02a390c5c68ab3 DONOR_ENTRIES=649
2026-09-26T06:18:30Z CP_A rc=0 secs=237 NM_ENTRIES=649 NM_HIDDEN_LOCK=05bc530aa44bfa6df64f0daa8edb66c5181abf4bfbc309bd8da2c8aff37b6a44 df_avail=2427912K
2026-09-26T06:18:37Z PRISMA_GENERATE_INLANE rc=0 cwd=/home/user/workspace/worktrees/d3a9-s10c cli=/home/user/workspace/worktrees/d3a9-s10c/node_modules/.bin/prisma out=/home/user/workspace/worktrees/d3a9-s10c/node_modules/.prisma/client (never the donor)
2026-09-26T06:18:37Z DONOR_UNCHANGED index=9042e713ba5678c99959a345b7b18a60dfc186b2c7d890b8d9c3ed5c8f4edcc6 schema=b84392033ab86776533007505c31f57930307a210844067a7407ed20d25abf3e sig=07c6fb3d52def45be102ac1570cd76bc1451aa6cc2389dcf1a02a390c5c68ab3
2026-09-26T06:18:37Z NM_CLIENT_INDEX_DTS=2c819c8a8e2fd4afb59578893122b8e9c406bc1dc7821e643e7ef359c04aa56c NM_CLIENT_SCHEMA=aca7a558cd379c154e947447782f2858a9f898039298e34c30b886947aed42e5 NM_CLIENT_ENGINE=a2924eab1c78a0a7bb67edac5738939fa10589ef073af5542f53812a22e4a7d8 PINNED_ENGINE=a2924eab1c78a0a7bb67edac5738939fa10589ef073af5542f53812a22e4a7d8
2026-09-26T06:18:37Z POSTGEN_CLIENT index_dts=2c819c8a8e2fd4afb59578893122b8e9c406bc1dc7821e643e7ef359c04aa56c schema=aca7a558cd379c154e947447782f2858a9f898039298e34c30b886947aed42e5 (binding EXPECT_NM_CLIENT_SHA = index_dts)
2026-09-26T06:18:37Z POSTGEN_MATCHES_S10B=yes (S10-B gate post-gen 2c819c8a8e2fd4afb59578893122b8e9c406bc1dc7821e643e7ef359c04aa56c / aca7a558cd379c154e947447782f2858a9f898039298e34c30b886947aed42e5 from the same schema bytes; recorded, not enforced unless CLIENT_* pinned)
2026-09-26T06:18:38Z LEFTHOOK_INSTALL rc=0
2026-09-26T06:18:38Z LEFTHOOK_VERSION_CHECK=2.1.9 expect=2.1.9
2026-09-26T06:18:38Z HOOK_RAW own pre-commit=e32f6e028411344acdff9ee787decef9ee49fa4414d0deb9aa8e613f30bede06 commit-msg=efb54d65efd525381d95fe70eef76fa6c2eb03ae3829808e69edb8fe622a2f19 | ref(/home/user/workspace/worktrees/1910a060-s8f) pre-commit=e21bece648d1a2a72fa38e1323dc61d3558e349ff25f764d1c98b494f8af06b1 commit-msg=277018c46292e87a96e872b68fc792b09f7e1359cafd7ec891ae1586387160b9
2026-09-26T06:18:38Z HOOK_NORMALIZED own pre-commit=9dcf80f409a026d9d672c015b6356ff3983f08a0541d2283b58c3fb1af5c0298 commit-msg=4ab9b41920737c96c2b28aba37fbf9d30024fc79e0e8cf5d1860303ff2e69f87 | ref pre-commit=9dcf80f409a026d9d672c015b6356ff3983f08a0541d2283b58c3fb1af5c0298 commit-msg=4ab9b41920737c96c2b28aba37fbf9d30024fc79e0e8cf5d1860303ff2e69f87
2026-09-26T06:18:38Z HOOK_OK own hooks reference /home/user/workspace/worktrees/d3a9-s10c/node_modules/lefthook-linux-x64/bin/lefthook
2026-09-26T06:18:38Z PREFIX_VERIFY rc=0 ok_lines=56 manifest_lines=56 readlink=../lib/node_modules/prettier/bin/prettier.cjs
2026-09-26T06:18:38Z NPX_PRETTIER_VERSION=3.9.9
2026-09-26T06:18:38Z PREFORMAT src/scout/reconciliation/facts.service.ts sha256=756cb44bf5282341d53556d6df49c8820ae6762f51a9826af704cffefd667ba7 lines=1062
2026-09-26T06:18:38Z PREFORMAT src/scout/reconciliation/types.ts sha256=d7815e0679a1de74ea641cecaa53135d00d76e55a278360dca3dd78b1b0c960f lines=387
2026-09-26T06:18:38Z PREFORMAT src/scout/lifecycle/lifecycle.service.ts sha256=55c8f24aa7c9d377631541548dcecc2682b9089f05111570aa91c7c7de1bc49c lines=1039
2026-09-26T06:18:38Z PREFORMAT src/scout/scout.module.ts sha256=682bc3af86f5ba7e981f80f6111090f8e86dab1b092fde3b7666ec00d1492a3f lines=75
2026-09-26T06:18:38Z PREFORMAT src/scout/induction/observation.module.ts sha256=2998b71d387e4c53e1f0a694e2b18a2e91116513d98021ef13c057ce80e4934f lines=31
2026-09-26T06:18:38Z PREFORMAT test/scout/lifecycle/lifecycle.service.spec.ts sha256=4b3ae75e08a195bc0c492742eebfe81b03265deed786364a62c638e66dd4b377 lines=1641
2026-09-26T06:18:38Z PREFORMAT test/scout/reconciliation/facts.service.spec.ts sha256=681e00364549705dd2a6222dce6ec960854fe3b6beee738d27c593258ddf0adf lines=902
2026-09-26T06:18:38Z PREFORMAT test/rls-g2-s9c.spec.ts sha256=078fcb1a4226fa2703c66db7cac27046f1c826108a0592f107adad4bc47b9434 lines=630
2026-09-26T06:18:38Z PREFORMAT test/scout/orchestration/settle-hook.spec.ts sha256=dc7df3a56e9054d098ef2fdedec53103f11f5ea8f3709cc4549873f40d260caa lines=362
2026-09-26T06:18:38Z PREFORMAT test/scout/reconciliation/facts.service.coverage.spec.ts sha256=681c90315a8d2e7321010da2ec1d9042c1584c38b0068be70d18c75ada8e2958 lines=651
2026-09-26T06:18:38Z PREFORMAT test/scout/induction/s10c-wiring.spec.ts sha256=63f3d3de9fbb3f0e7e522684375ecc14809261c10de99073b31e182ab986ed3a lines=85
2026-09-26T06:18:38Z PREFORMAT test/rls-g2-s10c.spec.ts sha256=5eeb0fe6a760a07a06beffdb748c16b132d630b45f9e9eacca6032efbcb735f5 lines=327
2026-09-26T06:18:38Z PRETTIER_FILES=src/scout/reconciliation/facts.service.ts src/scout/reconciliation/types.ts src/scout/lifecycle/lifecycle.service.ts src/scout/scout.module.ts src/scout/induction/observation.module.ts test/scout/lifecycle/lifecycle.service.spec.ts test/scout/reconciliation/facts.service.spec.ts test/rls-g2-s9c.spec.ts test/scout/orchestration/settle-hook.spec.ts test/scout/reconciliation/facts.service.coverage.spec.ts test/scout/induction/s10c-wiring.spec.ts test/rls-g2-s10c.spec.ts 
2026-09-26T06:18:40Z PRETTIER_CHECK_1 rc=0
2026-09-26T06:18:40Z POSTFORMAT src/scout/reconciliation/facts.service.ts sha256=756cb44bf5282341d53556d6df49c8820ae6762f51a9826af704cffefd667ba7 lines=1062
2026-09-26T06:18:40Z POSTFORMAT src/scout/reconciliation/types.ts sha256=d7815e0679a1de74ea641cecaa53135d00d76e55a278360dca3dd78b1b0c960f lines=387
2026-09-26T06:18:40Z POSTFORMAT src/scout/lifecycle/lifecycle.service.ts sha256=55c8f24aa7c9d377631541548dcecc2682b9089f05111570aa91c7c7de1bc49c lines=1039
2026-09-26T06:18:40Z POSTFORMAT src/scout/scout.module.ts sha256=682bc3af86f5ba7e981f80f6111090f8e86dab1b092fde3b7666ec00d1492a3f lines=75
2026-09-26T06:18:40Z POSTFORMAT src/scout/induction/observation.module.ts sha256=2998b71d387e4c53e1f0a694e2b18a2e91116513d98021ef13c057ce80e4934f lines=31
2026-09-26T06:18:40Z POSTFORMAT test/scout/lifecycle/lifecycle.service.spec.ts sha256=4b3ae75e08a195bc0c492742eebfe81b03265deed786364a62c638e66dd4b377 lines=1641
2026-09-26T06:18:40Z POSTFORMAT test/scout/reconciliation/facts.service.spec.ts sha256=681e00364549705dd2a6222dce6ec960854fe3b6beee738d27c593258ddf0adf lines=902
2026-09-26T06:18:40Z POSTFORMAT test/rls-g2-s9c.spec.ts sha256=078fcb1a4226fa2703c66db7cac27046f1c826108a0592f107adad4bc47b9434 lines=630
2026-09-26T06:18:40Z POSTFORMAT test/scout/orchestration/settle-hook.spec.ts sha256=dc7df3a56e9054d098ef2fdedec53103f11f5ea8f3709cc4549873f40d260caa lines=362
2026-09-26T06:18:40Z POSTFORMAT test/scout/reconciliation/facts.service.coverage.spec.ts sha256=681c90315a8d2e7321010da2ec1d9042c1584c38b0068be70d18c75ada8e2958 lines=651
2026-09-26T06:18:40Z POSTFORMAT test/scout/induction/s10c-wiring.spec.ts sha256=63f3d3de9fbb3f0e7e522684375ecc14809261c10de99073b31e182ab986ed3a lines=85
2026-09-26T06:18:40Z POSTFORMAT test/rls-g2-s10c.spec.ts sha256=5eeb0fe6a760a07a06beffdb748c16b132d630b45f9e9eacca6032efbcb735f5 lines=327
2026-09-26T06:18:43Z R75_EARLY rc=0 (index restored)
2026-09-26T06:18:46Z ESLINT rc=0 files=12
2026-09-26T06:19:36Z TSC rc=0 lines=0
2026-09-26T06:20:02Z CONTRACT_GEN rc=0 out=/home/user/workspace/tgp-private-evidence/execution/d3a9f701/s10c/gate-v2/contract-regen.json sha256=2db3f27f482d4b26012924bbcf14437df7ac62cf834eebeccffc2d6a27665098
2026-09-26T06:20:02Z CONTRACT_STATE=unchanged sha256=2db3f27f482d4b26012924bbcf14437df7ac62cf834eebeccffc2d6a27665098 blob=752f9dbe1a6bdee0c20504a35dce60757880d427 (scratch regen byte-identical to BASE; canonical untouched, not in the delta)
2026-09-26T06:20:43Z JEST_CONTRACT rc=0 state=unchanged
Test Suites: 1 passed, 1 total
Tests:       57 passed, 57 total
2026-09-26T06:21:00Z JEST_TARGETED rc=0 suites_expected=7
Test Suites: 7 passed, 7 total
Tests:       214 passed, 214 total
Snapshots:   0 total
Time:        16.115 s, estimated 39 s
2026-09-26T06:30:06Z JEST_FULL rc=0 secs=546
Test Suites: 12 skipped, 591 passed, 591 of 603 total
Tests:       159 skipped, 5 todo, 9632 passed, 9796 total
Snapshots:   6 passed, 6 total
Time:        544.871 s, estimated 632 s
2026-09-26T06:30:07Z STAGED_TREE=ffcb77bc994d8d0debceb0b862b764860a70b85f
2026-09-26T06:30:07Z STAGED_BLOB src/scout/reconciliation/facts.service.ts 5e2876bd90ff3b909776e8060253ca717b9f34fc
2026-09-26T06:30:07Z STAGED_BLOB src/scout/reconciliation/types.ts bd5ea79057e6e14fe525acc2fe533ff98659ccfc
2026-09-26T06:30:07Z STAGED_BLOB src/scout/lifecycle/lifecycle.service.ts 2be0883213864da2257c37da7f40115b4a2ab121
2026-09-26T06:30:07Z STAGED_BLOB src/scout/scout.module.ts 1d6110a52d42b5350952569d85d7408d98cf86b7
2026-09-26T06:30:07Z STAGED_BLOB src/scout/induction/observation.module.ts fdfbc9db7d5d4a67656dad6023fd9add20d5b4ad
2026-09-26T06:30:07Z STAGED_BLOB test/scout/lifecycle/lifecycle.service.spec.ts ddc4d2b40c4f7d30c0dcda83dc5b4a22dbd37e1a
2026-09-26T06:30:07Z STAGED_BLOB test/scout/reconciliation/facts.service.spec.ts 8c4c5275a04d04d75e979e16e389f20c32e983c9
2026-09-26T06:30:07Z STAGED_BLOB test/rls-g2-s9c.spec.ts d9c1995f761bdca779c8e463eae63178643c9062
2026-09-26T06:30:07Z STAGED_BLOB test/scout/orchestration/settle-hook.spec.ts 36488beb906225d772f4607775400f93400b13ae
2026-09-26T06:30:07Z STAGED_BLOB test/scout/reconciliation/facts.service.coverage.spec.ts f904c10d5d99388e3fa7a68bef368b6eea44c849
2026-09-26T06:30:08Z STAGED_BLOB test/scout/induction/s10c-wiring.spec.ts 4fe87fa342e2368d65878d03fd2d5c2620c8edbb
2026-09-26T06:30:08Z STAGED_BLOB test/rls-g2-s10c.spec.ts 1788dff2ea3f38a8a40c89a039391d8653ec9b36
2026-09-26T06:30:09Z R75_STAGED rc=0
2026-09-26T06:30:09Z COMMIT_MESSAGE file=/home/user/workspace/tgp-private-evidence/execution/d3a9f701/s10c/gate-v2/commit-message-contract-unchanged.txt sha256=2ce460c5fb8224c78abf7e251be748f5b0ab92602d953c9d0e6f4cafd8642e9e contract_state=unchanged

┃  eslint ❯ 

┃  tsc ❯ 

[38;2;56;56;56m  ────────────────────────────────────[m
summary: (done in 47.29 seconds)
✔️ prod-readiness-quick (0.03 seconds)
✔️ banned-cast-tokens (0.56 seconds)
✔️ prettier (4.30 seconds)
✔️ eslint (4.53 seconds)
✔️ tsc (47.27 seconds)
[38;2;0;0;0m╭[38;2;5;5;5m─[38;2;11;11;11m─[38;2;16;16;16m─[38;2;19;19;19m─[38;2;23;23;23m─[38;2;26;26;26m─[38;2;29;29;29m─[38;2;32;32;32m─[38;2;35;35;35m─[38;2;39;39;39m─[38;2;42;42;42m─[38;2;45;45;45m─[38;2;49;49;49m─[38;2;52;52;52m─[38;2;56;56;56m─[38;2;56;56;56m─[38;2;52;52;52m─[38;2;49;49;49m─[38;2;45;45;45m─[38;2;42;42;42m─[38;2;39;39;39m─[38;2;35;35;35m─[38;2;32;32;32m─[38;2;29;29;29m─[38;2;26;26;26m─[38;2;23;23;23m─[38;2;19;19;19m─[38;2;16;16;16m─[38;2;11;11;11m─[38;2;5;5;5m─[38;2;0;0;0m─[38;2;0;0;0m─[38;2;6;6;6m─[38;2;12;12;12m─[38;2;17;17;17m─[38;2;20;20;20m─[38;2;24;24;24m─[38;2;27;27;27m─[38;2;31;31;31m─[38;2;34;34;34m─[38;2;38;38;38m─[38;2;41;41;41m╮[m
[38;2;0;0;0m│[m 🥊 lefthook  v2.1.9   hook:  [1mcommit-msg[m [38;2;52;52;52m│[m
[38;2;6;6;6m╰[38;2;12;12;12m─[38;2;17;17;17m─[38;2;20;20;20m─[38;2;24;24;24m─[38;2;27;27;27m─[38;2;31;31;31m─[38;2;34;34;34m─[38;2;38;38;38m─[38;2;41;41;41m─[38;2;45;45;45m─[38;2;48;48;48m─[38;2;52;52;52m─[38;2;56;56;56m─[38;2;56;56;56m─[38;2;52;52;52m─[38;2;48;48;48m─[38;2;45;45;45m─[38;2;41;41;41m─[38;2;38;38;38m─[38;2;34;34;34m─[38;2;31;31;31m─[38;2;27;27;27m─[38;2;24;24;24m─[38;2;20;20;20m─[38;2;17;17;17m─[38;2;12;12;12m─[38;2;6;6;6m─[38;2;0;0;0m─[38;2;0;0;0m─[38;2;6;6;6m─[38;2;12;12;12m─[38;2;17;17;17m─[38;2;20;20;20m─[38;2;24;24;24m─[38;2;27;27;27m─[38;2;31;31;31m─[38;2;34;34;34m─[38;2;38;38;38m─[38;2;41;41;41m─[38;2;45;45;45m─[38;2;48;48;48m─[38;2;52;52;52m╯[m
┃  no-ai-tokens ❯ 

[38;2;56;56;56m  ────────────────────────────────────[m
summary: (done in 0.01 seconds)
✔️ no-ai-tokens (0.01 seconds)
[exec-d3a9/s10c 6674bc59] feat(scout): S10-C settle basis, coverage wiring, module registration
 12 files changed, 1924 insertions(+), 66 deletions(-)
 create mode 100644 test/rls-g2-s10c.spec.ts
 create mode 100644 test/scout/induction/s10c-wiring.spec.ts
 create mode 100644 test/scout/reconciliation/facts.service.coverage.spec.ts
2026-09-26T06:30:57Z GIT_COMMIT rc=0 (NODE_OPTIONS=--max-old-space-size=4096 on the commit line)
2026-09-26T06:30:57Z HEAD=6674bc596408a2304811c342d4bad6b7a308a84a TREE=ffcb77bc994d8d0debceb0b862b764860a70b85f author=Bradley Gleave <bradley@bradleytgpcoaching.com> / Bradley Gleave <bradley@bradleytgpcoaching.com> / 2026-09-26T06:30:10Z parent=711c1f8f8b42157bca97f2a721557be7ef006667
2026-09-26T06:31:01Z DONE head=6674bc596408a2304811c342d4bad6b7a308a84a tree=ffcb77bc994d8d0debceb0b862b764860a70b85f contract_state=unchanged (not pushed; parent owns landing; PG proof is a separate grant via ../binding/v1)
2026-09-26T06:31:01Z RELEASING stage=done rc=0 (fd9 closes at exit; lock file preserved)
