PASS test/scout/reconciliation/reconcile.spec.ts (10.524 s)
FAIL test/scout/lifecycle/lifecycle.service.spec.ts
  ● Test suite failed to run

    [96mtest/scout/lifecycle/lifecycle.service.spec.ts[0m:[93m929[0m:[93m21[0m - [91merror[0m[90m TS2339: [0mProperty 'provenance' does not exist on type 'LedgerRowFacts'.
      Property 'provenance' does not exist on type '{ readonly status: "failed"; }'.

    [7m929[0m           i.ledger?.provenance?.outcome === 'created'
    [7m   [0m [91m                    ~~~~~~~~~~[0m
    [96mtest/scout/lifecycle/lifecycle.service.spec.ts[0m:[93m934[0m:[93m45[0m - [91merror[0m[90m TS2339: [0mProperty 'provenance' does not exist on type 'LedgerRowFacts'.
      Property 'provenance' does not exist on type '{ readonly status: "failed"; }'.

    [7m934[0m                   provenance: { ...i.ledger.provenance, outcome: 'already_present' as const },
    [7m   [0m [91m                                            ~~~~~~~~~~[0m

[31m[Nest] 12243  - [39m09/26/2026, 2:43:15 AM [31m  ERROR[39m [38;5;3m[ScoutService] [39m[31mscout import intent-1 has an unrecognised persisted terminal_status; failing closed to 'failed'[39m
[31m[Nest] 12243  - [39m09/26/2026, 2:43:15 AM [31m  ERROR[39m [38;5;3m[ScoutService] [39m[31mscout import intent-1 has an unrecognised persisted terminal_status; failing closed to 'failed'[39m
[33m[Nest] 12243  - [39m09/26/2026, 2:43:15 AM [33m   WARN[39m [38;5;3m[ScoutService] [39m[33mscout progress flush failed for coach-1:intent-1:device-a: Error[39m
[33m[Nest] 12243  - [39m09/26/2026, 2:43:15 AM [33m   WARN[39m [38;5;3m[ScoutService] [39m[33mscout progress flush failed for coach-1:intent-1:device-a: Error[39m
[33m[Nest] 12243  - [39m09/26/2026, 2:43:15 AM [33m   WARN[39m [38;5;3m[ScoutService] [39m[33mscout progress flush failed for coach-1:intent-1:device-a: Error[39m
[33m[Nest] 12243  - [39m09/26/2026, 2:43:15 AM [33m   WARN[39m [38;5;3m[ScoutService] [39m[33mimport.complete push failed for coach coach-1: Error[39m
[33m[Nest] 12243  - [39m09/26/2026, 2:43:15 AM [33m   WARN[39m [38;5;3m[ScoutService] [39m[33mimport.complete push failed for coach coach-1: Error[39m
[33m[Nest] 12243  - [39m09/26/2026, 2:43:15 AM [33m   WARN[39m [38;5;3m[ScoutService] [39m[33mscout settle pre-flush failed for run coach-1:intent-1: Error[39m
[33m[Nest] 12243  - [39m09/26/2026, 2:43:15 AM [33m   WARN[39m [38;5;3m[ScoutService] [39m[33mscout settle pre-flush failed for run coach-1:intent-1: Error[39m
[33m[Nest] 12243  - [39m09/26/2026, 2:43:15 AM [33m   WARN[39m [38;5;3m[ScoutService] [39m[33mscout settle pre-flush failed for run coach-1:intent-1: Error[39m
[33m[Nest] 12243  - [39m09/26/2026, 2:43:15 AM [33m   WARN[39m [38;5;3m[ScoutService] [39m[33mscout settle pre-flush failed for run coach-1:intent-1: Error[39m
PASS src/scout/scout.service.spec.ts
PASS test/contracts/importer-contract.spec.ts (49.945 s)
PASS test/scout/reconciliation/facts.service.spec.ts
PASS test/scout/orchestration/reconstruct-run.spec.ts
[33m[Nest] 12243  - [39m09/26/2026, 2:44:08 AM [33m   WARN[39m [38;5;3m[ScoutReconstructService] [39m[33mscout.reconstruct run pass stopped or degraded {"intent_id":"3f2b9c1e-4d5a-4b6c-8d7e-9f0a1b2c3d4e","coach_id":"coach-A","epoch":1,"stopped":null,"families":[{"token":"people","family":"clients","staged":3,"reconstructed":1,"skipped":1,"failed":1,"stopped":null},{"token":"notes","family":null,"staged":1,"reconstructed":0,"skipped":1,"failed":0,"stopped":null}],"unmapped_families":["notes"]}[39m
[33m[Nest] 12243  - [39m09/26/2026, 2:44:08 AM [33m   WARN[39m [38;5;3m[ScoutReconstructService] [39m[33mscout.reconstruct run pass stopped or degraded {"intent_id":"3f2b9c1e-4d5a-4b6c-8d7e-9f0a1b2c3d4e","coach_id":"coach-A","epoch":1,"stopped":"gate_closed","families":[],"unmapped_families":[]}[39m
[32m[Nest] 12243  - [39m09/26/2026, 2:44:08 AM [32m    LOG[39m [38;5;3m[ScoutReconstructService] [39m[32mscout.reconstruct run pass completed {"intent_id":"3f2b9c1e-4d5a-4b6c-8d7e-9f0a1b2c3d4e","coach_id":"coach-A","epoch":1,"stopped":null,"families":[{"token":"people","family":"clients","staged":1,"reconstructed":1,"skipped":0,"failed":0,"stopped":null},{"token":"blocks","family":"programs","staged":1,"reconstructed":0,"skipped":1,"failed":0,"stopped":null},{"token":"notes","family":null,"staged":1,"reconstructed":0,"skipped":1,"failed":0,"stopped":null}],"unmapped_families":["notes"]}[39m
[33m[Nest] 12243  - [39m09/26/2026, 2:44:08 AM [33m   WARN[39m [38;5;3m[ScoutReconstructService] [39m[33mscout.reconstruct completed with failures {"intent_id":"3f2b9c1e-4d5a-4b6c-8d7e-9f0a1b2c3d4e","coach_id":"coach-A","staged":3,"reconstructed":1,"skipped":1,"failed":1}[39m
[33m[Nest] 12243  - [39m09/26/2026, 2:44:08 AM [33m   WARN[39m [38;5;3m[ScoutReconstructService] [39m[33mscout.reconstruct run pass stopped or degraded {"intent_id":"3f2b9c1e-4d5a-4b6c-8d7e-9f0a1b2c3d4e","coach_id":"coach-A","epoch":1,"stopped":"gate_closed","families":[],"unmapped_families":["notes"]}[39m
[33m[Nest] 12243  - [39m09/26/2026, 2:44:08 AM [33m   WARN[39m [38;5;3m[ScoutReconstructService] [39m[33mscout.reconstruct run pass stopped or degraded {"intent_id":"3f2b9c1e-4d5a-4b6c-8d7e-9f0a1b2c3d4e","coach_id":"coach-A","epoch":1,"stopped":"gate_closed","families":[],"unmapped_families":[]}[39m
[32m[Nest] 12243  - [39m09/26/2026, 2:44:08 AM [32m    LOG[39m [38;5;3m[ScoutReconstructService] [39m[32mscout.reconstruct run pass completed {"intent_id":"3f2b9c1e-4d5a-4b6c-8d7e-9f0a1b2c3d4e","coach_id":"coach-A","epoch":1,"stopped":null,"families":[{"token":"people","family":"clients","staged":1,"reconstructed":1,"skipped":0,"failed":0,"stopped":null},{"token":"blocks","family":"programs","staged":1,"reconstructed":1,"skipped":0,"failed":0,"stopped":null},{"token":"routines","family":"workouts","staged":1,"reconstructed":1,"skipped":0,"failed":0,"stopped":null},{"token":"log","family":"client_history","staged":1,"reconstructed":1,"skipped":0,"failed":0,"stopped":null},{"token":"notes","family":null,"staged":1,"reconstructed":0,"skipped":1,"failed":0,"stopped":null}],"unmapped_families":["notes"]}[39m
[33m[Nest] 12243  - [39m09/26/2026, 2:44:08 AM [33m   WARN[39m [38;5;3m[ScoutReconstructService] [39m[33mscout.reconstruct rejected oversized intent {"intent_id":"3f2b9c1e-4d5a-4b6c-8d7e-9f0a1b2c3d4e","coach_id":"coach-A","staged":10001,"max":10000}[39m
[33m[Nest] 12243  - [39m09/26/2026, 2:44:08 AM [33m   WARN[39m [38;5;3m[ScoutReconstructService] [39m[33mscout.reconstruct run pass stopped or degraded {"intent_id":"3f2b9c1e-4d5a-4b6c-8d7e-9f0a1b2c3d4e","coach_id":"coach-A","epoch":1,"stopped":null,"families":[{"token":"blocks","family":"programs","staged":10001,"reconstructed":0,"skipped":0,"failed":0,"stopped":"over_ceiling"},{"token":"routines","family":"workouts","staged":1,"reconstructed":1,"skipped":0,"failed":0,"stopped":null}],"unmapped_families":[]}[39m
[33m[Nest] 12243  - [39m09/26/2026, 2:44:08 AM [33m   WARN[39m [38;5;3m[ScoutReconstructService] [39m[33mscout.reconstruct run pass stopped or degraded {"intent_id":"3f2b9c1e-4d5a-4b6c-8d7e-9f0a1b2c3d4e","coach_id":"coach-A","epoch":1,"stopped":null,"families":[{"token":"routines","family":"workouts","staged":1,"reconstructed":1,"skipped":0,"failed":0,"stopped":null},{"token":"blocks","family":null,"staged":1,"reconstructed":0,"skipped":0,"failed":0,"stopped":"provenance_conflict"}],"unmapped_families":["blocks"]}[39m
[33m[Nest] 12243  - [39m09/26/2026, 2:44:08 AM [33m   WARN[39m [38;5;3m[ScoutReconstructService] [39m[33mscout.reconstruct run pass stopped or degraded {"intent_id":"3f2b9c1e-4d5a-4b6c-8d7e-9f0a1b2c3d4e","coach_id":"coach-A","epoch":1,"stopped":null,"families":[{"token":"blocks","family":"programs","staged":1,"reconstructed":0,"skipped":0,"failed":0,"stopped":"provenance_conflict"},{"token":"routines","family":"workouts","staged":1,"reconstructed":1,"skipped":0,"failed":0,"stopped":null}],"unmapped_families":[]}[39m
[32m[Nest] 12243  - [39m09/26/2026, 2:44:08 AM [32m    LOG[39m [38;5;3m[ScoutReconstructService] [39m[32mscout.reconstruct run pass completed {"intent_id":"3f2b9c1e-4d5a-4b6c-8d7e-9f0a1b2c3d4e","coach_id":"coach-A","epoch":1,"stopped":null,"families":[{"token":"people","family":"clients","staged":1,"reconstructed":1,"skipped":0,"failed":0,"stopped":null},{"token":"notes","family":null,"staged":1,"reconstructed":0,"skipped":1,"failed":0,"stopped":null}],"unmapped_families":["notes"]}[39m
[32m[Nest] 12243  - [39m09/26/2026, 2:44:08 AM [32m    LOG[39m [38;5;3m[ScoutReconstructService] [39m[32mscout.reconstruct run pass completed {"intent_id":"3f2b9c1e-4d5a-4b6c-8d7e-9f0a1b2c3d4e","coach_id":"coach-A","epoch":1,"stopped":null,"families":[{"token":"people","family":"clients","staged":1,"reconstructed":1,"skipped":0,"failed":0,"stopped":null}],"unmapped_families":[]}[39m
PASS test/scout/reconstruct/mapping-spec.spec.ts
PASS test/scout/orchestration/settle-hook.spec.ts
PASS test/scout/g2-s9c-db-guard.spec.ts
PASS test/scout/g2-s8g-db-guard.spec.ts
PASS test/scout/reconstruct/native/native-families.spec.ts
PASS test/scout/g2-s9-db-guard.spec.ts
PASS test/scout/lifecycle/arbiter.spec.ts
PASS test/scout/orchestration/family-plan.spec.ts
PASS test/scout/reconciliation/catalogue-parity.spec.ts
PASS test/route-doc-drift.spec.ts

Test Suites: 1 failed, 15 passed, 16 total
Tests:       559 passed, 559 total
Snapshots:   0 total
Time:        70.263 s
Ran all test suites within paths "test/contracts/importer-contract.spec.ts", "test/scout/lifecycle/arbiter.spec.ts", "test/scout/lifecycle/lifecycle.service.spec.ts", "test/scout/orchestration/settle-hook.spec.ts", "src/scout/scout.service.spec.ts", "test/scout/reconciliation/catalogue-parity.spec.ts", "test/scout/g2-s9c-db-guard.spec.ts", "test/scout/reconciliation/facts.service.spec.ts", "test/scout/reconciliation/reconcile.spec.ts", "test/scout/g2-s9-db-guard.spec.ts", "test/scout/g2-s8g-db-guard.spec.ts", "test/scout/orchestration/reconstruct-run.spec.ts", "test/scout/orchestration/family-plan.spec.ts", "test/route-doc-drift.spec.ts", "test/scout/reconstruct/native/native-families.spec.ts", "test/scout/reconstruct/mapping-spec.spec.ts".
