docs/decisions/2026-09-25-s9-reconciliation.md 400ms
src/scout/lifecycle/lifecycle.service.ts 208ms (unchanged)
src/scout/lifecycle/reason-codes.ts 17ms (unchanged)
src/scout/reconstruct/native/native-rules.ts 115ms (unchanged)
src/scout/scout.dto.ts 24ms (unchanged)
src/scout/scout.module.ts 4ms (unchanged)
src/scout/scout.service.spec.ts 152ms (unchanged)
src/scout/scout.service.ts 60ms (unchanged)
test/contracts/importer-contract.spec.ts 99ms (unchanged)
test/scout/lifecycle/arbiter.spec.ts 12ms (unchanged)
test/scout/lifecycle/lifecycle.service.spec.ts 195ms
test/scout/orchestration/settle-hook.spec.ts 31ms (unchanged)
src/scout/lifecycle/reason-domains.ts 5ms (unchanged)
test/rls-g2-s9c.spec.ts 46ms (unchanged)
test/scout/g2-s9c-db-guard.spec.ts 20ms (unchanged)
test/scout/reconciliation/catalogue-parity.spec.ts 8ms (unchanged)
test/utils/g2-s9c-db.ts 29ms (unchanged)
test/utils/g2-s9c-harness.ts 35ms (unchanged)
test/utils/g2-s9c-pg-harness.ts 33ms (unchanged)
test/utils/g2-s9c-worker.cjs 54ms (unchanged)
