START 2026-09-24T15:27:22Z pid=13770 lock=held(fd9) node=v20.20.1 npm=10.8.2
2026-09-24T15:27:25Z PREFLIGHT_OK env_reasserted hooks_verified df_avail_kb=7453460
2026-09-24T15:27:26Z STAGED_OK tree=d02f9b124bee52107f8ad2f286f8af611b859fe6
2026-09-24T15:27:26Z GATE tsc start bound=300s: ./node_modules/.bin/tsc --noEmit -p tsconfig.json
2026-09-24T15:28:11Z GATE tsc rc=0
2026-09-24T15:28:11Z GATE eslint start bound=180s: ./node_modules/.bin/eslint --no-warn-ignored --max-warnings 0 src/scout/scout-ledger-backfill.ts
2026-09-24T15:28:12Z GATE eslint rc=0
2026-09-24T15:28:12Z GATE prettier start bound=120s: ./node_modules/.bin/prettier --check src/scout/scout-ledger-backfill.ts
2026-09-24T15:28:13Z GATE prettier rc=0
2026-09-24T15:28:13Z GATE check-r75 start bound=60s: node scripts/check-r75.js --mode=staged
2026-09-24T15:28:13Z GATE check-r75 rc=0
2026-09-24T15:28:14Z GATE jest start bound=300s: ./node_modules/.bin/jest src/scout/scout-ledger-backfill.spec.ts test/scout/g2-b-drain-db-guard.spec.ts --runInBand
2026-09-24T15:28:23Z GATE jest rc=0
2026-09-24T15:28:23Z GATES_OK
2026-09-24T15:29:08Z COMMIT_OK head=0d69c7ba7e7d257311cfcb21fa325ebb1ddc1f1c
filled /home/user/workspace/execution/95633079/s7-b-drain/runtime-v5/binding/b-pg-proof.sh
template_sha=25eb683770192de5037143e3d042106890578e9ee0f013a0f90d411174e21c3c
substitution_only_sha=8bcdc11460e57a3a14bcd36be727e7c67b6347998c6f06af5a9c77d069e842f8
filled_v5_sha=e895b16e1ef369a6a8a952ae224d5cd202b3da54b74614e14d0d4c3a9b4a0123
HEAD=0d69c7ba7e7d257311cfcb21fa325ebb1ddc1f1c TREE=d02f9b124bee52107f8ad2f286f8af611b859fe6 SPEC=9b31fd1813d25a1624ab04666e0b1be4743277ab BOOTSTRAP=b4503eef525baa531eedb148f47828db3a4ade6f FIXTURE=4525f01d06333918bdb1fca3fd70f4d4e3936ee1cefc01eb5ac6d0ba9d501eb9
19:D=/home/user/workspace/execution/95633079/s7-b-drain/fixture-proposal-v3/binding
20:RT=/home/user/workspace/execution/95633079/s7-b-drain/runtime-v5       # v5 proof: separate receipt/old-root root (first proof runtime/ preserved)
25:EXPECT_HEAD=0d69c7ba7e7d257311cfcb21fa325ebb1ddc1f1c
26:EXPECT_TREE=d02f9b124bee52107f8ad2f286f8af611b859fe6
27:EXPECT_SPEC_BLOB=9b31fd1813d25a1624ab04666e0b1be4743277ab                 # test/rls-g2-b-drain.spec.ts at v3
28:EXPECT_BOOTSTRAP_BLOB=b4503eef525baa531eedb148f47828db3a4ade6f       # test/utils/g2-b-drain-bootstrap.sh at v3
29:EXPECT_FIXTURE_SHA=4525f01d06333918bdb1fca3fd70f4d4e3936ee1cefc01eb5ac6d0ba9d501eb9           # binding/b-fixture.sh
30:EXPECT_POSTGRES_SHA=23cd174849b273064c47d581b55be596be2f5cf0ee5d3e76c0146e2464bf873a   # S1/S2 PG17_PROVENANCE (unchanged)
31:EXPECT_INITDB_SHA=b7db9bc2463a4ffbe1e405977512afb50c9846fd3af2b694e315e6d5a270882a
32:EXPECT_NM_LOCK_SHA=05bc530aa44bfa6df64f0daa8edb66c5181abf4bfbc309bd8da2c8aff37b6a44      # C1 node_modules/.package-lock.json
33:EXPECT_NM_CLIENT_SHA=bf679a16e50a6f0c39528887b80c2a03c5d0825b816cec3417fcbc94300b72d5    # C1 node_modules/.prisma/client/index.d.ts
35:S5DIR=$PG17_HOME/clusters/s5; C1DIR=$PG17_HOME/clusters/c1-builder; BDIR=$PG17_HOME/clusters/b-drain
36:PORT=55461; DBNAME=g2_b_drain_disposable; ADMIN=b_super; FIXPASS=b_local_synthetic
2026-09-24T15:29:08Z BINDING_FILLED (not run)
2026-09-24T15:29:08Z FULL_HISTORY_BUNDLE ok (to shallow graft c23b9d9f)
2026-09-24T15:29:08Z DONE head=0d69c7ba7e7d257311cfcb21fa325ebb1ddc1f1c tree=d02f9b124bee52107f8ad2f286f8af611b859fe6 parent=75a2863bf79a44f84050406d6878ec9a87f4053e
2026-09-24T15:29:09Z STOP stage=done rc=0
