2026-09-27 20:41:54.173 UTC [28873] LOG:  starting PostgreSQL 17.6 on x86_64-pc-linux-gnu, compiled by gcc (Ubuntu 7.5.0-3ubuntu1~18.04) 7.5.0, 64-bit
2026-09-27 20:41:54.173 UTC [28873] LOG:  listening on IPv4 address "127.0.0.1", port 55650
2026-09-27 20:41:54.174 UTC [28873] LOG:  listening on Unix socket "/home/user/workspace/execution/42d8c5b5/proof-scratch/s10b-s10b-v1-24789/s/.s.PGSQL.55650"
2026-09-27 20:41:54.175 UTC [28876] LOG:  database system was shut down at 2026-09-27 20:41:51 UTC
2026-09-27 20:41:54.177 UTC [28873] LOG:  database system is ready to accept connections
2026-09-27 20:43:53.868 UTC [32237] ERROR:  permission denied for table ScoutRunDeclaration
2026-09-27 20:43:53.868 UTC [32237] STATEMENT:  SELECT count(*) FROM "ScoutRunDeclaration"
2026-09-27 20:43:53.881 UTC [32239] ERROR:  permission denied for table ScoutRunDeclaration
2026-09-27 20:43:53.881 UTC [32239] STATEMENT:  SELECT count(*) FROM "ScoutRunDeclaration"
2026-09-27 20:43:53.893 UTC [32241] ERROR:  permission denied for table ScoutRunObservation
2026-09-27 20:43:53.893 UTC [32241] STATEMENT:  SELECT count(*) FROM "ScoutRunObservation"
2026-09-27 20:43:53.905 UTC [32243] ERROR:  permission denied for table ScoutRunObservation
2026-09-27 20:43:53.905 UTC [32243] STATEMENT:  SELECT count(*) FROM "ScoutRunObservation"
2026-09-27 20:43:53.920 UTC [32245] ERROR:  permission denied for table ScoutRunSettledBasis
2026-09-27 20:43:53.920 UTC [32245] STATEMENT:  SELECT count(*) FROM "ScoutRunSettledBasis"
2026-09-27 20:43:53.934 UTC [32247] ERROR:  permission denied for table ScoutRunSettledBasis
2026-09-27 20:43:53.934 UTC [32247] STATEMENT:  SELECT count(*) FROM "ScoutRunSettledBasis"
2026-09-27 20:43:53.948 UTC [32249] ERROR:  permission denied for table ScoutRunDeclaration
2026-09-27 20:43:53.948 UTC [32249] STATEMENT:  INSERT INTO "ScoutRunDeclaration" (coach_id,intent_id,source_platform,account_scope_id_digest,challenge,declared_at)
	    VALUES ('coach','1910d7b9-030c-4aa8-9c6b-19c07948db9b','synthetic-src-b',
	      encode(digest('synthetic-scope-1','sha256'),'hex'),decode(repeat('07',32),'hex'),
	      '2026-09-26 00:00:00')
2026-09-27 20:43:54.054 UTC [32268] ERROR:  insert or update on table "ScoutRunDeclaration" violates foreign key constraint "ScoutRunDeclaration_coach_id_intent_id_fkey"
2026-09-27 20:43:54.054 UTC [32268] DETAIL:  Key (coach_id, intent_id)=(other-coach, 654d652b-c81b-44f9-9152-d1ac9dbfae08) is not present in table "ScoutImport".
2026-09-27 20:43:54.054 UTC [32268] STATEMENT:  INSERT INTO "ScoutRunDeclaration" (coach_id,intent_id,source_platform,account_scope_id_digest,challenge,declared_at)
	    VALUES ('other-coach','654d652b-c81b-44f9-9152-d1ac9dbfae08','synthetic-src-a',
	      encode(digest('synthetic-scope-1','sha256'),'hex'),decode(repeat('07',32),'hex'),
	      '2026-09-26 00:00:00')
2026-09-27 20:43:54.076 UTC [32270] ERROR:  insert or update on table "ScoutRunObservation" violates foreign key constraint "ScoutRunObservation_coach_id_intent_id_fkey"
2026-09-27 20:43:54.076 UTC [32270] DETAIL:  Key (coach_id, intent_id)=(other-coach, 654d652b-c81b-44f9-9152-d1ac9dbfae08) is not present in table "ScoutImport".
2026-09-27 20:43:54.076 UTC [32270] STATEMENT:  INSERT INTO "ScoutRunObservation" (id,coach_id,intent_id,execution_epoch,source_platform,account_scope_id_digest,
	      family,basis_kind,evidence,evidence_digest,received_at)
	    VALUES (gen_random_uuid()::text,'other-coach','654d652b-c81b-44f9-9152-d1ac9dbfae08',1,'synthetic-src-a',
	      encode(digest('synthetic-scope-1','sha256'),'hex'),'clients','source_signed_enumeration',
	      '{"evidence_version":1}'::jsonb,encode(digest('synthetic-evidence','sha256'),'hex'),'2026-09-26 00:00:00')
2026-09-27 20:43:54.090 UTC [32272] ERROR:  insert or update on table "ScoutRunSettledBasis" violates foreign key constraint "ScoutRunSettledBasis_coach_id_intent_id_fkey"
2026-09-27 20:43:54.090 UTC [32272] DETAIL:  Key (coach_id, intent_id)=(other-coach, 654d652b-c81b-44f9-9152-d1ac9dbfae08) is not present in table "ScoutImport".
2026-09-27 20:43:54.090 UTC [32272] STATEMENT:  INSERT INTO "ScoutRunSettledBasis" (coach_id,intent_id,execution_epoch,report_version,report,observation_digests,settled_at)
	    VALUES ('other-coach','654d652b-c81b-44f9-9152-d1ac9dbfae08',1,1,'{}'::jsonb,ARRAY[encode(digest('synthetic-evidence','sha256'),'hex')],'2026-09-26 00:00:00')
2026-09-27 20:43:54.104 UTC [32274] ERROR:  insert or update on table "ScoutRunObservation" violates foreign key constraint "ScoutRunObservation_declaration_fkey"
2026-09-27 20:43:54.104 UTC [32274] DETAIL:  Key (coach_id, intent_id, source_platform, account_scope_id_digest)=(coach, 654d652b-c81b-44f9-9152-d1ac9dbfae08, synthetic-src-b, 92931c14ca0d532d778df624c261f6298f778663ccfc6ad704f774833c7491b3) is not present in table "ScoutRunDeclaration".
2026-09-27 20:43:54.104 UTC [32274] STATEMENT:  INSERT INTO "ScoutRunObservation" (id,coach_id,intent_id,execution_epoch,source_platform,account_scope_id_digest,
	      family,basis_kind,evidence,evidence_digest,received_at)
	    VALUES (gen_random_uuid()::text,'coach','654d652b-c81b-44f9-9152-d1ac9dbfae08',1,'synthetic-src-b',
	      encode(digest('synthetic-scope-1','sha256'),'hex'),'clients','source_signed_enumeration',
	      '{"evidence_version":1}'::jsonb,encode(digest('synthetic-evidence','sha256'),'hex'),'2026-09-26 00:00:00')
2026-09-27 20:43:54.174 UTC [32284] ERROR:  permission denied for table ScoutRunDeclaration
2026-09-27 20:43:54.174 UTC [32284] STATEMENT:  UPDATE "ScoutRunDeclaration" SET coach_id=coach_id
2026-09-27 20:43:54.186 UTC [32286] ERROR:  permission denied for table ScoutRunDeclaration
2026-09-27 20:43:54.186 UTC [32286] STATEMENT:  DELETE FROM "ScoutRunDeclaration"
2026-09-27 20:43:54.199 UTC [32288] ERROR:  G2-S10B insert-only: UPDATE on ScoutRunDeclaration refused
2026-09-27 20:43:54.199 UTC [32288] CONTEXT:  PL/pgSQL function public.scout_run_observation_insert_only() line 4 at RAISE
2026-09-27 20:43:54.199 UTC [32288] STATEMENT:  UPDATE "ScoutRunDeclaration" SET coach_id=coach_id
2026-09-27 20:43:54.211 UTC [32290] ERROR:  G2-S10B insert-only: DELETE on ScoutRunDeclaration refused
2026-09-27 20:43:54.211 UTC [32290] CONTEXT:  PL/pgSQL function public.scout_run_observation_insert_only() line 4 at RAISE
2026-09-27 20:43:54.211 UTC [32290] STATEMENT:  DELETE FROM "ScoutRunDeclaration"
2026-09-27 20:43:54.223 UTC [32292] ERROR:  cannot truncate a table referenced in a foreign key constraint
2026-09-27 20:43:54.223 UTC [32292] DETAIL:  Table "ScoutRunObservation" references "ScoutRunDeclaration".
2026-09-27 20:43:54.223 UTC [32292] HINT:  Truncate table "ScoutRunObservation" at the same time, or use TRUNCATE ... CASCADE.
2026-09-27 20:43:54.223 UTC [32292] STATEMENT:  TRUNCATE "ScoutRunDeclaration"
2026-09-27 20:43:54.248 UTC [32296] ERROR:  permission denied for table ScoutRunObservation
2026-09-27 20:43:54.248 UTC [32296] STATEMENT:  UPDATE "ScoutRunObservation" SET coach_id=coach_id
2026-09-27 20:43:54.262 UTC [32299] ERROR:  permission denied for table ScoutRunObservation
2026-09-27 20:43:54.262 UTC [32299] STATEMENT:  DELETE FROM "ScoutRunObservation"
2026-09-27 20:43:54.282 UTC [32301] ERROR:  G2-S10B insert-only: UPDATE on ScoutRunObservation refused
2026-09-27 20:43:54.282 UTC [32301] CONTEXT:  PL/pgSQL function public.scout_run_observation_insert_only() line 4 at RAISE
2026-09-27 20:43:54.282 UTC [32301] STATEMENT:  UPDATE "ScoutRunObservation" SET coach_id=coach_id
2026-09-27 20:43:54.305 UTC [32303] ERROR:  G2-S10B insert-only: DELETE on ScoutRunObservation refused
2026-09-27 20:43:54.305 UTC [32303] CONTEXT:  PL/pgSQL function public.scout_run_observation_insert_only() line 4 at RAISE
2026-09-27 20:43:54.305 UTC [32303] STATEMENT:  DELETE FROM "ScoutRunObservation"
2026-09-27 20:43:54.323 UTC [32305] ERROR:  G2-S10B insert-only: TRUNCATE on ScoutRunObservation refused
2026-09-27 20:43:54.323 UTC [32305] CONTEXT:  PL/pgSQL function public.scout_run_observation_insert_only() line 4 at RAISE
2026-09-27 20:43:54.323 UTC [32305] STATEMENT:  TRUNCATE "ScoutRunObservation"
2026-09-27 20:43:54.357 UTC [32309] ERROR:  permission denied for table ScoutRunSettledBasis
2026-09-27 20:43:54.357 UTC [32309] STATEMENT:  UPDATE "ScoutRunSettledBasis" SET coach_id=coach_id
2026-09-27 20:43:54.373 UTC [32311] ERROR:  permission denied for table ScoutRunSettledBasis
2026-09-27 20:43:54.373 UTC [32311] STATEMENT:  DELETE FROM "ScoutRunSettledBasis"
2026-09-27 20:43:54.387 UTC [32313] ERROR:  G2-S10B insert-only: UPDATE on ScoutRunSettledBasis refused
2026-09-27 20:43:54.387 UTC [32313] CONTEXT:  PL/pgSQL function public.scout_run_observation_insert_only() line 4 at RAISE
2026-09-27 20:43:54.387 UTC [32313] STATEMENT:  UPDATE "ScoutRunSettledBasis" SET coach_id=coach_id
2026-09-27 20:43:54.400 UTC [32315] ERROR:  G2-S10B insert-only: DELETE on ScoutRunSettledBasis refused
2026-09-27 20:43:54.400 UTC [32315] CONTEXT:  PL/pgSQL function public.scout_run_observation_insert_only() line 4 at RAISE
2026-09-27 20:43:54.400 UTC [32315] STATEMENT:  DELETE FROM "ScoutRunSettledBasis"
2026-09-27 20:43:54.412 UTC [32317] ERROR:  G2-S10B insert-only: TRUNCATE on ScoutRunSettledBasis refused
2026-09-27 20:43:54.412 UTC [32317] CONTEXT:  PL/pgSQL function public.scout_run_observation_insert_only() line 4 at RAISE
2026-09-27 20:43:54.412 UTC [32317] STATEMENT:  TRUNCATE "ScoutRunSettledBasis"
2026-09-27 20:43:54.497 UTC [32329] ERROR:  permission denied for table ScoutRunObservation
2026-09-27 20:43:54.497 UTC [32329] CONTEXT:  SQL statement "DELETE FROM public."ScoutRunObservation""
	PL/pgSQL function g2_s10b_probe_delete() line 2 at SQL statement
2026-09-27 20:43:54.497 UTC [32329] STATEMENT:  INSERT INTO public.g2_s10b_probe VALUES (1);
2026-09-27 20:43:54.732 UTC [32363] ERROR:  G2-S10B declaration challenge differs within one run
2026-09-27 20:43:54.732 UTC [32363] CONTEXT:  PL/pgSQL function public.scout_run_declaration_one_challenge() line 11 at RAISE
2026-09-27 20:43:54.732 UTC [32363] STATEMENT:  INSERT INTO "ScoutRunDeclaration" (coach_id,intent_id,source_platform,account_scope_id_digest,challenge,declared_at)
	    VALUES ('other-coach','0f50a7c7-b051-479c-a299-2b8b6c55b4b4','synthetic-src-b',
	      encode(digest('synthetic-scope-1','sha256'),'hex'),decode(repeat('08',32),'hex'),
	      '2026-09-26 00:00:00')
2026-09-27 20:43:54.745 UTC [32365] ERROR:  G2-S10B declaration challenge differs within one run
2026-09-27 20:43:54.745 UTC [32365] CONTEXT:  PL/pgSQL function public.scout_run_declaration_one_challenge() line 11 at RAISE
2026-09-27 20:43:54.745 UTC [32365] STATEMENT:  INSERT INTO "ScoutRunDeclaration" (coach_id,intent_id,source_platform,account_scope_id_digest,challenge,declared_at)
	    VALUES ('other-coach','0f50a7c7-b051-479c-a299-2b8b6c55b4b4','synthetic-src-b',
	      encode(digest('synthetic-scope-1','sha256'),'hex'),decode(repeat('07',32),'hex'),
	      '2026-09-26 00:00:01')
2026-09-27 20:43:54.834 UTC [32379] ERROR:  new row for relation "ScoutRunDeclaration" violates check constraint "ScoutRunDeclaration_scope_digest_check"
2026-09-27 20:43:54.834 UTC [32379] DETAIL:  Failing row contains (coach, 1506c705-1cee-4821-b6fe-be71b776f814, synthetic-src-a, raw-account-id, \x07070707070707070707070707070707070707070707070707070707070707..., 2026-09-26 00:00:00).
2026-09-27 20:43:54.834 UTC [32379] STATEMENT:  INSERT INTO "ScoutRunDeclaration" (coach_id,intent_id,source_platform,account_scope_id_digest,challenge,declared_at)
	    VALUES ('coach','1506c705-1cee-4821-b6fe-be71b776f814','synthetic-src-a',
	      'raw-account-id',decode(repeat('07',32),'hex'),
	      '2026-09-26 00:00:00')
2026-09-27 20:43:54.853 UTC [32381] ERROR:  new row for relation "ScoutRunDeclaration" violates check constraint "ScoutRunDeclaration_challenge_check"
2026-09-27 20:43:54.853 UTC [32381] DETAIL:  Failing row contains (coach, 1506c705-1cee-4821-b6fe-be71b776f814, synthetic-src-a, 92931c14ca0d532d778df624c261f6298f778663ccfc6ad704f774833c7491b3, \x00, 2026-09-26 00:00:00).
2026-09-27 20:43:54.853 UTC [32381] STATEMENT:  INSERT INTO "ScoutRunDeclaration" (coach_id,intent_id,source_platform,account_scope_id_digest,challenge,declared_at)
	    VALUES ('coach','1506c705-1cee-4821-b6fe-be71b776f814','synthetic-src-a',
	      encode(digest('synthetic-scope-1','sha256'),'hex'),decode('00','hex'),
	      '2026-09-26 00:00:00')
2026-09-27 20:43:54.879 UTC [32385] ERROR:  new row for relation "ScoutRunObservation" violates check constraint "ScoutRunObservation_family_check"
2026-09-27 20:43:54.879 UTC [32385] DETAIL:  Failing row contains (dc7cad21-640e-48a5-8546-d2d950cedf73, coach, 1506c705-1cee-4821-b6fe-be71b776f814, 1, synthetic-src-a, 92931c14ca0d532d778df624c261f6298f778663ccfc6ad704f774833c7491b3, notes, source_signed_enumeration, {"evidence_version": 1}, 3c5763d016c26246a8b8906f3eacf399cb980b20b7efd076acc4435ffd307789, 2026-09-26 00:00:00).
2026-09-27 20:43:54.879 UTC [32385] STATEMENT:  INSERT INTO "ScoutRunObservation" (id,coach_id,intent_id,execution_epoch,source_platform,account_scope_id_digest,
	      family,basis_kind,evidence,evidence_digest,received_at)
	    VALUES (gen_random_uuid()::text,'coach','1506c705-1cee-4821-b6fe-be71b776f814',1,'synthetic-src-a',
	      encode(digest('synthetic-scope-1','sha256'),'hex'),'notes','source_signed_enumeration',
	      '{"evidence_version":1}'::jsonb,encode(digest('synthetic-evidence','sha256'),'hex'),'2026-09-26 00:00:00')
2026-09-27 20:43:54.891 UTC [32387] ERROR:  new row for relation "ScoutRunObservation" violates check constraint "ScoutRunObservation_epoch_check"
2026-09-27 20:43:54.891 UTC [32387] DETAIL:  Failing row contains (2337ec08-cacc-4098-91a7-f32563553204, coach, 1506c705-1cee-4821-b6fe-be71b776f814, 0, synthetic-src-a, 92931c14ca0d532d778df624c261f6298f778663ccfc6ad704f774833c7491b3, clients, source_signed_enumeration, {"evidence_version": 1}, 3c5763d016c26246a8b8906f3eacf399cb980b20b7efd076acc4435ffd307789, 2026-09-26 00:00:00).
2026-09-27 20:43:54.891 UTC [32387] STATEMENT:  INSERT INTO "ScoutRunObservation" (id,coach_id,intent_id,execution_epoch,source_platform,account_scope_id_digest,
	      family,basis_kind,evidence,evidence_digest,received_at)
	    VALUES (gen_random_uuid()::text,'coach','1506c705-1cee-4821-b6fe-be71b776f814',0,'synthetic-src-a',
	      encode(digest('synthetic-scope-1','sha256'),'hex'),'clients','source_signed_enumeration',
	      '{"evidence_version":1}'::jsonb,encode(digest('synthetic-evidence','sha256'),'hex'),'2026-09-26 00:00:00')
2026-09-27 20:43:54.904 UTC [32389] ERROR:  new row for relation "ScoutRunObservation" violates check constraint "ScoutRunObservation_evidence_digest_check"
2026-09-27 20:43:54.904 UTC [32389] DETAIL:  Failing row contains (2f5fd630-866a-4c9b-a6a2-1966c329a4d8, coach, 1506c705-1cee-4821-b6fe-be71b776f814, 1, synthetic-src-a, 92931c14ca0d532d778df624c261f6298f778663ccfc6ad704f774833c7491b3, clients, source_signed_enumeration, {"evidence_version": 1}, not-hex                                                         , 2026-09-26 00:00:00).
2026-09-27 20:43:54.904 UTC [32389] STATEMENT:  INSERT INTO "ScoutRunObservation" (id,coach_id,intent_id,execution_epoch,source_platform,account_scope_id_digest,
	      family,basis_kind,evidence,evidence_digest,received_at)
	    VALUES (gen_random_uuid()::text,'coach','1506c705-1cee-4821-b6fe-be71b776f814',1,'synthetic-src-a',
	      encode(digest('synthetic-scope-1','sha256'),'hex'),'clients','source_signed_enumeration',
	      '{"evidence_version":1}'::jsonb,'not-hex','2026-09-26 00:00:00')
2026-09-27 20:44:19.537 UTC [765] ERROR:  Run declaration or observation state exists; retain schema and use compatible forward repair
2026-09-27 20:44:19.537 UTC [765] CONTEXT:  PL/pgSQL function inline_code_block line 50 at RAISE
2026-09-27 20:44:19.537 UTC [765] STATEMENT:  DO $$
	BEGIN
	  -- S10-B exactly as shipped. Presence is tested first (by name, no regclass cast) so a pre-S10-B
	  -- database or a rerun receives this fixed text, not a raw undefined-table error; the table
	  -- locks are taken only once the relations are known to exist.
	  IF (
	    SELECT count(*) FROM pg_catalog.pg_class t
	    WHERE t.oid IN (to_regclass('public."ScoutRunDeclaration"'), to_regclass('public."ScoutRunObservation"'),
	                    to_regclass('public."ScoutRunSettledBasis"'))
	      AND t.relkind = 'r' AND t.relrowsecurity AND t.relforcerowsecurity
	  ) <> 3 OR to_regprocedure('public.scout_run_observation_insert_only()') IS NULL
	    OR to_regprocedure('public.scout_run_declaration_one_challenge()') IS NULL THEN
	    RAISE EXCEPTION 'G2-S10B observation tables absent';
	  END IF;
	  LOCK TABLE public."ScoutRunObservation", public."ScoutRunDeclaration", public."ScoutRunSettledBasis"
	    IN ACCESS EXCLUSIVE MODE;
	  IF (
	    SELECT count(*) FROM pg_catalog.pg_constraint c
	    WHERE c.contype = 'f' AND c.convalidated
	      AND c.confrelid IN (to_regclass('public."ScoutImport"'), to_regclass('public."ScoutRunDeclaration"'))
	      AND c.conname IN ('ScoutRunDeclaration_coach_id_intent_id_fkey', 'ScoutRunObservation_coach_id_intent_id_fkey',
	                        'ScoutRunObservation_declaration_fkey', 'ScoutRunSettledBasis_coach_id_intent_id_fkey')
	  ) <> 4 OR NOT EXISTS (
	    SELECT 1 FROM pg_catalog.pg_index i
	    WHERE i.indexrelid = to_regclass('public."ScoutRunObservation_unit_key"')
	      AND i.indrelid = 'public."ScoutRunObservation"'::regclass
	      AND i.indisunique AND i.indisvalid AND i.indpred IS NULL
	      AND pg_get_indexdef(i.indexrelid) =
	        'CREATE UNIQUE INDEX "ScoutRunObservation_unit_key" ON public."ScoutRunObservation" USING btree (coach_id, intent_id, execution_epoch, source_platform, account_scope_id_digest, family)'
	  ) OR (
	    SELECT count(*) FROM pg_catalog.pg_trigger g
	    WHERE NOT g.tgisinternal
	      AND g.tgrelid IN ('public."ScoutRunDeclaration"'::regclass, 'public."ScoutRunObservation"'::regclass,
	                        'public."ScoutRunSettledBasis"'::regclass)
	      AND g.tgname IN ('ScoutRunDeclaration_one_challenge', 'ScoutRunDeclaration_insert_only',
	                       'ScoutRunDeclaration_no_truncate', 'ScoutRunObservation_insert_only',
	                       'ScoutRunObservation_no_truncate', 'ScoutRunSettledBasis_insert_only',
	                       'ScoutRunSettledBasis_no_truncate')
	  ) <> 7 OR (
	    SELECT count(*) FROM pg_catalog.pg_policy p
	    WHERE p.polrelid IN ('public."ScoutRunDeclaration"'::regclass, 'public."ScoutRunObservation"'::regclass,
	                         'public."ScoutRunSettledBasis"'::regclass)
	  ) <> 9 THEN
	    RAISE EXCEPTION 'G2-S10B observation tables absent';
	  END IF;
	  -- Refuse to erase recorded S10 facts. Fixed, identifier-free text; nothing is named.
	  IF EXISTS (SELECT 1 FROM public."ScoutRunDeclaration")
	    OR EXISTS (SELECT 1 FROM public."ScoutRunObservation")
	    OR EXISTS (SELECT 1 FROM public."ScoutRunSettledBasis") THEN
	    RAISE EXCEPTION 'Run declaration or observation state exists; retain schema and use compatible forward repair';
	  END IF;
	END $$;
2026-09-27 20:44:19.650 UTC [781] ERROR:  G2-S10B observation tables absent
2026-09-27 20:44:19.650 UTC [781] CONTEXT:  PL/pgSQL function inline_code_block line 13 at RAISE
2026-09-27 20:44:19.650 UTC [781] STATEMENT:  DO $$
	BEGIN
	  -- S10-B exactly as shipped. Presence is tested first (by name, no regclass cast) so a pre-S10-B
	  -- database or a rerun receives this fixed text, not a raw undefined-table error; the table
	  -- locks are taken only once the relations are known to exist.
	  IF (
	    SELECT count(*) FROM pg_catalog.pg_class t
	    WHERE t.oid IN (to_regclass('public."ScoutRunDeclaration"'), to_regclass('public."ScoutRunObservation"'),
	                    to_regclass('public."ScoutRunSettledBasis"'))
	      AND t.relkind = 'r' AND t.relrowsecurity AND t.relforcerowsecurity
	  ) <> 3 OR to_regprocedure('public.scout_run_observation_insert_only()') IS NULL
	    OR to_regprocedure('public.scout_run_declaration_one_challenge()') IS NULL THEN
	    RAISE EXCEPTION 'G2-S10B observation tables absent';
	  END IF;
	  LOCK TABLE public."ScoutRunObservation", public."ScoutRunDeclaration", public."ScoutRunSettledBasis"
	    IN ACCESS EXCLUSIVE MODE;
	  IF (
	    SELECT count(*) FROM pg_catalog.pg_constraint c
	    WHERE c.contype = 'f' AND c.convalidated
	      AND c.confrelid IN (to_regclass('public."ScoutImport"'), to_regclass('public."ScoutRunDeclaration"'))
	      AND c.conname IN ('ScoutRunDeclaration_coach_id_intent_id_fkey', 'ScoutRunObservation_coach_id_intent_id_fkey',
	                        'ScoutRunObservation_declaration_fkey', 'ScoutRunSettledBasis_coach_id_intent_id_fkey')
	  ) <> 4 OR NOT EXISTS (
	    SELECT 1 FROM pg_catalog.pg_index i
	    WHERE i.indexrelid = to_regclass('public."ScoutRunObservation_unit_key"')
	      AND i.indrelid = 'public."ScoutRunObservation"'::regclass
	      AND i.indisunique AND i.indisvalid AND i.indpred IS NULL
	      AND pg_get_indexdef(i.indexrelid) =
	        'CREATE UNIQUE INDEX "ScoutRunObservation_unit_key" ON public."ScoutRunObservation" USING btree (coach_id, intent_id, execution_epoch, source_platform, account_scope_id_digest, family)'
	  ) OR (
	    SELECT count(*) FROM pg_catalog.pg_trigger g
	    WHERE NOT g.tgisinternal
	      AND g.tgrelid IN ('public."ScoutRunDeclaration"'::regclass, 'public."ScoutRunObservation"'::regclass,
	                        'public."ScoutRunSettledBasis"'::regclass)
	      AND g.tgname IN ('ScoutRunDeclaration_one_challenge', 'ScoutRunDeclaration_insert_only',
	                       'ScoutRunDeclaration_no_truncate', 'ScoutRunObservation_insert_only',
	                       'ScoutRunObservation_no_truncate', 'ScoutRunSettledBasis_insert_only',
	                       'ScoutRunSettledBasis_no_truncate')
	  ) <> 7 OR (
	    SELECT count(*) FROM pg_catalog.pg_policy p
	    WHERE p.polrelid IN ('public."ScoutRunDeclaration"'::regclass, 'public."ScoutRunObservation"'::regclass,
	                         'public."ScoutRunSettledBasis"'::regclass)
	  ) <> 9 THEN
	    RAISE EXCEPTION 'G2-S10B observation tables absent';
	  END IF;
	  -- Refuse to erase recorded S10 facts. Fixed, identifier-free text; nothing is named.
	  IF EXISTS (SELECT 1 FROM public."ScoutRunDeclaration")
	    OR EXISTS (SELECT 1 FROM public."ScoutRunObservation")
	    OR EXISTS (SELECT 1 FROM public."ScoutRunSettledBasis") THEN
	    RAISE EXCEPTION 'Run declaration or observation state exists; retain schema and use compatible forward repair';
	  END IF;
	END $$;
2026-09-27 20:44:19.741 UTC [791] ERROR:  G2-S10B observation tables already present
2026-09-27 20:44:19.741 UTC [791] CONTEXT:  PL/pgSQL function inline_code_block line 48 at RAISE
2026-09-27 20:44:19.741 UTC [791] STATEMENT:  DO $$
	BEGIN
	  -- Accepted run identity: the (coach_id, intent_id) key on an RLS-forced table, exactly as shipped.
	  IF NOT EXISTS (
	    SELECT 1 FROM pg_catalog.pg_index i
	    JOIN pg_catalog.pg_class t ON t.oid = i.indrelid
	    WHERE i.indexrelid = to_regclass('public."ScoutImport_coach_id_intent_id_key"')
	      AND i.indrelid = to_regclass('public."ScoutImport"')
	      AND t.relkind = 'r' AND t.relrowsecurity AND t.relforcerowsecurity
	      AND i.indisunique AND i.indisvalid AND i.indisready AND i.indimmediate
	      AND i.indnkeyatts = i.indnatts AND i.indpred IS NULL AND i.indexprs IS NULL
	      AND pg_get_indexdef(i.indexrelid) =
	        'CREATE UNIQUE INDEX "ScoutImport_coach_id_intent_id_key" ON public."ScoutImport" USING btree (coach_id, intent_id)'
	  ) THEN
	    RAISE EXCEPTION 'G2-S10B unexpected run identity prerequisite';
	  END IF;
	  -- Run key columns exactly as shipped, and S7-L1's epoch (the observation binding) present.
	  IF NOT EXISTS (
	    SELECT 1 FROM pg_catalog.pg_attribute a
	    WHERE a.attrelid = 'public."ScoutImport"'::regclass AND a.attname = 'coach_id'
	      AND NOT a.attisdropped AND a.atttypid = 'text'::regtype AND a.attnotnull
	  ) OR NOT EXISTS (
	    SELECT 1 FROM pg_catalog.pg_attribute a
	    WHERE a.attrelid = 'public."ScoutImport"'::regclass AND a.attname = 'intent_id'
	      AND NOT a.attisdropped AND a.atttypid = 'text'::regtype AND a.attnotnull
	  ) OR NOT EXISTS (
	    SELECT 1 FROM pg_catalog.pg_attribute a
	    WHERE a.attrelid = 'public."ScoutImport"'::regclass AND a.attname = 'execution_epoch'
	      AND NOT a.attisdropped AND a.atttypid = 'int4'::regtype AND a.attnotnull
	  ) THEN
	    RAISE EXCEPTION 'G2-S10B unexpected run column prerequisite';
	  END IF;
	  -- Nothing this file creates may already exist under its name: refused, never dropped or adopted.
	  IF to_regclass('public."ScoutRunDeclaration"') IS NOT NULL
	    OR to_regclass('public."ScoutRunObservation"') IS NOT NULL
	    OR to_regclass('public."ScoutRunSettledBasis"') IS NOT NULL
	    OR to_regclass('public."ScoutRunDeclaration_pkey"') IS NOT NULL
	    OR to_regclass('public."ScoutRunObservation_pkey"') IS NOT NULL
	    OR to_regclass('public."ScoutRunObservation_unit_key"') IS NOT NULL
	    OR to_regclass('public."ScoutRunSettledBasis_pkey"') IS NOT NULL
	    OR to_regprocedure('public.scout_run_observation_insert_only()') IS NOT NULL
	    OR to_regprocedure('public.scout_run_declaration_one_challenge()') IS NOT NULL
	    OR EXISTS (
	      SELECT 1 FROM pg_catalog.pg_constraint
	      WHERE connamespace = 'public'::regnamespace
	        AND conname LIKE ANY (ARRAY['ScoutRunDeclaration\_%', 'ScoutRunObservation\_%', 'ScoutRunSettledBasis\_%'])
	    ) THEN
	    RAISE EXCEPTION 'G2-S10B observation tables already present';
	  END IF;
	END $$;
2026-09-27 20:45:02.791 UTC [1695] ERROR:  duplicate key value violates unique constraint "ScoutImportCompletion_coach_id_intent_id_key"
2026-09-27 20:45:02.791 UTC [1695] DETAIL:  Key (coach_id, intent_id)=(coach, bab64485-32d8-4c49-b908-cd180426bdb0) already exists.
2026-09-27 20:45:02.791 UTC [1695] STATEMENT:  INSERT INTO "public"."ScoutImportCompletion" ("id","coach_id","intent_id","terminal_status","completed_at") VALUES ($1,$2,$3,$4,$5) RETURNING "public"."ScoutImportCompletion"."id", "public"."ScoutImportCompletion"."coach_id", "public"."ScoutImportCompletion"."intent_id", "public"."ScoutImportCompletion"."terminal_status", "public"."ScoutImportCompletion"."final_counts", "public"."ScoutImportCompletion"."error_summary", "public"."ScoutImportCompletion"."completed_at"
2026-09-27 20:45:52.173 UTC [28873] LOG:  received fast shutdown request
2026-09-27 20:45:52.173 UTC [28873] LOG:  aborting any active transactions
2026-09-27 20:45:52.175 UTC [28873] LOG:  background worker "logical replication launcher" (PID 28879) exited with exit code 1
2026-09-27 20:45:52.176 UTC [28874] LOG:  shutting down
2026-09-27 20:45:52.176 UTC [28874] LOG:  checkpoint starting: shutdown immediate
2026-09-27 20:45:52.199 UTC [28874] LOG:  checkpoint complete: wrote 1856 buffers (11.3%); 0 WAL file(s) added, 0 removed, 1 recycled; write=0.023 s, sync=0.001 s, total=0.024 s; sync files=0, longest=0.000 s, average=0.000 s; distance=14895 kB, estimate=14895 kB; lsn=0/2365330, redo lsn=0/2365330
2026-09-27 20:45:52.204 UTC [28873] LOG:  database system is shut down
