label=prisma-generate-guarded head=d5cd9b8b0690a2e6f2c3fd8ff320a1ceb13d650c merge_head=5c7b42b3ea5be84e4c740fa5d7e42a94d5230d06 write_tree=a584a1b95423f95dae8daabf673ef3776604acbb node=v20.20.1 npm=10.8.2 NODE_OPTIONS='--max-old-space-size=4096' npm_config_offline='true' CHECKPOINT_DISABLE='1' PRISMA_GENERATE_SKIP_AUTOINSTALL='unset' cwd=/home/user/workspace/worktrees/s3-prep2 T=300 loadavg='4.99 3.86 2.06 1/113 25499' mem_avail_mb=7711 utc=2026-09-23T16:44:24Z
cmd: echo "PRISMA_ENGINES_MIRROR=${PRISMA_ENGINES_MIRROR-unset} (engine binaries, if fetched, come from binaries.prisma.sh — disclosed network event)"
CHECKPOINT_DISABLE=1 PRISMA_GENERATE_SKIP_AUTOINSTALL=true PRISMA_HIDE_UPDATE_MESSAGE=1 node node_modules/prisma/build/index.js generate
PRISMA_ENGINES_MIRROR=unset (engine binaries, if fetched, come from binaries.prisma.sh — disclosed network event)
Prisma schema loaded from prisma/schema.prisma

✔ Generated Prisma Client (v6.19.3) to ./node_modules/@prisma/client in 2.03s

Start by importing your Prisma Client (See: https://pris.ly/d/importing-client)

Tip: Want to turn off tips and other hints? https://pris.ly/tip-4-nohints

exit=0 (124=timeout,137=killed) utc=2026-09-23T16:44:30Z write_tree_after=a584a1b95423f95dae8daabf673ef3776604acbb
== post-conditions (each line: postcheck rc)
postcheck: log contains 'Generated Prisma Client (v6.19.3)' rc=0 |  
node:internal/modules/cjs/loader:645
      throw e;
      ^

Error [ERR_PACKAGE_PATH_NOT_EXPORTED]: Package subpath './package.json' is not defined by "exports" in /home/user/workspace/worktrees/s3-prep2/node_modules/deepmerge-ts/package.json
    at exportsNotFound (node:internal/modules/esm/resolve:322:10)
    at packageExportsResolve (node:internal/modules/esm/resolve:670:9)
    at resolveExports (node:internal/modules/cjs/loader:638:36)
    at Module._findPath (node:internal/modules/cjs/loader:711:31)
    at Module._resolveFilename (node:internal/modules/cjs/loader:1193:27)
    at Module._load (node:internal/modules/cjs/loader:1038:27)
    at Module.require (node:internal/modules/cjs/loader:1289:19)
    at require (node:internal/modules/helpers:182:18)
    at [eval]:1:1
    at runScriptInThisContext (node:internal/vm:209:10) {
  code: 'ERR_PACKAGE_PATH_NOT_EXPORTED'
}

Node.js v20.20.1
postcheck: deepmerge-ts version rc=1 | expected=8.0.0 actual=
postcheck: @prisma/config version rc=0 | 6.19.3
postcheck: write-tree rc=0 | a584a1b95423f95dae8daabf673ef3776604acbb
postcheck: non-staged porcelain lines rc=0 | 0
engine files: LICENSE README.md dist libquery_engine-debian-openssl-3.0.x.so.node package.json schema-engine-debian-openssl-3.0.x scripts 
query engine libs: node_modules/.prisma/client/libquery_engine-debian-openssl-3.0.x.so.node 
client_boundary: CHECKPOINT_DISABLE=1 PRISMA_GENERATE_SKIP_AUTOINSTALL=true (inline on the generate command; step env CHECKPOINT_DISABLE=1)
postchecks_exit=1
step_status=1 utc=2026-09-23T16:44:30Z
