== S1+S2 composition proof start_utc=2026-09-23T17:42:44Z pid=28292 host=127.0.0.1:54354 db=s1_rls_s3comp_be0b db2=s1_rls_s3comp_be0b_lock out=/home/user/workspace/execution/6c2a68ac/s3-composed-proof/composition-s3/20260923T174228Z/harness
head=be0ba8274e486dee77f15d18fe367a13ff08ecf5 tree=a584a1b95423f95dae8daabf673ef3776604acbb parents=d5cd9b8b0690a2e6f2c3fd8ff320a1ceb13d650c 5c7b42b3ea5be84e4c740fa5d7e42a94d5230d06
clean=yes
c0_tree_commit=be0ba8274e486dee77f15d18fe367a13ff08ecf5 (candidate HEAD export minus S1-owned paths: prisma/migrations/20261224000000_rls_close_public_exposure test/db)
sha256 8831f8f744d1b42499c8eae7f34e21651c65cf3e831ab82d064434a36482f073  scripts/release.sh  blob=c86b3ab961cb0569369d28e95278be4aa9669d03
sha256 0922729c5096faf6025ebb093ba7993c218d193c84f9c8c918f195b9331a8fb4  scripts/release-required-verifiers.txt  blob=bfc2c5fe50a4a6ea65e7a04c35fd4e8061f3586d
sha256 72b0ad5a07cd6ccbcc1e88ef94e311606fb1a85d97f0efa6c38cf87de3cae344  prisma/migrations/20261224000000_rls_close_public_exposure/migration.sql  blob=586ffad41d832bbcbb93379c217d1e8dd5b6b005
sha256 dd7dd6f33f03fb0738e635530e69299741c1ec4d6e6a848e15ed937a74a7bdeb  prisma/migrations/20261224000000_rls_close_public_exposure/down.sql  blob=b1990b02fb63f00c00fa57d7c8f517b52b1d2dc2
sha256 266e62e9ed6def7491e886c1f9648ce31dd95d62931c839fb84db2b3140a9448  prisma/migrations/20261224000000_rls_close_public_exposure/verify.sql  blob=11836f0c4ae4361feb75ef3554e0ac504f5fb267
sha256 6f66e43624fd7ad4337b9b4b67e108fc2192230e8b6e8cc4287b193fe997a8ec  test/db/_support/s1-target-guard.sh  blob=81e305493796a2d8fede288abce1c260afb61020
sha256 e8c42d2e6f2173f0d4acbf5cf47316c4aefaad23aee023e6e08171a6e536da60  test/db/_support/supabase-like-bootstrap.sql  blob=3bf835115ad540fde27a8ec6c04a7e4262150754
sha256 719a8d0971bf98c284e6e79915e48a73e23d544703790936958a74b608358014  prisma/migrations/rls_fitness_backend.sql  blob=db4aa89e8b68964d87def6a3a939ccf9583802aa
sha256 b7fed5ed611c004615022cf69375b83956e9a69604807123fbe0e7965aea9c55  package-lock.json  blob=354de3dae19449970497da6e4d87f0a1225a8f43
psql=/usr/lib/postgresql/18/bin/psql psql (PostgreSQL) 18.6 (Ubuntu 18.6-0ubuntu0.26.04.1)
node=/usr/local/bin/node v20.20.1
prisma_cli=/home/user/workspace/worktrees/s3-prep2/node_modules/prisma/build/index.js sha256=c2a77456b70e8ba1e640e122824ed694433828a7c0d76ff3db7fc376b4b0e1a0
prisma_version: Prisma schema loaded from prisma/schema.prisma;prisma : 6.19.3;@prisma/client : 6.19.3;Computed binaryTarget : debian-openssl-3.0.x;Operating System : linux;Architecture : x64;Node.js : v20.20.1;TypeScript : 5.9.3;Query Engine (Node-API) : libquery-engine c2990dca591cba766e3b7ef5d9e8a84796e47ab7 (at node_modules/@prisma/engines/libquery_engine-debian-openssl-3.0.x.so.node);PSL : @prisma/prisma-schema-wasm 7.1.1-3.c2990dca591cba766e3b7ef5d9e8a84796e47ab7;Schema Engine : schema-engine-cli c2990dca591cba766e3b7ef5d9e8a84796e47ab7 (at node_modules/@prisma/engines/schema-engine-debian-openssl-3.0.x);Default Engines Hash : c2990dca591cba766e3b7ef5d9e8a84796e47ab7;Studio : 0.511.0;
npx_resolves_to=prisma : 6.19.3
PATH=/home/user/pg17/dist/bin:/usr/lib/postgresql/18/bin:/usr/local/sbin:/usr/local/bin:/usr/sbin:/usr/bin:/sbin:/bin
server_version=17.6 cluster=s1-disposable-pg17 datadir=/home/user/pg17/clusters/s3comp-be0b
migration_dirs_total=165 (candidate included)
PASS  C0 tree: candidate-HEAD export minus S1-owned paths (prisma/migrations/20261224000000_rls_close_public_exposure test/db) has release.sh identical to integrated head
PASS  C0 tree: S2-only tree has NO S1 verifier (and no prisma/migrations/20261224000000_rls_close_public_exposure, no test/db)
== C0 dir=/tmp/tmp.VZG1g6m3fL/s2only start=2026-09-23T17:42:49Z end=2026-09-23T17:42:50Z release_sh_exit=1 log=/home/user/workspace/execution/6c2a68ac/s3-composed-proof/composition-s3/20260923T174228Z/harness/C0.release.log
      captured tmp artifact: release_verifiers_discovered.txt
PASS  C0: S2-only release.sh exits 1
PASS  C0: refuses with 'REQUIRED catalog verifier missing'
PASS  C0: prisma CLI present in that tree (refusal is not 'prisma missing'; banner shows the pinned version)
PASS  C0: no 'step 1:' reached (no migrate status)
PASS  C0: no connection attempt (no P1001 / Can't reach)
PASS  C0: /tmp/prisma_migrate.log never created
PASS  C0: no success banner
== C0b dir=/tmp/tmp.VZG1g6m3fL/nover start=2026-09-23T17:42:51Z end=2026-09-23T17:42:52Z release_sh_exit=1 log=/home/user/workspace/execution/6c2a68ac/s3-composed-proof/composition-s3/20260923T174228Z/harness/C0b.release.log
      captured tmp artifact: release_verifiers_discovered.txt
PASS  C0b: integrated tree minus verify.sql exits 1
PASS  C0b: names the missing required verifier
PASS  C0b: no 'step 1:' reached, no DB contact
== P: pre-state preparation start_utc=2026-09-23T17:42:52Z
      parent migration directories in the temp copy (candidate removed): 164
PASS  P1 (s1_rls_s3comp_be0b): REAL prisma migrate deploy of the parent chain as non-superuser postgres exits 0
PASS  P1 (s1_rls_s3comp_be0b): parent chain applied count == parent directories (164)
PASS  P1 (s1_rls_s3comp_be0b): _prisma_migrations holds exactly 164 finished rows (genuine ledger)
PASS  P1 (s1_rls_s3comp_be0b): out-of-band rls_fitness_backend.sql applied (production pre-state twin)
PASS  P1 (s1_rls_s3comp_be0b): verify.sql FAILS on the pre-state via psql (exposure present, candidate pending)
PASS  P1 (s1_rls_s3comp_be0b): candidate row absent from ledger before release
PASS  P2 (s1_rls_s3comp_be0b_lock): REAL prisma migrate deploy of the parent chain as non-superuser postgres exits 0
PASS  P2 (s1_rls_s3comp_be0b_lock): parent chain applied count == parent directories (164)
PASS  P2 (s1_rls_s3comp_be0b_lock): _prisma_migrations holds exactly 164 finished rows (genuine ledger)
PASS  P2 (s1_rls_s3comp_be0b_lock): out-of-band rls_fitness_backend.sql applied (production pre-state twin)
PASS  P2 (s1_rls_s3comp_be0b_lock): verify.sql FAILS on the pre-state via psql (exposure present, candidate pending)
PASS  P2 (s1_rls_s3comp_be0b_lock): candidate row absent from ledger before release
      first/last parent migration applied: Applying migration `00000000000000_baseline` Applying migration `20261223000300_scout_reconstructed_entity` 
== C1 dir=/home/user/workspace/worktrees/s3-prep2 start=2026-09-23T17:42:56Z end=2026-09-23T17:43:04Z release_sh_exit=0 log=/home/user/workspace/execution/6c2a68ac/s3-composed-proof/composition-s3/20260923T174228Z/harness/C1.release.log
      captured tmp artifact: prisma_migrate.log
      captured tmp artifact: prisma_status.log
      captured tmp artifact: prisma_verifier.log
      captured tmp artifact: prisma_verify.log
      captured tmp artifact: release_verifiers_discovered.txt
PASS  C1: release.sh exits 0
PASS  C1: step 0 accepted the contract: verifiers_required = 1 (all present)
PASS  C1: step 1 saw exactly the candidate pending (pending_before=1)
PASS  C1: step 2 ran real migrate deploy and applied the candidate
PASS  C1: step 4 invoked the discovered verifier
PASS  C1: verifiers_passed=1 verifiers_required=1
      C1 ALL_APPLIED=165 (expected 165)
PASS  C1: ALL_APPLIED == parent chain + candidate
PASS  C1v: ledger row for the candidate is finished (deploy was real)
PASS  C1v: ledger total == parent chain + candidate
      C1v: prisma db execute route exposes exit code only; NOTICE text present in prisma_verifier.log: 0
PASS  C1v: same verify.sql via psql stop-on-error exits 0 on the released state
PASS  C1v: psql route prints S1's OK line (18 relations, 4 partitions)
== C2 dir=/home/user/workspace/worktrees/s3-prep2 start=2026-09-23T17:43:04Z end=2026-09-23T17:43:11Z release_sh_exit=0 log=/home/user/workspace/execution/6c2a68ac/s3-composed-proof/composition-s3/20260923T174228Z/harness/C2.release.log
      captured tmp artifact: prisma_migrate.log
      captured tmp artifact: prisma_status.log
      captured tmp artifact: prisma_verifier.log
      captured tmp artifact: prisma_verify.log
      captured tmp artifact: release_verifiers_discovered.txt
PASS  C2: release.sh exits 0 again
PASS  C2: nothing pending (pending_before=0)
PASS  C2: verifier still invoked
PASS  C2: verifiers_passed=1
PASS  C3 setup: S1 down.sql applied out of band (--single-transaction)
== C3 dir=/home/user/workspace/worktrees/s3-prep2 start=2026-09-23T17:43:11Z end=2026-09-23T17:43:18Z release_sh_exit=1 log=/home/user/workspace/execution/6c2a68ac/s3-composed-proof/composition-s3/20260923T174228Z/harness/C3.release.log
      captured tmp artifact: prisma_migrate.log
      captured tmp artifact: prisma_status.log
      captured tmp artifact: prisma_verifier.log
      captured tmp artifact: prisma_verify.log
      captured tmp artifact: release_verifiers_discovered.txt
PASS  C3: release.sh exits 1 (verifier failure propagates)
PASS  C3: step 3 still reported 'up to date' (ledger untouched by out-of-band reversal)
PASS  C3: step 4 banner 'catalog verifier FAILED' names the S1 verifier
PASS  C3: Prisma's real error text (S1 EXPOSURE class) appears in the release log tail
PASS  C3: no success banner
PASS  C4 setup: direct re-apply of migration.sql (psql --single-transaction) exits 0
== C4 dir=/home/user/workspace/worktrees/s3-prep2 start=2026-09-23T17:43:18Z end=2026-09-23T17:43:25Z release_sh_exit=0 log=/home/user/workspace/execution/6c2a68ac/s3-composed-proof/composition-s3/20260923T174228Z/harness/C4.release.log
      captured tmp artifact: prisma_migrate.log
      captured tmp artifact: prisma_status.log
      captured tmp artifact: prisma_verifier.log
      captured tmp artifact: prisma_verify.log
      captured tmp artifact: release_verifiers_discovered.txt
PASS  C4: release.sh exits 0 after recovery
PASS  C4: verifiers_passed=1
== C5 dir=/home/user/workspace/worktrees/s3-prep2 start=2026-09-23T17:43:25Z end=2026-09-23T17:43:32Z release_sh_exit=1 log=/home/user/workspace/execution/6c2a68ac/s3-composed-proof/composition-s3/20260923T174228Z/harness/C5.release.log
      captured tmp artifact: prisma_migrate.log
      captured tmp artifact: prisma_status.log
      captured tmp artifact: prisma_verifier.log
      captured tmp artifact: prisma_verify.log
      captured tmp artifact: release_verifiers_discovered.txt
PASS  C5: release.sh exits 1 on allowed-path drift
PASS  C5: ALLOWED-PATH class reported (0 exposure; 1 allowed-path)
PASS  C5: names the lost privilege
== C5r dir=/home/user/workspace/worktrees/s3-prep2 start=2026-09-23T17:43:32Z end=2026-09-23T17:43:39Z release_sh_exit=0 log=/home/user/workspace/execution/6c2a68ac/s3-composed-proof/composition-s3/20260923T174228Z/harness/C5r.release.log
      captured tmp artifact: prisma_migrate.log
      captured tmp artifact: prisma_status.log
      captured tmp artifact: prisma_verifier.log
      captured tmp artifact: prisma_verify.log
      captured tmp artifact: release_verifiers_discovered.txt
PASS  C5r: release.sh exits 0 after restoring the grant
PASS  C7 setup: blocker holds a lock on community_messages_2027_01
== C7 dir=/home/user/workspace/worktrees/s3-prep2 start=2026-09-23T17:43:40Z end=2026-09-23T17:43:49Z release_sh_exit=1 log=/home/user/workspace/execution/6c2a68ac/s3-composed-proof/composition-s3/20260923T174228Z/harness/C7.release.log
      captured tmp artifact: prisma_migrate.log
      captured tmp artifact: prisma_status.log
      captured tmp artifact: release_verifiers_discovered.txt
PASS  C7: release.sh exits non-zero while the late-stage lock is held
      C7 exit=1 elapsed=9s
PASS  C7: failure banner from the ERR trap with Prisma's own output tail
PASS  C7: Prisma's real failure text (P3018 / lock timeout 55P03) is in the release log
PASS  C7: the failing migration named is the candidate
PASS  C7: no step 4 / no success banner
PASS  C7: failed deploy recorded in ledger (finished_at null, rolled_back_at null)
PASS  C7: whole-file rollback — verify.sql still fails via psql (pre-state intact)
PASS  C7: blocker released
PASS  C8 setup: prisma migrate resolve --rolled-back succeeds on the REAL failed row
== C8 dir=/home/user/workspace/worktrees/s3-prep2 start=2026-09-23T17:43:50Z end=2026-09-23T17:43:57Z release_sh_exit=0 log=/home/user/workspace/execution/6c2a68ac/s3-composed-proof/composition-s3/20260923T174228Z/harness/C8.release.log
      captured tmp artifact: prisma_migrate.log
      captured tmp artifact: prisma_status.log
      captured tmp artifact: prisma_verifier.log
      captured tmp artifact: prisma_verify.log
      captured tmp artifact: release_verifiers_discovered.txt
PASS  C8: release.sh exits 0 after failed-row recovery
PASS  C8: step 2 really re-applied the candidate after the rolled-back row (Applying migration line)
PASS  C8: ALL_APPLIED == parent chain + candidate (rolled-back row excluded, read through @prisma/client)
PASS  C8: verifiers_passed=1
PASS  C8: ledger total == parent chain + candidate (rolled-back row excluded)
PASS  post-run: worktree still clean (release.sh/contract/S1 files untouched)
== 68 passed, 0 failed (server 17.6, head be0ba82, end_utc=2026-09-23T17:43:58Z)
