2026-09-26T02:04:16Z RUN s9b-compose pid=27476 user=user node=v20.20.1 git=git version 2.53.0
2026-09-26T02:04:16Z LOCK acquired fd9 inode=692282 (released at exit; file preserved)
2026-09-26T02:04:18Z REMOTE integration/importer=771db62aa10dd0065f30d7d8a155d89fd1cfcfc8 main=1c10e2a19b35bbb4fb17fe7c5aab6fa613e74c47 land_refs=20
The bundle contains this ref:
1e6e5735384a434804bce223c1599162bc660983 refs/heads/exec1910/s9b
The bundle requires this ref:
9497ca5275938c9228c6ec6fa0dfa8c34f39f724 
The bundle uses this hash algorithm: sha1
/home/user/workspace/tgp-private-evidence/execution/1910a060/landing/bundles/s9b-1e6e5735384a.bundle is okay
2026-09-26T02:04:39Z S9B exact 1e6e5735384a434804bce223c1599162bc660983 tree=db6dde16c212ee1d2cf42da6bc71bacb68452b8e parent=9497ca5275938c9228c6ec6fa0dfa8c34f39f724 raw=850ae83269b0f69f646f0837929596063da1de2c3c402ea6a4121edc36c04c3f blobs==gate receipt (11) bundle=f81a0ad1452e62f02524403330d71ed9680a9569c2af9d2522e0c35c34cff5ae
2026-09-26T02:04:39Z HYGIENE ok 1 commit(s) 9497ca52..1e6e5735
2026-09-26T02:07:30Z LEFTHOOK_VERSION=2.1.9 expect=2.1.9
2026-09-26T02:07:30Z HOOK_RAW own pre-commit=59ad0bf2a009c4ce7e938af2fec580abaddb63ec6fb056f23026b490cea779fe commit-msg=fe0a7891387b06b21150c4aa57cf2eb35fd81e9c30bdda8bf11c59b14701aaeb | ref(/home/user/workspace/worktrees/1910a060-s8f) pre-commit=e21bece648d1a2a72fa38e1323dc61d3558e349ff25f764d1c98b494f8af06b1 commit-msg=277018c46292e87a96e872b68fc792b09f7e1359cafd7ec891ae1586387160b9
2026-09-26T02:07:30Z HOOK_NORMALIZED own pre-commit=9dcf80f409a026d9d672c015b6356ff3983f08a0541d2283b58c3fb1af5c0298 commit-msg=4ab9b41920737c96c2b28aba37fbf9d30024fc79e0e8cf5d1860303ff2e69f87 | ref pre-commit=9dcf80f409a026d9d672c015b6356ff3983f08a0541d2283b58c3fb1af5c0298 commit-msg=4ab9b41920737c96c2b28aba37fbf9d30024fc79e0e8cf5d1860303ff2e69f87
2026-09-26T02:07:30Z HOOK_OK own hooks reference /home/user/workspace/worktrees/1910a060-land-s9b/node_modules/lefthook-linux-x64/bin/lefthook
2026-09-26T02:07:30Z RUNTIME wt=/home/user/workspace/worktrees/1910a060-land-s9b branch=land1910/s9b nm_lock=05bc530aa44bfa6df64f0daa8edb66c5181abf4bfbc309bd8da2c8aff37b6a44 client=9042e713ba5678c99959a345b7b18a60dfc186b2c7d890b8d9c3ed5c8f4edcc6 prettier=3.9.9 hooks ok
2026-09-26T02:07:31Z MERGED (uncommitted) tree=3e2028e9fc40c77db72152eb0e5c860d0a3661db
2026-09-26T02:11:53Z JEST rc=0 Test Suites: 10 skipped, 43 passed, 43 of 53 total Tests:       113 skipped, 1775 passed, 1888 total 
[38;2;0;0;0m╭[38;2;5;5;5m─[38;2;11;11;11m─[38;2;16;16;16m─[38;2;19;19;19m─[38;2;23;23;23m─[38;2;26;26;26m─[38;2;29;29;29m─[38;2;32;32;32m─[38;2;35;35;35m─[38;2;39;39;39m─[38;2;42;42;42m─[38;2;45;45;45m─[38;2;49;49;49m─[38;2;52;52;52m─[38;2;56;56;56m─[38;2;56;56;56m─[38;2;52;52;52m─[38;2;49;49;49m─[38;2;45;45;45m─[38;2;42;42;42m─[38;2;39;39;39m─[38;2;35;35;35m─[38;2;32;32;32m─[38;2;29;29;29m─[38;2;26;26;26m─[38;2;23;23;23m─[38;2;19;19;19m─[38;2;16;16;16m─[38;2;11;11;11m─[38;2;5;5;5m─[38;2;0;0;0m─[38;2;0;0;0m─[38;2;6;6;6m─[38;2;12;12;12m─[38;2;17;17;17m─[38;2;20;20;20m─[38;2;24;24;24m─[38;2;27;27;27m─[38;2;31;31;31m─[38;2;34;34;34m─[38;2;38;38;38m─[38;2;41;41;41m╮[m
[38;2;0;0;0m│[m 🥊 lefthook  v2.1.9   hook:  [1mpre-commit[m [38;2;52;52;52m│[m
[38;2;6;6;6m╰[38;2;12;12;12m─[38;2;17;17;17m─[38;2;20;20;20m─[38;2;24;24;24m─[38;2;27;27;27m─[38;2;31;31;31m─[38;2;34;34;34m─[38;2;38;38;38m─[38;2;41;41;41m─[38;2;45;45;45m─[38;2;48;48;48m─[38;2;52;52;52m─[38;2;56;56;56m─[38;2;56;56;56m─[38;2;52;52;52m─[38;2;48;48;48m─[38;2;45;45;45m─[38;2;41;41;41m─[38;2;38;38;38m─[38;2;34;34;34m─[38;2;31;31;31m─[38;2;27;27;27m─[38;2;24;24;24m─[38;2;20;20;20m─[38;2;17;17;17m─[38;2;12;12;12m─[38;2;6;6;6m─[38;2;0;0;0m─[38;2;0;0;0m─[38;2;6;6;6m─[38;2;12;12;12m─[38;2;17;17;17m─[38;2;20;20;20m─[38;2;24;24;24m─[38;2;27;27;27m─[38;2;31;31;31m─[38;2;34;34;34m─[38;2;38;38;38m─[38;2;41;41;41m─[38;2;45;45;45m─[38;2;48;48;48m─[38;2;52;52;52m╯[m
┃  prod-readiness-quick ❯ 

┃  banned-cast-tokens ❯ 
R75 --cached; policy=:.github/r75-policy.json
Counts are whole-file after (+) and before (-); net is the per-class change.
OK — no positive token change

┃  prettier ❯ 
Checking formatting...
All matched files use Prettier code style!

┃  eslint ❯ 

┃  tsc ❯ 

[38;2;56;56;56m  ────────────────────────────────────[m
summary: (done in 45.22 seconds)
✔️ prod-readiness-quick (0.06 seconds)
✔️ banned-cast-tokens (0.34 seconds)
✔️ prettier (2.90 seconds)
✔️ eslint (3.85 seconds)
✔️ tsc (45.20 seconds)
[38;2;0;0;0m╭[38;2;5;5;5m─[38;2;11;11;11m─[38;2;16;16;16m─[38;2;19;19;19m─[38;2;23;23;23m─[38;2;26;26;26m─[38;2;29;29;29m─[38;2;32;32;32m─[38;2;35;35;35m─[38;2;39;39;39m─[38;2;42;42;42m─[38;2;45;45;45m─[38;2;49;49;49m─[38;2;52;52;52m─[38;2;56;56;56m─[38;2;56;56;56m─[38;2;52;52;52m─[38;2;49;49;49m─[38;2;45;45;45m─[38;2;42;42;42m─[38;2;39;39;39m─[38;2;35;35;35m─[38;2;32;32;32m─[38;2;29;29;29m─[38;2;26;26;26m─[38;2;23;23;23m─[38;2;19;19;19m─[38;2;16;16;16m─[38;2;11;11;11m─[38;2;5;5;5m─[38;2;0;0;0m─[38;2;0;0;0m─[38;2;6;6;6m─[38;2;12;12;12m─[38;2;17;17;17m─[38;2;20;20;20m─[38;2;24;24;24m─[38;2;27;27;27m─[38;2;31;31;31m─[38;2;34;34;34m─[38;2;38;38;38m─[38;2;41;41;41m╮[m
[38;2;0;0;0m│[m 🥊 lefthook  v2.1.9   hook:  [1mcommit-msg[m [38;2;52;52;52m│[m
[38;2;6;6;6m╰[38;2;12;12;12m─[38;2;17;17;17m─[38;2;20;20;20m─[38;2;24;24;24m─[38;2;27;27;27m─[38;2;31;31;31m─[38;2;34;34;34m─[38;2;38;38;38m─[38;2;41;41;41m─[38;2;45;45;45m─[38;2;48;48;48m─[38;2;52;52;52m─[38;2;56;56;56m─[38;2;56;56;56m─[38;2;52;52;52m─[38;2;48;48;48m─[38;2;45;45;45m─[38;2;41;41;41m─[38;2;38;38;38m─[38;2;34;34;34m─[38;2;31;31;31m─[38;2;27;27;27m─[38;2;24;24;24m─[38;2;20;20;20m─[38;2;17;17;17m─[38;2;12;12;12m─[38;2;6;6;6m─[38;2;0;0;0m─[38;2;0;0;0m─[38;2;6;6;6m─[38;2;12;12;12m─[38;2;17;17;17m─[38;2;20;20;20m─[38;2;24;24;24m─[38;2;27;27;27m─[38;2;31;31;31m─[38;2;34;34;34m─[38;2;38;38;38m─[38;2;41;41;41m─[38;2;45;45;45m─[38;2;48;48;48m─[38;2;52;52;52m╯[m
┃  no-ai-tokens ❯ 

[38;2;56;56;56m  ────────────────────────────────────[m
summary: (done in 0.01 seconds)
✔️ no-ai-tokens (0.01 seconds)
[land1910/s9b 5407efae] Merge S9-B reconciliation facts (1e6e5735) into integration/importer
2026-09-26T02:12:39Z HYGIENE ok 2 commit(s) 771db62a..5407efae
The bundle contains this ref:
5407efae319fd913e973c87f3be0d49786c4a3e0 refs/heads/land1910/s9b
The bundle requires these 2 refs:
771db62aa10dd0065f30d7d8a155d89fd1cfcfc8 
9497ca5275938c9228c6ec6fa0dfa8c34f39f724 
The bundle uses this hash algorithm: sha1
/home/user/workspace/tgp-private-evidence/execution/1910a060/landing/run/s9b-compose-20260926T020416Z/export/land-s9b-5407efae319f.bundle is okay
2026-09-26T02:12:40Z DONE compose merge=5407efae319fd913e973c87f3be0d49786c4a3e0 tree=3e2028e9fc40c77db72152eb0e5c860d0a3661db (not pushed)
