[32m[Nest] 16927  - [39m09/24/2026, 8:38:21 PM [32m    LOG[39m [38;5;3m[ScoutReconstructService] [39m[32mscout.reconstruct completed {"intent_id":"intent-1","coach_id":"coach-1","staged":2,"reconstructed":2,"skipped":0,"failed":0}[39m
[32m[Nest] 16927  - [39m09/24/2026, 8:38:21 PM [32m    LOG[39m [38;5;3m[ScoutReconstructService] [39m[32mscout.reconstruct completed {"intent_id":"intent-1","coach_id":"coach-1","staged":1,"reconstructed":1,"skipped":0,"failed":0}[39m
PASS test/scout/scout-diagnostics-boundary.spec.ts
PASS test/scout/scout-ingest.service.spec.ts
PASS src/scout/scout-ledger-backfill.spec.ts
PASS test/scout/reconstruct/mapping-spec.spec.ts
PASS test/scout/scout-ingest.validation.integration.spec.ts
PASS test/scout/reconstruct/conformance-alpha.mapper.spec.ts
PASS test/scout/scout-cursor.spec.ts
PASS src/scout/scout.dto.spec.ts
PASS test/scout/scout-ingest.controller.spec.ts
PASS test/scout/entities/scout-entities.contract.spec.ts
PASS test/scout/reconstruct/truecoach-entity.mapper.spec.ts
PASS test/scout/entities/scout-entities.rls.live.spec.ts
PASS test/scout/entities/scout-entities.controller.spec.ts
PASS test/scout/reconstruct/scout-reconstruct.migration.spec.ts
PASS src/scout/scout.controller.spec.ts
PASS test/scout/reconstruct/source-mapper-registry.spec.ts
PASS test/scout/reconstruct/scout-reconstruct.controller.spec.ts
PASS test/scout/reconstruct/scout-reconstructed-entity.migration.spec.ts
PASS test/scout/roster/scout-roster.controller.spec.ts
PASS test/scout/scout-diagnostics-public-cause.spec.ts
PASS test/scout/scout-diagnostics-public.spec.ts
PASS test/scout/g2-nq1-db-guard.spec.ts
PASS test/scout/reconstruct/truecoach-clients.mapper.spec.ts
PASS test/scout/g2-r-ready-db-guard.spec.ts
PASS test/scout/g2-b-drain-db-guard.spec.ts
PASS test/scout/g2-pg17-db-guard.spec.ts
PASS test/scout/scout-diagnostics.integrity.spec.ts
PASS test/scout/scout-ingest.idempotency.spec.ts
PASS test/scout/reconstruct/scout-reconstruct.flag.spec.ts
PASS test/scout/entities/scout-entities.flag.spec.ts
PASS test/scout/roster/scout-roster.flag.spec.ts
PASS test/scout/g2-ledger-target.spec.ts
PASS test/scout/g2-tq0-db-guard.spec.ts

Test Suites: 40 passed, 40 total
Tests:       5 skipped, 807 passed, 812 total
Snapshots:   0 total
Time:        85.691 s
jest_done 2026-09-24T20:38:34Z
