2026-09-25T21:49:25Z RUN compose pid=31246 user=user node=v20.20.1 git=git version 2.53.0
2026-09-25T21:49:25Z LOCK acquired fd9 inode=667698 (released at exit; file preserved)
2026-09-25T21:49:26Z REMOTE integration/importer=1c5fbb0441178e0cfe6e9f8d72e955c645c265e9 main=1c10e2a19b35bbb4fb17fe7c5aab6fa613e74c47 land_refs=14
The bundle contains this ref:
e1ec2fecb71f315b6721d426ba0dacb84f304498 refs/heads/exec-dace/s8f
The bundle requires this ref:
1c10e2a19b35bbb4fb17fe7c5aab6fa613e74c47 
The bundle uses this hash algorithm: sha1
/home/user/workspace/tgp-private-evidence/execution/64e33dc7/s8f/checkpoints/v1/s8f-e1ec2fec.bundle is okay
2026-09-25T21:49:47Z HYGIENE ok 1 commit(s) 1c10e2a1..e1ec2fec
2026-09-25T21:50:50Z LEFTHOOK_VERSION=2.1.9 expect=2.1.9
2026-09-25T21:50:50Z HOOK_RAW own pre-commit=013c55ac600141a7893fa53dc3ff2852a8ff64849cd17bbe69e2f0294c2bcbd3 commit-msg=7f4aada5ad9897b907432dc1da5dc51700cdf3dc011070203c5ff302caafd104 | ref(/home/user/workspace/worktrees/1910a060-s8f) pre-commit=e21bece648d1a2a72fa38e1323dc61d3558e349ff25f764d1c98b494f8af06b1 commit-msg=277018c46292e87a96e872b68fc792b09f7e1359cafd7ec891ae1586387160b9
2026-09-25T21:50:50Z HOOK_NORMALIZED own pre-commit=9dcf80f409a026d9d672c015b6356ff3983f08a0541d2283b58c3fb1af5c0298 commit-msg=4ab9b41920737c96c2b28aba37fbf9d30024fc79e0e8cf5d1860303ff2e69f87 | ref pre-commit=9dcf80f409a026d9d672c015b6356ff3983f08a0541d2283b58c3fb1af5c0298 commit-msg=4ab9b41920737c96c2b28aba37fbf9d30024fc79e0e8cf5d1860303ff2e69f87
2026-09-25T21:50:50Z HOOK_OK own hooks reference /home/user/workspace/worktrees/1910a060-land-s8f/node_modules/lefthook-linux-x64/bin/lefthook
2026-09-25T21:50:51Z RUNTIME wt=/home/user/workspace/worktrees/1910a060-land-s8f branch=land1910/s8f nm_lock=05bc530aa44bfa6df64f0daa8edb66c5181abf4bfbc309bd8da2c8aff37b6a44 client=9042e713ba5678c99959a345b7b18a60dfc186b2c7d890b8d9c3ed5c8f4edcc6 prettier=3.9.9 hooks ok
2026-09-25T21:50:52Z MERGED (uncommitted) tree=23614f0b7dc33dc37b90cf4f27fcb8331912e60f; no jest (0 composition-affected suites, RECIPE.md 4), no regen (generator inputs identical)
[38;2;0;0;0m╭[38;2;5;5;5m─[38;2;11;11;11m─[38;2;16;16;16m─[38;2;19;19;19m─[38;2;23;23;23m─[38;2;26;26;26m─[38;2;29;29;29m─[38;2;32;32;32m─[38;2;35;35;35m─[38;2;39;39;39m─[38;2;42;42;42m─[38;2;45;45;45m─[38;2;49;49;49m─[38;2;52;52;52m─[38;2;56;56;56m─[38;2;56;56;56m─[38;2;52;52;52m─[38;2;49;49;49m─[38;2;45;45;45m─[38;2;42;42;42m─[38;2;39;39;39m─[38;2;35;35;35m─[38;2;32;32;32m─[38;2;29;29;29m─[38;2;26;26;26m─[38;2;23;23;23m─[38;2;19;19;19m─[38;2;16;16;16m─[38;2;11;11;11m─[38;2;5;5;5m─[38;2;0;0;0m─[38;2;0;0;0m─[38;2;6;6;6m─[38;2;12;12;12m─[38;2;17;17;17m─[38;2;20;20;20m─[38;2;24;24;24m─[38;2;27;27;27m─[38;2;31;31;31m─[38;2;34;34;34m─[38;2;38;38;38m─[38;2;41;41;41m╮[m
[38;2;0;0;0m│[m 🥊 lefthook  v2.1.9   hook:  [1mpre-commit[m [38;2;52;52;52m│[m
[38;2;6;6;6m╰[38;2;12;12;12m─[38;2;17;17;17m─[38;2;20;20;20m─[38;2;24;24;24m─[38;2;27;27;27m─[38;2;31;31;31m─[38;2;34;34;34m─[38;2;38;38;38m─[38;2;41;41;41m─[38;2;45;45;45m─[38;2;48;48;48m─[38;2;52;52;52m─[38;2;56;56;56m─[38;2;56;56;56m─[38;2;52;52;52m─[38;2;48;48;48m─[38;2;45;45;45m─[38;2;41;41;41m─[38;2;38;38;38m─[38;2;34;34;34m─[38;2;31;31;31m─[38;2;27;27;27m─[38;2;24;24;24m─[38;2;20;20;20m─[38;2;17;17;17m─[38;2;12;12;12m─[38;2;6;6;6m─[38;2;0;0;0m─[38;2;0;0;0m─[38;2;6;6;6m─[38;2;12;12;12m─[38;2;17;17;17m─[38;2;20;20;20m─[38;2;24;24;24m─[38;2;27;27;27m─[38;2;31;31;31m─[38;2;34;34;34m─[38;2;38;38;38m─[38;2;41;41;41m─[38;2;45;45;45m─[38;2;48;48;48m─[38;2;52;52;52m╯[m
┃  prod-readiness-quick ❯ 

┃  banned-cast-tokens ❯ 
R75 --cached; policy=:.github/r75-policy.json
Counts are whole-file after (+) and before (-); net is the per-class change.
OK — no positive token change

┃  prettier ❯ 
Checking formatting...
All matched files use Prettier code style!

┃  eslint ❯ 

┃  tsc ❯ 

[38;2;56;56;56m  ────────────────────────────────────[m
summary: (done in 48.48 seconds)
✔️ prod-readiness-quick (0.20 seconds)
✔️ banned-cast-tokens (0.81 seconds)
✔️ prettier (3.78 seconds)
✔️ eslint (4.62 seconds)
✔️ tsc (48.19 seconds)
[38;2;0;0;0m╭[38;2;5;5;5m─[38;2;11;11;11m─[38;2;16;16;16m─[38;2;19;19;19m─[38;2;23;23;23m─[38;2;26;26;26m─[38;2;29;29;29m─[38;2;32;32;32m─[38;2;35;35;35m─[38;2;39;39;39m─[38;2;42;42;42m─[38;2;45;45;45m─[38;2;49;49;49m─[38;2;52;52;52m─[38;2;56;56;56m─[38;2;56;56;56m─[38;2;52;52;52m─[38;2;49;49;49m─[38;2;45;45;45m─[38;2;42;42;42m─[38;2;39;39;39m─[38;2;35;35;35m─[38;2;32;32;32m─[38;2;29;29;29m─[38;2;26;26;26m─[38;2;23;23;23m─[38;2;19;19;19m─[38;2;16;16;16m─[38;2;11;11;11m─[38;2;5;5;5m─[38;2;0;0;0m─[38;2;0;0;0m─[38;2;6;6;6m─[38;2;12;12;12m─[38;2;17;17;17m─[38;2;20;20;20m─[38;2;24;24;24m─[38;2;27;27;27m─[38;2;31;31;31m─[38;2;34;34;34m─[38;2;38;38;38m─[38;2;41;41;41m╮[m
[38;2;0;0;0m│[m 🥊 lefthook  v2.1.9   hook:  [1mcommit-msg[m [38;2;52;52;52m│[m
[38;2;6;6;6m╰[38;2;12;12;12m─[38;2;17;17;17m─[38;2;20;20;20m─[38;2;24;24;24m─[38;2;27;27;27m─[38;2;31;31;31m─[38;2;34;34;34m─[38;2;38;38;38m─[38;2;41;41;41m─[38;2;45;45;45m─[38;2;48;48;48m─[38;2;52;52;52m─[38;2;56;56;56m─[38;2;56;56;56m─[38;2;52;52;52m─[38;2;48;48;48m─[38;2;45;45;45m─[38;2;41;41;41m─[38;2;38;38;38m─[38;2;34;34;34m─[38;2;31;31;31m─[38;2;27;27;27m─[38;2;24;24;24m─[38;2;20;20;20m─[38;2;17;17;17m─[38;2;12;12;12m─[38;2;6;6;6m─[38;2;0;0;0m─[38;2;0;0;0m─[38;2;6;6;6m─[38;2;12;12;12m─[38;2;17;17;17m─[38;2;20;20;20m─[38;2;24;24;24m─[38;2;27;27;27m─[38;2;31;31;31m─[38;2;34;34;34m─[38;2;38;38;38m─[38;2;41;41;41m─[38;2;45;45;45m─[38;2;48;48;48m─[38;2;52;52;52m╯[m
┃  no-ai-tokens ❯ 

[38;2;56;56;56m  ────────────────────────────────────[m
summary: (done in 0.02 seconds)
✔️ no-ai-tokens (0.02 seconds)
[land1910/s8f 62471b11] Merge S8-F native readers (e1ec2fec) into integration/importer
2026-09-25T21:51:42Z HYGIENE ok 2 commit(s) 1c5fbb04..62471b11
The bundle contains this ref:
62471b116267fdec6746073c4b4c80a154d09834 refs/heads/land1910/s8f
The bundle requires these 2 refs:
1c5fbb0441178e0cfe6e9f8d72e955c645c265e9 
1c10e2a19b35bbb4fb17fe7c5aab6fa613e74c47 
The bundle uses this hash algorithm: sha1
/home/user/workspace/tgp-private-evidence/execution/1910a060/landing/run/compose-20260925T214925Z/export/land-s8f-62471b116267.bundle is okay
2026-09-25T21:51:43Z DONE compose merge=62471b116267fdec6746073c4b4c80a154d09834 tree=23614f0b7dc33dc37b90cf4f27fcb8331912e60f (not pushed)
