  console.warn
    PG17_PROCESS {"name":"g2c_1","options":{"family":"workouts"},"result":{"intent_id":"intent","staged":0,"reconstructed":0,"skipped":0,"failed":0},"queries":3,"pid":3046}

      162 |       }
      163 |       // Query shapes, outcomes, fixture identifiers and process IDs only; never parameters.
    > 164 |       console.warn(
          |               ^
      165 |         'PG17_PROCESS',
      166 |         JSON.stringify({
      167 |           name,

      at settleWorker (test/utils/g2-s8c-pg-harness.ts:164:15)
      at ChildProcess.<anonymous> (test/utils/g2-s8c-pg-harness.ts:183:7)

  console.warn
    PG17_PROCESS {"name":"g2c_2","options":{"family":"routines"},"failure":{"status":400,"message":"unsupported reconstruct family: routines"},"queries":0,"pid":3075}

      162 |       }
      163 |       // Query shapes, outcomes, fixture identifiers and process IDs only; never parameters.
    > 164 |       console.warn(
          |               ^
      165 |         'PG17_PROCESS',
      166 |         JSON.stringify({
      167 |           name,

      at settleWorker (test/utils/g2-s8c-pg-harness.ts:164:15)
      at ChildProcess.<anonymous> (test/utils/g2-s8c-pg-harness.ts:183:7)

  console.warn
    PG17_PROCESS {"name":"g2c_3","options":{"family":"programs"},"result":{"intent_id":"intent","staged":1,"reconstructed":1,"skipped":0,"failed":0},"queries":13,"pid":3114}

      162 |       }
      163 |       // Query shapes, outcomes, fixture identifiers and process IDs only; never parameters.
    > 164 |       console.warn(
          |               ^
      165 |         'PG17_PROCESS',
      166 |         JSON.stringify({
      167 |           name,

      at settleWorker (test/utils/g2-s8c-pg-harness.ts:164:15)
      at ChildProcess.<anonymous> (test/utils/g2-s8c-pg-harness.ts:183:7)

  console.warn
    PG17_PROCESS {"name":"g2c_4","options":{"family":"workouts"},"result":{"intent_id":"intent","staged":1,"reconstructed":1,"skipped":0,"failed":0},"queries":20,"pid":3163}

      162 |       }
      163 |       // Query shapes, outcomes, fixture identifiers and process IDs only; never parameters.
    > 164 |       console.warn(
          |               ^
      165 |         'PG17_PROCESS',
      166 |         JSON.stringify({
      167 |           name,

      at settleWorker (test/utils/g2-s8c-pg-harness.ts:164:15)
      at ChildProcess.<anonymous> (test/utils/g2-s8c-pg-harness.ts:183:7)

  console.warn
    PG17_PROCESS {"name":"g2c_5","options":{"family":"workouts"},"result":{"intent_id":"intent","staged":1,"reconstructed":1,"skipped":0,"failed":0},"queries":20,"pid":3210}

      162 |       }
      163 |       // Query shapes, outcomes, fixture identifiers and process IDs only; never parameters.
    > 164 |       console.warn(
          |               ^
      165 |         'PG17_PROCESS',
      166 |         JSON.stringify({
      167 |           name,

      at settleWorker (test/utils/g2-s8c-pg-harness.ts:164:15)
      at ChildProcess.<anonymous> (test/utils/g2-s8c-pg-harness.ts:183:7)

  console.warn
    PG17_PROCESS {"name":"g2c_6","options":{"family":"workouts"},"result":{"intent_id":"intent","staged":1,"reconstructed":1,"skipped":0,"failed":0},"queries":13,"pid":3255}

      162 |       }
      163 |       // Query shapes, outcomes, fixture identifiers and process IDs only; never parameters.
    > 164 |       console.warn(
          |               ^
      165 |         'PG17_PROCESS',
      166 |         JSON.stringify({
      167 |           name,

      at settleWorker (test/utils/g2-s8c-pg-harness.ts:164:15)
      at ChildProcess.<anonymous> (test/utils/g2-s8c-pg-harness.ts:183:7)

  console.warn
    PG17_PROCESS {"name":"g2c_7","options":{"family":"workouts"},"result":{"intent_id":"intent","staged":1,"reconstructed":0,"skipped":1,"failed":0},"queries":12,"pid":3308}

      162 |       }
      163 |       // Query shapes, outcomes, fixture identifiers and process IDs only; never parameters.
    > 164 |       console.warn(
          |               ^
      165 |         'PG17_PROCESS',
      166 |         JSON.stringify({
      167 |           name,

      at settleWorker (test/utils/g2-s8c-pg-harness.ts:164:15)
      at ChildProcess.<anonymous> (test/utils/g2-s8c-pg-harness.ts:183:7)

  console.warn
    PG17_PROCESS {"name":"g2c_8","options":{"family":"programs"},"result":{"intent_id":"intent","staged":1,"reconstructed":1,"skipped":0,"failed":0},"queries":13,"pid":3346}

      162 |       }
      163 |       // Query shapes, outcomes, fixture identifiers and process IDs only; never parameters.
    > 164 |       console.warn(
          |               ^
      165 |         'PG17_PROCESS',
      166 |         JSON.stringify({
      167 |           name,

      at settleWorker (test/utils/g2-s8c-pg-harness.ts:164:15)
      at ChildProcess.<anonymous> (test/utils/g2-s8c-pg-harness.ts:183:7)

  console.warn
    PG17_PROCESS {"name":"g2c_9","options":{"family":"workouts"},"result":{"intent_id":"intent","staged":1,"reconstructed":1,"skipped":0,"failed":0},"queries":20,"pid":3378}

      162 |       }
      163 |       // Query shapes, outcomes, fixture identifiers and process IDs only; never parameters.
    > 164 |       console.warn(
          |               ^
      165 |         'PG17_PROCESS',
      166 |         JSON.stringify({
      167 |           name,

      at settleWorker (test/utils/g2-s8c-pg-harness.ts:164:15)
      at ChildProcess.<anonymous> (test/utils/g2-s8c-pg-harness.ts:183:7)

  console.warn
    PG17_PROCESS {"name":"g2c_10","options":{"family":"workouts"},"result":{"intent_id":"intent","staged":1,"reconstructed":1,"skipped":0,"failed":0},"queries":13,"pid":3431}

      162 |       }
      163 |       // Query shapes, outcomes, fixture identifiers and process IDs only; never parameters.
    > 164 |       console.warn(
          |               ^
      165 |         'PG17_PROCESS',
      166 |         JSON.stringify({
      167 |           name,

      at settleWorker (test/utils/g2-s8c-pg-harness.ts:164:15)
      at ChildProcess.<anonymous> (test/utils/g2-s8c-pg-harness.ts:183:7)

  console.warn
    PG17_PROCESS {"name":"g2c_11","options":{"family":"programs"},"result":{"intent_id":"intent","staged":1,"reconstructed":0,"skipped":1,"failed":0},"queries":10,"pid":3460}

      162 |       }
      163 |       // Query shapes, outcomes, fixture identifiers and process IDs only; never parameters.
    > 164 |       console.warn(
          |               ^
      165 |         'PG17_PROCESS',
      166 |         JSON.stringify({
      167 |           name,

      at settleWorker (test/utils/g2-s8c-pg-harness.ts:164:15)
      at ChildProcess.<anonymous> (test/utils/g2-s8c-pg-harness.ts:183:7)

  console.warn
    PG17_PROCESS {"name":"g2c_12","options":{"family":"workouts"},"result":{"intent_id":"intent","staged":1,"reconstructed":1,"skipped":0,"failed":0},"queries":20,"pid":3569}

      162 |       }
      163 |       // Query shapes, outcomes, fixture identifiers and process IDs only; never parameters.
    > 164 |       console.warn(
          |               ^
      165 |         'PG17_PROCESS',
      166 |         JSON.stringify({
      167 |           name,

      at settleWorker (test/utils/g2-s8c-pg-harness.ts:164:15)
      at ChildProcess.<anonymous> (test/utils/g2-s8c-pg-harness.ts:183:7)

  console.warn
    PG17_PROCESS {"name":"g2c_13","options":{"family":"workouts","coach":"coach-b","intent":"intent-b"},"result":{"intent_id":"intent-b","staged":1,"reconstructed":1,"skipped":0,"failed":0},"queries":20,"pid":3620}

      162 |       }
      163 |       // Query shapes, outcomes, fixture identifiers and process IDs only; never parameters.
    > 164 |       console.warn(
          |               ^
      165 |         'PG17_PROCESS',
      166 |         JSON.stringify({
      167 |           name,

      at settleWorker (test/utils/g2-s8c-pg-harness.ts:164:15)
      at ChildProcess.<anonymous> (test/utils/g2-s8c-pg-harness.ts:183:7)

  console.warn
    PG17_PROCESS {"name":"g2c_15","options":{"family":"workouts"},"result":{"intent_id":"intent","staged":1,"reconstructed":1,"skipped":0,"failed":0},"queries":20,"pid":3712}

      162 |       }
      163 |       // Query shapes, outcomes, fixture identifiers and process IDs only; never parameters.
    > 164 |       console.warn(
          |               ^
      165 |         'PG17_PROCESS',
      166 |         JSON.stringify({
      167 |           name,

      at settleWorker (test/utils/g2-s8c-pg-harness.ts:164:15)
      at ChildProcess.<anonymous> (test/utils/g2-s8c-pg-harness.ts:183:7)

  console.warn
    PG17_PROCESS {"name":"g2c_14","options":{"family":"workouts","pause":"after-target","txTimeout":60000},"result":{"intent_id":"intent","staged":1,"reconstructed":1,"skipped":0,"failed":0},"queries":20,"pid":3683}

      162 |       }
      163 |       // Query shapes, outcomes, fixture identifiers and process IDs only; never parameters.
    > 164 |       console.warn(
          |               ^
      165 |         'PG17_PROCESS',
      166 |         JSON.stringify({
      167 |           name,

      at settleWorker (test/utils/g2-s8c-pg-harness.ts:164:15)
      at ChildProcess.<anonymous> (test/utils/g2-s8c-pg-harness.ts:183:7)

  console.warn
    PG17_BLOCKED {"name":"g2c_16","rows":[{"type":"Lock","wait":"transactionid"}]}

      194 |       FROM pg_stat_activity WHERE application_name=${quote(name)} AND wait_event_type='Lock'`);
      195 |     if (rows.length > 0) {
    > 196 |       console.warn('PG17_BLOCKED', JSON.stringify({ name, rows }));
          |               ^
      197 |       return;
      198 |     }
      199 |     await new Promise((r) => setTimeout(r, 25));

      at blocked (test/utils/g2-s8c-pg-harness.ts:196:15)
      at Object.<anonymous> (test/rls-g2-s8c.spec.ts:495:5)

  console.warn
    PG17_PROCESS {"name":"g2c_16","options":{"family":"workouts","txTimeout":60000},"result":{"intent_id":"intent","staged":1,"reconstructed":1,"skipped":0,"failed":0},"queries":34,"pid":3767}

      162 |       }
      163 |       // Query shapes, outcomes, fixture identifiers and process IDs only; never parameters.
    > 164 |       console.warn(
          |               ^
      165 |         'PG17_PROCESS',
      166 |         JSON.stringify({
      167 |           name,

      at settleWorker (test/utils/g2-s8c-pg-harness.ts:164:15)
      at ChildProcess.<anonymous> (test/utils/g2-s8c-pg-harness.ts:183:7)

  console.warn
    PG17_PROCESS {"name":"g2c_17","options":{"family":"client_history"},"result":{"intent_id":"intent","staged":1,"reconstructed":1,"skipped":0,"failed":0},"queries":11,"pid":3853}

      162 |       }
      163 |       // Query shapes, outcomes, fixture identifiers and process IDs only; never parameters.
    > 164 |       console.warn(
          |               ^
      165 |         'PG17_PROCESS',
      166 |         JSON.stringify({
      167 |           name,

      at settleWorker (test/utils/g2-s8c-pg-harness.ts:164:15)
      at ChildProcess.<anonymous> (test/utils/g2-s8c-pg-harness.ts:183:7)

  console.warn
    PG17_PROCESS {"name":"g2c_18","options":{"family":"workouts"},"result":{"intent_id":"intent","staged":1,"reconstructed":1,"skipped":0,"failed":0},"queries":20,"pid":3893}

      162 |       }
      163 |       // Query shapes, outcomes, fixture identifiers and process IDs only; never parameters.
    > 164 |       console.warn(
          |               ^
      165 |         'PG17_PROCESS',
      166 |         JSON.stringify({
      167 |           name,

      at settleWorker (test/utils/g2-s8c-pg-harness.ts:164:15)
      at ChildProcess.<anonymous> (test/utils/g2-s8c-pg-harness.ts:183:7)

  console.warn
    PG17_PROCESS {"name":"g2c_19","options":{"family":"programs"},"result":{"intent_id":"intent","staged":1,"reconstructed":1,"skipped":0,"failed":0},"queries":13,"pid":3944}

      162 |       }
      163 |       // Query shapes, outcomes, fixture identifiers and process IDs only; never parameters.
    > 164 |       console.warn(
          |               ^
      165 |         'PG17_PROCESS',
      166 |         JSON.stringify({
      167 |           name,

      at settleWorker (test/utils/g2-s8c-pg-harness.ts:164:15)
      at ChildProcess.<anonymous> (test/utils/g2-s8c-pg-harness.ts:183:7)

  console.warn
    PG17_PROCESS {"name":"g2c_20","options":{"family":"workouts"},"result":{"intent_id":"intent","staged":1,"reconstructed":1,"skipped":0,"failed":0},"queries":20,"pid":3990}

      162 |       }
      163 |       // Query shapes, outcomes, fixture identifiers and process IDs only; never parameters.
    > 164 |       console.warn(
          |               ^
      165 |         'PG17_PROCESS',
      166 |         JSON.stringify({
      167 |           name,

      at settleWorker (test/utils/g2-s8c-pg-harness.ts:164:15)
      at ChildProcess.<anonymous> (test/utils/g2-s8c-pg-harness.ts:183:7)

  console.warn
    PG17_PROCESS {"name":"g2c_21","options":{"family":"workouts"},"result":{"intent_id":"intent","staged":1,"reconstructed":1,"skipped":0,"failed":0},"queries":12,"pid":4030}

      162 |       }
      163 |       // Query shapes, outcomes, fixture identifiers and process IDs only; never parameters.
    > 164 |       console.warn(
          |               ^
      165 |         'PG17_PROCESS',
      166 |         JSON.stringify({
      167 |           name,

      at settleWorker (test/utils/g2-s8c-pg-harness.ts:164:15)
      at ChildProcess.<anonymous> (test/utils/g2-s8c-pg-harness.ts:183:7)

  console.warn
    PG17_PROCESS {"name":"g2c_22","options":{"family":"programs"},"result":{"intent_id":"intent","staged":1,"reconstructed":1,"skipped":0,"failed":0},"queries":12,"pid":4059}

      162 |       }
      163 |       // Query shapes, outcomes, fixture identifiers and process IDs only; never parameters.
    > 164 |       console.warn(
          |               ^
      165 |         'PG17_PROCESS',
      166 |         JSON.stringify({
      167 |           name,

      at settleWorker (test/utils/g2-s8c-pg-harness.ts:164:15)
      at ChildProcess.<anonymous> (test/utils/g2-s8c-pg-harness.ts:183:7)

FAIL rls-live test/rls-g2-s8c.spec.ts (49.834 s)
  lane identity (bootstrap state, never repaired here)
    ✕ is the S8-C disposable PG17 lane with the full accepted history and S8-B objects present (274 ms)
    ✓ is bound to one attested candidate head that descends from the base (277 ms)
    ✓ the worker exposes the canonical family list with programs (N3) and refuses an unknown family (2345 ms)
  native persistence: target + provenance + typed ledger in one transaction
    ✓ creates a WorkoutProgram from a programs row with workout_program provenance and ledger kind (N1, N4) (1380 ms)
    ✕ creates a standalone WorkoutPlan with ordered exercises, exact catalog links and unresolved children (1315 ms)
    ✓ replays byte-identical: no duplicate targets, no provenance drift, coach edits preserved (2732 ms)
    ✓ program-day workouts: relationship pending until the program lands, then converge with revision 0 (3702 ms)
  client principal: explicit unresolved, never a User (N2)
    ✕ client-linked workout stays generic evidence with an unresolved provenance marker; no plan, no User (2757 ms)
  tenant isolation
    ✓ the same source identifiers for two coaches yield separate targets; neither coach sees the other (3045 ms)
  contention and atomicity
    ✓ two concurrent identical runs converge on ONE plan; the loser rolls its target back with its transaction (2572 ms)
    ✓ a held ledger identity blocks the writer; its first attempt (target included) rolls back and the retry converges (1624 ms)
  legacy compatibility and unchanged precedence
    ✓ legacy families and pre-existing NULL-kind ledger rows are untouched by the native writer (2638 ms)
    ✓ a later-removed or archived native target does not downgrade the reconstructed ledger row and mints nothing new (8290 ms)

  ● lane identity (bootstrap state, never repaired here) › is the S8-C disposable PG17 lane with the full accepted history and S8-B objects present

    Command failed: /usr/bin/psql -X -w -qAt -v ON_ERROR_STOP=1 postgresql://postgres@127.0.0.1:55644/g2_s8c_disposable?connect_timeout=5
    ERROR:  permission denied to examine "data_directory"
    DETAIL:  Only roles with privileges of the "pg_read_all_settings" role may examine this parameter.

      60 |
      61 | const psqlRun = (url: string, args: string[], input?: string) =>
    > 62 |   execFileSync(psql!, ['-X', '-w', '-qAt', '-v', 'ON_ERROR_STOP=1', ...args, url], {
         |               ^
      63 |     input,
      64 |     encoding: 'utf8',
      65 |     timeout: 60000,

      at psqlRun (test/utils/g2-s8c-pg-harness.ts:62:15)
      at sql (test/utils/g2-s8c-pg-harness.ts:69:46)
      at json (test/utils/g2-s8c-pg-harness.ts:75:53)
      at Object.<anonymous> (test/rls-g2-s8c.spec.ts:94:11)

  ● native persistence: target + provenance + typed ledger in one transaction › creates a standalone WorkoutPlan with ordered exercises, exact catalog links and unresolved children

    expect(received).toMatchObject(expected)

    - Expected  - 1
    + Received  + 1

    @@ -2,7 +2,7 @@
        "notes": "brace",
        "reps_or_duration_seconds": 8,
        "rest_seconds": 90,
        "sets": 3,
        "superset_group_id": null,
    -   "weight_lbs": 220.46226218487757,
    +   "weight_lbs": 220.4622621848776,
      }

      216 |       [1, CAT_SLUG_2],
      217 |     ]);
    > 218 |     expect(rows[0]).toMatchObject({
          |                     ^
      219 |       sets: 3,
      220 |       reps_or_duration_seconds: 8,
      221 |       weight_lbs: toPounds(100, 'kg'),

      at Object.<anonymous> (test/rls-g2-s8c.spec.ts:218:21)

  ● client principal: explicit unresolved, never a User (N2) › client-linked workout stays generic evidence with an unresolved provenance marker; no plan, no User

    expect(received).toBe(expected) // Object.is equality

    Expected: 1
    Received: 2

      422 |     expect(count('WorkoutPlan')).toBe(0);
      423 |     expect(count('WorkoutProgram')).toBe(0);
    > 424 |     expect(count('User')).toBe(1);
          |                           ^
      425 |     expect(count('ClientWorkoutAssignment')).toBe(0);
      426 |   });
      427 | });

      at Object.<anonymous> (test/rls-g2-s8c.spec.ts:424:27)

Test Suites: 1 failed, 1 total
Tests:       3 failed, 10 passed, 13 total
Snapshots:   0 total
Time:        50.07 s
Ran all test suites matching test/rls-g2-s8c.spec.ts.
