FAIL test/scout/induction/verify.spec.ts
  ● Test suite failed to run

    [96msrc/scout/induction/verify.ts[0m:[93m294[0m:[93m38[0m - [91merror[0m[90m TS2367: [0mThis comparison appears to be unintentional because the types 'StagedPlatformFacts' and 'string' have no overlap.

    [7m294[0m         stagedEntry === undefined || stagedEntry === 'conflict'
    [7m   [0m [91m                                     ~~~~~~~~~~~~~~~~~~~~~~~~~~[0m

PASS test/scout/induction/parse.spec.ts
PASS test/scout/induction/manifest-registry.spec.ts
FAIL test/scout/induction/digest.spec.ts
  ● canonicalJson and mappingSpecDigest › digests the loaded spec canonically and changes with any spec byte

    invalid source mapping spec (changed.json): steps extra, members all map to clients without a declared shared id space

      264 |
      265 | function invalid(origin: string, detail: string): Error {
    > 266 |   return new Error(`invalid source mapping spec (${origin}): ${detail}`);
          |          ^
      267 | }
      268 |
      269 | function assertExactKeys(

      at invalid (src/scout/reconstruct/mapping-spec.ts:266:10)
      at parseSharedIdSpaces (src/scout/reconstruct/mapping-spec.ts:420:13)
      at parseSourceMappingSpec (src/scout/reconstruct/mapping-spec.ts:367:26)
      at Object.<anonymous> (test/scout/induction/digest.spec.ts:97:43)

PASS test/scout/induction/contract.spec.ts

Test Suites: 2 failed, 3 passed, 5 total
Tests:       1 failed, 53 passed, 54 total
Snapshots:   0 total
Time:        12.076 s
Ran all test suites within paths "test/scout/induction/contract.spec.ts", "test/scout/induction/digest.spec.ts", "test/scout/induction/manifest-registry.spec.ts", "test/scout/induction/parse.spec.ts", "test/scout/induction/verify.spec.ts".
