  console.warn
    PG17_PROCESS {"name":"g2g_1","options":{"action":"pair-init","coach":"s11d-coach-clean","body":{},"host":"P1","role":"phone"},"result":{"pairing_code":"027487","expires_at":"2026-09-27T20:53:17.206Z","import_intent_id":"5ff72cb4-fd33-4ce5-866c-deaa27742c1c"},"queries":11,"pid":4164}

    [0m [90m 181 |[39m       }
     [90m 182 |[39m       [90m// Query shapes, outcomes, fixture identifiers and process IDs only; never parameters.[39m
    [31m[1m>[22m[39m[90m 183 |[39m       console[33m.[39mwarn(
     [90m     |[39m               [31m[1m^[22m[39m
     [90m 184 |[39m         [32m'PG17_PROCESS'[39m[33m,[39m
     [90m 185 |[39m         [33mJSON[39m[33m.[39mstringify({
     [90m 186 |[39m           name[33m,[39m[0m

      at settleWorker (test/utils/g2-s11-pg-harness.ts:183:15)
      at ChildProcess.<anonymous> (test/utils/g2-s11-pg-harness.ts:202:7)

  console.warn
    PG17_PROCESS {"name":"g2g_2","options":{"action":"pair-redeem","coach":"unauthenticated","body":{"code":"027487"},"host":"P2","role":"ext"},"result":{"access_token":"synthetic-access-1","refresh_token":"synthetic-refresh-1","chosen_platform":"s11-label","import_intent_id":"5ff72cb4-fd33-4ce5-866c-deaa27742c1c"},"queries":10,"pid":4184}

    [0m [90m 181 |[39m       }
     [90m 182 |[39m       [90m// Query shapes, outcomes, fixture identifiers and process IDs only; never parameters.[39m
    [31m[1m>[22m[39m[90m 183 |[39m       console[33m.[39mwarn(
     [90m     |[39m               [31m[1m^[22m[39m
     [90m 184 |[39m         [32m'PG17_PROCESS'[39m[33m,[39m
     [90m 185 |[39m         [33mJSON[39m[33m.[39mstringify({
     [90m 186 |[39m           name[33m,[39m[0m

      at settleWorker (test/utils/g2-s11-pg-harness.ts:183:15)
      at ChildProcess.<anonymous> (test/utils/g2-s11-pg-harness.ts:202:7)

  console.warn
    PG17_PROCESS {"name":"g2g_3","options":{"action":"pair-current","coach":"s11d-coach-clean","body":{},"host":"P1","role":"phone"},"result":{"status":"paired","import_intent_id":"5ff72cb4-fd33-4ce5-866c-deaa27742c1c","chosen_platform":"s11-label","readiness":{"run":"none","source_declared":false,"declared_platforms":null}},"queries":3,"pid":4204}

    [0m [90m 181 |[39m       }
     [90m 182 |[39m       [90m// Query shapes, outcomes, fixture identifiers and process IDs only; never parameters.[39m
    [31m[1m>[22m[39m[90m 183 |[39m       console[33m.[39mwarn(
     [90m     |[39m               [31m[1m^[22m[39m
     [90m 184 |[39m         [32m'PG17_PROCESS'[39m[33m,[39m
     [90m 185 |[39m         [33mJSON[39m[33m.[39mstringify({
     [90m 186 |[39m           name[33m,[39m[0m

      at settleWorker (test/utils/g2-s11-pg-harness.ts:183:15)
      at ChildProcess.<anonymous> (test/utils/g2-s11-pg-harness.ts:202:7)

  console.warn
    PG17_PROCESS {"name":"g2g_4","options":{"action":"start","coach":"s11d-coach-clean","intent":"5ff72cb4-fd33-4ce5-866c-deaa27742c1c","host":"P2","role":"phone"},"result":{"intent_id":"5ff72cb4-fd33-4ce5-866c-deaa27742c1c","mode":"server","phase":"discovering","execution_epoch":1,"accepted_start_at":"2026-09-27T20:51:23.618Z","deadline_at":"2026-09-27T20:56:23.618Z"},"queries":3,"pid":4223}

    [0m [90m 181 |[39m       }
     [90m 182 |[39m       [90m// Query shapes, outcomes, fixture identifiers and process IDs only; never parameters.[39m
    [31m[1m>[22m[39m[90m 183 |[39m       console[33m.[39mwarn(
     [90m     |[39m               [31m[1m^[22m[39m
     [90m 184 |[39m         [32m'PG17_PROCESS'[39m[33m,[39m
     [90m 185 |[39m         [33mJSON[39m[33m.[39mstringify({
     [90m 186 |[39m           name[33m,[39m[0m

      at settleWorker (test/utils/g2-s11-pg-harness.ts:183:15)
      at ChildProcess.<anonymous> (test/utils/g2-s11-pg-harness.ts:202:7)

  console.warn
    PG17_PROCESS {"name":"g2g_5","options":{"action":"start","coach":"s11d-coach-clean","intent":"5ff72cb4-fd33-4ce5-866c-deaa27742c1c","host":"P1","role":"phone"},"result":{"intent_id":"5ff72cb4-fd33-4ce5-866c-deaa27742c1c","mode":"server","phase":"discovering","execution_epoch":1,"accepted_start_at":"2026-09-27T20:51:23.618Z","deadline_at":"2026-09-27T20:56:23.618Z"},"queries":2,"pid":4244}

    [0m [90m 181 |[39m       }
     [90m 182 |[39m       [90m// Query shapes, outcomes, fixture identifiers and process IDs only; never parameters.[39m
    [31m[1m>[22m[39m[90m 183 |[39m       console[33m.[39mwarn(
     [90m     |[39m               [31m[1m^[22m[39m
     [90m 184 |[39m         [32m'PG17_PROCESS'[39m[33m,[39m
     [90m 185 |[39m         [33mJSON[39m[33m.[39mstringify({
     [90m 186 |[39m           name[33m,[39m[0m

      at settleWorker (test/utils/g2-s11-pg-harness.ts:183:15)
      at ChildProcess.<anonymous> (test/utils/g2-s11-pg-harness.ts:202:7)

  console.warn
    PG17_PROCESS {"name":"g2g_6","options":{"action":"pair-session","coach":"s11d-coach-clean","intent":"5ff72cb4-fd33-4ce5-866c-deaa27742c1c","host":"P2","role":"phone"},"result":{"status":"paired","import_intent_id":"5ff72cb4-fd33-4ce5-866c-deaa27742c1c","chosen_platform":"s11-label","readiness":{"run":"open","source_declared":false,"declared_platforms":0}},"queries":4,"pid":4266}

    [0m [90m 181 |[39m       }
     [90m 182 |[39m       [90m// Query shapes, outcomes, fixture identifiers and process IDs only; never parameters.[39m
    [31m[1m>[22m[39m[90m 183 |[39m       console[33m.[39mwarn(
     [90m     |[39m               [31m[1m^[22m[39m
     [90m 184 |[39m         [32m'PG17_PROCESS'[39m[33m,[39m
     [90m 185 |[39m         [33mJSON[39m[33m.[39mstringify({
     [90m 186 |[39m           name[33m,[39m[0m

      at settleWorker (test/utils/g2-s11-pg-harness.ts:183:15)
      at ChildProcess.<anonymous> (test/utils/g2-s11-pg-harness.ts:202:7)

  console.warn
    PG17_PROCESS {"name":"g2g_7","options":{"action":"declare","coach":"s11d-coach-clean","intent":"5ff72cb4-fd33-4ce5-866c-deaa27742c1c","body":{"platforms":[{"source_platform":"s10_unseen","account_scope_id_digests":["265867792567e5ff6f7402a88f9c707517887390598b1adbee71a69fed4fba13"]},{"source_platform":"s11_second","account_scope_id_digests":["b41d70b4bc8498395519478765f5152138a16931722424835c9f7d72eb2658f9"]}]},"host":"P1","role":"ext"},"result":{"intent_id":"5ff72cb4-fd33-4ce5-866c-deaa27742c1c","challenge_b64":"V1tUGKtEU69JOR3OmSrKbbfgQG03r1q2ceSLoZwxhdk=","declared_at":"2026-09-27T20:51:30.024Z"},"queries":10,"pid":4285}

    [0m [90m 181 |[39m       }
     [90m 182 |[39m       [90m// Query shapes, outcomes, fixture identifiers and process IDs only; never parameters.[39m
    [31m[1m>[22m[39m[90m 183 |[39m       console[33m.[39mwarn(
     [90m     |[39m               [31m[1m^[22m[39m
     [90m 184 |[39m         [32m'PG17_PROCESS'[39m[33m,[39m
     [90m 185 |[39m         [33mJSON[39m[33m.[39mstringify({
     [90m 186 |[39m           name[33m,[39m[0m

      at settleWorker (test/utils/g2-s11-pg-harness.ts:183:15)
      at ChildProcess.<anonymous> (test/utils/g2-s11-pg-harness.ts:202:7)

  console.warn
    PG17_PROCESS {"name":"g2g_8","options":{"action":"pair-session","coach":"s11d-coach-clean","intent":"5ff72cb4-fd33-4ce5-866c-deaa27742c1c","host":"P2","role":"phone"},"result":{"status":"paired","import_intent_id":"5ff72cb4-fd33-4ce5-866c-deaa27742c1c","chosen_platform":"s11-label","readiness":{"run":"open","source_declared":true,"declared_platforms":2}},"queries":4,"pid":4304}

    [0m [90m 181 |[39m       }
     [90m 182 |[39m       [90m// Query shapes, outcomes, fixture identifiers and process IDs only; never parameters.[39m
    [31m[1m>[22m[39m[90m 183 |[39m       console[33m.[39mwarn(
     [90m     |[39m               [31m[1m^[22m[39m
     [90m 184 |[39m         [32m'PG17_PROCESS'[39m[33m,[39m
     [90m 185 |[39m         [33mJSON[39m[33m.[39mstringify({
     [90m 186 |[39m           name[33m,[39m[0m

      at settleWorker (test/utils/g2-s11-pg-harness.ts:183:15)
      at ChildProcess.<anonymous> (test/utils/g2-s11-pg-harness.ts:202:7)

  console.warn
    PG17_PROCESS {"name":"g2g_9","options":{"action":"ingest","coach":"s11d-coach-clean","intent":"5ff72cb4-fd33-4ce5-866c-deaa27742c1c","body":{"entity_type":"u10-routines","sourcePlatform":"s10_unseen","entities":[{"sourceId":"u10-w-1","payload":{"u10_heading":"Synthetic Routine","u10_modality":"lift"}}]},"host":"P2","role":"ext"},"result":{"received":1,"deduped":0},"queries":8,"pid":4325}

    [0m [90m 181 |[39m       }
     [90m 182 |[39m       [90m// Query shapes, outcomes, fixture identifiers and process IDs only; never parameters.[39m
    [31m[1m>[22m[39m[90m 183 |[39m       console[33m.[39mwarn(
     [90m     |[39m               [31m[1m^[22m[39m
     [90m 184 |[39m         [32m'PG17_PROCESS'[39m[33m,[39m
     [90m 185 |[39m         [33mJSON[39m[33m.[39mstringify({
     [90m 186 |[39m           name[33m,[39m[0m

      at settleWorker (test/utils/g2-s11-pg-harness.ts:183:15)
      at ChildProcess.<anonymous> (test/utils/g2-s11-pg-harness.ts:202:7)

  console.warn
    PG17_PROCESS {"name":"g2g_10","options":{"action":"ingest","coach":"s11d-coach-clean","intent":"5ff72cb4-fd33-4ce5-866c-deaa27742c1c","body":{"entity_type":"u10-sessions","sourcePlatform":"s10_unseen","entities":[{"sourceId":"u10-w-2","payload":{"u10_heading":"Synthetic Session","u10_modality":"run"}}]},"host":"P2","role":"ext"},"result":{"received":1,"deduped":0},"queries":8,"pid":4345}

    [0m [90m 181 |[39m       }
     [90m 182 |[39m       [90m// Query shapes, outcomes, fixture identifiers and process IDs only; never parameters.[39m
    [31m[1m>[22m[39m[90m 183 |[39m       console[33m.[39mwarn(
     [90m     |[39m               [31m[1m^[22m[39m
     [90m 184 |[39m         [32m'PG17_PROCESS'[39m[33m,[39m
     [90m 185 |[39m         [33mJSON[39m[33m.[39mstringify({
     [90m 186 |[39m           name[33m,[39m[0m

      at settleWorker (test/utils/g2-s11-pg-harness.ts:183:15)
      at ChildProcess.<anonymous> (test/utils/g2-s11-pg-harness.ts:202:7)

  console.warn
    PG17_PROCESS {"name":"g2g_11","options":{"action":"ingest","coach":"s11d-coach-clean","intent":"5ff72cb4-fd33-4ce5-866c-deaa27742c1c","body":{"entity_type":"t11-blocks","sourcePlatform":"s11_second","entities":[{"sourceId":"t11-b-1","payload":{"t11_title":"Synthetic Block Two","t11_weeks":6,"t11_days":4}}]},"host":"P1","role":"ext"},"result":{"received":1,"deduped":0},"queries":8,"pid":4365}

    [0m [90m 181 |[39m       }
     [90m 182 |[39m       [90m// Query shapes, outcomes, fixture identifiers and process IDs only; never parameters.[39m
    [31m[1m>[22m[39m[90m 183 |[39m       console[33m.[39mwarn(
     [90m     |[39m               [31m[1m^[22m[39m
     [90m 184 |[39m         [32m'PG17_PROCESS'[39m[33m,[39m
     [90m 185 |[39m         [33mJSON[39m[33m.[39mstringify({
     [90m 186 |[39m           name[33m,[39m[0m

      at settleWorker (test/utils/g2-s11-pg-harness.ts:183:15)
      at ChildProcess.<anonymous> (test/utils/g2-s11-pg-harness.ts:202:7)

  console.warn
    PG17_PROCESS {"name":"g2g_12","options":{"action":"ingest","coach":"s11d-coach-clean","intent":"5ff72cb4-fd33-4ce5-866c-deaa27742c1c","body":{"entity_type":"t11-routines","sourcePlatform":"s11_second","entities":[{"sourceId":"t11-r-1","payload":{"t11_title":"Synthetic Routine Two","t11_kind":"run"}}]},"host":"P1","role":"ext"},"result":{"received":1,"deduped":0},"queries":8,"pid":4386}

    [0m [90m 181 |[39m       }
     [90m 182 |[39m       [90m// Query shapes, outcomes, fixture identifiers and process IDs only; never parameters.[39m
    [31m[1m>[22m[39m[90m 183 |[39m       console[33m.[39mwarn(
     [90m     |[39m               [31m[1m^[22m[39m
     [90m 184 |[39m         [32m'PG17_PROCESS'[39m[33m,[39m
     [90m 185 |[39m         [33mJSON[39m[33m.[39mstringify({
     [90m 186 |[39m           name[33m,[39m[0m

      at settleWorker (test/utils/g2-s11-pg-harness.ts:183:15)
      at ChildProcess.<anonymous> (test/utils/g2-s11-pg-harness.ts:202:7)

  console.warn
    PG17_PROCESS {"name":"g2g_13","options":{"action":"observe","coach":"s11d-coach-clean","intent":"5ff72cb4-fd33-4ce5-866c-deaa27742c1c","body":{"observations":[{"evidence_version":1,"source_platform":"s10_unseen","account_scope_id_digest":"265867792567e5ff6f7402a88f9c707517887390598b1adbee71a69fed4fba13","family":"clients","basis_kind":"source_signed_enumeration","mapping_spec_digest":"fecf009ed9463bf97766ab08a322f42f6fbe0124a90551a604f5b26def4ae3dc","statement_b64":"eyJhY2NvdW50X3Njb3BlX2lkX2RpZ2VzdCI6IjI2NTg2Nzc5MjU2N2U1ZmY2Zjc0MDJhODhmOWM3MDc1MTc4ODczOTA1OThiMWFkYmVlNzFhNjlmZWQ0ZmJhMTMiLCJjaGFsbGVuZ2VfYjY0IjoiVjF0VUdLdEVVNjlKT1IzT21TcktiYmZnUUcwM3IxcTJjZVNMb1p3eGhkaz0iLCJkYXRlX3dpbmRvdyI6bnVsbCwiZmFtaWx5IjoiY2xpZW50cyIsImlkX3NldF9kaWdlc3QiOiJlM2IwYzQ0Mjk4ZmMxYzE0OWFmYmY0Yzg5OTZmYjkyNDI3YWU0MWU0NjQ5YjkzNGNhNDk1OTkxYjc4NTJiODU1IiwiaXNzdWVkX2F0IjoiMjAyNi0wOS0yN1QyMDo1MTo0MS41NzRaIiwib2JzZXJ2ZWRfdW5pcXVlIjowLCJzbmFwc2hvdF9yZWZfZGlnZXN0IjoiYzZiZTdjYTQ2OGI0M2ZiMzc5ODMyMzBhZjc4Y2JmMjcxMzBjNTU1ODQwNDk1OWJhZjFjNjczZWU5YjUzMzQ0YiIsInNvdXJjZV9wbGF0Zm9ybSI6InMxMF91bnNlZW4iLCJzdGF0ZW1lbnRfdmVyc2lvbiI6MSwidGVybWluYWwiOiJlbmRfb2ZfbGlzdCJ9","key_id":"s10_unseen.source.d2","signature_b64":"+RZFkTx1mPFXx3V6Sw03pbOj0aLfQ7p+zYQVN0px4Yeo5WZLPFm/NXzVnNXMJ2U3AQxanTJ8f3RsnYroagPMAw=="},{"evidence_version":1,"source_platform":"s10_unseen","account_scope_id_digest":"265867792567e5ff6f7402a88f9c707517887390598b1adbee71a69fed4fba13","family":"programs","basis_kind":"source_signed_enumeration","mapping_spec_digest":"fecf009ed9463bf97766ab08a322f42f6fbe0124a90551a604f5b26def4ae3dc","statement_b64":"eyJhY2NvdW50X3Njb3BlX2lkX2RpZ2VzdCI6IjI2NTg2Nzc5MjU2N2U1ZmY2Zjc0MDJhODhmOWM3MDc1MTc4ODczOTA1OThiMWFkYmVlNzFhNjlmZWQ0ZmJhMTMiLCJjaGFsbGVuZ2VfYjY0IjoiVjF0VUdLdEVVNjlKT1IzT21TcktiYmZnUUcwM3IxcTJjZVNMb1p3eGhkaz0iLCJkYXRlX3dpbmRvdyI6bnVsbCwiZmFtaWx5IjoicHJvZ3JhbXMiLCJpZF9zZXRfZGlnZXN0IjoiZTNiMGM0NDI5OGZjMWMxNDlhZmJmNGM4OTk2ZmI5MjQyN2FlNDFlNDY0OWI5MzRjYTQ5NTk5MWI3ODUyYjg1NSIsImlzc3VlZF9hdCI6IjIwMjYtMDktMjdUMjA6NTE6NDEuNTc0WiIsIm9ic2VydmVkX3VuaXF1ZSI6MCwic25hcHNob3RfcmVmX2RpZ2VzdCI6ImM2YmU3Y2E0NjhiNDNmYjM3OTgzMjMwYWY3OGNiZjI3MTMwYzU1NTg0MDQ5NTliYWYxYzY3M2VlOWI1MzM0NGIiLCJzb3VyY2VfcGxhdGZvcm0iOiJzMTBfdW5zZWVuIiwic3RhdGVtZW50X3ZlcnNpb24iOjEsInRlcm1pbmFsIjoiZW5kX29mX2xpc3QifQ==","key_id":"s10_unseen.source.d2","signature_b64":"+lXMRKoS68kKhReQr8islnpD/YA5qQcCx4LReerStnr/g8TXrkwA4qYLygYMgo6ERJVWB9MpDYMs5dLEIzyPCg=="},{"evidence_version":1,"source_platform":"s10_unseen","account_scope_id_digest":"265867792567e5ff6f7402a88f9c707517887390598b1adbee71a69fed4fba13","family":"workouts","basis_kind":"source_signed_enumeration","mapping_spec_digest":"fecf009ed9463bf97766ab08a322f42f6fbe0124a90551a604f5b26def4ae3dc","statement_b64":"eyJhY2NvdW50X3Njb3BlX2lkX2RpZ2VzdCI6IjI2NTg2Nzc5MjU2N2U1ZmY2Zjc0MDJhODhmOWM3MDc1MTc4ODczOTA1OThiMWFkYmVlNzFhNjlmZWQ0ZmJhMTMiLCJjaGFsbGVuZ2VfYjY0IjoiVjF0VUdLdEVVNjlKT1IzT21TcktiYmZnUUcwM3IxcTJjZVNMb1p3eGhkaz0iLCJkYXRlX3dpbmRvdyI6bnVsbCwiZmFtaWx5Ijoid29ya291dHMiLCJpZF9zZXRfZGlnZXN0IjoiMmRjM2QxNzYxZTFlZTc5MjI0OGEyMjhmNmYzYmY3YjY4YzNiNGRlZjlkZWI0Nzk5Mzc4YTkwNzI1NTZmYWRkOSIsImlzc3VlZF9hdCI6IjIwMjYtMDktMjdUMjA6NTE6NDEuNTc0WiIsIm9ic2VydmVkX3VuaXF1ZSI6Miwic25hcHNob3RfcmVmX2RpZ2VzdCI6ImM2YmU3Y2E0NjhiNDNmYjM3OTgzMjMwYWY3OGNiZjI3MTMwYzU1NTg0MDQ5NTliYWYxYzY3M2VlOWI1MzM0NGIiLCJzb3VyY2VfcGxhdGZvcm0iOiJzMTBfdW5zZWVuIiwic3RhdGVtZW50X3ZlcnNpb24iOjEsInRlcm1pbmFsIjoiZW5kX29mX2xpc3QifQ==","key_id":"s10_unseen.source.d2","signature_b64":"sTb90H1wI3zXbcz3Xd9oG0c4sirElBJTf7F0KMkUgGLY8MiSo7KE/lu6RSTZt8DmAg+AOWFU2Hrm8JyY5r1UAQ=="}]},"host":"P1","role":"ext"},"result":{"intent_id":"5ff72cb4-fd33-4ce5-866c-deaa27742c1c","execution_epoch":1,"stored":3,"replayed":0},"queries":11,"pid":4410}

    [0m [90m 181 |[39m       }
     [90m 182 |[39m       [90m// Query shapes, outcomes, fixture identifiers and process IDs only; never parameters.[39m
    [31m[1m>[22m[39m[90m 183 |[39m       console[33m.[39mwarn(
     [90m     |[39m               [31m[1m^[22m[39m
     [90m 184 |[39m         [32m'PG17_PROCESS'[39m[33m,[39m
     [90m 185 |[39m         [33mJSON[39m[33m.[39mstringify({
     [90m 186 |[39m           name[33m,[39m[0m

      at settleWorker (test/utils/g2-s11-pg-harness.ts:183:15)
      at ChildProcess.<anonymous> (test/utils/g2-s11-pg-harness.ts:202:7)

  console.warn
    PG17_PROCESS {"name":"g2g_14","options":{"action":"observe","coach":"s11d-coach-clean","intent":"5ff72cb4-fd33-4ce5-866c-deaa27742c1c","body":{"observations":[{"evidence_version":1,"source_platform":"s11_second","account_scope_id_digest":"b41d70b4bc8498395519478765f5152138a16931722424835c9f7d72eb2658f9","family":"programs","basis_kind":"source_signed_enumeration","mapping_spec_digest":"a330874b8c3c9d4a4b42d52728d6a3b09feada8411459ae0d0139c5c1e0d0c8e","statement_b64":"eyJhY2NvdW50X3Njb3BlX2lkX2RpZ2VzdCI6ImI0MWQ3MGI0YmM4NDk4Mzk1NTE5NDc4NzY1ZjUxNTIxMzhhMTY5MzE3MjI0MjQ4MzVjOWY3ZDcyZWIyNjU4ZjkiLCJjaGFsbGVuZ2VfYjY0IjoiVjF0VUdLdEVVNjlKT1IzT21TcktiYmZnUUcwM3IxcTJjZVNMb1p3eGhkaz0iLCJkYXRlX3dpbmRvdyI6bnVsbCwiZmFtaWx5IjoicHJvZ3JhbXMiLCJpZF9zZXRfZGlnZXN0IjoiMDk0OWViZmU2ODY4OWFkOWQzZmNmZGIxNjI3MDYyMWE0MWE0YzM0NDQ0NjEwMDUzMmQzOWY4NGZmZDhkYjA1MiIsImlzc3VlZF9hdCI6IjIwMjYtMDktMjdUMjA6NTE6NDQuMTIyWiIsIm9ic2VydmVkX3VuaXF1ZSI6MSwic25hcHNob3RfcmVmX2RpZ2VzdCI6IjdmNjliMTk2NTRiN2ZlYjZhZTJjYWU3ZDllOTJlNDg4MzY4NDVjMWZjZmE2MGFjOTBlYTJlZDkxMjZhZGUwZjgiLCJzb3VyY2VfcGxhdGZvcm0iOiJzMTFfc2Vjb25kIiwic3RhdGVtZW50X3ZlcnNpb24iOjEsInRlcm1pbmFsIjoiZW5kX29mX2xpc3QifQ==","key_id":"s11_second.source.a2","signature_b64":"LfD+uUmGWr1qkr/y7xrBFs1KB5jnZDPuMDmyHRFT6yc+RkrMhpYQ31JcwJQ8UeqyJ/rzg1i20QAS7enmHn6wAw=="},{"evidence_version":1,"source_platform":"s11_second","account_scope_id_digest":"b41d70b4bc8498395519478765f5152138a16931722424835c9f7d72eb2658f9","family":"workouts","basis_kind":"source_signed_enumeration","mapping_spec_digest":"a330874b8c3c9d4a4b42d52728d6a3b09feada8411459ae0d0139c5c1e0d0c8e","statement_b64":"eyJhY2NvdW50X3Njb3BlX2lkX2RpZ2VzdCI6ImI0MWQ3MGI0YmM4NDk4Mzk1NTE5NDc4NzY1ZjUxNTIxMzhhMTY5MzE3MjI0MjQ4MzVjOWY3ZDcyZWIyNjU4ZjkiLCJjaGFsbGVuZ2VfYjY0IjoiVjF0VUdLdEVVNjlKT1IzT21TcktiYmZnUUcwM3IxcTJjZVNMb1p3eGhkaz0iLCJkYXRlX3dpbmRvdyI6bnVsbCwiZmFtaWx5Ijoid29ya291dHMiLCJpZF9zZXRfZGlnZXN0IjoiNTk0NmEzZDE4Njg2NDFhMjc1N2ViYTYzMmU0OWM5OWYyN2Q0NTQwYjM1NjBiMjIzNmNlNGZjY2ZhYzRkMGU4MSIsImlzc3VlZF9hdCI6IjIwMjYtMDktMjdUMjA6NTE6NDQuMTIyWiIsIm9ic2VydmVkX3VuaXF1ZSI6MSwic25hcHNob3RfcmVmX2RpZ2VzdCI6IjdmNjliMTk2NTRiN2ZlYjZhZTJjYWU3ZDllOTJlNDg4MzY4NDVjMWZjZmE2MGFjOTBlYTJlZDkxMjZhZGUwZjgiLCJzb3VyY2VfcGxhdGZvcm0iOiJzMTFfc2Vjb25kIiwic3RhdGVtZW50X3ZlcnNpb24iOjEsInRlcm1pbmFsIjoiZW5kX29mX2xpc3QifQ==","key_id":"s11_second.source.a2","signature_b64":"LpEumtiaFm6qpqEUBoZsnQrzUVh5DyM29eXWouYcU/HPVpcmtdg2Q60R3u3hG8vye4TnAjHCbcYZMxNs8u33Bw=="}]},"host":"P2","role":"ext"},"result":{"intent_id":"5ff72cb4-fd33-4ce5-866c-deaa27742c1c","execution_epoch":1,"stored":2,"replayed":0},"queries":10,"pid":4431}

    [0m [90m 181 |[39m       }
     [90m 182 |[39m       [90m// Query shapes, outcomes, fixture identifiers and process IDs only; never parameters.[39m
    [31m[1m>[22m[39m[90m 183 |[39m       console[33m.[39mwarn(
     [90m     |[39m               [31m[1m^[22m[39m
     [90m 184 |[39m         [32m'PG17_PROCESS'[39m[33m,[39m
     [90m 185 |[39m         [33mJSON[39m[33m.[39mstringify({
     [90m 186 |[39m           name[33m,[39m[0m

      at settleWorker (test/utils/g2-s11-pg-harness.ts:183:15)
      at ChildProcess.<anonymous> (test/utils/g2-s11-pg-harness.ts:202:7)

  console.warn
    PG17_PROCESS {"name":"g2g_16","options":{"action":"status","coach":"s11d-coach-clean","intent":"5ff72cb4-fd33-4ce5-866c-deaa27742c1c","host":"P2","role":"phone"},"result":{"intent_id":"5ff72cb4-fd33-4ce5-866c-deaa27742c1c","status":"running","entity_counts":[{"entity_type":"t11-blocks","committed":1},{"entity_type":"t11-routines","committed":1},{"entity_type":"u10-routines","committed":1},{"entity_type":"u10-sessions","committed":1}],"started_at":"2026-09-27T20:51:34.266Z","completed_at":null,"mode":"server","phase":"reconciling","accepted_start_at":"2026-09-27T20:51:23.618Z","deadline_at":"2026-09-27T20:56:23.618Z","last_observed_at":"2026-09-27T20:51:48.422Z","execution_epoch":1,"reason_code":null,"claimed_status":"success","families":[{"family":"t11-blocks","observed_unique":null,"staged_unique":1,"created_native":null,"already_present_verified":null,"rejected":null,"unresolved":null,"ledger":{"reconstructed":0,"skipped":0,"failed":0}},{"family":"t11-routines","observed_unique":null,"staged_unique":1,"created_native":null,"already_present_verified":null,"rejected":null,"unresolved":null,"ledger":{"reconstructed":0,"skipped":0,"failed":0}},{"family":"u10-routines","observed_unique":null,"staged_unique":1,"created_native":null,"already_present_verified":null,"rejected":null,"unresolved":null,"ledger":{"reconstructed":0,"skipped":0,"failed":0}},{"family":"u10-sessions","observed_unique":null,"staged_unique":1,"created_native":null,"already_present_verified":null,"rejected":null,"unresolved":null,"ledger":{"reconstructed":0,"skipped":0,"failed":0}}]},"queries":8,"pid":4477}

    [0m [90m 181 |[39m       }
     [90m 182 |[39m       [90m// Query shapes, outcomes, fixture identifiers and process IDs only; never parameters.[39m
    [31m[1m>[22m[39m[90m 183 |[39m       console[33m.[39mwarn(
     [90m     |[39m               [31m[1m^[22m[39m
     [90m 184 |[39m         [32m'PG17_PROCESS'[39m[33m,[39m
     [90m 185 |[39m         [33mJSON[39m[33m.[39mstringify({
     [90m 186 |[39m           name[33m,[39m[0m

      at settleWorker (test/utils/g2-s11-pg-harness.ts:183:15)
      at ChildProcess.<anonymous> (test/utils/g2-s11-pg-harness.ts:202:7)

  console.warn
    PG17_PROCESS {"name":"g2g_17","options":{"action":"complete","coach":"s11d-coach-clean","intent":"5ff72cb4-fd33-4ce5-866c-deaa27742c1c","body":{"terminal_status":"success"},"host":"P2","role":"ext"},"result":{"acknowledged":true,"intent_id":"5ff72cb4-fd33-4ce5-866c-deaa27742c1c"},"queries":91,"pid":4498}

    [0m [90m 181 |[39m       }
     [90m 182 |[39m       [90m// Query shapes, outcomes, fixture identifiers and process IDs only; never parameters.[39m
    [31m[1m>[22m[39m[90m 183 |[39m       console[33m.[39mwarn(
     [90m     |[39m               [31m[1m^[22m[39m
     [90m 184 |[39m         [32m'PG17_PROCESS'[39m[33m,[39m
     [90m 185 |[39m         [33mJSON[39m[33m.[39mstringify({
     [90m 186 |[39m           name[33m,[39m[0m

      at settleWorker (test/utils/g2-s11-pg-harness.ts:183:15)
      at ChildProcess.<anonymous> (test/utils/g2-s11-pg-harness.ts:202:7)

  console.warn
    PG17_PROCESS {"name":"g2g_18","options":{"action":"complete","coach":"s11d-coach-clean","intent":"5ff72cb4-fd33-4ce5-866c-deaa27742c1c","body":{"terminal_status":"success"},"host":"P1","role":"ext"},"result":{"acknowledged":true,"intent_id":"5ff72cb4-fd33-4ce5-866c-deaa27742c1c"},"queries":8,"pid":4522}

    [0m [90m 181 |[39m       }
     [90m 182 |[39m       [90m// Query shapes, outcomes, fixture identifiers and process IDs only; never parameters.[39m
    [31m[1m>[22m[39m[90m 183 |[39m       console[33m.[39mwarn(
     [90m     |[39m               [31m[1m^[22m[39m
     [90m 184 |[39m         [32m'PG17_PROCESS'[39m[33m,[39m
     [90m 185 |[39m         [33mJSON[39m[33m.[39mstringify({
     [90m 186 |[39m           name[33m,[39m[0m

      at settleWorker (test/utils/g2-s11-pg-harness.ts:183:15)
      at ChildProcess.<anonymous> (test/utils/g2-s11-pg-harness.ts:202:7)

  console.warn
    PG17_PROCESS {"name":"g2g_19","options":{"action":"pair-current","coach":"s11d-coach-clean","body":{},"host":"P2","role":"phone"},"result":{"status":"paired","import_intent_id":"5ff72cb4-fd33-4ce5-866c-deaa27742c1c","chosen_platform":"s11-label","readiness":{"run":"terminal","source_declared":true,"declared_platforms":2}},"queries":4,"pid":4546}

    [0m [90m 181 |[39m       }
     [90m 182 |[39m       [90m// Query shapes, outcomes, fixture identifiers and process IDs only; never parameters.[39m
    [31m[1m>[22m[39m[90m 183 |[39m       console[33m.[39mwarn(
     [90m     |[39m               [31m[1m^[22m[39m
     [90m 184 |[39m         [32m'PG17_PROCESS'[39m[33m,[39m
     [90m 185 |[39m         [33mJSON[39m[33m.[39mstringify({
     [90m 186 |[39m           name[33m,[39m[0m

      at settleWorker (test/utils/g2-s11-pg-harness.ts:183:15)
      at ChildProcess.<anonymous> (test/utils/g2-s11-pg-harness.ts:202:7)

  console.warn
    PG17_PROCESS {"name":"g2g_20","options":{"action":"roster","coach":"s11d-coach-clean","intent":"5ff72cb4-fd33-4ce5-866c-deaa27742c1c","host":"P1","role":"phone"},"result":{"intent_id":"5ff72cb4-fd33-4ce5-866c-deaa27742c1c","accounting":{"staged":0,"reconstructed":0,"skipped":0,"failed":0,"unclassified":0},"persons":[],"page":{"limit":50,"next_cursor":null,"has_more":false},"roster_bridge_pending":true},"queries":8,"pid":4567}

    [0m [90m 181 |[39m       }
     [90m 182 |[39m       [90m// Query shapes, outcomes, fixture identifiers and process IDs only; never parameters.[39m
    [31m[1m>[22m[39m[90m 183 |[39m       console[33m.[39mwarn(
     [90m     |[39m               [31m[1m^[22m[39m
     [90m 184 |[39m         [32m'PG17_PROCESS'[39m[33m,[39m
     [90m 185 |[39m         [33mJSON[39m[33m.[39mstringify({
     [90m 186 |[39m           name[33m,[39m[0m

      at settleWorker (test/utils/g2-s11-pg-harness.ts:183:15)
      at ChildProcess.<anonymous> (test/utils/g2-s11-pg-harness.ts:202:7)

  console.warn
    PG17_PROCESS {"name":"g2g_21","options":{"action":"roster","coach":"s11d-coach-clean","intent":"5ff72cb4-fd33-4ce5-866c-deaa27742c1c","host":"P2","role":"phone"},"result":{"intent_id":"5ff72cb4-fd33-4ce5-866c-deaa27742c1c","accounting":{"staged":0,"reconstructed":0,"skipped":0,"failed":0,"unclassified":0},"persons":[],"page":{"limit":50,"next_cursor":null,"has_more":false},"roster_bridge_pending":true},"queries":8,"pid":4586}

    [0m [90m 181 |[39m       }
     [90m 182 |[39m       [90m// Query shapes, outcomes, fixture identifiers and process IDs only; never parameters.[39m
    [31m[1m>[22m[39m[90m 183 |[39m       console[33m.[39mwarn(
     [90m     |[39m               [31m[1m^[22m[39m
     [90m 184 |[39m         [32m'PG17_PROCESS'[39m[33m,[39m
     [90m 185 |[39m         [33mJSON[39m[33m.[39mstringify({
     [90m 186 |[39m           name[33m,[39m[0m

      at settleWorker (test/utils/g2-s11-pg-harness.ts:183:15)
      at ChildProcess.<anonymous> (test/utils/g2-s11-pg-harness.ts:202:7)

  console.warn
    PG17_PROCESS {"name":"g2g_22","options":{"action":"status","coach":"s11d-coach-clean","intent":"5ff72cb4-fd33-4ce5-866c-deaa27742c1c","host":"P1","role":"phone"},"result":{"intent_id":"5ff72cb4-fd33-4ce5-866c-deaa27742c1c","status":"complete","entity_counts":[{"entity_type":"t11-blocks","committed":1},{"entity_type":"t11-routines","committed":1},{"entity_type":"u10-routines","committed":1},{"entity_type":"u10-sessions","committed":1}],"started_at":"2026-09-27T20:51:34.266Z","completed_at":"2026-09-27T20:51:52.829Z","mode":"server","phase":"reconciling","accepted_start_at":"2026-09-27T20:51:23.618Z","deadline_at":"2026-09-27T20:56:23.618Z","last_observed_at":"2026-09-27T20:51:52.821Z","execution_epoch":1,"reason_code":null,"claimed_status":"success","families":[{"family":"t11-blocks","observed_unique":1,"staged_unique":1,"created_native":null,"already_present_verified":null,"rejected":0,"unresolved":0,"ledger":{"reconstructed":1,"skipped":0,"failed":0},"canonical_family":"programs","native_present_verified":1,"completeness_basis":"source_signed_enumeration","relationship_closure":"not_applicable","reasons":[],"qualifiers":[]},{"family":"t11-routines","observed_unique":null,"staged_unique":1,"created_native":null,"already_present_verified":null,"rejected":0,"unresolved":0,"ledger":{"reconstructed":1,"skipped":0,"failed":0},"canonical_family":"workouts","native_present_verified":1,"completeness_basis":"source_signed_enumeration","relationship_closure":"not_applicable","reasons":[],"qualifiers":[]},{"family":"u10-routines","observed_unique":null,"staged_unique":1,"created_native":null,"already_present_verified":null,"rejected":0,"unresolved":0,"ledger":{"reconstructed":1,"skipped":0,"failed":0},"canonical_family":"workouts","native_present_verified":1,"completeness_basis":"source_signed_enumeration","relationship_closure":"not_applicable","reasons":[],"qualifiers":[]},{"family":"u10-sessions","observed_unique":null,"staged_unique":1,"created_native":null,"already_present_verified":null,"rejected":0,"unresolved":0,"ledger":{"reconstructed":1,"skipped":0,"failed":0},"canonical_family":"workouts","native_present_verified":1,"completeness_basis":"source_signed_enumeration","relationship_closure":"not_applicable","reasons":[],"qualifiers":[]}]},"queries":9,"pid":4606}

    [0m [90m 181 |[39m       }
     [90m 182 |[39m       [90m// Query shapes, outcomes, fixture identifiers and process IDs only; never parameters.[39m
    [31m[1m>[22m[39m[90m 183 |[39m       console[33m.[39mwarn(
     [90m     |[39m               [31m[1m^[22m[39m
     [90m 184 |[39m         [32m'PG17_PROCESS'[39m[33m,[39m
     [90m 185 |[39m         [33mJSON[39m[33m.[39mstringify({
     [90m 186 |[39m           name[33m,[39m[0m

      at settleWorker (test/utils/g2-s11-pg-harness.ts:183:15)
      at ChildProcess.<anonymous> (test/utils/g2-s11-pg-harness.ts:202:7)

  console.warn
    PG17_PROCESS {"name":"g2g_23","options":{"action":"status","coach":"s11d-coach-clean","intent":"5ff72cb4-fd33-4ce5-866c-deaa27742c1c","host":"P2","role":"phone"},"result":{"intent_id":"5ff72cb4-fd33-4ce5-866c-deaa27742c1c","status":"complete","entity_counts":[{"entity_type":"t11-blocks","committed":1},{"entity_type":"t11-routines","committed":1},{"entity_type":"u10-routines","committed":1},{"entity_type":"u10-sessions","committed":1}],"started_at":"2026-09-27T20:51:34.266Z","completed_at":"2026-09-27T20:51:52.829Z","mode":"server","phase":"reconciling","accepted_start_at":"2026-09-27T20:51:23.618Z","deadline_at":"2026-09-27T20:56:23.618Z","last_observed_at":"2026-09-27T20:51:52.821Z","execution_epoch":1,"reason_code":null,"claimed_status":"success","families":[{"family":"t11-blocks","observed_unique":1,"staged_unique":1,"created_native":null,"already_present_verified":null,"rejected":0,"unresolved":0,"ledger":{"reconstructed":1,"skipped":0,"failed":0},"canonical_family":"programs","native_present_verified":1,"completeness_basis":"source_signed_enumeration","relationship_closure":"not_applicable","reasons":[],"qualifiers":[]},{"family":"t11-routines","observed_unique":null,"staged_unique":1,"created_native":null,"already_present_verified":null,"rejected":0,"unresolved":0,"ledger":{"reconstructed":1,"skipped":0,"failed":0},"canonical_family":"workouts","native_present_verified":1,"completeness_basis":"source_signed_enumeration","relationship_closure":"not_applicable","reasons":[],"qualifiers":[]},{"family":"u10-routines","observed_unique":null,"staged_unique":1,"created_native":null,"already_present_verified":null,"rejected":0,"unresolved":0,"ledger":{"reconstructed":1,"skipped":0,"failed":0},"canonical_family":"workouts","native_present_verified":1,"completeness_basis":"source_signed_enumeration","relationship_closure":"not_applicable","reasons":[],"qualifiers":[]},{"family":"u10-sessions","observed_unique":null,"staged_unique":1,"created_native":null,"already_present_verified":null,"rejected":0,"unresolved":0,"ledger":{"reconstructed":1,"skipped":0,"failed":0},"canonical_family":"workouts","native_present_verified":1,"completeness_basis":"source_signed_enumeration","relationship_closure":"not_applicable","reasons":[],"qualifiers":[]}]},"queries":9,"pid":4628}

    [0m [90m 181 |[39m       }
     [90m 182 |[39m       [90m// Query shapes, outcomes, fixture identifiers and process IDs only; never parameters.[39m
    [31m[1m>[22m[39m[90m 183 |[39m       console[33m.[39mwarn(
     [90m     |[39m               [31m[1m^[22m[39m
     [90m 184 |[39m         [32m'PG17_PROCESS'[39m[33m,[39m
     [90m 185 |[39m         [33mJSON[39m[33m.[39mstringify({
     [90m 186 |[39m           name[33m,[39m[0m

      at settleWorker (test/utils/g2-s11-pg-harness.ts:183:15)
      at ChildProcess.<anonymous> (test/utils/g2-s11-pg-harness.ts:202:7)

  console.warn
    PG17_PROCESS {"name":"g2g_24","options":{"action":"pair-init","coach":"s11d-coach-roster","body":{},"host":"P1","role":"phone"},"result":{"pairing_code":"310082","expires_at":"2026-09-27T20:54:08.074Z","import_intent_id":"2de04831-b3c4-4dc6-afe1-74721118ee2c"},"queries":11,"pid":4654}

    [0m [90m 181 |[39m       }
     [90m 182 |[39m       [90m// Query shapes, outcomes, fixture identifiers and process IDs only; never parameters.[39m
    [31m[1m>[22m[39m[90m 183 |[39m       console[33m.[39mwarn(
     [90m     |[39m               [31m[1m^[22m[39m
     [90m 184 |[39m         [32m'PG17_PROCESS'[39m[33m,[39m
     [90m 185 |[39m         [33mJSON[39m[33m.[39mstringify({
     [90m 186 |[39m           name[33m,[39m[0m

      at settleWorker (test/utils/g2-s11-pg-harness.ts:183:15)
      at ChildProcess.<anonymous> (test/utils/g2-s11-pg-harness.ts:202:7)

  console.warn
    PG17_PROCESS {"name":"g2g_25","options":{"action":"pair-redeem","coach":"unauthenticated","body":{"code":"310082"},"host":"P2","role":"ext"},"result":{"access_token":"synthetic-access-1","refresh_token":"synthetic-refresh-1","chosen_platform":"s11-label","import_intent_id":"2de04831-b3c4-4dc6-afe1-74721118ee2c"},"queries":10,"pid":4673}

    [0m [90m 181 |[39m       }
     [90m 182 |[39m       [90m// Query shapes, outcomes, fixture identifiers and process IDs only; never parameters.[39m
    [31m[1m>[22m[39m[90m 183 |[39m       console[33m.[39mwarn(
     [90m     |[39m               [31m[1m^[22m[39m
     [90m 184 |[39m         [32m'PG17_PROCESS'[39m[33m,[39m
     [90m 185 |[39m         [33mJSON[39m[33m.[39mstringify({
     [90m 186 |[39m           name[33m,[39m[0m

      at settleWorker (test/utils/g2-s11-pg-harness.ts:183:15)
      at ChildProcess.<anonymous> (test/utils/g2-s11-pg-harness.ts:202:7)

  console.warn
    PG17_PROCESS {"name":"g2g_26","options":{"action":"start","coach":"s11d-coach-roster","intent":"2de04831-b3c4-4dc6-afe1-74721118ee2c","host":"P1","role":"phone"},"result":{"intent_id":"2de04831-b3c4-4dc6-afe1-74721118ee2c","mode":"server","phase":"discovering","execution_epoch":1,"accepted_start_at":"2026-09-27T20:52:12.365Z","deadline_at":"2026-09-27T20:57:12.365Z"},"queries":3,"pid":4692}

    [0m [90m 181 |[39m       }
     [90m 182 |[39m       [90m// Query shapes, outcomes, fixture identifiers and process IDs only; never parameters.[39m
    [31m[1m>[22m[39m[90m 183 |[39m       console[33m.[39mwarn(
     [90m     |[39m               [31m[1m^[22m[39m
     [90m 184 |[39m         [32m'PG17_PROCESS'[39m[33m,[39m
     [90m 185 |[39m         [33mJSON[39m[33m.[39mstringify({
     [90m 186 |[39m           name[33m,[39m[0m

      at settleWorker (test/utils/g2-s11-pg-harness.ts:183:15)
      at ChildProcess.<anonymous> (test/utils/g2-s11-pg-harness.ts:202:7)

  console.warn
    PG17_PROCESS {"name":"g2g_27","options":{"action":"declare","coach":"s11d-coach-roster","intent":"2de04831-b3c4-4dc6-afe1-74721118ee2c","body":{"platforms":[{"source_platform":"s10_unseen","account_scope_id_digests":["265867792567e5ff6f7402a88f9c707517887390598b1adbee71a69fed4fba13"]},{"source_platform":"s11_second","account_scope_id_digests":["b41d70b4bc8498395519478765f5152138a16931722424835c9f7d72eb2658f9"]}]},"host":"P2","role":"ext"},"result":{"intent_id":"2de04831-b3c4-4dc6-afe1-74721118ee2c","challenge_b64":"l5uvHwPDJxLANjKRmVym8wd2VlqEbTmJuzdVLgLS24A=","declared_at":"2026-09-27T20:52:14.522Z"},"queries":10,"pid":4711}

    [0m [90m 181 |[39m       }
     [90m 182 |[39m       [90m// Query shapes, outcomes, fixture identifiers and process IDs only; never parameters.[39m
    [31m[1m>[22m[39m[90m 183 |[39m       console[33m.[39mwarn(
     [90m     |[39m               [31m[1m^[22m[39m
     [90m 184 |[39m         [32m'PG17_PROCESS'[39m[33m,[39m
     [90m 185 |[39m         [33mJSON[39m[33m.[39mstringify({
     [90m 186 |[39m           name[33m,[39m[0m

      at settleWorker (test/utils/g2-s11-pg-harness.ts:183:15)
      at ChildProcess.<anonymous> (test/utils/g2-s11-pg-harness.ts:202:7)

  console.warn
    PG17_PROCESS {"name":"g2g_28","options":{"action":"ingest","coach":"s11d-coach-roster","intent":"2de04831-b3c4-4dc6-afe1-74721118ee2c","body":{"entity_type":"u10-members","sourcePlatform":"s10_unseen","entities":[{"sourceId":"u10-m-1","payload":{"u10_handle":"Synthetic Member One"}},{"sourceId":"u10-m-2","payload":{"u10_handle":"Synthetic Member Two"}}]},"host":"P1","role":"ext"},"result":{"received":2,"deduped":0},"queries":8,"pid":4730}

    [0m [90m 181 |[39m       }
     [90m 182 |[39m       [90m// Query shapes, outcomes, fixture identifiers and process IDs only; never parameters.[39m
    [31m[1m>[22m[39m[90m 183 |[39m       console[33m.[39mwarn(
     [90m     |[39m               [31m[1m^[22m[39m
     [90m 184 |[39m         [32m'PG17_PROCESS'[39m[33m,[39m
     [90m 185 |[39m         [33mJSON[39m[33m.[39mstringify({
     [90m 186 |[39m           name[33m,[39m[0m

      at settleWorker (test/utils/g2-s11-pg-harness.ts:183:15)
      at ChildProcess.<anonymous> (test/utils/g2-s11-pg-harness.ts:202:7)

  console.warn
    PG17_PROCESS {"name":"g2g_29","options":{"action":"ingest","coach":"s11d-coach-roster","intent":"2de04831-b3c4-4dc6-afe1-74721118ee2c","body":{"entity_type":"u10-routines","sourcePlatform":"s10_unseen","entities":[{"sourceId":"u10-w-1","payload":{"u10_heading":"Synthetic Routine","u10_modality":"lift"}}]},"host":"P1","role":"ext"},"result":{"received":1,"deduped":0},"queries":8,"pid":4750}

    [0m [90m 181 |[39m       }
     [90m 182 |[39m       [90m// Query shapes, outcomes, fixture identifiers and process IDs only; never parameters.[39m
    [31m[1m>[22m[39m[90m 183 |[39m       console[33m.[39mwarn(
     [90m     |[39m               [31m[1m^[22m[39m
     [90m 184 |[39m         [32m'PG17_PROCESS'[39m[33m,[39m
     [90m 185 |[39m         [33mJSON[39m[33m.[39mstringify({
     [90m 186 |[39m           name[33m,[39m[0m

      at settleWorker (test/utils/g2-s11-pg-harness.ts:183:15)
      at ChildProcess.<anonymous> (test/utils/g2-s11-pg-harness.ts:202:7)

  console.warn
    PG17_PROCESS {"name":"g2g_30","options":{"action":"ingest","coach":"s11d-coach-roster","intent":"2de04831-b3c4-4dc6-afe1-74721118ee2c","body":{"entity_type":"u10-sessions","sourcePlatform":"s10_unseen","entities":[{"sourceId":"u10-w-2","payload":{"u10_heading":"Synthetic Session","u10_modality":"run"}}]},"host":"P1","role":"ext"},"result":{"received":1,"deduped":0},"queries":8,"pid":4771}

    [0m [90m 181 |[39m       }
     [90m 182 |[39m       [90m// Query shapes, outcomes, fixture identifiers and process IDs only; never parameters.[39m
    [31m[1m>[22m[39m[90m 183 |[39m       console[33m.[39mwarn(
     [90m     |[39m               [31m[1m^[22m[39m
     [90m 184 |[39m         [32m'PG17_PROCESS'[39m[33m,[39m
     [90m 185 |[39m         [33mJSON[39m[33m.[39mstringify({
     [90m 186 |[39m           name[33m,[39m[0m

      at settleWorker (test/utils/g2-s11-pg-harness.ts:183:15)
      at ChildProcess.<anonymous> (test/utils/g2-s11-pg-harness.ts:202:7)

  console.warn
    PG17_PROCESS {"name":"g2g_31","options":{"action":"ingest","coach":"s11d-coach-roster","intent":"2de04831-b3c4-4dc6-afe1-74721118ee2c","body":{"entity_type":"t11-blocks","sourcePlatform":"s11_second","entities":[{"sourceId":"t11-b-1","payload":{"t11_title":"Synthetic Block Two","t11_weeks":6,"t11_days":4}}]},"host":"P2","role":"ext"},"result":{"received":1,"deduped":0},"queries":8,"pid":4792}

    [0m [90m 181 |[39m       }
     [90m 182 |[39m       [90m// Query shapes, outcomes, fixture identifiers and process IDs only; never parameters.[39m
    [31m[1m>[22m[39m[90m 183 |[39m       console[33m.[39mwarn(
     [90m     |[39m               [31m[1m^[22m[39m
     [90m 184 |[39m         [32m'PG17_PROCESS'[39m[33m,[39m
     [90m 185 |[39m         [33mJSON[39m[33m.[39mstringify({
     [90m 186 |[39m           name[33m,[39m[0m

      at settleWorker (test/utils/g2-s11-pg-harness.ts:183:15)
      at ChildProcess.<anonymous> (test/utils/g2-s11-pg-harness.ts:202:7)

  console.warn
    PG17_PROCESS {"name":"g2g_32","options":{"action":"ingest","coach":"s11d-coach-roster","intent":"2de04831-b3c4-4dc6-afe1-74721118ee2c","body":{"entity_type":"t11-routines","sourcePlatform":"s11_second","entities":[{"sourceId":"t11-r-1","payload":{"t11_title":"Synthetic Routine Two","t11_kind":"run"}}]},"host":"P2","role":"ext"},"result":{"received":1,"deduped":0},"queries":8,"pid":4813}

    [0m [90m 181 |[39m       }
     [90m 182 |[39m       [90m// Query shapes, outcomes, fixture identifiers and process IDs only; never parameters.[39m
    [31m[1m>[22m[39m[90m 183 |[39m       console[33m.[39mwarn(
     [90m     |[39m               [31m[1m^[22m[39m
     [90m 184 |[39m         [32m'PG17_PROCESS'[39m[33m,[39m
     [90m 185 |[39m         [33mJSON[39m[33m.[39mstringify({
     [90m 186 |[39m           name[33m,[39m[0m

      at settleWorker (test/utils/g2-s11-pg-harness.ts:183:15)
      at ChildProcess.<anonymous> (test/utils/g2-s11-pg-harness.ts:202:7)

  console.warn
    PG17_PROCESS {"name":"g2g_33","options":{"action":"observe","coach":"s11d-coach-roster","intent":"2de04831-b3c4-4dc6-afe1-74721118ee2c","body":{"observations":[{"evidence_version":1,"source_platform":"s10_unseen","account_scope_id_digest":"265867792567e5ff6f7402a88f9c707517887390598b1adbee71a69fed4fba13","family":"clients","basis_kind":"source_signed_enumeration","mapping_spec_digest":"fecf009ed9463bf97766ab08a322f42f6fbe0124a90551a604f5b26def4ae3dc","statement_b64":"eyJhY2NvdW50X3Njb3BlX2lkX2RpZ2VzdCI6IjI2NTg2Nzc5MjU2N2U1ZmY2Zjc0MDJhODhmOWM3MDc1MTc4ODczOTA1OThiMWFkYmVlNzFhNjlmZWQ0ZmJhMTMiLCJjaGFsbGVuZ2VfYjY0IjoibDV1dkh3UERKeExBTmpLUm1WeW04d2QyVmxxRWJUbUp1emRWTGdMUzI0QT0iLCJkYXRlX3dpbmRvdyI6bnVsbCwiZmFtaWx5IjoiY2xpZW50cyIsImlkX3NldF9kaWdlc3QiOiJiYzUwN2Q2MTM4MTk0NTZhOGYzMmRkOWEwZmFiNWQ2MDkwYTRjZjUyNGQ2YzFmMzk2ZjFkMjZiMzUxMjZiMDE2IiwiaXNzdWVkX2F0IjoiMjAyNi0wOS0yN1QyMDo1MjoyNS4zNzBaIiwib2JzZXJ2ZWRfdW5pcXVlIjoyLCJzbmFwc2hvdF9yZWZfZGlnZXN0IjoiYzZiZTdjYTQ2OGI0M2ZiMzc5ODMyMzBhZjc4Y2JmMjcxMzBjNTU1ODQwNDk1OWJhZjFjNjczZWU5YjUzMzQ0YiIsInNvdXJjZV9wbGF0Zm9ybSI6InMxMF91bnNlZW4iLCJzdGF0ZW1lbnRfdmVyc2lvbiI6MSwidGVybWluYWwiOiJlbmRfb2ZfbGlzdCJ9","key_id":"s10_unseen.source.d2","signature_b64":"gOP8Zkpy0eNE2R3B3Ys56EN0Fy814lZE9hhdpfOWkwZ8zxhr0oAXsLZXDqtBgxySrbI3rRyTSOTPpKHnBwBiDA=="},{"evidence_version":1,"source_platform":"s10_unseen","account_scope_id_digest":"265867792567e5ff6f7402a88f9c707517887390598b1adbee71a69fed4fba13","family":"programs","basis_kind":"source_signed_enumeration","mapping_spec_digest":"fecf009ed9463bf97766ab08a322f42f6fbe0124a90551a604f5b26def4ae3dc","statement_b64":"eyJhY2NvdW50X3Njb3BlX2lkX2RpZ2VzdCI6IjI2NTg2Nzc5MjU2N2U1ZmY2Zjc0MDJhODhmOWM3MDc1MTc4ODczOTA1OThiMWFkYmVlNzFhNjlmZWQ0ZmJhMTMiLCJjaGFsbGVuZ2VfYjY0IjoibDV1dkh3UERKeExBTmpLUm1WeW04d2QyVmxxRWJUbUp1emRWTGdMUzI0QT0iLCJkYXRlX3dpbmRvdyI6bnVsbCwiZmFtaWx5IjoicHJvZ3JhbXMiLCJpZF9zZXRfZGlnZXN0IjoiZTNiMGM0NDI5OGZjMWMxNDlhZmJmNGM4OTk2ZmI5MjQyN2FlNDFlNDY0OWI5MzRjYTQ5NTk5MWI3ODUyYjg1NSIsImlzc3VlZF9hdCI6IjIwMjYtMDktMjdUMjA6NTI6MjUuMzcwWiIsIm9ic2VydmVkX3VuaXF1ZSI6MCwic25hcHNob3RfcmVmX2RpZ2VzdCI6ImM2YmU3Y2E0NjhiNDNmYjM3OTgzMjMwYWY3OGNiZjI3MTMwYzU1NTg0MDQ5NTliYWYxYzY3M2VlOWI1MzM0NGIiLCJzb3VyY2VfcGxhdGZvcm0iOiJzMTBfdW5zZWVuIiwic3RhdGVtZW50X3ZlcnNpb24iOjEsInRlcm1pbmFsIjoiZW5kX29mX2xpc3QifQ==","key_id":"s10_unseen.source.d2","signature_b64":"3H1y236IJPzQXtF0755Y1/Uu5IOH945S264ykgtP7JMQuFQMhhVINtLGmIRqu4vd6Z5QjK9RyD+ju2X3fqwzBA=="},{"evidence_version":1,"source_platform":"s10_unseen","account_scope_id_digest":"265867792567e5ff6f7402a88f9c707517887390598b1adbee71a69fed4fba13","family":"workouts","basis_kind":"source_signed_enumeration","mapping_spec_digest":"fecf009ed9463bf97766ab08a322f42f6fbe0124a90551a604f5b26def4ae3dc","statement_b64":"eyJhY2NvdW50X3Njb3BlX2lkX2RpZ2VzdCI6IjI2NTg2Nzc5MjU2N2U1ZmY2Zjc0MDJhODhmOWM3MDc1MTc4ODczOTA1OThiMWFkYmVlNzFhNjlmZWQ0ZmJhMTMiLCJjaGFsbGVuZ2VfYjY0IjoibDV1dkh3UERKeExBTmpLUm1WeW04d2QyVmxxRWJUbUp1emRWTGdMUzI0QT0iLCJkYXRlX3dpbmRvdyI6bnVsbCwiZmFtaWx5Ijoid29ya291dHMiLCJpZF9zZXRfZGlnZXN0IjoiMmRjM2QxNzYxZTFlZTc5MjI0OGEyMjhmNmYzYmY3YjY4YzNiNGRlZjlkZWI0Nzk5Mzc4YTkwNzI1NTZmYWRkOSIsImlzc3VlZF9hdCI6IjIwMjYtMDktMjdUMjA6NTI6MjUuMzcwWiIsIm9ic2VydmVkX3VuaXF1ZSI6Miwic25hcHNob3RfcmVmX2RpZ2VzdCI6ImM2YmU3Y2E0NjhiNDNmYjM3OTgzMjMwYWY3OGNiZjI3MTMwYzU1NTg0MDQ5NTliYWYxYzY3M2VlOWI1MzM0NGIiLCJzb3VyY2VfcGxhdGZvcm0iOiJzMTBfdW5zZWVuIiwic3RhdGVtZW50X3ZlcnNpb24iOjEsInRlcm1pbmFsIjoiZW5kX29mX2xpc3QifQ==","key_id":"s10_unseen.source.d2","signature_b64":"oz43AELlrpIEP2BBgdJUGHlp3zAigEWGk0lDhjyg4gFrvPcvTrwNYqmaMmoeaqN20fyY7d1xOqP8RAn0Edd9BA=="}]},"host":"P2","role":"ext"},"result":{"intent_id":"2de04831-b3c4-4dc6-afe1-74721118ee2c","execution_epoch":1,"stored":3,"replayed":0},"queries":11,"pid":4837}

    [0m [90m 181 |[39m       }
     [90m 182 |[39m       [90m// Query shapes, outcomes, fixture identifiers and process IDs only; never parameters.[39m
    [31m[1m>[22m[39m[90m 183 |[39m       console[33m.[39mwarn(
     [90m     |[39m               [31m[1m^[22m[39m
     [90m 184 |[39m         [32m'PG17_PROCESS'[39m[33m,[39m
     [90m 185 |[39m         [33mJSON[39m[33m.[39mstringify({
     [90m 186 |[39m           name[33m,[39m[0m

      at settleWorker (test/utils/g2-s11-pg-harness.ts:183:15)
      at ChildProcess.<anonymous> (test/utils/g2-s11-pg-harness.ts:202:7)

  console.warn
    PG17_PROCESS {"name":"g2g_34","options":{"action":"observe","coach":"s11d-coach-roster","intent":"2de04831-b3c4-4dc6-afe1-74721118ee2c","body":{"observations":[{"evidence_version":1,"source_platform":"s11_second","account_scope_id_digest":"b41d70b4bc8498395519478765f5152138a16931722424835c9f7d72eb2658f9","family":"programs","basis_kind":"source_signed_enumeration","mapping_spec_digest":"a330874b8c3c9d4a4b42d52728d6a3b09feada8411459ae0d0139c5c1e0d0c8e","statement_b64":"eyJhY2NvdW50X3Njb3BlX2lkX2RpZ2VzdCI6ImI0MWQ3MGI0YmM4NDk4Mzk1NTE5NDc4NzY1ZjUxNTIxMzhhMTY5MzE3MjI0MjQ4MzVjOWY3ZDcyZWIyNjU4ZjkiLCJjaGFsbGVuZ2VfYjY0IjoibDV1dkh3UERKeExBTmpLUm1WeW04d2QyVmxxRWJUbUp1emRWTGdMUzI0QT0iLCJkYXRlX3dpbmRvdyI6bnVsbCwiZmFtaWx5IjoicHJvZ3JhbXMiLCJpZF9zZXRfZGlnZXN0IjoiMDk0OWViZmU2ODY4OWFkOWQzZmNmZGIxNjI3MDYyMWE0MWE0YzM0NDQ0NjEwMDUzMmQzOWY4NGZmZDhkYjA1MiIsImlzc3VlZF9hdCI6IjIwMjYtMDktMjdUMjA6NTI6MjcuNTU3WiIsIm9ic2VydmVkX3VuaXF1ZSI6MSwic25hcHNob3RfcmVmX2RpZ2VzdCI6IjdmNjliMTk2NTRiN2ZlYjZhZTJjYWU3ZDllOTJlNDg4MzY4NDVjMWZjZmE2MGFjOTBlYTJlZDkxMjZhZGUwZjgiLCJzb3VyY2VfcGxhdGZvcm0iOiJzMTFfc2Vjb25kIiwic3RhdGVtZW50X3ZlcnNpb24iOjEsInRlcm1pbmFsIjoiZW5kX29mX2xpc3QifQ==","key_id":"s11_second.source.a2","signature_b64":"GgahfzCNoHaqvcYNegEnQ+dUKWZrYgGpB7IGoJZvzwsUWHUVPYPB734LfS50NhvxukwxinBLi5MqT/TqpUIuCg=="},{"evidence_version":1,"source_platform":"s11_second","account_scope_id_digest":"b41d70b4bc8498395519478765f5152138a16931722424835c9f7d72eb2658f9","family":"workouts","basis_kind":"source_signed_enumeration","mapping_spec_digest":"a330874b8c3c9d4a4b42d52728d6a3b09feada8411459ae0d0139c5c1e0d0c8e","statement_b64":"eyJhY2NvdW50X3Njb3BlX2lkX2RpZ2VzdCI6ImI0MWQ3MGI0YmM4NDk4Mzk1NTE5NDc4NzY1ZjUxNTIxMzhhMTY5MzE3MjI0MjQ4MzVjOWY3ZDcyZWIyNjU4ZjkiLCJjaGFsbGVuZ2VfYjY0IjoibDV1dkh3UERKeExBTmpLUm1WeW04d2QyVmxxRWJUbUp1emRWTGdMUzI0QT0iLCJkYXRlX3dpbmRvdyI6bnVsbCwiZmFtaWx5Ijoid29ya291dHMiLCJpZF9zZXRfZGlnZXN0IjoiNTk0NmEzZDE4Njg2NDFhMjc1N2ViYTYzMmU0OWM5OWYyN2Q0NTQwYjM1NjBiMjIzNmNlNGZjY2ZhYzRkMGU4MSIsImlzc3VlZF9hdCI6IjIwMjYtMDktMjdUMjA6NTI6MjcuNTU3WiIsIm9ic2VydmVkX3VuaXF1ZSI6MSwic25hcHNob3RfcmVmX2RpZ2VzdCI6IjdmNjliMTk2NTRiN2ZlYjZhZTJjYWU3ZDllOTJlNDg4MzY4NDVjMWZjZmE2MGFjOTBlYTJlZDkxMjZhZGUwZjgiLCJzb3VyY2VfcGxhdGZvcm0iOiJzMTFfc2Vjb25kIiwic3RhdGVtZW50X3ZlcnNpb24iOjEsInRlcm1pbmFsIjoiZW5kX29mX2xpc3QifQ==","key_id":"s11_second.source.a2","signature_b64":"dG2KrggT3vimLzKbJAT31EjlJcFCbbpHkPtDSrVpU/Ho/quXZjq4UA79qh7at/LQCOKABzNtqrizES07udIPDQ=="}]},"host":"P1","role":"ext"},"result":{"intent_id":"2de04831-b3c4-4dc6-afe1-74721118ee2c","execution_epoch":1,"stored":2,"replayed":0},"queries":10,"pid":4858}

    [0m [90m 181 |[39m       }
     [90m 182 |[39m       [90m// Query shapes, outcomes, fixture identifiers and process IDs only; never parameters.[39m
    [31m[1m>[22m[39m[90m 183 |[39m       console[33m.[39mwarn(
     [90m     |[39m               [31m[1m^[22m[39m
     [90m 184 |[39m         [32m'PG17_PROCESS'[39m[33m,[39m
     [90m 185 |[39m         [33mJSON[39m[33m.[39mstringify({
     [90m 186 |[39m           name[33m,[39m[0m

      at settleWorker (test/utils/g2-s11-pg-harness.ts:183:15)
      at ChildProcess.<anonymous> (test/utils/g2-s11-pg-harness.ts:202:7)

  console.warn
    PG17_PROCESS {"name":"g2g_35","options":{"action":"complete","coach":"s11d-coach-roster","intent":"2de04831-b3c4-4dc6-afe1-74721118ee2c","body":{"terminal_status":"success"},"host":"P1","role":"ext"},"result":{"acknowledged":true,"intent_id":"2de04831-b3c4-4dc6-afe1-74721118ee2c"},"queries":115,"pid":4877}

    [0m [90m 181 |[39m       }
     [90m 182 |[39m       [90m// Query shapes, outcomes, fixture identifiers and process IDs only; never parameters.[39m
    [31m[1m>[22m[39m[90m 183 |[39m       console[33m.[39mwarn(
     [90m     |[39m               [31m[1m^[22m[39m
     [90m 184 |[39m         [32m'PG17_PROCESS'[39m[33m,[39m
     [90m 185 |[39m         [33mJSON[39m[33m.[39mstringify({
     [90m 186 |[39m           name[33m,[39m[0m

      at settleWorker (test/utils/g2-s11-pg-harness.ts:183:15)
      at ChildProcess.<anonymous> (test/utils/g2-s11-pg-harness.ts:202:7)

  console.warn
    PG17_PROCESS {"name":"g2g_36","options":{"action":"pair-session","coach":"s11d-coach-roster","intent":"2de04831-b3c4-4dc6-afe1-74721118ee2c","host":"P2","role":"phone"},"result":{"status":"paired","import_intent_id":"2de04831-b3c4-4dc6-afe1-74721118ee2c","chosen_platform":"s11-label","readiness":{"run":"terminal","source_declared":true,"declared_platforms":2}},"queries":4,"pid":4902}

    [0m [90m 181 |[39m       }
     [90m 182 |[39m       [90m// Query shapes, outcomes, fixture identifiers and process IDs only; never parameters.[39m
    [31m[1m>[22m[39m[90m 183 |[39m       console[33m.[39mwarn(
     [90m     |[39m               [31m[1m^[22m[39m
     [90m 184 |[39m         [32m'PG17_PROCESS'[39m[33m,[39m
     [90m 185 |[39m         [33mJSON[39m[33m.[39mstringify({
     [90m 186 |[39m           name[33m,[39m[0m

      at settleWorker (test/utils/g2-s11-pg-harness.ts:183:15)
      at ChildProcess.<anonymous> (test/utils/g2-s11-pg-harness.ts:202:7)

  console.warn
    PG17_PROCESS {"name":"g2g_37","options":{"action":"roster","coach":"s11d-coach-roster","intent":"2de04831-b3c4-4dc6-afe1-74721118ee2c","host":"P1","role":"phone"},"result":{"intent_id":"2de04831-b3c4-4dc6-afe1-74721118ee2c","accounting":{"staged":2,"reconstructed":2,"skipped":0,"failed":0,"unclassified":0},"persons":[{"id":"1f6a5cf0-2611-420e-8c78-bcb232b459fd","state":"InvitePending","source_platform":"s10_unseen","source_person_id":"u10-m-1","display_name":"Synthetic Member One","created_at":"2026-09-27T20:52:31.854Z","updated_at":"2026-09-27T20:52:31.854Z"},{"id":"126d8cef-48d4-47ea-aa93-50a606eca054","state":"InvitePending","source_platform":"s10_unseen","source_person_id":"u10-m-2","display_name":"Synthetic Member Two","created_at":"2026-09-27T20:52:31.864Z","updated_at":"2026-09-27T20:52:31.864Z"}],"page":{"limit":50,"next_cursor":null,"has_more":false},"roster_bridge_pending":true},"queries":10,"pid":4923}

    [0m [90m 181 |[39m       }
     [90m 182 |[39m       [90m// Query shapes, outcomes, fixture identifiers and process IDs only; never parameters.[39m
    [31m[1m>[22m[39m[90m 183 |[39m       console[33m.[39mwarn(
     [90m     |[39m               [31m[1m^[22m[39m
     [90m 184 |[39m         [32m'PG17_PROCESS'[39m[33m,[39m
     [90m 185 |[39m         [33mJSON[39m[33m.[39mstringify({
     [90m 186 |[39m           name[33m,[39m[0m

      at settleWorker (test/utils/g2-s11-pg-harness.ts:183:15)
      at ChildProcess.<anonymous> (test/utils/g2-s11-pg-harness.ts:202:7)

  console.warn
    PG17_PROCESS {"name":"g2g_38","options":{"action":"roster","coach":"s11d-coach-roster","intent":"2de04831-b3c4-4dc6-afe1-74721118ee2c","host":"P2","role":"phone"},"result":{"intent_id":"2de04831-b3c4-4dc6-afe1-74721118ee2c","accounting":{"staged":2,"reconstructed":2,"skipped":0,"failed":0,"unclassified":0},"persons":[{"id":"1f6a5cf0-2611-420e-8c78-bcb232b459fd","state":"InvitePending","source_platform":"s10_unseen","source_person_id":"u10-m-1","display_name":"Synthetic Member One","created_at":"2026-09-27T20:52:31.854Z","updated_at":"2026-09-27T20:52:31.854Z"},{"id":"126d8cef-48d4-47ea-aa93-50a606eca054","state":"InvitePending","source_platform":"s10_unseen","source_person_id":"u10-m-2","display_name":"Synthetic Member Two","created_at":"2026-09-27T20:52:31.864Z","updated_at":"2026-09-27T20:52:31.864Z"}],"page":{"limit":50,"next_cursor":null,"has_more":false},"roster_bridge_pending":true},"queries":10,"pid":4942}

    [0m [90m 181 |[39m       }
     [90m 182 |[39m       [90m// Query shapes, outcomes, fixture identifiers and process IDs only; never parameters.[39m
    [31m[1m>[22m[39m[90m 183 |[39m       console[33m.[39mwarn(
     [90m     |[39m               [31m[1m^[22m[39m
     [90m 184 |[39m         [32m'PG17_PROCESS'[39m[33m,[39m
     [90m 185 |[39m         [33mJSON[39m[33m.[39mstringify({
     [90m 186 |[39m           name[33m,[39m[0m

      at settleWorker (test/utils/g2-s11-pg-harness.ts:183:15)
      at ChildProcess.<anonymous> (test/utils/g2-s11-pg-harness.ts:202:7)

Preparing worktree (detached HEAD 275e458c)
PASS test/scout/s11/journey-full.pg.spec.ts (93.959 s)
  S11-D full journey (J19) and core diff (J20)
    ✓ J19 leg A (native-clean): J01 -> J09 -> J12 -> J17 on two processes, ending `complete` with an EMPTY step-11 native roster read (nothing staged, D-S11-2 row 11) (50857 ms)
    ✓ J19 leg B (roster-bearing, S8-D1): the same chain with a staged `clients` row settles `complete` (clients verified through the typed person handoff, qualifier roster_bridge_pending still carried) and step 11 lists exactly the staged people as imported, not yet joined (32564 ms)
    ✓ every SLICE_COMMITS entry and S11_RANGE_END resolve and are ancestors of HEAD (pins are real, not stale) (180 ms)
    ✓ no src-touching commit in 3db615c0^..S11_RANGE_END is missing from the curated SLICE_COMMITS pins (D-S11D review C: the pins are curated, not discovered -- this walks the FULL range and fails loudly on any uncovered src commit, so a future rebase/insertion cannot silently bypass the two checks below, which only ever iterate the pinned list itself) (125 ms)
    ✓ rg -F -l finds no source slug in any S11 slice commit's own src/**/*.ts hunk (D-S11-7(7); a deterministic per-commit check, not a collapsed range) (188 ms)
    ✓ scripts/s10-core-diff-gate.sh still passes against its pinned B at the pinned D2 HEAD (7fdcbc04.../275e458c..., s10d2/d2_diagnose_fix.md L129-130) -- run in a disposable, read-only scratch worktree, since the gate's ALLOWED array is a literal list of D2's 8 files and can only ever match AT that commit, never at this slice's own later HEAD (710 ms)

Test Suites: 1 passed, 1 total
Tests:       6 passed, 6 total
Snapshots:   0 total
Time:        94.226 s
Ran all test suites within paths "test/scout/s11/journey-full.pg.spec.ts".
