FAIL test/scout/orchestration/reconstruct-run.spec.ts
  ● Test suite failed to run

    invalid source mapping spec (reconstruct-run.spec:fixture): missing key families.programs.clientSourceId

      264 |
      265 | function invalid(origin: string, detail: string): Error {
    > 266 |   return new Error(`invalid source mapping spec (${origin}): ${detail}`);
          |          ^
      267 | }
      268 |
      269 | function assertExactKeys(

      at invalid (src/scout/reconstruct/mapping-spec.ts:266:10)
      at assertExactKeys (src/scout/reconstruct/mapping-spec.ts:281:13)
      at parseRules (src/scout/reconstruct/mapping-spec.ts:322:3)
      at parseSourceMappingSpec (src/scout/reconstruct/mapping-spec.ts:352:11)
      at Object.<anonymous> (test/scout/orchestration/reconstruct-run.spec.ts:174:36)

PASS test/scout/orchestration/settle-hook.spec.ts
PASS test/scout/g2-s8g-db-guard.spec.ts
PASS test/scout/orchestration/family-plan.spec.ts

Test Suites: 1 failed, 3 passed, 4 total
Tests:       73 passed, 73 total
Snapshots:   0 total
Time:        11.49 s
Ran all test suites matching test/scout/orchestration|test/scout/g2-s8g-db-guard.spec.ts.
