start 2026-09-20T17:26:59Z head=cb0bc91094fcad322b54a72c4ff317313e052c18
npm warn deprecated jpeg-exif@1.1.4: Package no longer supported. Contact Support at https://www.npmjs.com/support for more info.

> growth-project-backend@1.0.0 postinstall
> prisma generate

Prisma schema loaded from prisma/schema.prisma
┌─────────────────────────────────────────────────────────┐
│  Update available 6.19.3 -> 8.0.0-rc.15                 │
│                                                         │
│  This is a major update - please follow the guide at    │
│  https://pris.ly/d/major-version-upgrade                │
│                                                         │
│  Run the following to update                            │
│    npm i --save-dev prisma@latest                       │
│    npm i @prisma/client@latest                          │
└─────────────────────────────────────────────────────────┘

✔ Generated Prisma Client (v6.19.3) to ./node_modules/@prisma/client in 2.50s

Start by importing your Prisma Client (See: https://pris.ly/d/importing-client)

Tip: Need your database queries to be 1000x faster? Accelerate offers you that and more: https://pris.ly/tip-2-accelerate


added 357 packages in 3m
install exit=0

> growth-project-backend@1.0.0 build
> nest build

build exit=0
artifact check OK
assertion exit=0
client.d.ts
client.js
default.d.ts
default.js
edge.d.ts
libquery_engine-debian-openssl-3.0.x.so.node
schema-engine-debian-openssl-3.0.x
end 2026-09-20T17:30:41Z
